Loading python/gpu/3.10.6-cuda12.9
  Loading requirement: cuda/12.9
Launching parallel training for 2D config, Fold 1 using 250-epoch trainer preset...

############################
INFO: You are using the old nnU-Net default plans. We have updated our recommendations. Please consider using those instead! Read more here: https://github.com/MIC-DKFZ/nnUNet/blob/master/documentation/resenc_presets.md
############################

Using device: cuda:0

#######################################################################
Please cite the following paper when using nnU-Net:
Isensee, F., Jaeger, P. F., Kohl, S. A., Petersen, J., & Maier-Hein, K. H. (2021). nnU-Net: a self-configuring method for deep learning-based biomedical image segmentation. Nature methods, 18(2), 203-211.
#######################################################################

2026-06-23 17:20:35.632230: do_dummy_2d_data_aug: False
2026-06-23 17:20:35.632918: Using splits from existing split file: /gpfs/data/ravenlab/micmac/nnUNet_preprocessed/Dataset004_BinaryTask/splits_final.json
2026-06-23 17:20:35.646406: The split file contains 5 splits.
2026-06-23 17:20:35.646516: Desired fold for training: 1
2026-06-23 17:20:35.646603: This split has 20 training and 5 validation cases.
using pin_memory on device 0
using pin_memory on device 0

This is the configuration used by this training:
Configuration name: 2d
 {'data_identifier': 'nnUNetPlans_2d', 'preprocessor_name': 'DefaultPreprocessor', 'batch_size': 2, 'patch_size': [1024, 1280], 'median_image_size_in_voxels': [2112.0, 2251.0], 'spacing': [1.0, 1.0], 'normalization_schemes': ['ZScoreNormalization'], 'use_mask_for_norm': [False], 'resampling_fn_data': 'resample_data_or_seg_to_shape', 'resampling_fn_seg': 'resample_data_or_seg_to_shape', 'resampling_fn_data_kwargs': {'is_seg': False, 'order': 3, 'order_z': 0, 'force_separate_z': None}, 'resampling_fn_seg_kwargs': {'is_seg': True, 'order': 1, 'order_z': 0, 'force_separate_z': None}, 'resampling_fn_probabilities': 'resample_data_or_seg_to_shape', 'resampling_fn_probabilities_kwargs': {'is_seg': False, 'order': 1, 'order_z': 0, 'force_separate_z': None}, 'architecture': {'network_class_name': 'dynamic_network_architectures.architectures.unet.PlainConvUNet', 'arch_kwargs': {'n_stages': 9, 'features_per_stage': [32, 64, 128, 256, 512, 512, 512, 512, 512], 'conv_op': 'torch.nn.modules.conv.Conv2d', 'kernel_sizes': [[3, 3], [3, 3], [3, 3], [3, 3], [3, 3], [3, 3], [3, 3], [3, 3], [3, 3]], 'strides': [[1, 1], [2, 2], [2, 2], [2, 2], [2, 2], [2, 2], [2, 2], [2, 2], [2, 2]], 'n_conv_per_stage': [2, 2, 2, 2, 2, 2, 2, 2, 2], 'n_conv_per_stage_decoder': [2, 2, 2, 2, 2, 2, 2, 2], 'conv_bias': True, 'norm_op': 'torch.nn.modules.instancenorm.InstanceNorm2d', 'norm_op_kwargs': {'eps': 1e-05, 'affine': True}, 'dropout_op': None, 'dropout_op_kwargs': None, 'nonlin': 'torch.nn.LeakyReLU', 'nonlin_kwargs': {'inplace': True}}, '_kw_requires_import': ['conv_op', 'norm_op', 'dropout_op', 'nonlin']}, 'batch_dice': True} 

These are the global plan.json settings:
 {'dataset_name': 'Dataset004_BinaryTask', 'plans_name': 'nnUNetPlans', 'original_median_spacing_after_transp': [999.0, 1.0, 1.0], 'original_median_shape_after_transp': [1, 2112, 2251], 'image_reader_writer': 'NaturalImage2DIO', 'transpose_forward': [0, 1, 2], 'transpose_backward': [0, 1, 2], 'experiment_planner_used': 'ExperimentPlanner', 'label_manager': 'LabelManager', 'foreground_intensity_properties_per_channel': {'0': {'max': 252.0, 'mean': 115.78092193603516, 'median': 115.0, 'min': 5.0, 'percentile_00_5': 33.0, 'percentile_99_5': 207.0, 'std': 36.5728759765625}}} 

2026-06-23 17:20:38.063725: Unable to plot network architecture:
2026-06-23 17:20:38.063881: No module named 'hiddenlayer'
2026-06-23 17:20:38.258041: 
2026-06-23 17:20:38.258233: Epoch 0
2026-06-23 17:20:38.258522: Current learning rate: 0.01
2026-06-23 17:22:48.331255: train_loss -0.1103
2026-06-23 17:22:48.332047: val_loss -0.1678
2026-06-23 17:22:48.332219: Pseudo dice [np.float32(0.6716)]
2026-06-23 17:22:48.332487: Epoch time: 130.08 s
2026-06-23 17:22:48.332639: Yayy! New best EMA pseudo Dice: 0.6715999841690063
2026-06-23 17:22:50.729504: 
2026-06-23 17:22:50.729981: Epoch 1
2026-06-23 17:22:50.730247: Current learning rate: 0.00996
2026-06-23 17:23:36.107460: train_loss -0.223
2026-06-23 17:23:36.107998: val_loss -0.2537
2026-06-23 17:23:36.108174: Pseudo dice [np.float32(0.6956)]
2026-06-23 17:23:36.108361: Epoch time: 45.38 s
2026-06-23 17:23:36.109964: Yayy! New best EMA pseudo Dice: 0.6740000247955322
2026-06-23 17:23:38.381515: 
2026-06-23 17:23:38.382337: Epoch 2
2026-06-23 17:23:38.382535: Current learning rate: 0.00993
2026-06-23 17:24:23.347575: train_loss -0.249
2026-06-23 17:24:23.348188: val_loss -0.2376
2026-06-23 17:24:23.348341: Pseudo dice [np.float32(0.6885)]
2026-06-23 17:24:23.348541: Epoch time: 44.97 s
2026-06-23 17:24:23.348674: Yayy! New best EMA pseudo Dice: 0.6754000186920166
2026-06-23 17:24:25.562718: 
2026-06-23 17:24:25.563148: Epoch 3
2026-06-23 17:24:25.563341: Current learning rate: 0.00989
2026-06-23 17:25:10.293806: train_loss -0.2526
2026-06-23 17:25:10.294483: val_loss -0.2484
2026-06-23 17:25:10.294699: Pseudo dice [np.float32(0.6911)]
2026-06-23 17:25:10.294884: Epoch time: 44.73 s
2026-06-23 17:25:10.295036: Yayy! New best EMA pseudo Dice: 0.6769999861717224
2026-06-23 17:25:12.475426: 
2026-06-23 17:25:12.475938: Epoch 4
2026-06-23 17:25:12.476115: Current learning rate: 0.00986
2026-06-23 17:25:57.355994: train_loss -0.2748
2026-06-23 17:25:57.356413: val_loss -0.2281
2026-06-23 17:25:57.356557: Pseudo dice [np.float32(0.6835)]
2026-06-23 17:25:57.356727: Epoch time: 44.88 s
2026-06-23 17:25:57.356863: Yayy! New best EMA pseudo Dice: 0.6776000261306763
2026-06-23 17:25:59.539197: 
2026-06-23 17:25:59.539643: Epoch 5
2026-06-23 17:25:59.539846: Current learning rate: 0.00982
2026-06-23 17:26:44.341731: train_loss -0.2835
2026-06-23 17:26:44.342155: val_loss -0.2197
2026-06-23 17:26:44.342356: Pseudo dice [np.float32(0.684)]
2026-06-23 17:26:44.342525: Epoch time: 44.81 s
2026-06-23 17:26:44.342657: Yayy! New best EMA pseudo Dice: 0.6783000230789185
2026-06-23 17:26:46.575080: 
2026-06-23 17:26:46.575565: Epoch 6
2026-06-23 17:26:46.575787: Current learning rate: 0.00978
2026-06-23 17:27:31.400251: train_loss -0.2802
2026-06-23 17:27:31.400858: val_loss -0.2597
2026-06-23 17:27:31.401011: Pseudo dice [np.float32(0.7013)]
2026-06-23 17:27:31.401231: Epoch time: 44.83 s
2026-06-23 17:27:31.401366: Yayy! New best EMA pseudo Dice: 0.6805999875068665
2026-06-23 17:27:33.548767: 
2026-06-23 17:27:33.549314: Epoch 7
2026-06-23 17:27:33.549502: Current learning rate: 0.00975
2026-06-23 17:28:18.557486: train_loss -0.2854
2026-06-23 17:28:18.558056: val_loss -0.2483
2026-06-23 17:28:18.558205: Pseudo dice [np.float32(0.6936)]
2026-06-23 17:28:18.558379: Epoch time: 45.01 s
2026-06-23 17:28:18.558504: Yayy! New best EMA pseudo Dice: 0.6819000244140625
2026-06-23 17:28:20.692530: 
2026-06-23 17:28:20.692862: Epoch 8
2026-06-23 17:28:20.693047: Current learning rate: 0.00971
2026-06-23 17:29:05.547898: train_loss -0.2995
2026-06-23 17:29:05.548637: val_loss -0.2325
2026-06-23 17:29:05.548807: Pseudo dice [np.float32(0.6912)]
2026-06-23 17:29:05.548985: Epoch time: 44.86 s
2026-06-23 17:29:05.549120: Yayy! New best EMA pseudo Dice: 0.6827999949455261
2026-06-23 17:29:08.391828: 
2026-06-23 17:29:08.392349: Epoch 9
2026-06-23 17:29:08.392555: Current learning rate: 0.00968
2026-06-23 17:29:53.475767: train_loss -0.2813
2026-06-23 17:29:53.476290: val_loss -0.2925
2026-06-23 17:29:53.476458: Pseudo dice [np.float32(0.7118)]
2026-06-23 17:29:53.476630: Epoch time: 45.09 s
2026-06-23 17:29:53.476759: Yayy! New best EMA pseudo Dice: 0.685699999332428
2026-06-23 17:29:55.711390: 
2026-06-23 17:29:55.711721: Epoch 10
2026-06-23 17:29:55.711973: Current learning rate: 0.00964
2026-06-23 17:30:40.606691: train_loss -0.304
2026-06-23 17:30:40.607265: val_loss -0.2666
2026-06-23 17:30:40.607404: Pseudo dice [np.float32(0.6947)]
2026-06-23 17:30:40.607562: Epoch time: 44.9 s
2026-06-23 17:30:40.607688: Yayy! New best EMA pseudo Dice: 0.6866000294685364
2026-06-23 17:30:42.763912: 
2026-06-23 17:30:42.764440: Epoch 11
2026-06-23 17:30:42.764733: Current learning rate: 0.0096
2026-06-23 17:31:27.663308: train_loss -0.2897
2026-06-23 17:31:27.663768: val_loss -0.2831
2026-06-23 17:31:27.663940: Pseudo dice [np.float32(0.7193)]
2026-06-23 17:31:27.664106: Epoch time: 44.9 s
2026-06-23 17:31:27.664230: Yayy! New best EMA pseudo Dice: 0.6898999810218811
2026-06-23 17:31:29.827813: 
2026-06-23 17:31:29.828193: Epoch 12
2026-06-23 17:31:29.828375: Current learning rate: 0.00957
2026-06-23 17:32:14.761215: train_loss -0.301
2026-06-23 17:32:14.761729: val_loss -0.2071
2026-06-23 17:32:14.761914: Pseudo dice [np.float32(0.6796)]
2026-06-23 17:32:14.762082: Epoch time: 44.94 s
2026-06-23 17:32:16.483431: 
2026-06-23 17:32:16.483867: Epoch 13
2026-06-23 17:32:16.484057: Current learning rate: 0.00953
2026-06-23 17:33:01.445287: train_loss -0.3014
2026-06-23 17:33:01.445887: val_loss -0.2573
2026-06-23 17:33:01.446037: Pseudo dice [np.float32(0.6944)]
2026-06-23 17:33:01.446204: Epoch time: 44.96 s
2026-06-23 17:33:03.173229: 
2026-06-23 17:33:03.173707: Epoch 14
2026-06-23 17:33:03.174004: Current learning rate: 0.00949
2026-06-23 17:33:48.226353: train_loss -0.3105
2026-06-23 17:33:48.226899: val_loss -0.2687
2026-06-23 17:33:48.227062: Pseudo dice [np.float32(0.696)]
2026-06-23 17:33:48.227714: Epoch time: 45.06 s
2026-06-23 17:33:48.227875: Yayy! New best EMA pseudo Dice: 0.6901000142097473
2026-06-23 17:33:50.394279: 
2026-06-23 17:33:50.394786: Epoch 15
2026-06-23 17:33:50.394991: Current learning rate: 0.00946
2026-06-23 17:34:35.349912: train_loss -0.3182
2026-06-23 17:34:35.352908: val_loss -0.2965
2026-06-23 17:34:35.353054: Pseudo dice [np.float32(0.7112)]
2026-06-23 17:34:35.353219: Epoch time: 44.96 s
2026-06-23 17:34:35.353347: Yayy! New best EMA pseudo Dice: 0.6922000050544739
2026-06-23 17:34:37.520463: 
2026-06-23 17:34:37.520892: Epoch 16
2026-06-23 17:34:37.521116: Current learning rate: 0.00942
2026-06-23 17:35:22.578874: train_loss -0.3044
2026-06-23 17:35:22.579356: val_loss -0.3104
2026-06-23 17:35:22.579506: Pseudo dice [np.float32(0.7173)]
2026-06-23 17:35:22.579715: Epoch time: 45.06 s
2026-06-23 17:35:22.579858: Yayy! New best EMA pseudo Dice: 0.6947000026702881
2026-06-23 17:35:25.234214: 
2026-06-23 17:35:25.234679: Epoch 17
2026-06-23 17:35:25.234889: Current learning rate: 0.00939
2026-06-23 17:36:10.228498: train_loss -0.322
2026-06-23 17:36:10.229314: val_loss -0.3056
2026-06-23 17:36:10.229489: Pseudo dice [np.float32(0.7029)]
2026-06-23 17:36:10.229660: Epoch time: 45.0 s
2026-06-23 17:36:10.229811: Yayy! New best EMA pseudo Dice: 0.6955000162124634
2026-06-23 17:36:12.522879: 
2026-06-23 17:36:12.523305: Epoch 18
2026-06-23 17:36:12.523587: Current learning rate: 0.00935
2026-06-23 17:36:57.380534: train_loss -0.3149
2026-06-23 17:36:57.381137: val_loss -0.2984
2026-06-23 17:36:57.381300: Pseudo dice [np.float32(0.7264)]
2026-06-23 17:36:57.381468: Epoch time: 44.86 s
2026-06-23 17:36:57.381600: Yayy! New best EMA pseudo Dice: 0.6985999941825867
2026-06-23 17:36:59.664855: 
2026-06-23 17:36:59.665250: Epoch 19
2026-06-23 17:36:59.665569: Current learning rate: 0.00931
2026-06-23 17:37:44.751080: train_loss -0.3238
2026-06-23 17:37:44.751565: val_loss -0.2952
2026-06-23 17:37:44.751713: Pseudo dice [np.float32(0.7099)]
2026-06-23 17:37:44.751886: Epoch time: 45.09 s
2026-06-23 17:37:44.752016: Yayy! New best EMA pseudo Dice: 0.6996999979019165
2026-06-23 17:37:46.970072: 
2026-06-23 17:37:46.970425: Epoch 20
2026-06-23 17:37:46.970604: Current learning rate: 0.00928
2026-06-23 17:38:31.935878: train_loss -0.32
2026-06-23 17:38:31.936595: val_loss -0.3231
2026-06-23 17:38:31.936745: Pseudo dice [np.float32(0.7214)]
2026-06-23 17:38:31.936922: Epoch time: 44.97 s
2026-06-23 17:38:31.937067: Yayy! New best EMA pseudo Dice: 0.7019000053405762
2026-06-23 17:38:34.164039: 
2026-06-23 17:38:34.164514: Epoch 21
2026-06-23 17:38:34.164713: Current learning rate: 0.00924
2026-06-23 17:39:19.042344: train_loss -0.3182
2026-06-23 17:39:19.049910: val_loss -0.2719
2026-06-23 17:39:19.050098: Pseudo dice [np.float32(0.709)]
2026-06-23 17:39:19.050272: Epoch time: 44.88 s
2026-06-23 17:39:19.050406: Yayy! New best EMA pseudo Dice: 0.7026000022888184
2026-06-23 17:39:21.201635: 
2026-06-23 17:39:21.202011: Epoch 22
2026-06-23 17:39:21.202259: Current learning rate: 0.0092
2026-06-23 17:40:06.113107: train_loss -0.3299
2026-06-23 17:40:06.113721: val_loss -0.2471
2026-06-23 17:40:06.113903: Pseudo dice [np.float32(0.6918)]
2026-06-23 17:40:06.114078: Epoch time: 44.91 s
2026-06-23 17:40:07.834442: 
2026-06-23 17:40:07.834949: Epoch 23
2026-06-23 17:40:07.835172: Current learning rate: 0.00917
2026-06-23 17:40:52.822043: train_loss -0.3362
2026-06-23 17:40:52.822613: val_loss -0.2277
2026-06-23 17:40:52.823220: Pseudo dice [np.float32(0.6916)]
2026-06-23 17:40:52.823583: Epoch time: 44.99 s
2026-06-23 17:40:54.516793: 
2026-06-23 17:40:54.517311: Epoch 24
2026-06-23 17:40:54.517490: Current learning rate: 0.00913
2026-06-23 17:41:39.357532: train_loss -0.3561
2026-06-23 17:41:39.358042: val_loss -0.2487
2026-06-23 17:41:39.358192: Pseudo dice [np.float32(0.6943)]
2026-06-23 17:41:39.358361: Epoch time: 44.84 s
2026-06-23 17:41:41.499577: 
2026-06-23 17:41:41.500180: Epoch 25
2026-06-23 17:41:41.500512: Current learning rate: 0.0091
2026-06-23 17:42:26.544493: train_loss -0.3498
2026-06-23 17:42:26.545152: val_loss -0.2661
2026-06-23 17:42:26.545301: Pseudo dice [np.float32(0.7006)]
2026-06-23 17:42:26.545465: Epoch time: 45.05 s
2026-06-23 17:42:28.265774: 
2026-06-23 17:42:28.266165: Epoch 26
2026-06-23 17:42:28.266474: Current learning rate: 0.00906
2026-06-23 17:43:13.212645: train_loss -0.356
2026-06-23 17:43:13.213381: val_loss -0.2867
2026-06-23 17:43:13.213539: Pseudo dice [np.float32(0.7007)]
2026-06-23 17:43:13.213727: Epoch time: 44.95 s
2026-06-23 17:43:14.990532: 
2026-06-23 17:43:14.990978: Epoch 27
2026-06-23 17:43:14.991273: Current learning rate: 0.00902
2026-06-23 17:43:59.873352: train_loss -0.3549
2026-06-23 17:43:59.873819: val_loss -0.2604
2026-06-23 17:43:59.873974: Pseudo dice [np.float32(0.7037)]
2026-06-23 17:43:59.874147: Epoch time: 44.89 s
2026-06-23 17:44:01.612504: 
2026-06-23 17:44:01.613034: Epoch 28
2026-06-23 17:44:01.613441: Current learning rate: 0.00899
2026-06-23 17:44:46.669559: train_loss -0.3549
2026-06-23 17:44:46.670081: val_loss -0.2464
2026-06-23 17:44:46.670229: Pseudo dice [np.float32(0.6967)]
2026-06-23 17:44:46.670391: Epoch time: 45.06 s
2026-06-23 17:44:48.399259: 
2026-06-23 17:44:48.399728: Epoch 29
2026-06-23 17:44:48.399917: Current learning rate: 0.00895
2026-06-23 17:45:33.346492: train_loss -0.3505
2026-06-23 17:45:33.347074: val_loss -0.2959
2026-06-23 17:45:33.347246: Pseudo dice [np.float32(0.7114)]
2026-06-23 17:45:33.347414: Epoch time: 44.95 s
2026-06-23 17:45:35.082755: 
2026-06-23 17:45:35.083394: Epoch 30
2026-06-23 17:45:35.083697: Current learning rate: 0.00891
2026-06-23 17:46:20.047926: train_loss -0.3558
2026-06-23 17:46:20.048549: val_loss -0.2865
2026-06-23 17:46:20.048722: Pseudo dice [np.float32(0.705)]
2026-06-23 17:46:20.048898: Epoch time: 44.97 s
2026-06-23 17:46:21.784860: 
2026-06-23 17:46:21.785415: Epoch 31
2026-06-23 17:46:21.785706: Current learning rate: 0.00888
2026-06-23 17:47:06.753660: train_loss -0.3382
2026-06-23 17:47:06.754227: val_loss -0.24
2026-06-23 17:47:06.754374: Pseudo dice [np.float32(0.689)]
2026-06-23 17:47:06.754536: Epoch time: 44.97 s
2026-06-23 17:47:08.491238: 
2026-06-23 17:47:08.491910: Epoch 32
2026-06-23 17:47:08.492240: Current learning rate: 0.00884
2026-06-23 17:47:53.421721: train_loss -0.3399
2026-06-23 17:47:53.422301: val_loss -0.3178
2026-06-23 17:47:53.422449: Pseudo dice [np.float32(0.7175)]
2026-06-23 17:47:53.422623: Epoch time: 44.93 s
2026-06-23 17:47:55.175853: 
2026-06-23 17:47:55.176286: Epoch 33
2026-06-23 17:47:55.176469: Current learning rate: 0.0088
2026-06-23 17:48:40.124831: train_loss -0.3537
2026-06-23 17:48:40.125388: val_loss -0.2452
2026-06-23 17:48:40.125553: Pseudo dice [np.float32(0.692)]
2026-06-23 17:48:40.125729: Epoch time: 44.95 s
2026-06-23 17:48:42.248893: 
2026-06-23 17:48:42.249461: Epoch 34
2026-06-23 17:48:42.249808: Current learning rate: 0.00877
2026-06-23 17:49:27.098493: train_loss -0.3575
2026-06-23 17:49:27.098961: val_loss -0.2712
2026-06-23 17:49:27.099102: Pseudo dice [np.float32(0.6915)]
2026-06-23 17:49:27.099270: Epoch time: 44.85 s
2026-06-23 17:49:28.863559: 
2026-06-23 17:49:28.864092: Epoch 35
2026-06-23 17:49:28.864388: Current learning rate: 0.00873
2026-06-23 17:50:13.913969: train_loss -0.366
2026-06-23 17:50:13.914491: val_loss -0.2764
2026-06-23 17:50:13.914680: Pseudo dice [np.float32(0.7152)]
2026-06-23 17:50:13.914869: Epoch time: 45.05 s
2026-06-23 17:50:15.672329: 
2026-06-23 17:50:15.672755: Epoch 36
2026-06-23 17:50:15.672978: Current learning rate: 0.00869
2026-06-23 17:51:00.581118: train_loss -0.3561
2026-06-23 17:51:00.581517: val_loss -0.2464
2026-06-23 17:51:00.581667: Pseudo dice [np.float32(0.6822)]
2026-06-23 17:51:00.581831: Epoch time: 44.91 s
2026-06-23 17:51:02.336172: 
2026-06-23 17:51:02.336648: Epoch 37
2026-06-23 17:51:02.336835: Current learning rate: 0.00866
2026-06-23 17:51:47.279406: train_loss -0.3583
2026-06-23 17:51:47.280038: val_loss -0.2986
2026-06-23 17:51:47.280203: Pseudo dice [np.float32(0.7085)]
2026-06-23 17:51:47.280388: Epoch time: 44.95 s
2026-06-23 17:51:49.125562: 
2026-06-23 17:51:49.126382: Epoch 38
2026-06-23 17:51:49.126674: Current learning rate: 0.00862
2026-06-23 17:52:33.964843: train_loss -0.369
2026-06-23 17:52:33.965490: val_loss -0.2236
2026-06-23 17:52:33.965640: Pseudo dice [np.float32(0.6889)]
2026-06-23 17:52:33.965809: Epoch time: 44.84 s
2026-06-23 17:52:35.754088: 
2026-06-23 17:52:35.754907: Epoch 39
2026-06-23 17:52:35.755453: Current learning rate: 0.00858
2026-06-23 17:53:20.630332: train_loss -0.3707
2026-06-23 17:53:20.630930: val_loss -0.2095
2026-06-23 17:53:20.631113: Pseudo dice [np.float32(0.6718)]
2026-06-23 17:53:20.631288: Epoch time: 44.88 s
2026-06-23 17:53:22.424876: 
2026-06-23 17:53:22.425427: Epoch 40
2026-06-23 17:53:22.425678: Current learning rate: 0.00855
2026-06-23 17:54:07.384079: train_loss -0.3694
2026-06-23 17:54:07.384667: val_loss -0.2653
2026-06-23 17:54:07.384820: Pseudo dice [np.float32(0.695)]
2026-06-23 17:54:07.384993: Epoch time: 44.96 s
2026-06-23 17:54:09.177897: 
2026-06-23 17:54:09.178532: Epoch 41
2026-06-23 17:54:09.178883: Current learning rate: 0.00851
2026-06-23 17:54:54.056490: train_loss -0.3684
2026-06-23 17:54:54.057313: val_loss -0.2537
2026-06-23 17:54:54.057470: Pseudo dice [np.float32(0.6864)]
2026-06-23 17:54:54.057634: Epoch time: 44.88 s
2026-06-23 17:54:55.776673: 
2026-06-23 17:54:55.777113: Epoch 42
2026-06-23 17:54:55.777307: Current learning rate: 0.00847
2026-06-23 17:55:40.646328: train_loss -0.3666
2026-06-23 17:55:40.646930: val_loss -0.2339
2026-06-23 17:55:40.647100: Pseudo dice [np.float32(0.681)]
2026-06-23 17:55:40.647269: Epoch time: 44.87 s
2026-06-23 17:55:42.867426: 
2026-06-23 17:55:42.867983: Epoch 43
2026-06-23 17:55:42.868333: Current learning rate: 0.00844
2026-06-23 17:56:27.778123: train_loss -0.382
2026-06-23 17:56:27.778619: val_loss -0.2637
2026-06-23 17:56:27.778768: Pseudo dice [np.float32(0.704)]
2026-06-23 17:56:27.778944: Epoch time: 44.91 s
2026-06-23 17:56:29.523488: 
2026-06-23 17:56:29.523997: Epoch 44
2026-06-23 17:56:29.524289: Current learning rate: 0.0084
2026-06-23 17:57:14.360696: train_loss -0.3753
2026-06-23 17:57:14.361302: val_loss -0.3235
2026-06-23 17:57:14.361447: Pseudo dice [np.float32(0.723)]
2026-06-23 17:57:14.361614: Epoch time: 44.84 s
2026-06-23 17:57:16.097591: 
2026-06-23 17:57:16.098243: Epoch 45
2026-06-23 17:57:16.098557: Current learning rate: 0.00836
2026-06-23 17:58:01.032370: train_loss -0.3673
2026-06-23 17:58:01.032831: val_loss -0.2358
2026-06-23 17:58:01.032983: Pseudo dice [np.float32(0.684)]
2026-06-23 17:58:01.033153: Epoch time: 44.94 s
2026-06-23 17:58:02.779552: 
2026-06-23 17:58:02.780056: Epoch 46
2026-06-23 17:58:02.780246: Current learning rate: 0.00833
2026-06-23 17:58:47.781712: train_loss -0.3662
2026-06-23 17:58:47.782154: val_loss -0.1549
2026-06-23 17:58:47.782300: Pseudo dice [np.float32(0.6602)]
2026-06-23 17:58:47.782461: Epoch time: 45.01 s
2026-06-23 17:58:49.522043: 
2026-06-23 17:58:49.522500: Epoch 47
2026-06-23 17:58:49.522690: Current learning rate: 0.00829
2026-06-23 17:59:34.493029: train_loss -0.3625
2026-06-23 17:59:34.493575: val_loss -0.1735
2026-06-23 17:59:34.493771: Pseudo dice [np.float32(0.6692)]
2026-06-23 17:59:34.493960: Epoch time: 44.97 s
2026-06-23 17:59:36.247002: 
2026-06-23 17:59:36.247415: Epoch 48
2026-06-23 17:59:36.247717: Current learning rate: 0.00825
2026-06-23 18:00:21.142994: train_loss -0.367
2026-06-23 18:00:21.143594: val_loss -0.2254
2026-06-23 18:00:21.143756: Pseudo dice [np.float32(0.6772)]
2026-06-23 18:00:21.143928: Epoch time: 44.9 s
2026-06-23 18:00:22.889323: 
2026-06-23 18:00:22.889775: Epoch 49
2026-06-23 18:00:22.889989: Current learning rate: 0.00822
2026-06-23 18:01:07.959579: train_loss -0.3712
2026-06-23 18:01:07.960012: val_loss -0.189
2026-06-23 18:01:07.960159: Pseudo dice [np.float32(0.6779)]
2026-06-23 18:01:07.960329: Epoch time: 45.07 s
2026-06-23 18:01:10.245553: 
2026-06-23 18:01:10.245911: Epoch 50
2026-06-23 18:01:10.246119: Current learning rate: 0.00818
2026-06-23 18:01:55.273364: train_loss -0.3783
2026-06-23 18:01:55.273979: val_loss -0.1976
2026-06-23 18:01:55.274129: Pseudo dice [np.float32(0.678)]
2026-06-23 18:01:55.274295: Epoch time: 45.03 s
2026-06-23 18:01:57.030635: 
2026-06-23 18:01:57.031310: Epoch 51
2026-06-23 18:01:57.031602: Current learning rate: 0.00814
2026-06-23 18:02:42.297422: train_loss -0.4022
2026-06-23 18:02:42.297932: val_loss -0.2048
2026-06-23 18:02:42.298096: Pseudo dice [np.float32(0.6663)]
2026-06-23 18:02:42.298268: Epoch time: 45.27 s
2026-06-23 18:02:44.061269: 
2026-06-23 18:02:44.061710: Epoch 52
2026-06-23 18:02:44.062037: Current learning rate: 0.00811
2026-06-23 18:03:29.162188: train_loss -0.3741
2026-06-23 18:03:29.162877: val_loss -0.1894
2026-06-23 18:03:29.163045: Pseudo dice [np.float32(0.6755)]
2026-06-23 18:03:29.163217: Epoch time: 45.1 s
2026-06-23 18:03:30.916048: 
2026-06-23 18:03:30.916441: Epoch 53
2026-06-23 18:03:30.916744: Current learning rate: 0.00807
2026-06-23 18:04:15.827433: train_loss -0.3783
2026-06-23 18:04:15.827956: val_loss -0.281
2026-06-23 18:04:15.828102: Pseudo dice [np.float32(0.696)]
2026-06-23 18:04:15.828269: Epoch time: 44.92 s
2026-06-23 18:04:17.600202: 
2026-06-23 18:04:17.600612: Epoch 54
2026-06-23 18:04:17.600921: Current learning rate: 0.00803
2026-06-23 18:05:02.543694: train_loss -0.3757
2026-06-23 18:05:02.544229: val_loss -0.1697
2026-06-23 18:05:02.544388: Pseudo dice [np.float32(0.6637)]
2026-06-23 18:05:02.544568: Epoch time: 44.95 s
2026-06-23 18:05:04.316987: 
2026-06-23 18:05:04.317418: Epoch 55
2026-06-23 18:05:04.317609: Current learning rate: 0.008
2026-06-23 18:05:49.366117: train_loss -0.3635
2026-06-23 18:05:49.366584: val_loss -0.2542
2026-06-23 18:05:49.366728: Pseudo dice [np.float32(0.6918)]
2026-06-23 18:05:49.366907: Epoch time: 45.05 s
2026-06-23 18:05:51.136630: 
2026-06-23 18:05:51.137127: Epoch 56
2026-06-23 18:05:51.137327: Current learning rate: 0.00796
2026-06-23 18:06:36.031770: train_loss -0.376
2026-06-23 18:06:36.032255: val_loss -0.2441
2026-06-23 18:06:36.032401: Pseudo dice [np.float32(0.6898)]
2026-06-23 18:06:36.032578: Epoch time: 44.9 s
2026-06-23 18:06:37.799191: 
2026-06-23 18:06:37.799609: Epoch 57
2026-06-23 18:06:37.799786: Current learning rate: 0.00792
2026-06-23 18:07:22.866807: train_loss -0.3883
2026-06-23 18:07:22.867311: val_loss -0.2972
2026-06-23 18:07:22.867469: Pseudo dice [np.float32(0.7073)]
2026-06-23 18:07:22.867639: Epoch time: 45.07 s
2026-06-23 18:07:24.607466: 
2026-06-23 18:07:24.608032: Epoch 58
2026-06-23 18:07:24.608218: Current learning rate: 0.00789
2026-06-23 18:08:09.556555: train_loss -0.3517
2026-06-23 18:08:09.557249: val_loss -0.2925
2026-06-23 18:08:09.557415: Pseudo dice [np.float32(0.7051)]
2026-06-23 18:08:09.557589: Epoch time: 44.95 s
2026-06-23 18:08:11.317635: 
2026-06-23 18:08:11.318170: Epoch 59
2026-06-23 18:08:11.318463: Current learning rate: 0.00785
2026-06-23 18:08:56.442578: train_loss -0.3827
2026-06-23 18:08:56.443212: val_loss -0.1685
2026-06-23 18:08:56.443358: Pseudo dice [np.float32(0.6595)]
2026-06-23 18:08:56.443521: Epoch time: 45.13 s
2026-06-23 18:08:58.624432: 
2026-06-23 18:08:58.625034: Epoch 60
2026-06-23 18:08:58.625361: Current learning rate: 0.00781
2026-06-23 18:09:43.585654: train_loss -0.3846
2026-06-23 18:09:43.586149: val_loss -0.2564
2026-06-23 18:09:43.586299: Pseudo dice [np.float32(0.6892)]
2026-06-23 18:09:43.586467: Epoch time: 44.96 s
2026-06-23 18:09:45.346132: 
2026-06-23 18:09:45.346559: Epoch 61
2026-06-23 18:09:45.346737: Current learning rate: 0.00777
2026-06-23 18:10:30.333502: train_loss -0.3813
2026-06-23 18:10:30.334056: val_loss -0.2622
2026-06-23 18:10:30.334206: Pseudo dice [np.float32(0.6883)]
2026-06-23 18:10:30.334376: Epoch time: 44.99 s
2026-06-23 18:10:32.087167: 
2026-06-23 18:10:32.087711: Epoch 62
2026-06-23 18:10:32.088041: Current learning rate: 0.00774
2026-06-23 18:11:16.904807: train_loss -0.3825
2026-06-23 18:11:16.905280: val_loss -0.2276
2026-06-23 18:11:16.905424: Pseudo dice [np.float32(0.6822)]
2026-06-23 18:11:16.905585: Epoch time: 44.82 s
2026-06-23 18:11:18.670011: 
2026-06-23 18:11:18.671288: Epoch 63
2026-06-23 18:11:18.671560: Current learning rate: 0.0077
2026-06-23 18:12:03.646472: train_loss -0.374
2026-06-23 18:12:03.646962: val_loss -0.1753
2026-06-23 18:12:03.647111: Pseudo dice [np.float32(0.6706)]
2026-06-23 18:12:03.647271: Epoch time: 44.98 s
2026-06-23 18:12:05.441251: 
2026-06-23 18:12:05.441711: Epoch 64
2026-06-23 18:12:05.442064: Current learning rate: 0.00766
2026-06-23 18:12:50.541063: train_loss -0.3847
2026-06-23 18:12:50.541516: val_loss -0.2605
2026-06-23 18:12:50.541661: Pseudo dice [np.float32(0.7065)]
2026-06-23 18:12:50.541823: Epoch time: 45.1 s
2026-06-23 18:12:52.309255: 
2026-06-23 18:12:52.309745: Epoch 65
2026-06-23 18:12:52.310074: Current learning rate: 0.00763
2026-06-23 18:13:37.477353: train_loss -0.3965
2026-06-23 18:13:37.477811: val_loss -0.1753
2026-06-23 18:13:37.477969: Pseudo dice [np.float32(0.6619)]
2026-06-23 18:13:37.478135: Epoch time: 45.17 s
2026-06-23 18:13:39.241079: 
2026-06-23 18:13:39.241529: Epoch 66
2026-06-23 18:13:39.241867: Current learning rate: 0.00759
2026-06-23 18:14:24.216715: train_loss -0.3796
2026-06-23 18:14:24.217357: val_loss -0.1419
2026-06-23 18:14:24.217509: Pseudo dice [np.float32(0.6567)]
2026-06-23 18:14:24.217675: Epoch time: 44.98 s
2026-06-23 18:14:25.985617: 
2026-06-23 18:14:25.986178: Epoch 67
2026-06-23 18:14:25.986479: Current learning rate: 0.00755
2026-06-23 18:15:10.992018: train_loss -0.3804
2026-06-23 18:15:10.992509: val_loss -0.2719
2026-06-23 18:15:10.992659: Pseudo dice [np.float32(0.6992)]
2026-06-23 18:15:10.992828: Epoch time: 45.01 s
2026-06-23 18:15:12.781108: 
2026-06-23 18:15:12.781593: Epoch 68
2026-06-23 18:15:12.781829: Current learning rate: 0.00751
2026-06-23 18:15:57.746909: train_loss -0.3841
2026-06-23 18:15:57.747495: val_loss -0.2825
2026-06-23 18:15:57.747644: Pseudo dice [np.float32(0.7114)]
2026-06-23 18:15:57.747810: Epoch time: 44.97 s
2026-06-23 18:15:59.964088: 
2026-06-23 18:15:59.964661: Epoch 69
2026-06-23 18:15:59.964956: Current learning rate: 0.00748
2026-06-23 18:16:44.818414: train_loss -0.3888
2026-06-23 18:16:44.818962: val_loss -0.2676
2026-06-23 18:16:44.819110: Pseudo dice [np.float32(0.7067)]
2026-06-23 18:16:44.819308: Epoch time: 44.86 s
2026-06-23 18:16:46.608283: 
2026-06-23 18:16:46.608829: Epoch 70
2026-06-23 18:16:46.609133: Current learning rate: 0.00744
2026-06-23 18:17:31.478952: train_loss -0.4187
2026-06-23 18:17:31.479594: val_loss -0.2122
2026-06-23 18:17:31.479786: Pseudo dice [np.float32(0.6854)]
2026-06-23 18:17:31.479966: Epoch time: 44.87 s
2026-06-23 18:17:33.252519: 
2026-06-23 18:17:33.253078: Epoch 71
2026-06-23 18:17:33.253373: Current learning rate: 0.0074
2026-06-23 18:18:18.235766: train_loss -0.3722
2026-06-23 18:18:18.236275: val_loss -0.2132
2026-06-23 18:18:18.236418: Pseudo dice [np.float32(0.6681)]
2026-06-23 18:18:18.236587: Epoch time: 44.99 s
2026-06-23 18:18:20.022334: 
2026-06-23 18:18:20.022811: Epoch 72
2026-06-23 18:18:20.023009: Current learning rate: 0.00737
2026-06-23 18:19:04.967274: train_loss -0.3814
2026-06-23 18:19:04.967830: val_loss -0.214
2026-06-23 18:19:04.967985: Pseudo dice [np.float32(0.6825)]
2026-06-23 18:19:04.968155: Epoch time: 44.95 s
2026-06-23 18:19:06.740290: 
2026-06-23 18:19:06.740676: Epoch 73
2026-06-23 18:19:06.740908: Current learning rate: 0.00733
2026-06-23 18:19:51.886773: train_loss -0.3979
2026-06-23 18:19:51.887371: val_loss -0.1996
2026-06-23 18:19:51.887520: Pseudo dice [np.float32(0.6767)]
2026-06-23 18:19:51.887696: Epoch time: 45.15 s
2026-06-23 18:19:53.670578: 
2026-06-23 18:19:53.671103: Epoch 74
2026-06-23 18:19:53.671319: Current learning rate: 0.00729
2026-06-23 18:20:38.626930: train_loss -0.3975
2026-06-23 18:20:38.627405: val_loss -0.161
2026-06-23 18:20:38.627553: Pseudo dice [np.float32(0.666)]
2026-06-23 18:20:38.627721: Epoch time: 44.96 s
2026-06-23 18:20:40.415659: 
2026-06-23 18:20:40.416110: Epoch 75
2026-06-23 18:20:40.416308: Current learning rate: 0.00725
2026-06-23 18:21:25.347771: train_loss -0.3941
2026-06-23 18:21:25.348425: val_loss -0.2278
2026-06-23 18:21:25.348567: Pseudo dice [np.float32(0.6756)]
2026-06-23 18:21:25.348730: Epoch time: 44.94 s
2026-06-23 18:21:27.136166: 
2026-06-23 18:21:27.136630: Epoch 76
2026-06-23 18:21:27.136921: Current learning rate: 0.00722
2026-06-23 18:22:11.937469: train_loss -0.4173
2026-06-23 18:22:11.940789: val_loss -0.2454
2026-06-23 18:22:11.940949: Pseudo dice [np.float32(0.6836)]
2026-06-23 18:22:11.941114: Epoch time: 44.8 s
2026-06-23 18:22:13.717065: 
2026-06-23 18:22:13.717478: Epoch 77
2026-06-23 18:22:13.717659: Current learning rate: 0.00718
2026-06-23 18:22:58.577106: train_loss -0.3896
2026-06-23 18:22:58.577682: val_loss -0.2175
2026-06-23 18:22:58.577847: Pseudo dice [np.float32(0.6838)]
2026-06-23 18:22:58.578058: Epoch time: 44.86 s
2026-06-23 18:23:00.978500: 
2026-06-23 18:23:00.979058: Epoch 78
2026-06-23 18:23:00.979363: Current learning rate: 0.00714
2026-06-23 18:23:45.904362: train_loss -0.3814
2026-06-23 18:23:45.905063: val_loss -0.3081
2026-06-23 18:23:45.905227: Pseudo dice [np.float32(0.7197)]
2026-06-23 18:23:45.905454: Epoch time: 44.93 s
2026-06-23 18:23:47.723254: 
2026-06-23 18:23:47.723728: Epoch 79
2026-06-23 18:23:47.723952: Current learning rate: 0.0071
2026-06-23 18:24:32.770060: train_loss -0.4023
2026-06-23 18:24:32.770532: val_loss -0.191
2026-06-23 18:24:32.770675: Pseudo dice [np.float32(0.6607)]
2026-06-23 18:24:32.770873: Epoch time: 45.05 s
2026-06-23 18:24:34.599791: 
2026-06-23 18:24:34.600414: Epoch 80
2026-06-23 18:24:34.600712: Current learning rate: 0.00707
2026-06-23 18:25:19.554859: train_loss -0.4136
2026-06-23 18:25:19.555423: val_loss -0.2716
2026-06-23 18:25:19.555567: Pseudo dice [np.float32(0.7065)]
2026-06-23 18:25:19.555924: Epoch time: 44.96 s
2026-06-23 18:25:21.379838: 
2026-06-23 18:25:21.380326: Epoch 81
2026-06-23 18:25:21.380621: Current learning rate: 0.00703
2026-06-23 18:26:06.288948: train_loss -0.4061
2026-06-23 18:26:06.292108: val_loss -0.2132
2026-06-23 18:26:06.292260: Pseudo dice [np.float32(0.6852)]
2026-06-23 18:26:06.292441: Epoch time: 44.91 s
2026-06-23 18:26:08.105644: 
2026-06-23 18:26:08.106191: Epoch 82
2026-06-23 18:26:08.106405: Current learning rate: 0.00699
2026-06-23 18:26:53.134008: train_loss -0.378
2026-06-23 18:26:53.134582: val_loss -0.3333
2026-06-23 18:26:53.134729: Pseudo dice [np.float32(0.7364)]
2026-06-23 18:26:53.134919: Epoch time: 45.03 s
2026-06-23 18:26:54.902042: 
2026-06-23 18:26:54.902600: Epoch 83
2026-06-23 18:26:54.902797: Current learning rate: 0.00696
2026-06-23 18:27:39.854777: train_loss -0.3955
2026-06-23 18:27:39.855264: val_loss -0.2616
2026-06-23 18:27:39.855414: Pseudo dice [np.float32(0.7053)]
2026-06-23 18:27:39.855585: Epoch time: 44.96 s
2026-06-23 18:27:41.613478: 
2026-06-23 18:27:41.613840: Epoch 84
2026-06-23 18:27:41.614019: Current learning rate: 0.00692
2026-06-23 18:28:26.464498: train_loss -0.4059
2026-06-23 18:28:26.465146: val_loss -0.2491
2026-06-23 18:28:26.465300: Pseudo dice [np.float32(0.6929)]
2026-06-23 18:28:26.465467: Epoch time: 44.85 s
2026-06-23 18:28:28.239460: 
2026-06-23 18:28:28.240116: Epoch 85
2026-06-23 18:28:28.240523: Current learning rate: 0.00688
2026-06-23 18:29:13.196967: train_loss -0.393
2026-06-23 18:29:13.197479: val_loss -0.1939
2026-06-23 18:29:13.197629: Pseudo dice [np.float32(0.6633)]
2026-06-23 18:29:13.197797: Epoch time: 44.96 s
2026-06-23 18:29:15.391786: 
2026-06-23 18:29:15.392305: Epoch 86
2026-06-23 18:29:15.392603: Current learning rate: 0.00684
2026-06-23 18:30:00.389396: train_loss -0.3946
2026-06-23 18:30:00.389926: val_loss -0.2342
2026-06-23 18:30:00.390098: Pseudo dice [np.float32(0.6856)]
2026-06-23 18:30:00.390259: Epoch time: 45.0 s
2026-06-23 18:30:02.156376: 
2026-06-23 18:30:02.156853: Epoch 87
2026-06-23 18:30:02.157183: Current learning rate: 0.0068
2026-06-23 18:30:47.365098: train_loss -0.4083
2026-06-23 18:30:47.365686: val_loss -0.2743
2026-06-23 18:30:47.365840: Pseudo dice [np.float32(0.6994)]
2026-06-23 18:30:47.366017: Epoch time: 45.21 s
2026-06-23 18:30:49.127684: 
2026-06-23 18:30:49.128061: Epoch 88
2026-06-23 18:30:49.128937: Current learning rate: 0.00677
2026-06-23 18:31:34.095150: train_loss -0.3915
2026-06-23 18:31:34.095695: val_loss -0.1851
2026-06-23 18:31:34.095839: Pseudo dice [np.float32(0.664)]
2026-06-23 18:31:34.096009: Epoch time: 44.97 s
2026-06-23 18:31:35.861607: 
2026-06-23 18:31:35.862055: Epoch 89
2026-06-23 18:31:35.862297: Current learning rate: 0.00673
2026-06-23 18:32:20.757121: train_loss -0.4005
2026-06-23 18:32:20.757627: val_loss -0.2644
2026-06-23 18:32:20.757775: Pseudo dice [np.float32(0.6868)]
2026-06-23 18:32:20.757951: Epoch time: 44.9 s
2026-06-23 18:32:22.518742: 
2026-06-23 18:32:22.519291: Epoch 90
2026-06-23 18:32:22.519626: Current learning rate: 0.00669
2026-06-23 18:33:07.492396: train_loss -0.3978
2026-06-23 18:33:07.492955: val_loss -0.1463
2026-06-23 18:33:07.493104: Pseudo dice [np.float32(0.653)]
2026-06-23 18:33:07.493274: Epoch time: 44.98 s
2026-06-23 18:33:09.232378: 
2026-06-23 18:33:09.232789: Epoch 91
2026-06-23 18:33:09.233020: Current learning rate: 0.00665
2026-06-23 18:33:54.304412: train_loss -0.4148
2026-06-23 18:33:54.305007: val_loss -0.2686
2026-06-23 18:33:54.305167: Pseudo dice [np.float32(0.7039)]
2026-06-23 18:33:54.305338: Epoch time: 45.08 s
2026-06-23 18:33:56.068348: 
2026-06-23 18:33:56.068710: Epoch 92
2026-06-23 18:33:56.068906: Current learning rate: 0.00662
2026-06-23 18:34:41.001717: train_loss -0.3977
2026-06-23 18:34:41.002290: val_loss -0.1728
2026-06-23 18:34:41.002439: Pseudo dice [np.float32(0.6611)]
2026-06-23 18:34:41.002604: Epoch time: 44.94 s
2026-06-23 18:34:42.739994: 
2026-06-23 18:34:42.740270: Epoch 93
2026-06-23 18:34:42.740586: Current learning rate: 0.00658
2026-06-23 18:35:27.542037: train_loss -0.3926
2026-06-23 18:35:27.542641: val_loss -0.2303
2026-06-23 18:35:27.542791: Pseudo dice [np.float32(0.6826)]
2026-06-23 18:35:27.542964: Epoch time: 44.8 s
2026-06-23 18:35:29.309055: 
2026-06-23 18:35:29.309494: Epoch 94
2026-06-23 18:35:29.309774: Current learning rate: 0.00654
2026-06-23 18:36:14.398512: train_loss -0.4018
2026-06-23 18:36:14.399004: val_loss -0.2309
2026-06-23 18:36:14.399154: Pseudo dice [np.float32(0.685)]
2026-06-23 18:36:14.399321: Epoch time: 45.09 s
2026-06-23 18:36:16.585453: 
2026-06-23 18:36:16.586019: Epoch 95
2026-06-23 18:36:16.586376: Current learning rate: 0.0065
2026-06-23 18:37:01.658119: train_loss -0.4025
2026-06-23 18:37:01.658653: val_loss -0.2392
2026-06-23 18:37:01.658808: Pseudo dice [np.float32(0.6832)]
2026-06-23 18:37:01.658982: Epoch time: 45.08 s
2026-06-23 18:37:03.406108: 
2026-06-23 18:37:03.406726: Epoch 96
2026-06-23 18:37:03.407024: Current learning rate: 0.00647
2026-06-23 18:37:48.401007: train_loss -0.3965
2026-06-23 18:37:48.401561: val_loss -0.2604
2026-06-23 18:37:48.401708: Pseudo dice [np.float32(0.6886)]
2026-06-23 18:37:48.401876: Epoch time: 45.0 s
2026-06-23 18:37:50.164010: 
2026-06-23 18:37:50.164360: Epoch 97
2026-06-23 18:37:50.164544: Current learning rate: 0.00643
2026-06-23 18:38:35.065759: train_loss -0.3872
2026-06-23 18:38:35.066200: val_loss -0.2684
2026-06-23 18:38:35.066351: Pseudo dice [np.float32(0.6909)]
2026-06-23 18:38:35.066518: Epoch time: 44.9 s
2026-06-23 18:38:36.822609: 
2026-06-23 18:38:36.822999: Epoch 98
2026-06-23 18:38:36.823168: Current learning rate: 0.00639
2026-06-23 18:39:21.710422: train_loss -0.4142
2026-06-23 18:39:21.711005: val_loss -0.2053
2026-06-23 18:39:21.711158: Pseudo dice [np.float32(0.6782)]
2026-06-23 18:39:21.711320: Epoch time: 44.89 s
2026-06-23 18:39:23.475875: 
2026-06-23 18:39:23.476348: Epoch 99
2026-06-23 18:39:23.476627: Current learning rate: 0.00635
2026-06-23 18:40:08.473219: train_loss -0.4129
2026-06-23 18:40:08.473794: val_loss -0.1969
2026-06-23 18:40:08.473954: Pseudo dice [np.float32(0.6738)]
2026-06-23 18:40:08.474126: Epoch time: 45.0 s
2026-06-23 18:40:10.789719: 
2026-06-23 18:40:10.790269: Epoch 100
2026-06-23 18:40:10.790581: Current learning rate: 0.00631
2026-06-23 18:40:55.669868: train_loss -0.4307
2026-06-23 18:40:55.670545: val_loss -0.2174
2026-06-23 18:40:55.670707: Pseudo dice [np.float32(0.6745)]
2026-06-23 18:40:55.670877: Epoch time: 44.88 s
2026-06-23 18:40:57.434687: 
2026-06-23 18:40:57.435186: Epoch 101
2026-06-23 18:40:57.435512: Current learning rate: 0.00628
2026-06-23 18:41:42.440834: train_loss -0.3995
2026-06-23 18:41:42.441486: val_loss -0.2312
2026-06-23 18:41:42.441654: Pseudo dice [np.float32(0.6732)]
2026-06-23 18:41:42.441826: Epoch time: 45.01 s
2026-06-23 18:41:44.256742: 
2026-06-23 18:41:44.257250: Epoch 102
2026-06-23 18:41:44.257463: Current learning rate: 0.00624
2026-06-23 18:42:29.021394: train_loss -0.3985
2026-06-23 18:42:29.021998: val_loss -0.2533
2026-06-23 18:42:29.022153: Pseudo dice [np.float32(0.694)]
2026-06-23 18:42:29.022317: Epoch time: 44.77 s
2026-06-23 18:42:30.785362: 
2026-06-23 18:42:30.785827: Epoch 103
2026-06-23 18:42:30.786163: Current learning rate: 0.0062
2026-06-23 18:43:15.736614: train_loss -0.3944
2026-06-23 18:43:15.737160: val_loss -0.1313
2026-06-23 18:43:15.737317: Pseudo dice [np.float32(0.64)]
2026-06-23 18:43:15.737482: Epoch time: 44.95 s
2026-06-23 18:43:17.926458: 
2026-06-23 18:43:17.926856: Epoch 104
2026-06-23 18:43:17.927151: Current learning rate: 0.00616
2026-06-23 18:44:02.828254: train_loss -0.4108
2026-06-23 18:44:02.828826: val_loss -0.2871
2026-06-23 18:44:02.828988: Pseudo dice [np.float32(0.7072)]
2026-06-23 18:44:02.829159: Epoch time: 44.91 s
2026-06-23 18:44:04.621987: 
2026-06-23 18:44:04.622511: Epoch 105
2026-06-23 18:44:04.622827: Current learning rate: 0.00612
2026-06-23 18:44:49.569391: train_loss -0.4142
2026-06-23 18:44:49.570039: val_loss -0.2548
2026-06-23 18:44:49.570211: Pseudo dice [np.float32(0.6916)]
2026-06-23 18:44:49.570397: Epoch time: 44.95 s
2026-06-23 18:44:51.434526: 
2026-06-23 18:44:51.435429: Epoch 106
2026-06-23 18:44:51.436470: Current learning rate: 0.00609
2026-06-23 18:45:36.394839: train_loss -0.4245
2026-06-23 18:45:36.395509: val_loss -0.2649
2026-06-23 18:45:36.395658: Pseudo dice [np.float32(0.6976)]
2026-06-23 18:45:36.395828: Epoch time: 44.97 s
2026-06-23 18:45:38.180946: 
2026-06-23 18:45:38.181842: Epoch 107
2026-06-23 18:45:38.182446: Current learning rate: 0.00605
2026-06-23 18:46:23.121914: train_loss -0.4242
2026-06-23 18:46:23.122393: val_loss -0.243
2026-06-23 18:46:23.122545: Pseudo dice [np.float32(0.6967)]
2026-06-23 18:46:23.122732: Epoch time: 44.94 s
2026-06-23 18:46:24.901551: 
2026-06-23 18:46:24.901953: Epoch 108
2026-06-23 18:46:24.902140: Current learning rate: 0.00601
2026-06-23 18:47:09.737772: train_loss -0.4049
2026-06-23 18:47:09.738264: val_loss -0.1731
2026-06-23 18:47:09.738432: Pseudo dice [np.float32(0.6536)]
2026-06-23 18:47:09.738602: Epoch time: 44.84 s
2026-06-23 18:47:11.510179: 
2026-06-23 18:47:11.510576: Epoch 109
2026-06-23 18:47:11.510742: Current learning rate: 0.00597
2026-06-23 18:47:56.415707: train_loss -0.4133
2026-06-23 18:47:56.416231: val_loss -0.277
2026-06-23 18:47:56.416378: Pseudo dice [np.float32(0.7044)]
2026-06-23 18:47:56.416541: Epoch time: 44.91 s
2026-06-23 18:47:58.179358: 
2026-06-23 18:47:58.179806: Epoch 110
2026-06-23 18:47:58.179990: Current learning rate: 0.00593
2026-06-23 18:48:43.037509: train_loss -0.4113
2026-06-23 18:48:43.038029: val_loss -0.2066
2026-06-23 18:48:43.038176: Pseudo dice [np.float32(0.6774)]
2026-06-23 18:48:43.038340: Epoch time: 44.86 s
2026-06-23 18:48:44.806789: 
2026-06-23 18:48:44.807252: Epoch 111
2026-06-23 18:48:44.807545: Current learning rate: 0.0059
2026-06-23 18:49:29.705572: train_loss -0.4212
2026-06-23 18:49:29.706174: val_loss -0.2844
2026-06-23 18:49:29.706371: Pseudo dice [np.float32(0.7143)]
2026-06-23 18:49:29.706549: Epoch time: 44.9 s
2026-06-23 18:49:31.452258: 
2026-06-23 18:49:31.452676: Epoch 112
2026-06-23 18:49:31.452865: Current learning rate: 0.00586
2026-06-23 18:50:16.437973: train_loss -0.4213
2026-06-23 18:50:16.438473: val_loss -0.2883
2026-06-23 18:50:16.438638: Pseudo dice [np.float32(0.7124)]
2026-06-23 18:50:16.438814: Epoch time: 44.99 s
2026-06-23 18:50:18.582173: 
2026-06-23 18:50:18.582481: Epoch 113
2026-06-23 18:50:18.582659: Current learning rate: 0.00582
2026-06-23 18:51:03.549768: train_loss -0.4177
2026-06-23 18:51:03.550261: val_loss -0.1824
2026-06-23 18:51:03.550411: Pseudo dice [np.float32(0.6581)]
2026-06-23 18:51:03.550581: Epoch time: 44.97 s
2026-06-23 18:51:05.307149: 
2026-06-23 18:51:05.307670: Epoch 114
2026-06-23 18:51:05.307979: Current learning rate: 0.00578
2026-06-23 18:51:50.105118: train_loss -0.4289
2026-06-23 18:51:50.105817: val_loss -0.2142
2026-06-23 18:51:50.106272: Pseudo dice [np.float32(0.6661)]
2026-06-23 18:51:50.106629: Epoch time: 44.8 s
2026-06-23 18:51:51.873272: 
2026-06-23 18:51:51.873781: Epoch 115
2026-06-23 18:51:51.873986: Current learning rate: 0.00574
2026-06-23 18:52:36.923469: train_loss -0.4103
2026-06-23 18:52:36.923977: val_loss -0.2505
2026-06-23 18:52:36.924132: Pseudo dice [np.float32(0.6862)]
2026-06-23 18:52:36.924303: Epoch time: 45.05 s
2026-06-23 18:52:38.692770: 
2026-06-23 18:52:38.693387: Epoch 116
2026-06-23 18:52:38.693709: Current learning rate: 0.0057
2026-06-23 18:53:23.535582: train_loss -0.393
2026-06-23 18:53:23.536148: val_loss -0.2217
2026-06-23 18:53:23.536294: Pseudo dice [np.float32(0.6755)]
2026-06-23 18:53:23.536462: Epoch time: 44.85 s
2026-06-23 18:53:25.306566: 
2026-06-23 18:53:25.307105: Epoch 117
2026-06-23 18:53:25.307407: Current learning rate: 0.00567
2026-06-23 18:54:10.236074: train_loss -0.4046
2026-06-23 18:54:10.236531: val_loss -0.21
2026-06-23 18:54:10.236682: Pseudo dice [np.float32(0.6844)]
2026-06-23 18:54:10.236869: Epoch time: 44.93 s
2026-06-23 18:54:12.011058: 
2026-06-23 18:54:12.011518: Epoch 118
2026-06-23 18:54:12.011711: Current learning rate: 0.00563
2026-06-23 18:54:57.060529: train_loss -0.4115
2026-06-23 18:54:57.061038: val_loss -0.2481
2026-06-23 18:54:57.061188: Pseudo dice [np.float32(0.6837)]
2026-06-23 18:54:57.061356: Epoch time: 45.05 s
2026-06-23 18:54:58.826169: 
2026-06-23 18:54:58.826604: Epoch 119
2026-06-23 18:54:58.826798: Current learning rate: 0.00559
2026-06-23 18:55:43.988654: train_loss -0.4211
2026-06-23 18:55:43.989102: val_loss -0.2873
2026-06-23 18:55:43.989246: Pseudo dice [np.float32(0.7011)]
2026-06-23 18:55:43.989780: Epoch time: 45.17 s
2026-06-23 18:55:45.802813: 
2026-06-23 18:55:45.803262: Epoch 120
2026-06-23 18:55:45.803606: Current learning rate: 0.00555
2026-06-23 18:56:30.689466: train_loss -0.4305
2026-06-23 18:56:30.690465: val_loss -0.1709
2026-06-23 18:56:30.690635: Pseudo dice [np.float32(0.67)]
2026-06-23 18:56:30.690836: Epoch time: 44.89 s
2026-06-23 18:56:32.468704: 
2026-06-23 18:56:32.469178: Epoch 121
2026-06-23 18:56:32.469394: Current learning rate: 0.00551
2026-06-23 18:57:17.573805: train_loss -0.4089
2026-06-23 18:57:17.574506: val_loss -0.2351
2026-06-23 18:57:17.574659: Pseudo dice [np.float32(0.6929)]
2026-06-23 18:57:17.574824: Epoch time: 45.11 s
2026-06-23 18:57:19.806750: 
2026-06-23 18:57:19.807343: Epoch 122
2026-06-23 18:57:19.807634: Current learning rate: 0.00547
2026-06-23 18:58:04.965214: train_loss -0.4151
2026-06-23 18:58:04.965760: val_loss -0.2014
2026-06-23 18:58:04.965930: Pseudo dice [np.float32(0.6806)]
2026-06-23 18:58:04.966113: Epoch time: 45.16 s
2026-06-23 18:58:06.739029: 
2026-06-23 18:58:06.739614: Epoch 123
2026-06-23 18:58:06.739918: Current learning rate: 0.00544
2026-06-23 18:58:51.567785: train_loss -0.4147
2026-06-23 18:58:51.568469: val_loss -0.2668
2026-06-23 18:58:51.568624: Pseudo dice [np.float32(0.7072)]
2026-06-23 18:58:51.568801: Epoch time: 44.83 s
2026-06-23 18:58:53.344607: 
2026-06-23 18:58:53.345047: Epoch 124
2026-06-23 18:58:53.345318: Current learning rate: 0.0054
2026-06-23 18:59:38.539611: train_loss -0.4106
2026-06-23 18:59:38.540086: val_loss -0.1777
2026-06-23 18:59:38.540228: Pseudo dice [np.float32(0.6624)]
2026-06-23 18:59:38.540396: Epoch time: 45.2 s
2026-06-23 18:59:40.306427: 
2026-06-23 18:59:40.306950: Epoch 125
2026-06-23 18:59:40.307295: Current learning rate: 0.00536
2026-06-23 19:00:25.291735: train_loss -0.427
2026-06-23 19:00:25.292228: val_loss -0.2482
2026-06-23 19:00:25.292375: Pseudo dice [np.float32(0.6924)]
2026-06-23 19:00:25.292550: Epoch time: 44.99 s
2026-06-23 19:00:27.069326: 
2026-06-23 19:00:27.069872: Epoch 126
2026-06-23 19:00:27.070191: Current learning rate: 0.00532
2026-06-23 19:01:11.840245: train_loss -0.4219
2026-06-23 19:01:11.842010: val_loss -0.2255
2026-06-23 19:01:11.842175: Pseudo dice [np.float32(0.6936)]
2026-06-23 19:01:11.842366: Epoch time: 44.77 s
2026-06-23 19:01:13.622061: 
2026-06-23 19:01:13.622572: Epoch 127
2026-06-23 19:01:13.622782: Current learning rate: 0.00528
2026-06-23 19:01:58.418602: train_loss -0.4089
2026-06-23 19:01:58.419109: val_loss -0.2156
2026-06-23 19:01:58.419280: Pseudo dice [np.float32(0.6819)]
2026-06-23 19:01:58.419459: Epoch time: 44.8 s
2026-06-23 19:02:00.200722: 
2026-06-23 19:02:00.201198: Epoch 128
2026-06-23 19:02:00.201449: Current learning rate: 0.00524
2026-06-23 19:02:45.128628: train_loss -0.4209
2026-06-23 19:02:45.129111: val_loss -0.1685
2026-06-23 19:02:45.129284: Pseudo dice [np.float32(0.6705)]
2026-06-23 19:02:45.129459: Epoch time: 44.93 s
2026-06-23 19:02:46.905677: 
2026-06-23 19:02:46.906091: Epoch 129
2026-06-23 19:02:46.906407: Current learning rate: 0.0052
2026-06-23 19:03:31.848941: train_loss -0.4114
2026-06-23 19:03:31.849427: val_loss -0.2509
2026-06-23 19:03:31.849572: Pseudo dice [np.float32(0.7)]
2026-06-23 19:03:31.849736: Epoch time: 44.95 s
2026-06-23 19:03:33.633974: 
2026-06-23 19:03:33.634436: Epoch 130
2026-06-23 19:03:33.634724: Current learning rate: 0.00517
2026-06-23 19:04:18.611161: train_loss -0.4012
2026-06-23 19:04:18.611685: val_loss -0.2665
2026-06-23 19:04:18.611838: Pseudo dice [np.float32(0.6958)]
2026-06-23 19:04:18.612017: Epoch time: 44.98 s
2026-06-23 19:04:20.826032: 
2026-06-23 19:04:20.826362: Epoch 131
2026-06-23 19:04:20.826560: Current learning rate: 0.00513
2026-06-23 19:05:05.705266: train_loss -0.4142
2026-06-23 19:05:05.705767: val_loss -0.1722
2026-06-23 19:05:05.705920: Pseudo dice [np.float32(0.6729)]
2026-06-23 19:05:05.706085: Epoch time: 44.88 s
2026-06-23 19:05:07.495512: 
2026-06-23 19:05:07.495983: Epoch 132
2026-06-23 19:05:07.496169: Current learning rate: 0.00509
2026-06-23 19:05:52.333305: train_loss -0.4239
2026-06-23 19:05:52.333946: val_loss -0.1989
2026-06-23 19:05:52.334098: Pseudo dice [np.float32(0.6752)]
2026-06-23 19:05:52.334270: Epoch time: 44.84 s
2026-06-23 19:05:54.124157: 
2026-06-23 19:05:54.124666: Epoch 133
2026-06-23 19:05:54.124961: Current learning rate: 0.00505
2026-06-23 19:06:39.108147: train_loss -0.4002
2026-06-23 19:06:39.108742: val_loss -0.2745
2026-06-23 19:06:39.108896: Pseudo dice [np.float32(0.7086)]
2026-06-23 19:06:39.109073: Epoch time: 44.99 s
2026-06-23 19:06:40.897784: 
2026-06-23 19:06:40.898362: Epoch 134
2026-06-23 19:06:40.898643: Current learning rate: 0.00501
2026-06-23 19:07:25.831810: train_loss -0.4069
2026-06-23 19:07:25.832521: val_loss -0.2348
2026-06-23 19:07:25.832673: Pseudo dice [np.float32(0.6863)]
2026-06-23 19:07:25.832844: Epoch time: 44.94 s
2026-06-23 19:07:27.631669: 
2026-06-23 19:07:27.632151: Epoch 135
2026-06-23 19:07:27.632335: Current learning rate: 0.00497
2026-06-23 19:08:12.499572: train_loss -0.4122
2026-06-23 19:08:12.500141: val_loss -0.1275
2026-06-23 19:08:12.500308: Pseudo dice [np.float32(0.6454)]
2026-06-23 19:08:12.500483: Epoch time: 44.87 s
2026-06-23 19:08:14.305140: 
2026-06-23 19:08:14.305652: Epoch 136
2026-06-23 19:08:14.305843: Current learning rate: 0.00493
2026-06-23 19:08:59.397579: train_loss -0.4124
2026-06-23 19:08:59.398102: val_loss -0.2487
2026-06-23 19:08:59.398252: Pseudo dice [np.float32(0.6931)]
2026-06-23 19:08:59.398414: Epoch time: 45.1 s
2026-06-23 19:09:01.196451: 
2026-06-23 19:09:01.196819: Epoch 137
2026-06-23 19:09:01.197062: Current learning rate: 0.00489
2026-06-23 19:09:46.234129: train_loss -0.4159
2026-06-23 19:09:46.234648: val_loss -0.2129
2026-06-23 19:09:46.234797: Pseudo dice [np.float32(0.6863)]
2026-06-23 19:09:46.234972: Epoch time: 45.04 s
2026-06-23 19:09:48.046786: 
2026-06-23 19:09:48.047286: Epoch 138
2026-06-23 19:09:48.047498: Current learning rate: 0.00485
2026-06-23 19:10:33.035705: train_loss -0.4294
2026-06-23 19:10:33.036767: val_loss -0.2491
2026-06-23 19:10:33.036932: Pseudo dice [np.float32(0.6787)]
2026-06-23 19:10:33.037096: Epoch time: 44.99 s
2026-06-23 19:10:35.242412: 
2026-06-23 19:10:35.243149: Epoch 139
2026-06-23 19:10:35.243455: Current learning rate: 0.00482
2026-06-23 19:11:20.242625: train_loss -0.4294
2026-06-23 19:11:20.243238: val_loss -0.2369
2026-06-23 19:11:20.243390: Pseudo dice [np.float32(0.6948)]
2026-06-23 19:11:20.243552: Epoch time: 45.0 s
2026-06-23 19:11:22.050896: 
2026-06-23 19:11:22.051383: Epoch 140
2026-06-23 19:11:22.051592: Current learning rate: 0.00478
2026-06-23 19:12:06.985564: train_loss -0.4319
2026-06-23 19:12:06.986152: val_loss -0.2051
2026-06-23 19:12:06.986323: Pseudo dice [np.float32(0.6819)]
2026-06-23 19:12:06.986490: Epoch time: 44.94 s
2026-06-23 19:12:08.790459: 
2026-06-23 19:12:08.791031: Epoch 141
2026-06-23 19:12:08.791325: Current learning rate: 0.00474
2026-06-23 19:12:53.697498: train_loss -0.4378
2026-06-23 19:12:53.697975: val_loss -0.1512
2026-06-23 19:12:53.698122: Pseudo dice [np.float32(0.6646)]
2026-06-23 19:12:53.698287: Epoch time: 44.91 s
2026-06-23 19:12:55.515159: 
2026-06-23 19:12:55.515667: Epoch 142
2026-06-23 19:12:55.515871: Current learning rate: 0.0047
2026-06-23 19:13:40.279145: train_loss -0.424
2026-06-23 19:13:40.279669: val_loss -0.2027
2026-06-23 19:13:40.279839: Pseudo dice [np.float32(0.6778)]
2026-06-23 19:13:40.280020: Epoch time: 44.77 s
2026-06-23 19:13:42.094329: 
2026-06-23 19:13:42.094837: Epoch 143
2026-06-23 19:13:42.095142: Current learning rate: 0.00466
2026-06-23 19:14:26.905074: train_loss -0.4127
2026-06-23 19:14:26.905657: val_loss -0.2835
2026-06-23 19:14:26.905806: Pseudo dice [np.float32(0.7092)]
2026-06-23 19:14:26.905973: Epoch time: 44.81 s
2026-06-23 19:14:28.721155: 
2026-06-23 19:14:28.721697: Epoch 144
2026-06-23 19:14:28.721993: Current learning rate: 0.00462
2026-06-23 19:15:13.797512: train_loss -0.4264
2026-06-23 19:15:13.797996: val_loss -0.2384
2026-06-23 19:15:13.798138: Pseudo dice [np.float32(0.6931)]
2026-06-23 19:15:13.798298: Epoch time: 45.08 s
2026-06-23 19:15:15.604741: 
2026-06-23 19:15:15.605249: Epoch 145
2026-06-23 19:15:15.605556: Current learning rate: 0.00458
2026-06-23 19:16:00.650061: train_loss -0.417
2026-06-23 19:16:00.662772: val_loss -0.2314
2026-06-23 19:16:00.663030: Pseudo dice [np.float32(0.6835)]
2026-06-23 19:16:00.663275: Epoch time: 45.05 s
2026-06-23 19:16:02.480416: 
2026-06-23 19:16:02.480913: Epoch 146
2026-06-23 19:16:02.481218: Current learning rate: 0.00454
2026-06-23 19:16:47.357913: train_loss -0.4185
2026-06-23 19:16:47.358347: val_loss -0.2053
2026-06-23 19:16:47.358490: Pseudo dice [np.float32(0.674)]
2026-06-23 19:16:47.358658: Epoch time: 44.88 s
2026-06-23 19:16:49.171090: 
2026-06-23 19:16:49.171654: Epoch 147
2026-06-23 19:16:49.171946: Current learning rate: 0.0045
2026-06-23 19:17:34.155411: train_loss -0.4345
2026-06-23 19:17:34.155929: val_loss -0.2411
2026-06-23 19:17:34.156086: Pseudo dice [np.float32(0.6929)]
2026-06-23 19:17:34.156258: Epoch time: 44.99 s
2026-06-23 19:17:36.422980: 
2026-06-23 19:17:36.423596: Epoch 148
2026-06-23 19:17:36.423794: Current learning rate: 0.00446
2026-06-23 19:18:21.359221: train_loss -0.4352
2026-06-23 19:18:21.359632: val_loss -0.1376
2026-06-23 19:18:21.359772: Pseudo dice [np.float32(0.6592)]
2026-06-23 19:18:21.359954: Epoch time: 44.94 s
2026-06-23 19:18:23.177056: 
2026-06-23 19:18:23.177443: Epoch 149
2026-06-23 19:18:23.177724: Current learning rate: 0.00442
2026-06-23 19:19:08.011518: train_loss -0.4278
2026-06-23 19:19:08.012074: val_loss -0.1926
2026-06-23 19:19:08.012228: Pseudo dice [np.float32(0.6813)]
2026-06-23 19:19:08.012394: Epoch time: 44.84 s
2026-06-23 19:19:10.282941: 
2026-06-23 19:19:10.283400: Epoch 150
2026-06-23 19:19:10.283579: Current learning rate: 0.00438
2026-06-23 19:19:55.308239: train_loss -0.4288
2026-06-23 19:19:55.308806: val_loss -0.2302
2026-06-23 19:19:55.309004: Pseudo dice [np.float32(0.682)]
2026-06-23 19:19:55.309179: Epoch time: 45.03 s
2026-06-23 19:19:57.125585: 
2026-06-23 19:19:57.126126: Epoch 151
2026-06-23 19:19:57.126425: Current learning rate: 0.00434
2026-06-23 19:20:42.222917: train_loss -0.4188
2026-06-23 19:20:42.223576: val_loss -0.2625
2026-06-23 19:20:42.223720: Pseudo dice [np.float32(0.6928)]
2026-06-23 19:20:42.223898: Epoch time: 45.1 s
2026-06-23 19:20:44.048196: 
2026-06-23 19:20:44.048676: Epoch 152
2026-06-23 19:20:44.048897: Current learning rate: 0.0043
2026-06-23 19:21:29.066957: train_loss -0.4219
2026-06-23 19:21:29.067589: val_loss -0.1864
2026-06-23 19:21:29.067734: Pseudo dice [np.float32(0.6618)]
2026-06-23 19:21:29.067916: Epoch time: 45.02 s
2026-06-23 19:21:30.880944: 
2026-06-23 19:21:30.881366: Epoch 153
2026-06-23 19:21:30.881671: Current learning rate: 0.00427
2026-06-23 19:22:15.788414: train_loss -0.4375
2026-06-23 19:22:15.788996: val_loss -0.3184
2026-06-23 19:22:15.789169: Pseudo dice [np.float32(0.7257)]
2026-06-23 19:22:15.789337: Epoch time: 44.91 s
2026-06-23 19:22:17.624111: 
2026-06-23 19:22:17.624499: Epoch 154
2026-06-23 19:22:17.624681: Current learning rate: 0.00423
2026-06-23 19:23:02.665434: train_loss -0.4101
2026-06-23 19:23:02.665961: val_loss -0.2675
2026-06-23 19:23:02.666114: Pseudo dice [np.float32(0.6976)]
2026-06-23 19:23:02.666282: Epoch time: 45.04 s
2026-06-23 19:23:04.501799: 
2026-06-23 19:23:04.502131: Epoch 155
2026-06-23 19:23:04.502313: Current learning rate: 0.00419
2026-06-23 19:23:49.699889: train_loss -0.4358
2026-06-23 19:23:49.700515: val_loss -0.2008
2026-06-23 19:23:49.700667: Pseudo dice [np.float32(0.6792)]
2026-06-23 19:23:49.700857: Epoch time: 45.2 s
2026-06-23 19:23:51.931806: 
2026-06-23 19:23:51.932304: Epoch 156
2026-06-23 19:23:51.932512: Current learning rate: 0.00415
2026-06-23 19:24:36.733945: train_loss -0.4302
2026-06-23 19:24:36.734665: val_loss -0.2532
2026-06-23 19:24:36.734847: Pseudo dice [np.float32(0.6961)]
2026-06-23 19:24:36.735033: Epoch time: 44.81 s
2026-06-23 19:24:38.572485: 
2026-06-23 19:24:38.574665: Epoch 157
2026-06-23 19:24:38.575032: Current learning rate: 0.00411
2026-06-23 19:25:23.575523: train_loss -0.4371
2026-06-23 19:25:23.576143: val_loss -0.1923
2026-06-23 19:25:23.576286: Pseudo dice [np.float32(0.6811)]
2026-06-23 19:25:23.577210: Epoch time: 45.01 s
2026-06-23 19:25:25.424812: 
2026-06-23 19:25:25.425311: Epoch 158
2026-06-23 19:25:25.425597: Current learning rate: 0.00407
2026-06-23 19:26:10.332107: train_loss -0.4351
2026-06-23 19:26:10.332744: val_loss -0.1988
2026-06-23 19:26:10.332900: Pseudo dice [np.float32(0.6777)]
2026-06-23 19:26:10.333070: Epoch time: 44.91 s
2026-06-23 19:26:12.186707: 
2026-06-23 19:26:12.187225: Epoch 159
2026-06-23 19:26:12.187413: Current learning rate: 0.00403
2026-06-23 19:26:57.199769: train_loss -0.432
2026-06-23 19:26:57.200372: val_loss -0.164
2026-06-23 19:26:57.200518: Pseudo dice [np.float32(0.6772)]
2026-06-23 19:26:57.200692: Epoch time: 45.02 s
2026-06-23 19:26:59.039315: 
2026-06-23 19:26:59.039838: Epoch 160
2026-06-23 19:26:59.040152: Current learning rate: 0.00399
2026-06-23 19:27:43.934216: train_loss -0.4055
2026-06-23 19:27:43.934731: val_loss -0.2577
2026-06-23 19:27:43.934895: Pseudo dice [np.float32(0.705)]
2026-06-23 19:27:43.935069: Epoch time: 44.9 s
2026-06-23 19:27:45.769923: 
2026-06-23 19:27:45.770406: Epoch 161
2026-06-23 19:27:45.770696: Current learning rate: 0.00395
2026-06-23 19:28:30.793621: train_loss -0.4218
2026-06-23 19:28:30.794136: val_loss -0.2368
2026-06-23 19:28:30.794278: Pseudo dice [np.float32(0.6903)]
2026-06-23 19:28:30.794441: Epoch time: 45.03 s
2026-06-23 19:28:32.680362: 
2026-06-23 19:28:32.680823: Epoch 162
2026-06-23 19:28:32.681149: Current learning rate: 0.00391
2026-06-23 19:29:17.693085: train_loss -0.4143
2026-06-23 19:29:17.693622: val_loss -0.1785
2026-06-23 19:29:17.693794: Pseudo dice [np.float32(0.6601)]
2026-06-23 19:29:17.693973: Epoch time: 45.02 s
2026-06-23 19:29:19.534616: 
2026-06-23 19:29:19.535039: Epoch 163
2026-06-23 19:29:19.535416: Current learning rate: 0.00387
2026-06-23 19:30:04.506434: train_loss -0.4391
2026-06-23 19:30:04.507619: val_loss -0.2238
2026-06-23 19:30:04.507806: Pseudo dice [np.float32(0.7015)]
2026-06-23 19:30:04.507992: Epoch time: 44.98 s
2026-06-23 19:30:06.742030: 
2026-06-23 19:30:06.742537: Epoch 164
2026-06-23 19:30:06.742837: Current learning rate: 0.00383
2026-06-23 19:30:51.853394: train_loss -0.4313
2026-06-23 19:30:51.854003: val_loss -0.2428
2026-06-23 19:30:51.854157: Pseudo dice [np.float32(0.6958)]
2026-06-23 19:30:51.854323: Epoch time: 45.11 s
2026-06-23 19:30:53.670555: 
2026-06-23 19:30:53.671032: Epoch 165
2026-06-23 19:30:53.671394: Current learning rate: 0.00379
2026-06-23 19:31:38.666129: train_loss -0.4231
2026-06-23 19:31:38.666679: val_loss -0.2618
2026-06-23 19:31:38.666846: Pseudo dice [np.float32(0.6784)]
2026-06-23 19:31:38.667020: Epoch time: 45.0 s
2026-06-23 19:31:40.483631: 
2026-06-23 19:31:40.484122: Epoch 166
2026-06-23 19:31:40.484317: Current learning rate: 0.00375
2026-06-23 19:32:25.436368: train_loss -0.4423
2026-06-23 19:32:25.437030: val_loss -0.2356
2026-06-23 19:32:25.437175: Pseudo dice [np.float32(0.6854)]
2026-06-23 19:32:25.437340: Epoch time: 44.96 s
2026-06-23 19:32:27.260314: 
2026-06-23 19:32:27.260825: Epoch 167
2026-06-23 19:32:27.261124: Current learning rate: 0.00371
2026-06-23 19:33:12.135101: train_loss -0.4326
2026-06-23 19:33:12.135559: val_loss -0.1915
2026-06-23 19:33:12.135822: Pseudo dice [np.float32(0.6702)]
2026-06-23 19:33:12.136007: Epoch time: 44.88 s
2026-06-23 19:33:13.965219: 
2026-06-23 19:33:13.965776: Epoch 168
2026-06-23 19:33:13.966086: Current learning rate: 0.00367
2026-06-23 19:33:58.857264: train_loss -0.428
2026-06-23 19:33:58.857697: val_loss -0.2413
2026-06-23 19:33:58.857843: Pseudo dice [np.float32(0.6806)]
2026-06-23 19:33:58.858018: Epoch time: 44.9 s
2026-06-23 19:34:00.685248: 
2026-06-23 19:34:00.685706: Epoch 169
2026-06-23 19:34:00.686044: Current learning rate: 0.00363
2026-06-23 19:34:45.569832: train_loss -0.4297
2026-06-23 19:34:45.570553: val_loss -0.1911
2026-06-23 19:34:45.570699: Pseudo dice [np.float32(0.6716)]
2026-06-23 19:34:45.570881: Epoch time: 44.89 s
2026-06-23 19:34:47.395050: 
2026-06-23 19:34:47.410512: Epoch 170
2026-06-23 19:34:47.410878: Current learning rate: 0.00359
2026-06-23 19:35:32.335825: train_loss -0.4451
2026-06-23 19:35:32.336420: val_loss -0.1619
2026-06-23 19:35:32.336573: Pseudo dice [np.float32(0.6741)]
2026-06-23 19:35:32.336739: Epoch time: 44.94 s
2026-06-23 19:35:34.160765: 
2026-06-23 19:35:34.161123: Epoch 171
2026-06-23 19:35:34.161407: Current learning rate: 0.00355
2026-06-23 19:36:18.966953: train_loss -0.4465
2026-06-23 19:36:18.967431: val_loss -0.2256
2026-06-23 19:36:18.967584: Pseudo dice [np.float32(0.688)]
2026-06-23 19:36:18.967751: Epoch time: 44.81 s
2026-06-23 19:36:20.795223: 
2026-06-23 19:36:20.795728: Epoch 172
2026-06-23 19:36:20.796028: Current learning rate: 0.00351
2026-06-23 19:37:05.629471: train_loss -0.4462
2026-06-23 19:37:05.629858: val_loss -0.1638
2026-06-23 19:37:05.630001: Pseudo dice [np.float32(0.6673)]
2026-06-23 19:37:05.630162: Epoch time: 44.84 s
2026-06-23 19:37:07.857897: 
2026-06-23 19:37:07.858388: Epoch 173
2026-06-23 19:37:07.858651: Current learning rate: 0.00346
2026-06-23 19:37:52.877398: train_loss -0.4435
2026-06-23 19:37:52.878110: val_loss -0.1997
2026-06-23 19:37:52.878428: Pseudo dice [np.float32(0.673)]
2026-06-23 19:37:52.878679: Epoch time: 45.02 s
2026-06-23 19:37:54.770712: 
2026-06-23 19:37:54.771218: Epoch 174
2026-06-23 19:37:54.771418: Current learning rate: 0.00342
2026-06-23 19:38:39.698597: train_loss -0.4404
2026-06-23 19:38:39.699081: val_loss -0.2246
2026-06-23 19:38:39.699235: Pseudo dice [np.float32(0.6725)]
2026-06-23 19:38:39.699410: Epoch time: 44.93 s
2026-06-23 19:38:41.532917: 
2026-06-23 19:38:41.533283: Epoch 175
2026-06-23 19:38:41.533463: Current learning rate: 0.00338
2026-06-23 19:39:26.483918: train_loss -0.4416
2026-06-23 19:39:26.484482: val_loss -0.1977
2026-06-23 19:39:26.484627: Pseudo dice [np.float32(0.6762)]
2026-06-23 19:39:26.484791: Epoch time: 44.95 s
2026-06-23 19:39:28.316995: 
2026-06-23 19:39:28.317497: Epoch 176
2026-06-23 19:39:28.317782: Current learning rate: 0.00334
2026-06-23 19:40:13.223089: train_loss -0.442
2026-06-23 19:40:13.223635: val_loss -0.2151
2026-06-23 19:40:13.223805: Pseudo dice [np.float32(0.6896)]
2026-06-23 19:40:13.223992: Epoch time: 44.91 s
2026-06-23 19:40:15.118810: 
2026-06-23 19:40:15.119373: Epoch 177
2026-06-23 19:40:15.119669: Current learning rate: 0.0033
2026-06-23 19:40:59.946676: train_loss -0.4408
2026-06-23 19:40:59.947156: val_loss -0.234
2026-06-23 19:40:59.947308: Pseudo dice [np.float32(0.6865)]
2026-06-23 19:40:59.947471: Epoch time: 44.83 s
2026-06-23 19:41:01.789839: 
2026-06-23 19:41:01.790389: Epoch 178
2026-06-23 19:41:01.790660: Current learning rate: 0.00326
2026-06-23 19:41:46.773248: train_loss -0.4326
2026-06-23 19:41:46.773706: val_loss -0.1433
2026-06-23 19:41:46.773862: Pseudo dice [np.float32(0.673)]
2026-06-23 19:41:46.774042: Epoch time: 44.99 s
2026-06-23 19:41:48.639252: 
2026-06-23 19:41:48.639621: Epoch 179
2026-06-23 19:41:48.639989: Current learning rate: 0.00322
2026-06-23 19:42:33.535010: train_loss -0.4506
2026-06-23 19:42:33.535549: val_loss -0.2351
2026-06-23 19:42:33.535720: Pseudo dice [np.float32(0.6955)]
2026-06-23 19:42:33.535893: Epoch time: 44.9 s
2026-06-23 19:42:35.371283: 
2026-06-23 19:42:35.371814: Epoch 180
2026-06-23 19:42:35.372129: Current learning rate: 0.00318
2026-06-23 19:43:20.250875: train_loss -0.4295
2026-06-23 19:43:20.251354: val_loss -0.1423
2026-06-23 19:43:20.251502: Pseudo dice [np.float32(0.6637)]
2026-06-23 19:43:20.251669: Epoch time: 44.88 s
2026-06-23 19:43:22.503546: 
2026-06-23 19:43:22.504230: Epoch 181
2026-06-23 19:43:22.504539: Current learning rate: 0.00314
2026-06-23 19:44:07.419594: train_loss -0.4355
2026-06-23 19:44:07.420110: val_loss -0.2218
2026-06-23 19:44:07.420251: Pseudo dice [np.float32(0.6835)]
2026-06-23 19:44:07.420413: Epoch time: 44.92 s
2026-06-23 19:44:09.264860: 
2026-06-23 19:44:09.265366: Epoch 182
2026-06-23 19:44:09.265586: Current learning rate: 0.0031
2026-06-23 19:44:54.117151: train_loss -0.4381
2026-06-23 19:44:54.117649: val_loss -0.2578
2026-06-23 19:44:54.117805: Pseudo dice [np.float32(0.6954)]
2026-06-23 19:44:54.117987: Epoch time: 44.86 s
2026-06-23 19:44:55.963550: 
2026-06-23 19:44:55.964056: Epoch 183
2026-06-23 19:44:55.964252: Current learning rate: 0.00306
2026-06-23 19:45:40.763662: train_loss -0.4482
2026-06-23 19:45:40.764323: val_loss -0.2367
2026-06-23 19:45:40.764471: Pseudo dice [np.float32(0.6996)]
2026-06-23 19:45:40.764637: Epoch time: 44.8 s
2026-06-23 19:45:42.610293: 
2026-06-23 19:45:42.610831: Epoch 184
2026-06-23 19:45:42.611155: Current learning rate: 0.00302
2026-06-23 19:46:27.506860: train_loss -0.4409
2026-06-23 19:46:27.507457: val_loss -0.2363
2026-06-23 19:46:27.507607: Pseudo dice [np.float32(0.6959)]
2026-06-23 19:46:27.507773: Epoch time: 44.9 s
2026-06-23 19:46:29.341636: 
2026-06-23 19:46:29.342171: Epoch 185
2026-06-23 19:46:29.342471: Current learning rate: 0.00297
2026-06-23 19:47:14.447693: train_loss -0.4345
2026-06-23 19:47:14.448297: val_loss -0.1647
2026-06-23 19:47:14.448446: Pseudo dice [np.float32(0.6729)]
2026-06-23 19:47:14.448617: Epoch time: 45.11 s
2026-06-23 19:47:16.283656: 
2026-06-23 19:47:16.284165: Epoch 186
2026-06-23 19:47:16.284465: Current learning rate: 0.00293
2026-06-23 19:48:01.176609: train_loss -0.4369
2026-06-23 19:48:01.177126: val_loss -0.1429
2026-06-23 19:48:01.177272: Pseudo dice [np.float32(0.6674)]
2026-06-23 19:48:01.177435: Epoch time: 44.9 s
2026-06-23 19:48:03.004186: 
2026-06-23 19:48:03.004633: Epoch 187
2026-06-23 19:48:03.004845: Current learning rate: 0.00289
2026-06-23 19:48:48.184736: train_loss -0.4561
2026-06-23 19:48:48.185382: val_loss -0.1071
2026-06-23 19:48:48.185529: Pseudo dice [np.float32(0.6611)]
2026-06-23 19:48:48.185693: Epoch time: 45.18 s
2026-06-23 19:48:50.028035: 
2026-06-23 19:48:50.028495: Epoch 188
2026-06-23 19:48:50.028681: Current learning rate: 0.00285
2026-06-23 19:49:34.967953: train_loss -0.4285
2026-06-23 19:49:34.968558: val_loss -0.1512
2026-06-23 19:49:34.969329: Pseudo dice [np.float32(0.657)]
2026-06-23 19:49:34.969511: Epoch time: 44.94 s
2026-06-23 19:49:36.805091: 
2026-06-23 19:49:36.805589: Epoch 189
2026-06-23 19:49:36.805891: Current learning rate: 0.00281
2026-06-23 19:50:21.821945: train_loss -0.4319
2026-06-23 19:50:21.822504: val_loss -0.2125
2026-06-23 19:50:21.822647: Pseudo dice [np.float32(0.6866)]
2026-06-23 19:50:21.822811: Epoch time: 45.02 s
2026-06-23 19:50:24.105663: 
2026-06-23 19:50:24.106154: Epoch 190
2026-06-23 19:50:24.106430: Current learning rate: 0.00277
2026-06-23 19:51:09.124113: train_loss -0.4589
2026-06-23 19:51:09.124587: val_loss -0.1838
2026-06-23 19:51:09.124731: Pseudo dice [np.float32(0.6832)]
2026-06-23 19:51:09.124911: Epoch time: 45.02 s
2026-06-23 19:51:10.958175: 
2026-06-23 19:51:10.958779: Epoch 191
2026-06-23 19:51:10.958983: Current learning rate: 0.00273
2026-06-23 19:51:55.901074: train_loss -0.4439
2026-06-23 19:51:55.901601: val_loss -0.171
2026-06-23 19:51:55.901742: Pseudo dice [np.float32(0.6741)]
2026-06-23 19:51:55.901917: Epoch time: 44.95 s
2026-06-23 19:51:57.783942: 
2026-06-23 19:51:57.784568: Epoch 192
2026-06-23 19:51:57.784912: Current learning rate: 0.00268
2026-06-23 19:52:42.749769: train_loss -0.4397
2026-06-23 19:52:42.750234: val_loss -0.2223
2026-06-23 19:52:42.750374: Pseudo dice [np.float32(0.6834)]
2026-06-23 19:52:42.750539: Epoch time: 44.97 s
2026-06-23 19:52:44.605031: 
2026-06-23 19:52:44.605615: Epoch 193
2026-06-23 19:52:44.605962: Current learning rate: 0.00264
2026-06-23 19:53:29.467884: train_loss -0.4272
2026-06-23 19:53:29.468702: val_loss -0.2338
2026-06-23 19:53:29.469190: Pseudo dice [np.float32(0.6766)]
2026-06-23 19:53:29.469411: Epoch time: 44.87 s
2026-06-23 19:53:31.370771: 
2026-06-23 19:53:31.371247: Epoch 194
2026-06-23 19:53:31.371553: Current learning rate: 0.0026
2026-06-23 19:54:16.222205: train_loss -0.4533
2026-06-23 19:54:16.223117: val_loss -0.2093
2026-06-23 19:54:16.223487: Pseudo dice [np.float32(0.6677)]
2026-06-23 19:54:16.223769: Epoch time: 44.85 s
2026-06-23 19:54:18.107735: 
2026-06-23 19:54:18.108290: Epoch 195
2026-06-23 19:54:18.108580: Current learning rate: 0.00256
2026-06-23 19:55:03.038518: train_loss -0.4483
2026-06-23 19:55:03.039020: val_loss -0.2621
2026-06-23 19:55:03.039170: Pseudo dice [np.float32(0.6941)]
2026-06-23 19:55:03.039336: Epoch time: 44.93 s
2026-06-23 19:55:04.898985: 
2026-06-23 19:55:04.899519: Epoch 196
2026-06-23 19:55:04.899778: Current learning rate: 0.00252
2026-06-23 19:55:49.930909: train_loss -0.4647
2026-06-23 19:55:49.931387: val_loss -0.1714
2026-06-23 19:55:49.931538: Pseudo dice [np.float32(0.667)]
2026-06-23 19:55:49.931732: Epoch time: 45.04 s
2026-06-23 19:55:51.799201: 
2026-06-23 19:55:51.799672: Epoch 197
2026-06-23 19:55:51.799997: Current learning rate: 0.00248
2026-06-23 19:56:36.642609: train_loss -0.4509
2026-06-23 19:56:36.643488: val_loss -0.2208
2026-06-23 19:56:36.643665: Pseudo dice [np.float32(0.6783)]
2026-06-23 19:56:36.643842: Epoch time: 44.85 s
2026-06-23 19:56:38.903883: 
2026-06-23 19:56:38.904295: Epoch 198
2026-06-23 19:56:38.904477: Current learning rate: 0.00243
2026-06-23 19:57:23.777312: train_loss -0.4452
2026-06-23 19:57:23.777887: val_loss -0.1461
2026-06-23 19:57:23.778041: Pseudo dice [np.float32(0.6674)]
2026-06-23 19:57:23.778221: Epoch time: 44.88 s
2026-06-23 19:57:25.636824: 
2026-06-23 19:57:25.637300: Epoch 199
2026-06-23 19:57:25.637632: Current learning rate: 0.00239
2026-06-23 19:58:10.470903: train_loss -0.4597
2026-06-23 19:58:10.471548: val_loss -0.2213
2026-06-23 19:58:10.471696: Pseudo dice [np.float32(0.6872)]
2026-06-23 19:58:10.471873: Epoch time: 44.84 s
2026-06-23 19:58:12.803419: 
2026-06-23 19:58:12.803900: Epoch 200
2026-06-23 19:58:12.804202: Current learning rate: 0.00235
2026-06-23 19:58:57.746505: train_loss -0.4538
2026-06-23 19:58:57.747042: val_loss -0.2132
2026-06-23 19:58:57.747199: Pseudo dice [np.float32(0.6783)]
2026-06-23 19:58:57.747373: Epoch time: 44.95 s
2026-06-23 19:58:59.670066: 
2026-06-23 19:58:59.670514: Epoch 201
2026-06-23 19:58:59.670837: Current learning rate: 0.00231
2026-06-23 19:59:44.585393: train_loss -0.4476
2026-06-23 19:59:44.585927: val_loss -0.2532
2026-06-23 19:59:44.586080: Pseudo dice [np.float32(0.7018)]
2026-06-23 19:59:44.586250: Epoch time: 44.92 s
2026-06-23 19:59:46.460529: 
2026-06-23 19:59:46.460974: Epoch 202
2026-06-23 19:59:46.461167: Current learning rate: 0.00226
2026-06-23 20:00:31.597252: train_loss -0.455
2026-06-23 20:00:31.597807: val_loss -0.1805
2026-06-23 20:00:31.597979: Pseudo dice [np.float32(0.6677)]
2026-06-23 20:00:31.598191: Epoch time: 45.14 s
2026-06-23 20:00:33.457894: 
2026-06-23 20:00:33.458343: Epoch 203
2026-06-23 20:00:33.458516: Current learning rate: 0.00222
2026-06-23 20:01:18.329840: train_loss -0.4468
2026-06-23 20:01:18.330294: val_loss -0.2509
2026-06-23 20:01:18.330445: Pseudo dice [np.float32(0.7016)]
2026-06-23 20:01:18.330611: Epoch time: 44.87 s
2026-06-23 20:01:20.186017: 
2026-06-23 20:01:20.186585: Epoch 204
2026-06-23 20:01:20.186906: Current learning rate: 0.00218
2026-06-23 20:02:04.995275: train_loss -0.4563
2026-06-23 20:02:04.995891: val_loss -0.2302
2026-06-23 20:02:04.996045: Pseudo dice [np.float32(0.695)]
2026-06-23 20:02:04.996208: Epoch time: 44.81 s
2026-06-23 20:02:06.864064: 
2026-06-23 20:02:06.864530: Epoch 205
2026-06-23 20:02:06.864720: Current learning rate: 0.00214
2026-06-23 20:02:51.909936: train_loss -0.4441
2026-06-23 20:02:51.910431: val_loss -0.19
2026-06-23 20:02:51.910593: Pseudo dice [np.float32(0.6719)]
2026-06-23 20:02:51.910761: Epoch time: 45.05 s
2026-06-23 20:02:54.054881: 
2026-06-23 20:02:54.055368: Epoch 206
2026-06-23 20:02:54.055549: Current learning rate: 0.00209
2026-06-23 20:03:38.983431: train_loss -0.4658
2026-06-23 20:03:38.984132: val_loss -0.2266
2026-06-23 20:03:38.984299: Pseudo dice [np.float32(0.6797)]
2026-06-23 20:03:38.984467: Epoch time: 44.93 s
2026-06-23 20:03:40.788380: 
2026-06-23 20:03:40.788837: Epoch 207
2026-06-23 20:03:40.789076: Current learning rate: 0.00205
2026-06-23 20:04:25.762404: train_loss -0.4423
2026-06-23 20:04:25.763163: val_loss -0.1625
2026-06-23 20:04:25.763330: Pseudo dice [np.float32(0.648)]
2026-06-23 20:04:25.763501: Epoch time: 44.98 s
2026-06-23 20:04:27.566681: 
2026-06-23 20:04:27.567119: Epoch 208
2026-06-23 20:04:27.567416: Current learning rate: 0.00201
2026-06-23 20:05:12.515348: train_loss -0.4669
2026-06-23 20:05:12.515802: val_loss -0.2053
2026-06-23 20:05:12.516082: Pseudo dice [np.float32(0.6924)]
2026-06-23 20:05:12.516255: Epoch time: 44.95 s
2026-06-23 20:05:14.315673: 
2026-06-23 20:05:14.316182: Epoch 209
2026-06-23 20:05:14.316482: Current learning rate: 0.00196
2026-06-23 20:05:59.155893: train_loss -0.4438
2026-06-23 20:05:59.156391: val_loss -0.1581
2026-06-23 20:05:59.156553: Pseudo dice [np.float32(0.6709)]
2026-06-23 20:05:59.156728: Epoch time: 44.84 s
2026-06-23 20:06:00.951303: 
2026-06-23 20:06:00.951874: Epoch 210
2026-06-23 20:06:00.952211: Current learning rate: 0.00192
2026-06-23 20:06:45.931575: train_loss -0.4445
2026-06-23 20:06:45.932107: val_loss -0.171
2026-06-23 20:06:45.932283: Pseudo dice [np.float32(0.6689)]
2026-06-23 20:06:45.932450: Epoch time: 44.98 s
2026-06-23 20:06:47.726405: 
2026-06-23 20:06:47.726952: Epoch 211
2026-06-23 20:06:47.727273: Current learning rate: 0.00188
2026-06-23 20:07:32.606877: train_loss -0.4493
2026-06-23 20:07:32.607354: val_loss -0.2333
2026-06-23 20:07:32.607494: Pseudo dice [np.float32(0.6939)]
2026-06-23 20:07:32.607654: Epoch time: 44.88 s
2026-06-23 20:07:34.410092: 
2026-06-23 20:07:34.410580: Epoch 212
2026-06-23 20:07:34.410809: Current learning rate: 0.00184
2026-06-23 20:08:19.315880: train_loss -0.4478
2026-06-23 20:08:19.316343: val_loss -0.2275
2026-06-23 20:08:19.316489: Pseudo dice [np.float32(0.6795)]
2026-06-23 20:08:19.316650: Epoch time: 44.91 s
2026-06-23 20:08:21.127699: 
2026-06-23 20:08:21.128241: Epoch 213
2026-06-23 20:08:21.128534: Current learning rate: 0.00179
2026-06-23 20:09:06.083444: train_loss -0.4686
2026-06-23 20:09:06.084018: val_loss -0.2305
2026-06-23 20:09:06.084742: Pseudo dice [np.float32(0.6879)]
2026-06-23 20:09:06.084927: Epoch time: 44.96 s
2026-06-23 20:09:07.868025: 
2026-06-23 20:09:07.868536: Epoch 214
2026-06-23 20:09:07.868827: Current learning rate: 0.00175
2026-06-23 20:09:52.700268: train_loss -0.4577
2026-06-23 20:09:52.700837: val_loss -0.197
2026-06-23 20:09:52.700999: Pseudo dice [np.float32(0.6785)]
2026-06-23 20:09:52.701158: Epoch time: 44.84 s
2026-06-23 20:09:54.834795: 
2026-06-23 20:09:54.835280: Epoch 215
2026-06-23 20:09:54.835583: Current learning rate: 0.0017
2026-06-23 20:10:39.772230: train_loss -0.4416
2026-06-23 20:10:39.772691: val_loss -0.2012
2026-06-23 20:10:39.772832: Pseudo dice [np.float32(0.6736)]
2026-06-23 20:10:39.773009: Epoch time: 44.94 s
2026-06-23 20:10:41.562247: 
2026-06-23 20:10:41.562746: Epoch 216
2026-06-23 20:10:41.563046: Current learning rate: 0.00166
2026-06-23 20:11:26.550394: train_loss -0.4529
2026-06-23 20:11:26.550910: val_loss -0.1719
2026-06-23 20:11:26.551069: Pseudo dice [np.float32(0.6716)]
2026-06-23 20:11:26.551240: Epoch time: 44.99 s
2026-06-23 20:11:28.341637: 
2026-06-23 20:11:28.341998: Epoch 217
2026-06-23 20:11:28.342279: Current learning rate: 0.00162
2026-06-23 20:12:13.411034: train_loss -0.4638
2026-06-23 20:12:13.411898: val_loss -0.1934
2026-06-23 20:12:13.412083: Pseudo dice [np.float32(0.6914)]
2026-06-23 20:12:13.412247: Epoch time: 45.07 s
2026-06-23 20:12:15.202419: 
2026-06-23 20:12:15.202758: Epoch 218
2026-06-23 20:12:15.202952: Current learning rate: 0.00157
2026-06-23 20:13:00.321470: train_loss -0.4575
2026-06-23 20:13:00.322006: val_loss -0.18
2026-06-23 20:13:00.322155: Pseudo dice [np.float32(0.6892)]
2026-06-23 20:13:00.322341: Epoch time: 45.12 s
2026-06-23 20:13:02.114119: 
2026-06-23 20:13:02.114650: Epoch 219
2026-06-23 20:13:02.114946: Current learning rate: 0.00153
2026-06-23 20:13:47.009395: train_loss -0.4772
2026-06-23 20:13:47.009840: val_loss -0.1531
2026-06-23 20:13:47.010002: Pseudo dice [np.float32(0.6736)]
2026-06-23 20:13:47.010168: Epoch time: 44.9 s
2026-06-23 20:13:48.798822: 
2026-06-23 20:13:48.799344: Epoch 220
2026-06-23 20:13:48.799531: Current learning rate: 0.00148
2026-06-23 20:14:33.699077: train_loss -0.463
2026-06-23 20:14:33.699676: val_loss -0.1558
2026-06-23 20:14:33.699842: Pseudo dice [np.float32(0.6683)]
2026-06-23 20:14:33.700026: Epoch time: 44.9 s
2026-06-23 20:14:35.487960: 
2026-06-23 20:14:35.488539: Epoch 221
2026-06-23 20:14:35.488907: Current learning rate: 0.00144
2026-06-23 20:15:20.556683: train_loss -0.4609
2026-06-23 20:15:20.557245: val_loss -0.1774
2026-06-23 20:15:20.557398: Pseudo dice [np.float32(0.6897)]
2026-06-23 20:15:20.557565: Epoch time: 45.07 s
2026-06-23 20:15:22.368141: 
2026-06-23 20:15:22.368675: Epoch 222
2026-06-23 20:15:22.369014: Current learning rate: 0.00139
2026-06-23 20:16:07.296183: train_loss -0.4559
2026-06-23 20:16:07.296673: val_loss -0.2288
2026-06-23 20:16:07.296820: Pseudo dice [np.float32(0.6952)]
2026-06-23 20:16:07.297004: Epoch time: 44.93 s
2026-06-23 20:16:09.091057: 
2026-06-23 20:16:09.091515: Epoch 223
2026-06-23 20:16:09.091691: Current learning rate: 0.00135
2026-06-23 20:16:53.964664: train_loss -0.4635
2026-06-23 20:16:53.965165: val_loss -0.1445
2026-06-23 20:16:53.965314: Pseudo dice [np.float32(0.6807)]
2026-06-23 20:16:53.965479: Epoch time: 44.88 s
2026-06-23 20:16:56.178888: 
2026-06-23 20:16:56.179496: Epoch 224
2026-06-23 20:16:56.179877: Current learning rate: 0.0013
2026-06-23 20:17:41.102258: train_loss -0.4726
2026-06-23 20:17:41.102753: val_loss -0.2331
2026-06-23 20:17:41.102911: Pseudo dice [np.float32(0.6967)]
2026-06-23 20:17:41.103080: Epoch time: 44.93 s
2026-06-23 20:17:42.892291: 
2026-06-23 20:17:42.892838: Epoch 225
2026-06-23 20:17:42.893147: Current learning rate: 0.00126
2026-06-23 20:18:27.790186: train_loss -0.4712
2026-06-23 20:18:27.790635: val_loss -0.2446
2026-06-23 20:18:27.790782: Pseudo dice [np.float32(0.7024)]
2026-06-23 20:18:27.790960: Epoch time: 44.9 s
2026-06-23 20:18:29.576383: 
2026-06-23 20:18:29.576801: Epoch 226
2026-06-23 20:18:29.577103: Current learning rate: 0.00121
2026-06-23 20:19:14.752141: train_loss -0.4726
2026-06-23 20:19:14.752660: val_loss -0.2345
2026-06-23 20:19:14.752827: Pseudo dice [np.float32(0.6986)]
2026-06-23 20:19:14.753009: Epoch time: 45.18 s
2026-06-23 20:19:16.543162: 
2026-06-23 20:19:16.543668: Epoch 227
2026-06-23 20:19:16.544005: Current learning rate: 0.00117
2026-06-23 20:20:01.676254: train_loss -0.4571
2026-06-23 20:20:01.676763: val_loss -0.1376
2026-06-23 20:20:01.676915: Pseudo dice [np.float32(0.6681)]
2026-06-23 20:20:01.677082: Epoch time: 45.14 s
2026-06-23 20:20:03.478129: 
2026-06-23 20:20:03.478547: Epoch 228
2026-06-23 20:20:03.478799: Current learning rate: 0.00112
2026-06-23 20:20:48.526455: train_loss -0.4728
2026-06-23 20:20:48.527082: val_loss -0.1977
2026-06-23 20:20:48.527231: Pseudo dice [np.float32(0.6898)]
2026-06-23 20:20:48.527404: Epoch time: 45.05 s
2026-06-23 20:20:50.313114: 
2026-06-23 20:20:50.313701: Epoch 229
2026-06-23 20:20:50.314018: Current learning rate: 0.00108
2026-06-23 20:21:35.186089: train_loss -0.4511
2026-06-23 20:21:35.186559: val_loss -0.1707
2026-06-23 20:21:35.186704: Pseudo dice [np.float32(0.6724)]
2026-06-23 20:21:35.186876: Epoch time: 44.88 s
2026-06-23 20:21:36.978268: 
2026-06-23 20:21:36.978768: Epoch 230
2026-06-23 20:21:36.979061: Current learning rate: 0.00103
2026-06-23 20:22:21.967817: train_loss -0.4648
2026-06-23 20:22:21.968364: val_loss -0.2032
2026-06-23 20:22:21.968514: Pseudo dice [np.float32(0.6947)]
2026-06-23 20:22:21.968676: Epoch time: 44.99 s
2026-06-23 20:22:23.808348: 
2026-06-23 20:22:23.808775: Epoch 231
2026-06-23 20:22:23.809093: Current learning rate: 0.00098
2026-06-23 20:23:08.865679: train_loss -0.4751
2026-06-23 20:23:08.866179: val_loss -0.2255
2026-06-23 20:23:08.866350: Pseudo dice [np.float32(0.6995)]
2026-06-23 20:23:08.866527: Epoch time: 45.06 s
2026-06-23 20:23:10.663429: 
2026-06-23 20:23:10.663972: Epoch 232
2026-06-23 20:23:10.664308: Current learning rate: 0.00094
2026-06-23 20:23:55.648524: train_loss -0.4498
2026-06-23 20:23:55.648946: val_loss -0.1891
2026-06-23 20:23:55.649092: Pseudo dice [np.float32(0.6817)]
2026-06-23 20:23:55.649252: Epoch time: 44.99 s
2026-06-23 20:23:57.880383: 
2026-06-23 20:23:57.880828: Epoch 233
2026-06-23 20:23:57.881010: Current learning rate: 0.00089
2026-06-23 20:24:42.778493: train_loss -0.4777
2026-06-23 20:24:42.779084: val_loss -0.2257
2026-06-23 20:24:42.779261: Pseudo dice [np.float32(0.704)]
2026-06-23 20:24:42.779433: Epoch time: 44.9 s
2026-06-23 20:24:44.571756: 
2026-06-23 20:24:44.572295: Epoch 234
2026-06-23 20:24:44.572618: Current learning rate: 0.00084
2026-06-23 20:25:29.538704: train_loss -0.4682
2026-06-23 20:25:29.539181: val_loss -0.1746
2026-06-23 20:25:29.539323: Pseudo dice [np.float32(0.6897)]
2026-06-23 20:25:29.539488: Epoch time: 44.97 s
2026-06-23 20:25:31.326664: 
2026-06-23 20:25:31.327238: Epoch 235
2026-06-23 20:25:31.327542: Current learning rate: 0.00079
2026-06-23 20:26:16.284383: train_loss -0.4665
2026-06-23 20:26:16.284982: val_loss -0.1772
2026-06-23 20:26:16.285138: Pseudo dice [np.float32(0.6807)]
2026-06-23 20:26:16.285310: Epoch time: 44.96 s
2026-06-23 20:26:18.086874: 
2026-06-23 20:26:18.087368: Epoch 236
2026-06-23 20:26:18.087598: Current learning rate: 0.00075
2026-06-23 20:27:03.163638: train_loss -0.4576
2026-06-23 20:27:03.164099: val_loss -0.1762
2026-06-23 20:27:03.164250: Pseudo dice [np.float32(0.6775)]
2026-06-23 20:27:03.164414: Epoch time: 45.08 s
2026-06-23 20:27:04.956271: 
2026-06-23 20:27:04.956752: Epoch 237
2026-06-23 20:27:04.957066: Current learning rate: 0.0007
2026-06-23 20:27:49.822533: train_loss -0.464
2026-06-23 20:27:49.823112: val_loss -0.193
2026-06-23 20:27:49.823261: Pseudo dice [np.float32(0.6822)]
2026-06-23 20:27:49.823426: Epoch time: 44.87 s
2026-06-23 20:27:51.620358: 
2026-06-23 20:27:51.620982: Epoch 238
2026-06-23 20:27:51.621296: Current learning rate: 0.00065
2026-06-23 20:28:36.709532: train_loss -0.4639
2026-06-23 20:28:36.710169: val_loss -0.2136
2026-06-23 20:28:36.710317: Pseudo dice [np.float32(0.6988)]
2026-06-23 20:28:36.711113: Epoch time: 45.09 s
2026-06-23 20:28:38.520710: 
2026-06-23 20:28:38.521316: Epoch 239
2026-06-23 20:28:38.521686: Current learning rate: 0.0006
2026-06-23 20:29:23.533286: train_loss -0.4662
2026-06-23 20:29:23.533924: val_loss -0.187
2026-06-23 20:29:23.534086: Pseudo dice [np.float32(0.6764)]
2026-06-23 20:29:23.534260: Epoch time: 45.02 s
2026-06-23 20:29:25.343862: 
2026-06-23 20:29:25.344431: Epoch 240
2026-06-23 20:29:25.344697: Current learning rate: 0.00055
2026-06-23 20:30:10.287969: train_loss -0.4586
2026-06-23 20:30:10.288493: val_loss -0.1943
2026-06-23 20:30:10.288638: Pseudo dice [np.float32(0.6761)]
2026-06-23 20:30:10.288810: Epoch time: 44.95 s
2026-06-23 20:30:12.102471: 
2026-06-23 20:30:12.102989: Epoch 241
2026-06-23 20:30:12.103241: Current learning rate: 0.0005
2026-06-23 20:30:56.939504: train_loss -0.4807
2026-06-23 20:30:56.940043: val_loss -0.2338
2026-06-23 20:30:56.940206: Pseudo dice [np.float32(0.6882)]
2026-06-23 20:30:56.940370: Epoch time: 44.84 s
2026-06-23 20:30:59.207290: 
2026-06-23 20:30:59.207997: Epoch 242
2026-06-23 20:30:59.208297: Current learning rate: 0.00045
2026-06-23 20:31:44.082926: train_loss -0.4674
2026-06-23 20:31:44.083503: val_loss -0.2401
2026-06-23 20:31:44.083654: Pseudo dice [np.float32(0.706)]
2026-06-23 20:31:44.083821: Epoch time: 44.88 s
2026-06-23 20:31:45.906110: 
2026-06-23 20:31:45.906693: Epoch 243
2026-06-23 20:31:45.906920: Current learning rate: 0.0004
2026-06-23 20:32:30.807688: train_loss -0.4702
2026-06-23 20:32:30.808173: val_loss -0.2034
2026-06-23 20:32:30.808321: Pseudo dice [np.float32(0.6867)]
2026-06-23 20:32:30.808502: Epoch time: 44.9 s
2026-06-23 20:32:32.621066: 
2026-06-23 20:32:32.621627: Epoch 244
2026-06-23 20:32:32.621818: Current learning rate: 0.00035
2026-06-23 20:33:17.539318: train_loss -0.4679
2026-06-23 20:33:17.539829: val_loss -0.181
2026-06-23 20:33:17.540003: Pseudo dice [np.float32(0.6722)]
2026-06-23 20:33:17.540170: Epoch time: 44.92 s
2026-06-23 20:33:19.364334: 
2026-06-23 20:33:19.364738: Epoch 245
2026-06-23 20:33:19.364933: Current learning rate: 0.0003
2026-06-23 20:34:04.230882: train_loss -0.4759
2026-06-23 20:34:04.231441: val_loss -0.1552
2026-06-23 20:34:04.231638: Pseudo dice [np.float32(0.6662)]
2026-06-23 20:34:04.231813: Epoch time: 44.87 s
2026-06-23 20:34:06.045576: 
2026-06-23 20:34:06.046151: Epoch 246
2026-06-23 20:34:06.046442: Current learning rate: 0.00024
2026-06-23 20:34:50.913894: train_loss -0.4696
2026-06-23 20:34:50.914548: val_loss -0.1964
2026-06-23 20:34:50.914698: Pseudo dice [np.float32(0.6809)]
2026-06-23 20:34:50.914871: Epoch time: 44.87 s
2026-06-23 20:34:52.723952: 
2026-06-23 20:34:52.724395: Epoch 247
2026-06-23 20:34:52.724584: Current learning rate: 0.00019
2026-06-23 20:35:37.707155: train_loss -0.4779
2026-06-23 20:35:37.707726: val_loss -0.1672
2026-06-23 20:35:37.707881: Pseudo dice [np.float32(0.6837)]
2026-06-23 20:35:37.708050: Epoch time: 44.99 s
2026-06-23 20:35:39.533948: 
2026-06-23 20:35:39.534402: Epoch 248
2026-06-23 20:35:39.534606: Current learning rate: 0.00013
2026-06-23 20:36:24.610111: train_loss -0.4404
2026-06-23 20:36:24.610577: val_loss -0.2033
2026-06-23 20:36:24.610721: Pseudo dice [np.float32(0.7006)]
2026-06-23 20:36:24.610891: Epoch time: 45.08 s
2026-06-23 20:36:26.425192: 
2026-06-23 20:36:26.425652: Epoch 249
2026-06-23 20:36:26.425975: Current learning rate: 7e-05
2026-06-23 20:37:11.358562: train_loss -0.4713
2026-06-23 20:37:11.359383: val_loss -0.1702
2026-06-23 20:37:11.359525: Pseudo dice [np.float32(0.6721)]
2026-06-23 20:37:11.359689: Epoch time: 44.94 s
2026-06-23 20:37:13.877336: Training done.
2026-06-23 20:37:14.044663: Using splits from existing split file: /gpfs/data/ravenlab/micmac/nnUNet_preprocessed/Dataset004_BinaryTask/splits_final.json
2026-06-23 20:37:14.045344: The split file contains 5 splits.
2026-06-23 20:37:14.045463: Desired fold for training: 1
2026-06-23 20:37:14.045552: This split has 20 training and 5 validation cases.
2026-06-23 20:37:14.045756: predicting 41759_34right
2026-06-23 20:37:14.114577: 41759_34right, shape torch.Size([1, 1, 2077, 2302]), rank 0
2026-06-23 20:37:20.520971: predicting 41759_51
2026-06-23 20:37:20.588435: 41759_51, shape torch.Size([1, 1, 2176, 2201]), rank 0
2026-06-23 20:37:22.014729: predicting 41759_62_claus
2026-06-23 20:37:22.077393: 41759_62_claus, shape torch.Size([1, 1, 2240, 2251]), rank 0
2026-06-23 20:37:23.508967: predicting 41759_G_070_slice_1_1
2026-06-23 20:37:24.657962: 41759_G_070_slice_1_1, shape torch.Size([1, 1, 10000, 10000]), rank 0
2026-06-23 20:37:58.400785: predicting 41759_G_090_slice_1_1
2026-06-23 20:37:59.003344: 41759_G_090_slice_1_1, shape torch.Size([1, 1, 10000, 10000]), rank 0
2026-06-23 20:39:46.853602: Validation complete
2026-06-23 20:39:46.853811: Mean Validation Dice:  0.6688417984171501
