Loading python/gpu/3.10.6-cuda12.9
  Loading requirement: cuda/12.9
Launching parallel training for 2D config, Fold 2 using 250-epoch trainer preset...

############################
INFO: You are using the old nnU-Net default plans. We have updated our recommendations. Please consider using those instead! Read more here: https://github.com/MIC-DKFZ/nnUNet/blob/master/documentation/resenc_presets.md
############################

Using device: cuda:0

#######################################################################
Please cite the following paper when using nnU-Net:
Isensee, F., Jaeger, P. F., Kohl, S. A., Petersen, J., & Maier-Hein, K. H. (2021). nnU-Net: a self-configuring method for deep learning-based biomedical image segmentation. Nature methods, 18(2), 203-211.
#######################################################################

2026-06-23 17:20:37.365839: do_dummy_2d_data_aug: False
2026-06-23 17:20:37.366493: Using splits from existing split file: /gpfs/data/ravenlab/micmac/nnUNet_preprocessed/Dataset004_BinaryTask/splits_final.json
2026-06-23 17:20:37.366880: The split file contains 5 splits.
2026-06-23 17:20:37.366982: Desired fold for training: 2
2026-06-23 17:20:37.367067: This split has 20 training and 5 validation cases.
using pin_memory on device 0
using pin_memory on device 0

This is the configuration used by this training:
Configuration name: 2d
 {'data_identifier': 'nnUNetPlans_2d', 'preprocessor_name': 'DefaultPreprocessor', 'batch_size': 2, 'patch_size': [1024, 1280], 'median_image_size_in_voxels': [2112.0, 2251.0], 'spacing': [1.0, 1.0], 'normalization_schemes': ['ZScoreNormalization'], 'use_mask_for_norm': [False], 'resampling_fn_data': 'resample_data_or_seg_to_shape', 'resampling_fn_seg': 'resample_data_or_seg_to_shape', 'resampling_fn_data_kwargs': {'is_seg': False, 'order': 3, 'order_z': 0, 'force_separate_z': None}, 'resampling_fn_seg_kwargs': {'is_seg': True, 'order': 1, 'order_z': 0, 'force_separate_z': None}, 'resampling_fn_probabilities': 'resample_data_or_seg_to_shape', 'resampling_fn_probabilities_kwargs': {'is_seg': False, 'order': 1, 'order_z': 0, 'force_separate_z': None}, 'architecture': {'network_class_name': 'dynamic_network_architectures.architectures.unet.PlainConvUNet', 'arch_kwargs': {'n_stages': 9, 'features_per_stage': [32, 64, 128, 256, 512, 512, 512, 512, 512], 'conv_op': 'torch.nn.modules.conv.Conv2d', 'kernel_sizes': [[3, 3], [3, 3], [3, 3], [3, 3], [3, 3], [3, 3], [3, 3], [3, 3], [3, 3]], 'strides': [[1, 1], [2, 2], [2, 2], [2, 2], [2, 2], [2, 2], [2, 2], [2, 2], [2, 2]], 'n_conv_per_stage': [2, 2, 2, 2, 2, 2, 2, 2, 2], 'n_conv_per_stage_decoder': [2, 2, 2, 2, 2, 2, 2, 2], 'conv_bias': True, 'norm_op': 'torch.nn.modules.instancenorm.InstanceNorm2d', 'norm_op_kwargs': {'eps': 1e-05, 'affine': True}, 'dropout_op': None, 'dropout_op_kwargs': None, 'nonlin': 'torch.nn.LeakyReLU', 'nonlin_kwargs': {'inplace': True}}, '_kw_requires_import': ['conv_op', 'norm_op', 'dropout_op', 'nonlin']}, 'batch_dice': True} 

These are the global plan.json settings:
 {'dataset_name': 'Dataset004_BinaryTask', 'plans_name': 'nnUNetPlans', 'original_median_spacing_after_transp': [999.0, 1.0, 1.0], 'original_median_shape_after_transp': [1, 2112, 2251], 'image_reader_writer': 'NaturalImage2DIO', 'transpose_forward': [0, 1, 2], 'transpose_backward': [0, 1, 2], 'experiment_planner_used': 'ExperimentPlanner', 'label_manager': 'LabelManager', 'foreground_intensity_properties_per_channel': {'0': {'max': 252.0, 'mean': 115.78092193603516, 'median': 115.0, 'min': 5.0, 'percentile_00_5': 33.0, 'percentile_99_5': 207.0, 'std': 36.5728759765625}}} 

2026-06-23 17:20:39.977163: Unable to plot network architecture:
2026-06-23 17:20:39.977448: No module named 'hiddenlayer'
2026-06-23 17:20:40.149140: 
2026-06-23 17:20:40.149335: Epoch 0
2026-06-23 17:20:40.149657: Current learning rate: 0.01
2026-06-23 17:22:48.163370: train_loss -0.1074
2026-06-23 17:22:48.163783: val_loss -0.1486
2026-06-23 17:22:48.163932: Pseudo dice [np.float32(0.6772)]
2026-06-23 17:22:48.164096: Epoch time: 128.02 s
2026-06-23 17:22:48.164222: Yayy! New best EMA pseudo Dice: 0.6772000193595886
2026-06-23 17:22:50.703225: 
2026-06-23 17:22:50.703709: Epoch 1
2026-06-23 17:22:50.704023: Current learning rate: 0.00996
2026-06-23 17:23:35.951349: train_loss -0.2249
2026-06-23 17:23:35.952026: val_loss -0.1943
2026-06-23 17:23:35.952190: Pseudo dice [np.float32(0.6845)]
2026-06-23 17:23:35.952390: Epoch time: 45.25 s
2026-06-23 17:23:35.953954: Yayy! New best EMA pseudo Dice: 0.6779000163078308
2026-06-23 17:23:38.158440: 
2026-06-23 17:23:38.158846: Epoch 2
2026-06-23 17:23:38.159119: Current learning rate: 0.00993
2026-06-23 17:24:23.004205: train_loss -0.2569
2026-06-23 17:24:23.004693: val_loss -0.2244
2026-06-23 17:24:23.004837: Pseudo dice [np.float32(0.7076)]
2026-06-23 17:24:23.005027: Epoch time: 44.85 s
2026-06-23 17:24:23.005165: Yayy! New best EMA pseudo Dice: 0.680899977684021
2026-06-23 17:24:25.268008: 
2026-06-23 17:24:25.268520: Epoch 3
2026-06-23 17:24:25.268719: Current learning rate: 0.00989
2026-06-23 17:25:09.978199: train_loss -0.269
2026-06-23 17:25:09.978780: val_loss -0.224
2026-06-23 17:25:09.978948: Pseudo dice [np.float32(0.6973)]
2026-06-23 17:25:09.979126: Epoch time: 44.71 s
2026-06-23 17:25:09.979257: Yayy! New best EMA pseudo Dice: 0.6825000047683716
2026-06-23 17:25:12.172649: 
2026-06-23 17:25:12.173038: Epoch 4
2026-06-23 17:25:12.173230: Current learning rate: 0.00986
2026-06-23 17:25:56.907886: train_loss -0.2722
2026-06-23 17:25:56.908372: val_loss -0.2119
2026-06-23 17:25:56.908517: Pseudo dice [np.float32(0.6854)]
2026-06-23 17:25:56.908700: Epoch time: 44.74 s
2026-06-23 17:25:56.908931: Yayy! New best EMA pseudo Dice: 0.6827999949455261
2026-06-23 17:25:59.260588: 
2026-06-23 17:25:59.261114: Epoch 5
2026-06-23 17:25:59.261330: Current learning rate: 0.00982
2026-06-23 17:26:44.013685: train_loss -0.2834
2026-06-23 17:26:44.014232: val_loss -0.2083
2026-06-23 17:26:44.014380: Pseudo dice [np.float32(0.6905)]
2026-06-23 17:26:44.014555: Epoch time: 44.76 s
2026-06-23 17:26:44.014683: Yayy! New best EMA pseudo Dice: 0.6836000084877014
2026-06-23 17:26:46.223389: 
2026-06-23 17:26:46.223934: Epoch 6
2026-06-23 17:26:46.224224: Current learning rate: 0.00978
2026-06-23 17:27:30.937086: train_loss -0.2882
2026-06-23 17:27:30.937516: val_loss -0.2191
2026-06-23 17:27:30.937658: Pseudo dice [np.float32(0.6881)]
2026-06-23 17:27:30.937832: Epoch time: 44.72 s
2026-06-23 17:27:30.937975: Yayy! New best EMA pseudo Dice: 0.6840000152587891
2026-06-23 17:27:33.202960: 
2026-06-23 17:27:33.203460: Epoch 7
2026-06-23 17:27:33.203752: Current learning rate: 0.00975
2026-06-23 17:28:17.899840: train_loss -0.279
2026-06-23 17:28:17.900485: val_loss -0.2383
2026-06-23 17:28:17.900633: Pseudo dice [np.float32(0.6873)]
2026-06-23 17:28:17.900810: Epoch time: 44.7 s
2026-06-23 17:28:17.900959: Yayy! New best EMA pseudo Dice: 0.6844000220298767
2026-06-23 17:28:20.164477: 
2026-06-23 17:28:20.164956: Epoch 8
2026-06-23 17:28:20.165277: Current learning rate: 0.00971
2026-06-23 17:29:04.740243: train_loss -0.2957
2026-06-23 17:29:04.740675: val_loss -0.2474
2026-06-23 17:29:04.740819: Pseudo dice [np.float32(0.7076)]
2026-06-23 17:29:04.741001: Epoch time: 44.58 s
2026-06-23 17:29:04.741132: Yayy! New best EMA pseudo Dice: 0.6866999864578247
2026-06-23 17:29:07.418445: 
2026-06-23 17:29:07.418886: Epoch 9
2026-06-23 17:29:07.419181: Current learning rate: 0.00968
2026-06-23 17:29:52.139213: train_loss -0.2978
2026-06-23 17:29:52.139796: val_loss -0.2185
2026-06-23 17:29:52.139956: Pseudo dice [np.float32(0.6873)]
2026-06-23 17:29:52.140134: Epoch time: 44.72 s
2026-06-23 17:29:52.140272: Yayy! New best EMA pseudo Dice: 0.6866999864578247
2026-06-23 17:29:54.451694: 
2026-06-23 17:29:54.452169: Epoch 10
2026-06-23 17:29:54.452454: Current learning rate: 0.00964
2026-06-23 17:30:39.252323: train_loss -0.3102
2026-06-23 17:30:39.252978: val_loss -0.2253
2026-06-23 17:30:39.253195: Pseudo dice [np.float32(0.7013)]
2026-06-23 17:30:39.253378: Epoch time: 44.8 s
2026-06-23 17:30:39.253503: Yayy! New best EMA pseudo Dice: 0.6881999969482422
2026-06-23 17:30:41.495972: 
2026-06-23 17:30:41.496496: Epoch 11
2026-06-23 17:30:41.496791: Current learning rate: 0.0096
2026-06-23 17:31:26.198277: train_loss -0.3172
2026-06-23 17:31:26.198723: val_loss -0.2444
2026-06-23 17:31:26.198869: Pseudo dice [np.float32(0.6945)]
2026-06-23 17:31:26.199044: Epoch time: 44.71 s
2026-06-23 17:31:26.199173: Yayy! New best EMA pseudo Dice: 0.6887999773025513
2026-06-23 17:31:28.450760: 
2026-06-23 17:31:28.451217: Epoch 12
2026-06-23 17:31:28.451403: Current learning rate: 0.00957
2026-06-23 17:32:13.223009: train_loss -0.3032
2026-06-23 17:32:13.223592: val_loss -0.2428
2026-06-23 17:32:13.223741: Pseudo dice [np.float32(0.7131)]
2026-06-23 17:32:13.223917: Epoch time: 44.78 s
2026-06-23 17:32:13.224052: Yayy! New best EMA pseudo Dice: 0.6912999749183655
2026-06-23 17:32:15.446761: 
2026-06-23 17:32:15.447213: Epoch 13
2026-06-23 17:32:15.447506: Current learning rate: 0.00953
2026-06-23 17:33:00.132788: train_loss -0.31
2026-06-23 17:33:00.133291: val_loss -0.2461
2026-06-23 17:33:00.133441: Pseudo dice [np.float32(0.7024)]
2026-06-23 17:33:00.133610: Epoch time: 44.69 s
2026-06-23 17:33:00.133740: Yayy! New best EMA pseudo Dice: 0.6923999786376953
2026-06-23 17:33:02.353494: 
2026-06-23 17:33:02.353818: Epoch 14
2026-06-23 17:33:02.354008: Current learning rate: 0.00949
2026-06-23 17:33:47.113821: train_loss -0.3217
2026-06-23 17:33:47.114538: val_loss -0.2337
2026-06-23 17:33:47.114968: Pseudo dice [np.float32(0.705)]
2026-06-23 17:33:47.115227: Epoch time: 44.76 s
2026-06-23 17:33:47.115472: Yayy! New best EMA pseudo Dice: 0.6935999989509583
2026-06-23 17:33:49.351985: 
2026-06-23 17:33:49.352488: Epoch 15
2026-06-23 17:33:49.352737: Current learning rate: 0.00946
2026-06-23 17:34:34.063581: train_loss -0.3222
2026-06-23 17:34:34.064211: val_loss -0.1875
2026-06-23 17:34:34.064360: Pseudo dice [np.float32(0.6886)]
2026-06-23 17:34:34.064531: Epoch time: 44.71 s
2026-06-23 17:34:35.793959: 
2026-06-23 17:34:35.794412: Epoch 16
2026-06-23 17:34:35.794647: Current learning rate: 0.00942
2026-06-23 17:35:20.483872: train_loss -0.3191
2026-06-23 17:35:20.484432: val_loss -0.2367
2026-06-23 17:35:20.484582: Pseudo dice [np.float32(0.7101)]
2026-06-23 17:35:20.484754: Epoch time: 44.69 s
2026-06-23 17:35:20.484890: Yayy! New best EMA pseudo Dice: 0.6948000192642212
2026-06-23 17:35:22.712896: 
2026-06-23 17:35:22.713742: Epoch 17
2026-06-23 17:35:22.714435: Current learning rate: 0.00939
2026-06-23 17:36:07.357214: train_loss -0.3189
2026-06-23 17:36:07.357666: val_loss -0.2261
2026-06-23 17:36:07.357807: Pseudo dice [np.float32(0.6919)]
2026-06-23 17:36:07.357992: Epoch time: 44.65 s
2026-06-23 17:36:09.521791: 
2026-06-23 17:36:09.522426: Epoch 18
2026-06-23 17:36:09.522649: Current learning rate: 0.00935
2026-06-23 17:36:54.206566: train_loss -0.3165
2026-06-23 17:36:54.207241: val_loss -0.1866
2026-06-23 17:36:54.207394: Pseudo dice [np.float32(0.6899)]
2026-06-23 17:36:54.207580: Epoch time: 44.69 s
2026-06-23 17:36:55.962052: 
2026-06-23 17:36:55.962613: Epoch 19
2026-06-23 17:36:55.962834: Current learning rate: 0.00931
2026-06-23 17:37:40.748308: train_loss -0.33
2026-06-23 17:37:40.749069: val_loss -0.2444
2026-06-23 17:37:40.749244: Pseudo dice [np.float32(0.6972)]
2026-06-23 17:37:40.749426: Epoch time: 44.79 s
2026-06-23 17:37:42.515891: 
2026-06-23 17:37:42.516236: Epoch 20
2026-06-23 17:37:42.516545: Current learning rate: 0.00928
2026-06-23 17:38:27.257941: train_loss -0.3408
2026-06-23 17:38:27.258669: val_loss -0.2497
2026-06-23 17:38:27.258819: Pseudo dice [np.float32(0.716)]
2026-06-23 17:38:27.259013: Epoch time: 44.75 s
2026-06-23 17:38:27.259140: Yayy! New best EMA pseudo Dice: 0.6965000033378601
2026-06-23 17:38:29.622516: 
2026-06-23 17:38:29.623060: Epoch 21
2026-06-23 17:38:29.623366: Current learning rate: 0.00924
2026-06-23 17:39:14.448109: train_loss -0.324
2026-06-23 17:39:14.448741: val_loss -0.2826
2026-06-23 17:39:14.448905: Pseudo dice [np.float32(0.694)]
2026-06-23 17:39:14.449091: Epoch time: 44.83 s
2026-06-23 17:39:16.182756: 
2026-06-23 17:39:16.183225: Epoch 22
2026-06-23 17:39:16.183407: Current learning rate: 0.0092
2026-06-23 17:40:01.055871: train_loss -0.3418
2026-06-23 17:40:01.056350: val_loss -0.2334
2026-06-23 17:40:01.056496: Pseudo dice [np.float32(0.6882)]
2026-06-23 17:40:01.056676: Epoch time: 44.88 s
2026-06-23 17:40:02.791898: 
2026-06-23 17:40:02.792355: Epoch 23
2026-06-23 17:40:02.792645: Current learning rate: 0.00917
2026-06-23 17:40:47.595478: train_loss -0.3259
2026-06-23 17:40:47.596040: val_loss -0.2379
2026-06-23 17:40:47.596186: Pseudo dice [np.float32(0.6538)]
2026-06-23 17:40:47.596363: Epoch time: 44.81 s
2026-06-23 17:40:49.292016: 
2026-06-23 17:40:49.292454: Epoch 24
2026-06-23 17:40:49.292644: Current learning rate: 0.00913
2026-06-23 17:41:34.078973: train_loss -0.33
2026-06-23 17:41:34.079513: val_loss -0.2087
2026-06-23 17:41:34.079705: Pseudo dice [np.float32(0.6749)]
2026-06-23 17:41:34.079891: Epoch time: 44.79 s
2026-06-23 17:41:35.791046: 
2026-06-23 17:41:35.791674: Epoch 25
2026-06-23 17:41:35.791973: Current learning rate: 0.0091
2026-06-23 17:42:20.570200: train_loss -0.3417
2026-06-23 17:42:20.570805: val_loss -0.2347
2026-06-23 17:42:20.570963: Pseudo dice [np.float32(0.7077)]
2026-06-23 17:42:20.571137: Epoch time: 44.78 s
2026-06-23 17:42:22.655234: 
2026-06-23 17:42:22.655723: Epoch 26
2026-06-23 17:42:22.656023: Current learning rate: 0.00906
2026-06-23 17:43:07.333099: train_loss -0.3416
2026-06-23 17:43:07.333671: val_loss -0.2367
2026-06-23 17:43:07.333816: Pseudo dice [np.float32(0.6898)]
2026-06-23 17:43:07.334002: Epoch time: 44.68 s
2026-06-23 17:43:09.053939: 
2026-06-23 17:43:09.054418: Epoch 27
2026-06-23 17:43:09.054685: Current learning rate: 0.00902
2026-06-23 17:43:53.815825: train_loss -0.3406
2026-06-23 17:43:53.816316: val_loss -0.1525
2026-06-23 17:43:53.816459: Pseudo dice [np.float32(0.694)]
2026-06-23 17:43:53.816642: Epoch time: 44.77 s
2026-06-23 17:43:55.545283: 
2026-06-23 17:43:55.545790: Epoch 28
2026-06-23 17:43:55.546074: Current learning rate: 0.00899
2026-06-23 17:44:40.248724: train_loss -0.3413
2026-06-23 17:44:40.249304: val_loss -0.1984
2026-06-23 17:44:40.249463: Pseudo dice [np.float32(0.7022)]
2026-06-23 17:44:40.249655: Epoch time: 44.71 s
2026-06-23 17:44:41.968975: 
2026-06-23 17:44:41.969531: Epoch 29
2026-06-23 17:44:41.969829: Current learning rate: 0.00895
2026-06-23 17:45:26.668787: train_loss -0.3525
2026-06-23 17:45:26.669360: val_loss -0.1927
2026-06-23 17:45:26.669500: Pseudo dice [np.float32(0.6424)]
2026-06-23 17:45:26.669672: Epoch time: 44.7 s
2026-06-23 17:45:28.411618: 
2026-06-23 17:45:28.412086: Epoch 30
2026-06-23 17:45:28.412288: Current learning rate: 0.00891
2026-06-23 17:46:13.225625: train_loss -0.3611
2026-06-23 17:46:13.226155: val_loss -0.2537
2026-06-23 17:46:13.226306: Pseudo dice [np.float32(0.6931)]
2026-06-23 17:46:13.226482: Epoch time: 44.82 s
2026-06-23 17:46:14.969450: 
2026-06-23 17:46:14.969922: Epoch 31
2026-06-23 17:46:14.970216: Current learning rate: 0.00888
2026-06-23 17:46:59.843626: train_loss -0.3449
2026-06-23 17:46:59.844098: val_loss -0.2454
2026-06-23 17:46:59.844235: Pseudo dice [np.float32(0.713)]
2026-06-23 17:46:59.844407: Epoch time: 44.88 s
2026-06-23 17:47:01.585578: 
2026-06-23 17:47:01.585980: Epoch 32
2026-06-23 17:47:01.586159: Current learning rate: 0.00884
2026-06-23 17:47:46.544678: train_loss -0.3559
2026-06-23 17:47:46.545147: val_loss -0.2419
2026-06-23 17:47:46.545293: Pseudo dice [np.float32(0.6935)]
2026-06-23 17:47:46.545467: Epoch time: 44.96 s
2026-06-23 17:47:48.303272: 
2026-06-23 17:47:48.303733: Epoch 33
2026-06-23 17:47:48.303930: Current learning rate: 0.0088
2026-06-23 17:48:33.074734: train_loss -0.3719
2026-06-23 17:48:33.075410: val_loss -0.2699
2026-06-23 17:48:33.075565: Pseudo dice [np.float32(0.7134)]
2026-06-23 17:48:33.075739: Epoch time: 44.77 s
2026-06-23 17:48:34.850746: 
2026-06-23 17:48:34.851594: Epoch 34
2026-06-23 17:48:34.852323: Current learning rate: 0.00877
2026-06-23 17:49:19.688408: train_loss -0.3659
2026-06-23 17:49:19.688948: val_loss -0.2501
2026-06-23 17:49:19.689169: Pseudo dice [np.float32(0.6887)]
2026-06-23 17:49:19.689347: Epoch time: 44.84 s
2026-06-23 17:49:21.883821: 
2026-06-23 17:49:21.884376: Epoch 35
2026-06-23 17:49:21.884575: Current learning rate: 0.00873
2026-06-23 17:50:06.557070: train_loss -0.3571
2026-06-23 17:50:06.557626: val_loss -0.2485
2026-06-23 17:50:06.557777: Pseudo dice [np.float32(0.6824)]
2026-06-23 17:50:06.557962: Epoch time: 44.68 s
2026-06-23 17:50:08.329518: 
2026-06-23 17:50:08.330011: Epoch 36
2026-06-23 17:50:08.330216: Current learning rate: 0.00869
2026-06-23 17:50:52.975919: train_loss -0.3631
2026-06-23 17:50:52.976384: val_loss -0.2432
2026-06-23 17:50:52.976530: Pseudo dice [np.float32(0.6955)]
2026-06-23 17:50:52.976703: Epoch time: 44.65 s
2026-06-23 17:50:54.746517: 
2026-06-23 17:50:54.746942: Epoch 37
2026-06-23 17:50:54.747138: Current learning rate: 0.00866
2026-06-23 17:51:39.466903: train_loss -0.3562
2026-06-23 17:51:39.467445: val_loss -0.2556
2026-06-23 17:51:39.467610: Pseudo dice [np.float32(0.6928)]
2026-06-23 17:51:39.467786: Epoch time: 44.72 s
2026-06-23 17:51:41.239797: 
2026-06-23 17:51:41.240204: Epoch 38
2026-06-23 17:51:41.240385: Current learning rate: 0.00862
2026-06-23 17:52:25.992079: train_loss -0.3566
2026-06-23 17:52:25.992716: val_loss -0.2616
2026-06-23 17:52:25.993563: Pseudo dice [np.float32(0.7051)]
2026-06-23 17:52:25.993751: Epoch time: 44.76 s
2026-06-23 17:52:27.763651: 
2026-06-23 17:52:27.764052: Epoch 39
2026-06-23 17:52:27.764232: Current learning rate: 0.00858
2026-06-23 17:53:12.431030: train_loss -0.379
2026-06-23 17:53:12.431642: val_loss -0.2731
2026-06-23 17:53:12.431788: Pseudo dice [np.float32(0.7007)]
2026-06-23 17:53:12.431960: Epoch time: 44.67 s
2026-06-23 17:53:14.227038: 
2026-06-23 17:53:14.227641: Epoch 40
2026-06-23 17:53:14.227953: Current learning rate: 0.00855
2026-06-23 17:53:59.040651: train_loss -0.37
2026-06-23 17:53:59.041190: val_loss -0.2488
2026-06-23 17:53:59.041381: Pseudo dice [np.float32(0.695)]
2026-06-23 17:53:59.041567: Epoch time: 44.82 s
2026-06-23 17:54:00.832494: 
2026-06-23 17:54:00.832948: Epoch 41
2026-06-23 17:54:00.833166: Current learning rate: 0.00851
2026-06-23 17:54:45.622473: train_loss -0.3715
2026-06-23 17:54:45.622938: val_loss -0.272
2026-06-23 17:54:45.623083: Pseudo dice [np.float32(0.7351)]
2026-06-23 17:54:45.623248: Epoch time: 44.79 s
2026-06-23 17:54:45.623374: Yayy! New best EMA pseudo Dice: 0.6984000205993652
2026-06-23 17:54:47.841956: 
2026-06-23 17:54:47.842400: Epoch 42
2026-06-23 17:54:47.842596: Current learning rate: 0.00847
2026-06-23 17:55:32.480208: train_loss -0.3736
2026-06-23 17:55:32.480684: val_loss -0.212
2026-06-23 17:55:32.480833: Pseudo dice [np.float32(0.6564)]
2026-06-23 17:55:32.481017: Epoch time: 44.64 s
2026-06-23 17:55:34.212017: 
2026-06-23 17:55:34.212484: Epoch 43
2026-06-23 17:55:34.212818: Current learning rate: 0.00844
2026-06-23 17:56:18.928286: train_loss -0.3819
2026-06-23 17:56:18.928781: val_loss -0.2635
2026-06-23 17:56:18.928944: Pseudo dice [np.float32(0.6952)]
2026-06-23 17:56:18.929123: Epoch time: 44.72 s
2026-06-23 17:56:21.086404: 
2026-06-23 17:56:21.086842: Epoch 44
2026-06-23 17:56:21.087037: Current learning rate: 0.0084
2026-06-23 17:57:05.859505: train_loss -0.3665
2026-06-23 17:57:05.860086: val_loss -0.2593
2026-06-23 17:57:05.860269: Pseudo dice [np.float32(0.6925)]
2026-06-23 17:57:05.860446: Epoch time: 44.78 s
2026-06-23 17:57:07.573070: 
2026-06-23 17:57:07.573522: Epoch 45
2026-06-23 17:57:07.573709: Current learning rate: 0.00836
2026-06-23 17:57:52.411866: train_loss -0.3812
2026-06-23 17:57:52.412437: val_loss -0.2308
2026-06-23 17:57:52.412604: Pseudo dice [np.float32(0.6784)]
2026-06-23 17:57:52.412783: Epoch time: 44.84 s
2026-06-23 17:57:54.133326: 
2026-06-23 17:57:54.133937: Epoch 46
2026-06-23 17:57:54.134230: Current learning rate: 0.00833
2026-06-23 17:58:38.893655: train_loss -0.3748
2026-06-23 17:58:38.894201: val_loss -0.2726
2026-06-23 17:58:38.894440: Pseudo dice [np.float32(0.7149)]
2026-06-23 17:58:38.894614: Epoch time: 44.76 s
2026-06-23 17:58:40.628913: 
2026-06-23 17:58:40.629305: Epoch 47
2026-06-23 17:58:40.629604: Current learning rate: 0.00829
2026-06-23 17:59:25.455428: train_loss -0.3823
2026-06-23 17:59:25.456051: val_loss -0.2383
2026-06-23 17:59:25.456207: Pseudo dice [np.float32(0.7036)]
2026-06-23 17:59:25.456381: Epoch time: 44.83 s
2026-06-23 17:59:27.179302: 
2026-06-23 17:59:27.179864: Epoch 48
2026-06-23 17:59:27.180197: Current learning rate: 0.00825
2026-06-23 18:00:11.835603: train_loss -0.3863
2026-06-23 18:00:11.836137: val_loss -0.2621
2026-06-23 18:00:11.836297: Pseudo dice [np.float32(0.6986)]
2026-06-23 18:00:11.836473: Epoch time: 44.66 s
2026-06-23 18:00:13.583755: 
2026-06-23 18:00:13.584332: Epoch 49
2026-06-23 18:00:13.584678: Current learning rate: 0.00822
2026-06-23 18:00:58.273419: train_loss -0.3779
2026-06-23 18:00:58.273882: val_loss -0.2241
2026-06-23 18:00:58.274028: Pseudo dice [np.float32(0.6912)]
2026-06-23 18:00:58.274197: Epoch time: 44.69 s
2026-06-23 18:01:00.591653: 
2026-06-23 18:01:00.592232: Epoch 50
2026-06-23 18:01:00.592533: Current learning rate: 0.00818
2026-06-23 18:01:45.400176: train_loss -0.3728
2026-06-23 18:01:45.400866: val_loss -0.3026
2026-06-23 18:01:45.401021: Pseudo dice [np.float32(0.7337)]
2026-06-23 18:01:45.401196: Epoch time: 44.81 s
2026-06-23 18:01:45.401325: Yayy! New best EMA pseudo Dice: 0.6992999911308289
2026-06-23 18:01:47.644726: 
2026-06-23 18:01:47.645216: Epoch 51
2026-06-23 18:01:47.645411: Current learning rate: 0.00814
2026-06-23 18:02:32.304311: train_loss -0.3831
2026-06-23 18:02:32.304796: val_loss -0.2265
2026-06-23 18:02:32.304953: Pseudo dice [np.float32(0.6837)]
2026-06-23 18:02:32.305136: Epoch time: 44.66 s
2026-06-23 18:02:34.037894: 
2026-06-23 18:02:34.038411: Epoch 52
2026-06-23 18:02:34.038600: Current learning rate: 0.00811
2026-06-23 18:03:18.790984: train_loss -0.3771
2026-06-23 18:03:18.791531: val_loss -0.221
2026-06-23 18:03:18.791690: Pseudo dice [np.float32(0.6958)]
2026-06-23 18:03:18.791874: Epoch time: 44.76 s
2026-06-23 18:03:20.948656: 
2026-06-23 18:03:20.949173: Epoch 53
2026-06-23 18:03:20.949368: Current learning rate: 0.00807
2026-06-23 18:04:05.666325: train_loss -0.3861
2026-06-23 18:04:05.666881: val_loss -0.2374
2026-06-23 18:04:05.667027: Pseudo dice [np.float32(0.7085)]
2026-06-23 18:04:05.667210: Epoch time: 44.72 s
2026-06-23 18:04:07.418908: 
2026-06-23 18:04:07.419348: Epoch 54
2026-06-23 18:04:07.419550: Current learning rate: 0.00803
2026-06-23 18:04:52.222400: train_loss -0.3957
2026-06-23 18:04:52.222892: val_loss -0.1979
2026-06-23 18:04:52.223043: Pseudo dice [np.float32(0.6741)]
2026-06-23 18:04:52.223216: Epoch time: 44.81 s
2026-06-23 18:04:53.972266: 
2026-06-23 18:04:53.972860: Epoch 55
2026-06-23 18:04:53.973196: Current learning rate: 0.008
2026-06-23 18:05:38.632462: train_loss -0.3797
2026-06-23 18:05:38.632960: val_loss -0.2247
2026-06-23 18:05:38.633110: Pseudo dice [np.float32(0.6936)]
2026-06-23 18:05:38.633284: Epoch time: 44.66 s
2026-06-23 18:05:40.382453: 
2026-06-23 18:05:40.382940: Epoch 56
2026-06-23 18:05:40.383153: Current learning rate: 0.00796
2026-06-23 18:06:25.085626: train_loss -0.3847
2026-06-23 18:06:25.086160: val_loss -0.2249
2026-06-23 18:06:25.086322: Pseudo dice [np.float32(0.6907)]
2026-06-23 18:06:25.086502: Epoch time: 44.71 s
2026-06-23 18:06:26.831082: 
2026-06-23 18:06:26.831477: Epoch 57
2026-06-23 18:06:26.831652: Current learning rate: 0.00792
2026-06-23 18:07:11.584754: train_loss -0.3907
2026-06-23 18:07:11.585307: val_loss -0.1566
2026-06-23 18:07:11.585471: Pseudo dice [np.float32(0.6349)]
2026-06-23 18:07:11.585655: Epoch time: 44.76 s
2026-06-23 18:07:13.313087: 
2026-06-23 18:07:13.313456: Epoch 58
2026-06-23 18:07:13.313660: Current learning rate: 0.00789
2026-06-23 18:07:58.124431: train_loss -0.3808
2026-06-23 18:07:58.124957: val_loss -0.2452
2026-06-23 18:07:58.125118: Pseudo dice [np.float32(0.7045)]
2026-06-23 18:07:58.125294: Epoch time: 44.81 s
2026-06-23 18:07:59.864007: 
2026-06-23 18:07:59.864540: Epoch 59
2026-06-23 18:07:59.864846: Current learning rate: 0.00785
2026-06-23 18:08:44.558017: train_loss -0.3864
2026-06-23 18:08:44.558487: val_loss -0.1621
2026-06-23 18:08:44.558632: Pseudo dice [np.float32(0.6772)]
2026-06-23 18:08:44.558801: Epoch time: 44.7 s
2026-06-23 18:08:46.313878: 
2026-06-23 18:08:46.314404: Epoch 60
2026-06-23 18:08:46.314683: Current learning rate: 0.00781
2026-06-23 18:09:31.068565: train_loss -0.3854
2026-06-23 18:09:31.069000: val_loss -0.217
2026-06-23 18:09:31.069139: Pseudo dice [np.float32(0.6872)]
2026-06-23 18:09:31.069307: Epoch time: 44.76 s
2026-06-23 18:09:33.236059: 
2026-06-23 18:09:33.236515: Epoch 61
2026-06-23 18:09:33.236705: Current learning rate: 0.00777
2026-06-23 18:10:18.029105: train_loss -0.3877
2026-06-23 18:10:18.029750: val_loss -0.2152
2026-06-23 18:10:18.029909: Pseudo dice [np.float32(0.7042)]
2026-06-23 18:10:18.030085: Epoch time: 44.8 s
2026-06-23 18:10:19.770949: 
2026-06-23 18:10:19.771473: Epoch 62
2026-06-23 18:10:19.771669: Current learning rate: 0.00774
2026-06-23 18:11:04.440652: train_loss -0.4072
2026-06-23 18:11:04.441281: val_loss -0.2323
2026-06-23 18:11:04.441433: Pseudo dice [np.float32(0.7069)]
2026-06-23 18:11:04.441612: Epoch time: 44.67 s
2026-06-23 18:11:06.177738: 
2026-06-23 18:11:06.178174: Epoch 63
2026-06-23 18:11:06.178368: Current learning rate: 0.0077
2026-06-23 18:11:51.082773: train_loss -0.385
2026-06-23 18:11:51.083366: val_loss -0.2684
2026-06-23 18:11:51.083519: Pseudo dice [np.float32(0.7092)]
2026-06-23 18:11:51.083695: Epoch time: 44.91 s
2026-06-23 18:11:52.827992: 
2026-06-23 18:11:52.828458: Epoch 64
2026-06-23 18:11:52.828761: Current learning rate: 0.00766
2026-06-23 18:12:37.594653: train_loss -0.4037
2026-06-23 18:12:37.595239: val_loss -0.2788
2026-06-23 18:12:37.595388: Pseudo dice [np.float32(0.6962)]
2026-06-23 18:12:37.595558: Epoch time: 44.77 s
2026-06-23 18:12:39.347701: 
2026-06-23 18:12:39.348140: Epoch 65
2026-06-23 18:12:39.348355: Current learning rate: 0.00763
2026-06-23 18:13:24.007107: train_loss -0.3931
2026-06-23 18:13:24.007758: val_loss -0.2469
2026-06-23 18:13:24.007919: Pseudo dice [np.float32(0.6881)]
2026-06-23 18:13:24.008102: Epoch time: 44.66 s
2026-06-23 18:13:25.760844: 
2026-06-23 18:13:25.761635: Epoch 66
2026-06-23 18:13:25.762358: Current learning rate: 0.00759
2026-06-23 18:14:10.604008: train_loss -0.4005
2026-06-23 18:14:10.604858: val_loss -0.2495
2026-06-23 18:14:10.605017: Pseudo dice [np.float32(0.7114)]
2026-06-23 18:14:10.605238: Epoch time: 44.85 s
2026-06-23 18:14:12.380082: 
2026-06-23 18:14:12.380448: Epoch 67
2026-06-23 18:14:12.380862: Current learning rate: 0.00755
2026-06-23 18:14:57.151497: train_loss -0.4054
2026-06-23 18:14:57.152194: val_loss -0.2586
2026-06-23 18:14:57.152347: Pseudo dice [np.float32(0.7043)]
2026-06-23 18:14:57.152521: Epoch time: 44.78 s
2026-06-23 18:14:58.932310: 
2026-06-23 18:14:58.932996: Epoch 68
2026-06-23 18:14:58.933237: Current learning rate: 0.00751
2026-06-23 18:15:43.550737: train_loss -0.396
2026-06-23 18:15:43.551930: val_loss -0.2463
2026-06-23 18:15:43.552078: Pseudo dice [np.float32(0.7126)]
2026-06-23 18:15:43.552320: Epoch time: 44.62 s
2026-06-23 18:15:45.340922: 
2026-06-23 18:15:45.341463: Epoch 69
2026-06-23 18:15:45.341763: Current learning rate: 0.00748
2026-06-23 18:16:30.052359: train_loss -0.403
2026-06-23 18:16:30.052924: val_loss -0.2534
2026-06-23 18:16:30.053074: Pseudo dice [np.float32(0.7096)]
2026-06-23 18:16:30.053248: Epoch time: 44.72 s
2026-06-23 18:16:32.211010: 
2026-06-23 18:16:32.211510: Epoch 70
2026-06-23 18:16:32.211708: Current learning rate: 0.00744
2026-06-23 18:17:16.907083: train_loss -0.4024
2026-06-23 18:17:16.907598: val_loss -0.2438
2026-06-23 18:17:16.907747: Pseudo dice [np.float32(0.6795)]
2026-06-23 18:17:16.907931: Epoch time: 44.7 s
2026-06-23 18:17:18.679859: 
2026-06-23 18:17:18.680363: Epoch 71
2026-06-23 18:17:18.680559: Current learning rate: 0.0074
2026-06-23 18:18:03.376911: train_loss -0.4205
2026-06-23 18:18:03.377524: val_loss -0.2508
2026-06-23 18:18:03.377777: Pseudo dice [np.float32(0.7124)]
2026-06-23 18:18:03.378206: Epoch time: 44.7 s
2026-06-23 18:18:05.141675: 
2026-06-23 18:18:05.142254: Epoch 72
2026-06-23 18:18:05.142549: Current learning rate: 0.00737
2026-06-23 18:18:49.900067: train_loss -0.411
2026-06-23 18:18:49.900595: val_loss -0.2553
2026-06-23 18:18:49.900740: Pseudo dice [np.float32(0.7172)]
2026-06-23 18:18:49.900918: Epoch time: 44.76 s
2026-06-23 18:18:49.901056: Yayy! New best EMA pseudo Dice: 0.7005000114440918
2026-06-23 18:18:52.214152: 
2026-06-23 18:18:52.214730: Epoch 73
2026-06-23 18:18:52.215048: Current learning rate: 0.00733
2026-06-23 18:19:37.032503: train_loss -0.4236
2026-06-23 18:19:37.033096: val_loss -0.3138
2026-06-23 18:19:37.033243: Pseudo dice [np.float32(0.7482)]
2026-06-23 18:19:37.033413: Epoch time: 44.82 s
2026-06-23 18:19:37.033537: Yayy! New best EMA pseudo Dice: 0.705299973487854
2026-06-23 18:19:39.293974: 
2026-06-23 18:19:39.294416: Epoch 74
2026-06-23 18:19:39.294602: Current learning rate: 0.00729
2026-06-23 18:20:23.999628: train_loss -0.4129
2026-06-23 18:20:24.000249: val_loss -0.2425
2026-06-23 18:20:24.000391: Pseudo dice [np.float32(0.6952)]
2026-06-23 18:20:24.000565: Epoch time: 44.71 s
2026-06-23 18:20:25.768564: 
2026-06-23 18:20:25.769049: Epoch 75
2026-06-23 18:20:25.769333: Current learning rate: 0.00725
2026-06-23 18:21:10.468162: train_loss -0.4099
2026-06-23 18:21:10.468704: val_loss -0.2245
2026-06-23 18:21:10.468867: Pseudo dice [np.float32(0.7007)]
2026-06-23 18:21:10.469041: Epoch time: 44.7 s
2026-06-23 18:21:12.220151: 
2026-06-23 18:21:12.220557: Epoch 76
2026-06-23 18:21:12.220739: Current learning rate: 0.00722
2026-06-23 18:21:57.105677: train_loss -0.4143
2026-06-23 18:21:57.106174: val_loss -0.1921
2026-06-23 18:21:57.106318: Pseudo dice [np.float32(0.6689)]
2026-06-23 18:21:57.106493: Epoch time: 44.89 s
2026-06-23 18:21:58.878122: 
2026-06-23 18:21:58.878581: Epoch 77
2026-06-23 18:21:58.878773: Current learning rate: 0.00718
2026-06-23 18:22:43.560919: train_loss -0.4214
2026-06-23 18:22:43.561378: val_loss -0.2407
2026-06-23 18:22:43.561524: Pseudo dice [np.float32(0.7049)]
2026-06-23 18:22:43.561695: Epoch time: 44.69 s
2026-06-23 18:22:45.330808: 
2026-06-23 18:22:45.331192: Epoch 78
2026-06-23 18:22:45.331367: Current learning rate: 0.00714
2026-06-23 18:23:30.183170: train_loss -0.4032
2026-06-23 18:23:30.183679: val_loss -0.2185
2026-06-23 18:23:30.183868: Pseudo dice [np.float32(0.6986)]
2026-06-23 18:23:30.184040: Epoch time: 44.86 s
2026-06-23 18:23:32.332511: 
2026-06-23 18:23:32.332961: Epoch 79
2026-06-23 18:23:32.333189: Current learning rate: 0.0071
2026-06-23 18:24:17.145742: train_loss -0.4141
2026-06-23 18:24:17.146446: val_loss -0.2633
2026-06-23 18:24:17.146596: Pseudo dice [np.float32(0.7219)]
2026-06-23 18:24:17.146768: Epoch time: 44.82 s
2026-06-23 18:24:18.930342: 
2026-06-23 18:24:18.930882: Epoch 80
2026-06-23 18:24:18.931187: Current learning rate: 0.00707
2026-06-23 18:25:03.741476: train_loss -0.408
2026-06-23 18:25:03.742018: val_loss -0.2272
2026-06-23 18:25:03.742166: Pseudo dice [np.float32(0.7045)]
2026-06-23 18:25:03.742335: Epoch time: 44.81 s
2026-06-23 18:25:05.533194: 
2026-06-23 18:25:05.533680: Epoch 81
2026-06-23 18:25:05.533968: Current learning rate: 0.00703
2026-06-23 18:25:50.238018: train_loss -0.4153
2026-06-23 18:25:50.238628: val_loss -0.2387
2026-06-23 18:25:50.238780: Pseudo dice [np.float32(0.6933)]
2026-06-23 18:25:50.238963: Epoch time: 44.71 s
2026-06-23 18:25:52.033077: 
2026-06-23 18:25:52.033694: Epoch 82
2026-06-23 18:25:52.033997: Current learning rate: 0.00699
2026-06-23 18:26:36.725319: train_loss -0.4052
2026-06-23 18:26:36.725883: val_loss -0.2508
2026-06-23 18:26:36.726048: Pseudo dice [np.float32(0.7273)]
2026-06-23 18:26:36.726232: Epoch time: 44.7 s
2026-06-23 18:26:38.452054: 
2026-06-23 18:26:38.452512: Epoch 83
2026-06-23 18:26:38.452775: Current learning rate: 0.00696
2026-06-23 18:27:23.229658: train_loss -0.4094
2026-06-23 18:27:23.230184: val_loss -0.2243
2026-06-23 18:27:23.230326: Pseudo dice [np.float32(0.6953)]
2026-06-23 18:27:23.230495: Epoch time: 44.78 s
2026-06-23 18:27:24.953515: 
2026-06-23 18:27:24.953974: Epoch 84
2026-06-23 18:27:24.954181: Current learning rate: 0.00692
2026-06-23 18:28:09.616670: train_loss -0.4094
2026-06-23 18:28:09.617145: val_loss -0.2518
2026-06-23 18:28:09.617293: Pseudo dice [np.float32(0.7081)]
2026-06-23 18:28:09.617463: Epoch time: 44.67 s
2026-06-23 18:28:11.354562: 
2026-06-23 18:28:11.355108: Epoch 85
2026-06-23 18:28:11.355411: Current learning rate: 0.00688
2026-06-23 18:28:55.937408: train_loss -0.417
2026-06-23 18:28:55.937883: val_loss -0.1914
2026-06-23 18:28:55.938030: Pseudo dice [np.float32(0.6831)]
2026-06-23 18:28:55.938203: Epoch time: 44.59 s
2026-06-23 18:28:57.659808: 
2026-06-23 18:28:57.660334: Epoch 86
2026-06-23 18:28:57.660627: Current learning rate: 0.00684
2026-06-23 18:29:42.468307: train_loss -0.4208
2026-06-23 18:29:42.468835: val_loss -0.2233
2026-06-23 18:29:42.469005: Pseudo dice [np.float32(0.7046)]
2026-06-23 18:29:42.469181: Epoch time: 44.81 s
2026-06-23 18:29:44.585122: 
2026-06-23 18:29:44.585693: Epoch 87
2026-06-23 18:29:44.585968: Current learning rate: 0.0068
2026-06-23 18:30:29.225750: train_loss -0.427
2026-06-23 18:30:29.226275: val_loss -0.2051
2026-06-23 18:30:29.226464: Pseudo dice [np.float32(0.6791)]
2026-06-23 18:30:29.226648: Epoch time: 44.64 s
2026-06-23 18:30:30.948629: 
2026-06-23 18:30:30.949226: Epoch 88
2026-06-23 18:30:30.949517: Current learning rate: 0.00677
2026-06-23 18:31:15.552682: train_loss -0.4234
2026-06-23 18:31:15.553232: val_loss -0.2661
2026-06-23 18:31:15.553381: Pseudo dice [np.float32(0.7074)]
2026-06-23 18:31:15.553546: Epoch time: 44.61 s
2026-06-23 18:31:17.283200: 
2026-06-23 18:31:17.283704: Epoch 89
2026-06-23 18:31:17.284002: Current learning rate: 0.00673
2026-06-23 18:32:02.016377: train_loss -0.4168
2026-06-23 18:32:02.017112: val_loss -0.227
2026-06-23 18:32:02.017295: Pseudo dice [np.float32(0.6962)]
2026-06-23 18:32:02.017469: Epoch time: 44.74 s
2026-06-23 18:32:03.743946: 
2026-06-23 18:32:03.744427: Epoch 90
2026-06-23 18:32:03.744630: Current learning rate: 0.00669
2026-06-23 18:32:48.439538: train_loss -0.4261
2026-06-23 18:32:48.440150: val_loss -0.1974
2026-06-23 18:32:48.440344: Pseudo dice [np.float32(0.6772)]
2026-06-23 18:32:48.440515: Epoch time: 44.7 s
2026-06-23 18:32:50.176535: 
2026-06-23 18:32:50.177070: Epoch 91
2026-06-23 18:32:50.177376: Current learning rate: 0.00665
2026-06-23 18:33:34.879452: train_loss -0.4213
2026-06-23 18:33:34.879889: val_loss -0.1923
2026-06-23 18:33:34.880033: Pseudo dice [np.float32(0.6796)]
2026-06-23 18:33:34.880208: Epoch time: 44.71 s
2026-06-23 18:33:36.613802: 
2026-06-23 18:33:36.614210: Epoch 92
2026-06-23 18:33:36.614391: Current learning rate: 0.00662
2026-06-23 18:34:21.457392: train_loss -0.4243
2026-06-23 18:34:21.457822: val_loss -0.2482
2026-06-23 18:34:21.457973: Pseudo dice [np.float32(0.7169)]
2026-06-23 18:34:21.458150: Epoch time: 44.85 s
2026-06-23 18:34:23.201343: 
2026-06-23 18:34:23.201777: Epoch 93
2026-06-23 18:34:23.201967: Current learning rate: 0.00658
2026-06-23 18:35:07.913842: train_loss -0.4457
2026-06-23 18:35:07.914439: val_loss -0.2253
2026-06-23 18:35:07.914582: Pseudo dice [np.float32(0.7008)]
2026-06-23 18:35:07.914756: Epoch time: 44.72 s
2026-06-23 18:35:09.656940: 
2026-06-23 18:35:09.657503: Epoch 94
2026-06-23 18:35:09.657800: Current learning rate: 0.00654
2026-06-23 18:35:54.402130: train_loss -0.4203
2026-06-23 18:35:54.402608: val_loss -0.1376
2026-06-23 18:35:54.402752: Pseudo dice [np.float32(0.6314)]
2026-06-23 18:35:54.402930: Epoch time: 44.75 s
2026-06-23 18:35:56.142245: 
2026-06-23 18:35:56.142717: Epoch 95
2026-06-23 18:35:56.143004: Current learning rate: 0.0065
2026-06-23 18:36:40.864101: train_loss -0.4156
2026-06-23 18:36:40.864675: val_loss -0.2357
2026-06-23 18:36:40.864835: Pseudo dice [np.float32(0.6925)]
2026-06-23 18:36:40.865033: Epoch time: 44.73 s
2026-06-23 18:36:42.605243: 
2026-06-23 18:36:42.605804: Epoch 96
2026-06-23 18:36:42.606110: Current learning rate: 0.00647
2026-06-23 18:37:27.576772: train_loss -0.4276
2026-06-23 18:37:27.577446: val_loss -0.2201
2026-06-23 18:37:27.577604: Pseudo dice [np.float32(0.6944)]
2026-06-23 18:37:27.577773: Epoch time: 44.97 s
2026-06-23 18:37:29.339378: 
2026-06-23 18:37:29.339965: Epoch 97
2026-06-23 18:37:29.340274: Current learning rate: 0.00643
2026-06-23 18:38:14.050724: train_loss -0.4215
2026-06-23 18:38:14.051281: val_loss -0.182
2026-06-23 18:38:14.051424: Pseudo dice [np.float32(0.6718)]
2026-06-23 18:38:14.051603: Epoch time: 44.71 s
2026-06-23 18:38:15.812909: 
2026-06-23 18:38:15.813380: Epoch 98
2026-06-23 18:38:15.813648: Current learning rate: 0.00639
2026-06-23 18:39:00.536336: train_loss -0.4189
2026-06-23 18:39:00.536880: val_loss -0.2354
2026-06-23 18:39:00.537029: Pseudo dice [np.float32(0.6906)]
2026-06-23 18:39:00.537209: Epoch time: 44.73 s
2026-06-23 18:39:02.287834: 
2026-06-23 18:39:02.288270: Epoch 99
2026-06-23 18:39:02.288456: Current learning rate: 0.00635
2026-06-23 18:39:47.034920: train_loss -0.4338
2026-06-23 18:39:47.035378: val_loss -0.2157
2026-06-23 18:39:47.035516: Pseudo dice [np.float32(0.6866)]
2026-06-23 18:39:47.035688: Epoch time: 44.75 s
2026-06-23 18:39:49.385361: 
2026-06-23 18:39:49.385946: Epoch 100
2026-06-23 18:39:49.386250: Current learning rate: 0.00631
2026-06-23 18:40:34.093969: train_loss -0.4172
2026-06-23 18:40:34.094427: val_loss -0.2678
2026-06-23 18:40:34.094572: Pseudo dice [np.float32(0.7152)]
2026-06-23 18:40:34.094739: Epoch time: 44.71 s
2026-06-23 18:40:35.837972: 
2026-06-23 18:40:35.838490: Epoch 101
2026-06-23 18:40:35.838690: Current learning rate: 0.00628
2026-06-23 18:41:20.413294: train_loss -0.4316
2026-06-23 18:41:20.413839: val_loss -0.258
2026-06-23 18:41:20.413997: Pseudo dice [np.float32(0.726)]
2026-06-23 18:41:20.414165: Epoch time: 44.58 s
2026-06-23 18:41:22.168863: 
2026-06-23 18:41:22.169320: Epoch 102
2026-06-23 18:41:22.169508: Current learning rate: 0.00624
2026-06-23 18:42:06.861610: train_loss -0.4229
2026-06-23 18:42:06.862161: val_loss -0.2053
2026-06-23 18:42:06.862312: Pseudo dice [np.float32(0.6839)]
2026-06-23 18:42:06.862510: Epoch time: 44.7 s
2026-06-23 18:42:08.630902: 
2026-06-23 18:42:08.631409: Epoch 103
2026-06-23 18:42:08.631773: Current learning rate: 0.0062
2026-06-23 18:42:53.473726: train_loss -0.4426
2026-06-23 18:42:53.474250: val_loss -0.256
2026-06-23 18:42:53.474392: Pseudo dice [np.float32(0.7239)]
2026-06-23 18:42:53.474561: Epoch time: 44.85 s
2026-06-23 18:42:55.226599: 
2026-06-23 18:42:55.227010: Epoch 104
2026-06-23 18:42:55.227191: Current learning rate: 0.00616
2026-06-23 18:43:40.075566: train_loss -0.4283
2026-06-23 18:43:40.076094: val_loss -0.2635
2026-06-23 18:43:40.076259: Pseudo dice [np.float32(0.7105)]
2026-06-23 18:43:40.076443: Epoch time: 44.85 s
2026-06-23 18:43:42.272828: 
2026-06-23 18:43:42.273223: Epoch 105
2026-06-23 18:43:42.273413: Current learning rate: 0.00612
2026-06-23 18:44:26.921873: train_loss -0.4347
2026-06-23 18:44:26.922437: val_loss -0.1814
2026-06-23 18:44:26.922646: Pseudo dice [np.float32(0.6694)]
2026-06-23 18:44:26.922821: Epoch time: 44.65 s
2026-06-23 18:44:28.685233: 
2026-06-23 18:44:28.685754: Epoch 106
2026-06-23 18:44:28.685969: Current learning rate: 0.00609
2026-06-23 18:45:13.455595: train_loss -0.4349
2026-06-23 18:45:13.456186: val_loss -0.2184
2026-06-23 18:45:13.456330: Pseudo dice [np.float32(0.6841)]
2026-06-23 18:45:13.456507: Epoch time: 44.77 s
2026-06-23 18:45:15.229055: 
2026-06-23 18:45:15.229531: Epoch 107
2026-06-23 18:45:15.229829: Current learning rate: 0.00605
2026-06-23 18:45:59.913275: train_loss -0.4448
2026-06-23 18:45:59.913824: val_loss -0.2141
2026-06-23 18:45:59.914000: Pseudo dice [np.float32(0.6774)]
2026-06-23 18:45:59.914193: Epoch time: 44.69 s
2026-06-23 18:46:01.681063: 
2026-06-23 18:46:01.681468: Epoch 108
2026-06-23 18:46:01.681661: Current learning rate: 0.00601
2026-06-23 18:46:46.432887: train_loss -0.4276
2026-06-23 18:46:46.433323: val_loss -0.2078
2026-06-23 18:46:46.433466: Pseudo dice [np.float32(0.6887)]
2026-06-23 18:46:46.433630: Epoch time: 44.76 s
2026-06-23 18:46:48.199201: 
2026-06-23 18:46:48.199692: Epoch 109
2026-06-23 18:46:48.200022: Current learning rate: 0.00597
2026-06-23 18:47:33.017925: train_loss -0.4369
2026-06-23 18:47:33.018392: val_loss -0.2248
2026-06-23 18:47:33.018530: Pseudo dice [np.float32(0.7123)]
2026-06-23 18:47:33.018695: Epoch time: 44.82 s
2026-06-23 18:47:34.794795: 
2026-06-23 18:47:34.795279: Epoch 110
2026-06-23 18:47:34.795572: Current learning rate: 0.00593
2026-06-23 18:48:19.658674: train_loss -0.4233
2026-06-23 18:48:19.659379: val_loss -0.2272
2026-06-23 18:48:19.659626: Pseudo dice [np.float32(0.6913)]
2026-06-23 18:48:19.659838: Epoch time: 44.87 s
2026-06-23 18:48:21.463690: 
2026-06-23 18:48:21.464388: Epoch 111
2026-06-23 18:48:21.464701: Current learning rate: 0.0059
2026-06-23 18:49:06.218697: train_loss -0.4468
2026-06-23 18:49:06.219373: val_loss -0.2716
2026-06-23 18:49:06.219519: Pseudo dice [np.float32(0.7306)]
2026-06-23 18:49:06.219688: Epoch time: 44.76 s
2026-06-23 18:49:07.996789: 
2026-06-23 18:49:07.997605: Epoch 112
2026-06-23 18:49:07.999354: Current learning rate: 0.00586
2026-06-23 18:49:52.931178: train_loss -0.4226
2026-06-23 18:49:52.931721: val_loss -0.2499
2026-06-23 18:49:52.931874: Pseudo dice [np.float32(0.7186)]
2026-06-23 18:49:52.932051: Epoch time: 44.94 s
2026-06-23 18:49:54.681094: 
2026-06-23 18:49:54.682201: Epoch 113
2026-06-23 18:49:54.682394: Current learning rate: 0.00582
2026-06-23 18:50:39.345731: train_loss -0.4386
2026-06-23 18:50:39.346280: val_loss -0.2405
2026-06-23 18:50:39.346425: Pseudo dice [np.float32(0.6953)]
2026-06-23 18:50:39.346622: Epoch time: 44.67 s
2026-06-23 18:50:41.511590: 
2026-06-23 18:50:41.512100: Epoch 114
2026-06-23 18:50:41.512299: Current learning rate: 0.00578
2026-06-23 18:51:26.095556: train_loss -0.421
2026-06-23 18:51:26.096143: val_loss -0.2279
2026-06-23 18:51:26.096285: Pseudo dice [np.float32(0.6846)]
2026-06-23 18:51:26.096454: Epoch time: 44.59 s
2026-06-23 18:51:27.839058: 
2026-06-23 18:51:27.839544: Epoch 115
2026-06-23 18:51:27.839823: Current learning rate: 0.00574
2026-06-23 18:52:12.524132: train_loss -0.4024
2026-06-23 18:52:12.524602: val_loss -0.1833
2026-06-23 18:52:12.524749: Pseudo dice [np.float32(0.6706)]
2026-06-23 18:52:12.524939: Epoch time: 44.69 s
2026-06-23 18:52:14.283357: 
2026-06-23 18:52:14.283915: Epoch 116
2026-06-23 18:52:14.284106: Current learning rate: 0.0057
2026-06-23 18:52:58.909167: train_loss -0.4015
2026-06-23 18:52:58.909655: val_loss -0.2232
2026-06-23 18:52:58.909794: Pseudo dice [np.float32(0.6867)]
2026-06-23 18:52:58.909983: Epoch time: 44.63 s
2026-06-23 18:53:00.681045: 
2026-06-23 18:53:00.681554: Epoch 117
2026-06-23 18:53:00.681758: Current learning rate: 0.00567
2026-06-23 18:53:45.371121: train_loss -0.4411
2026-06-23 18:53:45.371666: val_loss -0.2305
2026-06-23 18:53:45.371810: Pseudo dice [np.float32(0.6957)]
2026-06-23 18:53:45.371996: Epoch time: 44.69 s
2026-06-23 18:53:47.136048: 
2026-06-23 18:53:47.136535: Epoch 118
2026-06-23 18:53:47.136936: Current learning rate: 0.00563
2026-06-23 18:54:32.093624: train_loss -0.4248
2026-06-23 18:54:32.094115: val_loss -0.2156
2026-06-23 18:54:32.094258: Pseudo dice [np.float32(0.6978)]
2026-06-23 18:54:32.094431: Epoch time: 44.96 s
2026-06-23 18:54:33.862386: 
2026-06-23 18:54:33.862730: Epoch 119
2026-06-23 18:54:33.862917: Current learning rate: 0.00559
2026-06-23 18:55:18.392496: train_loss -0.434
2026-06-23 18:55:18.393030: val_loss -0.2763
2026-06-23 18:55:18.393193: Pseudo dice [np.float32(0.7109)]
2026-06-23 18:55:18.393375: Epoch time: 44.53 s
2026-06-23 18:55:20.153485: 
2026-06-23 18:55:20.153988: Epoch 120
2026-06-23 18:55:20.154198: Current learning rate: 0.00555
2026-06-23 18:56:04.772382: train_loss -0.45
2026-06-23 18:56:04.772815: val_loss -0.2094
2026-06-23 18:56:04.772960: Pseudo dice [np.float32(0.6848)]
2026-06-23 18:56:04.773128: Epoch time: 44.62 s
2026-06-23 18:56:06.532058: 
2026-06-23 18:56:06.532569: Epoch 121
2026-06-23 18:56:06.532924: Current learning rate: 0.00551
2026-06-23 18:56:51.179359: train_loss -0.4455
2026-06-23 18:56:51.179949: val_loss -0.196
2026-06-23 18:56:51.180105: Pseudo dice [np.float32(0.6908)]
2026-06-23 18:56:51.180284: Epoch time: 44.65 s
2026-06-23 18:56:52.952440: 
2026-06-23 18:56:52.952910: Epoch 122
2026-06-23 18:56:52.953093: Current learning rate: 0.00547
2026-06-23 18:57:37.559942: train_loss -0.4405
2026-06-23 18:57:37.560404: val_loss -0.1734
2026-06-23 18:57:37.560543: Pseudo dice [np.float32(0.6587)]
2026-06-23 18:57:37.560712: Epoch time: 44.61 s
2026-06-23 18:57:39.714230: 
2026-06-23 18:57:39.714787: Epoch 123
2026-06-23 18:57:39.715098: Current learning rate: 0.00544
2026-06-23 18:58:24.322878: train_loss -0.4382
2026-06-23 18:58:24.323303: val_loss -0.1984
2026-06-23 18:58:24.323442: Pseudo dice [np.float32(0.6684)]
2026-06-23 18:58:24.323608: Epoch time: 44.61 s
2026-06-23 18:58:26.098078: 
2026-06-23 18:58:26.098534: Epoch 124
2026-06-23 18:58:26.098715: Current learning rate: 0.0054
2026-06-23 18:59:10.775139: train_loss -0.4327
2026-06-23 18:59:10.775744: val_loss -0.2369
2026-06-23 18:59:10.775911: Pseudo dice [np.float32(0.6991)]
2026-06-23 18:59:10.776111: Epoch time: 44.68 s
2026-06-23 18:59:12.538604: 
2026-06-23 18:59:12.539179: Epoch 125
2026-06-23 18:59:12.539463: Current learning rate: 0.00536
2026-06-23 18:59:57.218045: train_loss -0.4443
2026-06-23 18:59:57.218487: val_loss -0.249
2026-06-23 18:59:57.218629: Pseudo dice [np.float32(0.7039)]
2026-06-23 18:59:57.218800: Epoch time: 44.68 s
2026-06-23 18:59:58.986171: 
2026-06-23 18:59:58.986720: Epoch 126
2026-06-23 18:59:58.986999: Current learning rate: 0.00532
2026-06-23 19:00:43.761204: train_loss -0.436
2026-06-23 19:00:43.761628: val_loss -0.2319
2026-06-23 19:00:43.761773: Pseudo dice [np.float32(0.6911)]
2026-06-23 19:00:43.761948: Epoch time: 44.78 s
2026-06-23 19:00:45.585552: 
2026-06-23 19:00:45.586065: Epoch 127
2026-06-23 19:00:45.586398: Current learning rate: 0.00528
2026-06-23 19:01:30.409273: train_loss -0.4651
2026-06-23 19:01:30.410152: val_loss -0.2522
2026-06-23 19:01:30.410305: Pseudo dice [np.float32(0.7189)]
2026-06-23 19:01:30.410478: Epoch time: 44.83 s
2026-06-23 19:01:32.176519: 
2026-06-23 19:01:32.177005: Epoch 128
2026-06-23 19:01:32.177297: Current learning rate: 0.00524
2026-06-23 19:02:17.059974: train_loss -0.4343
2026-06-23 19:02:17.060403: val_loss -0.1947
2026-06-23 19:02:17.060545: Pseudo dice [np.float32(0.6867)]
2026-06-23 19:02:17.060713: Epoch time: 44.89 s
2026-06-23 19:02:18.835318: 
2026-06-23 19:02:18.835733: Epoch 129
2026-06-23 19:02:18.836039: Current learning rate: 0.0052
2026-06-23 19:03:03.673578: train_loss -0.4375
2026-06-23 19:03:03.674115: val_loss -0.2265
2026-06-23 19:03:03.674262: Pseudo dice [np.float32(0.6927)]
2026-06-23 19:03:03.674436: Epoch time: 44.84 s
2026-06-23 19:03:05.484402: 
2026-06-23 19:03:05.484934: Epoch 130
2026-06-23 19:03:05.486253: Current learning rate: 0.00517
2026-06-23 19:03:50.390249: train_loss -0.4311
2026-06-23 19:03:50.390886: val_loss -0.2738
2026-06-23 19:03:50.391034: Pseudo dice [np.float32(0.714)]
2026-06-23 19:03:50.391206: Epoch time: 44.91 s
2026-06-23 19:03:52.164029: 
2026-06-23 19:03:52.164473: Epoch 131
2026-06-23 19:03:52.164730: Current learning rate: 0.00513
2026-06-23 19:04:37.203702: train_loss -0.4306
2026-06-23 19:04:37.204339: val_loss -0.1858
2026-06-23 19:04:37.204508: Pseudo dice [np.float32(0.6875)]
2026-06-23 19:04:37.204691: Epoch time: 45.04 s
2026-06-23 19:04:38.976949: 
2026-06-23 19:04:38.977510: Epoch 132
2026-06-23 19:04:38.977796: Current learning rate: 0.00509
2026-06-23 19:05:23.585953: train_loss -0.4418
2026-06-23 19:05:23.586532: val_loss -0.2191
2026-06-23 19:05:23.586677: Pseudo dice [np.float32(0.6942)]
2026-06-23 19:05:23.586844: Epoch time: 44.61 s
2026-06-23 19:05:25.352821: 
2026-06-23 19:05:25.353340: Epoch 133
2026-06-23 19:05:25.353667: Current learning rate: 0.00505
2026-06-23 19:06:10.031270: train_loss -0.4455
2026-06-23 19:06:10.031708: val_loss -0.2263
2026-06-23 19:06:10.031858: Pseudo dice [np.float32(0.688)]
2026-06-23 19:06:10.032026: Epoch time: 44.68 s
2026-06-23 19:06:11.801929: 
2026-06-23 19:06:11.802477: Epoch 134
2026-06-23 19:06:11.802810: Current learning rate: 0.00501
2026-06-23 19:06:56.435759: train_loss -0.4499
2026-06-23 19:06:56.436320: val_loss -0.2107
2026-06-23 19:06:56.436471: Pseudo dice [np.float32(0.6954)]
2026-06-23 19:06:56.436641: Epoch time: 44.64 s
2026-06-23 19:06:58.236366: 
2026-06-23 19:06:58.236961: Epoch 135
2026-06-23 19:06:58.237278: Current learning rate: 0.00497
2026-06-23 19:07:42.995839: train_loss -0.457
2026-06-23 19:07:42.996449: val_loss -0.2292
2026-06-23 19:07:42.996595: Pseudo dice [np.float32(0.6922)]
2026-06-23 19:07:42.996763: Epoch time: 44.76 s
2026-06-23 19:07:44.776977: 
2026-06-23 19:07:44.777438: Epoch 136
2026-06-23 19:07:44.777646: Current learning rate: 0.00493
2026-06-23 19:08:29.389181: train_loss -0.4511
2026-06-23 19:08:29.389800: val_loss -0.2222
2026-06-23 19:08:29.389956: Pseudo dice [np.float32(0.7073)]
2026-06-23 19:08:29.390131: Epoch time: 44.62 s
2026-06-23 19:08:31.176761: 
2026-06-23 19:08:31.177270: Epoch 137
2026-06-23 19:08:31.177547: Current learning rate: 0.00489
2026-06-23 19:09:15.936794: train_loss -0.4348
2026-06-23 19:09:15.937363: val_loss -0.1995
2026-06-23 19:09:15.937523: Pseudo dice [np.float32(0.6901)]
2026-06-23 19:09:15.937707: Epoch time: 44.76 s
2026-06-23 19:09:17.724250: 
2026-06-23 19:09:17.724753: Epoch 138
2026-06-23 19:09:17.725799: Current learning rate: 0.00485
2026-06-23 19:10:02.449303: train_loss -0.441
2026-06-23 19:10:02.449872: val_loss -0.1769
2026-06-23 19:10:02.450026: Pseudo dice [np.float32(0.6733)]
2026-06-23 19:10:02.450197: Epoch time: 44.73 s
2026-06-23 19:10:04.230351: 
2026-06-23 19:10:04.230854: Epoch 139
2026-06-23 19:10:04.231141: Current learning rate: 0.00482
2026-06-23 19:10:48.969066: train_loss -0.4481
2026-06-23 19:10:48.969533: val_loss -0.2206
2026-06-23 19:10:48.969678: Pseudo dice [np.float32(0.7031)]
2026-06-23 19:10:48.969859: Epoch time: 44.74 s
2026-06-23 19:10:51.103129: 
2026-06-23 19:10:51.103436: Epoch 140
2026-06-23 19:10:51.103602: Current learning rate: 0.00478
2026-06-23 19:11:35.746871: train_loss -0.4477
2026-06-23 19:11:35.747305: val_loss -0.2686
2026-06-23 19:11:35.747450: Pseudo dice [np.float32(0.7172)]
2026-06-23 19:11:35.747631: Epoch time: 44.65 s
2026-06-23 19:11:37.531424: 
2026-06-23 19:11:37.532073: Epoch 141
2026-06-23 19:11:37.532376: Current learning rate: 0.00474
2026-06-23 19:12:22.275664: train_loss -0.4292
2026-06-23 19:12:22.276263: val_loss -0.2184
2026-06-23 19:12:22.276416: Pseudo dice [np.float32(0.6882)]
2026-06-23 19:12:22.276581: Epoch time: 44.75 s
2026-06-23 19:12:24.056581: 
2026-06-23 19:12:24.057133: Epoch 142
2026-06-23 19:12:24.057434: Current learning rate: 0.0047
2026-06-23 19:13:08.980906: train_loss -0.4532
2026-06-23 19:13:08.981386: val_loss -0.2509
2026-06-23 19:13:08.981532: Pseudo dice [np.float32(0.7133)]
2026-06-23 19:13:08.981699: Epoch time: 44.93 s
2026-06-23 19:13:10.777132: 
2026-06-23 19:13:10.777667: Epoch 143
2026-06-23 19:13:10.777899: Current learning rate: 0.00466
2026-06-23 19:13:55.491032: train_loss -0.4434
2026-06-23 19:13:55.491600: val_loss -0.2048
2026-06-23 19:13:55.491750: Pseudo dice [np.float32(0.6909)]
2026-06-23 19:13:55.491931: Epoch time: 44.72 s
2026-06-23 19:13:57.293897: 
2026-06-23 19:13:57.294501: Epoch 144
2026-06-23 19:13:57.294900: Current learning rate: 0.00462
2026-06-23 19:14:41.963800: train_loss -0.4378
2026-06-23 19:14:41.964448: val_loss -0.2577
2026-06-23 19:14:41.964591: Pseudo dice [np.float32(0.7131)]
2026-06-23 19:14:41.964761: Epoch time: 44.67 s
2026-06-23 19:14:43.753981: 
2026-06-23 19:14:43.754531: Epoch 145
2026-06-23 19:14:43.755543: Current learning rate: 0.00458
2026-06-23 19:15:28.540680: train_loss -0.4555
2026-06-23 19:15:28.541262: val_loss -0.2193
2026-06-23 19:15:28.541420: Pseudo dice [np.float32(0.6969)]
2026-06-23 19:15:28.541594: Epoch time: 44.79 s
2026-06-23 19:15:30.339145: 
2026-06-23 19:15:30.339662: Epoch 146
2026-06-23 19:15:30.339900: Current learning rate: 0.00454
2026-06-23 19:16:15.149802: train_loss -0.4404
2026-06-23 19:16:15.150391: val_loss -0.2141
2026-06-23 19:16:15.150538: Pseudo dice [np.float32(0.6972)]
2026-06-23 19:16:15.150707: Epoch time: 44.81 s
2026-06-23 19:16:16.944184: 
2026-06-23 19:16:16.944624: Epoch 147
2026-06-23 19:16:16.944813: Current learning rate: 0.0045
2026-06-23 19:17:01.701908: train_loss -0.449
2026-06-23 19:17:01.702954: val_loss -0.2411
2026-06-23 19:17:01.703106: Pseudo dice [np.float32(0.7133)]
2026-06-23 19:17:01.703274: Epoch time: 44.76 s
2026-06-23 19:17:03.506338: 
2026-06-23 19:17:03.506821: Epoch 148
2026-06-23 19:17:03.507139: Current learning rate: 0.00446
2026-06-23 19:17:48.301378: train_loss -0.4482
2026-06-23 19:17:48.301793: val_loss -0.2288
2026-06-23 19:17:48.301945: Pseudo dice [np.float32(0.6827)]
2026-06-23 19:17:48.302110: Epoch time: 44.8 s
2026-06-23 19:17:50.484080: 
2026-06-23 19:17:50.484605: Epoch 149
2026-06-23 19:17:50.484905: Current learning rate: 0.00442
2026-06-23 19:18:35.048424: train_loss -0.4656
2026-06-23 19:18:35.048897: val_loss -0.2073
2026-06-23 19:18:35.049041: Pseudo dice [np.float32(0.6976)]
2026-06-23 19:18:35.049207: Epoch time: 44.57 s
2026-06-23 19:18:37.439189: 
2026-06-23 19:18:37.439707: Epoch 150
2026-06-23 19:18:37.439918: Current learning rate: 0.00438
2026-06-23 19:19:22.085390: train_loss -0.4543
2026-06-23 19:19:22.085987: val_loss -0.1943
2026-06-23 19:19:22.086142: Pseudo dice [np.float32(0.6784)]
2026-06-23 19:19:22.086311: Epoch time: 44.65 s
2026-06-23 19:19:23.876578: 
2026-06-23 19:19:23.877124: Epoch 151
2026-06-23 19:19:23.877306: Current learning rate: 0.00434
2026-06-23 19:20:08.526291: train_loss -0.445
2026-06-23 19:20:08.526772: val_loss -0.213
2026-06-23 19:20:08.526925: Pseudo dice [np.float32(0.7146)]
2026-06-23 19:20:08.527098: Epoch time: 44.65 s
2026-06-23 19:20:10.317079: 
2026-06-23 19:20:10.317556: Epoch 152
2026-06-23 19:20:10.317869: Current learning rate: 0.0043
2026-06-23 19:20:55.039464: train_loss -0.4512
2026-06-23 19:20:55.040006: val_loss -0.3199
2026-06-23 19:20:55.040166: Pseudo dice [np.float32(0.7395)]
2026-06-23 19:20:55.040339: Epoch time: 44.73 s
2026-06-23 19:20:56.825343: 
2026-06-23 19:20:56.825776: Epoch 153
2026-06-23 19:20:56.825981: Current learning rate: 0.00427
2026-06-23 19:21:41.547161: train_loss -0.4651
2026-06-23 19:21:41.547711: val_loss -0.2231
2026-06-23 19:21:41.547880: Pseudo dice [np.float32(0.6935)]
2026-06-23 19:21:41.548072: Epoch time: 44.72 s
2026-06-23 19:21:43.374673: 
2026-06-23 19:21:43.375145: Epoch 154
2026-06-23 19:21:43.375335: Current learning rate: 0.00423
2026-06-23 19:22:28.041013: train_loss -0.454
2026-06-23 19:22:28.041478: val_loss -0.202
2026-06-23 19:22:28.041622: Pseudo dice [np.float32(0.7022)]
2026-06-23 19:22:28.041797: Epoch time: 44.67 s
2026-06-23 19:22:29.853738: 
2026-06-23 19:22:29.854191: Epoch 155
2026-06-23 19:22:29.854391: Current learning rate: 0.00419
2026-06-23 19:23:14.622257: train_loss -0.4639
2026-06-23 19:23:14.622692: val_loss -0.2101
2026-06-23 19:23:14.622838: Pseudo dice [np.float32(0.699)]
2026-06-23 19:23:14.623019: Epoch time: 44.77 s
2026-06-23 19:23:16.440762: 
2026-06-23 19:23:16.441236: Epoch 156
2026-06-23 19:23:16.441538: Current learning rate: 0.00415
2026-06-23 19:24:01.029486: train_loss -0.4504
2026-06-23 19:24:01.030012: val_loss -0.1844
2026-06-23 19:24:01.030155: Pseudo dice [np.float32(0.6776)]
2026-06-23 19:24:01.030325: Epoch time: 44.59 s
2026-06-23 19:24:03.205910: 
2026-06-23 19:24:03.206491: Epoch 157
2026-06-23 19:24:03.206784: Current learning rate: 0.00411
2026-06-23 19:24:47.824822: train_loss -0.4592
2026-06-23 19:24:47.825890: val_loss -0.19
2026-06-23 19:24:47.826041: Pseudo dice [np.float32(0.6825)]
2026-06-23 19:24:47.826211: Epoch time: 44.62 s
2026-06-23 19:24:49.646930: 
2026-06-23 19:24:49.647468: Epoch 158
2026-06-23 19:24:49.647736: Current learning rate: 0.00407
2026-06-23 19:25:34.311659: train_loss -0.4611
2026-06-23 19:25:34.312214: val_loss -0.2343
2026-06-23 19:25:34.312378: Pseudo dice [np.float32(0.6905)]
2026-06-23 19:25:34.312551: Epoch time: 44.67 s
2026-06-23 19:25:36.112769: 
2026-06-23 19:25:36.113121: Epoch 159
2026-06-23 19:25:36.113310: Current learning rate: 0.00403
2026-06-23 19:26:20.830140: train_loss -0.439
2026-06-23 19:26:20.830962: val_loss -0.1941
2026-06-23 19:26:20.831107: Pseudo dice [np.float32(0.7002)]
2026-06-23 19:26:20.831278: Epoch time: 44.72 s
2026-06-23 19:26:22.658001: 
2026-06-23 19:26:22.658440: Epoch 160
2026-06-23 19:26:22.658616: Current learning rate: 0.00399
2026-06-23 19:27:07.437115: train_loss -0.4528
2026-06-23 19:27:07.437661: val_loss -0.2238
2026-06-23 19:27:07.437808: Pseudo dice [np.float32(0.7093)]
2026-06-23 19:27:07.437991: Epoch time: 44.78 s
2026-06-23 19:27:09.259409: 
2026-06-23 19:27:09.259923: Epoch 161
2026-06-23 19:27:09.260122: Current learning rate: 0.00395
2026-06-23 19:27:53.960216: train_loss -0.4727
2026-06-23 19:27:53.960694: val_loss -0.2642
2026-06-23 19:27:53.960840: Pseudo dice [np.float32(0.7134)]
2026-06-23 19:27:53.961014: Epoch time: 44.7 s
2026-06-23 19:27:55.786826: 
2026-06-23 19:27:55.787284: Epoch 162
2026-06-23 19:27:55.787460: Current learning rate: 0.00391
2026-06-23 19:28:40.447351: train_loss -0.4534
2026-06-23 19:28:40.448019: val_loss -0.2091
2026-06-23 19:28:40.448188: Pseudo dice [np.float32(0.6879)]
2026-06-23 19:28:40.448370: Epoch time: 44.66 s
2026-06-23 19:28:42.256490: 
2026-06-23 19:28:42.256923: Epoch 163
2026-06-23 19:28:42.257506: Current learning rate: 0.00387
2026-06-23 19:29:27.007794: train_loss -0.4602
2026-06-23 19:29:27.008275: val_loss -0.2495
2026-06-23 19:29:27.008427: Pseudo dice [np.float32(0.7002)]
2026-06-23 19:29:27.008594: Epoch time: 44.75 s
2026-06-23 19:29:28.816435: 
2026-06-23 19:29:28.816841: Epoch 164
2026-06-23 19:29:28.817030: Current learning rate: 0.00383
2026-06-23 19:30:13.672817: train_loss -0.4624
2026-06-23 19:30:13.673395: val_loss -0.2812
2026-06-23 19:30:13.673537: Pseudo dice [np.float32(0.7187)]
2026-06-23 19:30:13.673710: Epoch time: 44.86 s
2026-06-23 19:30:15.877596: 
2026-06-23 19:30:15.878329: Epoch 165
2026-06-23 19:30:15.878545: Current learning rate: 0.00379
2026-06-23 19:31:00.540826: train_loss -0.4549
2026-06-23 19:31:00.541343: val_loss -0.2415
2026-06-23 19:31:00.541499: Pseudo dice [np.float32(0.7033)]
2026-06-23 19:31:00.541673: Epoch time: 44.67 s
2026-06-23 19:31:02.336191: 
2026-06-23 19:31:02.336779: Epoch 166
2026-06-23 19:31:02.337080: Current learning rate: 0.00375
2026-06-23 19:31:47.095025: train_loss -0.4616
2026-06-23 19:31:47.098350: val_loss -0.2008
2026-06-23 19:31:47.098529: Pseudo dice [np.float32(0.6928)]
2026-06-23 19:31:47.098706: Epoch time: 44.76 s
2026-06-23 19:31:48.892035: 
2026-06-23 19:31:48.892481: Epoch 167
2026-06-23 19:31:48.892696: Current learning rate: 0.00371
2026-06-23 19:32:33.699568: train_loss -0.4532
2026-06-23 19:32:33.700146: val_loss -0.1686
2026-06-23 19:32:33.700307: Pseudo dice [np.float32(0.6674)]
2026-06-23 19:32:33.700481: Epoch time: 44.81 s
2026-06-23 19:32:35.513254: 
2026-06-23 19:32:35.513769: Epoch 168
2026-06-23 19:32:35.514125: Current learning rate: 0.00367
2026-06-23 19:33:20.174393: train_loss -0.4772
2026-06-23 19:33:20.174943: val_loss -0.2381
2026-06-23 19:33:20.175085: Pseudo dice [np.float32(0.7006)]
2026-06-23 19:33:20.175257: Epoch time: 44.66 s
2026-06-23 19:33:21.972193: 
2026-06-23 19:33:21.972548: Epoch 169
2026-06-23 19:33:21.972740: Current learning rate: 0.00363
2026-06-23 19:34:06.682026: train_loss -0.4465
2026-06-23 19:34:06.682578: val_loss -0.2408
2026-06-23 19:34:06.682987: Pseudo dice [np.float32(0.7153)]
2026-06-23 19:34:06.695520: Epoch time: 44.71 s
2026-06-23 19:34:08.528841: 
2026-06-23 19:34:08.529419: Epoch 170
2026-06-23 19:34:08.529747: Current learning rate: 0.00359
2026-06-23 19:34:53.379411: train_loss -0.4527
2026-06-23 19:34:53.379893: val_loss -0.2161
2026-06-23 19:34:53.380044: Pseudo dice [np.float32(0.69)]
2026-06-23 19:34:53.380209: Epoch time: 44.85 s
2026-06-23 19:34:55.181022: 
2026-06-23 19:34:55.181521: Epoch 171
2026-06-23 19:34:55.181817: Current learning rate: 0.00355
2026-06-23 19:35:39.852190: train_loss -0.4722
2026-06-23 19:35:39.852756: val_loss -0.2461
2026-06-23 19:35:39.852931: Pseudo dice [np.float32(0.7165)]
2026-06-23 19:35:39.853109: Epoch time: 44.67 s
2026-06-23 19:35:41.657775: 
2026-06-23 19:35:41.658224: Epoch 172
2026-06-23 19:35:41.658543: Current learning rate: 0.00351
2026-06-23 19:36:26.387082: train_loss -0.4764
2026-06-23 19:36:26.387577: val_loss -0.2158
2026-06-23 19:36:26.387725: Pseudo dice [np.float32(0.6975)]
2026-06-23 19:36:26.387901: Epoch time: 44.73 s
2026-06-23 19:36:28.181615: 
2026-06-23 19:36:28.182034: Epoch 173
2026-06-23 19:36:28.182215: Current learning rate: 0.00346
2026-06-23 19:37:12.897954: train_loss -0.4583
2026-06-23 19:37:12.898495: val_loss -0.2148
2026-06-23 19:37:12.898655: Pseudo dice [np.float32(0.7027)]
2026-06-23 19:37:12.898827: Epoch time: 44.72 s
2026-06-23 19:37:15.122288: 
2026-06-23 19:37:15.122812: Epoch 174
2026-06-23 19:37:15.123151: Current learning rate: 0.00342
2026-06-23 19:37:59.763309: train_loss -0.4624
2026-06-23 19:37:59.763810: val_loss -0.231
2026-06-23 19:37:59.763960: Pseudo dice [np.float32(0.702)]
2026-06-23 19:37:59.764132: Epoch time: 44.64 s
2026-06-23 19:38:01.567940: 
2026-06-23 19:38:01.568527: Epoch 175
2026-06-23 19:38:01.568745: Current learning rate: 0.00338
2026-06-23 19:38:46.171751: train_loss -0.4658
2026-06-23 19:38:46.172489: val_loss -0.185
2026-06-23 19:38:46.172644: Pseudo dice [np.float32(0.6801)]
2026-06-23 19:38:46.172821: Epoch time: 44.61 s
2026-06-23 19:38:47.975173: 
2026-06-23 19:38:47.975627: Epoch 176
2026-06-23 19:38:47.975925: Current learning rate: 0.00334
2026-06-23 19:39:32.734210: train_loss -0.4448
2026-06-23 19:39:32.734630: val_loss -0.2086
2026-06-23 19:39:32.734776: Pseudo dice [np.float32(0.7061)]
2026-06-23 19:39:32.734957: Epoch time: 44.76 s
2026-06-23 19:39:34.543930: 
2026-06-23 19:39:34.544380: Epoch 177
2026-06-23 19:39:34.544575: Current learning rate: 0.0033
2026-06-23 19:40:19.350990: train_loss -0.4498
2026-06-23 19:40:19.351452: val_loss -0.212
2026-06-23 19:40:19.351598: Pseudo dice [np.float32(0.6872)]
2026-06-23 19:40:19.351768: Epoch time: 44.81 s
2026-06-23 19:40:21.167739: 
2026-06-23 19:40:21.168367: Epoch 178
2026-06-23 19:40:21.168676: Current learning rate: 0.00326
2026-06-23 19:41:06.015567: train_loss -0.452
2026-06-23 19:41:06.016116: val_loss -0.1971
2026-06-23 19:41:06.016260: Pseudo dice [np.float32(0.6843)]
2026-06-23 19:41:06.016431: Epoch time: 44.85 s
2026-06-23 19:41:07.827196: 
2026-06-23 19:41:07.827663: Epoch 179
2026-06-23 19:41:07.828004: Current learning rate: 0.00322
2026-06-23 19:41:52.511177: train_loss -0.466
2026-06-23 19:41:52.511708: val_loss -0.2364
2026-06-23 19:41:52.511859: Pseudo dice [np.float32(0.7106)]
2026-06-23 19:41:52.512030: Epoch time: 44.69 s
2026-06-23 19:41:54.324264: 
2026-06-23 19:41:54.324884: Epoch 180
2026-06-23 19:41:54.325209: Current learning rate: 0.00318
2026-06-23 19:42:39.122910: train_loss -0.4621
2026-06-23 19:42:39.123330: val_loss -0.2834
2026-06-23 19:42:39.123470: Pseudo dice [np.float32(0.7092)]
2026-06-23 19:42:39.123639: Epoch time: 44.8 s
2026-06-23 19:42:40.929911: 
2026-06-23 19:42:40.930358: Epoch 181
2026-06-23 19:42:40.930672: Current learning rate: 0.00314
2026-06-23 19:43:25.667139: train_loss -0.4735
2026-06-23 19:43:25.667623: val_loss -0.2785
2026-06-23 19:43:25.667764: Pseudo dice [np.float32(0.7323)]
2026-06-23 19:43:25.667942: Epoch time: 44.74 s
2026-06-23 19:43:27.875229: 
2026-06-23 19:43:27.898460: Epoch 182
2026-06-23 19:43:27.898797: Current learning rate: 0.0031
2026-06-23 19:44:12.631661: train_loss -0.4485
2026-06-23 19:44:12.632221: val_loss -0.2232
2026-06-23 19:44:12.632368: Pseudo dice [np.float32(0.7021)]
2026-06-23 19:44:12.632537: Epoch time: 44.76 s
2026-06-23 19:44:14.442646: 
2026-06-23 19:44:14.443127: Epoch 183
2026-06-23 19:44:14.443335: Current learning rate: 0.00306
2026-06-23 19:44:58.990274: train_loss -0.4681
2026-06-23 19:44:58.990786: val_loss -0.2198
2026-06-23 19:44:58.990938: Pseudo dice [np.float32(0.7063)]
2026-06-23 19:44:58.991112: Epoch time: 44.55 s
2026-06-23 19:45:00.809808: 
2026-06-23 19:45:00.810328: Epoch 184
2026-06-23 19:45:00.810608: Current learning rate: 0.00302
2026-06-23 19:45:45.595007: train_loss -0.452
2026-06-23 19:45:45.595443: val_loss -0.1915
2026-06-23 19:45:45.595582: Pseudo dice [np.float32(0.6705)]
2026-06-23 19:45:45.595756: Epoch time: 44.79 s
2026-06-23 19:45:47.405550: 
2026-06-23 19:45:47.406074: Epoch 185
2026-06-23 19:45:47.406392: Current learning rate: 0.00297
2026-06-23 19:46:32.163351: train_loss -0.4696
2026-06-23 19:46:32.163869: val_loss -0.1354
2026-06-23 19:46:32.164019: Pseudo dice [np.float32(0.6824)]
2026-06-23 19:46:32.164192: Epoch time: 44.76 s
2026-06-23 19:46:33.986138: 
2026-06-23 19:46:33.986686: Epoch 186
2026-06-23 19:46:33.986991: Current learning rate: 0.00293
2026-06-23 19:47:18.787876: train_loss -0.4724
2026-06-23 19:47:18.791061: val_loss -0.2227
2026-06-23 19:47:18.791203: Pseudo dice [np.float32(0.7059)]
2026-06-23 19:47:18.791386: Epoch time: 44.81 s
2026-06-23 19:47:20.606920: 
2026-06-23 19:47:20.607383: Epoch 187
2026-06-23 19:47:20.607660: Current learning rate: 0.00289
2026-06-23 19:48:05.356900: train_loss -0.4667
2026-06-23 19:48:05.357410: val_loss -0.2537
2026-06-23 19:48:05.357556: Pseudo dice [np.float32(0.7183)]
2026-06-23 19:48:05.357725: Epoch time: 44.75 s
2026-06-23 19:48:07.167138: 
2026-06-23 19:48:07.167629: Epoch 188
2026-06-23 19:48:07.167858: Current learning rate: 0.00285
2026-06-23 19:48:51.944015: train_loss -0.4635
2026-06-23 19:48:51.944674: val_loss -0.1656
2026-06-23 19:48:51.944819: Pseudo dice [np.float32(0.6803)]
2026-06-23 19:48:51.945002: Epoch time: 44.78 s
2026-06-23 19:48:53.763952: 
2026-06-23 19:48:53.764495: Epoch 189
2026-06-23 19:48:53.764818: Current learning rate: 0.00281
2026-06-23 19:49:38.488622: train_loss -0.4593
2026-06-23 19:49:38.489202: val_loss -0.2605
2026-06-23 19:49:38.489372: Pseudo dice [np.float32(0.7247)]
2026-06-23 19:49:38.489547: Epoch time: 44.73 s
2026-06-23 19:49:40.302572: 
2026-06-23 19:49:40.303067: Epoch 190
2026-06-23 19:49:40.303350: Current learning rate: 0.00277
2026-06-23 19:50:24.996747: train_loss -0.4513
2026-06-23 19:50:24.997444: val_loss -0.2038
2026-06-23 19:50:24.997635: Pseudo dice [np.float32(0.6754)]
2026-06-23 19:50:24.997807: Epoch time: 44.7 s
2026-06-23 19:50:27.477804: 
2026-06-23 19:50:27.478386: Epoch 191
2026-06-23 19:50:27.478671: Current learning rate: 0.00273
2026-06-23 19:51:12.192110: train_loss -0.457
2026-06-23 19:51:12.192796: val_loss -0.2283
2026-06-23 19:51:12.192982: Pseudo dice [np.float32(0.7061)]
2026-06-23 19:51:12.193190: Epoch time: 44.72 s
2026-06-23 19:51:14.040864: 
2026-06-23 19:51:14.041524: Epoch 192
2026-06-23 19:51:14.041735: Current learning rate: 0.00268
2026-06-23 19:51:58.755986: train_loss -0.4695
2026-06-23 19:51:58.756475: val_loss -0.1843
2026-06-23 19:51:58.756623: Pseudo dice [np.float32(0.6885)]
2026-06-23 19:51:58.756795: Epoch time: 44.72 s
2026-06-23 19:52:00.601975: 
2026-06-23 19:52:00.602437: Epoch 193
2026-06-23 19:52:00.602757: Current learning rate: 0.00264
2026-06-23 19:52:45.382496: train_loss -0.4694
2026-06-23 19:52:45.383015: val_loss -0.2157
2026-06-23 19:52:45.383156: Pseudo dice [np.float32(0.6927)]
2026-06-23 19:52:45.383328: Epoch time: 44.78 s
2026-06-23 19:52:47.229203: 
2026-06-23 19:52:47.229719: Epoch 194
2026-06-23 19:52:47.230011: Current learning rate: 0.0026
2026-06-23 19:53:31.806384: train_loss -0.4686
2026-06-23 19:53:31.806932: val_loss -0.2775
2026-06-23 19:53:31.807084: Pseudo dice [np.float32(0.7212)]
2026-06-23 19:53:31.807252: Epoch time: 44.58 s
2026-06-23 19:53:33.650188: 
2026-06-23 19:53:33.650663: Epoch 195
2026-06-23 19:53:33.650941: Current learning rate: 0.00256
2026-06-23 19:54:18.396378: train_loss -0.4667
2026-06-23 19:54:18.396969: val_loss -0.1827
2026-06-23 19:54:18.397112: Pseudo dice [np.float32(0.6894)]
2026-06-23 19:54:18.397282: Epoch time: 44.75 s
2026-06-23 19:54:20.227421: 
2026-06-23 19:54:20.228006: Epoch 196
2026-06-23 19:54:20.228306: Current learning rate: 0.00252
2026-06-23 19:55:04.987954: train_loss -0.4751
2026-06-23 19:55:04.988503: val_loss -0.2442
2026-06-23 19:55:04.988661: Pseudo dice [np.float32(0.7063)]
2026-06-23 19:55:04.988843: Epoch time: 44.76 s
2026-06-23 19:55:06.820683: 
2026-06-23 19:55:06.821201: Epoch 197
2026-06-23 19:55:06.821385: Current learning rate: 0.00248
2026-06-23 19:55:51.578275: train_loss -0.4636
2026-06-23 19:55:51.578744: val_loss -0.2396
2026-06-23 19:55:51.578895: Pseudo dice [np.float32(0.723)]
2026-06-23 19:55:51.579065: Epoch time: 44.76 s
2026-06-23 19:55:53.413681: 
2026-06-23 19:55:53.414241: Epoch 198
2026-06-23 19:55:53.414463: Current learning rate: 0.00243
2026-06-23 19:56:38.359681: train_loss -0.4621
2026-06-23 19:56:38.360153: val_loss -0.223
2026-06-23 19:56:38.360302: Pseudo dice [np.float32(0.6832)]
2026-06-23 19:56:38.360469: Epoch time: 44.95 s
2026-06-23 19:56:40.602488: 
2026-06-23 19:56:40.602950: Epoch 199
2026-06-23 19:56:40.603225: Current learning rate: 0.00239
2026-06-23 19:57:25.250633: train_loss -0.4634
2026-06-23 19:57:25.251245: val_loss -0.1899
2026-06-23 19:57:25.251409: Pseudo dice [np.float32(0.695)]
2026-06-23 19:57:25.251587: Epoch time: 44.65 s
2026-06-23 19:57:27.684742: 
2026-06-23 19:57:27.685265: Epoch 200
2026-06-23 19:57:27.685447: Current learning rate: 0.00235
2026-06-23 19:58:12.336235: train_loss -0.4815
2026-06-23 19:58:12.336646: val_loss -0.2079
2026-06-23 19:58:12.336794: Pseudo dice [np.float32(0.6957)]
2026-06-23 19:58:12.336974: Epoch time: 44.65 s
2026-06-23 19:58:14.177762: 
2026-06-23 19:58:14.178317: Epoch 201
2026-06-23 19:58:14.178523: Current learning rate: 0.00231
2026-06-23 19:58:58.908350: train_loss -0.4618
2026-06-23 19:58:58.909077: val_loss -0.2065
2026-06-23 19:58:58.909246: Pseudo dice [np.float32(0.6947)]
2026-06-23 19:58:58.909417: Epoch time: 44.73 s
2026-06-23 19:59:00.745517: 
2026-06-23 19:59:00.746090: Epoch 202
2026-06-23 19:59:00.746385: Current learning rate: 0.00226
2026-06-23 19:59:45.419000: train_loss -0.4692
2026-06-23 19:59:45.419566: val_loss -0.235
2026-06-23 19:59:45.419720: Pseudo dice [np.float32(0.7168)]
2026-06-23 19:59:45.419900: Epoch time: 44.68 s
2026-06-23 19:59:47.251774: 
2026-06-23 19:59:47.252241: Epoch 203
2026-06-23 19:59:47.252586: Current learning rate: 0.00222
2026-06-23 20:00:32.125142: train_loss -0.4834
2026-06-23 20:00:32.125529: val_loss -0.2614
2026-06-23 20:00:32.125674: Pseudo dice [np.float32(0.7221)]
2026-06-23 20:00:32.125839: Epoch time: 44.88 s
2026-06-23 20:00:33.954461: 
2026-06-23 20:00:33.954922: Epoch 204
2026-06-23 20:00:33.955097: Current learning rate: 0.00218
2026-06-23 20:01:18.666603: train_loss -0.4734
2026-06-23 20:01:18.667023: val_loss -0.2084
2026-06-23 20:01:18.667166: Pseudo dice [np.float32(0.6953)]
2026-06-23 20:01:18.667343: Epoch time: 44.72 s
2026-06-23 20:01:20.504535: 
2026-06-23 20:01:20.505013: Epoch 205
2026-06-23 20:01:20.505319: Current learning rate: 0.00214
2026-06-23 20:02:05.215373: train_loss -0.4738
2026-06-23 20:02:05.216056: val_loss -0.1515
2026-06-23 20:02:05.216214: Pseudo dice [np.float32(0.6751)]
2026-06-23 20:02:05.216384: Epoch time: 44.71 s
2026-06-23 20:02:06.997223: 
2026-06-23 20:02:06.997769: Epoch 206
2026-06-23 20:02:06.998137: Current learning rate: 0.00209
2026-06-23 20:02:51.660878: train_loss -0.4786
2026-06-23 20:02:51.661411: val_loss -0.169
2026-06-23 20:02:51.661557: Pseudo dice [np.float32(0.6873)]
2026-06-23 20:02:51.661735: Epoch time: 44.67 s
2026-06-23 20:02:53.907465: 
2026-06-23 20:02:53.907936: Epoch 207
2026-06-23 20:02:53.908129: Current learning rate: 0.00205
2026-06-23 20:03:38.557786: train_loss -0.4742
2026-06-23 20:03:38.558386: val_loss -0.2175
2026-06-23 20:03:38.558538: Pseudo dice [np.float32(0.6942)]
2026-06-23 20:03:38.558717: Epoch time: 44.65 s
2026-06-23 20:03:40.343552: 
2026-06-23 20:03:40.343945: Epoch 208
2026-06-23 20:03:40.344134: Current learning rate: 0.00201
2026-06-23 20:04:25.169787: train_loss -0.4688
2026-06-23 20:04:25.170377: val_loss -0.1617
2026-06-23 20:04:25.170519: Pseudo dice [np.float32(0.6918)]
2026-06-23 20:04:25.170686: Epoch time: 44.83 s
2026-06-23 20:04:26.968189: 
2026-06-23 20:04:26.968718: Epoch 209
2026-06-23 20:04:26.969016: Current learning rate: 0.00196
2026-06-23 20:05:11.718115: train_loss -0.4687
2026-06-23 20:05:11.718555: val_loss -0.1601
2026-06-23 20:05:11.718694: Pseudo dice [np.float32(0.678)]
2026-06-23 20:05:11.718871: Epoch time: 44.75 s
2026-06-23 20:05:13.516373: 
2026-06-23 20:05:13.516896: Epoch 210
2026-06-23 20:05:13.517213: Current learning rate: 0.00192
2026-06-23 20:05:58.338517: train_loss -0.4783
2026-06-23 20:05:58.339147: val_loss -0.2181
2026-06-23 20:05:58.339298: Pseudo dice [np.float32(0.7085)]
2026-06-23 20:05:58.339475: Epoch time: 44.83 s
2026-06-23 20:06:00.137681: 
2026-06-23 20:06:00.138150: Epoch 211
2026-06-23 20:06:00.138412: Current learning rate: 0.00188
2026-06-23 20:06:44.861341: train_loss -0.4813
2026-06-23 20:06:44.861793: val_loss -0.2092
2026-06-23 20:06:44.861952: Pseudo dice [np.float32(0.7058)]
2026-06-23 20:06:44.862123: Epoch time: 44.73 s
2026-06-23 20:06:46.659247: 
2026-06-23 20:06:46.659708: Epoch 212
2026-06-23 20:06:46.659896: Current learning rate: 0.00184
2026-06-23 20:07:31.279062: train_loss -0.4728
2026-06-23 20:07:31.279571: val_loss -0.1433
2026-06-23 20:07:31.279718: Pseudo dice [np.float32(0.6852)]
2026-06-23 20:07:31.279895: Epoch time: 44.62 s
2026-06-23 20:07:33.076059: 
2026-06-23 20:07:33.076544: Epoch 213
2026-06-23 20:07:33.076832: Current learning rate: 0.00179
2026-06-23 20:08:17.924907: train_loss -0.4592
2026-06-23 20:08:17.925494: val_loss -0.2299
2026-06-23 20:08:17.925640: Pseudo dice [np.float32(0.7195)]
2026-06-23 20:08:17.925812: Epoch time: 44.85 s
2026-06-23 20:08:19.712247: 
2026-06-23 20:08:19.712840: Epoch 214
2026-06-23 20:08:19.714200: Current learning rate: 0.00175
2026-06-23 20:09:04.505445: train_loss -0.4529
2026-06-23 20:09:04.506103: val_loss -0.2063
2026-06-23 20:09:04.506432: Pseudo dice [np.float32(0.6933)]
2026-06-23 20:09:04.506646: Epoch time: 44.8 s
2026-06-23 20:09:06.286422: 
2026-06-23 20:09:06.286870: Epoch 215
2026-06-23 20:09:06.287105: Current learning rate: 0.0017
2026-06-23 20:09:51.168366: train_loss -0.4611
2026-06-23 20:09:51.169075: val_loss -0.248
2026-06-23 20:09:51.169228: Pseudo dice [np.float32(0.7119)]
2026-06-23 20:09:51.169420: Epoch time: 44.89 s
2026-06-23 20:09:53.357436: 
2026-06-23 20:09:53.358003: Epoch 216
2026-06-23 20:09:53.358346: Current learning rate: 0.00166
2026-06-23 20:10:38.129755: train_loss -0.4673
2026-06-23 20:10:38.130463: val_loss -0.2079
2026-06-23 20:10:38.130618: Pseudo dice [np.float32(0.6931)]
2026-06-23 20:10:38.130797: Epoch time: 44.78 s
2026-06-23 20:10:39.898465: 
2026-06-23 20:10:39.898921: Epoch 217
2026-06-23 20:10:39.899104: Current learning rate: 0.00162
2026-06-23 20:11:24.748902: train_loss -0.4647
2026-06-23 20:11:24.749555: val_loss -0.2303
2026-06-23 20:11:24.749700: Pseudo dice [np.float32(0.6984)]
2026-06-23 20:11:24.749892: Epoch time: 44.85 s
2026-06-23 20:11:26.535362: 
2026-06-23 20:11:26.535857: Epoch 218
2026-06-23 20:11:26.536055: Current learning rate: 0.00157
2026-06-23 20:12:11.321892: train_loss -0.4733
2026-06-23 20:12:11.322469: val_loss -0.2015
2026-06-23 20:12:11.322610: Pseudo dice [np.float32(0.6918)]
2026-06-23 20:12:11.322788: Epoch time: 44.79 s
2026-06-23 20:12:13.100331: 
2026-06-23 20:12:13.100835: Epoch 219
2026-06-23 20:12:13.101145: Current learning rate: 0.00153
2026-06-23 20:12:57.923129: train_loss -0.4764
2026-06-23 20:12:57.923644: val_loss -0.163
2026-06-23 20:12:57.923784: Pseudo dice [np.float32(0.6834)]
2026-06-23 20:12:57.923972: Epoch time: 44.83 s
2026-06-23 20:12:59.698200: 
2026-06-23 20:12:59.698687: Epoch 220
2026-06-23 20:12:59.698882: Current learning rate: 0.00148
2026-06-23 20:13:44.385997: train_loss -0.4619
2026-06-23 20:13:44.386695: val_loss -0.1918
2026-06-23 20:13:44.386837: Pseudo dice [np.float32(0.6945)]
2026-06-23 20:13:44.387019: Epoch time: 44.69 s
2026-06-23 20:13:46.179729: 
2026-06-23 20:13:46.180308: Epoch 221
2026-06-23 20:13:46.180611: Current learning rate: 0.00144
2026-06-23 20:14:30.943730: train_loss -0.4814
2026-06-23 20:14:30.944303: val_loss -0.2442
2026-06-23 20:14:30.944462: Pseudo dice [np.float32(0.7076)]
2026-06-23 20:14:30.944657: Epoch time: 44.77 s
2026-06-23 20:14:32.710485: 
2026-06-23 20:14:32.710864: Epoch 222
2026-06-23 20:14:32.711038: Current learning rate: 0.00139
2026-06-23 20:15:17.580383: train_loss -0.4936
2026-06-23 20:15:17.580941: val_loss -0.1786
2026-06-23 20:15:17.581097: Pseudo dice [np.float32(0.6869)]
2026-06-23 20:15:17.581275: Epoch time: 44.87 s
2026-06-23 20:15:19.366884: 
2026-06-23 20:15:19.367398: Epoch 223
2026-06-23 20:15:19.367759: Current learning rate: 0.00135
2026-06-23 20:16:04.174574: train_loss -0.4788
2026-06-23 20:16:04.175157: val_loss -0.2432
2026-06-23 20:16:04.175303: Pseudo dice [np.float32(0.7174)]
2026-06-23 20:16:04.175478: Epoch time: 44.81 s
2026-06-23 20:16:05.940043: 
2026-06-23 20:16:05.940421: Epoch 224
2026-06-23 20:16:05.940602: Current learning rate: 0.0013
2026-06-23 20:16:50.740773: train_loss -0.4712
2026-06-23 20:16:50.741413: val_loss -0.203
2026-06-23 20:16:50.741557: Pseudo dice [np.float32(0.7018)]
2026-06-23 20:16:50.741734: Epoch time: 44.8 s
2026-06-23 20:16:52.935742: 
2026-06-23 20:16:52.936407: Epoch 225
2026-06-23 20:16:52.936693: Current learning rate: 0.00126
2026-06-23 20:17:37.617521: train_loss -0.4794
2026-06-23 20:17:37.618224: val_loss -0.2072
2026-06-23 20:17:37.618376: Pseudo dice [np.float32(0.6956)]
2026-06-23 20:17:37.618553: Epoch time: 44.69 s
2026-06-23 20:17:39.393739: 
2026-06-23 20:17:39.394193: Epoch 226
2026-06-23 20:17:39.394396: Current learning rate: 0.00121
2026-06-23 20:18:24.012768: train_loss -0.4888
2026-06-23 20:18:24.013474: val_loss -0.1897
2026-06-23 20:18:24.013625: Pseudo dice [np.float32(0.6888)]
2026-06-23 20:18:24.013807: Epoch time: 44.62 s
2026-06-23 20:18:25.803636: 
2026-06-23 20:18:25.804143: Epoch 227
2026-06-23 20:18:25.804328: Current learning rate: 0.00117
2026-06-23 20:19:10.482754: train_loss -0.4749
2026-06-23 20:19:10.483394: val_loss -0.2253
2026-06-23 20:19:10.483543: Pseudo dice [np.float32(0.6999)]
2026-06-23 20:19:10.483716: Epoch time: 44.68 s
2026-06-23 20:19:12.306503: 
2026-06-23 20:19:12.307943: Epoch 228
2026-06-23 20:19:12.308433: Current learning rate: 0.00112
2026-06-23 20:19:57.060467: train_loss -0.4671
2026-06-23 20:19:57.061002: val_loss -0.2301
2026-06-23 20:19:57.061158: Pseudo dice [np.float32(0.7059)]
2026-06-23 20:19:57.061342: Epoch time: 44.76 s
2026-06-23 20:19:58.846910: 
2026-06-23 20:19:58.848050: Epoch 229
2026-06-23 20:19:58.848233: Current learning rate: 0.00108
2026-06-23 20:20:43.640344: train_loss -0.4906
2026-06-23 20:20:43.641154: val_loss -0.2303
2026-06-23 20:20:43.641308: Pseudo dice [np.float32(0.7005)]
2026-06-23 20:20:43.641573: Epoch time: 44.8 s
2026-06-23 20:20:45.431050: 
2026-06-23 20:20:45.431628: Epoch 230
2026-06-23 20:20:45.431979: Current learning rate: 0.00103
2026-06-23 20:21:30.079644: train_loss -0.4765
2026-06-23 20:21:30.080201: val_loss -0.1959
2026-06-23 20:21:30.080350: Pseudo dice [np.float32(0.6863)]
2026-06-23 20:21:30.080525: Epoch time: 44.65 s
2026-06-23 20:21:31.845048: 
2026-06-23 20:21:31.845487: Epoch 231
2026-06-23 20:21:31.845691: Current learning rate: 0.00098
2026-06-23 20:22:16.571043: train_loss -0.4702
2026-06-23 20:22:16.571667: val_loss -0.2186
2026-06-23 20:22:16.571803: Pseudo dice [np.float32(0.7006)]
2026-06-23 20:22:16.571980: Epoch time: 44.73 s
2026-06-23 20:22:18.395375: 
2026-06-23 20:22:18.396194: Epoch 232
2026-06-23 20:22:18.397694: Current learning rate: 0.00094
2026-06-23 20:23:03.199763: train_loss -0.4756
2026-06-23 20:23:03.200554: val_loss -0.2542
2026-06-23 20:23:03.200787: Pseudo dice [np.float32(0.7183)]
2026-06-23 20:23:03.201076: Epoch time: 44.81 s
2026-06-23 20:23:04.988714: 
2026-06-23 20:23:04.989496: Epoch 233
2026-06-23 20:23:04.990101: Current learning rate: 0.00089
2026-06-23 20:23:49.867520: train_loss -0.4693
2026-06-23 20:23:49.868130: val_loss -0.2475
2026-06-23 20:23:49.868290: Pseudo dice [np.float32(0.7108)]
2026-06-23 20:23:49.868465: Epoch time: 44.88 s
2026-06-23 20:23:52.086748: 
2026-06-23 20:23:52.087235: Epoch 234
2026-06-23 20:23:52.087458: Current learning rate: 0.00084
2026-06-23 20:24:36.835006: train_loss -0.4736
2026-06-23 20:24:36.835585: val_loss -0.2161
2026-06-23 20:24:36.835727: Pseudo dice [np.float32(0.7034)]
2026-06-23 20:24:36.835908: Epoch time: 44.75 s
2026-06-23 20:24:38.612657: 
2026-06-23 20:24:38.613113: Epoch 235
2026-06-23 20:24:38.613326: Current learning rate: 0.00079
2026-06-23 20:25:23.459829: train_loss -0.4807
2026-06-23 20:25:23.460563: val_loss -0.2149
2026-06-23 20:25:23.460744: Pseudo dice [np.float32(0.7091)]
2026-06-23 20:25:23.460931: Epoch time: 44.85 s
2026-06-23 20:25:25.248582: 
2026-06-23 20:25:25.249500: Epoch 236
2026-06-23 20:25:25.250192: Current learning rate: 0.00075
2026-06-23 20:26:10.022310: train_loss -0.477
2026-06-23 20:26:10.022885: val_loss -0.191
2026-06-23 20:26:10.023033: Pseudo dice [np.float32(0.6844)]
2026-06-23 20:26:10.023207: Epoch time: 44.78 s
2026-06-23 20:26:11.803780: 
2026-06-23 20:26:11.804555: Epoch 237
2026-06-23 20:26:11.805046: Current learning rate: 0.0007
2026-06-23 20:26:56.470776: train_loss -0.4853
2026-06-23 20:26:56.471416: val_loss -0.1824
2026-06-23 20:26:56.471563: Pseudo dice [np.float32(0.6785)]
2026-06-23 20:26:56.471741: Epoch time: 44.67 s
2026-06-23 20:26:58.263947: 
2026-06-23 20:26:58.264464: Epoch 238
2026-06-23 20:26:58.264792: Current learning rate: 0.00065
2026-06-23 20:27:42.916052: train_loss -0.493
2026-06-23 20:27:42.916675: val_loss -0.202
2026-06-23 20:27:42.916859: Pseudo dice [np.float32(0.6985)]
2026-06-23 20:27:42.917036: Epoch time: 44.66 s
2026-06-23 20:27:44.704570: 
2026-06-23 20:27:44.705204: Epoch 239
2026-06-23 20:27:44.705504: Current learning rate: 0.0006
2026-06-23 20:28:29.411337: train_loss -0.4821
2026-06-23 20:28:29.411950: val_loss -0.1923
2026-06-23 20:28:29.412104: Pseudo dice [np.float32(0.6804)]
2026-06-23 20:28:29.412274: Epoch time: 44.71 s
2026-06-23 20:28:31.204948: 
2026-06-23 20:28:31.205527: Epoch 240
2026-06-23 20:28:31.205842: Current learning rate: 0.00055
2026-06-23 20:29:16.037714: train_loss -0.4899
2026-06-23 20:29:16.038186: val_loss -0.1949
2026-06-23 20:29:16.038335: Pseudo dice [np.float32(0.6916)]
2026-06-23 20:29:16.038510: Epoch time: 44.84 s
2026-06-23 20:29:17.826542: 
2026-06-23 20:29:17.827007: Epoch 241
2026-06-23 20:29:17.827358: Current learning rate: 0.0005
2026-06-23 20:30:02.542073: train_loss -0.4859
2026-06-23 20:30:02.542764: val_loss -0.2423
2026-06-23 20:30:02.543005: Pseudo dice [np.float32(0.7121)]
2026-06-23 20:30:02.543208: Epoch time: 44.72 s
2026-06-23 20:30:04.372894: 
2026-06-23 20:30:04.374105: Epoch 242
2026-06-23 20:30:04.374592: Current learning rate: 0.00045
2026-06-23 20:30:49.125648: train_loss -0.4748
2026-06-23 20:30:49.126209: val_loss -0.2059
2026-06-23 20:30:49.126363: Pseudo dice [np.float32(0.6975)]
2026-06-23 20:30:49.126534: Epoch time: 44.76 s
2026-06-23 20:30:51.361458: 
2026-06-23 20:30:51.362078: Epoch 243
2026-06-23 20:30:51.362410: Current learning rate: 0.0004
2026-06-23 20:31:36.194468: train_loss -0.4914
2026-06-23 20:31:36.195056: val_loss -0.195
2026-06-23 20:31:36.195214: Pseudo dice [np.float32(0.694)]
2026-06-23 20:31:36.195388: Epoch time: 44.84 s
2026-06-23 20:31:37.988648: 
2026-06-23 20:31:37.989111: Epoch 244
2026-06-23 20:31:37.989307: Current learning rate: 0.00035
2026-06-23 20:32:22.687731: train_loss -0.4802
2026-06-23 20:32:22.688288: val_loss -0.2501
2026-06-23 20:32:22.688435: Pseudo dice [np.float32(0.7129)]
2026-06-23 20:32:22.688610: Epoch time: 44.7 s
2026-06-23 20:32:24.490200: 
2026-06-23 20:32:24.490730: Epoch 245
2026-06-23 20:32:24.491053: Current learning rate: 0.0003
2026-06-23 20:33:09.266557: train_loss -0.4904
2026-06-23 20:33:09.267023: val_loss -0.2067
2026-06-23 20:33:09.267166: Pseudo dice [np.float32(0.6906)]
2026-06-23 20:33:09.267340: Epoch time: 44.78 s
2026-06-23 20:33:11.064456: 
2026-06-23 20:33:11.065001: Epoch 246
2026-06-23 20:33:11.065210: Current learning rate: 0.00024
2026-06-23 20:33:55.791213: train_loss -0.4942
2026-06-23 20:33:55.791767: val_loss -0.2141
2026-06-23 20:33:55.791916: Pseudo dice [np.float32(0.7081)]
2026-06-23 20:33:55.792093: Epoch time: 44.73 s
2026-06-23 20:33:57.594824: 
2026-06-23 20:33:57.595300: Epoch 247
2026-06-23 20:33:57.595499: Current learning rate: 0.00019
2026-06-23 20:34:42.199512: train_loss -0.4922
2026-06-23 20:34:42.200192: val_loss -0.1864
2026-06-23 20:34:42.200338: Pseudo dice [np.float32(0.6892)]
2026-06-23 20:34:42.200504: Epoch time: 44.61 s
2026-06-23 20:34:43.989061: 
2026-06-23 20:34:43.989660: Epoch 248
2026-06-23 20:34:43.989963: Current learning rate: 0.00013
2026-06-23 20:35:28.606910: train_loss -0.4826
2026-06-23 20:35:28.607365: val_loss -0.193
2026-06-23 20:35:28.607513: Pseudo dice [np.float32(0.7043)]
2026-06-23 20:35:28.607677: Epoch time: 44.62 s
2026-06-23 20:35:30.394972: 
2026-06-23 20:35:30.395374: Epoch 249
2026-06-23 20:35:30.395554: Current learning rate: 7e-05
2026-06-23 20:36:15.130167: train_loss -0.4849
2026-06-23 20:36:15.130713: val_loss -0.228
2026-06-23 20:36:15.130881: Pseudo dice [np.float32(0.7056)]
2026-06-23 20:36:15.131053: Epoch time: 44.74 s
2026-06-23 20:36:17.591045: Training done.
2026-06-23 20:36:17.805324: Using splits from existing split file: /gpfs/data/ravenlab/micmac/nnUNet_preprocessed/Dataset004_BinaryTask/splits_final.json
2026-06-23 20:36:17.819543: The split file contains 5 splits.
2026-06-23 20:36:17.819700: Desired fold for training: 2
2026-06-23 20:36:17.819804: This split has 20 training and 5 validation cases.
2026-06-23 20:36:17.820028: predicting 41759_11right
2026-06-23 20:36:17.832493: 41759_11right, shape torch.Size([1, 1, 1055, 1543]), rank 0
2026-06-23 20:36:24.003843: predicting 41759_46bundle
2026-06-23 20:36:24.039711: 41759_46bundle, shape torch.Size([1, 1, 2240, 2125]), rank 0
2026-06-23 20:36:25.448958: predicting 41759_47left
2026-06-23 20:36:25.480983: 41759_47left, shape torch.Size([1, 1, 2016, 2201]), rank 0
2026-06-23 20:36:26.557792: predicting 41759_61_claus
2026-06-23 20:36:26.584651: 41759_61_claus, shape torch.Size([1, 1, 2077, 2024]), rank 0
2026-06-23 20:36:27.991052: predicting 41759_G_100_slice_2_2
2026-06-23 20:36:28.243208: 41759_G_100_slice_2_2, shape torch.Size([1, 1, 4818, 8533]), rank 0
2026-06-23 20:37:43.937085: Validation complete
2026-06-23 20:37:43.937980: Mean Validation Dice:  0.6816575196045618
