Loading python/gpu/3.10.6-cuda12.9
  Loading requirement: cuda/12.9
Launching parallel training for 2D config, Fold 4 using 250-epoch trainer preset...

############################
INFO: You are using the old nnU-Net default plans. We have updated our recommendations. Please consider using those instead! Read more here: https://github.com/MIC-DKFZ/nnUNet/blob/master/documentation/resenc_presets.md
############################

Using device: cuda:0

#######################################################################
Please cite the following paper when using nnU-Net:
Isensee, F., Jaeger, P. F., Kohl, S. A., Petersen, J., & Maier-Hein, K. H. (2021). nnU-Net: a self-configuring method for deep learning-based biomedical image segmentation. Nature methods, 18(2), 203-211.
#######################################################################

2026-06-23 20:40:00.663413: do_dummy_2d_data_aug: False
2026-06-23 20:40:00.664025: Using splits from existing split file: /gpfs/data/ravenlab/micmac/nnUNet_preprocessed/Dataset004_BinaryTask/splits_final.json
2026-06-23 20:40:00.664366: The split file contains 5 splits.
2026-06-23 20:40:00.664476: Desired fold for training: 4
2026-06-23 20:40:00.664570: This split has 20 training and 5 validation cases.
using pin_memory on device 0
using pin_memory on device 0

This is the configuration used by this training:
Configuration name: 2d
 {'data_identifier': 'nnUNetPlans_2d', 'preprocessor_name': 'DefaultPreprocessor', 'batch_size': 2, 'patch_size': [1024, 1280], 'median_image_size_in_voxels': [2112.0, 2251.0], 'spacing': [1.0, 1.0], 'normalization_schemes': ['ZScoreNormalization'], 'use_mask_for_norm': [False], 'resampling_fn_data': 'resample_data_or_seg_to_shape', 'resampling_fn_seg': 'resample_data_or_seg_to_shape', 'resampling_fn_data_kwargs': {'is_seg': False, 'order': 3, 'order_z': 0, 'force_separate_z': None}, 'resampling_fn_seg_kwargs': {'is_seg': True, 'order': 1, 'order_z': 0, 'force_separate_z': None}, 'resampling_fn_probabilities': 'resample_data_or_seg_to_shape', 'resampling_fn_probabilities_kwargs': {'is_seg': False, 'order': 1, 'order_z': 0, 'force_separate_z': None}, 'architecture': {'network_class_name': 'dynamic_network_architectures.architectures.unet.PlainConvUNet', 'arch_kwargs': {'n_stages': 9, 'features_per_stage': [32, 64, 128, 256, 512, 512, 512, 512, 512], 'conv_op': 'torch.nn.modules.conv.Conv2d', 'kernel_sizes': [[3, 3], [3, 3], [3, 3], [3, 3], [3, 3], [3, 3], [3, 3], [3, 3], [3, 3]], 'strides': [[1, 1], [2, 2], [2, 2], [2, 2], [2, 2], [2, 2], [2, 2], [2, 2], [2, 2]], 'n_conv_per_stage': [2, 2, 2, 2, 2, 2, 2, 2, 2], 'n_conv_per_stage_decoder': [2, 2, 2, 2, 2, 2, 2, 2], 'conv_bias': True, 'norm_op': 'torch.nn.modules.instancenorm.InstanceNorm2d', 'norm_op_kwargs': {'eps': 1e-05, 'affine': True}, 'dropout_op': None, 'dropout_op_kwargs': None, 'nonlin': 'torch.nn.LeakyReLU', 'nonlin_kwargs': {'inplace': True}}, '_kw_requires_import': ['conv_op', 'norm_op', 'dropout_op', 'nonlin']}, 'batch_dice': True} 

These are the global plan.json settings:
 {'dataset_name': 'Dataset004_BinaryTask', 'plans_name': 'nnUNetPlans', 'original_median_spacing_after_transp': [999.0, 1.0, 1.0], 'original_median_shape_after_transp': [1, 2112, 2251], 'image_reader_writer': 'NaturalImage2DIO', 'transpose_forward': [0, 1, 2], 'transpose_backward': [0, 1, 2], 'experiment_planner_used': 'ExperimentPlanner', 'label_manager': 'LabelManager', 'foreground_intensity_properties_per_channel': {'0': {'max': 252.0, 'mean': 115.78092193603516, 'median': 115.0, 'min': 5.0, 'percentile_00_5': 33.0, 'percentile_99_5': 207.0, 'std': 36.5728759765625}}} 

2026-06-23 20:40:05.667196: Unable to plot network architecture:
2026-06-23 20:40:05.667359: No module named 'hiddenlayer'
2026-06-23 20:40:05.826059: 
2026-06-23 20:40:05.826280: Epoch 0
2026-06-23 20:40:05.826591: Current learning rate: 0.01
2026-06-23 20:42:12.043638: train_loss -0.104
2026-06-23 20:42:12.044477: val_loss -0.1137
2026-06-23 20:42:12.044651: Pseudo dice [np.float32(0.6785)]
2026-06-23 20:42:12.044905: Epoch time: 126.22 s
2026-06-23 20:42:12.045074: Yayy! New best EMA pseudo Dice: 0.6784999966621399
2026-06-23 20:42:14.529143: 
2026-06-23 20:42:14.529569: Epoch 1
2026-06-23 20:42:14.529758: Current learning rate: 0.00996
2026-06-23 20:42:59.500350: train_loss -0.2373
2026-06-23 20:42:59.504073: val_loss -0.1784
2026-06-23 20:42:59.504266: Pseudo dice [np.float32(0.6996)]
2026-06-23 20:42:59.504441: Epoch time: 44.97 s
2026-06-23 20:42:59.507113: Yayy! New best EMA pseudo Dice: 0.6805999875068665
2026-06-23 20:43:01.693787: 
2026-06-23 20:43:01.694189: Epoch 2
2026-06-23 20:43:01.694380: Current learning rate: 0.00993
2026-06-23 20:43:46.523862: train_loss -0.2608
2026-06-23 20:43:46.524365: val_loss -0.1755
2026-06-23 20:43:46.524519: Pseudo dice [np.float32(0.677)]
2026-06-23 20:43:46.524688: Epoch time: 44.83 s
2026-06-23 20:43:48.298757: 
2026-06-23 20:43:48.299250: Epoch 3
2026-06-23 20:43:48.299438: Current learning rate: 0.00989
2026-06-23 20:44:33.209009: train_loss -0.2671
2026-06-23 20:44:33.209459: val_loss -0.184
2026-06-23 20:44:33.209600: Pseudo dice [np.float32(0.6658)]
2026-06-23 20:44:33.209782: Epoch time: 44.91 s
2026-06-23 20:44:34.958340: 
2026-06-23 20:44:34.958835: Epoch 4
2026-06-23 20:44:34.959142: Current learning rate: 0.00986
2026-06-23 20:45:20.034911: train_loss -0.2798
2026-06-23 20:45:20.035404: val_loss -0.136
2026-06-23 20:45:20.035551: Pseudo dice [np.float32(0.6591)]
2026-06-23 20:45:20.035715: Epoch time: 45.08 s
2026-06-23 20:45:21.822345: 
2026-06-23 20:45:21.822838: Epoch 5
2026-06-23 20:45:21.823158: Current learning rate: 0.00982
2026-06-23 20:46:06.826375: train_loss -0.2986
2026-06-23 20:46:06.826893: val_loss -0.1497
2026-06-23 20:46:06.827051: Pseudo dice [np.float32(0.6615)]
2026-06-23 20:46:06.827216: Epoch time: 45.01 s
2026-06-23 20:46:08.576250: 
2026-06-23 20:46:08.576684: Epoch 6
2026-06-23 20:46:08.576903: Current learning rate: 0.00978
2026-06-23 20:46:53.525997: train_loss -0.3287
2026-06-23 20:46:53.526491: val_loss -0.1616
2026-06-23 20:46:53.526633: Pseudo dice [np.float32(0.6726)]
2026-06-23 20:46:53.526804: Epoch time: 44.95 s
2026-06-23 20:46:55.246467: 
2026-06-23 20:46:55.246979: Epoch 7
2026-06-23 20:46:55.247172: Current learning rate: 0.00975
2026-06-23 20:47:40.067363: train_loss -0.3182
2026-06-23 20:47:40.067907: val_loss -0.1749
2026-06-23 20:47:40.068053: Pseudo dice [np.float32(0.6916)]
2026-06-23 20:47:40.068228: Epoch time: 44.82 s
2026-06-23 20:47:41.819567: 
2026-06-23 20:47:41.820048: Epoch 8
2026-06-23 20:47:41.820230: Current learning rate: 0.00971
2026-06-23 20:48:26.684257: train_loss -0.3229
2026-06-23 20:48:26.684756: val_loss -0.1112
2026-06-23 20:48:26.684925: Pseudo dice [np.float32(0.6676)]
2026-06-23 20:48:26.685131: Epoch time: 44.87 s
2026-06-23 20:48:28.802909: 
2026-06-23 20:48:28.803277: Epoch 9
2026-06-23 20:48:28.803461: Current learning rate: 0.00968
2026-06-23 20:49:13.713331: train_loss -0.3355
2026-06-23 20:49:13.713817: val_loss -0.1293
2026-06-23 20:49:13.713981: Pseudo dice [np.float32(0.6667)]
2026-06-23 20:49:13.714149: Epoch time: 44.91 s
2026-06-23 20:49:15.428299: 
2026-06-23 20:49:15.428752: Epoch 10
2026-06-23 20:49:15.428938: Current learning rate: 0.00964
2026-06-23 20:50:00.196646: train_loss -0.3143
2026-06-23 20:50:00.197247: val_loss -0.1527
2026-06-23 20:50:00.197415: Pseudo dice [np.float32(0.6488)]
2026-06-23 20:50:00.197587: Epoch time: 44.77 s
2026-06-23 20:50:01.906180: 
2026-06-23 20:50:01.906725: Epoch 11
2026-06-23 20:50:01.907028: Current learning rate: 0.0096
2026-06-23 20:50:46.699599: train_loss -0.3273
2026-06-23 20:50:46.700139: val_loss -0.1332
2026-06-23 20:50:46.700284: Pseudo dice [np.float32(0.6441)]
2026-06-23 20:50:46.700455: Epoch time: 44.8 s
2026-06-23 20:50:48.405510: 
2026-06-23 20:50:48.405909: Epoch 12
2026-06-23 20:50:48.406082: Current learning rate: 0.00957
2026-06-23 20:51:33.255832: train_loss -0.3204
2026-06-23 20:51:33.256587: val_loss -0.1669
2026-06-23 20:51:33.256767: Pseudo dice [np.float32(0.6723)]
2026-06-23 20:51:33.256971: Epoch time: 44.85 s
2026-06-23 20:51:34.994463: 
2026-06-23 20:51:34.994910: Epoch 13
2026-06-23 20:51:34.995132: Current learning rate: 0.00953
2026-06-23 20:52:19.992713: train_loss -0.3333
2026-06-23 20:52:19.993259: val_loss -0.1768
2026-06-23 20:52:19.993428: Pseudo dice [np.float32(0.6949)]
2026-06-23 20:52:19.993601: Epoch time: 45.0 s
2026-06-23 20:52:21.708941: 
2026-06-23 20:52:21.709392: Epoch 14
2026-06-23 20:52:21.709892: Current learning rate: 0.00949
2026-06-23 20:53:06.582820: train_loss -0.3271
2026-06-23 20:53:06.583426: val_loss -0.1429
2026-06-23 20:53:06.583575: Pseudo dice [np.float32(0.6273)]
2026-06-23 20:53:06.583789: Epoch time: 44.88 s
2026-06-23 20:53:08.327047: 
2026-06-23 20:53:08.327523: Epoch 15
2026-06-23 20:53:08.327810: Current learning rate: 0.00946
2026-06-23 20:53:53.302534: train_loss -0.3404
2026-06-23 20:53:53.302994: val_loss -0.1751
2026-06-23 20:53:53.303138: Pseudo dice [np.float32(0.693)]
2026-06-23 20:53:53.303304: Epoch time: 44.98 s
2026-06-23 20:53:55.061039: 
2026-06-23 20:53:55.061663: Epoch 16
2026-06-23 20:53:55.061974: Current learning rate: 0.00942
2026-06-23 20:54:40.250454: train_loss -0.3347
2026-06-23 20:54:40.251174: val_loss -0.1686
2026-06-23 20:54:40.251333: Pseudo dice [np.float32(0.6776)]
2026-06-23 20:54:40.251518: Epoch time: 45.19 s
2026-06-23 20:54:42.096992: 
2026-06-23 20:54:42.097495: Epoch 17
2026-06-23 20:54:42.098320: Current learning rate: 0.00939
2026-06-23 20:55:27.043788: train_loss -0.329
2026-06-23 20:55:27.044301: val_loss -0.1928
2026-06-23 20:55:27.044471: Pseudo dice [np.float32(0.6689)]
2026-06-23 20:55:27.044707: Epoch time: 44.95 s
2026-06-23 20:55:29.215223: 
2026-06-23 20:55:29.215797: Epoch 18
2026-06-23 20:55:29.216385: Current learning rate: 0.00935
2026-06-23 20:56:14.102541: train_loss -0.343
2026-06-23 20:56:14.103051: val_loss -0.2277
2026-06-23 20:56:14.103199: Pseudo dice [np.float32(0.717)]
2026-06-23 20:56:14.103374: Epoch time: 44.89 s
2026-06-23 20:56:15.852603: 
2026-06-23 20:56:15.853149: Epoch 19
2026-06-23 20:56:15.853334: Current learning rate: 0.00931
2026-06-23 20:57:00.700504: train_loss -0.3424
2026-06-23 20:57:00.701100: val_loss -0.1681
2026-06-23 20:57:00.701265: Pseudo dice [np.float32(0.6539)]
2026-06-23 20:57:00.701445: Epoch time: 44.85 s
2026-06-23 20:57:02.462067: 
2026-06-23 20:57:02.462418: Epoch 20
2026-06-23 20:57:02.462604: Current learning rate: 0.00928
2026-06-23 20:57:47.606985: train_loss -0.3563
2026-06-23 20:57:47.607531: val_loss -0.1845
2026-06-23 20:57:47.607689: Pseudo dice [np.float32(0.668)]
2026-06-23 20:57:47.607876: Epoch time: 45.15 s
2026-06-23 20:57:49.364686: 
2026-06-23 20:57:49.364993: Epoch 21
2026-06-23 20:57:49.365172: Current learning rate: 0.00924
2026-06-23 20:58:34.190575: train_loss -0.3525
2026-06-23 20:58:34.191158: val_loss -0.1772
2026-06-23 20:58:34.191311: Pseudo dice [np.float32(0.6645)]
2026-06-23 20:58:34.191483: Epoch time: 44.83 s
2026-06-23 20:58:35.895268: 
2026-06-23 20:58:35.895793: Epoch 22
2026-06-23 20:58:35.896100: Current learning rate: 0.0092
2026-06-23 20:59:20.676348: train_loss -0.3495
2026-06-23 20:59:20.676923: val_loss -0.1864
2026-06-23 20:59:20.677075: Pseudo dice [np.float32(0.6996)]
2026-06-23 20:59:20.677248: Epoch time: 44.78 s
2026-06-23 20:59:22.388997: 
2026-06-23 20:59:22.389462: Epoch 23
2026-06-23 20:59:22.389683: Current learning rate: 0.00917
2026-06-23 21:00:07.160909: train_loss -0.3562
2026-06-23 21:00:07.161452: val_loss -0.2285
2026-06-23 21:00:07.161633: Pseudo dice [np.float32(0.6775)]
2026-06-23 21:00:07.161808: Epoch time: 44.78 s
2026-06-23 21:00:08.850786: 
2026-06-23 21:00:08.851392: Epoch 24
2026-06-23 21:00:08.851681: Current learning rate: 0.00913
2026-06-23 21:00:53.637411: train_loss -0.3496
2026-06-23 21:00:53.637845: val_loss -0.2172
2026-06-23 21:00:53.637995: Pseudo dice [np.float32(0.6805)]
2026-06-23 21:00:53.638156: Epoch time: 44.79 s
2026-06-23 21:00:55.370840: 
2026-06-23 21:00:55.371429: Epoch 25
2026-06-23 21:00:55.371775: Current learning rate: 0.0091
2026-06-23 21:01:40.363347: train_loss -0.3474
2026-06-23 21:01:40.363945: val_loss -0.2105
2026-06-23 21:01:40.364094: Pseudo dice [np.float32(0.6975)]
2026-06-23 21:01:40.364259: Epoch time: 45.0 s
2026-06-23 21:01:42.071532: 
2026-06-23 21:01:42.072094: Epoch 26
2026-06-23 21:01:42.072462: Current learning rate: 0.00906
2026-06-23 21:02:27.026588: train_loss -0.3634
2026-06-23 21:02:27.027088: val_loss -0.1993
2026-06-23 21:02:27.027232: Pseudo dice [np.float32(0.6773)]
2026-06-23 21:02:27.027402: Epoch time: 44.96 s
2026-06-23 21:02:29.162962: 
2026-06-23 21:02:29.163411: Epoch 27
2026-06-23 21:02:29.163597: Current learning rate: 0.00902
2026-06-23 21:03:13.952566: train_loss -0.3715
2026-06-23 21:03:13.953290: val_loss -0.1523
2026-06-23 21:03:13.953439: Pseudo dice [np.float32(0.6278)]
2026-06-23 21:03:13.953607: Epoch time: 44.79 s
2026-06-23 21:03:15.665476: 
2026-06-23 21:03:15.666030: Epoch 28
2026-06-23 21:03:15.666320: Current learning rate: 0.00899
2026-06-23 21:04:00.302683: train_loss -0.3453
2026-06-23 21:04:00.303333: val_loss -0.2261
2026-06-23 21:04:00.303478: Pseudo dice [np.float32(0.6877)]
2026-06-23 21:04:00.303647: Epoch time: 44.64 s
2026-06-23 21:04:02.005888: 
2026-06-23 21:04:02.006314: Epoch 29
2026-06-23 21:04:02.006489: Current learning rate: 0.00895
2026-06-23 21:04:46.894727: train_loss -0.3604
2026-06-23 21:04:46.895285: val_loss -0.1734
2026-06-23 21:04:46.895448: Pseudo dice [np.float32(0.6487)]
2026-06-23 21:04:46.895624: Epoch time: 44.89 s
2026-06-23 21:04:48.625759: 
2026-06-23 21:04:48.626215: Epoch 30
2026-06-23 21:04:48.626506: Current learning rate: 0.00891
2026-06-23 21:05:33.503326: train_loss -0.3585
2026-06-23 21:05:33.503987: val_loss -0.1547
2026-06-23 21:05:33.504141: Pseudo dice [np.float32(0.6529)]
2026-06-23 21:05:33.504314: Epoch time: 44.88 s
2026-06-23 21:05:35.237769: 
2026-06-23 21:05:35.238228: Epoch 31
2026-06-23 21:05:35.238410: Current learning rate: 0.00888
2026-06-23 21:06:20.039010: train_loss -0.3591
2026-06-23 21:06:20.039471: val_loss -0.1892
2026-06-23 21:06:20.039611: Pseudo dice [np.float32(0.6789)]
2026-06-23 21:06:20.039775: Epoch time: 44.8 s
2026-06-23 21:06:21.771684: 
2026-06-23 21:06:21.772146: Epoch 32
2026-06-23 21:06:21.772341: Current learning rate: 0.00884
2026-06-23 21:07:06.483067: train_loss -0.3626
2026-06-23 21:07:06.483602: val_loss -0.1793
2026-06-23 21:07:06.483746: Pseudo dice [np.float32(0.6799)]
2026-06-23 21:07:06.483928: Epoch time: 44.71 s
2026-06-23 21:07:08.214064: 
2026-06-23 21:07:08.214440: Epoch 33
2026-06-23 21:07:08.214619: Current learning rate: 0.0088
2026-06-23 21:07:52.919745: train_loss -0.3781
2026-06-23 21:07:52.920272: val_loss -0.1703
2026-06-23 21:07:52.920416: Pseudo dice [np.float32(0.6681)]
2026-06-23 21:07:52.920585: Epoch time: 44.71 s
2026-06-23 21:07:54.664905: 
2026-06-23 21:07:54.665399: Epoch 34
2026-06-23 21:07:54.665592: Current learning rate: 0.00877
2026-06-23 21:08:39.465687: train_loss -0.3862
2026-06-23 21:08:39.466209: val_loss -0.1597
2026-06-23 21:08:39.466356: Pseudo dice [np.float32(0.6394)]
2026-06-23 21:08:39.466525: Epoch time: 44.8 s
2026-06-23 21:08:41.220917: 
2026-06-23 21:08:41.221477: Epoch 35
2026-06-23 21:08:41.221767: Current learning rate: 0.00873
2026-06-23 21:09:25.901338: train_loss -0.3734
2026-06-23 21:09:25.902139: val_loss -0.2226
2026-06-23 21:09:25.902312: Pseudo dice [np.float32(0.6801)]
2026-06-23 21:09:25.902491: Epoch time: 44.68 s
2026-06-23 21:09:28.103071: 
2026-06-23 21:09:28.103514: Epoch 36
2026-06-23 21:09:28.103688: Current learning rate: 0.00869
2026-06-23 21:10:12.950710: train_loss -0.381
2026-06-23 21:10:12.951328: val_loss -0.2122
2026-06-23 21:10:12.951473: Pseudo dice [np.float32(0.6714)]
2026-06-23 21:10:12.951644: Epoch time: 44.85 s
2026-06-23 21:10:14.802382: 
2026-06-23 21:10:14.802948: Epoch 37
2026-06-23 21:10:14.803256: Current learning rate: 0.00866
2026-06-23 21:10:59.640565: train_loss -0.3722
2026-06-23 21:10:59.641053: val_loss -0.1998
2026-06-23 21:10:59.641200: Pseudo dice [np.float32(0.696)]
2026-06-23 21:10:59.641371: Epoch time: 44.84 s
2026-06-23 21:11:01.406589: 
2026-06-23 21:11:01.406994: Epoch 38
2026-06-23 21:11:01.407200: Current learning rate: 0.00862
2026-06-23 21:11:46.182115: train_loss -0.3839
2026-06-23 21:11:46.182886: val_loss -0.199
2026-06-23 21:11:46.183051: Pseudo dice [np.float32(0.6727)]
2026-06-23 21:11:46.183225: Epoch time: 44.78 s
2026-06-23 21:11:47.946662: 
2026-06-23 21:11:47.947029: Epoch 39
2026-06-23 21:11:47.947226: Current learning rate: 0.00858
2026-06-23 21:12:32.920282: train_loss -0.3962
2026-06-23 21:12:32.920875: val_loss -0.1855
2026-06-23 21:12:32.921044: Pseudo dice [np.float32(0.6673)]
2026-06-23 21:12:32.921217: Epoch time: 44.98 s
2026-06-23 21:12:34.698079: 
2026-06-23 21:12:34.698601: Epoch 40
2026-06-23 21:12:34.698890: Current learning rate: 0.00855
2026-06-23 21:13:19.502661: train_loss -0.3884
2026-06-23 21:13:19.503125: val_loss -0.1839
2026-06-23 21:13:19.503268: Pseudo dice [np.float32(0.6741)]
2026-06-23 21:13:19.503447: Epoch time: 44.81 s
2026-06-23 21:13:21.283032: 
2026-06-23 21:13:21.283396: Epoch 41
2026-06-23 21:13:21.283609: Current learning rate: 0.00851
2026-06-23 21:14:06.161540: train_loss -0.3886
2026-06-23 21:14:06.162018: val_loss -0.2017
2026-06-23 21:14:06.162161: Pseudo dice [np.float32(0.6863)]
2026-06-23 21:14:06.162331: Epoch time: 44.88 s
2026-06-23 21:14:07.894394: 
2026-06-23 21:14:07.895018: Epoch 42
2026-06-23 21:14:07.895295: Current learning rate: 0.00847
2026-06-23 21:14:52.828396: train_loss -0.3841
2026-06-23 21:14:52.829284: val_loss -0.1734
2026-06-23 21:14:52.829448: Pseudo dice [np.float32(0.6694)]
2026-06-23 21:14:52.829645: Epoch time: 44.94 s
2026-06-23 21:14:54.563956: 
2026-06-23 21:14:54.564383: Epoch 43
2026-06-23 21:14:54.564575: Current learning rate: 0.00844
2026-06-23 21:15:39.466821: train_loss -0.3938
2026-06-23 21:15:39.467441: val_loss -0.2202
2026-06-23 21:15:39.467599: Pseudo dice [np.float32(0.7077)]
2026-06-23 21:15:39.467773: Epoch time: 44.91 s
2026-06-23 21:15:41.203976: 
2026-06-23 21:15:41.204504: Epoch 44
2026-06-23 21:15:41.204803: Current learning rate: 0.0084
2026-06-23 21:16:26.085818: train_loss -0.3967
2026-06-23 21:16:26.086302: val_loss -0.209
2026-06-23 21:16:26.086447: Pseudo dice [np.float32(0.7039)]
2026-06-23 21:16:26.086618: Epoch time: 44.89 s
2026-06-23 21:16:28.208922: 
2026-06-23 21:16:28.209358: Epoch 45
2026-06-23 21:16:28.209537: Current learning rate: 0.00836
2026-06-23 21:17:13.105947: train_loss -0.413
2026-06-23 21:17:13.106573: val_loss -0.1739
2026-06-23 21:17:13.106741: Pseudo dice [np.float32(0.6688)]
2026-06-23 21:17:13.106938: Epoch time: 44.9 s
2026-06-23 21:17:14.831550: 
2026-06-23 21:17:14.831967: Epoch 46
2026-06-23 21:17:14.832149: Current learning rate: 0.00833
2026-06-23 21:17:59.567804: train_loss -0.3865
2026-06-23 21:17:59.568506: val_loss -0.2188
2026-06-23 21:17:59.568697: Pseudo dice [np.float32(0.6826)]
2026-06-23 21:17:59.568924: Epoch time: 44.74 s
2026-06-23 21:18:01.297224: 
2026-06-23 21:18:01.297664: Epoch 47
2026-06-23 21:18:01.297882: Current learning rate: 0.00829
2026-06-23 21:18:46.079835: train_loss -0.3912
2026-06-23 21:18:46.080308: val_loss -0.194
2026-06-23 21:18:46.080457: Pseudo dice [np.float32(0.682)]
2026-06-23 21:18:46.080631: Epoch time: 44.79 s
2026-06-23 21:18:47.811132: 
2026-06-23 21:18:47.811707: Epoch 48
2026-06-23 21:18:47.812016: Current learning rate: 0.00825
2026-06-23 21:19:32.711457: train_loss -0.3983
2026-06-23 21:19:32.711959: val_loss -0.2194
2026-06-23 21:19:32.712103: Pseudo dice [np.float32(0.702)]
2026-06-23 21:19:32.712271: Epoch time: 44.9 s
2026-06-23 21:19:32.712533: Yayy! New best EMA pseudo Dice: 0.6812000274658203
2026-06-23 21:19:34.904736: 
2026-06-23 21:19:34.905182: Epoch 49
2026-06-23 21:19:34.905366: Current learning rate: 0.00822
2026-06-23 21:20:19.733636: train_loss -0.3884
2026-06-23 21:20:19.734253: val_loss -0.2231
2026-06-23 21:20:19.734412: Pseudo dice [np.float32(0.7071)]
2026-06-23 21:20:19.734620: Epoch time: 44.83 s
2026-06-23 21:20:20.278546: Yayy! New best EMA pseudo Dice: 0.6837999820709229
2026-06-23 21:20:22.548071: 
2026-06-23 21:20:22.548494: Epoch 50
2026-06-23 21:20:22.548673: Current learning rate: 0.00818
2026-06-23 21:21:07.652141: train_loss -0.3832
2026-06-23 21:21:07.652627: val_loss -0.2107
2026-06-23 21:21:07.652775: Pseudo dice [np.float32(0.6938)]
2026-06-23 21:21:07.652951: Epoch time: 45.11 s
2026-06-23 21:21:07.653087: Yayy! New best EMA pseudo Dice: 0.6848000288009644
2026-06-23 21:21:09.849327: 
2026-06-23 21:21:09.849782: Epoch 51
2026-06-23 21:21:09.849993: Current learning rate: 0.00814
2026-06-23 21:21:54.893787: train_loss -0.3831
2026-06-23 21:21:54.894225: val_loss -0.2082
2026-06-23 21:21:54.894371: Pseudo dice [np.float32(0.7063)]
2026-06-23 21:21:54.894547: Epoch time: 45.05 s
2026-06-23 21:21:54.894680: Yayy! New best EMA pseudo Dice: 0.6869999766349792
2026-06-23 21:21:57.144796: 
2026-06-23 21:21:57.145296: Epoch 52
2026-06-23 21:21:57.145573: Current learning rate: 0.00811
2026-06-23 21:22:42.092709: train_loss -0.397
2026-06-23 21:22:42.093362: val_loss -0.2056
2026-06-23 21:22:42.093517: Pseudo dice [np.float32(0.6884)]
2026-06-23 21:22:42.093692: Epoch time: 44.95 s
2026-06-23 21:22:42.093822: Yayy! New best EMA pseudo Dice: 0.6870999932289124
2026-06-23 21:22:44.776086: 
2026-06-23 21:22:44.776534: Epoch 53
2026-06-23 21:22:44.776734: Current learning rate: 0.00807
2026-06-23 21:23:29.689610: train_loss -0.4054
2026-06-23 21:23:29.690360: val_loss -0.2068
2026-06-23 21:23:29.690527: Pseudo dice [np.float32(0.6887)]
2026-06-23 21:23:29.690698: Epoch time: 44.92 s
2026-06-23 21:23:29.690826: Yayy! New best EMA pseudo Dice: 0.6873000264167786
2026-06-23 21:23:31.887525: 
2026-06-23 21:23:31.887997: Epoch 54
2026-06-23 21:23:31.888207: Current learning rate: 0.00803
2026-06-23 21:24:16.798383: train_loss -0.4017
2026-06-23 21:24:16.798891: val_loss -0.1837
2026-06-23 21:24:16.799045: Pseudo dice [np.float32(0.6615)]
2026-06-23 21:24:16.799216: Epoch time: 44.91 s
2026-06-23 21:24:18.554142: 
2026-06-23 21:24:18.554651: Epoch 55
2026-06-23 21:24:18.554944: Current learning rate: 0.008
2026-06-23 21:25:03.505955: train_loss -0.3981
2026-06-23 21:25:03.506544: val_loss -0.2116
2026-06-23 21:25:03.506687: Pseudo dice [np.float32(0.6815)]
2026-06-23 21:25:03.506866: Epoch time: 44.96 s
2026-06-23 21:25:05.259540: 
2026-06-23 21:25:05.260018: Epoch 56
2026-06-23 21:25:05.260192: Current learning rate: 0.00796
2026-06-23 21:25:50.203860: train_loss -0.387
2026-06-23 21:25:50.204330: val_loss -0.215
2026-06-23 21:25:50.204469: Pseudo dice [np.float32(0.6879)]
2026-06-23 21:25:50.204643: Epoch time: 44.95 s
2026-06-23 21:25:51.949058: 
2026-06-23 21:25:51.949558: Epoch 57
2026-06-23 21:25:51.949888: Current learning rate: 0.00792
2026-06-23 21:26:36.786762: train_loss -0.3965
2026-06-23 21:26:36.787369: val_loss -0.1966
2026-06-23 21:26:36.787516: Pseudo dice [np.float32(0.7014)]
2026-06-23 21:26:36.787689: Epoch time: 44.84 s
2026-06-23 21:26:38.506807: 
2026-06-23 21:26:38.507262: Epoch 58
2026-06-23 21:26:38.507461: Current learning rate: 0.00789
2026-06-23 21:27:23.277889: train_loss -0.4128
2026-06-23 21:27:23.278364: val_loss -0.2132
2026-06-23 21:27:23.278513: Pseudo dice [np.float32(0.6823)]
2026-06-23 21:27:23.278688: Epoch time: 44.77 s
2026-06-23 21:27:25.007691: 
2026-06-23 21:27:25.008105: Epoch 59
2026-06-23 21:27:25.008282: Current learning rate: 0.00785
2026-06-23 21:28:09.994722: train_loss -0.3987
2026-06-23 21:28:09.995406: val_loss -0.2286
2026-06-23 21:28:09.995547: Pseudo dice [np.float32(0.6924)]
2026-06-23 21:28:09.995717: Epoch time: 44.99 s
2026-06-23 21:28:11.728811: 
2026-06-23 21:28:11.729328: Epoch 60
2026-06-23 21:28:11.729607: Current learning rate: 0.00781
2026-06-23 21:28:56.501323: train_loss -0.4065
2026-06-23 21:28:56.502024: val_loss -0.1816
2026-06-23 21:28:56.502200: Pseudo dice [np.float32(0.6922)]
2026-06-23 21:28:56.502388: Epoch time: 44.78 s
2026-06-23 21:28:58.232275: 
2026-06-23 21:28:58.232780: Epoch 61
2026-06-23 21:28:58.233073: Current learning rate: 0.00777
2026-06-23 21:29:43.176329: train_loss -0.4121
2026-06-23 21:29:43.176789: val_loss -0.2066
2026-06-23 21:29:43.176942: Pseudo dice [np.float32(0.6861)]
2026-06-23 21:29:43.177115: Epoch time: 44.95 s
2026-06-23 21:29:45.291766: 
2026-06-23 21:29:45.292171: Epoch 62
2026-06-23 21:29:45.292363: Current learning rate: 0.00774
2026-06-23 21:30:30.147340: train_loss -0.4067
2026-06-23 21:30:30.147997: val_loss -0.2048
2026-06-23 21:30:30.148155: Pseudo dice [np.float32(0.6816)]
2026-06-23 21:30:30.148331: Epoch time: 44.86 s
2026-06-23 21:30:31.888281: 
2026-06-23 21:30:31.888663: Epoch 63
2026-06-23 21:30:31.888872: Current learning rate: 0.0077
2026-06-23 21:31:16.722354: train_loss -0.3948
2026-06-23 21:31:16.722864: val_loss -0.2149
2026-06-23 21:31:16.723008: Pseudo dice [np.float32(0.6969)]
2026-06-23 21:31:16.723178: Epoch time: 44.84 s
2026-06-23 21:31:16.723322: Yayy! New best EMA pseudo Dice: 0.6876000165939331
2026-06-23 21:31:18.993887: 
2026-06-23 21:31:18.994280: Epoch 64
2026-06-23 21:31:18.994476: Current learning rate: 0.00766
2026-06-23 21:32:03.720504: train_loss -0.4147
2026-06-23 21:32:03.721091: val_loss -0.2328
2026-06-23 21:32:03.721254: Pseudo dice [np.float32(0.7006)]
2026-06-23 21:32:03.721435: Epoch time: 44.73 s
2026-06-23 21:32:03.721569: Yayy! New best EMA pseudo Dice: 0.6888999938964844
2026-06-23 21:32:05.901507: 
2026-06-23 21:32:05.901969: Epoch 65
2026-06-23 21:32:05.902183: Current learning rate: 0.00763
2026-06-23 21:32:50.739794: train_loss -0.3904
2026-06-23 21:32:50.741011: val_loss -0.2272
2026-06-23 21:32:50.741172: Pseudo dice [np.float32(0.7004)]
2026-06-23 21:32:50.741343: Epoch time: 44.84 s
2026-06-23 21:32:50.741471: Yayy! New best EMA pseudo Dice: 0.6899999976158142
2026-06-23 21:32:52.975054: 
2026-06-23 21:32:52.975619: Epoch 66
2026-06-23 21:32:52.975804: Current learning rate: 0.00759
2026-06-23 21:33:37.760229: train_loss -0.4128
2026-06-23 21:33:37.760778: val_loss -0.2115
2026-06-23 21:33:37.760933: Pseudo dice [np.float32(0.6767)]
2026-06-23 21:33:37.761109: Epoch time: 44.79 s
2026-06-23 21:33:39.504421: 
2026-06-23 21:33:39.504865: Epoch 67
2026-06-23 21:33:39.505076: Current learning rate: 0.00755
2026-06-23 21:34:24.511407: train_loss -0.3976
2026-06-23 21:34:24.512003: val_loss -0.195
2026-06-23 21:34:24.512148: Pseudo dice [np.float32(0.6877)]
2026-06-23 21:34:24.512325: Epoch time: 45.01 s
2026-06-23 21:34:26.288257: 
2026-06-23 21:34:26.288685: Epoch 68
2026-06-23 21:34:26.288969: Current learning rate: 0.00751
2026-06-23 21:35:11.112073: train_loss -0.4165
2026-06-23 21:35:11.112617: val_loss -0.2152
2026-06-23 21:35:11.112782: Pseudo dice [np.float32(0.7005)]
2026-06-23 21:35:11.112967: Epoch time: 44.83 s
2026-06-23 21:35:12.881025: 
2026-06-23 21:35:12.881460: Epoch 69
2026-06-23 21:35:12.881644: Current learning rate: 0.00748
2026-06-23 21:35:57.987550: train_loss -0.4107
2026-06-23 21:35:57.988063: val_loss -0.2075
2026-06-23 21:35:57.988229: Pseudo dice [np.float32(0.68)]
2026-06-23 21:35:57.988418: Epoch time: 45.11 s
2026-06-23 21:35:59.749636: 
2026-06-23 21:35:59.750147: Epoch 70
2026-06-23 21:35:59.750335: Current learning rate: 0.00744
2026-06-23 21:36:44.584127: train_loss -0.4027
2026-06-23 21:36:44.584582: val_loss -0.2174
2026-06-23 21:36:44.584725: Pseudo dice [np.float32(0.6865)]
2026-06-23 21:36:44.584904: Epoch time: 44.84 s
2026-06-23 21:36:46.768971: 
2026-06-23 21:36:46.769361: Epoch 71
2026-06-23 21:36:46.769537: Current learning rate: 0.0074
2026-06-23 21:37:31.661974: train_loss -0.4028
2026-06-23 21:37:31.662456: val_loss -0.2262
2026-06-23 21:37:31.662603: Pseudo dice [np.float32(0.7149)]
2026-06-23 21:37:31.662770: Epoch time: 44.9 s
2026-06-23 21:37:31.662911: Yayy! New best EMA pseudo Dice: 0.6912000179290771
2026-06-23 21:37:33.885571: 
2026-06-23 21:37:33.885916: Epoch 72
2026-06-23 21:37:33.886131: Current learning rate: 0.00737
2026-06-23 21:38:18.668248: train_loss -0.3989
2026-06-23 21:38:18.668966: val_loss -0.2023
2026-06-23 21:38:18.669135: Pseudo dice [np.float32(0.6797)]
2026-06-23 21:38:18.669308: Epoch time: 44.79 s
2026-06-23 21:38:20.440353: 
2026-06-23 21:38:20.440853: Epoch 73
2026-06-23 21:38:20.441064: Current learning rate: 0.00733
2026-06-23 21:39:05.287934: train_loss -0.4152
2026-06-23 21:39:05.288394: val_loss -0.1855
2026-06-23 21:39:05.288539: Pseudo dice [np.float32(0.6621)]
2026-06-23 21:39:05.288713: Epoch time: 44.85 s
2026-06-23 21:39:07.050724: 
2026-06-23 21:39:07.051370: Epoch 74
2026-06-23 21:39:07.051588: Current learning rate: 0.00729
2026-06-23 21:39:51.734991: train_loss -0.4079
2026-06-23 21:39:51.735608: val_loss -0.2068
2026-06-23 21:39:51.735764: Pseudo dice [np.float32(0.7016)]
2026-06-23 21:39:51.735946: Epoch time: 44.69 s
2026-06-23 21:39:53.498018: 
2026-06-23 21:39:53.498552: Epoch 75
2026-06-23 21:39:53.498872: Current learning rate: 0.00725
2026-06-23 21:40:38.234040: train_loss -0.4119
2026-06-23 21:40:38.234537: val_loss -0.2384
2026-06-23 21:40:38.234681: Pseudo dice [np.float32(0.712)]
2026-06-23 21:40:38.234863: Epoch time: 44.74 s
2026-06-23 21:40:40.004534: 
2026-06-23 21:40:40.005109: Epoch 76
2026-06-23 21:40:40.005401: Current learning rate: 0.00722
2026-06-23 21:41:24.945187: train_loss -0.4108
2026-06-23 21:41:24.945680: val_loss -0.1817
2026-06-23 21:41:24.945832: Pseudo dice [np.float32(0.6885)]
2026-06-23 21:41:24.946018: Epoch time: 44.94 s
2026-06-23 21:41:26.705805: 
2026-06-23 21:41:26.706286: Epoch 77
2026-06-23 21:41:26.706497: Current learning rate: 0.00718
2026-06-23 21:42:11.621261: train_loss -0.4186
2026-06-23 21:42:11.621864: val_loss -0.1824
2026-06-23 21:42:11.622015: Pseudo dice [np.float32(0.6821)]
2026-06-23 21:42:11.622186: Epoch time: 44.92 s
2026-06-23 21:42:13.394062: 
2026-06-23 21:42:13.394619: Epoch 78
2026-06-23 21:42:13.394982: Current learning rate: 0.00714
2026-06-23 21:42:58.258387: train_loss -0.4356
2026-06-23 21:42:58.258933: val_loss -0.1998
2026-06-23 21:42:58.259079: Pseudo dice [np.float32(0.684)]
2026-06-23 21:42:58.259245: Epoch time: 44.87 s
2026-06-23 21:43:00.426399: 
2026-06-23 21:43:00.426947: Epoch 79
2026-06-23 21:43:00.427139: Current learning rate: 0.0071
2026-06-23 21:43:45.253950: train_loss -0.4186
2026-06-23 21:43:45.254564: val_loss -0.1968
2026-06-23 21:43:45.254728: Pseudo dice [np.float32(0.679)]
2026-06-23 21:43:45.254906: Epoch time: 44.83 s
2026-06-23 21:43:47.051943: 
2026-06-23 21:43:47.052333: Epoch 80
2026-06-23 21:43:47.052521: Current learning rate: 0.00707
2026-06-23 21:44:32.062114: train_loss -0.4212
2026-06-23 21:44:32.062601: val_loss -0.1902
2026-06-23 21:44:32.062752: Pseudo dice [np.float32(0.6679)]
2026-06-23 21:44:32.062932: Epoch time: 45.01 s
2026-06-23 21:44:33.859370: 
2026-06-23 21:44:33.860014: Epoch 81
2026-06-23 21:44:33.860336: Current learning rate: 0.00703
2026-06-23 21:45:18.964757: train_loss -0.4159
2026-06-23 21:45:18.965251: val_loss -0.1848
2026-06-23 21:45:18.965397: Pseudo dice [np.float32(0.6897)]
2026-06-23 21:45:18.965568: Epoch time: 45.11 s
2026-06-23 21:45:20.777116: 
2026-06-23 21:45:20.777704: Epoch 82
2026-06-23 21:45:20.777904: Current learning rate: 0.00699
2026-06-23 21:46:05.608202: train_loss -0.4254
2026-06-23 21:46:05.608755: val_loss -0.1027
2026-06-23 21:46:05.608921: Pseudo dice [np.float32(0.678)]
2026-06-23 21:46:05.609092: Epoch time: 44.83 s
2026-06-23 21:46:07.353932: 
2026-06-23 21:46:07.354406: Epoch 83
2026-06-23 21:46:07.354708: Current learning rate: 0.00696
2026-06-23 21:46:52.093337: train_loss -0.425
2026-06-23 21:46:52.093830: val_loss -0.1522
2026-06-23 21:46:52.093976: Pseudo dice [np.float32(0.6782)]
2026-06-23 21:46:52.094140: Epoch time: 44.74 s
2026-06-23 21:46:53.821317: 
2026-06-23 21:46:53.821863: Epoch 84
2026-06-23 21:46:53.822179: Current learning rate: 0.00692
2026-06-23 21:47:38.856421: train_loss -0.4104
2026-06-23 21:47:38.856965: val_loss -0.2173
2026-06-23 21:47:38.857137: Pseudo dice [np.float32(0.7122)]
2026-06-23 21:47:38.857309: Epoch time: 45.04 s
2026-06-23 21:47:40.595386: 
2026-06-23 21:47:40.595938: Epoch 85
2026-06-23 21:47:40.596235: Current learning rate: 0.00688
2026-06-23 21:48:25.562984: train_loss -0.3798
2026-06-23 21:48:25.563560: val_loss -0.2025
2026-06-23 21:48:25.563707: Pseudo dice [np.float32(0.6582)]
2026-06-23 21:48:25.563888: Epoch time: 44.97 s
2026-06-23 21:48:27.297892: 
2026-06-23 21:48:27.298404: Epoch 86
2026-06-23 21:48:27.298609: Current learning rate: 0.00684
2026-06-23 21:49:12.133236: train_loss -0.3942
2026-06-23 21:49:12.133799: val_loss -0.191
2026-06-23 21:49:12.133960: Pseudo dice [np.float32(0.6961)]
2026-06-23 21:49:12.134135: Epoch time: 44.84 s
2026-06-23 21:49:13.873967: 
2026-06-23 21:49:13.874520: Epoch 87
2026-06-23 21:49:13.874791: Current learning rate: 0.0068
2026-06-23 21:49:58.747163: train_loss -0.4197
2026-06-23 21:49:58.747743: val_loss -0.1548
2026-06-23 21:49:58.747899: Pseudo dice [np.float32(0.6394)]
2026-06-23 21:49:58.748067: Epoch time: 44.88 s
2026-06-23 21:50:00.881552: 
2026-06-23 21:50:00.882141: Epoch 88
2026-06-23 21:50:00.882423: Current learning rate: 0.00677
2026-06-23 21:50:45.786435: train_loss -0.4274
2026-06-23 21:50:45.786892: val_loss -0.2246
2026-06-23 21:50:45.787032: Pseudo dice [np.float32(0.7011)]
2026-06-23 21:50:45.787199: Epoch time: 44.91 s
2026-06-23 21:50:47.527374: 
2026-06-23 21:50:47.527908: Epoch 89
2026-06-23 21:50:47.528260: Current learning rate: 0.00673
2026-06-23 21:51:32.287725: train_loss -0.4271
2026-06-23 21:51:32.288298: val_loss -0.1963
2026-06-23 21:51:32.288443: Pseudo dice [np.float32(0.6937)]
2026-06-23 21:51:32.288616: Epoch time: 44.76 s
2026-06-23 21:51:34.033839: 
2026-06-23 21:51:34.034977: Epoch 90
2026-06-23 21:51:34.035306: Current learning rate: 0.00669
2026-06-23 21:52:19.000212: train_loss -0.4065
2026-06-23 21:52:19.000673: val_loss -0.197
2026-06-23 21:52:19.000818: Pseudo dice [np.float32(0.6441)]
2026-06-23 21:52:19.001000: Epoch time: 44.97 s
2026-06-23 21:52:20.750489: 
2026-06-23 21:52:20.751102: Epoch 91
2026-06-23 21:52:20.751379: Current learning rate: 0.00665
2026-06-23 21:53:05.678325: train_loss -0.4186
2026-06-23 21:53:05.678998: val_loss -0.1926
2026-06-23 21:53:05.679161: Pseudo dice [np.float32(0.687)]
2026-06-23 21:53:05.679342: Epoch time: 44.93 s
2026-06-23 21:53:07.443011: 
2026-06-23 21:53:07.443586: Epoch 92
2026-06-23 21:53:07.443890: Current learning rate: 0.00662
2026-06-23 21:53:52.353168: train_loss -0.4152
2026-06-23 21:53:52.353781: val_loss -0.1926
2026-06-23 21:53:52.353962: Pseudo dice [np.float32(0.6799)]
2026-06-23 21:53:52.354147: Epoch time: 44.91 s
2026-06-23 21:53:54.100947: 
2026-06-23 21:53:54.101353: Epoch 93
2026-06-23 21:53:54.101550: Current learning rate: 0.00658
2026-06-23 21:54:39.170145: train_loss -0.4166
2026-06-23 21:54:39.170806: val_loss -0.2013
2026-06-23 21:54:39.170964: Pseudo dice [np.float32(0.6789)]
2026-06-23 21:54:39.171143: Epoch time: 45.07 s
2026-06-23 21:54:40.923760: 
2026-06-23 21:54:40.924329: Epoch 94
2026-06-23 21:54:40.924677: Current learning rate: 0.00654
2026-06-23 21:55:25.755143: train_loss -0.4044
2026-06-23 21:55:25.755633: val_loss -0.1649
2026-06-23 21:55:25.755803: Pseudo dice [np.float32(0.6797)]
2026-06-23 21:55:25.756069: Epoch time: 44.83 s
2026-06-23 21:55:27.502444: 
2026-06-23 21:55:27.502914: Epoch 95
2026-06-23 21:55:27.503094: Current learning rate: 0.0065
2026-06-23 21:56:12.713606: train_loss -0.4082
2026-06-23 21:56:12.714164: val_loss -0.1928
2026-06-23 21:56:12.714325: Pseudo dice [np.float32(0.6895)]
2026-06-23 21:56:12.714497: Epoch time: 45.21 s
2026-06-23 21:56:14.472301: 
2026-06-23 21:56:14.472770: Epoch 96
2026-06-23 21:56:14.473064: Current learning rate: 0.00647
2026-06-23 21:56:59.542832: train_loss -0.415
2026-06-23 21:56:59.543398: val_loss -0.2281
2026-06-23 21:56:59.543545: Pseudo dice [np.float32(0.7085)]
2026-06-23 21:56:59.543722: Epoch time: 45.07 s
2026-06-23 21:57:01.710207: 
2026-06-23 21:57:01.710598: Epoch 97
2026-06-23 21:57:01.710842: Current learning rate: 0.00643
2026-06-23 21:57:46.699069: train_loss -0.4176
2026-06-23 21:57:46.699570: val_loss -0.2244
2026-06-23 21:57:46.699713: Pseudo dice [np.float32(0.6935)]
2026-06-23 21:57:46.699892: Epoch time: 44.99 s
2026-06-23 21:57:48.477939: 
2026-06-23 21:57:48.478480: Epoch 98
2026-06-23 21:57:48.478670: Current learning rate: 0.00639
2026-06-23 21:58:33.249895: train_loss -0.4239
2026-06-23 21:58:33.250488: val_loss -0.2084
2026-06-23 21:58:33.250663: Pseudo dice [np.float32(0.7065)]
2026-06-23 21:58:33.250842: Epoch time: 44.78 s
2026-06-23 21:58:35.014510: 
2026-06-23 21:58:35.015047: Epoch 99
2026-06-23 21:58:35.015245: Current learning rate: 0.00635
2026-06-23 21:59:19.778458: train_loss -0.4258
2026-06-23 21:59:19.778936: val_loss -0.2343
2026-06-23 21:59:19.779078: Pseudo dice [np.float32(0.7137)]
2026-06-23 21:59:19.779249: Epoch time: 44.77 s
2026-06-23 21:59:22.091666: 
2026-06-23 21:59:22.092264: Epoch 100
2026-06-23 21:59:22.092544: Current learning rate: 0.00631
2026-06-23 22:00:06.863589: train_loss -0.4278
2026-06-23 22:00:06.864132: val_loss -0.2173
2026-06-23 22:00:06.864275: Pseudo dice [np.float32(0.7032)]
2026-06-23 22:00:06.864447: Epoch time: 44.78 s
2026-06-23 22:00:08.626444: 
2026-06-23 22:00:08.627005: Epoch 101
2026-06-23 22:00:08.627290: Current learning rate: 0.00628
2026-06-23 22:00:53.571448: train_loss -0.4293
2026-06-23 22:00:53.571940: val_loss -0.1925
2026-06-23 22:00:53.572085: Pseudo dice [np.float32(0.6916)]
2026-06-23 22:00:53.572264: Epoch time: 44.95 s
2026-06-23 22:00:53.572396: Yayy! New best EMA pseudo Dice: 0.6912000179290771
2026-06-23 22:00:55.789423: 
2026-06-23 22:00:55.789856: Epoch 102
2026-06-23 22:00:55.790034: Current learning rate: 0.00624
2026-06-23 22:01:40.861058: train_loss -0.4418
2026-06-23 22:01:40.861638: val_loss -0.1671
2026-06-23 22:01:40.861818: Pseudo dice [np.float32(0.6658)]
2026-06-23 22:01:40.862004: Epoch time: 45.07 s
2026-06-23 22:01:42.632279: 
2026-06-23 22:01:42.632722: Epoch 103
2026-06-23 22:01:42.633024: Current learning rate: 0.0062
2026-06-23 22:02:27.581152: train_loss -0.4276
2026-06-23 22:02:27.581723: val_loss -0.1915
2026-06-23 22:02:27.581875: Pseudo dice [np.float32(0.6749)]
2026-06-23 22:02:27.582053: Epoch time: 44.95 s
2026-06-23 22:02:29.353927: 
2026-06-23 22:02:29.354395: Epoch 104
2026-06-23 22:02:29.354699: Current learning rate: 0.00616
2026-06-23 22:03:14.297857: train_loss -0.4235
2026-06-23 22:03:14.298396: val_loss -0.2189
2026-06-23 22:03:14.298553: Pseudo dice [np.float32(0.6899)]
2026-06-23 22:03:14.298724: Epoch time: 44.95 s
2026-06-23 22:03:16.076462: 
2026-06-23 22:03:16.077003: Epoch 105
2026-06-23 22:03:16.077290: Current learning rate: 0.00612
2026-06-23 22:04:01.341951: train_loss -0.4117
2026-06-23 22:04:01.342543: val_loss -0.2106
2026-06-23 22:04:01.342689: Pseudo dice [np.float32(0.7008)]
2026-06-23 22:04:01.342866: Epoch time: 45.27 s
2026-06-23 22:04:03.125952: 
2026-06-23 22:04:03.126566: Epoch 106
2026-06-23 22:04:03.126883: Current learning rate: 0.00609
2026-06-23 22:04:48.073580: train_loss -0.4256
2026-06-23 22:04:48.074086: val_loss -0.2218
2026-06-23 22:04:48.074230: Pseudo dice [np.float32(0.6968)]
2026-06-23 22:04:48.074408: Epoch time: 44.95 s
2026-06-23 22:04:49.851891: 
2026-06-23 22:04:49.852390: Epoch 107
2026-06-23 22:04:49.852585: Current learning rate: 0.00605
2026-06-23 22:05:34.596741: train_loss -0.4261
2026-06-23 22:05:34.597239: val_loss -0.1977
2026-06-23 22:05:34.597387: Pseudo dice [np.float32(0.6769)]
2026-06-23 22:05:34.597560: Epoch time: 44.75 s
2026-06-23 22:05:36.374383: 
2026-06-23 22:05:36.374914: Epoch 108
2026-06-23 22:05:36.375219: Current learning rate: 0.00601
2026-06-23 22:06:21.322624: train_loss -0.424
2026-06-23 22:06:21.323121: val_loss -0.1971
2026-06-23 22:06:21.323267: Pseudo dice [np.float32(0.6874)]
2026-06-23 22:06:21.323440: Epoch time: 44.95 s
2026-06-23 22:06:23.101369: 
2026-06-23 22:06:23.101867: Epoch 109
2026-06-23 22:06:23.102056: Current learning rate: 0.00597
2026-06-23 22:07:07.914690: train_loss -0.4423
2026-06-23 22:07:07.915238: val_loss -0.1674
2026-06-23 22:07:07.915384: Pseudo dice [np.float32(0.6684)]
2026-06-23 22:07:07.915551: Epoch time: 44.82 s
2026-06-23 22:07:09.693586: 
2026-06-23 22:07:09.694075: Epoch 110
2026-06-23 22:07:09.694259: Current learning rate: 0.00593
2026-06-23 22:07:54.730523: train_loss -0.4435
2026-06-23 22:07:54.731159: val_loss -0.2091
2026-06-23 22:07:54.731385: Pseudo dice [np.float32(0.6791)]
2026-06-23 22:07:54.731562: Epoch time: 45.04 s
2026-06-23 22:07:56.499172: 
2026-06-23 22:07:56.499734: Epoch 111
2026-06-23 22:07:56.500226: Current learning rate: 0.0059
2026-06-23 22:08:41.275509: train_loss -0.4405
2026-06-23 22:08:41.276008: val_loss -0.1887
2026-06-23 22:08:41.276155: Pseudo dice [np.float32(0.6975)]
2026-06-23 22:08:41.276320: Epoch time: 44.78 s
2026-06-23 22:08:43.019842: 
2026-06-23 22:08:43.020324: Epoch 112
2026-06-23 22:08:43.020503: Current learning rate: 0.00586
2026-06-23 22:09:27.688977: train_loss -0.436
2026-06-23 22:09:27.692172: val_loss -0.2236
2026-06-23 22:09:27.692343: Pseudo dice [np.float32(0.7026)]
2026-06-23 22:09:27.692512: Epoch time: 44.67 s
2026-06-23 22:09:29.474664: 
2026-06-23 22:09:29.475292: Epoch 113
2026-06-23 22:09:29.475632: Current learning rate: 0.00582
2026-06-23 22:10:14.310354: train_loss -0.415
2026-06-23 22:10:14.311003: val_loss -0.1817
2026-06-23 22:10:14.311154: Pseudo dice [np.float32(0.674)]
2026-06-23 22:10:14.311326: Epoch time: 44.84 s
2026-06-23 22:10:16.417987: 
2026-06-23 22:10:16.418575: Epoch 114
2026-06-23 22:10:16.418897: Current learning rate: 0.00578
2026-06-23 22:11:01.227371: train_loss -0.4413
2026-06-23 22:11:01.227920: val_loss -0.1969
2026-06-23 22:11:01.228078: Pseudo dice [np.float32(0.6927)]
2026-06-23 22:11:01.228251: Epoch time: 44.81 s
2026-06-23 22:11:02.988018: 
2026-06-23 22:11:02.988522: Epoch 115
2026-06-23 22:11:02.988832: Current learning rate: 0.00574
2026-06-23 22:11:47.779364: train_loss -0.4308
2026-06-23 22:11:47.779951: val_loss -0.2074
2026-06-23 22:11:47.780105: Pseudo dice [np.float32(0.6803)]
2026-06-23 22:11:47.780277: Epoch time: 44.79 s
2026-06-23 22:11:49.559249: 
2026-06-23 22:11:49.559767: Epoch 116
2026-06-23 22:11:49.560067: Current learning rate: 0.0057
2026-06-23 22:12:34.239657: train_loss -0.4338
2026-06-23 22:12:34.240291: val_loss -0.2439
2026-06-23 22:12:34.240452: Pseudo dice [np.float32(0.7094)]
2026-06-23 22:12:34.240628: Epoch time: 44.68 s
2026-06-23 22:12:36.005671: 
2026-06-23 22:12:36.006206: Epoch 117
2026-06-23 22:12:36.006502: Current learning rate: 0.00567
2026-06-23 22:13:20.756551: train_loss -0.4306
2026-06-23 22:13:20.757133: val_loss -0.2237
2026-06-23 22:13:20.757277: Pseudo dice [np.float32(0.7066)]
2026-06-23 22:13:20.757445: Epoch time: 44.75 s
2026-06-23 22:13:22.525470: 
2026-06-23 22:13:22.526075: Epoch 118
2026-06-23 22:13:22.526374: Current learning rate: 0.00563
2026-06-23 22:14:07.296288: train_loss -0.4337
2026-06-23 22:14:07.296891: val_loss -0.2072
2026-06-23 22:14:07.297044: Pseudo dice [np.float32(0.6688)]
2026-06-23 22:14:07.297223: Epoch time: 44.77 s
2026-06-23 22:14:09.064425: 
2026-06-23 22:14:09.064864: Epoch 119
2026-06-23 22:14:09.065180: Current learning rate: 0.00559
2026-06-23 22:14:53.895829: train_loss -0.4253
2026-06-23 22:14:53.896287: val_loss -0.2005
2026-06-23 22:14:53.896437: Pseudo dice [np.float32(0.683)]
2026-06-23 22:14:53.896607: Epoch time: 44.83 s
2026-06-23 22:14:55.658377: 
2026-06-23 22:14:55.658786: Epoch 120
2026-06-23 22:14:55.659075: Current learning rate: 0.00555
2026-06-23 22:15:40.525716: train_loss -0.4455
2026-06-23 22:15:40.526384: val_loss -0.2063
2026-06-23 22:15:40.526538: Pseudo dice [np.float32(0.6958)]
2026-06-23 22:15:40.526717: Epoch time: 44.87 s
2026-06-23 22:15:42.328128: 
2026-06-23 22:15:42.328642: Epoch 121
2026-06-23 22:15:42.328953: Current learning rate: 0.00551
2026-06-23 22:16:27.156145: train_loss -0.4248
2026-06-23 22:16:27.156670: val_loss -0.2067
2026-06-23 22:16:27.156836: Pseudo dice [np.float32(0.6947)]
2026-06-23 22:16:27.157117: Epoch time: 44.83 s
2026-06-23 22:16:28.938500: 
2026-06-23 22:16:28.938953: Epoch 122
2026-06-23 22:16:28.939126: Current learning rate: 0.00547
2026-06-23 22:17:13.940656: train_loss -0.4333
2026-06-23 22:17:13.941332: val_loss -0.175
2026-06-23 22:17:13.941496: Pseudo dice [np.float32(0.684)]
2026-06-23 22:17:13.941672: Epoch time: 45.01 s
2026-06-23 22:17:16.159083: 
2026-06-23 22:17:16.159605: Epoch 123
2026-06-23 22:17:16.159845: Current learning rate: 0.00544
2026-06-23 22:18:01.154170: train_loss -0.4216
2026-06-23 22:18:01.154781: val_loss -0.1959
2026-06-23 22:18:01.154937: Pseudo dice [np.float32(0.6948)]
2026-06-23 22:18:01.155107: Epoch time: 45.0 s
2026-06-23 22:18:02.934139: 
2026-06-23 22:18:02.934671: Epoch 124
2026-06-23 22:18:02.934995: Current learning rate: 0.0054
2026-06-23 22:18:47.697138: train_loss -0.4431
2026-06-23 22:18:47.697574: val_loss -0.2139
2026-06-23 22:18:47.697723: Pseudo dice [np.float32(0.6786)]
2026-06-23 22:18:47.697923: Epoch time: 44.77 s
2026-06-23 22:18:49.465739: 
2026-06-23 22:18:49.466419: Epoch 125
2026-06-23 22:18:49.466708: Current learning rate: 0.00536
2026-06-23 22:19:34.354403: train_loss -0.432
2026-06-23 22:19:34.355216: val_loss -0.2473
2026-06-23 22:19:34.355536: Pseudo dice [np.float32(0.6945)]
2026-06-23 22:19:34.355933: Epoch time: 44.89 s
2026-06-23 22:19:36.190345: 
2026-06-23 22:19:36.190992: Epoch 126
2026-06-23 22:19:36.191291: Current learning rate: 0.00532
2026-06-23 22:20:21.135465: train_loss -0.4383
2026-06-23 22:20:21.136003: val_loss -0.2117
2026-06-23 22:20:21.136149: Pseudo dice [np.float32(0.681)]
2026-06-23 22:20:21.136319: Epoch time: 44.95 s
2026-06-23 22:20:22.932643: 
2026-06-23 22:20:22.933338: Epoch 127
2026-06-23 22:20:22.933534: Current learning rate: 0.00528
2026-06-23 22:21:07.742346: train_loss -0.4422
2026-06-23 22:21:07.743004: val_loss -0.22
2026-06-23 22:21:07.743153: Pseudo dice [np.float32(0.6933)]
2026-06-23 22:21:07.743334: Epoch time: 44.81 s
2026-06-23 22:21:09.522704: 
2026-06-23 22:21:09.523190: Epoch 128
2026-06-23 22:21:09.523494: Current learning rate: 0.00524
2026-06-23 22:21:54.416027: train_loss -0.443
2026-06-23 22:21:54.416586: val_loss -0.1621
2026-06-23 22:21:54.416729: Pseudo dice [np.float32(0.6773)]
2026-06-23 22:21:54.416905: Epoch time: 44.9 s
2026-06-23 22:21:56.211480: 
2026-06-23 22:21:56.211945: Epoch 129
2026-06-23 22:21:56.212198: Current learning rate: 0.0052
2026-06-23 22:22:41.085357: train_loss -0.4412
2026-06-23 22:22:41.085918: val_loss -0.2499
2026-06-23 22:22:41.086066: Pseudo dice [np.float32(0.708)]
2026-06-23 22:22:41.086237: Epoch time: 44.88 s
2026-06-23 22:22:42.868313: 
2026-06-23 22:22:42.868911: Epoch 130
2026-06-23 22:22:42.869206: Current learning rate: 0.00517
2026-06-23 22:23:27.897305: train_loss -0.4405
2026-06-23 22:23:27.897928: val_loss -0.198
2026-06-23 22:23:27.898081: Pseudo dice [np.float32(0.6877)]
2026-06-23 22:23:27.898260: Epoch time: 45.03 s
2026-06-23 22:23:29.693097: 
2026-06-23 22:23:29.693621: Epoch 131
2026-06-23 22:23:29.693945: Current learning rate: 0.00513
2026-06-23 22:24:14.627548: train_loss -0.4375
2026-06-23 22:24:14.628314: val_loss -0.1634
2026-06-23 22:24:14.628460: Pseudo dice [np.float32(0.6833)]
2026-06-23 22:24:14.628633: Epoch time: 44.94 s
2026-06-23 22:24:16.866457: 
2026-06-23 22:24:16.867132: Epoch 132
2026-06-23 22:24:16.867318: Current learning rate: 0.00509
2026-06-23 22:25:01.965469: train_loss -0.4474
2026-06-23 22:25:01.966356: val_loss -0.1813
2026-06-23 22:25:01.966600: Pseudo dice [np.float32(0.6833)]
2026-06-23 22:25:01.966810: Epoch time: 45.1 s
2026-06-23 22:25:03.801539: 
2026-06-23 22:25:03.802276: Epoch 133
2026-06-23 22:25:03.802472: Current learning rate: 0.00505
2026-06-23 22:25:48.598929: train_loss -0.4375
2026-06-23 22:25:48.599475: val_loss -0.2076
2026-06-23 22:25:48.599622: Pseudo dice [np.float32(0.7007)]
2026-06-23 22:25:48.599825: Epoch time: 44.8 s
2026-06-23 22:25:50.399617: 
2026-06-23 22:25:50.400251: Epoch 134
2026-06-23 22:25:50.400722: Current learning rate: 0.00501
2026-06-23 22:26:35.433366: train_loss -0.436
2026-06-23 22:26:35.433923: val_loss -0.1987
2026-06-23 22:26:35.434082: Pseudo dice [np.float32(0.6925)]
2026-06-23 22:26:35.434264: Epoch time: 45.04 s
2026-06-23 22:26:37.246753: 
2026-06-23 22:26:37.247197: Epoch 135
2026-06-23 22:26:37.247413: Current learning rate: 0.00497
2026-06-23 22:27:22.165251: train_loss -0.432
2026-06-23 22:27:22.165808: val_loss -0.2299
2026-06-23 22:27:22.165959: Pseudo dice [np.float32(0.704)]
2026-06-23 22:27:22.166132: Epoch time: 44.92 s
2026-06-23 22:27:23.955952: 
2026-06-23 22:27:23.956488: Epoch 136
2026-06-23 22:27:23.956785: Current learning rate: 0.00493
2026-06-23 22:28:08.853753: train_loss -0.4483
2026-06-23 22:28:08.854504: val_loss -0.0391
2026-06-23 22:28:08.854655: Pseudo dice [np.float32(0.6745)]
2026-06-23 22:28:08.854831: Epoch time: 44.9 s
2026-06-23 22:28:10.674318: 
2026-06-23 22:28:10.674882: Epoch 137
2026-06-23 22:28:10.675238: Current learning rate: 0.00489
2026-06-23 22:28:55.602101: train_loss -0.4481
2026-06-23 22:28:55.602717: val_loss -0.2071
2026-06-23 22:28:55.602875: Pseudo dice [np.float32(0.6946)]
2026-06-23 22:28:55.603049: Epoch time: 44.93 s
2026-06-23 22:28:57.369168: 
2026-06-23 22:28:57.369666: Epoch 138
2026-06-23 22:28:57.369894: Current learning rate: 0.00485
2026-06-23 22:29:42.150149: train_loss -0.4408
2026-06-23 22:29:42.150756: val_loss -0.1922
2026-06-23 22:29:42.150906: Pseudo dice [np.float32(0.6935)]
2026-06-23 22:29:42.151075: Epoch time: 44.78 s
2026-06-23 22:29:43.917212: 
2026-06-23 22:29:43.917683: Epoch 139
2026-06-23 22:29:43.917955: Current learning rate: 0.00482
2026-06-23 22:30:28.876408: train_loss -0.451
2026-06-23 22:30:28.876913: val_loss -0.1646
2026-06-23 22:30:28.877055: Pseudo dice [np.float32(0.6971)]
2026-06-23 22:30:28.877228: Epoch time: 44.96 s
2026-06-23 22:30:30.641293: 
2026-06-23 22:30:30.641870: Epoch 140
2026-06-23 22:30:30.642101: Current learning rate: 0.00478
2026-06-23 22:31:15.484213: train_loss -0.4337
2026-06-23 22:31:15.484839: val_loss -0.1373
2026-06-23 22:31:15.485009: Pseudo dice [np.float32(0.6907)]
2026-06-23 22:31:15.485195: Epoch time: 44.85 s
2026-06-23 22:31:17.658961: 
2026-06-23 22:31:17.659370: Epoch 141
2026-06-23 22:31:17.659560: Current learning rate: 0.00474
2026-06-23 22:32:02.479867: train_loss -0.4531
2026-06-23 22:32:02.480350: val_loss -0.1847
2026-06-23 22:32:02.480496: Pseudo dice [np.float32(0.6931)]
2026-06-23 22:32:02.480668: Epoch time: 44.82 s
2026-06-23 22:32:02.480803: Yayy! New best EMA pseudo Dice: 0.6912000179290771
2026-06-23 22:32:04.734574: 
2026-06-23 22:32:04.735258: Epoch 142
2026-06-23 22:32:04.735574: Current learning rate: 0.0047
2026-06-23 22:32:49.597561: train_loss -0.4522
2026-06-23 22:32:49.598139: val_loss -0.1784
2026-06-23 22:32:49.598303: Pseudo dice [np.float32(0.7053)]
2026-06-23 22:32:49.598484: Epoch time: 44.87 s
2026-06-23 22:32:49.598617: Yayy! New best EMA pseudo Dice: 0.6926000118255615
2026-06-23 22:32:51.808145: 
2026-06-23 22:32:51.808731: Epoch 143
2026-06-23 22:32:51.809039: Current learning rate: 0.00466
2026-06-23 22:33:36.583753: train_loss -0.4501
2026-06-23 22:33:36.584237: val_loss -0.1444
2026-06-23 22:33:36.584387: Pseudo dice [np.float32(0.712)]
2026-06-23 22:33:36.584558: Epoch time: 44.78 s
2026-06-23 22:33:36.584694: Yayy! New best EMA pseudo Dice: 0.694599986076355
2026-06-23 22:33:38.803912: 
2026-06-23 22:33:38.804374: Epoch 144
2026-06-23 22:33:38.804555: Current learning rate: 0.00462
2026-06-23 22:34:23.577149: train_loss -0.4469
2026-06-23 22:34:23.577580: val_loss -0.1993
2026-06-23 22:34:23.577718: Pseudo dice [np.float32(0.6949)]
2026-06-23 22:34:23.577902: Epoch time: 44.78 s
2026-06-23 22:34:23.578029: Yayy! New best EMA pseudo Dice: 0.694599986076355
2026-06-23 22:34:25.794323: 
2026-06-23 22:34:25.795032: Epoch 145
2026-06-23 22:34:25.795418: Current learning rate: 0.00458
2026-06-23 22:35:10.781684: train_loss -0.4416
2026-06-23 22:35:10.782307: val_loss -0.2255
2026-06-23 22:35:10.782454: Pseudo dice [np.float32(0.7073)]
2026-06-23 22:35:10.782627: Epoch time: 44.99 s
2026-06-23 22:35:10.782762: Yayy! New best EMA pseudo Dice: 0.695900022983551
2026-06-23 22:35:12.997475: 
2026-06-23 22:35:12.997939: Epoch 146
2026-06-23 22:35:12.998121: Current learning rate: 0.00454
2026-06-23 22:35:57.678130: train_loss -0.4498
2026-06-23 22:35:57.678647: val_loss -0.1917
2026-06-23 22:35:57.678802: Pseudo dice [np.float32(0.6734)]
2026-06-23 22:35:57.678992: Epoch time: 44.68 s
2026-06-23 22:35:59.442289: 
2026-06-23 22:35:59.442719: Epoch 147
2026-06-23 22:35:59.442920: Current learning rate: 0.0045
2026-06-23 22:36:44.412910: train_loss -0.4513
2026-06-23 22:36:44.413500: val_loss -0.1476
2026-06-23 22:36:44.413645: Pseudo dice [np.float32(0.6773)]
2026-06-23 22:36:44.413811: Epoch time: 44.97 s
2026-06-23 22:36:46.172890: 
2026-06-23 22:36:46.173421: Epoch 148
2026-06-23 22:36:46.173746: Current learning rate: 0.00446
2026-06-23 22:37:31.118196: train_loss -0.444
2026-06-23 22:37:31.118712: val_loss -0.1559
2026-06-23 22:37:31.118920: Pseudo dice [np.float32(0.6873)]
2026-06-23 22:37:31.119107: Epoch time: 44.95 s
2026-06-23 22:37:33.275006: 
2026-06-23 22:37:33.275456: Epoch 149
2026-06-23 22:37:33.275640: Current learning rate: 0.00442
2026-06-23 22:38:18.101835: train_loss -0.4766
2026-06-23 22:38:18.102497: val_loss -0.1586
2026-06-23 22:38:18.102659: Pseudo dice [np.float32(0.6916)]
2026-06-23 22:38:18.102832: Epoch time: 44.83 s
2026-06-23 22:38:20.357469: 
2026-06-23 22:38:20.358159: Epoch 150
2026-06-23 22:38:20.358465: Current learning rate: 0.00438
2026-06-23 22:39:05.401446: train_loss -0.4609
2026-06-23 22:39:05.401942: val_loss -0.2123
2026-06-23 22:39:05.402090: Pseudo dice [np.float32(0.6973)]
2026-06-23 22:39:05.402256: Epoch time: 45.05 s
2026-06-23 22:39:07.162230: 
2026-06-23 22:39:07.162723: Epoch 151
2026-06-23 22:39:07.163031: Current learning rate: 0.00434
2026-06-23 22:39:51.900106: train_loss -0.4546
2026-06-23 22:39:51.900660: val_loss -0.2358
2026-06-23 22:39:51.900806: Pseudo dice [np.float32(0.7115)]
2026-06-23 22:39:51.900977: Epoch time: 44.74 s
2026-06-23 22:39:53.664121: 
2026-06-23 22:39:53.664540: Epoch 152
2026-06-23 22:39:53.664713: Current learning rate: 0.0043
2026-06-23 22:40:38.664746: train_loss -0.4448
2026-06-23 22:40:38.665300: val_loss -0.2046
2026-06-23 22:40:38.665443: Pseudo dice [np.float32(0.6602)]
2026-06-23 22:40:38.665619: Epoch time: 45.0 s
2026-06-23 22:40:40.418459: 
2026-06-23 22:40:40.419028: Epoch 153
2026-06-23 22:40:40.419320: Current learning rate: 0.00427
2026-06-23 22:41:25.296860: train_loss -0.4535
2026-06-23 22:41:25.297429: val_loss -0.2316
2026-06-23 22:41:25.297573: Pseudo dice [np.float32(0.699)]
2026-06-23 22:41:25.297742: Epoch time: 44.88 s
2026-06-23 22:41:27.080762: 
2026-06-23 22:41:27.081151: Epoch 154
2026-06-23 22:41:27.081316: Current learning rate: 0.00423
2026-06-23 22:42:11.789348: train_loss -0.4321
2026-06-23 22:42:11.789959: val_loss -0.15
2026-06-23 22:42:11.790111: Pseudo dice [np.float32(0.6903)]
2026-06-23 22:42:11.790279: Epoch time: 44.71 s
2026-06-23 22:42:13.580885: 
2026-06-23 22:42:13.581381: Epoch 155
2026-06-23 22:42:13.581612: Current learning rate: 0.00419
2026-06-23 22:42:58.236892: train_loss -0.4499
2026-06-23 22:42:58.237458: val_loss -0.2015
2026-06-23 22:42:58.237620: Pseudo dice [np.float32(0.6688)]
2026-06-23 22:42:58.237798: Epoch time: 44.66 s
2026-06-23 22:43:00.023401: 
2026-06-23 22:43:00.023880: Epoch 156
2026-06-23 22:43:00.024068: Current learning rate: 0.00415
2026-06-23 22:43:44.998952: train_loss -0.4446
2026-06-23 22:43:44.999528: val_loss -0.1902
2026-06-23 22:43:44.999676: Pseudo dice [np.float32(0.6852)]
2026-06-23 22:43:44.999846: Epoch time: 44.98 s
2026-06-23 22:43:46.786040: 
2026-06-23 22:43:46.786454: Epoch 157
2026-06-23 22:43:46.786661: Current learning rate: 0.00411
2026-06-23 22:44:31.485976: train_loss -0.4371
2026-06-23 22:44:31.486422: val_loss -0.1663
2026-06-23 22:44:31.486568: Pseudo dice [np.float32(0.6938)]
2026-06-23 22:44:31.486740: Epoch time: 44.7 s
2026-06-23 22:44:33.667928: 
2026-06-23 22:44:33.668424: Epoch 158
2026-06-23 22:44:33.668638: Current learning rate: 0.00407
2026-06-23 22:45:18.616401: train_loss -0.4519
2026-06-23 22:45:18.616899: val_loss -0.201
2026-06-23 22:45:18.617039: Pseudo dice [np.float32(0.7056)]
2026-06-23 22:45:18.617219: Epoch time: 44.95 s
2026-06-23 22:45:20.405932: 
2026-06-23 22:45:20.406482: Epoch 159
2026-06-23 22:45:20.406710: Current learning rate: 0.00403
2026-06-23 22:46:05.246840: train_loss -0.443
2026-06-23 22:46:05.247329: val_loss -0.194
2026-06-23 22:46:05.247470: Pseudo dice [np.float32(0.7025)]
2026-06-23 22:46:05.247637: Epoch time: 44.84 s
2026-06-23 22:46:07.034508: 
2026-06-23 22:46:07.034989: Epoch 160
2026-06-23 22:46:07.035267: Current learning rate: 0.00399
2026-06-23 22:46:52.097935: train_loss -0.4501
2026-06-23 22:46:52.098488: val_loss -0.1907
2026-06-23 22:46:52.098628: Pseudo dice [np.float32(0.7094)]
2026-06-23 22:46:52.098800: Epoch time: 45.07 s
2026-06-23 22:46:53.890219: 
2026-06-23 22:46:53.890763: Epoch 161
2026-06-23 22:46:53.891024: Current learning rate: 0.00395
2026-06-23 22:47:38.769894: train_loss -0.4473
2026-06-23 22:47:38.770448: val_loss -0.2196
2026-06-23 22:47:38.770619: Pseudo dice [np.float32(0.6928)]
2026-06-23 22:47:38.770797: Epoch time: 44.88 s
2026-06-23 22:47:40.563894: 
2026-06-23 22:47:40.564394: Epoch 162
2026-06-23 22:47:40.564637: Current learning rate: 0.00391
2026-06-23 22:48:25.401291: train_loss -0.4652
2026-06-23 22:48:25.401872: val_loss -0.2278
2026-06-23 22:48:25.402028: Pseudo dice [np.float32(0.6904)]
2026-06-23 22:48:25.402206: Epoch time: 44.84 s
2026-06-23 22:48:27.182893: 
2026-06-23 22:48:27.183251: Epoch 163
2026-06-23 22:48:27.183439: Current learning rate: 0.00387
2026-06-23 22:49:12.029082: train_loss -0.4486
2026-06-23 22:49:12.029587: val_loss -0.2265
2026-06-23 22:49:12.029733: Pseudo dice [np.float32(0.6816)]
2026-06-23 22:49:12.030558: Epoch time: 44.85 s
2026-06-23 22:49:13.814786: 
2026-06-23 22:49:13.815284: Epoch 164
2026-06-23 22:49:13.815536: Current learning rate: 0.00383
2026-06-23 22:49:58.703100: train_loss -0.4435
2026-06-23 22:49:58.703629: val_loss -0.1884
2026-06-23 22:49:58.703795: Pseudo dice [np.float32(0.6954)]
2026-06-23 22:49:58.703976: Epoch time: 44.89 s
2026-06-23 22:50:00.463370: 
2026-06-23 22:50:00.463714: Epoch 165
2026-06-23 22:50:00.464007: Current learning rate: 0.00379
2026-06-23 22:50:45.408480: train_loss -0.4584
2026-06-23 22:50:45.409118: val_loss -0.2165
2026-06-23 22:50:45.409263: Pseudo dice [np.float32(0.69)]
2026-06-23 22:50:45.409441: Epoch time: 44.95 s
2026-06-23 22:50:47.164182: 
2026-06-23 22:50:47.164718: Epoch 166
2026-06-23 22:50:47.165013: Current learning rate: 0.00375
2026-06-23 22:51:32.038364: train_loss -0.4725
2026-06-23 22:51:32.038873: val_loss -0.2144
2026-06-23 22:51:32.039021: Pseudo dice [np.float32(0.7038)]
2026-06-23 22:51:32.039188: Epoch time: 44.88 s
2026-06-23 22:51:34.226816: 
2026-06-23 22:51:34.227448: Epoch 167
2026-06-23 22:51:34.227743: Current learning rate: 0.00371
2026-06-23 22:52:19.070798: train_loss -0.4573
2026-06-23 22:52:19.071349: val_loss -0.1994
2026-06-23 22:52:19.071517: Pseudo dice [np.float32(0.6877)]
2026-06-23 22:52:19.071701: Epoch time: 44.85 s
2026-06-23 22:52:20.850185: 
2026-06-23 22:52:20.850646: Epoch 168
2026-06-23 22:52:20.850823: Current learning rate: 0.00367
2026-06-23 22:53:05.856144: train_loss -0.4518
2026-06-23 22:53:05.856579: val_loss -0.2063
2026-06-23 22:53:05.856722: Pseudo dice [np.float32(0.6742)]
2026-06-23 22:53:05.856894: Epoch time: 45.01 s
2026-06-23 22:53:07.643350: 
2026-06-23 22:53:07.643922: Epoch 169
2026-06-23 22:53:07.644254: Current learning rate: 0.00363
2026-06-23 22:53:52.655084: train_loss -0.4753
2026-06-23 22:53:52.656155: val_loss -0.1607
2026-06-23 22:53:52.656347: Pseudo dice [np.float32(0.688)]
2026-06-23 22:53:52.656624: Epoch time: 45.02 s
2026-06-23 22:53:54.481886: 
2026-06-23 22:53:54.482384: Epoch 170
2026-06-23 22:53:54.482800: Current learning rate: 0.00359
2026-06-23 22:54:39.399247: train_loss -0.443
2026-06-23 22:54:39.399988: val_loss -0.2127
2026-06-23 22:54:39.400149: Pseudo dice [np.float32(0.7114)]
2026-06-23 22:54:39.400347: Epoch time: 44.92 s
2026-06-23 22:54:41.193737: 
2026-06-23 22:54:41.194526: Epoch 171
2026-06-23 22:54:41.195038: Current learning rate: 0.00355
2026-06-23 22:55:25.961767: train_loss -0.4369
2026-06-23 22:55:25.962257: val_loss -0.1783
2026-06-23 22:55:25.962431: Pseudo dice [np.float32(0.6952)]
2026-06-23 22:55:25.962603: Epoch time: 44.77 s
2026-06-23 22:55:27.754056: 
2026-06-23 22:55:27.754591: Epoch 172
2026-06-23 22:55:27.754874: Current learning rate: 0.00351
2026-06-23 22:56:12.438672: train_loss -0.4688
2026-06-23 22:56:12.439188: val_loss -0.1834
2026-06-23 22:56:12.439334: Pseudo dice [np.float32(0.6879)]
2026-06-23 22:56:12.439506: Epoch time: 44.69 s
2026-06-23 22:56:14.227618: 
2026-06-23 22:56:14.228085: Epoch 173
2026-06-23 22:56:14.228421: Current learning rate: 0.00346
2026-06-23 22:56:59.207430: train_loss -0.4561
2026-06-23 22:56:59.207894: val_loss -0.1794
2026-06-23 22:56:59.208038: Pseudo dice [np.float32(0.661)]
2026-06-23 22:56:59.208207: Epoch time: 44.98 s
2026-06-23 22:57:00.983758: 
2026-06-23 22:57:00.984396: Epoch 174
2026-06-23 22:57:00.984715: Current learning rate: 0.00342
2026-06-23 22:57:45.857570: train_loss -0.4744
2026-06-23 22:57:45.858243: val_loss -0.2086
2026-06-23 22:57:45.858391: Pseudo dice [np.float32(0.7064)]
2026-06-23 22:57:45.858561: Epoch time: 44.88 s
2026-06-23 22:57:47.636949: 
2026-06-23 22:57:47.637285: Epoch 175
2026-06-23 22:57:47.637578: Current learning rate: 0.00338
2026-06-23 22:58:32.413905: train_loss -0.4766
2026-06-23 22:58:32.414445: val_loss -0.2042
2026-06-23 22:58:32.414610: Pseudo dice [np.float32(0.6913)]
2026-06-23 22:58:32.414791: Epoch time: 44.78 s
2026-06-23 22:58:34.590355: 
2026-06-23 22:58:34.590981: Epoch 176
2026-06-23 22:58:34.591279: Current learning rate: 0.00334
2026-06-23 22:59:19.403989: train_loss -0.464
2026-06-23 22:59:19.404628: val_loss -0.1901
2026-06-23 22:59:19.404825: Pseudo dice [np.float32(0.6993)]
2026-06-23 22:59:19.405023: Epoch time: 44.82 s
2026-06-23 22:59:21.180567: 
2026-06-23 22:59:21.181019: Epoch 177
2026-06-23 22:59:21.181222: Current learning rate: 0.0033
2026-06-23 23:00:05.766240: train_loss -0.4634
2026-06-23 23:00:05.766770: val_loss -0.1932
2026-06-23 23:00:05.766922: Pseudo dice [np.float32(0.7092)]
2026-06-23 23:00:05.767092: Epoch time: 44.59 s
2026-06-23 23:00:07.558454: 
2026-06-23 23:00:07.558903: Epoch 178
2026-06-23 23:00:07.559132: Current learning rate: 0.00326
2026-06-23 23:00:52.241234: train_loss -0.4516
2026-06-23 23:00:52.241830: val_loss -0.2413
2026-06-23 23:00:52.241982: Pseudo dice [np.float32(0.7118)]
2026-06-23 23:00:52.242152: Epoch time: 44.69 s
2026-06-23 23:00:54.021748: 
2026-06-23 23:00:54.022221: Epoch 179
2026-06-23 23:00:54.022400: Current learning rate: 0.00322
2026-06-23 23:01:38.886977: train_loss -0.4488
2026-06-23 23:01:38.887537: val_loss -0.2045
2026-06-23 23:01:38.887683: Pseudo dice [np.float32(0.708)]
2026-06-23 23:01:38.887886: Epoch time: 44.87 s
2026-06-23 23:01:38.888026: Yayy! New best EMA pseudo Dice: 0.6966999769210815
2026-06-23 23:01:41.136320: 
2026-06-23 23:01:41.136897: Epoch 180
2026-06-23 23:01:41.137196: Current learning rate: 0.00318
2026-06-23 23:02:26.067964: train_loss -0.4687
2026-06-23 23:02:26.068658: val_loss -0.2222
2026-06-23 23:02:26.069347: Pseudo dice [np.float32(0.6967)]
2026-06-23 23:02:26.069656: Epoch time: 44.93 s
2026-06-23 23:02:26.069871: Yayy! New best EMA pseudo Dice: 0.6966999769210815
2026-06-23 23:02:28.366691: 
2026-06-23 23:02:28.367286: Epoch 181
2026-06-23 23:02:28.367590: Current learning rate: 0.00314
2026-06-23 23:03:13.179028: train_loss -0.471
2026-06-23 23:03:13.179602: val_loss -0.1813
2026-06-23 23:03:13.179761: Pseudo dice [np.float32(0.6934)]
2026-06-23 23:03:13.179946: Epoch time: 44.82 s
2026-06-23 23:03:14.958058: 
2026-06-23 23:03:14.958576: Epoch 182
2026-06-23 23:03:14.958884: Current learning rate: 0.0031
2026-06-23 23:04:00.007816: train_loss -0.4714
2026-06-23 23:04:00.008322: val_loss -0.1967
2026-06-23 23:04:00.008463: Pseudo dice [np.float32(0.688)]
2026-06-23 23:04:00.008641: Epoch time: 45.05 s
2026-06-23 23:04:01.841293: 
2026-06-23 23:04:01.841901: Epoch 183
2026-06-23 23:04:01.842202: Current learning rate: 0.00306
2026-06-23 23:04:46.974535: train_loss -0.4663
2026-06-23 23:04:46.974990: val_loss -0.2097
2026-06-23 23:04:46.975134: Pseudo dice [np.float32(0.6835)]
2026-06-23 23:04:46.975305: Epoch time: 45.14 s
2026-06-23 23:04:49.130976: 
2026-06-23 23:04:49.131537: Epoch 184
2026-06-23 23:04:49.131835: Current learning rate: 0.00302
2026-06-23 23:05:33.867092: train_loss -0.4836
2026-06-23 23:05:33.867529: val_loss -0.2234
2026-06-23 23:05:33.867675: Pseudo dice [np.float32(0.6889)]
2026-06-23 23:05:33.867845: Epoch time: 44.74 s
2026-06-23 23:05:35.685980: 
2026-06-23 23:05:35.686456: Epoch 185
2026-06-23 23:05:35.686749: Current learning rate: 0.00297
2026-06-23 23:06:20.683720: train_loss -0.469
2026-06-23 23:06:20.684784: val_loss -0.2035
2026-06-23 23:06:20.685019: Pseudo dice [np.float32(0.6905)]
2026-06-23 23:06:20.685256: Epoch time: 45.0 s
2026-06-23 23:06:22.547423: 
2026-06-23 23:06:22.548215: Epoch 186
2026-06-23 23:06:22.548515: Current learning rate: 0.00293
2026-06-23 23:07:07.616444: train_loss -0.4727
2026-06-23 23:07:07.617019: val_loss -0.135
2026-06-23 23:07:07.617182: Pseudo dice [np.float32(0.6816)]
2026-06-23 23:07:07.617366: Epoch time: 45.07 s
2026-06-23 23:07:09.425608: 
2026-06-23 23:07:09.426500: Epoch 187
2026-06-23 23:07:09.427063: Current learning rate: 0.00289
2026-06-23 23:07:54.101546: train_loss -0.4622
2026-06-23 23:07:54.102025: val_loss -0.2282
2026-06-23 23:07:54.102171: Pseudo dice [np.float32(0.6889)]
2026-06-23 23:07:54.102338: Epoch time: 44.68 s
2026-06-23 23:07:55.967350: 
2026-06-23 23:07:55.967886: Epoch 188
2026-06-23 23:07:55.968193: Current learning rate: 0.00285
2026-06-23 23:08:40.976195: train_loss -0.4695
2026-06-23 23:08:40.977552: val_loss -0.2124
2026-06-23 23:08:40.977708: Pseudo dice [np.float32(0.7045)]
2026-06-23 23:08:40.977892: Epoch time: 45.01 s
2026-06-23 23:08:42.784555: 
2026-06-23 23:08:42.785012: Epoch 189
2026-06-23 23:08:42.785199: Current learning rate: 0.00281
2026-06-23 23:09:27.724973: train_loss -0.475
2026-06-23 23:09:27.725414: val_loss -0.253
2026-06-23 23:09:27.725553: Pseudo dice [np.float32(0.7097)]
2026-06-23 23:09:27.725726: Epoch time: 44.94 s
2026-06-23 23:09:29.535264: 
2026-06-23 23:09:29.535736: Epoch 190
2026-06-23 23:09:29.535975: Current learning rate: 0.00277
2026-06-23 23:10:14.358261: train_loss -0.4719
2026-06-23 23:10:14.358717: val_loss -0.2476
2026-06-23 23:10:14.358864: Pseudo dice [np.float32(0.7095)]
2026-06-23 23:10:14.359033: Epoch time: 44.83 s
2026-06-23 23:10:16.155623: 
2026-06-23 23:10:16.156117: Epoch 191
2026-06-23 23:10:16.156436: Current learning rate: 0.00273
2026-06-23 23:11:00.932389: train_loss -0.4878
2026-06-23 23:11:00.932960: val_loss -0.2256
2026-06-23 23:11:00.933112: Pseudo dice [np.float32(0.6772)]
2026-06-23 23:11:00.933284: Epoch time: 44.78 s
2026-06-23 23:11:02.736248: 
2026-06-23 23:11:02.736624: Epoch 192
2026-06-23 23:11:02.736801: Current learning rate: 0.00268
2026-06-23 23:11:47.551606: train_loss -0.4641
2026-06-23 23:11:47.552138: val_loss -0.1902
2026-06-23 23:11:47.552283: Pseudo dice [np.float32(0.6825)]
2026-06-23 23:11:47.552462: Epoch time: 44.82 s
2026-06-23 23:11:49.779309: 
2026-06-23 23:11:49.779960: Epoch 193
2026-06-23 23:11:49.780263: Current learning rate: 0.00264
2026-06-23 23:12:34.625554: train_loss -0.4756
2026-06-23 23:12:34.626144: val_loss -0.2497
2026-06-23 23:12:34.626298: Pseudo dice [np.float32(0.7026)]
2026-06-23 23:12:34.626470: Epoch time: 44.85 s
2026-06-23 23:12:36.456810: 
2026-06-23 23:12:36.457368: Epoch 194
2026-06-23 23:12:36.457564: Current learning rate: 0.0026
2026-06-23 23:13:21.483569: train_loss -0.4757
2026-06-23 23:13:21.484122: val_loss -0.2589
2026-06-23 23:13:21.484278: Pseudo dice [np.float32(0.6989)]
2026-06-23 23:13:21.484448: Epoch time: 45.03 s
2026-06-23 23:13:23.386114: 
2026-06-23 23:13:23.386563: Epoch 195
2026-06-23 23:13:23.386748: Current learning rate: 0.00256
2026-06-23 23:14:08.164756: train_loss -0.4891
2026-06-23 23:14:08.165354: val_loss -0.2351
2026-06-23 23:14:08.165513: Pseudo dice [np.float32(0.6955)]
2026-06-23 23:14:08.165692: Epoch time: 44.78 s
2026-06-23 23:14:09.983325: 
2026-06-23 23:14:09.983788: Epoch 196
2026-06-23 23:14:09.984052: Current learning rate: 0.00252
2026-06-23 23:14:54.725780: train_loss -0.4742
2026-06-23 23:14:54.726352: val_loss -0.2091
2026-06-23 23:14:54.726492: Pseudo dice [np.float32(0.6919)]
2026-06-23 23:14:54.726652: Epoch time: 44.75 s
2026-06-23 23:14:56.541497: 
2026-06-23 23:14:56.541953: Epoch 197
2026-06-23 23:14:56.542232: Current learning rate: 0.00248
2026-06-23 23:15:41.337233: train_loss -0.4735
2026-06-23 23:15:41.337679: val_loss -0.2083
2026-06-23 23:15:41.337822: Pseudo dice [np.float32(0.7053)]
2026-06-23 23:15:41.338004: Epoch time: 44.8 s
2026-06-23 23:15:43.153000: 
2026-06-23 23:15:43.153446: Epoch 198
2026-06-23 23:15:43.153720: Current learning rate: 0.00243
2026-06-23 23:16:27.982837: train_loss -0.4644
2026-06-23 23:16:27.983239: val_loss -0.2147
2026-06-23 23:16:27.983373: Pseudo dice [np.float32(0.7097)]
2026-06-23 23:16:27.983542: Epoch time: 44.83 s
2026-06-23 23:16:27.983669: Yayy! New best EMA pseudo Dice: 0.6969000101089478
2026-06-23 23:16:30.254461: 
2026-06-23 23:16:30.254970: Epoch 199
2026-06-23 23:16:30.255274: Current learning rate: 0.00239
2026-06-23 23:17:15.303933: train_loss -0.4704
2026-06-23 23:17:15.304468: val_loss -0.199
2026-06-23 23:17:15.304627: Pseudo dice [np.float32(0.6926)]
2026-06-23 23:17:15.304798: Epoch time: 45.05 s
2026-06-23 23:17:17.629139: 
2026-06-23 23:17:17.629691: Epoch 200
2026-06-23 23:17:17.629987: Current learning rate: 0.00235
2026-06-23 23:18:02.309500: train_loss -0.4652
2026-06-23 23:18:02.309922: val_loss -0.2312
2026-06-23 23:18:02.310074: Pseudo dice [np.float32(0.6927)]
2026-06-23 23:18:02.310252: Epoch time: 44.68 s
2026-06-23 23:18:04.547818: 
2026-06-23 23:18:04.548378: Epoch 201
2026-06-23 23:18:04.548595: Current learning rate: 0.00231
2026-06-23 23:18:49.355275: train_loss -0.4835
2026-06-23 23:18:49.355880: val_loss -0.1992
2026-06-23 23:18:49.356053: Pseudo dice [np.float32(0.6746)]
2026-06-23 23:18:49.356225: Epoch time: 44.81 s
2026-06-23 23:18:51.170927: 
2026-06-23 23:18:51.171397: Epoch 202
2026-06-23 23:18:51.171586: Current learning rate: 0.00226
2026-06-23 23:19:35.894281: train_loss -0.4572
2026-06-23 23:19:35.894818: val_loss -0.2158
2026-06-23 23:19:35.894998: Pseudo dice [np.float32(0.7052)]
2026-06-23 23:19:35.895187: Epoch time: 44.73 s
2026-06-23 23:19:37.723579: 
2026-06-23 23:19:37.724292: Epoch 203
2026-06-23 23:19:37.724588: Current learning rate: 0.00222
2026-06-23 23:20:22.618601: train_loss -0.4681
2026-06-23 23:20:22.619081: val_loss -0.2087
2026-06-23 23:20:22.619223: Pseudo dice [np.float32(0.6796)]
2026-06-23 23:20:22.619394: Epoch time: 44.9 s
2026-06-23 23:20:24.450104: 
2026-06-23 23:20:24.450794: Epoch 204
2026-06-23 23:20:24.451107: Current learning rate: 0.00218
2026-06-23 23:21:09.222803: train_loss -0.4754
2026-06-23 23:21:09.223424: val_loss -0.2678
2026-06-23 23:21:09.223569: Pseudo dice [np.float32(0.7136)]
2026-06-23 23:21:09.223739: Epoch time: 44.78 s
2026-06-23 23:21:11.113687: 
2026-06-23 23:21:11.114500: Epoch 205
2026-06-23 23:21:11.114791: Current learning rate: 0.00214
2026-06-23 23:21:55.840044: train_loss -0.4757
2026-06-23 23:21:55.840706: val_loss -0.2209
2026-06-23 23:21:55.840875: Pseudo dice [np.float32(0.6885)]
2026-06-23 23:21:55.841051: Epoch time: 44.73 s
2026-06-23 23:21:57.611712: 
2026-06-23 23:21:57.612387: Epoch 206
2026-06-23 23:21:57.612684: Current learning rate: 0.00209
2026-06-23 23:22:42.548174: train_loss -0.4499
2026-06-23 23:22:42.548928: val_loss -0.2094
2026-06-23 23:22:42.549075: Pseudo dice [np.float32(0.6847)]
2026-06-23 23:22:42.549244: Epoch time: 44.94 s
2026-06-23 23:22:44.328366: 
2026-06-23 23:22:44.328858: Epoch 207
2026-06-23 23:22:44.329050: Current learning rate: 0.00205
2026-06-23 23:23:29.144007: train_loss -0.4664
2026-06-23 23:23:29.144580: val_loss -0.197
2026-06-23 23:23:29.144721: Pseudo dice [np.float32(0.6882)]
2026-06-23 23:23:29.144902: Epoch time: 44.82 s
2026-06-23 23:23:30.912366: 
2026-06-23 23:23:30.912771: Epoch 208
2026-06-23 23:23:30.913057: Current learning rate: 0.00201
2026-06-23 23:24:15.765344: train_loss -0.4779
2026-06-23 23:24:15.765879: val_loss -0.2348
2026-06-23 23:24:15.766021: Pseudo dice [np.float32(0.7022)]
2026-06-23 23:24:15.766184: Epoch time: 44.86 s
2026-06-23 23:24:17.526526: 
2026-06-23 23:24:17.527115: Epoch 209
2026-06-23 23:24:17.527406: Current learning rate: 0.00196
2026-06-23 23:25:02.370620: train_loss -0.4845
2026-06-23 23:25:02.371255: val_loss -0.1898
2026-06-23 23:25:02.371395: Pseudo dice [np.float32(0.6882)]
2026-06-23 23:25:02.371567: Epoch time: 44.85 s
2026-06-23 23:25:04.591797: 
2026-06-23 23:25:04.592455: Epoch 210
2026-06-23 23:25:04.592643: Current learning rate: 0.00192
2026-06-23 23:25:49.362414: train_loss -0.4801
2026-06-23 23:25:49.362896: val_loss -0.2007
2026-06-23 23:25:49.363046: Pseudo dice [np.float32(0.6851)]
2026-06-23 23:25:49.363237: Epoch time: 44.77 s
2026-06-23 23:25:51.126273: 
2026-06-23 23:25:51.126775: Epoch 211
2026-06-23 23:25:51.127066: Current learning rate: 0.00188
2026-06-23 23:26:35.960953: train_loss -0.4994
2026-06-23 23:26:35.961637: val_loss -0.1891
2026-06-23 23:26:35.961779: Pseudo dice [np.float32(0.7075)]
2026-06-23 23:26:35.961951: Epoch time: 44.84 s
2026-06-23 23:26:37.718467: 
2026-06-23 23:26:37.718935: Epoch 212
2026-06-23 23:26:37.719108: Current learning rate: 0.00184
2026-06-23 23:27:22.654394: train_loss -0.4851
2026-06-23 23:27:22.655095: val_loss -0.2109
2026-06-23 23:27:22.655242: Pseudo dice [np.float32(0.6903)]
2026-06-23 23:27:22.655411: Epoch time: 44.94 s
2026-06-23 23:27:24.415458: 
2026-06-23 23:27:24.415959: Epoch 213
2026-06-23 23:27:24.416154: Current learning rate: 0.00179
2026-06-23 23:28:09.228289: train_loss -0.4708
2026-06-23 23:28:09.228781: val_loss -0.2103
2026-06-23 23:28:09.228930: Pseudo dice [np.float32(0.6891)]
2026-06-23 23:28:09.229098: Epoch time: 44.82 s
2026-06-23 23:28:10.965165: 
2026-06-23 23:28:10.965479: Epoch 214
2026-06-23 23:28:10.965666: Current learning rate: 0.00175
2026-06-23 23:28:55.699760: train_loss -0.4798
2026-06-23 23:28:55.700411: val_loss -0.2006
2026-06-23 23:28:55.700559: Pseudo dice [np.float32(0.68)]
2026-06-23 23:28:55.700729: Epoch time: 44.74 s
2026-06-23 23:28:57.435486: 
2026-06-23 23:28:57.436013: Epoch 215
2026-06-23 23:28:57.436255: Current learning rate: 0.0017
2026-06-23 23:29:42.183947: train_loss -0.4763
2026-06-23 23:29:42.184395: val_loss -0.1879
2026-06-23 23:29:42.184534: Pseudo dice [np.float32(0.7029)]
2026-06-23 23:29:42.184709: Epoch time: 44.75 s
2026-06-23 23:29:43.922141: 
2026-06-23 23:29:43.922755: Epoch 216
2026-06-23 23:29:43.923072: Current learning rate: 0.00166
2026-06-23 23:30:28.885404: train_loss -0.4828
2026-06-23 23:30:28.885969: val_loss -0.2407
2026-06-23 23:30:28.886120: Pseudo dice [np.float32(0.6938)]
2026-06-23 23:30:28.886295: Epoch time: 44.97 s
2026-06-23 23:30:30.627542: 
2026-06-23 23:30:30.627900: Epoch 217
2026-06-23 23:30:30.628114: Current learning rate: 0.00162
2026-06-23 23:31:15.455193: train_loss -0.4819
2026-06-23 23:31:15.455886: val_loss -0.239
2026-06-23 23:31:15.456039: Pseudo dice [np.float32(0.7)]
2026-06-23 23:31:15.456209: Epoch time: 44.83 s
2026-06-23 23:31:17.195457: 
2026-06-23 23:31:17.195900: Epoch 218
2026-06-23 23:31:17.196077: Current learning rate: 0.00157
2026-06-23 23:32:02.049931: train_loss -0.4935
2026-06-23 23:32:02.050417: val_loss -0.195
2026-06-23 23:32:02.050563: Pseudo dice [np.float32(0.6737)]
2026-06-23 23:32:02.050737: Epoch time: 44.86 s
2026-06-23 23:32:04.227819: 
2026-06-23 23:32:04.228333: Epoch 219
2026-06-23 23:32:04.228604: Current learning rate: 0.00153
2026-06-23 23:32:49.041537: train_loss -0.4854
2026-06-23 23:32:49.042052: val_loss -0.2285
2026-06-23 23:32:49.042201: Pseudo dice [np.float32(0.7104)]
2026-06-23 23:32:49.042373: Epoch time: 44.82 s
2026-06-23 23:32:50.778738: 
2026-06-23 23:32:50.779176: Epoch 220
2026-06-23 23:32:50.779370: Current learning rate: 0.00148
2026-06-23 23:33:35.549256: train_loss -0.4858
2026-06-23 23:33:35.549751: val_loss -0.2395
2026-06-23 23:33:35.549922: Pseudo dice [np.float32(0.7044)]
2026-06-23 23:33:35.550099: Epoch time: 44.77 s
2026-06-23 23:33:37.289789: 
2026-06-23 23:33:37.290160: Epoch 221
2026-06-23 23:33:37.290372: Current learning rate: 0.00144
2026-06-23 23:34:22.091344: train_loss -0.4975
2026-06-23 23:34:22.091938: val_loss -0.2208
2026-06-23 23:34:22.092099: Pseudo dice [np.float32(0.6905)]
2026-06-23 23:34:22.092271: Epoch time: 44.8 s
2026-06-23 23:34:23.827584: 
2026-06-23 23:34:23.828106: Epoch 222
2026-06-23 23:34:23.828403: Current learning rate: 0.00139
2026-06-23 23:35:08.633171: train_loss -0.4771
2026-06-23 23:35:08.633760: val_loss -0.2065
2026-06-23 23:35:08.633917: Pseudo dice [np.float32(0.6946)]
2026-06-23 23:35:08.634093: Epoch time: 44.81 s
2026-06-23 23:35:10.370374: 
2026-06-23 23:35:10.370906: Epoch 223
2026-06-23 23:35:10.371129: Current learning rate: 0.00135
2026-06-23 23:35:55.219940: train_loss -0.4961
2026-06-23 23:35:55.220539: val_loss -0.2183
2026-06-23 23:35:55.220689: Pseudo dice [np.float32(0.6951)]
2026-06-23 23:35:55.220885: Epoch time: 44.85 s
2026-06-23 23:35:56.965145: 
2026-06-23 23:35:56.965594: Epoch 224
2026-06-23 23:35:56.965789: Current learning rate: 0.0013
2026-06-23 23:36:41.815117: train_loss -0.4675
2026-06-23 23:36:41.815641: val_loss -0.2161
2026-06-23 23:36:41.815796: Pseudo dice [np.float32(0.6886)]
2026-06-23 23:36:41.815979: Epoch time: 44.85 s
2026-06-23 23:36:43.556013: 
2026-06-23 23:36:43.556607: Epoch 225
2026-06-23 23:36:43.556803: Current learning rate: 0.00126
2026-06-23 23:37:28.389764: train_loss -0.4978
2026-06-23 23:37:28.390596: val_loss -0.2324
2026-06-23 23:37:28.390747: Pseudo dice [np.float32(0.7115)]
2026-06-23 23:37:28.390926: Epoch time: 44.84 s
2026-06-23 23:37:30.143465: 
2026-06-23 23:37:30.143937: Epoch 226
2026-06-23 23:37:30.144126: Current learning rate: 0.00121
2026-06-23 23:38:15.081232: train_loss -0.4854
2026-06-23 23:38:15.081685: val_loss -0.2226
2026-06-23 23:38:15.081831: Pseudo dice [np.float32(0.6958)]
2026-06-23 23:38:15.082139: Epoch time: 44.94 s
2026-06-23 23:38:16.818997: 
2026-06-23 23:38:16.819322: Epoch 227
2026-06-23 23:38:16.819530: Current learning rate: 0.00117
2026-06-23 23:39:01.554594: train_loss -0.4838
2026-06-23 23:39:01.557761: val_loss -0.2345
2026-06-23 23:39:01.557914: Pseudo dice [np.float32(0.717)]
2026-06-23 23:39:01.558096: Epoch time: 44.74 s
2026-06-23 23:39:01.558232: Yayy! New best EMA pseudo Dice: 0.6977999806404114
2026-06-23 23:39:03.824791: 
2026-06-23 23:39:03.825241: Epoch 228
2026-06-23 23:39:03.825513: Current learning rate: 0.00112
2026-06-23 23:39:48.758396: train_loss -0.4938
2026-06-23 23:39:48.758986: val_loss -0.216
2026-06-23 23:39:48.759146: Pseudo dice [np.float32(0.7028)]
2026-06-23 23:39:48.759324: Epoch time: 44.94 s
2026-06-23 23:39:48.759458: Yayy! New best EMA pseudo Dice: 0.6983000040054321
2026-06-23 23:39:51.428066: 
2026-06-23 23:39:51.428538: Epoch 229
2026-06-23 23:39:51.428722: Current learning rate: 0.00108
2026-06-23 23:40:36.245489: train_loss -0.4933
2026-06-23 23:40:36.246127: val_loss -0.2368
2026-06-23 23:40:36.246268: Pseudo dice [np.float32(0.6868)]
2026-06-23 23:40:36.246439: Epoch time: 44.82 s
2026-06-23 23:40:37.987377: 
2026-06-23 23:40:37.987883: Epoch 230
2026-06-23 23:40:37.988066: Current learning rate: 0.00103
2026-06-23 23:41:22.944094: train_loss -0.5022
2026-06-23 23:41:22.944621: val_loss -0.221
2026-06-23 23:41:22.944777: Pseudo dice [np.float32(0.6994)]
2026-06-23 23:41:22.944958: Epoch time: 44.96 s
2026-06-23 23:41:24.688827: 
2026-06-23 23:41:24.689343: Epoch 231
2026-06-23 23:41:24.689578: Current learning rate: 0.00098
2026-06-23 23:42:09.422323: train_loss -0.481
2026-06-23 23:42:09.422889: val_loss -0.2138
2026-06-23 23:42:09.423037: Pseudo dice [np.float32(0.6975)]
2026-06-23 23:42:09.423206: Epoch time: 44.74 s
2026-06-23 23:42:11.172977: 
2026-06-23 23:42:11.173441: Epoch 232
2026-06-23 23:42:11.173634: Current learning rate: 0.00094
2026-06-23 23:42:55.932145: train_loss -0.4882
2026-06-23 23:42:55.932579: val_loss -0.2186
2026-06-23 23:42:55.932731: Pseudo dice [np.float32(0.6927)]
2026-06-23 23:42:55.932946: Epoch time: 44.76 s
2026-06-23 23:42:57.700903: 
2026-06-23 23:42:57.701929: Epoch 233
2026-06-23 23:42:57.702641: Current learning rate: 0.00089
2026-06-23 23:43:42.804767: train_loss -0.4894
2026-06-23 23:43:42.805595: val_loss -0.2264
2026-06-23 23:43:42.805768: Pseudo dice [np.float32(0.7045)]
2026-06-23 23:43:42.806009: Epoch time: 45.11 s
2026-06-23 23:43:44.618747: 
2026-06-23 23:43:44.619318: Epoch 234
2026-06-23 23:43:44.619673: Current learning rate: 0.00084
2026-06-23 23:44:29.513822: train_loss -0.4831
2026-06-23 23:44:29.514362: val_loss -0.2166
2026-06-23 23:44:29.514574: Pseudo dice [np.float32(0.6977)]
2026-06-23 23:44:29.514765: Epoch time: 44.9 s
2026-06-23 23:44:31.274266: 
2026-06-23 23:44:31.275148: Epoch 235
2026-06-23 23:44:31.275696: Current learning rate: 0.00079
2026-06-23 23:45:16.252530: train_loss -0.503
2026-06-23 23:45:16.253285: val_loss -0.2108
2026-06-23 23:45:16.253456: Pseudo dice [np.float32(0.6859)]
2026-06-23 23:45:16.253657: Epoch time: 44.98 s
2026-06-23 23:45:18.020275: 
2026-06-23 23:45:18.020882: Epoch 236
2026-06-23 23:45:18.021166: Current learning rate: 0.00075
2026-06-23 23:46:03.022053: train_loss -0.4884
2026-06-23 23:46:03.022812: val_loss -0.2162
2026-06-23 23:46:03.022971: Pseudo dice [np.float32(0.6948)]
2026-06-23 23:46:03.023143: Epoch time: 45.01 s
2026-06-23 23:46:04.774002: 
2026-06-23 23:46:04.774395: Epoch 237
2026-06-23 23:46:04.774634: Current learning rate: 0.0007
2026-06-23 23:46:49.694342: train_loss -0.4957
2026-06-23 23:46:49.695524: val_loss -0.2324
2026-06-23 23:46:49.695682: Pseudo dice [np.float32(0.7062)]
2026-06-23 23:46:49.696443: Epoch time: 44.92 s
2026-06-23 23:46:51.885261: 
2026-06-23 23:46:51.885733: Epoch 238
2026-06-23 23:46:51.885927: Current learning rate: 0.00065
2026-06-23 23:47:36.693503: train_loss -0.4957
2026-06-23 23:47:36.694088: val_loss -0.223
2026-06-23 23:47:36.694233: Pseudo dice [np.float32(0.7096)]
2026-06-23 23:47:36.694407: Epoch time: 44.81 s
2026-06-23 23:47:36.694543: Yayy! New best EMA pseudo Dice: 0.6984999775886536
2026-06-23 23:47:38.941146: 
2026-06-23 23:47:38.941559: Epoch 239
2026-06-23 23:47:38.941747: Current learning rate: 0.0006
2026-06-23 23:48:23.719424: train_loss -0.4833
2026-06-23 23:48:23.720155: val_loss -0.2191
2026-06-23 23:48:23.720308: Pseudo dice [np.float32(0.7011)]
2026-06-23 23:48:23.720483: Epoch time: 44.78 s
2026-06-23 23:48:23.720625: Yayy! New best EMA pseudo Dice: 0.6988000273704529
2026-06-23 23:48:26.004816: 
2026-06-23 23:48:26.005572: Epoch 240
2026-06-23 23:48:26.005901: Current learning rate: 0.00055
2026-06-23 23:49:11.129170: train_loss -0.4807
2026-06-23 23:49:11.129764: val_loss -0.2256
2026-06-23 23:49:11.129940: Pseudo dice [np.float32(0.6972)]
2026-06-23 23:49:11.130127: Epoch time: 45.13 s
2026-06-23 23:49:12.881991: 
2026-06-23 23:49:12.882325: Epoch 241
2026-06-23 23:49:12.882577: Current learning rate: 0.0005
2026-06-23 23:49:57.808220: train_loss -0.4771
2026-06-23 23:49:57.809057: val_loss -0.224
2026-06-23 23:49:57.809204: Pseudo dice [np.float32(0.7056)]
2026-06-23 23:49:57.809373: Epoch time: 44.93 s
2026-06-23 23:49:57.809556: Yayy! New best EMA pseudo Dice: 0.6992999911308289
2026-06-23 23:50:00.040846: 
2026-06-23 23:50:00.041303: Epoch 242
2026-06-23 23:50:00.041483: Current learning rate: 0.00045
2026-06-23 23:50:44.939182: train_loss -0.4864
2026-06-23 23:50:44.939729: val_loss -0.2082
2026-06-23 23:50:44.939901: Pseudo dice [np.float32(0.7065)]
2026-06-23 23:50:44.940082: Epoch time: 44.9 s
2026-06-23 23:50:44.940216: Yayy! New best EMA pseudo Dice: 0.7001000046730042
2026-06-23 23:50:47.174508: 
2026-06-23 23:50:47.174940: Epoch 243
2026-06-23 23:50:47.175123: Current learning rate: 0.0004
2026-06-23 23:51:32.292218: train_loss -0.5052
2026-06-23 23:51:32.292837: val_loss -0.2042
2026-06-23 23:51:32.293003: Pseudo dice [np.float32(0.7013)]
2026-06-23 23:51:32.293185: Epoch time: 45.12 s
2026-06-23 23:51:32.293322: Yayy! New best EMA pseudo Dice: 0.7002000212669373
2026-06-23 23:51:34.560151: 
2026-06-23 23:51:34.560552: Epoch 244
2026-06-23 23:51:34.560886: Current learning rate: 0.00035
2026-06-23 23:52:19.405625: train_loss -0.4946
2026-06-23 23:52:19.406211: val_loss -0.1977
2026-06-23 23:52:19.406356: Pseudo dice [np.float32(0.6966)]
2026-06-23 23:52:19.406525: Epoch time: 44.85 s
2026-06-23 23:52:21.170749: 
2026-06-23 23:52:21.171363: Epoch 245
2026-06-23 23:52:21.171644: Current learning rate: 0.0003
2026-06-23 23:53:06.031196: train_loss -0.4964
2026-06-23 23:53:06.031703: val_loss -0.2052
2026-06-23 23:53:06.031856: Pseudo dice [np.float32(0.6922)]
2026-06-23 23:53:06.032028: Epoch time: 44.86 s
2026-06-23 23:53:07.795321: 
2026-06-23 23:53:07.795674: Epoch 246
2026-06-23 23:53:07.795876: Current learning rate: 0.00024
2026-06-23 23:53:52.717897: train_loss -0.4947
2026-06-23 23:53:52.718457: val_loss -0.2127
2026-06-23 23:53:52.718604: Pseudo dice [np.float32(0.7043)]
2026-06-23 23:53:52.718778: Epoch time: 44.93 s
2026-06-23 23:53:54.880961: 
2026-06-23 23:53:54.881473: Epoch 247
2026-06-23 23:53:54.881672: Current learning rate: 0.00019
2026-06-23 23:54:39.752070: train_loss -0.5033
2026-06-23 23:54:39.752621: val_loss -0.2075
2026-06-23 23:54:39.752785: Pseudo dice [np.float32(0.6985)]
2026-06-23 23:54:39.752973: Epoch time: 44.87 s
2026-06-23 23:54:41.538788: 
2026-06-23 23:54:41.539300: Epoch 248
2026-06-23 23:54:41.539544: Current learning rate: 0.00013
2026-06-23 23:55:26.391105: train_loss -0.4838
2026-06-23 23:55:26.392195: val_loss -0.2
2026-06-23 23:55:26.392348: Pseudo dice [np.float32(0.6947)]
2026-06-23 23:55:26.392522: Epoch time: 44.86 s
2026-06-23 23:55:28.160120: 
2026-06-23 23:55:28.160676: Epoch 249
2026-06-23 23:55:28.160898: Current learning rate: 7e-05
2026-06-23 23:56:13.162354: train_loss -0.494
2026-06-23 23:56:13.162927: val_loss -0.2208
2026-06-23 23:56:13.163071: Pseudo dice [np.float32(0.6969)]
2026-06-23 23:56:13.163242: Epoch time: 45.01 s
2026-06-23 23:56:15.539669: Training done.
2026-06-23 23:56:15.797327: Using splits from existing split file: /gpfs/data/ravenlab/micmac/nnUNet_preprocessed/Dataset004_BinaryTask/splits_final.json
2026-06-23 23:56:15.798092: The split file contains 5 splits.
2026-06-23 23:56:15.798211: Desired fold for training: 4
2026-06-23 23:56:15.798305: This split has 20 training and 5 validation cases.
2026-06-23 23:56:15.798510: predicting 41759_14left
2026-06-23 23:56:15.816180: 41759_14left, shape torch.Size([1, 1, 1120, 1796]), rank 0
2026-06-23 23:56:21.016408: predicting 41759_22left
2026-06-23 23:56:21.059302: 41759_22left, shape torch.Size([1, 1, 1980, 2353]), rank 0
2026-06-23 23:56:22.129949: predicting 41759_42
2026-06-23 23:56:22.158139: 41759_42, shape torch.Size([1, 1, 1723, 2049]), rank 0
2026-06-23 23:56:23.243321: predicting 41759_45_caudate
2026-06-23 23:56:23.308053: 41759_45_caudate, shape torch.Size([1, 1, 1824, 1543]), rank 0
2026-06-23 23:56:24.027385: predicting 41759_49left
2026-06-23 23:56:24.059782: 41759_49left, shape torch.Size([1, 1, 2208, 2074]), rank 0
2026-06-23 23:57:08.070591: Validation complete
2026-06-23 23:57:08.070802: Mean Validation Dice:  0.691698127199935
