Loading python/gpu/3.10.6-cuda12.9
  Loading requirement: cuda/12.9
Launching parallel training for 2D config, Fold 0 using 250-epoch trainer preset...

############################
INFO: You are using the old nnU-Net default plans. We have updated our recommendations. Please consider using those instead! Read more here: https://github.com/MIC-DKFZ/nnUNet/blob/master/documentation/resenc_presets.md
############################

Using device: cuda:0

#######################################################################
Please cite the following paper when using nnU-Net:
Isensee, F., Jaeger, P. F., Kohl, S. A., Petersen, J., & Maier-Hein, K. H. (2021). nnU-Net: a self-configuring method for deep learning-based biomedical image segmentation. Nature methods, 18(2), 203-211.
#######################################################################

2026-06-23 13:01:42.318156: do_dummy_2d_data_aug: False
2026-06-23 13:01:42.318701: Using splits from existing split file: /gpfs/data/ravenlab/micmac/nnUNet_preprocessed/Dataset004_BinaryTask/splits_final.json
2026-06-23 13:01:42.335798: The split file contains 5 splits.
2026-06-23 13:01:42.335913: Desired fold for training: 0
2026-06-23 13:01:42.336001: This split has 20 training and 5 validation cases.
using pin_memory on device 0
using pin_memory on device 0

This is the configuration used by this training:
Configuration name: 2d
 {'data_identifier': 'nnUNetPlans_2d', 'preprocessor_name': 'DefaultPreprocessor', 'batch_size': 2, 'patch_size': [1024, 1280], 'median_image_size_in_voxels': [2112.0, 2251.0], 'spacing': [1.0, 1.0], 'normalization_schemes': ['ZScoreNormalization'], 'use_mask_for_norm': [False], 'resampling_fn_data': 'resample_data_or_seg_to_shape', 'resampling_fn_seg': 'resample_data_or_seg_to_shape', 'resampling_fn_data_kwargs': {'is_seg': False, 'order': 3, 'order_z': 0, 'force_separate_z': None}, 'resampling_fn_seg_kwargs': {'is_seg': True, 'order': 1, 'order_z': 0, 'force_separate_z': None}, 'resampling_fn_probabilities': 'resample_data_or_seg_to_shape', 'resampling_fn_probabilities_kwargs': {'is_seg': False, 'order': 1, 'order_z': 0, 'force_separate_z': None}, 'architecture': {'network_class_name': 'dynamic_network_architectures.architectures.unet.PlainConvUNet', 'arch_kwargs': {'n_stages': 9, 'features_per_stage': [32, 64, 128, 256, 512, 512, 512, 512, 512], 'conv_op': 'torch.nn.modules.conv.Conv2d', 'kernel_sizes': [[3, 3], [3, 3], [3, 3], [3, 3], [3, 3], [3, 3], [3, 3], [3, 3], [3, 3]], 'strides': [[1, 1], [2, 2], [2, 2], [2, 2], [2, 2], [2, 2], [2, 2], [2, 2], [2, 2]], 'n_conv_per_stage': [2, 2, 2, 2, 2, 2, 2, 2, 2], 'n_conv_per_stage_decoder': [2, 2, 2, 2, 2, 2, 2, 2], 'conv_bias': True, 'norm_op': 'torch.nn.modules.instancenorm.InstanceNorm2d', 'norm_op_kwargs': {'eps': 1e-05, 'affine': True}, 'dropout_op': None, 'dropout_op_kwargs': None, 'nonlin': 'torch.nn.LeakyReLU', 'nonlin_kwargs': {'inplace': True}}, '_kw_requires_import': ['conv_op', 'norm_op', 'dropout_op', 'nonlin']}, 'batch_dice': True} 

These are the global plan.json settings:
 {'dataset_name': 'Dataset004_BinaryTask', 'plans_name': 'nnUNetPlans', 'original_median_spacing_after_transp': [999.0, 1.0, 1.0], 'original_median_shape_after_transp': [1, 2112, 2251], 'image_reader_writer': 'NaturalImage2DIO', 'transpose_forward': [0, 1, 2], 'transpose_backward': [0, 1, 2], 'experiment_planner_used': 'ExperimentPlanner', 'label_manager': 'LabelManager', 'foreground_intensity_properties_per_channel': {'0': {'max': 252.0, 'mean': 115.78092193603516, 'median': 115.0, 'min': 5.0, 'percentile_00_5': 33.0, 'percentile_99_5': 207.0, 'std': 36.5728759765625}}} 

2026-06-23 13:01:45.112074: Unable to plot network architecture:
2026-06-23 13:01:45.112266: No module named 'hiddenlayer'
2026-06-23 13:01:45.323256: 
2026-06-23 13:01:45.323524: Epoch 0
2026-06-23 13:01:45.323884: Current learning rate: 0.01
2026-06-23 13:03:50.725759: train_loss -0.0717
2026-06-23 13:03:50.726684: val_loss -0.1043
2026-06-23 13:03:50.726834: Pseudo dice [np.float32(0.6698)]
2026-06-23 13:03:50.727009: Epoch time: 125.41 s
2026-06-23 13:03:50.727144: Yayy! New best EMA pseudo Dice: 0.6697999835014343
2026-06-23 13:03:53.044458: 
2026-06-23 13:03:53.044891: Epoch 1
2026-06-23 13:03:53.045083: Current learning rate: 0.00996
2026-06-23 13:04:38.430945: train_loss -0.2235
2026-06-23 13:04:38.431916: val_loss -0.1558
2026-06-23 13:04:38.432078: Pseudo dice [np.float32(0.7043)]
2026-06-23 13:04:38.432333: Epoch time: 45.39 s
2026-06-23 13:04:38.433989: Yayy! New best EMA pseudo Dice: 0.67330002784729
2026-06-23 13:04:40.648675: 
2026-06-23 13:04:40.649281: Epoch 2
2026-06-23 13:04:40.649582: Current learning rate: 0.00993
2026-06-23 13:05:25.755395: train_loss -0.2524
2026-06-23 13:05:25.756100: val_loss -0.2038
2026-06-23 13:05:25.756261: Pseudo dice [np.float32(0.7119)]
2026-06-23 13:05:25.756461: Epoch time: 45.11 s
2026-06-23 13:05:25.756592: Yayy! New best EMA pseudo Dice: 0.6772000193595886
2026-06-23 13:05:28.087608: 
2026-06-23 13:05:28.088096: Epoch 3
2026-06-23 13:05:28.088395: Current learning rate: 0.00989
2026-06-23 13:06:12.999835: train_loss -0.266
2026-06-23 13:06:13.000285: val_loss -0.2387
2026-06-23 13:06:13.000423: Pseudo dice [np.float32(0.7244)]
2026-06-23 13:06:13.000593: Epoch time: 44.92 s
2026-06-23 13:06:13.000726: Yayy! New best EMA pseudo Dice: 0.6819000244140625
2026-06-23 13:06:15.210049: 
2026-06-23 13:06:15.210572: Epoch 4
2026-06-23 13:06:15.210793: Current learning rate: 0.00986
2026-06-23 13:07:00.176879: train_loss -0.281
2026-06-23 13:07:00.177506: val_loss -0.1759
2026-06-23 13:07:00.177651: Pseudo dice [np.float32(0.6777)]
2026-06-23 13:07:00.177827: Epoch time: 44.97 s
2026-06-23 13:07:01.923094: 
2026-06-23 13:07:01.923635: Epoch 5
2026-06-23 13:07:01.923904: Current learning rate: 0.00982
2026-06-23 13:07:46.910507: train_loss -0.2816
2026-06-23 13:07:46.911010: val_loss -0.1994
2026-06-23 13:07:46.911160: Pseudo dice [np.float32(0.6932)]
2026-06-23 13:07:46.911340: Epoch time: 44.99 s
2026-06-23 13:07:46.911475: Yayy! New best EMA pseudo Dice: 0.6826000213623047
2026-06-23 13:07:49.200218: 
2026-06-23 13:07:49.200669: Epoch 6
2026-06-23 13:07:49.200918: Current learning rate: 0.00978
2026-06-23 13:08:34.303954: train_loss -0.2749
2026-06-23 13:08:34.304594: val_loss -0.2047
2026-06-23 13:08:34.304746: Pseudo dice [np.float32(0.72)]
2026-06-23 13:08:34.304926: Epoch time: 45.11 s
2026-06-23 13:08:34.305055: Yayy! New best EMA pseudo Dice: 0.6863999962806702
2026-06-23 13:08:36.586577: 
2026-06-23 13:08:36.587222: Epoch 7
2026-06-23 13:08:36.587546: Current learning rate: 0.00975
2026-06-23 13:09:21.807758: train_loss -0.2971
2026-06-23 13:09:21.808338: val_loss -0.2588
2026-06-23 13:09:21.808493: Pseudo dice [np.float32(0.7268)]
2026-06-23 13:09:21.808660: Epoch time: 45.22 s
2026-06-23 13:09:21.808794: Yayy! New best EMA pseudo Dice: 0.6904000043869019
2026-06-23 13:09:24.108564: 
2026-06-23 13:09:24.109161: Epoch 8
2026-06-23 13:09:24.109362: Current learning rate: 0.00971
2026-06-23 13:10:08.991658: train_loss -0.2819
2026-06-23 13:10:08.992303: val_loss -0.285
2026-06-23 13:10:08.992466: Pseudo dice [np.float32(0.742)]
2026-06-23 13:10:08.992645: Epoch time: 44.89 s
2026-06-23 13:10:08.992783: Yayy! New best EMA pseudo Dice: 0.6955999732017517
2026-06-23 13:10:11.717295: 
2026-06-23 13:10:11.717834: Epoch 9
2026-06-23 13:10:11.718147: Current learning rate: 0.00968
2026-06-23 13:10:56.687496: train_loss -0.2927
2026-06-23 13:10:56.688113: val_loss -0.2155
2026-06-23 13:10:56.688264: Pseudo dice [np.float32(0.7202)]
2026-06-23 13:10:56.688436: Epoch time: 44.97 s
2026-06-23 13:10:56.688566: Yayy! New best EMA pseudo Dice: 0.6980000138282776
2026-06-23 13:10:58.940658: 
2026-06-23 13:10:58.941061: Epoch 10
2026-06-23 13:10:58.941285: Current learning rate: 0.00964
2026-06-23 13:11:43.761214: train_loss -0.3064
2026-06-23 13:11:43.761841: val_loss -0.1329
2026-06-23 13:11:43.762015: Pseudo dice [np.float32(0.6837)]
2026-06-23 13:11:43.762197: Epoch time: 44.82 s
2026-06-23 13:11:45.492710: 
2026-06-23 13:11:45.493114: Epoch 11
2026-06-23 13:11:45.493409: Current learning rate: 0.0096
2026-06-23 13:12:30.406746: train_loss -0.2916
2026-06-23 13:12:30.407281: val_loss -0.2187
2026-06-23 13:12:30.407431: Pseudo dice [np.float32(0.7154)]
2026-06-23 13:12:30.407603: Epoch time: 44.92 s
2026-06-23 13:12:30.407740: Yayy! New best EMA pseudo Dice: 0.6984999775886536
2026-06-23 13:12:32.659009: 
2026-06-23 13:12:32.659380: Epoch 12
2026-06-23 13:12:32.659734: Current learning rate: 0.00957
2026-06-23 13:13:17.690844: train_loss -0.3086
2026-06-23 13:13:17.691748: val_loss -0.2641
2026-06-23 13:13:17.691911: Pseudo dice [np.float32(0.7542)]
2026-06-23 13:13:17.692085: Epoch time: 45.04 s
2026-06-23 13:13:17.692217: Yayy! New best EMA pseudo Dice: 0.7039999961853027
2026-06-23 13:13:19.875051: 
2026-06-23 13:13:19.875627: Epoch 13
2026-06-23 13:13:19.875981: Current learning rate: 0.00953
2026-06-23 13:14:04.756048: train_loss -0.3018
2026-06-23 13:14:04.762613: val_loss -0.2449
2026-06-23 13:14:04.762778: Pseudo dice [np.float32(0.7388)]
2026-06-23 13:14:04.762965: Epoch time: 44.88 s
2026-06-23 13:14:04.763106: Yayy! New best EMA pseudo Dice: 0.7074999809265137
2026-06-23 13:14:06.935766: 
2026-06-23 13:14:06.936120: Epoch 14
2026-06-23 13:14:06.936298: Current learning rate: 0.00949
2026-06-23 13:14:51.842780: train_loss -0.3246
2026-06-23 13:14:51.843411: val_loss -0.2133
2026-06-23 13:14:51.843655: Pseudo dice [np.float32(0.6981)]
2026-06-23 13:14:51.844369: Epoch time: 44.91 s
2026-06-23 13:14:53.573951: 
2026-06-23 13:14:53.574633: Epoch 15
2026-06-23 13:14:53.574975: Current learning rate: 0.00946
2026-06-23 13:15:38.511224: train_loss -0.315
2026-06-23 13:15:38.511863: val_loss -0.2202
2026-06-23 13:15:38.512008: Pseudo dice [np.float32(0.7105)]
2026-06-23 13:15:38.512186: Epoch time: 44.94 s
2026-06-23 13:15:40.265142: 
2026-06-23 13:15:40.265577: Epoch 16
2026-06-23 13:15:40.265903: Current learning rate: 0.00942
2026-06-23 13:16:25.285290: train_loss -0.3197
2026-06-23 13:16:25.285912: val_loss -0.2705
2026-06-23 13:16:25.286069: Pseudo dice [np.float32(0.7536)]
2026-06-23 13:16:25.286245: Epoch time: 45.02 s
2026-06-23 13:16:25.286388: Yayy! New best EMA pseudo Dice: 0.7116000056266785
2026-06-23 13:16:27.860778: 
2026-06-23 13:16:27.861284: Epoch 17
2026-06-23 13:16:27.861574: Current learning rate: 0.00939
2026-06-23 13:17:12.892654: train_loss -0.3106
2026-06-23 13:17:12.893103: val_loss -0.3023
2026-06-23 13:17:12.893248: Pseudo dice [np.float32(0.7697)]
2026-06-23 13:17:12.893420: Epoch time: 45.04 s
2026-06-23 13:17:12.893551: Yayy! New best EMA pseudo Dice: 0.7174000144004822
2026-06-23 13:17:15.107553: 
2026-06-23 13:17:15.108127: Epoch 18
2026-06-23 13:17:15.108343: Current learning rate: 0.00935
2026-06-23 13:17:59.991354: train_loss -0.3176
2026-06-23 13:17:59.991875: val_loss -0.1842
2026-06-23 13:17:59.992019: Pseudo dice [np.float32(0.7105)]
2026-06-23 13:17:59.992205: Epoch time: 44.89 s
2026-06-23 13:18:01.746045: 
2026-06-23 13:18:01.746515: Epoch 19
2026-06-23 13:18:01.746841: Current learning rate: 0.00931
2026-06-23 13:18:46.676753: train_loss -0.3204
2026-06-23 13:18:46.677317: val_loss -0.2565
2026-06-23 13:18:46.677509: Pseudo dice [np.float32(0.7433)]
2026-06-23 13:18:46.677689: Epoch time: 44.93 s
2026-06-23 13:18:46.677822: Yayy! New best EMA pseudo Dice: 0.7193999886512756
2026-06-23 13:18:48.894807: 
2026-06-23 13:18:48.895272: Epoch 20
2026-06-23 13:18:48.895478: Current learning rate: 0.00928
2026-06-23 13:19:33.851962: train_loss -0.3359
2026-06-23 13:19:33.852458: val_loss -0.1424
2026-06-23 13:19:33.852603: Pseudo dice [np.float32(0.6872)]
2026-06-23 13:19:33.852772: Epoch time: 44.96 s
2026-06-23 13:19:35.629500: 
2026-06-23 13:19:35.630028: Epoch 21
2026-06-23 13:19:35.630219: Current learning rate: 0.00924
2026-06-23 13:20:20.544225: train_loss -0.3466
2026-06-23 13:20:20.547807: val_loss -0.2407
2026-06-23 13:20:20.547961: Pseudo dice [np.float32(0.7349)]
2026-06-23 13:20:20.548134: Epoch time: 44.92 s
2026-06-23 13:20:22.269758: 
2026-06-23 13:20:22.270300: Epoch 22
2026-06-23 13:20:22.270577: Current learning rate: 0.0092
2026-06-23 13:21:07.250491: train_loss -0.3395
2026-06-23 13:21:07.251032: val_loss -0.2426
2026-06-23 13:21:07.251181: Pseudo dice [np.float32(0.7308)]
2026-06-23 13:21:07.251354: Epoch time: 44.98 s
2026-06-23 13:21:08.977293: 
2026-06-23 13:21:08.977734: Epoch 23
2026-06-23 13:21:08.978037: Current learning rate: 0.00917
2026-06-23 13:21:53.751085: train_loss -0.3312
2026-06-23 13:21:53.751719: val_loss -0.2008
2026-06-23 13:21:53.751878: Pseudo dice [np.float32(0.7028)]
2026-06-23 13:21:53.752047: Epoch time: 44.78 s
2026-06-23 13:21:55.449355: 
2026-06-23 13:21:55.449732: Epoch 24
2026-06-23 13:21:55.450010: Current learning rate: 0.00913
2026-06-23 13:22:40.323965: train_loss -0.3335
2026-06-23 13:22:40.324495: val_loss -0.1113
2026-06-23 13:22:40.324641: Pseudo dice [np.float32(0.6577)]
2026-06-23 13:22:40.324811: Epoch time: 44.88 s
2026-06-23 13:22:42.049240: 
2026-06-23 13:22:42.049623: Epoch 25
2026-06-23 13:22:42.049952: Current learning rate: 0.0091
2026-06-23 13:23:27.123289: train_loss -0.3364
2026-06-23 13:23:27.123961: val_loss -0.2392
2026-06-23 13:23:27.124108: Pseudo dice [np.float32(0.7214)]
2026-06-23 13:23:27.124278: Epoch time: 45.08 s
2026-06-23 13:23:28.854397: 
2026-06-23 13:23:28.854970: Epoch 26
2026-06-23 13:23:28.855157: Current learning rate: 0.00906
2026-06-23 13:24:13.748169: train_loss -0.3432
2026-06-23 13:24:13.748783: val_loss -0.2562
2026-06-23 13:24:13.748932: Pseudo dice [np.float32(0.7406)]
2026-06-23 13:24:13.749109: Epoch time: 44.9 s
2026-06-23 13:24:15.472994: 
2026-06-23 13:24:15.473527: Epoch 27
2026-06-23 13:24:15.473836: Current learning rate: 0.00902
2026-06-23 13:25:00.359973: train_loss -0.3412
2026-06-23 13:25:00.360466: val_loss -0.3085
2026-06-23 13:25:00.360614: Pseudo dice [np.float32(0.7496)]
2026-06-23 13:25:00.360791: Epoch time: 44.89 s
2026-06-23 13:25:02.085175: 
2026-06-23 13:25:02.085673: Epoch 28
2026-06-23 13:25:02.085999: Current learning rate: 0.00899
2026-06-23 13:25:46.893760: train_loss -0.3514
2026-06-23 13:25:46.894617: val_loss -0.1421
2026-06-23 13:25:46.895090: Pseudo dice [np.float32(0.6894)]
2026-06-23 13:25:46.895515: Epoch time: 44.81 s
2026-06-23 13:25:48.662840: 
2026-06-23 13:25:48.663606: Epoch 29
2026-06-23 13:25:48.663826: Current learning rate: 0.00895
2026-06-23 13:26:33.678250: train_loss -0.3494
2026-06-23 13:26:33.678804: val_loss -0.2111
2026-06-23 13:26:33.678957: Pseudo dice [np.float32(0.7148)]
2026-06-23 13:26:33.679131: Epoch time: 45.02 s
2026-06-23 13:26:35.422910: 
2026-06-23 13:26:35.423538: Epoch 30
2026-06-23 13:26:35.423949: Current learning rate: 0.00891
2026-06-23 13:27:20.382801: train_loss -0.3651
2026-06-23 13:27:20.383375: val_loss -0.1627
2026-06-23 13:27:20.383528: Pseudo dice [np.float32(0.7063)]
2026-06-23 13:27:20.383700: Epoch time: 44.96 s
2026-06-23 13:27:22.137440: 
2026-06-23 13:27:22.137952: Epoch 31
2026-06-23 13:27:22.138140: Current learning rate: 0.00888
2026-06-23 13:28:07.258952: train_loss -0.3437
2026-06-23 13:28:07.259395: val_loss -0.2427
2026-06-23 13:28:07.259536: Pseudo dice [np.float32(0.7182)]
2026-06-23 13:28:07.259713: Epoch time: 45.12 s
2026-06-23 13:28:09.008181: 
2026-06-23 13:28:09.008736: Epoch 32
2026-06-23 13:28:09.008947: Current learning rate: 0.00884
2026-06-23 13:28:54.090179: train_loss -0.3506
2026-06-23 13:28:54.090756: val_loss -0.2568
2026-06-23 13:28:54.090917: Pseudo dice [np.float32(0.7282)]
2026-06-23 13:28:54.091097: Epoch time: 45.09 s
2026-06-23 13:28:55.838181: 
2026-06-23 13:28:55.838544: Epoch 33
2026-06-23 13:28:55.838729: Current learning rate: 0.0088
2026-06-23 13:29:40.851344: train_loss -0.3615
2026-06-23 13:29:40.851882: val_loss -0.1602
2026-06-23 13:29:40.852032: Pseudo dice [np.float32(0.6964)]
2026-06-23 13:29:40.852206: Epoch time: 45.02 s
2026-06-23 13:29:43.000409: 
2026-06-23 13:29:43.000912: Epoch 34
2026-06-23 13:29:43.001119: Current learning rate: 0.00877
2026-06-23 13:30:28.170930: train_loss -0.3575
2026-06-23 13:30:28.171605: val_loss -0.2707
2026-06-23 13:30:28.171775: Pseudo dice [np.float32(0.7417)]
2026-06-23 13:30:28.171968: Epoch time: 45.17 s
2026-06-23 13:30:29.940418: 
2026-06-23 13:30:29.941048: Epoch 35
2026-06-23 13:30:29.941315: Current learning rate: 0.00873
2026-06-23 13:31:15.057415: train_loss -0.36
2026-06-23 13:31:15.058050: val_loss -0.2123
2026-06-23 13:31:15.058204: Pseudo dice [np.float32(0.7333)]
2026-06-23 13:31:15.058374: Epoch time: 45.12 s
2026-06-23 13:31:16.817406: 
2026-06-23 13:31:16.817991: Epoch 36
2026-06-23 13:31:16.818324: Current learning rate: 0.00869
2026-06-23 13:32:02.064977: train_loss -0.3609
2026-06-23 13:32:02.065476: val_loss -0.1525
2026-06-23 13:32:02.065901: Pseudo dice [np.float32(0.6914)]
2026-06-23 13:32:02.066088: Epoch time: 45.25 s
2026-06-23 13:32:03.832057: 
2026-06-23 13:32:03.832667: Epoch 37
2026-06-23 13:32:03.832963: Current learning rate: 0.00866
2026-06-23 13:32:48.919755: train_loss -0.3651
2026-06-23 13:32:48.920355: val_loss -0.1349
2026-06-23 13:32:48.920502: Pseudo dice [np.float32(0.683)]
2026-06-23 13:32:48.920687: Epoch time: 45.09 s
2026-06-23 13:32:50.706293: 
2026-06-23 13:32:50.706825: Epoch 38
2026-06-23 13:32:50.707023: Current learning rate: 0.00862
2026-06-23 13:33:35.718827: train_loss -0.3577
2026-06-23 13:33:35.719347: val_loss -0.3078
2026-06-23 13:33:35.719491: Pseudo dice [np.float32(0.7587)]
2026-06-23 13:33:35.719663: Epoch time: 45.02 s
2026-06-23 13:33:37.495120: 
2026-06-23 13:33:37.495669: Epoch 39
2026-06-23 13:33:37.496820: Current learning rate: 0.00858
2026-06-23 13:34:22.475101: train_loss -0.3404
2026-06-23 13:34:22.475704: val_loss -0.1483
2026-06-23 13:34:22.475872: Pseudo dice [np.float32(0.6966)]
2026-06-23 13:34:22.476053: Epoch time: 44.98 s
2026-06-23 13:34:24.250952: 
2026-06-23 13:34:24.251416: Epoch 40
2026-06-23 13:34:24.251601: Current learning rate: 0.00855
2026-06-23 13:35:09.280473: train_loss -0.3737
2026-06-23 13:35:09.281054: val_loss -0.2054
2026-06-23 13:35:09.281204: Pseudo dice [np.float32(0.7302)]
2026-06-23 13:35:09.281378: Epoch time: 45.03 s
2026-06-23 13:35:11.068882: 
2026-06-23 13:35:11.069463: Epoch 41
2026-06-23 13:35:11.069669: Current learning rate: 0.00851
2026-06-23 13:35:56.221486: train_loss -0.3677
2026-06-23 13:35:56.221965: val_loss -0.2605
2026-06-23 13:35:56.222110: Pseudo dice [np.float32(0.7519)]
2026-06-23 13:35:56.222286: Epoch time: 45.16 s
2026-06-23 13:35:56.222669: Yayy! New best EMA pseudo Dice: 0.720300018787384
2026-06-23 13:35:58.946504: 
2026-06-23 13:35:58.947335: Epoch 42
2026-06-23 13:35:58.947625: Current learning rate: 0.00847
2026-06-23 13:36:43.935210: train_loss -0.3693
2026-06-23 13:36:43.935843: val_loss -0.2255
2026-06-23 13:36:43.936027: Pseudo dice [np.float32(0.7096)]
2026-06-23 13:36:43.936209: Epoch time: 44.99 s
2026-06-23 13:36:45.684998: 
2026-06-23 13:36:45.685482: Epoch 43
2026-06-23 13:36:45.685806: Current learning rate: 0.00844
2026-06-23 13:37:30.638660: train_loss -0.3753
2026-06-23 13:37:30.639289: val_loss -0.3107
2026-06-23 13:37:30.639442: Pseudo dice [np.float32(0.7538)]
2026-06-23 13:37:30.639613: Epoch time: 44.96 s
2026-06-23 13:37:30.639747: Yayy! New best EMA pseudo Dice: 0.7226999998092651
2026-06-23 13:37:32.940766: 
2026-06-23 13:37:32.941247: Epoch 44
2026-06-23 13:37:32.941453: Current learning rate: 0.0084
2026-06-23 13:38:17.951816: train_loss -0.3764
2026-06-23 13:38:17.952532: val_loss -0.2311
2026-06-23 13:38:17.952710: Pseudo dice [np.float32(0.7337)]
2026-06-23 13:38:17.952913: Epoch time: 45.01 s
2026-06-23 13:38:17.953061: Yayy! New best EMA pseudo Dice: 0.723800003528595
2026-06-23 13:38:20.273196: 
2026-06-23 13:38:20.273727: Epoch 45
2026-06-23 13:38:20.274055: Current learning rate: 0.00836
2026-06-23 13:39:05.294467: train_loss -0.3637
2026-06-23 13:39:05.294918: val_loss -0.3107
2026-06-23 13:39:05.295064: Pseudo dice [np.float32(0.7576)]
2026-06-23 13:39:05.295240: Epoch time: 45.02 s
2026-06-23 13:39:05.295368: Yayy! New best EMA pseudo Dice: 0.7271999716758728
2026-06-23 13:39:07.597283: 
2026-06-23 13:39:07.597735: Epoch 46
2026-06-23 13:39:07.598051: Current learning rate: 0.00833
2026-06-23 13:39:52.643555: train_loss -0.3729
2026-06-23 13:39:52.644520: val_loss -0.2017
2026-06-23 13:39:52.644674: Pseudo dice [np.float32(0.721)]
2026-06-23 13:39:52.644855: Epoch time: 45.05 s
2026-06-23 13:39:54.387273: 
2026-06-23 13:39:54.387768: Epoch 47
2026-06-23 13:39:54.388104: Current learning rate: 0.00829
2026-06-23 13:40:39.142376: train_loss -0.3726
2026-06-23 13:40:39.143085: val_loss -0.2782
2026-06-23 13:40:39.143254: Pseudo dice [np.float32(0.7497)]
2026-06-23 13:40:39.143435: Epoch time: 44.76 s
2026-06-23 13:40:39.143584: Yayy! New best EMA pseudo Dice: 0.7289000153541565
2026-06-23 13:40:41.363908: 
2026-06-23 13:40:41.364462: Epoch 48
2026-06-23 13:40:41.364688: Current learning rate: 0.00825
2026-06-23 13:41:26.856291: train_loss -0.3627
2026-06-23 13:41:26.856861: val_loss -0.2058
2026-06-23 13:41:26.857012: Pseudo dice [np.float32(0.7334)]
2026-06-23 13:41:26.857185: Epoch time: 45.5 s
2026-06-23 13:41:26.857327: Yayy! New best EMA pseudo Dice: 0.7293000221252441
2026-06-23 13:41:29.084330: 
2026-06-23 13:41:29.084762: Epoch 49
2026-06-23 13:41:29.085127: Current learning rate: 0.00822
2026-06-23 13:42:14.050318: train_loss -0.3524
2026-06-23 13:42:14.050868: val_loss -0.2315
2026-06-23 13:42:14.051023: Pseudo dice [np.float32(0.7192)]
2026-06-23 13:42:14.051195: Epoch time: 44.97 s
2026-06-23 13:42:16.280586: 
2026-06-23 13:42:16.280943: Epoch 50
2026-06-23 13:42:16.281126: Current learning rate: 0.00818
2026-06-23 13:43:01.240731: train_loss -0.3794
2026-06-23 13:43:01.241308: val_loss -0.2455
2026-06-23 13:43:01.241460: Pseudo dice [np.float32(0.7226)]
2026-06-23 13:43:01.241634: Epoch time: 44.96 s
2026-06-23 13:43:03.421979: 
2026-06-23 13:43:03.422643: Epoch 51
2026-06-23 13:43:03.422947: Current learning rate: 0.00814
2026-06-23 13:43:48.276891: train_loss -0.3784
2026-06-23 13:43:48.277510: val_loss -0.2627
2026-06-23 13:43:48.277658: Pseudo dice [np.float32(0.7281)]
2026-06-23 13:43:48.277841: Epoch time: 44.86 s
2026-06-23 13:43:50.024645: 
2026-06-23 13:43:50.025138: Epoch 52
2026-06-23 13:43:50.025353: Current learning rate: 0.00811
2026-06-23 13:44:34.919516: train_loss -0.3701
2026-06-23 13:44:34.920190: val_loss -0.2329
2026-06-23 13:44:34.920341: Pseudo dice [np.float32(0.7288)]
2026-06-23 13:44:34.920509: Epoch time: 44.9 s
2026-06-23 13:44:36.679432: 
2026-06-23 13:44:36.679984: Epoch 53
2026-06-23 13:44:36.680306: Current learning rate: 0.00807
2026-06-23 13:45:21.689805: train_loss -0.3706
2026-06-23 13:45:21.690382: val_loss -0.106
2026-06-23 13:45:21.690530: Pseudo dice [np.float32(0.6824)]
2026-06-23 13:45:21.690711: Epoch time: 45.01 s
2026-06-23 13:45:23.444138: 
2026-06-23 13:45:23.444595: Epoch 54
2026-06-23 13:45:23.444937: Current learning rate: 0.00803
2026-06-23 13:46:08.396624: train_loss -0.3815
2026-06-23 13:46:08.397132: val_loss -0.0751
2026-06-23 13:46:08.397281: Pseudo dice [np.float32(0.6676)]
2026-06-23 13:46:08.397463: Epoch time: 44.96 s
2026-06-23 13:46:10.177452: 
2026-06-23 13:46:10.177963: Epoch 55
2026-06-23 13:46:10.178171: Current learning rate: 0.008
2026-06-23 13:46:55.188465: train_loss -0.3816
2026-06-23 13:46:55.189072: val_loss -0.2295
2026-06-23 13:46:55.189222: Pseudo dice [np.float32(0.7304)]
2026-06-23 13:46:55.189424: Epoch time: 45.01 s
2026-06-23 13:46:56.954113: 
2026-06-23 13:46:56.954695: Epoch 56
2026-06-23 13:46:56.955020: Current learning rate: 0.00796
2026-06-23 13:47:41.717945: train_loss -0.3861
2026-06-23 13:47:41.718577: val_loss -0.1896
2026-06-23 13:47:41.718731: Pseudo dice [np.float32(0.7262)]
2026-06-23 13:47:41.718914: Epoch time: 44.77 s
2026-06-23 13:47:43.547602: 
2026-06-23 13:47:43.548053: Epoch 57
2026-06-23 13:47:43.548357: Current learning rate: 0.00792
2026-06-23 13:48:28.488062: train_loss -0.3657
2026-06-23 13:48:28.488588: val_loss -0.2492
2026-06-23 13:48:28.488749: Pseudo dice [np.float32(0.7366)]
2026-06-23 13:48:28.488936: Epoch time: 44.94 s
2026-06-23 13:48:30.231343: 
2026-06-23 13:48:30.231806: Epoch 58
2026-06-23 13:48:30.232050: Current learning rate: 0.00789
2026-06-23 13:49:15.257499: train_loss -0.3778
2026-06-23 13:49:15.258056: val_loss -0.3077
2026-06-23 13:49:15.258219: Pseudo dice [np.float32(0.7756)]
2026-06-23 13:49:15.258391: Epoch time: 45.03 s
2026-06-23 13:49:17.027673: 
2026-06-23 13:49:17.028209: Epoch 59
2026-06-23 13:49:17.028563: Current learning rate: 0.00785
2026-06-23 13:50:01.901804: train_loss -0.3719
2026-06-23 13:50:01.902267: val_loss -0.2218
2026-06-23 13:50:01.902412: Pseudo dice [np.float32(0.7203)]
2026-06-23 13:50:01.902583: Epoch time: 44.88 s
2026-06-23 13:50:04.145445: 
2026-06-23 13:50:04.145790: Epoch 60
2026-06-23 13:50:04.145986: Current learning rate: 0.00781
2026-06-23 13:50:49.119564: train_loss -0.3896
2026-06-23 13:50:49.120118: val_loss -0.1244
2026-06-23 13:50:49.120301: Pseudo dice [np.float32(0.6845)]
2026-06-23 13:50:49.120494: Epoch time: 44.98 s
2026-06-23 13:50:50.895886: 
2026-06-23 13:50:50.896336: Epoch 61
2026-06-23 13:50:50.896546: Current learning rate: 0.00777
2026-06-23 13:51:35.868296: train_loss -0.3854
2026-06-23 13:51:35.868888: val_loss -0.1128
2026-06-23 13:51:35.869062: Pseudo dice [np.float32(0.6912)]
2026-06-23 13:51:35.869236: Epoch time: 44.98 s
2026-06-23 13:51:37.641497: 
2026-06-23 13:51:37.642022: Epoch 62
2026-06-23 13:51:37.642219: Current learning rate: 0.00774
2026-06-23 13:52:22.687867: train_loss -0.3664
2026-06-23 13:52:22.688367: val_loss -0.1273
2026-06-23 13:52:22.688514: Pseudo dice [np.float32(0.6898)]
2026-06-23 13:52:22.689398: Epoch time: 45.05 s
2026-06-23 13:52:24.452714: 
2026-06-23 13:52:24.453144: Epoch 63
2026-06-23 13:52:24.453321: Current learning rate: 0.0077
2026-06-23 13:53:09.730295: train_loss -0.3613
2026-06-23 13:53:09.730888: val_loss -0.2879
2026-06-23 13:53:09.731036: Pseudo dice [np.float32(0.767)]
2026-06-23 13:53:09.731215: Epoch time: 45.28 s
2026-06-23 13:53:11.504800: 
2026-06-23 13:53:11.505371: Epoch 64
2026-06-23 13:53:11.505552: Current learning rate: 0.00766
2026-06-23 13:53:56.328950: train_loss -0.3766
2026-06-23 13:53:56.329544: val_loss -0.1515
2026-06-23 13:53:56.329706: Pseudo dice [np.float32(0.6888)]
2026-06-23 13:53:56.329887: Epoch time: 44.83 s
2026-06-23 13:53:58.099283: 
2026-06-23 13:53:58.099595: Epoch 65
2026-06-23 13:53:58.099802: Current learning rate: 0.00763
2026-06-23 13:54:43.160722: train_loss -0.3788
2026-06-23 13:54:43.161265: val_loss -0.1887
2026-06-23 13:54:43.161411: Pseudo dice [np.float32(0.7283)]
2026-06-23 13:54:43.161582: Epoch time: 45.06 s
2026-06-23 13:54:44.940743: 
2026-06-23 13:54:44.941257: Epoch 66
2026-06-23 13:54:44.941550: Current learning rate: 0.00759
2026-06-23 13:55:29.894075: train_loss -0.3772
2026-06-23 13:55:29.894582: val_loss -0.1357
2026-06-23 13:55:29.894741: Pseudo dice [np.float32(0.6819)]
2026-06-23 13:55:29.894924: Epoch time: 44.96 s
2026-06-23 13:55:31.676380: 
2026-06-23 13:55:31.676659: Epoch 67
2026-06-23 13:55:31.676846: Current learning rate: 0.00755
2026-06-23 13:56:16.619502: train_loss -0.3851
2026-06-23 13:56:16.620022: val_loss -0.2713
2026-06-23 13:56:16.620177: Pseudo dice [np.float32(0.7415)]
2026-06-23 13:56:16.620345: Epoch time: 44.95 s
2026-06-23 13:56:18.834634: 
2026-06-23 13:56:18.835168: Epoch 68
2026-06-23 13:56:18.835496: Current learning rate: 0.00751
2026-06-23 13:57:03.751896: train_loss -0.4009
2026-06-23 13:57:03.752429: val_loss -0.1366
2026-06-23 13:57:03.752570: Pseudo dice [np.float32(0.7023)]
2026-06-23 13:57:03.752755: Epoch time: 44.92 s
2026-06-23 13:57:05.548820: 
2026-06-23 13:57:05.549299: Epoch 69
2026-06-23 13:57:05.549586: Current learning rate: 0.00748
2026-06-23 13:57:50.376640: train_loss -0.383
2026-06-23 13:57:50.377200: val_loss -0.2228
2026-06-23 13:57:50.377357: Pseudo dice [np.float32(0.7283)]
2026-06-23 13:57:50.377530: Epoch time: 44.83 s
2026-06-23 13:57:52.168643: 
2026-06-23 13:57:52.169162: Epoch 70
2026-06-23 13:57:52.169363: Current learning rate: 0.00744
2026-06-23 13:58:37.056492: train_loss -0.3711
2026-06-23 13:58:37.056968: val_loss -0.2108
2026-06-23 13:58:37.057115: Pseudo dice [np.float32(0.7222)]
2026-06-23 13:58:37.057290: Epoch time: 44.89 s
2026-06-23 13:58:38.844958: 
2026-06-23 13:58:38.845616: Epoch 71
2026-06-23 13:58:38.845969: Current learning rate: 0.0074
2026-06-23 13:59:24.001469: train_loss -0.391
2026-06-23 13:59:24.001997: val_loss -0.2416
2026-06-23 13:59:24.002141: Pseudo dice [np.float32(0.7463)]
2026-06-23 13:59:24.002319: Epoch time: 45.16 s
2026-06-23 13:59:25.786425: 
2026-06-23 13:59:25.786810: Epoch 72
2026-06-23 13:59:25.786990: Current learning rate: 0.00737
2026-06-23 14:00:10.715808: train_loss -0.3867
2026-06-23 14:00:10.716298: val_loss -0.3414
2026-06-23 14:00:10.716442: Pseudo dice [np.float32(0.7737)]
2026-06-23 14:00:10.716628: Epoch time: 44.93 s
2026-06-23 14:00:12.513558: 
2026-06-23 14:00:12.514033: Epoch 73
2026-06-23 14:00:12.514344: Current learning rate: 0.00733
2026-06-23 14:00:57.465450: train_loss -0.3982
2026-06-23 14:00:57.465999: val_loss -0.2113
2026-06-23 14:00:57.466148: Pseudo dice [np.float32(0.7269)]
2026-06-23 14:00:57.466322: Epoch time: 44.96 s
2026-06-23 14:00:59.255990: 
2026-06-23 14:00:59.256484: Epoch 74
2026-06-23 14:00:59.256668: Current learning rate: 0.00729
2026-06-23 14:01:44.322046: train_loss -0.3813
2026-06-23 14:01:44.322598: val_loss -0.247
2026-06-23 14:01:44.322752: Pseudo dice [np.float32(0.7452)]
2026-06-23 14:01:44.322933: Epoch time: 45.07 s
2026-06-23 14:01:46.133345: 
2026-06-23 14:01:46.133829: Epoch 75
2026-06-23 14:01:46.134044: Current learning rate: 0.00725
2026-06-23 14:02:31.398504: train_loss -0.391
2026-06-23 14:02:31.399031: val_loss -0.2435
2026-06-23 14:02:31.399179: Pseudo dice [np.float32(0.7499)]
2026-06-23 14:02:31.399352: Epoch time: 45.27 s
2026-06-23 14:02:31.399496: Yayy! New best EMA pseudo Dice: 0.7303000092506409
2026-06-23 14:02:34.186060: 
2026-06-23 14:02:34.186447: Epoch 76
2026-06-23 14:02:34.186625: Current learning rate: 0.00722
2026-06-23 14:03:19.123807: train_loss -0.3767
2026-06-23 14:03:19.125121: val_loss -0.2677
2026-06-23 14:03:19.125280: Pseudo dice [np.float32(0.7494)]
2026-06-23 14:03:19.125469: Epoch time: 44.94 s
2026-06-23 14:03:19.125649: Yayy! New best EMA pseudo Dice: 0.732200026512146
2026-06-23 14:03:21.612655: 
2026-06-23 14:03:21.613168: Epoch 77
2026-06-23 14:03:21.613471: Current learning rate: 0.00718
2026-06-23 14:04:06.724436: train_loss -0.3995
2026-06-23 14:04:06.725047: val_loss -0.0312
2026-06-23 14:04:06.725199: Pseudo dice [np.float32(0.6688)]
2026-06-23 14:04:06.725368: Epoch time: 45.12 s
2026-06-23 14:04:08.561050: 
2026-06-23 14:04:08.561533: Epoch 78
2026-06-23 14:04:08.561725: Current learning rate: 0.00714
2026-06-23 14:04:53.573264: train_loss -0.3868
2026-06-23 14:04:53.574362: val_loss -0.2764
2026-06-23 14:04:53.574512: Pseudo dice [np.float32(0.7455)]
2026-06-23 14:04:53.574685: Epoch time: 45.02 s
2026-06-23 14:04:55.445462: 
2026-06-23 14:04:55.445999: Epoch 79
2026-06-23 14:04:55.446300: Current learning rate: 0.0071
2026-06-23 14:05:40.744944: train_loss -0.4007
2026-06-23 14:05:40.745410: val_loss -0.187
2026-06-23 14:05:40.745557: Pseudo dice [np.float32(0.7064)]
2026-06-23 14:05:40.745728: Epoch time: 45.3 s
2026-06-23 14:05:42.596040: 
2026-06-23 14:05:42.596453: Epoch 80
2026-06-23 14:05:42.596742: Current learning rate: 0.00707
2026-06-23 14:06:27.674565: train_loss -0.3894
2026-06-23 14:06:27.675014: val_loss -0.2958
2026-06-23 14:06:27.675152: Pseudo dice [np.float32(0.7761)]
2026-06-23 14:06:27.675318: Epoch time: 45.08 s
2026-06-23 14:06:29.505676: 
2026-06-23 14:06:29.506407: Epoch 81
2026-06-23 14:06:29.506758: Current learning rate: 0.00703
2026-06-23 14:07:14.510653: train_loss -0.3999
2026-06-23 14:07:14.511274: val_loss -0.2344
2026-06-23 14:07:14.511422: Pseudo dice [np.float32(0.721)]
2026-06-23 14:07:14.511593: Epoch time: 45.01 s
2026-06-23 14:07:16.337709: 
2026-06-23 14:07:16.338188: Epoch 82
2026-06-23 14:07:16.338432: Current learning rate: 0.00699
2026-06-23 14:08:01.427579: train_loss -0.3907
2026-06-23 14:08:01.428066: val_loss -0.254
2026-06-23 14:08:01.428212: Pseudo dice [np.float32(0.7403)]
2026-06-23 14:08:01.428388: Epoch time: 45.09 s
2026-06-23 14:08:03.201447: 
2026-06-23 14:08:03.201950: Epoch 83
2026-06-23 14:08:03.202252: Current learning rate: 0.00696
2026-06-23 14:08:48.244224: train_loss -0.3922
2026-06-23 14:08:48.244752: val_loss -0.1337
2026-06-23 14:08:48.244911: Pseudo dice [np.float32(0.7059)]
2026-06-23 14:08:48.245082: Epoch time: 45.05 s
2026-06-23 14:08:50.009883: 
2026-06-23 14:08:50.010231: Epoch 84
2026-06-23 14:08:50.010452: Current learning rate: 0.00692
2026-06-23 14:09:35.089005: train_loss -0.3807
2026-06-23 14:09:35.089998: val_loss -0.3164
2026-06-23 14:09:35.090151: Pseudo dice [np.float32(0.7594)]
2026-06-23 14:09:35.090321: Epoch time: 45.08 s
2026-06-23 14:09:37.357902: 
2026-06-23 14:09:37.358408: Epoch 85
2026-06-23 14:09:37.358597: Current learning rate: 0.00688
2026-06-23 14:10:22.419393: train_loss -0.4049
2026-06-23 14:10:22.420393: val_loss -0.2302
2026-06-23 14:10:22.420669: Pseudo dice [np.float32(0.7253)]
2026-06-23 14:10:22.420962: Epoch time: 45.06 s
2026-06-23 14:10:24.196577: 
2026-06-23 14:10:24.197136: Epoch 86
2026-06-23 14:10:24.197429: Current learning rate: 0.00684
2026-06-23 14:11:09.022030: train_loss -0.3975
2026-06-23 14:11:09.022546: val_loss -0.2705
2026-06-23 14:11:09.022700: Pseudo dice [np.float32(0.7516)]
2026-06-23 14:11:09.022880: Epoch time: 44.83 s
2026-06-23 14:11:09.023023: Yayy! New best EMA pseudo Dice: 0.7329000234603882
2026-06-23 14:11:11.347317: 
2026-06-23 14:11:11.347774: Epoch 87
2026-06-23 14:11:11.347959: Current learning rate: 0.0068
2026-06-23 14:11:56.269724: train_loss -0.3823
2026-06-23 14:11:56.270245: val_loss -0.221
2026-06-23 14:11:56.270402: Pseudo dice [np.float32(0.7283)]
2026-06-23 14:11:56.270578: Epoch time: 44.93 s
2026-06-23 14:11:58.053262: 
2026-06-23 14:11:58.053876: Epoch 88
2026-06-23 14:11:58.054195: Current learning rate: 0.00677
2026-06-23 14:12:42.945121: train_loss -0.3845
2026-06-23 14:12:42.945787: val_loss -0.314
2026-06-23 14:12:42.945957: Pseudo dice [np.float32(0.7643)]
2026-06-23 14:12:42.946134: Epoch time: 44.9 s
2026-06-23 14:12:42.946266: Yayy! New best EMA pseudo Dice: 0.7355999946594238
2026-06-23 14:12:45.192020: 
2026-06-23 14:12:45.192466: Epoch 89
2026-06-23 14:12:45.192648: Current learning rate: 0.00673
2026-06-23 14:13:30.254768: train_loss -0.4016
2026-06-23 14:13:30.255457: val_loss -0.1804
2026-06-23 14:13:30.255607: Pseudo dice [np.float32(0.6945)]
2026-06-23 14:13:30.255782: Epoch time: 45.07 s
2026-06-23 14:13:32.022891: 
2026-06-23 14:13:32.023368: Epoch 90
2026-06-23 14:13:32.023546: Current learning rate: 0.00669
2026-06-23 14:14:16.849674: train_loss -0.3972
2026-06-23 14:14:16.850132: val_loss -0.2739
2026-06-23 14:14:16.850274: Pseudo dice [np.float32(0.7417)]
2026-06-23 14:14:16.850442: Epoch time: 44.83 s
2026-06-23 14:14:18.638739: 
2026-06-23 14:14:18.639262: Epoch 91
2026-06-23 14:14:18.639502: Current learning rate: 0.00665
2026-06-23 14:15:03.549831: train_loss -0.3865
2026-06-23 14:15:03.550353: val_loss -0.2051
2026-06-23 14:15:03.550502: Pseudo dice [np.float32(0.7223)]
2026-06-23 14:15:03.550675: Epoch time: 44.91 s
2026-06-23 14:15:05.335578: 
2026-06-23 14:15:05.336155: Epoch 92
2026-06-23 14:15:05.336529: Current learning rate: 0.00662
2026-06-23 14:15:50.405900: train_loss -0.4044
2026-06-23 14:15:50.406384: val_loss -0.2529
2026-06-23 14:15:50.406528: Pseudo dice [np.float32(0.7382)]
2026-06-23 14:15:50.406704: Epoch time: 45.07 s
2026-06-23 14:15:52.190588: 
2026-06-23 14:15:52.191044: Epoch 93
2026-06-23 14:15:52.191342: Current learning rate: 0.00658
2026-06-23 14:16:37.112153: train_loss -0.4161
2026-06-23 14:16:37.112703: val_loss -0.2762
2026-06-23 14:16:37.112856: Pseudo dice [np.float32(0.7557)]
2026-06-23 14:16:37.113036: Epoch time: 44.92 s
2026-06-23 14:16:39.295958: 
2026-06-23 14:16:39.296503: Epoch 94
2026-06-23 14:16:39.296736: Current learning rate: 0.00654
2026-06-23 14:17:24.106256: train_loss -0.4074
2026-06-23 14:17:24.106878: val_loss -0.1273
2026-06-23 14:17:24.107020: Pseudo dice [np.float32(0.7049)]
2026-06-23 14:17:24.107192: Epoch time: 44.81 s
2026-06-23 14:17:25.898934: 
2026-06-23 14:17:25.899411: Epoch 95
2026-06-23 14:17:25.899712: Current learning rate: 0.0065
2026-06-23 14:18:10.951408: train_loss -0.4081
2026-06-23 14:18:10.951926: val_loss -0.2626
2026-06-23 14:18:10.952069: Pseudo dice [np.float32(0.7583)]
2026-06-23 14:18:10.952248: Epoch time: 45.06 s
2026-06-23 14:18:12.753345: 
2026-06-23 14:18:12.753870: Epoch 96
2026-06-23 14:18:12.754112: Current learning rate: 0.00647
2026-06-23 14:18:57.882842: train_loss -0.4073
2026-06-23 14:18:57.883413: val_loss -0.2687
2026-06-23 14:18:57.883554: Pseudo dice [np.float32(0.7617)]
2026-06-23 14:18:57.883731: Epoch time: 45.13 s
2026-06-23 14:18:57.883877: Yayy! New best EMA pseudo Dice: 0.7369999885559082
2026-06-23 14:19:00.305235: 
2026-06-23 14:19:00.305624: Epoch 97
2026-06-23 14:19:00.305822: Current learning rate: 0.00643
2026-06-23 14:19:45.275638: train_loss -0.396
2026-06-23 14:19:45.276302: val_loss -0.2326
2026-06-23 14:19:45.276454: Pseudo dice [np.float32(0.7324)]
2026-06-23 14:19:45.276650: Epoch time: 44.97 s
2026-06-23 14:19:47.076385: 
2026-06-23 14:19:47.076783: Epoch 98
2026-06-23 14:19:47.077094: Current learning rate: 0.00639
2026-06-23 14:20:32.138674: train_loss -0.4032
2026-06-23 14:20:32.139189: val_loss -0.2042
2026-06-23 14:20:32.139394: Pseudo dice [np.float32(0.7383)]
2026-06-23 14:20:32.139571: Epoch time: 45.07 s
2026-06-23 14:20:33.938032: 
2026-06-23 14:20:33.938593: Epoch 99
2026-06-23 14:20:33.938898: Current learning rate: 0.00635
2026-06-23 14:21:18.955120: train_loss -0.3885
2026-06-23 14:21:18.955685: val_loss -0.2888
2026-06-23 14:21:18.955868: Pseudo dice [np.float32(0.7694)]
2026-06-23 14:21:18.956111: Epoch time: 45.02 s
2026-06-23 14:21:19.446393: Yayy! New best EMA pseudo Dice: 0.7400000095367432
2026-06-23 14:21:21.689631: 
2026-06-23 14:21:21.690047: Epoch 100
2026-06-23 14:21:21.690231: Current learning rate: 0.00631
2026-06-23 14:22:06.972438: train_loss -0.3987
2026-06-23 14:22:06.973050: val_loss -0.2176
2026-06-23 14:22:06.973239: Pseudo dice [np.float32(0.7245)]
2026-06-23 14:22:06.973431: Epoch time: 45.29 s
2026-06-23 14:22:08.765114: 
2026-06-23 14:22:08.765547: Epoch 101
2026-06-23 14:22:08.765827: Current learning rate: 0.00628
2026-06-23 14:22:53.863038: train_loss -0.4074
2026-06-23 14:22:53.863567: val_loss -0.1643
2026-06-23 14:22:53.863716: Pseudo dice [np.float32(0.729)]
2026-06-23 14:22:53.863897: Epoch time: 45.1 s
2026-06-23 14:22:55.659894: 
2026-06-23 14:22:55.660384: Epoch 102
2026-06-23 14:22:55.660723: Current learning rate: 0.00624
2026-06-23 14:23:40.660359: train_loss -0.4051
2026-06-23 14:23:40.660949: val_loss -0.1555
2026-06-23 14:23:40.661097: Pseudo dice [np.float32(0.7231)]
2026-06-23 14:23:40.661270: Epoch time: 45.0 s
2026-06-23 14:23:42.905962: 
2026-06-23 14:23:42.906494: Epoch 103
2026-06-23 14:23:42.906692: Current learning rate: 0.0062
2026-06-23 14:24:28.016070: train_loss -0.3928
2026-06-23 14:24:28.016765: val_loss -0.1743
2026-06-23 14:24:28.016927: Pseudo dice [np.float32(0.7264)]
2026-06-23 14:24:28.017101: Epoch time: 45.11 s
2026-06-23 14:24:29.812191: 
2026-06-23 14:24:29.812730: Epoch 104
2026-06-23 14:24:29.813051: Current learning rate: 0.00616
2026-06-23 14:25:14.872405: train_loss -0.4047
2026-06-23 14:25:14.872951: val_loss -0.385
2026-06-23 14:25:14.873099: Pseudo dice [np.float32(0.7794)]
2026-06-23 14:25:14.873280: Epoch time: 45.06 s
2026-06-23 14:25:16.685591: 
2026-06-23 14:25:16.686044: Epoch 105
2026-06-23 14:25:16.686227: Current learning rate: 0.00612
2026-06-23 14:26:01.722935: train_loss -0.4016
2026-06-23 14:26:01.723761: val_loss -0.299
2026-06-23 14:26:01.724020: Pseudo dice [np.float32(0.7647)]
2026-06-23 14:26:01.724204: Epoch time: 45.04 s
2026-06-23 14:26:01.724347: Yayy! New best EMA pseudo Dice: 0.7419999837875366
2026-06-23 14:26:04.096562: 
2026-06-23 14:26:04.097101: Epoch 106
2026-06-23 14:26:04.097378: Current learning rate: 0.00609
2026-06-23 14:26:49.270957: train_loss -0.4272
2026-06-23 14:26:49.271811: val_loss -0.2195
2026-06-23 14:26:49.272014: Pseudo dice [np.float32(0.727)]
2026-06-23 14:26:49.272288: Epoch time: 45.18 s
2026-06-23 14:26:51.130001: 
2026-06-23 14:26:51.130475: Epoch 107
2026-06-23 14:26:51.130745: Current learning rate: 0.00605
2026-06-23 14:27:36.286355: train_loss -0.4137
2026-06-23 14:27:36.286899: val_loss -0.224
2026-06-23 14:27:36.287053: Pseudo dice [np.float32(0.7343)]
2026-06-23 14:27:36.287232: Epoch time: 45.16 s
2026-06-23 14:27:38.090639: 
2026-06-23 14:27:38.091157: Epoch 108
2026-06-23 14:27:38.091459: Current learning rate: 0.00601
2026-06-23 14:28:23.080596: train_loss -0.3943
2026-06-23 14:28:23.080992: val_loss -0.2366
2026-06-23 14:28:23.081136: Pseudo dice [np.float32(0.7208)]
2026-06-23 14:28:23.081302: Epoch time: 44.99 s
2026-06-23 14:28:24.903608: 
2026-06-23 14:28:24.904165: Epoch 109
2026-06-23 14:28:24.904393: Current learning rate: 0.00597
2026-06-23 14:29:09.786069: train_loss -0.3973
2026-06-23 14:29:09.786538: val_loss -0.1168
2026-06-23 14:29:09.786677: Pseudo dice [np.float32(0.688)]
2026-06-23 14:29:09.786875: Epoch time: 44.89 s
2026-06-23 14:29:11.627269: 
2026-06-23 14:29:11.627650: Epoch 110
2026-06-23 14:29:11.627942: Current learning rate: 0.00593
2026-06-23 14:29:56.443936: train_loss -0.4163
2026-06-23 14:29:56.444514: val_loss -0.1534
2026-06-23 14:29:56.444667: Pseudo dice [np.float32(0.7016)]
2026-06-23 14:29:56.444844: Epoch time: 44.82 s
2026-06-23 14:29:58.247446: 
2026-06-23 14:29:58.247757: Epoch 111
2026-06-23 14:29:58.247944: Current learning rate: 0.0059
2026-06-23 14:30:43.107000: train_loss -0.4157
2026-06-23 14:30:43.107501: val_loss -0.2316
2026-06-23 14:30:43.107650: Pseudo dice [np.float32(0.7357)]
2026-06-23 14:30:43.107819: Epoch time: 44.86 s
2026-06-23 14:30:45.352587: 
2026-06-23 14:30:45.353058: Epoch 112
2026-06-23 14:30:45.353295: Current learning rate: 0.00586
2026-06-23 14:31:30.213484: train_loss -0.4153
2026-06-23 14:31:30.214007: val_loss -0.2279
2026-06-23 14:31:30.214156: Pseudo dice [np.float32(0.7441)]
2026-06-23 14:31:30.214347: Epoch time: 44.86 s
2026-06-23 14:31:31.998876: 
2026-06-23 14:31:31.999350: Epoch 113
2026-06-23 14:31:31.999661: Current learning rate: 0.00582
2026-06-23 14:32:16.868920: train_loss -0.4094
2026-06-23 14:32:16.869398: val_loss -0.2147
2026-06-23 14:32:16.869539: Pseudo dice [np.float32(0.7284)]
2026-06-23 14:32:16.869713: Epoch time: 44.87 s
2026-06-23 14:32:18.728279: 
2026-06-23 14:32:18.728777: Epoch 114
2026-06-23 14:32:18.729103: Current learning rate: 0.00578
2026-06-23 14:33:03.976329: train_loss -0.4042
2026-06-23 14:33:03.976953: val_loss -0.1973
2026-06-23 14:33:03.977105: Pseudo dice [np.float32(0.734)]
2026-06-23 14:33:03.977277: Epoch time: 45.25 s
2026-06-23 14:33:05.775426: 
2026-06-23 14:33:05.775948: Epoch 115
2026-06-23 14:33:05.776238: Current learning rate: 0.00574
2026-06-23 14:33:50.887475: train_loss -0.4051
2026-06-23 14:33:50.888012: val_loss -0.2203
2026-06-23 14:33:50.888160: Pseudo dice [np.float32(0.7383)]
2026-06-23 14:33:50.888341: Epoch time: 45.12 s
2026-06-23 14:33:52.688708: 
2026-06-23 14:33:52.689218: Epoch 116
2026-06-23 14:33:52.689517: Current learning rate: 0.0057
2026-06-23 14:34:37.803407: train_loss -0.3973
2026-06-23 14:34:37.803977: val_loss -0.2247
2026-06-23 14:34:37.804127: Pseudo dice [np.float32(0.7309)]
2026-06-23 14:34:37.804301: Epoch time: 45.12 s
2026-06-23 14:34:39.595610: 
2026-06-23 14:34:39.595894: Epoch 117
2026-06-23 14:34:39.596086: Current learning rate: 0.00567
2026-06-23 14:35:24.562801: train_loss -0.4123
2026-06-23 14:35:24.563320: val_loss -0.2327
2026-06-23 14:35:24.563464: Pseudo dice [np.float32(0.7325)]
2026-06-23 14:35:24.563636: Epoch time: 44.97 s
2026-06-23 14:35:26.369162: 
2026-06-23 14:35:26.369497: Epoch 118
2026-06-23 14:35:26.369711: Current learning rate: 0.00563
2026-06-23 14:36:11.325138: train_loss -0.4046
2026-06-23 14:36:11.325647: val_loss -0.3358
2026-06-23 14:36:11.325796: Pseudo dice [np.float32(0.778)]
2026-06-23 14:36:11.325979: Epoch time: 44.96 s
2026-06-23 14:36:13.136451: 
2026-06-23 14:36:13.136822: Epoch 119
2026-06-23 14:36:13.137141: Current learning rate: 0.00559
2026-06-23 14:36:58.437477: train_loss -0.3958
2026-06-23 14:36:58.438092: val_loss -0.2833
2026-06-23 14:36:58.438263: Pseudo dice [np.float32(0.7503)]
2026-06-23 14:36:58.438438: Epoch time: 45.3 s
2026-06-23 14:37:00.241138: 
2026-06-23 14:37:00.241597: Epoch 120
2026-06-23 14:37:00.241887: Current learning rate: 0.00555
2026-06-23 14:37:45.280521: train_loss -0.4113
2026-06-23 14:37:45.281086: val_loss -0.2148
2026-06-23 14:37:45.281233: Pseudo dice [np.float32(0.7254)]
2026-06-23 14:37:45.281406: Epoch time: 45.04 s
2026-06-23 14:37:47.520423: 
2026-06-23 14:37:47.520959: Epoch 121
2026-06-23 14:37:47.521241: Current learning rate: 0.00551
2026-06-23 14:38:32.526550: train_loss -0.4006
2026-06-23 14:38:32.527106: val_loss -0.1808
2026-06-23 14:38:32.527261: Pseudo dice [np.float32(0.7248)]
2026-06-23 14:38:32.527445: Epoch time: 45.01 s
2026-06-23 14:38:34.321572: 
2026-06-23 14:38:34.322125: Epoch 122
2026-06-23 14:38:34.322328: Current learning rate: 0.00547
2026-06-23 14:39:19.274992: train_loss -0.4126
2026-06-23 14:39:19.275733: val_loss -0.1386
2026-06-23 14:39:19.275947: Pseudo dice [np.float32(0.7057)]
2026-06-23 14:39:19.276140: Epoch time: 44.96 s
2026-06-23 14:39:21.077599: 
2026-06-23 14:39:21.078103: Epoch 123
2026-06-23 14:39:21.078405: Current learning rate: 0.00544
2026-06-23 14:40:06.062790: train_loss -0.4212
2026-06-23 14:40:06.063381: val_loss -0.1718
2026-06-23 14:40:06.063555: Pseudo dice [np.float32(0.6976)]
2026-06-23 14:40:06.063737: Epoch time: 44.99 s
2026-06-23 14:40:07.856434: 
2026-06-23 14:40:07.856952: Epoch 124
2026-06-23 14:40:07.857138: Current learning rate: 0.0054
2026-06-23 14:40:53.009872: train_loss -0.4096
2026-06-23 14:40:53.010457: val_loss -0.2036
2026-06-23 14:40:53.010626: Pseudo dice [np.float32(0.7261)]
2026-06-23 14:40:53.010810: Epoch time: 45.16 s
2026-06-23 14:40:54.810025: 
2026-06-23 14:40:54.810516: Epoch 125
2026-06-23 14:40:54.810706: Current learning rate: 0.00536
2026-06-23 14:41:39.990255: train_loss -0.4024
2026-06-23 14:41:39.990827: val_loss -0.2982
2026-06-23 14:41:39.990983: Pseudo dice [np.float32(0.7624)]
2026-06-23 14:41:39.991159: Epoch time: 45.18 s
2026-06-23 14:41:41.799048: 
2026-06-23 14:41:41.799573: Epoch 126
2026-06-23 14:41:41.799764: Current learning rate: 0.00532
2026-06-23 14:42:26.861670: train_loss -0.4059
2026-06-23 14:42:26.862179: val_loss -0.2387
2026-06-23 14:42:26.862336: Pseudo dice [np.float32(0.741)]
2026-06-23 14:42:26.862511: Epoch time: 45.07 s
2026-06-23 14:42:28.716005: 
2026-06-23 14:42:28.716598: Epoch 127
2026-06-23 14:42:28.716911: Current learning rate: 0.00528
2026-06-23 14:43:13.922688: train_loss -0.421
2026-06-23 14:43:13.923242: val_loss -0.3056
2026-06-23 14:43:13.923392: Pseudo dice [np.float32(0.7578)]
2026-06-23 14:43:13.923576: Epoch time: 45.21 s
2026-06-23 14:43:15.734662: 
2026-06-23 14:43:15.735049: Epoch 128
2026-06-23 14:43:15.735336: Current learning rate: 0.00524
2026-06-23 14:44:00.766172: train_loss -0.4295
2026-06-23 14:44:00.766584: val_loss -0.2946
2026-06-23 14:44:00.766733: Pseudo dice [np.float32(0.7587)]
2026-06-23 14:44:00.766919: Epoch time: 45.03 s
2026-06-23 14:44:02.576171: 
2026-06-23 14:44:02.576634: Epoch 129
2026-06-23 14:44:02.576839: Current learning rate: 0.0052
2026-06-23 14:44:47.921671: train_loss -0.3938
2026-06-23 14:44:47.922223: val_loss -0.2626
2026-06-23 14:44:47.922374: Pseudo dice [np.float32(0.7526)]
2026-06-23 14:44:47.922556: Epoch time: 45.35 s
2026-06-23 14:44:49.733028: 
2026-06-23 14:44:49.733455: Epoch 130
2026-06-23 14:44:49.733654: Current learning rate: 0.00517
2026-06-23 14:45:34.550844: train_loss -0.4235
2026-06-23 14:45:34.551383: val_loss -0.2181
2026-06-23 14:45:34.551529: Pseudo dice [np.float32(0.7301)]
2026-06-23 14:45:34.551703: Epoch time: 44.82 s
2026-06-23 14:45:36.351463: 
2026-06-23 14:45:36.351984: Epoch 131
2026-06-23 14:45:36.352188: Current learning rate: 0.00513
2026-06-23 14:46:21.365021: train_loss -0.4021
2026-06-23 14:46:21.365548: val_loss -0.2941
2026-06-23 14:46:21.365690: Pseudo dice [np.float32(0.7556)]
2026-06-23 14:46:21.365875: Epoch time: 45.02 s
2026-06-23 14:46:23.185870: 
2026-06-23 14:46:23.186466: Epoch 132
2026-06-23 14:46:23.186759: Current learning rate: 0.00509
2026-06-23 14:47:08.179239: train_loss -0.419
2026-06-23 14:47:08.182618: val_loss -0.2594
2026-06-23 14:47:08.182770: Pseudo dice [np.float32(0.7674)]
2026-06-23 14:47:08.182950: Epoch time: 45.0 s
2026-06-23 14:47:08.183088: Yayy! New best EMA pseudo Dice: 0.742900013923645
2026-06-23 14:47:10.560819: 
2026-06-23 14:47:10.561505: Epoch 133
2026-06-23 14:47:10.561797: Current learning rate: 0.00505
2026-06-23 14:47:55.616555: train_loss -0.426
2026-06-23 14:47:55.617190: val_loss -0.1275
2026-06-23 14:47:55.617350: Pseudo dice [np.float32(0.7005)]
2026-06-23 14:47:55.617524: Epoch time: 45.06 s
2026-06-23 14:47:57.436468: 
2026-06-23 14:47:57.437082: Epoch 134
2026-06-23 14:47:57.437460: Current learning rate: 0.00501
2026-06-23 14:48:42.350122: train_loss -0.4302
2026-06-23 14:48:42.350575: val_loss -0.1302
2026-06-23 14:48:42.350796: Pseudo dice [np.float32(0.7111)]
2026-06-23 14:48:42.351093: Epoch time: 44.92 s
2026-06-23 14:48:44.197419: 
2026-06-23 14:48:44.197942: Epoch 135
2026-06-23 14:48:44.198189: Current learning rate: 0.00497
2026-06-23 14:49:29.171181: train_loss -0.413
2026-06-23 14:49:29.171863: val_loss -0.2788
2026-06-23 14:49:29.172013: Pseudo dice [np.float32(0.7474)]
2026-06-23 14:49:29.172192: Epoch time: 44.98 s
2026-06-23 14:49:30.995931: 
2026-06-23 14:49:30.996355: Epoch 136
2026-06-23 14:49:30.997331: Current learning rate: 0.00493
2026-06-23 14:50:16.043606: train_loss -0.42
2026-06-23 14:50:16.044421: val_loss -0.2915
2026-06-23 14:50:16.044610: Pseudo dice [np.float32(0.7519)]
2026-06-23 14:50:16.044815: Epoch time: 45.05 s
2026-06-23 14:50:17.883259: 
2026-06-23 14:50:17.883819: Epoch 137
2026-06-23 14:50:17.884134: Current learning rate: 0.00489
2026-06-23 14:51:02.867781: train_loss -0.416
2026-06-23 14:51:02.868430: val_loss -0.1855
2026-06-23 14:51:02.868578: Pseudo dice [np.float32(0.7169)]
2026-06-23 14:51:02.868756: Epoch time: 44.99 s
2026-06-23 14:51:05.165398: 
2026-06-23 14:51:05.165999: Epoch 138
2026-06-23 14:51:05.166294: Current learning rate: 0.00485
2026-06-23 14:51:50.158638: train_loss -0.4121
2026-06-23 14:51:50.159326: val_loss -0.3121
2026-06-23 14:51:50.159476: Pseudo dice [np.float32(0.7833)]
2026-06-23 14:51:50.159648: Epoch time: 45.0 s
2026-06-23 14:51:51.997819: 
2026-06-23 14:51:51.998342: Epoch 139
2026-06-23 14:51:51.998524: Current learning rate: 0.00482
2026-06-23 14:52:37.149410: train_loss -0.4031
2026-06-23 14:52:37.149929: val_loss -0.219
2026-06-23 14:52:37.150076: Pseudo dice [np.float32(0.7384)]
2026-06-23 14:52:37.150246: Epoch time: 45.15 s
2026-06-23 14:52:38.984293: 
2026-06-23 14:52:38.984910: Epoch 140
2026-06-23 14:52:38.985227: Current learning rate: 0.00478
2026-06-23 14:53:23.871515: train_loss -0.4192
2026-06-23 14:53:23.872051: val_loss -0.1503
2026-06-23 14:53:23.872202: Pseudo dice [np.float32(0.7035)]
2026-06-23 14:53:23.872380: Epoch time: 44.89 s
2026-06-23 14:53:25.704133: 
2026-06-23 14:53:25.704808: Epoch 141
2026-06-23 14:53:25.705125: Current learning rate: 0.00474
2026-06-23 14:54:10.541842: train_loss -0.414
2026-06-23 14:54:10.542356: val_loss -0.1974
2026-06-23 14:54:10.542498: Pseudo dice [np.float32(0.7176)]
2026-06-23 14:54:10.542666: Epoch time: 44.84 s
2026-06-23 14:54:12.381150: 
2026-06-23 14:54:12.381673: Epoch 142
2026-06-23 14:54:12.381986: Current learning rate: 0.0047
2026-06-23 14:54:57.422280: train_loss -0.4176
2026-06-23 14:54:57.422811: val_loss -0.188
2026-06-23 14:54:57.422963: Pseudo dice [np.float32(0.738)]
2026-06-23 14:54:57.423134: Epoch time: 45.04 s
2026-06-23 14:54:59.265246: 
2026-06-23 14:54:59.265813: Epoch 143
2026-06-23 14:54:59.266131: Current learning rate: 0.00466
2026-06-23 14:55:44.080347: train_loss -0.4102
2026-06-23 14:55:44.080863: val_loss -0.2707
2026-06-23 14:55:44.081014: Pseudo dice [np.float32(0.7585)]
2026-06-23 14:55:44.081196: Epoch time: 44.82 s
2026-06-23 14:55:45.920772: 
2026-06-23 14:55:45.921286: Epoch 144
2026-06-23 14:55:45.921585: Current learning rate: 0.00462
2026-06-23 14:56:30.829926: train_loss -0.3985
2026-06-23 14:56:30.830425: val_loss -0.1402
2026-06-23 14:56:30.830573: Pseudo dice [np.float32(0.6976)]
2026-06-23 14:56:30.830743: Epoch time: 44.91 s
2026-06-23 14:56:32.691513: 
2026-06-23 14:56:32.692127: Epoch 145
2026-06-23 14:56:32.692330: Current learning rate: 0.00458
2026-06-23 14:57:17.737411: train_loss -0.4227
2026-06-23 14:57:17.737983: val_loss -0.2777
2026-06-23 14:57:17.738132: Pseudo dice [np.float32(0.767)]
2026-06-23 14:57:17.738305: Epoch time: 45.05 s
2026-06-23 14:57:19.576624: 
2026-06-23 14:57:19.577142: Epoch 146
2026-06-23 14:57:19.577317: Current learning rate: 0.00454
2026-06-23 14:58:05.065683: train_loss -0.4314
2026-06-23 14:58:05.066247: val_loss -0.2698
2026-06-23 14:58:05.066397: Pseudo dice [np.float32(0.7502)]
2026-06-23 14:58:05.066573: Epoch time: 45.49 s
2026-06-23 14:58:06.910460: 
2026-06-23 14:58:06.911001: Epoch 147
2026-06-23 14:58:06.911208: Current learning rate: 0.0045
2026-06-23 14:58:51.725369: train_loss -0.4308
2026-06-23 14:58:51.725827: val_loss -0.2294
2026-06-23 14:58:51.725978: Pseudo dice [np.float32(0.7384)]
2026-06-23 14:58:51.726154: Epoch time: 44.82 s
2026-06-23 14:58:53.576818: 
2026-06-23 14:58:53.577274: Epoch 148
2026-06-23 14:58:53.577456: Current learning rate: 0.00446
2026-06-23 14:59:38.423543: train_loss -0.4342
2026-06-23 14:59:38.424024: val_loss -0.0428
2026-06-23 14:59:38.424170: Pseudo dice [np.float32(0.6724)]
2026-06-23 14:59:38.424348: Epoch time: 44.85 s
2026-06-23 14:59:40.259194: 
2026-06-23 14:59:40.259621: Epoch 149
2026-06-23 14:59:40.259822: Current learning rate: 0.00442
2026-06-23 15:00:25.191891: train_loss -0.4326
2026-06-23 15:00:25.192505: val_loss -0.2924
2026-06-23 15:00:25.192674: Pseudo dice [np.float32(0.7514)]
2026-06-23 15:00:25.192867: Epoch time: 44.94 s
2026-06-23 15:00:27.664632: 
2026-06-23 15:00:27.665663: Epoch 150
2026-06-23 15:00:27.665897: Current learning rate: 0.00438
2026-06-23 15:01:12.787690: train_loss -0.4176
2026-06-23 15:01:12.788304: val_loss -0.3033
2026-06-23 15:01:12.788449: Pseudo dice [np.float32(0.7646)]
2026-06-23 15:01:12.788657: Epoch time: 45.13 s
2026-06-23 15:01:14.640862: 
2026-06-23 15:01:14.641642: Epoch 151
2026-06-23 15:01:14.642183: Current learning rate: 0.00434
2026-06-23 15:01:59.565341: train_loss -0.4286
2026-06-23 15:01:59.566055: val_loss -0.2411
2026-06-23 15:01:59.566325: Pseudo dice [np.float32(0.7317)]
2026-06-23 15:01:59.566564: Epoch time: 44.93 s
2026-06-23 15:02:01.421469: 
2026-06-23 15:02:01.421944: Epoch 152
2026-06-23 15:02:01.422250: Current learning rate: 0.0043
2026-06-23 15:02:46.449619: train_loss -0.4281
2026-06-23 15:02:46.450136: val_loss -0.302
2026-06-23 15:02:46.450278: Pseudo dice [np.float32(0.7613)]
2026-06-23 15:02:46.450447: Epoch time: 45.03 s
2026-06-23 15:02:48.295506: 
2026-06-23 15:02:48.296103: Epoch 153
2026-06-23 15:02:48.296436: Current learning rate: 0.00427
2026-06-23 15:03:33.409749: train_loss -0.4219
2026-06-23 15:03:33.410427: val_loss -0.2039
2026-06-23 15:03:33.410705: Pseudo dice [np.float32(0.751)]
2026-06-23 15:03:33.410905: Epoch time: 45.12 s
2026-06-23 15:03:35.283256: 
2026-06-23 15:03:35.283627: Epoch 154
2026-06-23 15:03:35.283925: Current learning rate: 0.00423
2026-06-23 15:04:20.276456: train_loss -0.4247
2026-06-23 15:04:20.277052: val_loss -0.2445
2026-06-23 15:04:20.277214: Pseudo dice [np.float32(0.7459)]
2026-06-23 15:04:20.277385: Epoch time: 45.0 s
2026-06-23 15:04:22.585583: 
2026-06-23 15:04:22.586251: Epoch 155
2026-06-23 15:04:22.586443: Current learning rate: 0.00419
2026-06-23 15:05:07.331558: train_loss -0.4264
2026-06-23 15:05:07.332232: val_loss -0.3018
2026-06-23 15:05:07.332379: Pseudo dice [np.float32(0.7643)]
2026-06-23 15:05:07.332549: Epoch time: 44.75 s
2026-06-23 15:05:07.332712: Yayy! New best EMA pseudo Dice: 0.7429999709129333
2026-06-23 15:05:09.681307: 
2026-06-23 15:05:09.681801: Epoch 156
2026-06-23 15:05:09.681997: Current learning rate: 0.00415
2026-06-23 15:05:54.603845: train_loss -0.4386
2026-06-23 15:05:54.604477: val_loss -0.1874
2026-06-23 15:05:54.604628: Pseudo dice [np.float32(0.7213)]
2026-06-23 15:05:54.604797: Epoch time: 44.93 s
2026-06-23 15:05:56.495571: 
2026-06-23 15:05:56.496195: Epoch 157
2026-06-23 15:05:56.496492: Current learning rate: 0.00411
2026-06-23 15:06:41.446333: train_loss -0.4124
2026-06-23 15:06:41.446917: val_loss -0.1945
2026-06-23 15:06:41.447061: Pseudo dice [np.float32(0.7396)]
2026-06-23 15:06:41.447231: Epoch time: 44.95 s
2026-06-23 15:06:43.317074: 
2026-06-23 15:06:43.317615: Epoch 158
2026-06-23 15:06:43.317921: Current learning rate: 0.00407
2026-06-23 15:07:28.400428: train_loss -0.4314
2026-06-23 15:07:28.400953: val_loss -0.246
2026-06-23 15:07:28.401102: Pseudo dice [np.float32(0.7584)]
2026-06-23 15:07:28.401269: Epoch time: 45.09 s
2026-06-23 15:07:30.261718: 
2026-06-23 15:07:30.262014: Epoch 159
2026-06-23 15:07:30.262189: Current learning rate: 0.00403
2026-06-23 15:08:15.135081: train_loss -0.4323
2026-06-23 15:08:15.135673: val_loss -0.2608
2026-06-23 15:08:15.135837: Pseudo dice [np.float32(0.7579)]
2026-06-23 15:08:15.136031: Epoch time: 44.88 s
2026-06-23 15:08:15.136177: Yayy! New best EMA pseudo Dice: 0.7440000176429749
2026-06-23 15:08:17.636791: 
2026-06-23 15:08:17.637173: Epoch 160
2026-06-23 15:08:17.637496: Current learning rate: 0.00399
2026-06-23 15:09:02.656451: train_loss -0.4314
2026-06-23 15:09:02.657127: val_loss -0.1667
2026-06-23 15:09:02.657306: Pseudo dice [np.float32(0.7338)]
2026-06-23 15:09:02.658145: Epoch time: 45.02 s
2026-06-23 15:09:04.524375: 
2026-06-23 15:09:04.524842: Epoch 161
2026-06-23 15:09:04.525076: Current learning rate: 0.00395
2026-06-23 15:09:49.519296: train_loss -0.4299
2026-06-23 15:09:49.519870: val_loss -0.2496
2026-06-23 15:09:49.520047: Pseudo dice [np.float32(0.7443)]
2026-06-23 15:09:49.520223: Epoch time: 45.0 s
2026-06-23 15:09:51.758481: 
2026-06-23 15:09:51.759185: Epoch 162
2026-06-23 15:09:51.759519: Current learning rate: 0.00391
2026-06-23 15:10:36.910751: train_loss -0.4307
2026-06-23 15:10:36.911858: val_loss -0.2476
2026-06-23 15:10:36.912322: Pseudo dice [np.float32(0.7566)]
2026-06-23 15:10:36.912606: Epoch time: 45.16 s
2026-06-23 15:10:36.912885: Yayy! New best EMA pseudo Dice: 0.7444999814033508
2026-06-23 15:10:39.479017: 
2026-06-23 15:10:39.479650: Epoch 163
2026-06-23 15:10:39.479958: Current learning rate: 0.00387
2026-06-23 15:11:24.765880: train_loss -0.4286
2026-06-23 15:11:24.766360: val_loss -0.2517
2026-06-23 15:11:24.766506: Pseudo dice [np.float32(0.7522)]
2026-06-23 15:11:24.766685: Epoch time: 45.29 s
2026-06-23 15:11:24.766820: Yayy! New best EMA pseudo Dice: 0.745199978351593
2026-06-23 15:11:27.129131: 
2026-06-23 15:11:27.129652: Epoch 164
2026-06-23 15:11:27.129953: Current learning rate: 0.00383
2026-06-23 15:12:12.164282: train_loss -0.4351
2026-06-23 15:12:12.164999: val_loss -0.1688
2026-06-23 15:12:12.165170: Pseudo dice [np.float32(0.7171)]
2026-06-23 15:12:12.165368: Epoch time: 45.04 s
2026-06-23 15:12:14.001157: 
2026-06-23 15:12:14.001644: Epoch 165
2026-06-23 15:12:14.001833: Current learning rate: 0.00379
2026-06-23 15:12:59.008776: train_loss -0.422
2026-06-23 15:12:59.009334: val_loss -0.2421
2026-06-23 15:12:59.009501: Pseudo dice [np.float32(0.7592)]
2026-06-23 15:12:59.009708: Epoch time: 45.01 s
2026-06-23 15:13:00.853620: 
2026-06-23 15:13:00.853960: Epoch 166
2026-06-23 15:13:00.854171: Current learning rate: 0.00375
2026-06-23 15:13:45.895617: train_loss -0.4305
2026-06-23 15:13:45.896182: val_loss -0.0816
2026-06-23 15:13:45.896353: Pseudo dice [np.float32(0.6749)]
2026-06-23 15:13:45.896533: Epoch time: 45.05 s
2026-06-23 15:13:47.754920: 
2026-06-23 15:13:47.755380: Epoch 167
2026-06-23 15:13:47.755592: Current learning rate: 0.00371
2026-06-23 15:14:32.784297: train_loss -0.4192
2026-06-23 15:14:32.784971: val_loss -0.2829
2026-06-23 15:14:32.785119: Pseudo dice [np.float32(0.7588)]
2026-06-23 15:14:32.785335: Epoch time: 45.03 s
2026-06-23 15:14:34.682322: 
2026-06-23 15:14:34.682782: Epoch 168
2026-06-23 15:14:34.683082: Current learning rate: 0.00367
2026-06-23 15:15:19.796838: train_loss -0.4387
2026-06-23 15:15:19.797389: val_loss -0.0631
2026-06-23 15:15:19.797537: Pseudo dice [np.float32(0.6997)]
2026-06-23 15:15:19.797711: Epoch time: 45.12 s
2026-06-23 15:15:21.658505: 
2026-06-23 15:15:21.659066: Epoch 169
2026-06-23 15:15:21.659297: Current learning rate: 0.00363
2026-06-23 15:16:06.678084: train_loss -0.4322
2026-06-23 15:16:06.678690: val_loss -0.1988
2026-06-23 15:16:06.678846: Pseudo dice [np.float32(0.7329)]
2026-06-23 15:16:06.679032: Epoch time: 45.02 s
2026-06-23 15:16:08.536628: 
2026-06-23 15:16:08.537148: Epoch 170
2026-06-23 15:16:08.537439: Current learning rate: 0.00359
2026-06-23 15:16:53.783669: train_loss -0.4264
2026-06-23 15:16:53.784180: val_loss -0.1334
2026-06-23 15:16:53.784328: Pseudo dice [np.float32(0.7139)]
2026-06-23 15:16:53.784501: Epoch time: 45.25 s
2026-06-23 15:16:56.131291: 
2026-06-23 15:16:56.131933: Epoch 171
2026-06-23 15:16:56.132137: Current learning rate: 0.00355
2026-06-23 15:17:41.113930: train_loss -0.4289
2026-06-23 15:17:41.114478: val_loss -0.248
2026-06-23 15:17:41.114631: Pseudo dice [np.float32(0.754)]
2026-06-23 15:17:41.114801: Epoch time: 44.99 s
2026-06-23 15:17:42.969102: 
2026-06-23 15:17:42.969555: Epoch 172
2026-06-23 15:17:42.969726: Current learning rate: 0.00351
2026-06-23 15:18:27.809530: train_loss -0.443
2026-06-23 15:18:27.810065: val_loss -0.2724
2026-06-23 15:18:27.810205: Pseudo dice [np.float32(0.7706)]
2026-06-23 15:18:27.810377: Epoch time: 44.84 s
2026-06-23 15:18:29.633089: 
2026-06-23 15:18:29.633557: Epoch 173
2026-06-23 15:18:29.633760: Current learning rate: 0.00346
2026-06-23 15:19:14.567243: train_loss -0.4303
2026-06-23 15:19:14.567704: val_loss -0.2647
2026-06-23 15:19:14.567844: Pseudo dice [np.float32(0.7387)]
2026-06-23 15:19:14.568056: Epoch time: 44.94 s
2026-06-23 15:19:16.394323: 
2026-06-23 15:19:16.394771: Epoch 174
2026-06-23 15:19:16.394974: Current learning rate: 0.00342
2026-06-23 15:20:01.373938: train_loss -0.4273
2026-06-23 15:20:01.374481: val_loss -0.3318
2026-06-23 15:20:01.374628: Pseudo dice [np.float32(0.7843)]
2026-06-23 15:20:01.374804: Epoch time: 44.98 s
2026-06-23 15:20:03.215611: 
2026-06-23 15:20:03.216196: Epoch 175
2026-06-23 15:20:03.216492: Current learning rate: 0.00338
2026-06-23 15:20:48.368803: train_loss -0.4377
2026-06-23 15:20:48.369252: val_loss -0.2193
2026-06-23 15:20:48.369386: Pseudo dice [np.float32(0.7264)]
2026-06-23 15:20:48.369554: Epoch time: 45.16 s
2026-06-23 15:20:50.197350: 
2026-06-23 15:20:50.197901: Epoch 176
2026-06-23 15:20:50.198197: Current learning rate: 0.00334
2026-06-23 15:21:35.133181: train_loss -0.4265
2026-06-23 15:21:35.133779: val_loss -0.2792
2026-06-23 15:21:35.133949: Pseudo dice [np.float32(0.7435)]
2026-06-23 15:21:35.134131: Epoch time: 44.94 s
2026-06-23 15:21:36.963774: 
2026-06-23 15:21:36.964159: Epoch 177
2026-06-23 15:21:36.964342: Current learning rate: 0.0033
2026-06-23 15:22:22.127056: train_loss -0.43
2026-06-23 15:22:22.127604: val_loss -0.3104
2026-06-23 15:22:22.127750: Pseudo dice [np.float32(0.7787)]
2026-06-23 15:22:22.127928: Epoch time: 45.17 s
2026-06-23 15:22:22.128072: Yayy! New best EMA pseudo Dice: 0.7454000115394592
2026-06-23 15:22:24.432997: 
2026-06-23 15:22:24.433552: Epoch 178
2026-06-23 15:22:24.433882: Current learning rate: 0.00326
2026-06-23 15:23:09.383502: train_loss -0.4383
2026-06-23 15:23:09.384136: val_loss -0.19
2026-06-23 15:23:09.384280: Pseudo dice [np.float32(0.7191)]
2026-06-23 15:23:09.384465: Epoch time: 44.95 s
2026-06-23 15:23:11.626052: 
2026-06-23 15:23:11.626643: Epoch 179
2026-06-23 15:23:11.626979: Current learning rate: 0.00322
2026-06-23 15:23:56.640573: train_loss -0.4339
2026-06-23 15:23:56.641171: val_loss -0.1818
2026-06-23 15:23:56.641322: Pseudo dice [np.float32(0.7277)]
2026-06-23 15:23:56.641494: Epoch time: 45.02 s
2026-06-23 15:23:58.480792: 
2026-06-23 15:23:58.481268: Epoch 180
2026-06-23 15:23:58.481472: Current learning rate: 0.00318
2026-06-23 15:24:43.334831: train_loss -0.4224
2026-06-23 15:24:43.335318: val_loss -0.164
2026-06-23 15:24:43.335457: Pseudo dice [np.float32(0.7056)]
2026-06-23 15:24:43.335624: Epoch time: 44.86 s
2026-06-23 15:24:45.162378: 
2026-06-23 15:24:45.162687: Epoch 181
2026-06-23 15:24:45.162870: Current learning rate: 0.00314
2026-06-23 15:25:30.287109: train_loss -0.415
2026-06-23 15:25:30.287591: val_loss -0.1361
2026-06-23 15:25:30.287743: Pseudo dice [np.float32(0.7135)]
2026-06-23 15:25:30.287928: Epoch time: 45.13 s
2026-06-23 15:25:32.118779: 
2026-06-23 15:25:32.119311: Epoch 182
2026-06-23 15:25:32.119596: Current learning rate: 0.0031
2026-06-23 15:26:16.935873: train_loss -0.4426
2026-06-23 15:26:16.936396: val_loss -0.1872
2026-06-23 15:26:16.936539: Pseudo dice [np.float32(0.7441)]
2026-06-23 15:26:16.936719: Epoch time: 44.82 s
2026-06-23 15:26:18.772983: 
2026-06-23 15:26:18.773645: Epoch 183
2026-06-23 15:26:18.773835: Current learning rate: 0.00306
2026-06-23 15:27:03.773624: train_loss -0.4256
2026-06-23 15:27:03.774442: val_loss -0.1767
2026-06-23 15:27:03.774599: Pseudo dice [np.float32(0.7352)]
2026-06-23 15:27:03.774769: Epoch time: 45.0 s
2026-06-23 15:27:05.696983: 
2026-06-23 15:27:05.697514: Epoch 184
2026-06-23 15:27:05.697817: Current learning rate: 0.00302
2026-06-23 15:27:50.781084: train_loss -0.4419
2026-06-23 15:27:50.781653: val_loss -0.2515
2026-06-23 15:27:50.781794: Pseudo dice [np.float32(0.7429)]
2026-06-23 15:27:50.781976: Epoch time: 45.09 s
2026-06-23 15:27:52.625072: 
2026-06-23 15:27:52.625811: Epoch 185
2026-06-23 15:27:52.626011: Current learning rate: 0.00297
2026-06-23 15:28:37.493068: train_loss -0.4284
2026-06-23 15:28:37.493574: val_loss -0.2364
2026-06-23 15:28:37.493722: Pseudo dice [np.float32(0.7318)]
2026-06-23 15:28:37.493911: Epoch time: 44.87 s
2026-06-23 15:28:39.325932: 
2026-06-23 15:28:39.326367: Epoch 186
2026-06-23 15:28:39.326574: Current learning rate: 0.00293
2026-06-23 15:29:24.366100: train_loss -0.432
2026-06-23 15:29:24.366679: val_loss -0.1237
2026-06-23 15:29:24.366826: Pseudo dice [np.float32(0.7003)]
2026-06-23 15:29:24.367015: Epoch time: 45.04 s
2026-06-23 15:29:26.206794: 
2026-06-23 15:29:26.207225: Epoch 187
2026-06-23 15:29:26.207401: Current learning rate: 0.00289
2026-06-23 15:30:11.061529: train_loss -0.428
2026-06-23 15:30:11.062053: val_loss -0.0809
2026-06-23 15:30:11.062202: Pseudo dice [np.float32(0.6736)]
2026-06-23 15:30:11.062376: Epoch time: 44.86 s
2026-06-23 15:30:13.342929: 
2026-06-23 15:30:13.343493: Epoch 188
2026-06-23 15:30:13.343800: Current learning rate: 0.00285
2026-06-23 15:30:58.317549: train_loss -0.4199
2026-06-23 15:30:58.318170: val_loss -0.0692
2026-06-23 15:30:58.318321: Pseudo dice [np.float32(0.6872)]
2026-06-23 15:30:58.318498: Epoch time: 44.98 s
2026-06-23 15:31:00.167470: 
2026-06-23 15:31:00.167875: Epoch 189
2026-06-23 15:31:00.168089: Current learning rate: 0.00281
2026-06-23 15:31:45.096424: train_loss -0.4352
2026-06-23 15:31:45.096998: val_loss -0.2589
2026-06-23 15:31:45.097150: Pseudo dice [np.float32(0.7505)]
2026-06-23 15:31:45.097327: Epoch time: 44.93 s
2026-06-23 15:31:46.933269: 
2026-06-23 15:31:46.933814: Epoch 190
2026-06-23 15:31:46.934116: Current learning rate: 0.00277
2026-06-23 15:32:31.896264: train_loss -0.4366
2026-06-23 15:32:31.896706: val_loss -0.2792
2026-06-23 15:32:31.896996: Pseudo dice [np.float32(0.742)]
2026-06-23 15:32:31.897171: Epoch time: 44.97 s
2026-06-23 15:32:33.800622: 
2026-06-23 15:32:33.801229: Epoch 191
2026-06-23 15:32:33.801680: Current learning rate: 0.00273
2026-06-23 15:33:18.789203: train_loss -0.4437
2026-06-23 15:33:18.789820: val_loss -0.1781
2026-06-23 15:33:18.789990: Pseudo dice [np.float32(0.732)]
2026-06-23 15:33:18.790178: Epoch time: 44.99 s
2026-06-23 15:33:20.646941: 
2026-06-23 15:33:20.647503: Epoch 192
2026-06-23 15:33:20.647806: Current learning rate: 0.00268
2026-06-23 15:34:05.602835: train_loss -0.4388
2026-06-23 15:34:05.603322: val_loss -0.3286
2026-06-23 15:34:05.603518: Pseudo dice [np.float32(0.7832)]
2026-06-23 15:34:05.603693: Epoch time: 44.96 s
2026-06-23 15:34:07.486391: 
2026-06-23 15:34:07.487055: Epoch 193
2026-06-23 15:34:07.487394: Current learning rate: 0.00264
2026-06-23 15:34:52.890291: train_loss -0.4264
2026-06-23 15:34:52.890969: val_loss -0.2134
2026-06-23 15:34:52.891121: Pseudo dice [np.float32(0.7298)]
2026-06-23 15:34:52.891295: Epoch time: 45.41 s
2026-06-23 15:34:54.761504: 
2026-06-23 15:34:54.762088: Epoch 194
2026-06-23 15:34:54.762422: Current learning rate: 0.0026
2026-06-23 15:35:39.822630: train_loss -0.4487
2026-06-23 15:35:39.823463: val_loss -0.2437
2026-06-23 15:35:39.823609: Pseudo dice [np.float32(0.7516)]
2026-06-23 15:35:39.823775: Epoch time: 45.06 s
2026-06-23 15:35:41.691041: 
2026-06-23 15:35:41.691401: Epoch 195
2026-06-23 15:35:41.691575: Current learning rate: 0.00256
2026-06-23 15:36:27.086909: train_loss -0.4188
2026-06-23 15:36:27.087501: val_loss -0.2021
2026-06-23 15:36:27.087651: Pseudo dice [np.float32(0.7402)]
2026-06-23 15:36:27.087822: Epoch time: 45.4 s
2026-06-23 15:36:29.445546: 
2026-06-23 15:36:29.446145: Epoch 196
2026-06-23 15:36:29.446489: Current learning rate: 0.00252
2026-06-23 15:37:14.494107: train_loss -0.4323
2026-06-23 15:37:14.494796: val_loss -0.2769
2026-06-23 15:37:14.495081: Pseudo dice [np.float32(0.7657)]
2026-06-23 15:37:14.495416: Epoch time: 45.05 s
2026-06-23 15:37:16.354913: 
2026-06-23 15:37:16.355347: Epoch 197
2026-06-23 15:37:16.355572: Current learning rate: 0.00248
2026-06-23 15:38:01.306053: train_loss -0.4385
2026-06-23 15:38:01.306561: val_loss -0.1692
2026-06-23 15:38:01.306734: Pseudo dice [np.float32(0.7282)]
2026-06-23 15:38:01.306928: Epoch time: 44.95 s
2026-06-23 15:38:03.169352: 
2026-06-23 15:38:03.169993: Epoch 198
2026-06-23 15:38:03.170328: Current learning rate: 0.00243
2026-06-23 15:38:48.472726: train_loss -0.4321
2026-06-23 15:38:48.473261: val_loss -0.2533
2026-06-23 15:38:48.473419: Pseudo dice [np.float32(0.7482)]
2026-06-23 15:38:48.473602: Epoch time: 45.31 s
2026-06-23 15:38:50.334046: 
2026-06-23 15:38:50.334676: Epoch 199
2026-06-23 15:38:50.334977: Current learning rate: 0.00239
2026-06-23 15:39:35.594056: train_loss -0.4362
2026-06-23 15:39:35.594681: val_loss -0.2746
2026-06-23 15:39:35.594831: Pseudo dice [np.float32(0.7417)]
2026-06-23 15:39:35.595016: Epoch time: 45.26 s
2026-06-23 15:39:37.937927: 
2026-06-23 15:39:37.938481: Epoch 200
2026-06-23 15:39:37.938788: Current learning rate: 0.00235
2026-06-23 15:40:23.218613: train_loss -0.4461
2026-06-23 15:40:23.219135: val_loss -0.2686
2026-06-23 15:40:23.219292: Pseudo dice [np.float32(0.758)]
2026-06-23 15:40:23.219472: Epoch time: 45.28 s
2026-06-23 15:40:25.178377: 
2026-06-23 15:40:25.179251: Epoch 201
2026-06-23 15:40:25.179525: Current learning rate: 0.00231
2026-06-23 15:41:10.189074: train_loss -0.4392
2026-06-23 15:41:10.189741: val_loss -0.2897
2026-06-23 15:41:10.189905: Pseudo dice [np.float32(0.7667)]
2026-06-23 15:41:10.190093: Epoch time: 45.01 s
2026-06-23 15:41:12.054187: 
2026-06-23 15:41:12.054730: Epoch 202
2026-06-23 15:41:12.054930: Current learning rate: 0.00226
2026-06-23 15:41:56.930032: train_loss -0.4432
2026-06-23 15:41:56.930789: val_loss -0.3195
2026-06-23 15:41:56.931055: Pseudo dice [np.float32(0.769)]
2026-06-23 15:41:56.931335: Epoch time: 44.88 s
2026-06-23 15:41:56.931500: Yayy! New best EMA pseudo Dice: 0.7458999752998352
2026-06-23 15:41:59.274611: 
2026-06-23 15:41:59.275196: Epoch 203
2026-06-23 15:41:59.275491: Current learning rate: 0.00222
2026-06-23 15:42:44.245160: train_loss -0.4273
2026-06-23 15:42:44.245621: val_loss -0.243
2026-06-23 15:42:44.245764: Pseudo dice [np.float32(0.7556)]
2026-06-23 15:42:44.245964: Epoch time: 44.97 s
2026-06-23 15:42:44.246104: Yayy! New best EMA pseudo Dice: 0.7468000054359436
2026-06-23 15:42:46.557264: 
2026-06-23 15:42:46.557740: Epoch 204
2026-06-23 15:42:46.557950: Current learning rate: 0.00218
2026-06-23 15:43:31.544528: train_loss -0.432
2026-06-23 15:43:31.545251: val_loss -0.281
2026-06-23 15:43:31.545411: Pseudo dice [np.float32(0.7515)]
2026-06-23 15:43:31.545584: Epoch time: 44.99 s
2026-06-23 15:43:31.545714: Yayy! New best EMA pseudo Dice: 0.7473000288009644
2026-06-23 15:43:34.697979: 
2026-06-23 15:43:34.698645: Epoch 205
2026-06-23 15:43:34.698989: Current learning rate: 0.00214
2026-06-23 15:44:20.018802: train_loss -0.4584
2026-06-23 15:44:20.019630: val_loss -0.2034
2026-06-23 15:44:20.019812: Pseudo dice [np.float32(0.7397)]
2026-06-23 15:44:20.020004: Epoch time: 45.32 s
2026-06-23 15:44:21.859562: 
2026-06-23 15:44:21.860207: Epoch 206
2026-06-23 15:44:21.860509: Current learning rate: 0.00209
2026-06-23 15:45:06.797040: train_loss -0.4201
2026-06-23 15:45:06.797544: val_loss -0.1463
2026-06-23 15:45:06.797741: Pseudo dice [np.float32(0.7127)]
2026-06-23 15:45:06.797927: Epoch time: 44.94 s
2026-06-23 15:45:08.610786: 
2026-06-23 15:45:08.611446: Epoch 207
2026-06-23 15:45:08.611763: Current learning rate: 0.00205
2026-06-23 15:45:53.518145: train_loss -0.4388
2026-06-23 15:45:53.518625: val_loss -0.2458
2026-06-23 15:45:53.518765: Pseudo dice [np.float32(0.7603)]
2026-06-23 15:45:53.518949: Epoch time: 44.91 s
2026-06-23 15:45:55.383415: 
2026-06-23 15:45:55.383914: Epoch 208
2026-06-23 15:45:55.384211: Current learning rate: 0.00201
2026-06-23 15:46:40.159322: train_loss -0.4379
2026-06-23 15:46:40.160266: val_loss -0.2661
2026-06-23 15:46:40.160420: Pseudo dice [np.float32(0.7565)]
2026-06-23 15:46:40.160596: Epoch time: 44.78 s
2026-06-23 15:46:41.981529: 
2026-06-23 15:46:41.982008: Epoch 209
2026-06-23 15:46:41.982195: Current learning rate: 0.00196
2026-06-23 15:47:26.996163: train_loss -0.4278
2026-06-23 15:47:26.996735: val_loss -0.2066
2026-06-23 15:47:26.996893: Pseudo dice [np.float32(0.7239)]
2026-06-23 15:47:26.997061: Epoch time: 45.02 s
2026-06-23 15:47:28.817509: 
2026-06-23 15:47:28.817913: Epoch 210
2026-06-23 15:47:28.818103: Current learning rate: 0.00192
2026-06-23 15:48:13.707426: train_loss -0.4503
2026-06-23 15:48:13.708134: val_loss -0.249
2026-06-23 15:48:13.708321: Pseudo dice [np.float32(0.7525)]
2026-06-23 15:48:13.708507: Epoch time: 44.89 s
2026-06-23 15:48:15.596006: 
2026-06-23 15:48:15.596569: Epoch 211
2026-06-23 15:48:15.596846: Current learning rate: 0.00188
2026-06-23 15:49:00.631030: train_loss -0.454
2026-06-23 15:49:00.631688: val_loss -0.2442
2026-06-23 15:49:00.631876: Pseudo dice [np.float32(0.7462)]
2026-06-23 15:49:00.632073: Epoch time: 45.04 s
2026-06-23 15:49:02.450974: 
2026-06-23 15:49:02.451634: Epoch 212
2026-06-23 15:49:02.452133: Current learning rate: 0.00184
2026-06-23 15:49:47.513070: train_loss -0.4519
2026-06-23 15:49:47.513646: val_loss -0.2377
2026-06-23 15:49:47.513808: Pseudo dice [np.float32(0.7426)]
2026-06-23 15:49:47.514001: Epoch time: 45.07 s
2026-06-23 15:49:49.341141: 
2026-06-23 15:49:49.341646: Epoch 213
2026-06-23 15:49:49.341842: Current learning rate: 0.00179
2026-06-23 15:50:34.574564: train_loss -0.4508
2026-06-23 15:50:34.575204: val_loss -0.2521
2026-06-23 15:50:34.575362: Pseudo dice [np.float32(0.7536)]
2026-06-23 15:50:34.575546: Epoch time: 45.24 s
2026-06-23 15:50:36.870682: 
2026-06-23 15:50:36.871175: Epoch 214
2026-06-23 15:50:36.871395: Current learning rate: 0.00175
2026-06-23 15:51:21.981444: train_loss -0.436
2026-06-23 15:51:21.981940: val_loss -0.2141
2026-06-23 15:51:21.982101: Pseudo dice [np.float32(0.7446)]
2026-06-23 15:51:21.982277: Epoch time: 45.11 s
2026-06-23 15:51:23.783225: 
2026-06-23 15:51:23.783795: Epoch 215
2026-06-23 15:51:23.784016: Current learning rate: 0.0017
2026-06-23 15:52:08.742806: train_loss -0.4389
2026-06-23 15:52:08.743401: val_loss -0.3156
2026-06-23 15:52:08.743544: Pseudo dice [np.float32(0.7691)]
2026-06-23 15:52:08.743715: Epoch time: 44.96 s
2026-06-23 15:52:08.743847: Yayy! New best EMA pseudo Dice: 0.7477999925613403
2026-06-23 15:52:11.092844: 
2026-06-23 15:52:11.093477: Epoch 216
2026-06-23 15:52:11.093831: Current learning rate: 0.00166
2026-06-23 15:52:56.033857: train_loss -0.4513
2026-06-23 15:52:56.034435: val_loss -0.2136
2026-06-23 15:52:56.034575: Pseudo dice [np.float32(0.7334)]
2026-06-23 15:52:56.034770: Epoch time: 44.94 s
2026-06-23 15:52:57.827327: 
2026-06-23 15:52:57.828053: Epoch 217
2026-06-23 15:52:57.828355: Current learning rate: 0.00162
2026-06-23 15:53:42.787391: train_loss -0.4424
2026-06-23 15:53:42.787940: val_loss -0.2606
2026-06-23 15:53:42.788084: Pseudo dice [np.float32(0.7578)]
2026-06-23 15:53:42.788263: Epoch time: 44.96 s
2026-06-23 15:53:44.587021: 
2026-06-23 15:53:44.587488: Epoch 218
2026-06-23 15:53:44.587767: Current learning rate: 0.00157
2026-06-23 15:54:29.620446: train_loss -0.4399
2026-06-23 15:54:29.620991: val_loss -0.1984
2026-06-23 15:54:29.621152: Pseudo dice [np.float32(0.7306)]
2026-06-23 15:54:29.621326: Epoch time: 45.04 s
2026-06-23 15:54:31.455076: 
2026-06-23 15:54:31.455702: Epoch 219
2026-06-23 15:54:31.456040: Current learning rate: 0.00153
2026-06-23 15:55:16.683677: train_loss -0.4656
2026-06-23 15:55:16.684319: val_loss -0.295
2026-06-23 15:55:16.684478: Pseudo dice [np.float32(0.7709)]
2026-06-23 15:55:16.684660: Epoch time: 45.23 s
2026-06-23 15:55:16.684796: Yayy! New best EMA pseudo Dice: 0.7483000159263611
2026-06-23 15:55:18.969996: 
2026-06-23 15:55:18.970363: Epoch 220
2026-06-23 15:55:18.970543: Current learning rate: 0.00148
2026-06-23 15:56:03.939803: train_loss -0.4576
2026-06-23 15:56:03.940369: val_loss -0.255
2026-06-23 15:56:03.940540: Pseudo dice [np.float32(0.7502)]
2026-06-23 15:56:03.940715: Epoch time: 44.97 s
2026-06-23 15:56:03.940857: Yayy! New best EMA pseudo Dice: 0.7484999895095825
2026-06-23 15:56:06.195061: 
2026-06-23 15:56:06.195528: Epoch 221
2026-06-23 15:56:06.195838: Current learning rate: 0.00144
2026-06-23 15:56:51.112835: train_loss -0.4493
2026-06-23 15:56:51.113575: val_loss -0.1904
2026-06-23 15:56:51.113721: Pseudo dice [np.float32(0.7365)]
2026-06-23 15:56:51.113908: Epoch time: 44.92 s
2026-06-23 15:56:53.568997: 
2026-06-23 15:56:53.569732: Epoch 222
2026-06-23 15:56:53.570201: Current learning rate: 0.00139
2026-06-23 15:57:38.654583: train_loss -0.4428
2026-06-23 15:57:38.655179: val_loss -0.2899
2026-06-23 15:57:38.655362: Pseudo dice [np.float32(0.7719)]
2026-06-23 15:57:38.655568: Epoch time: 45.09 s
2026-06-23 15:57:38.655723: Yayy! New best EMA pseudo Dice: 0.7498000264167786
2026-06-23 15:57:40.934274: 
2026-06-23 15:57:40.934926: Epoch 223
2026-06-23 15:57:40.935114: Current learning rate: 0.00135
2026-06-23 15:58:25.893063: train_loss -0.4486
2026-06-23 15:58:25.893718: val_loss -0.138
2026-06-23 15:58:25.893873: Pseudo dice [np.float32(0.7073)]
2026-06-23 15:58:25.894052: Epoch time: 44.96 s
2026-06-23 15:58:27.713533: 
2026-06-23 15:58:27.714071: Epoch 224
2026-06-23 15:58:27.714374: Current learning rate: 0.0013
2026-06-23 15:59:12.782871: train_loss -0.4347
2026-06-23 15:59:12.783392: val_loss -0.287
2026-06-23 15:59:12.783544: Pseudo dice [np.float32(0.757)]
2026-06-23 15:59:12.783715: Epoch time: 45.07 s
2026-06-23 15:59:14.584289: 
2026-06-23 15:59:14.584836: Epoch 225
2026-06-23 15:59:14.585137: Current learning rate: 0.00126
2026-06-23 15:59:59.571605: train_loss -0.4469
2026-06-23 15:59:59.572208: val_loss -0.1439
2026-06-23 15:59:59.572366: Pseudo dice [np.float32(0.7132)]
2026-06-23 15:59:59.572549: Epoch time: 44.99 s
2026-06-23 16:00:01.375823: 
2026-06-23 16:00:01.376421: Epoch 226
2026-06-23 16:00:01.376726: Current learning rate: 0.00121
2026-06-23 16:00:46.315892: train_loss -0.4397
2026-06-23 16:00:46.316468: val_loss -0.2172
2026-06-23 16:00:46.316621: Pseudo dice [np.float32(0.7252)]
2026-06-23 16:00:46.316795: Epoch time: 44.94 s
2026-06-23 16:00:48.115740: 
2026-06-23 16:00:48.116295: Epoch 227
2026-06-23 16:00:48.116644: Current learning rate: 0.00117
2026-06-23 16:01:33.184749: train_loss -0.4448
2026-06-23 16:01:33.185272: val_loss -0.2417
2026-06-23 16:01:33.185420: Pseudo dice [np.float32(0.7431)]
2026-06-23 16:01:33.185588: Epoch time: 45.07 s
2026-06-23 16:01:34.987680: 
2026-06-23 16:01:34.988102: Epoch 228
2026-06-23 16:01:34.988277: Current learning rate: 0.00112
2026-06-23 16:02:20.036735: train_loss -0.4561
2026-06-23 16:02:20.037364: val_loss -0.2565
2026-06-23 16:02:20.037520: Pseudo dice [np.float32(0.7601)]
2026-06-23 16:02:20.037698: Epoch time: 45.05 s
2026-06-23 16:02:21.829055: 
2026-06-23 16:02:21.829294: Epoch 229
2026-06-23 16:02:21.829459: Current learning rate: 0.00108
2026-06-23 16:03:06.940094: train_loss -0.4393
2026-06-23 16:03:06.940633: val_loss -0.0908
2026-06-23 16:03:06.940782: Pseudo dice [np.float32(0.694)]
2026-06-23 16:03:06.940962: Epoch time: 45.11 s
2026-06-23 16:03:08.737393: 
2026-06-23 16:03:08.737970: Epoch 230
2026-06-23 16:03:08.738177: Current learning rate: 0.00103
2026-06-23 16:03:53.729320: train_loss -0.4457
2026-06-23 16:03:53.729875: val_loss -0.1842
2026-06-23 16:03:53.730029: Pseudo dice [np.float32(0.7292)]
2026-06-23 16:03:53.730203: Epoch time: 44.99 s
2026-06-23 16:03:55.527271: 
2026-06-23 16:03:55.527832: Epoch 231
2026-06-23 16:03:55.528137: Current learning rate: 0.00098
2026-06-23 16:04:40.475608: train_loss -0.4405
2026-06-23 16:04:40.476126: val_loss -0.2651
2026-06-23 16:04:40.476269: Pseudo dice [np.float32(0.7628)]
2026-06-23 16:04:40.476448: Epoch time: 44.95 s
2026-06-23 16:04:42.779990: 
2026-06-23 16:04:42.780436: Epoch 232
2026-06-23 16:04:42.780626: Current learning rate: 0.00094
2026-06-23 16:05:28.096756: train_loss -0.4548
2026-06-23 16:05:28.097295: val_loss -0.2791
2026-06-23 16:05:28.097450: Pseudo dice [np.float32(0.7482)]
2026-06-23 16:05:28.097623: Epoch time: 45.32 s
2026-06-23 16:05:29.909281: 
2026-06-23 16:05:29.909900: Epoch 233
2026-06-23 16:05:29.910101: Current learning rate: 0.00089
2026-06-23 16:06:15.052166: train_loss -0.4546
2026-06-23 16:06:15.054098: val_loss -0.2166
2026-06-23 16:06:15.054677: Pseudo dice [np.float32(0.7414)]
2026-06-23 16:06:15.055066: Epoch time: 45.15 s
2026-06-23 16:06:16.864627: 
2026-06-23 16:06:16.865256: Epoch 234
2026-06-23 16:06:16.865632: Current learning rate: 0.00084
2026-06-23 16:07:01.982165: train_loss -0.4307
2026-06-23 16:07:01.982814: val_loss -0.036
2026-06-23 16:07:01.982973: Pseudo dice [np.float32(0.6906)]
2026-06-23 16:07:01.983155: Epoch time: 45.12 s
2026-06-23 16:07:03.793352: 
2026-06-23 16:07:03.793746: Epoch 235
2026-06-23 16:07:03.793959: Current learning rate: 0.00079
2026-06-23 16:07:48.711517: train_loss -0.4545
2026-06-23 16:07:48.712073: val_loss -0.2951
2026-06-23 16:07:48.712218: Pseudo dice [np.float32(0.7582)]
2026-06-23 16:07:48.712394: Epoch time: 44.92 s
2026-06-23 16:07:50.513651: 
2026-06-23 16:07:50.514135: Epoch 236
2026-06-23 16:07:50.514342: Current learning rate: 0.00075
2026-06-23 16:08:35.445929: train_loss -0.4514
2026-06-23 16:08:35.446462: val_loss -0.1401
2026-06-23 16:08:35.446613: Pseudo dice [np.float32(0.7184)]
2026-06-23 16:08:35.446790: Epoch time: 44.94 s
2026-06-23 16:08:37.248392: 
2026-06-23 16:08:37.248736: Epoch 237
2026-06-23 16:08:37.248926: Current learning rate: 0.0007
2026-06-23 16:09:22.259101: train_loss -0.4555
2026-06-23 16:09:22.259632: val_loss -0.1795
2026-06-23 16:09:22.259775: Pseudo dice [np.float32(0.7342)]
2026-06-23 16:09:22.259958: Epoch time: 45.01 s
2026-06-23 16:09:24.067528: 
2026-06-23 16:09:24.067997: Epoch 238
2026-06-23 16:09:24.068199: Current learning rate: 0.00065
2026-06-23 16:10:09.194965: train_loss -0.4453
2026-06-23 16:10:09.195622: val_loss -0.2059
2026-06-23 16:10:09.195770: Pseudo dice [np.float32(0.7394)]
2026-06-23 16:10:09.195957: Epoch time: 45.13 s
2026-06-23 16:10:10.999376: 
2026-06-23 16:10:10.999905: Epoch 239
2026-06-23 16:10:11.000207: Current learning rate: 0.0006
2026-06-23 16:10:56.219095: train_loss -0.4522
2026-06-23 16:10:56.219578: val_loss -0.2224
2026-06-23 16:10:56.219729: Pseudo dice [np.float32(0.7376)]
2026-06-23 16:10:56.219913: Epoch time: 45.22 s
2026-06-23 16:10:58.031046: 
2026-06-23 16:10:58.031564: Epoch 240
2026-06-23 16:10:58.031874: Current learning rate: 0.00055
2026-06-23 16:11:43.033927: train_loss -0.4535
2026-06-23 16:11:43.034401: val_loss -0.1786
2026-06-23 16:11:43.034548: Pseudo dice [np.float32(0.734)]
2026-06-23 16:11:43.034725: Epoch time: 45.01 s
2026-06-23 16:11:45.371154: 
2026-06-23 16:11:45.371606: Epoch 241
2026-06-23 16:11:45.371798: Current learning rate: 0.0005
2026-06-23 16:12:30.460176: train_loss -0.452
2026-06-23 16:12:30.460753: val_loss -0.1581
2026-06-23 16:12:30.460924: Pseudo dice [np.float32(0.731)]
2026-06-23 16:12:30.461116: Epoch time: 45.09 s
2026-06-23 16:12:32.274714: 
2026-06-23 16:12:32.275182: Epoch 242
2026-06-23 16:12:32.275476: Current learning rate: 0.00045
2026-06-23 16:13:17.343920: train_loss -0.4505
2026-06-23 16:13:17.344380: val_loss -0.207
2026-06-23 16:13:17.344530: Pseudo dice [np.float32(0.7396)]
2026-06-23 16:13:17.344702: Epoch time: 45.07 s
2026-06-23 16:13:19.173857: 
2026-06-23 16:13:19.174383: Epoch 243
2026-06-23 16:13:19.174568: Current learning rate: 0.0004
2026-06-23 16:14:04.095935: train_loss -0.4582
2026-06-23 16:14:04.096608: val_loss -0.1688
2026-06-23 16:14:04.096754: Pseudo dice [np.float32(0.7318)]
2026-06-23 16:14:04.096937: Epoch time: 44.93 s
2026-06-23 16:14:05.923728: 
2026-06-23 16:14:05.924302: Epoch 244
2026-06-23 16:14:05.924481: Current learning rate: 0.00035
2026-06-23 16:14:51.068837: train_loss -0.4476
2026-06-23 16:14:51.069390: val_loss -0.2516
2026-06-23 16:14:51.069541: Pseudo dice [np.float32(0.7512)]
2026-06-23 16:14:51.069717: Epoch time: 45.15 s
2026-06-23 16:14:52.894300: 
2026-06-23 16:14:52.894835: Epoch 245
2026-06-23 16:14:52.895140: Current learning rate: 0.0003
2026-06-23 16:15:38.051504: train_loss -0.4622
2026-06-23 16:15:38.052165: val_loss -0.1912
2026-06-23 16:15:38.052334: Pseudo dice [np.float32(0.7301)]
2026-06-23 16:15:38.052509: Epoch time: 45.16 s
2026-06-23 16:15:39.875662: 
2026-06-23 16:15:39.875957: Epoch 246
2026-06-23 16:15:39.876129: Current learning rate: 0.00024
2026-06-23 16:16:24.867105: train_loss -0.4569
2026-06-23 16:16:24.867792: val_loss -0.2925
2026-06-23 16:16:24.867958: Pseudo dice [np.float32(0.7577)]
2026-06-23 16:16:24.868189: Epoch time: 44.99 s
2026-06-23 16:16:26.743493: 
2026-06-23 16:16:26.744080: Epoch 247
2026-06-23 16:16:26.744385: Current learning rate: 0.00019
2026-06-23 16:17:11.851270: train_loss -0.4618
2026-06-23 16:17:11.851699: val_loss -0.24
2026-06-23 16:17:11.851841: Pseudo dice [np.float32(0.7433)]
2026-06-23 16:17:11.852027: Epoch time: 45.11 s
2026-06-23 16:17:13.677226: 
2026-06-23 16:17:13.677753: Epoch 248
2026-06-23 16:17:13.678052: Current learning rate: 0.00013
2026-06-23 16:17:58.560474: train_loss -0.4572
2026-06-23 16:17:58.561085: val_loss -0.2184
2026-06-23 16:17:58.561268: Pseudo dice [np.float32(0.737)]
2026-06-23 16:17:58.561446: Epoch time: 44.89 s
2026-06-23 16:18:00.384939: 
2026-06-23 16:18:00.385330: Epoch 249
2026-06-23 16:18:00.385625: Current learning rate: 7e-05
2026-06-23 16:18:45.225116: train_loss -0.4731
2026-06-23 16:18:45.225683: val_loss -0.2253
2026-06-23 16:18:45.225826: Pseudo dice [np.float32(0.7533)]
2026-06-23 16:18:45.226009: Epoch time: 44.84 s
2026-06-23 16:18:47.981131: Training done.
2026-06-23 16:18:48.308534: Using splits from existing split file: /gpfs/data/ravenlab/micmac/nnUNet_preprocessed/Dataset004_BinaryTask/splits_final.json
2026-06-23 16:18:48.309363: The split file contains 5 splits.
2026-06-23 16:18:48.309485: Desired fold for training: 0
2026-06-23 16:18:48.309574: This split has 20 training and 5 validation cases.
2026-06-23 16:18:48.309767: predicting 41759_48left
2026-06-23 16:18:48.339209: 41759_48left, shape torch.Size([1, 1, 1920, 2251]), rank 0
2026-06-23 16:18:54.679636: predicting 41759_63_claus
2026-06-23 16:18:54.730726: 41759_63_claus, shape torch.Size([1, 1, 2112, 2226]), rank 0
2026-06-23 16:18:56.154050: predicting 41759_G_078_slice_2_1
2026-06-23 16:18:56.593555: 41759_G_078_slice_2_1, shape torch.Size([1, 1, 5346, 10000]), rank 0
2026-06-23 16:19:14.609264: predicting 41759_G_110_slice_2_0
2026-06-23 16:19:14.740355: 41759_G_110_slice_2_0, shape torch.Size([1, 1, 3036, 4119]), rank 0
2026-06-23 16:19:18.254028: predicting 41759_G_130_slice_1_2
2026-06-23 16:19:18.924116: 41759_G_130_slice_1_2, shape torch.Size([1, 1, 10000, 10000]), rank 0
2026-06-23 16:21:38.423169: Validation complete
2026-06-23 16:21:38.438904: Mean Validation Dice:  0.7192368720037285
