Loading python/gpu/3.10.6-cuda12.9
  Loading requirement: cuda/12.9
Launching parallel training for 2D config, Fold 3 using 250-epoch trainer preset...

############################
INFO: You are using the old nnU-Net default plans. We have updated our recommendations. Please consider using those instead! Read more here: https://github.com/MIC-DKFZ/nnUNet/blob/master/documentation/resenc_presets.md
############################

Using device: cuda:0

#######################################################################
Please cite the following paper when using nnU-Net:
Isensee, F., Jaeger, P. F., Kohl, S. A., Petersen, J., & Maier-Hein, K. H. (2021). nnU-Net: a self-configuring method for deep learning-based biomedical image segmentation. Nature methods, 18(2), 203-211.
#######################################################################

2026-06-23 20:38:05.362338: do_dummy_2d_data_aug: False
2026-06-23 20:38:05.362928: Using splits from existing split file: /gpfs/data/ravenlab/micmac/nnUNet_preprocessed/Dataset004_BinaryTask/splits_final.json
2026-06-23 20:38:05.363292: The split file contains 5 splits.
2026-06-23 20:38:05.363391: Desired fold for training: 3
2026-06-23 20:38:05.363477: This split has 20 training and 5 validation cases.
using pin_memory on device 0
using pin_memory on device 0

This is the configuration used by this training:
Configuration name: 2d
 {'data_identifier': 'nnUNetPlans_2d', 'preprocessor_name': 'DefaultPreprocessor', 'batch_size': 2, 'patch_size': [1024, 1280], 'median_image_size_in_voxels': [2112.0, 2251.0], 'spacing': [1.0, 1.0], 'normalization_schemes': ['ZScoreNormalization'], 'use_mask_for_norm': [False], 'resampling_fn_data': 'resample_data_or_seg_to_shape', 'resampling_fn_seg': 'resample_data_or_seg_to_shape', 'resampling_fn_data_kwargs': {'is_seg': False, 'order': 3, 'order_z': 0, 'force_separate_z': None}, 'resampling_fn_seg_kwargs': {'is_seg': True, 'order': 1, 'order_z': 0, 'force_separate_z': None}, 'resampling_fn_probabilities': 'resample_data_or_seg_to_shape', 'resampling_fn_probabilities_kwargs': {'is_seg': False, 'order': 1, 'order_z': 0, 'force_separate_z': None}, 'architecture': {'network_class_name': 'dynamic_network_architectures.architectures.unet.PlainConvUNet', 'arch_kwargs': {'n_stages': 9, 'features_per_stage': [32, 64, 128, 256, 512, 512, 512, 512, 512], 'conv_op': 'torch.nn.modules.conv.Conv2d', 'kernel_sizes': [[3, 3], [3, 3], [3, 3], [3, 3], [3, 3], [3, 3], [3, 3], [3, 3], [3, 3]], 'strides': [[1, 1], [2, 2], [2, 2], [2, 2], [2, 2], [2, 2], [2, 2], [2, 2], [2, 2]], 'n_conv_per_stage': [2, 2, 2, 2, 2, 2, 2, 2, 2], 'n_conv_per_stage_decoder': [2, 2, 2, 2, 2, 2, 2, 2], 'conv_bias': True, 'norm_op': 'torch.nn.modules.instancenorm.InstanceNorm2d', 'norm_op_kwargs': {'eps': 1e-05, 'affine': True}, 'dropout_op': None, 'dropout_op_kwargs': None, 'nonlin': 'torch.nn.LeakyReLU', 'nonlin_kwargs': {'inplace': True}}, '_kw_requires_import': ['conv_op', 'norm_op', 'dropout_op', 'nonlin']}, 'batch_dice': True} 

These are the global plan.json settings:
 {'dataset_name': 'Dataset004_BinaryTask', 'plans_name': 'nnUNetPlans', 'original_median_spacing_after_transp': [999.0, 1.0, 1.0], 'original_median_shape_after_transp': [1, 2112, 2251], 'image_reader_writer': 'NaturalImage2DIO', 'transpose_forward': [0, 1, 2], 'transpose_backward': [0, 1, 2], 'experiment_planner_used': 'ExperimentPlanner', 'label_manager': 'LabelManager', 'foreground_intensity_properties_per_channel': {'0': {'max': 252.0, 'mean': 115.78092193603516, 'median': 115.0, 'min': 5.0, 'percentile_00_5': 33.0, 'percentile_99_5': 207.0, 'std': 36.5728759765625}}} 

2026-06-23 20:38:07.917897: Unable to plot network architecture:
2026-06-23 20:38:07.918130: No module named 'hiddenlayer'
2026-06-23 20:38:08.056871: 
2026-06-23 20:38:08.057049: Epoch 0
2026-06-23 20:38:08.057358: Current learning rate: 0.01
2026-06-23 20:40:13.010478: train_loss -0.0719
2026-06-23 20:40:13.011107: val_loss -0.2281
2026-06-23 20:40:13.011256: Pseudo dice [np.float32(0.7141)]
2026-06-23 20:40:13.011471: Epoch time: 124.96 s
2026-06-23 20:40:13.011606: Yayy! New best EMA pseudo Dice: 0.7141000032424927
2026-06-23 20:40:15.424223: 
2026-06-23 20:40:15.424575: Epoch 1
2026-06-23 20:40:15.424748: Current learning rate: 0.00996
2026-06-23 20:41:00.261299: train_loss -0.1985
2026-06-23 20:41:00.261857: val_loss -0.3181
2026-06-23 20:41:00.262008: Pseudo dice [np.float32(0.7499)]
2026-06-23 20:41:00.262207: Epoch time: 44.84 s
2026-06-23 20:41:00.264374: Yayy! New best EMA pseudo Dice: 0.7177000045776367
2026-06-23 20:41:02.412177: 
2026-06-23 20:41:02.412597: Epoch 2
2026-06-23 20:41:02.412779: Current learning rate: 0.00993
2026-06-23 20:41:47.242973: train_loss -0.2223
2026-06-23 20:41:47.243558: val_loss -0.3728
2026-06-23 20:41:47.243706: Pseudo dice [np.float32(0.7455)]
2026-06-23 20:41:47.243883: Epoch time: 44.83 s
2026-06-23 20:41:47.244016: Yayy! New best EMA pseudo Dice: 0.7203999757766724
2026-06-23 20:41:49.450388: 
2026-06-23 20:41:49.450894: Epoch 3
2026-06-23 20:41:49.451089: Current learning rate: 0.00989
2026-06-23 20:42:34.109355: train_loss -0.2288
2026-06-23 20:42:34.109994: val_loss -0.366
2026-06-23 20:42:34.110145: Pseudo dice [np.float32(0.7522)]
2026-06-23 20:42:34.110320: Epoch time: 44.66 s
2026-06-23 20:42:34.110451: Yayy! New best EMA pseudo Dice: 0.7235999703407288
2026-06-23 20:42:36.262034: 
2026-06-23 20:42:36.262434: Epoch 4
2026-06-23 20:42:36.262623: Current learning rate: 0.00986
2026-06-23 20:43:21.065417: train_loss -0.253
2026-06-23 20:43:21.066078: val_loss -0.3533
2026-06-23 20:43:21.066263: Pseudo dice [np.float32(0.7569)]
2026-06-23 20:43:21.066451: Epoch time: 44.81 s
2026-06-23 20:43:21.066580: Yayy! New best EMA pseudo Dice: 0.7268999814987183
2026-06-23 20:43:23.365231: 
2026-06-23 20:43:23.365786: Epoch 5
2026-06-23 20:43:23.365986: Current learning rate: 0.00982
2026-06-23 20:44:08.075597: train_loss -0.2356
2026-06-23 20:44:08.076079: val_loss -0.3768
2026-06-23 20:44:08.076229: Pseudo dice [np.float32(0.7316)]
2026-06-23 20:44:08.076400: Epoch time: 44.71 s
2026-06-23 20:44:08.076524: Yayy! New best EMA pseudo Dice: 0.727400004863739
2026-06-23 20:44:10.293772: 
2026-06-23 20:44:10.294276: Epoch 6
2026-06-23 20:44:10.294449: Current learning rate: 0.00978
2026-06-23 20:44:55.070288: train_loss -0.243
2026-06-23 20:44:55.070757: val_loss -0.3783
2026-06-23 20:44:55.070961: Pseudo dice [np.float32(0.7661)]
2026-06-23 20:44:55.071190: Epoch time: 44.78 s
2026-06-23 20:44:55.071328: Yayy! New best EMA pseudo Dice: 0.7312999963760376
2026-06-23 20:44:57.317613: 
2026-06-23 20:44:57.318030: Epoch 7
2026-06-23 20:44:57.318207: Current learning rate: 0.00975
2026-06-23 20:45:42.088820: train_loss -0.235
2026-06-23 20:45:42.089397: val_loss -0.4185
2026-06-23 20:45:42.089545: Pseudo dice [np.float32(0.7733)]
2026-06-23 20:45:42.089730: Epoch time: 44.77 s
2026-06-23 20:45:42.089866: Yayy! New best EMA pseudo Dice: 0.7354999780654907
2026-06-23 20:45:44.372429: 
2026-06-23 20:45:44.372976: Epoch 8
2026-06-23 20:45:44.373160: Current learning rate: 0.00971
2026-06-23 20:46:29.173722: train_loss -0.2501
2026-06-23 20:46:29.174130: val_loss -0.3881
2026-06-23 20:46:29.174278: Pseudo dice [np.float32(0.7565)]
2026-06-23 20:46:29.174447: Epoch time: 44.81 s
2026-06-23 20:46:29.174568: Yayy! New best EMA pseudo Dice: 0.7376000285148621
2026-06-23 20:46:31.856761: 
2026-06-23 20:46:31.857179: Epoch 9
2026-06-23 20:46:31.857364: Current learning rate: 0.00968
2026-06-23 20:47:16.538610: train_loss -0.2505
2026-06-23 20:47:16.539104: val_loss -0.4058
2026-06-23 20:47:16.539245: Pseudo dice [np.float32(0.7602)]
2026-06-23 20:47:16.539413: Epoch time: 44.68 s
2026-06-23 20:47:16.539540: Yayy! New best EMA pseudo Dice: 0.7398999929428101
2026-06-23 20:47:18.684220: 
2026-06-23 20:47:18.684628: Epoch 10
2026-06-23 20:47:18.684830: Current learning rate: 0.00964
2026-06-23 20:48:03.178427: train_loss -0.2532
2026-06-23 20:48:03.179062: val_loss -0.3871
2026-06-23 20:48:03.179226: Pseudo dice [np.float32(0.7618)]
2026-06-23 20:48:03.179406: Epoch time: 44.5 s
2026-06-23 20:48:03.179540: Yayy! New best EMA pseudo Dice: 0.7419999837875366
2026-06-23 20:48:05.358941: 
2026-06-23 20:48:05.359320: Epoch 11
2026-06-23 20:48:05.359496: Current learning rate: 0.0096
2026-06-23 20:48:49.935858: train_loss -0.2573
2026-06-23 20:48:49.936620: val_loss -0.3712
2026-06-23 20:48:49.936794: Pseudo dice [np.float32(0.7687)]
2026-06-23 20:48:49.936985: Epoch time: 44.58 s
2026-06-23 20:48:49.937115: Yayy! New best EMA pseudo Dice: 0.744700014591217
2026-06-23 20:48:52.179193: 
2026-06-23 20:48:52.179612: Epoch 12
2026-06-23 20:48:52.179794: Current learning rate: 0.00957
2026-06-23 20:49:36.664923: train_loss -0.2588
2026-06-23 20:49:36.665765: val_loss -0.4041
2026-06-23 20:49:36.665930: Pseudo dice [np.float32(0.7447)]
2026-06-23 20:49:36.666101: Epoch time: 44.49 s
2026-06-23 20:49:36.666232: Yayy! New best EMA pseudo Dice: 0.744700014591217
2026-06-23 20:49:38.914468: 
2026-06-23 20:49:38.914975: Epoch 13
2026-06-23 20:49:38.915269: Current learning rate: 0.00953
2026-06-23 20:50:23.492956: train_loss -0.2772
2026-06-23 20:50:23.493373: val_loss -0.4004
2026-06-23 20:50:23.493517: Pseudo dice [np.float32(0.7718)]
2026-06-23 20:50:23.493679: Epoch time: 44.58 s
2026-06-23 20:50:23.493800: Yayy! New best EMA pseudo Dice: 0.7473999857902527
2026-06-23 20:50:25.726458: 
2026-06-23 20:50:25.726731: Epoch 14
2026-06-23 20:50:25.726902: Current learning rate: 0.00949
2026-06-23 20:51:10.399878: train_loss -0.272
2026-06-23 20:51:10.400441: val_loss -0.3839
2026-06-23 20:51:10.400587: Pseudo dice [np.float32(0.7629)]
2026-06-23 20:51:10.400753: Epoch time: 44.68 s
2026-06-23 20:51:10.400892: Yayy! New best EMA pseudo Dice: 0.7490000128746033
2026-06-23 20:51:12.614215: 
2026-06-23 20:51:12.614669: Epoch 15
2026-06-23 20:51:12.614866: Current learning rate: 0.00946
2026-06-23 20:51:57.156519: train_loss -0.2774
2026-06-23 20:51:57.157005: val_loss -0.3906
2026-06-23 20:51:57.157152: Pseudo dice [np.float32(0.7722)]
2026-06-23 20:51:57.157316: Epoch time: 44.55 s
2026-06-23 20:51:57.157442: Yayy! New best EMA pseudo Dice: 0.7512999773025513
2026-06-23 20:51:59.434076: 
2026-06-23 20:51:59.434535: Epoch 16
2026-06-23 20:51:59.434815: Current learning rate: 0.00942
2026-06-23 20:52:44.035421: train_loss -0.2652
2026-06-23 20:52:44.036034: val_loss -0.4046
2026-06-23 20:52:44.036188: Pseudo dice [np.float32(0.7614)]
2026-06-23 20:52:44.036356: Epoch time: 44.6 s
2026-06-23 20:52:44.036483: Yayy! New best EMA pseudo Dice: 0.7523000240325928
2026-06-23 20:52:46.616602: 
2026-06-23 20:52:46.617046: Epoch 17
2026-06-23 20:52:46.617228: Current learning rate: 0.00939
2026-06-23 20:53:31.160998: train_loss -0.2908
2026-06-23 20:53:31.161495: val_loss -0.4109
2026-06-23 20:53:31.161669: Pseudo dice [np.float32(0.7742)]
2026-06-23 20:53:31.161843: Epoch time: 44.55 s
2026-06-23 20:53:31.161978: Yayy! New best EMA pseudo Dice: 0.7544999718666077
2026-06-23 20:53:33.357969: 
2026-06-23 20:53:33.358385: Epoch 18
2026-06-23 20:53:33.358566: Current learning rate: 0.00935
2026-06-23 20:54:17.944303: train_loss -0.2757
2026-06-23 20:54:17.944951: val_loss -0.4126
2026-06-23 20:54:17.945104: Pseudo dice [np.float32(0.7709)]
2026-06-23 20:54:17.945280: Epoch time: 44.59 s
2026-06-23 20:54:17.945413: Yayy! New best EMA pseudo Dice: 0.7560999989509583
2026-06-23 20:54:20.145788: 
2026-06-23 20:54:20.146226: Epoch 19
2026-06-23 20:54:20.146399: Current learning rate: 0.00931
2026-06-23 20:55:04.840806: train_loss -0.2824
2026-06-23 20:55:04.841364: val_loss -0.3935
2026-06-23 20:55:04.841515: Pseudo dice [np.float32(0.7664)]
2026-06-23 20:55:04.841685: Epoch time: 44.7 s
2026-06-23 20:55:04.841811: Yayy! New best EMA pseudo Dice: 0.7572000026702881
2026-06-23 20:55:07.060096: 
2026-06-23 20:55:07.060596: Epoch 20
2026-06-23 20:55:07.060858: Current learning rate: 0.00928
2026-06-23 20:55:51.663052: train_loss -0.2813
2026-06-23 20:55:51.663550: val_loss -0.4306
2026-06-23 20:55:51.663708: Pseudo dice [np.float32(0.7706)]
2026-06-23 20:55:51.663888: Epoch time: 44.61 s
2026-06-23 20:55:51.664021: Yayy! New best EMA pseudo Dice: 0.7584999799728394
2026-06-23 20:55:53.881069: 
2026-06-23 20:55:53.881709: Epoch 21
2026-06-23 20:55:53.882030: Current learning rate: 0.00924
2026-06-23 20:56:38.417331: train_loss -0.3017
2026-06-23 20:56:38.417917: val_loss -0.3619
2026-06-23 20:56:38.418068: Pseudo dice [np.float32(0.7503)]
2026-06-23 20:56:38.418235: Epoch time: 44.54 s
2026-06-23 20:56:40.116154: 
2026-06-23 20:56:40.116610: Epoch 22
2026-06-23 20:56:40.116780: Current learning rate: 0.0092
2026-06-23 20:57:24.700004: train_loss -0.2937
2026-06-23 20:57:24.700479: val_loss -0.3928
2026-06-23 20:57:24.700628: Pseudo dice [np.float32(0.7686)]
2026-06-23 20:57:24.700799: Epoch time: 44.59 s
2026-06-23 20:57:24.700934: Yayy! New best EMA pseudo Dice: 0.7588000297546387
2026-06-23 20:57:26.865033: 
2026-06-23 20:57:26.865570: Epoch 23
2026-06-23 20:57:26.865885: Current learning rate: 0.00917
2026-06-23 20:58:11.588356: train_loss -0.2913
2026-06-23 20:58:11.588891: val_loss -0.3822
2026-06-23 20:58:11.589065: Pseudo dice [np.float32(0.7595)]
2026-06-23 20:58:11.589238: Epoch time: 44.73 s
2026-06-23 20:58:11.589369: Yayy! New best EMA pseudo Dice: 0.7588000297546387
2026-06-23 20:58:13.720397: 
2026-06-23 20:58:13.720776: Epoch 24
2026-06-23 20:58:13.720956: Current learning rate: 0.00913
2026-06-23 20:58:58.473467: train_loss -0.2951
2026-06-23 20:58:58.473918: val_loss -0.3913
2026-06-23 20:58:58.474067: Pseudo dice [np.float32(0.7539)]
2026-06-23 20:58:58.474229: Epoch time: 44.76 s
2026-06-23 20:59:00.533762: 
2026-06-23 20:59:00.534188: Epoch 25
2026-06-23 20:59:00.534365: Current learning rate: 0.0091
2026-06-23 20:59:45.096015: train_loss -0.3032
2026-06-23 20:59:45.096447: val_loss -0.4303
2026-06-23 20:59:45.096598: Pseudo dice [np.float32(0.7681)]
2026-06-23 20:59:45.096762: Epoch time: 44.57 s
2026-06-23 20:59:45.096902: Yayy! New best EMA pseudo Dice: 0.7592999935150146
2026-06-23 20:59:47.331428: 
2026-06-23 20:59:47.331808: Epoch 26
2026-06-23 20:59:47.332003: Current learning rate: 0.00906
2026-06-23 21:00:31.797360: train_loss -0.2998
2026-06-23 21:00:31.800710: val_loss -0.4061
2026-06-23 21:00:31.800867: Pseudo dice [np.float32(0.7754)]
2026-06-23 21:00:31.801033: Epoch time: 44.47 s
2026-06-23 21:00:31.801162: Yayy! New best EMA pseudo Dice: 0.7609000205993652
2026-06-23 21:00:33.962291: 
2026-06-23 21:00:33.962730: Epoch 27
2026-06-23 21:00:33.962984: Current learning rate: 0.00902
2026-06-23 21:01:18.631903: train_loss -0.3102
2026-06-23 21:01:18.632520: val_loss -0.4479
2026-06-23 21:01:18.632670: Pseudo dice [np.float32(0.7876)]
2026-06-23 21:01:18.632840: Epoch time: 44.67 s
2026-06-23 21:01:18.632987: Yayy! New best EMA pseudo Dice: 0.7635999917984009
2026-06-23 21:01:20.810647: 
2026-06-23 21:01:20.811074: Epoch 28
2026-06-23 21:01:20.811265: Current learning rate: 0.00899
2026-06-23 21:02:05.407242: train_loss -0.3043
2026-06-23 21:02:05.407771: val_loss -0.4119
2026-06-23 21:02:05.407948: Pseudo dice [np.float32(0.7828)]
2026-06-23 21:02:05.408118: Epoch time: 44.6 s
2026-06-23 21:02:05.408263: Yayy! New best EMA pseudo Dice: 0.765500009059906
2026-06-23 21:02:07.579867: 
2026-06-23 21:02:07.580372: Epoch 29
2026-06-23 21:02:07.580669: Current learning rate: 0.00895
2026-06-23 21:02:52.147790: train_loss -0.2983
2026-06-23 21:02:52.148252: val_loss -0.3823
2026-06-23 21:02:52.148402: Pseudo dice [np.float32(0.7515)]
2026-06-23 21:02:52.148564: Epoch time: 44.57 s
2026-06-23 21:02:53.874146: 
2026-06-23 21:02:53.874557: Epoch 30
2026-06-23 21:02:53.874730: Current learning rate: 0.00891
2026-06-23 21:03:38.557458: train_loss -0.309
2026-06-23 21:03:38.558005: val_loss -0.4025
2026-06-23 21:03:38.558163: Pseudo dice [np.float32(0.7523)]
2026-06-23 21:03:38.558339: Epoch time: 44.69 s
2026-06-23 21:03:40.296152: 
2026-06-23 21:03:40.296610: Epoch 31
2026-06-23 21:03:40.296911: Current learning rate: 0.00888
2026-06-23 21:04:25.005507: train_loss -0.3144
2026-06-23 21:04:25.006124: val_loss -0.4203
2026-06-23 21:04:25.006272: Pseudo dice [np.float32(0.7791)]
2026-06-23 21:04:25.006438: Epoch time: 44.71 s
2026-06-23 21:04:26.747089: 
2026-06-23 21:04:26.747548: Epoch 32
2026-06-23 21:04:26.747821: Current learning rate: 0.00884
2026-06-23 21:05:11.355399: train_loss -0.3204
2026-06-23 21:05:11.355872: val_loss -0.3703
2026-06-23 21:05:11.356020: Pseudo dice [np.float32(0.7569)]
2026-06-23 21:05:11.356182: Epoch time: 44.61 s
2026-06-23 21:05:13.486744: 
2026-06-23 21:05:13.487160: Epoch 33
2026-06-23 21:05:13.487352: Current learning rate: 0.0088
2026-06-23 21:05:58.174136: train_loss -0.3171
2026-06-23 21:05:58.174720: val_loss -0.4485
2026-06-23 21:05:58.174875: Pseudo dice [np.float32(0.7845)]
2026-06-23 21:05:58.175050: Epoch time: 44.69 s
2026-06-23 21:05:58.175178: Yayy! New best EMA pseudo Dice: 0.7657999992370605
2026-06-23 21:06:00.409424: 
2026-06-23 21:06:00.409945: Epoch 34
2026-06-23 21:06:00.410199: Current learning rate: 0.00877
2026-06-23 21:06:45.000218: train_loss -0.3283
2026-06-23 21:06:45.000802: val_loss -0.35
2026-06-23 21:06:45.000953: Pseudo dice [np.float32(0.7528)]
2026-06-23 21:06:45.001129: Epoch time: 44.59 s
2026-06-23 21:06:46.765921: 
2026-06-23 21:06:46.766482: Epoch 35
2026-06-23 21:06:46.766779: Current learning rate: 0.00873
2026-06-23 21:07:31.511530: train_loss -0.3058
2026-06-23 21:07:31.511998: val_loss -0.4262
2026-06-23 21:07:31.512151: Pseudo dice [np.float32(0.7648)]
2026-06-23 21:07:31.512325: Epoch time: 44.75 s
2026-06-23 21:07:33.278929: 
2026-06-23 21:07:33.279487: Epoch 36
2026-06-23 21:07:33.279866: Current learning rate: 0.00869
2026-06-23 21:08:17.887365: train_loss -0.3158
2026-06-23 21:08:17.887855: val_loss -0.4005
2026-06-23 21:08:17.888004: Pseudo dice [np.float32(0.7691)]
2026-06-23 21:08:17.888173: Epoch time: 44.61 s
2026-06-23 21:08:19.650145: 
2026-06-23 21:08:19.650534: Epoch 37
2026-06-23 21:08:19.650715: Current learning rate: 0.00866
2026-06-23 21:09:04.239838: train_loss -0.3193
2026-06-23 21:09:04.240423: val_loss -0.4182
2026-06-23 21:09:04.240566: Pseudo dice [np.float32(0.7691)]
2026-06-23 21:09:04.240735: Epoch time: 44.59 s
2026-06-23 21:09:06.013953: 
2026-06-23 21:09:06.014502: Epoch 38
2026-06-23 21:09:06.014790: Current learning rate: 0.00862
2026-06-23 21:09:50.618723: train_loss -0.3079
2026-06-23 21:09:50.622828: val_loss -0.4194
2026-06-23 21:09:50.623012: Pseudo dice [np.float32(0.7737)]
2026-06-23 21:09:50.623187: Epoch time: 44.61 s
2026-06-23 21:09:50.623319: Yayy! New best EMA pseudo Dice: 0.7663000226020813
2026-06-23 21:09:52.845448: 
2026-06-23 21:09:52.845983: Epoch 39
2026-06-23 21:09:52.846249: Current learning rate: 0.00858
2026-06-23 21:10:37.446884: train_loss -0.327
2026-06-23 21:10:37.447334: val_loss -0.4008
2026-06-23 21:10:37.447483: Pseudo dice [np.float32(0.7617)]
2026-06-23 21:10:37.447656: Epoch time: 44.6 s
2026-06-23 21:10:39.231152: 
2026-06-23 21:10:39.231632: Epoch 40
2026-06-23 21:10:39.231972: Current learning rate: 0.00855
2026-06-23 21:11:23.994558: train_loss -0.3274
2026-06-23 21:11:23.995106: val_loss -0.4303
2026-06-23 21:11:23.995286: Pseudo dice [np.float32(0.7877)]
2026-06-23 21:11:23.995469: Epoch time: 44.77 s
2026-06-23 21:11:23.995611: Yayy! New best EMA pseudo Dice: 0.7680000066757202
2026-06-23 21:11:26.339899: 
2026-06-23 21:11:26.340463: Epoch 41
2026-06-23 21:11:26.340768: Current learning rate: 0.00851
2026-06-23 21:12:11.005625: train_loss -0.3321
2026-06-23 21:12:11.006077: val_loss -0.4348
2026-06-23 21:12:11.006225: Pseudo dice [np.float32(0.7861)]
2026-06-23 21:12:11.006393: Epoch time: 44.67 s
2026-06-23 21:12:11.006519: Yayy! New best EMA pseudo Dice: 0.7698000073432922
2026-06-23 21:12:13.583501: 
2026-06-23 21:12:13.584080: Epoch 42
2026-06-23 21:12:13.584350: Current learning rate: 0.00847
2026-06-23 21:12:58.348745: train_loss -0.3381
2026-06-23 21:12:58.349180: val_loss -0.3832
2026-06-23 21:12:58.349323: Pseudo dice [np.float32(0.7575)]
2026-06-23 21:12:58.349494: Epoch time: 44.77 s
2026-06-23 21:13:00.083033: 
2026-06-23 21:13:00.083432: Epoch 43
2026-06-23 21:13:00.083603: Current learning rate: 0.00844
2026-06-23 21:13:44.720859: train_loss -0.3239
2026-06-23 21:13:44.724274: val_loss -0.4409
2026-06-23 21:13:44.724436: Pseudo dice [np.float32(0.7757)]
2026-06-23 21:13:44.724616: Epoch time: 44.64 s
2026-06-23 21:13:46.461813: 
2026-06-23 21:13:46.462270: Epoch 44
2026-06-23 21:13:46.462553: Current learning rate: 0.0084
2026-06-23 21:14:31.066261: train_loss -0.3273
2026-06-23 21:14:31.066759: val_loss -0.4231
2026-06-23 21:14:31.066922: Pseudo dice [np.float32(0.7786)]
2026-06-23 21:14:31.067095: Epoch time: 44.61 s
2026-06-23 21:14:31.067220: Yayy! New best EMA pseudo Dice: 0.7702000141143799
2026-06-23 21:14:33.365280: 
2026-06-23 21:14:33.365801: Epoch 45
2026-06-23 21:14:33.366097: Current learning rate: 0.00836
2026-06-23 21:15:18.020958: train_loss -0.3202
2026-06-23 21:15:18.021584: val_loss -0.428
2026-06-23 21:15:18.021738: Pseudo dice [np.float32(0.7796)]
2026-06-23 21:15:18.021933: Epoch time: 44.66 s
2026-06-23 21:15:18.022063: Yayy! New best EMA pseudo Dice: 0.7712000012397766
2026-06-23 21:15:20.218729: 
2026-06-23 21:15:20.219198: Epoch 46
2026-06-23 21:15:20.219394: Current learning rate: 0.00833
2026-06-23 21:16:04.922004: train_loss -0.339
2026-06-23 21:16:04.922553: val_loss -0.4389
2026-06-23 21:16:04.922698: Pseudo dice [np.float32(0.7765)]
2026-06-23 21:16:04.922879: Epoch time: 44.71 s
2026-06-23 21:16:04.923011: Yayy! New best EMA pseudo Dice: 0.7717000246047974
2026-06-23 21:16:07.113111: 
2026-06-23 21:16:07.113615: Epoch 47
2026-06-23 21:16:07.113907: Current learning rate: 0.00829
2026-06-23 21:16:51.705725: train_loss -0.3376
2026-06-23 21:16:51.706332: val_loss -0.3972
2026-06-23 21:16:51.706477: Pseudo dice [np.float32(0.7492)]
2026-06-23 21:16:51.706692: Epoch time: 44.6 s
2026-06-23 21:16:53.449667: 
2026-06-23 21:16:53.450143: Epoch 48
2026-06-23 21:16:53.450359: Current learning rate: 0.00825
2026-06-23 21:17:38.100253: train_loss -0.3194
2026-06-23 21:17:38.100864: val_loss -0.4235
2026-06-23 21:17:38.101013: Pseudo dice [np.float32(0.7832)]
2026-06-23 21:17:38.101187: Epoch time: 44.65 s
2026-06-23 21:17:39.856902: 
2026-06-23 21:17:39.857382: Epoch 49
2026-06-23 21:17:39.857721: Current learning rate: 0.00822
2026-06-23 21:18:24.550456: train_loss -0.3329
2026-06-23 21:18:24.551022: val_loss -0.4099
2026-06-23 21:18:24.551200: Pseudo dice [np.float32(0.7623)]
2026-06-23 21:18:24.551380: Epoch time: 44.7 s
2026-06-23 21:18:27.116538: 
2026-06-23 21:18:27.117019: Epoch 50
2026-06-23 21:18:27.117286: Current learning rate: 0.00818
2026-06-23 21:19:11.672038: train_loss -0.3253
2026-06-23 21:19:11.672579: val_loss -0.4406
2026-06-23 21:19:11.672735: Pseudo dice [np.float32(0.7825)]
2026-06-23 21:19:11.672924: Epoch time: 44.56 s
2026-06-23 21:19:13.432096: 
2026-06-23 21:19:13.432623: Epoch 51
2026-06-23 21:19:13.432980: Current learning rate: 0.00814
2026-06-23 21:19:58.011533: train_loss -0.3289
2026-06-23 21:19:58.012040: val_loss -0.3645
2026-06-23 21:19:58.012190: Pseudo dice [np.float32(0.7522)]
2026-06-23 21:19:58.012363: Epoch time: 44.58 s
2026-06-23 21:19:59.771726: 
2026-06-23 21:19:59.772266: Epoch 52
2026-06-23 21:19:59.772565: Current learning rate: 0.00811
2026-06-23 21:20:44.613978: train_loss -0.3389
2026-06-23 21:20:44.614813: val_loss -0.435
2026-06-23 21:20:44.614981: Pseudo dice [np.float32(0.7751)]
2026-06-23 21:20:44.615157: Epoch time: 44.85 s
2026-06-23 21:20:46.381413: 
2026-06-23 21:20:46.381852: Epoch 53
2026-06-23 21:20:46.382035: Current learning rate: 0.00807
2026-06-23 21:21:31.187315: train_loss -0.3479
2026-06-23 21:21:31.187839: val_loss -0.403
2026-06-23 21:21:31.187998: Pseudo dice [np.float32(0.779)]
2026-06-23 21:21:31.188170: Epoch time: 44.81 s
2026-06-23 21:21:32.952057: 
2026-06-23 21:21:32.952648: Epoch 54
2026-06-23 21:21:32.952948: Current learning rate: 0.00803
2026-06-23 21:22:17.817467: train_loss -0.325
2026-06-23 21:22:17.817944: val_loss -0.4152
2026-06-23 21:22:17.818095: Pseudo dice [np.float32(0.7762)]
2026-06-23 21:22:17.818267: Epoch time: 44.87 s
2026-06-23 21:22:19.587875: 
2026-06-23 21:22:19.588442: Epoch 55
2026-06-23 21:22:19.588721: Current learning rate: 0.008
2026-06-23 21:23:04.424895: train_loss -0.3444
2026-06-23 21:23:04.425497: val_loss -0.4139
2026-06-23 21:23:04.425643: Pseudo dice [np.float32(0.7754)]
2026-06-23 21:23:04.425817: Epoch time: 44.84 s
2026-06-23 21:23:04.425967: Yayy! New best EMA pseudo Dice: 0.7717000246047974
2026-06-23 21:23:06.626268: 
2026-06-23 21:23:06.626636: Epoch 56
2026-06-23 21:23:06.626810: Current learning rate: 0.00796
2026-06-23 21:23:51.302840: train_loss -0.3452
2026-06-23 21:23:51.303458: val_loss -0.4275
2026-06-23 21:23:51.303599: Pseudo dice [np.float32(0.7781)]
2026-06-23 21:23:51.303773: Epoch time: 44.68 s
2026-06-23 21:23:51.303907: Yayy! New best EMA pseudo Dice: 0.7724000215530396
2026-06-23 21:23:53.559036: 
2026-06-23 21:23:53.559570: Epoch 57
2026-06-23 21:23:53.559801: Current learning rate: 0.00792
2026-06-23 21:24:38.286818: train_loss -0.339
2026-06-23 21:24:38.287412: val_loss -0.4241
2026-06-23 21:24:38.287560: Pseudo dice [np.float32(0.7832)]
2026-06-23 21:24:38.287733: Epoch time: 44.73 s
2026-06-23 21:24:38.287869: Yayy! New best EMA pseudo Dice: 0.7735000252723694
2026-06-23 21:24:40.922814: 
2026-06-23 21:24:40.923481: Epoch 58
2026-06-23 21:24:40.923772: Current learning rate: 0.00789
2026-06-23 21:25:25.617790: train_loss -0.3566
2026-06-23 21:25:25.618259: val_loss -0.3808
2026-06-23 21:25:25.618439: Pseudo dice [np.float32(0.7597)]
2026-06-23 21:25:25.618609: Epoch time: 44.7 s
2026-06-23 21:25:27.384746: 
2026-06-23 21:25:27.385276: Epoch 59
2026-06-23 21:25:27.385559: Current learning rate: 0.00785
2026-06-23 21:26:12.113158: train_loss -0.3529
2026-06-23 21:26:12.113965: val_loss -0.4062
2026-06-23 21:26:12.114171: Pseudo dice [np.float32(0.7726)]
2026-06-23 21:26:12.114446: Epoch time: 44.73 s
2026-06-23 21:26:13.871459: 
2026-06-23 21:26:13.871989: Epoch 60
2026-06-23 21:26:13.872282: Current learning rate: 0.00781
2026-06-23 21:26:58.466330: train_loss -0.33
2026-06-23 21:26:58.466807: val_loss -0.3152
2026-06-23 21:26:58.466965: Pseudo dice [np.float32(0.7402)]
2026-06-23 21:26:58.467138: Epoch time: 44.6 s
2026-06-23 21:27:00.214981: 
2026-06-23 21:27:00.215396: Epoch 61
2026-06-23 21:27:00.215619: Current learning rate: 0.00777
2026-06-23 21:27:44.934112: train_loss -0.3241
2026-06-23 21:27:44.934613: val_loss -0.403
2026-06-23 21:27:44.934760: Pseudo dice [np.float32(0.7626)]
2026-06-23 21:27:44.934945: Epoch time: 44.72 s
2026-06-23 21:27:46.691507: 
2026-06-23 21:27:46.691979: Epoch 62
2026-06-23 21:27:46.692165: Current learning rate: 0.00774
2026-06-23 21:28:31.423170: train_loss -0.3394
2026-06-23 21:28:31.423773: val_loss -0.4371
2026-06-23 21:28:31.423920: Pseudo dice [np.float32(0.7855)]
2026-06-23 21:28:31.424087: Epoch time: 44.73 s
2026-06-23 21:28:33.185740: 
2026-06-23 21:28:33.186098: Epoch 63
2026-06-23 21:28:33.186762: Current learning rate: 0.0077
2026-06-23 21:29:17.972964: train_loss -0.3394
2026-06-23 21:29:17.973497: val_loss -0.3816
2026-06-23 21:29:17.973645: Pseudo dice [np.float32(0.7666)]
2026-06-23 21:29:17.973816: Epoch time: 44.79 s
2026-06-23 21:29:19.734520: 
2026-06-23 21:29:19.734959: Epoch 64
2026-06-23 21:29:19.735241: Current learning rate: 0.00766
2026-06-23 21:30:04.345266: train_loss -0.3542
2026-06-23 21:30:04.345810: val_loss -0.3327
2026-06-23 21:30:04.345971: Pseudo dice [np.float32(0.7327)]
2026-06-23 21:30:04.346151: Epoch time: 44.61 s
2026-06-23 21:30:06.109827: 
2026-06-23 21:30:06.110344: Epoch 65
2026-06-23 21:30:06.110574: Current learning rate: 0.00763
2026-06-23 21:30:50.971146: train_loss -0.3445
2026-06-23 21:30:50.971657: val_loss -0.4103
2026-06-23 21:30:50.971801: Pseudo dice [np.float32(0.7731)]
2026-06-23 21:30:50.971980: Epoch time: 44.86 s
2026-06-23 21:30:52.733777: 
2026-06-23 21:30:52.734186: Epoch 66
2026-06-23 21:30:52.734378: Current learning rate: 0.00759
2026-06-23 21:31:37.473738: train_loss -0.3547
2026-06-23 21:31:37.474260: val_loss -0.3926
2026-06-23 21:31:37.474431: Pseudo dice [np.float32(0.7577)]
2026-06-23 21:31:37.474625: Epoch time: 44.74 s
2026-06-23 21:31:39.613471: 
2026-06-23 21:31:39.613967: Epoch 67
2026-06-23 21:31:39.614454: Current learning rate: 0.00755
2026-06-23 21:32:24.292277: train_loss -0.354
2026-06-23 21:32:24.292911: val_loss -0.4018
2026-06-23 21:32:24.293061: Pseudo dice [np.float32(0.7723)]
2026-06-23 21:32:24.293232: Epoch time: 44.68 s
2026-06-23 21:32:26.074101: 
2026-06-23 21:32:26.074749: Epoch 68
2026-06-23 21:32:26.075055: Current learning rate: 0.00751
2026-06-23 21:33:10.834108: train_loss -0.3443
2026-06-23 21:33:10.834591: val_loss -0.4237
2026-06-23 21:33:10.834733: Pseudo dice [np.float32(0.7732)]
2026-06-23 21:33:10.834907: Epoch time: 44.76 s
2026-06-23 21:33:12.621507: 
2026-06-23 21:33:12.622019: Epoch 69
2026-06-23 21:33:12.622207: Current learning rate: 0.00748
2026-06-23 21:33:57.363921: train_loss -0.3453
2026-06-23 21:33:57.364476: val_loss -0.3828
2026-06-23 21:33:57.364628: Pseudo dice [np.float32(0.7653)]
2026-06-23 21:33:57.364799: Epoch time: 44.75 s
2026-06-23 21:33:59.141654: 
2026-06-23 21:33:59.142172: Epoch 70
2026-06-23 21:33:59.142384: Current learning rate: 0.00744
2026-06-23 21:34:43.861686: train_loss -0.3482
2026-06-23 21:34:43.862262: val_loss -0.4544
2026-06-23 21:34:43.862440: Pseudo dice [np.float32(0.7862)]
2026-06-23 21:34:43.862620: Epoch time: 44.72 s
2026-06-23 21:34:45.643571: 
2026-06-23 21:34:45.644099: Epoch 71
2026-06-23 21:34:45.644373: Current learning rate: 0.0074
2026-06-23 21:35:30.230548: train_loss -0.3368
2026-06-23 21:35:30.231048: val_loss -0.4455
2026-06-23 21:35:30.231199: Pseudo dice [np.float32(0.7928)]
2026-06-23 21:35:30.231375: Epoch time: 44.59 s
2026-06-23 21:35:31.989590: 
2026-06-23 21:35:31.989927: Epoch 72
2026-06-23 21:35:31.990117: Current learning rate: 0.00737
2026-06-23 21:36:16.671638: train_loss -0.3504
2026-06-23 21:36:16.672229: val_loss -0.4338
2026-06-23 21:36:16.672374: Pseudo dice [np.float32(0.7728)]
2026-06-23 21:36:16.672544: Epoch time: 44.68 s
2026-06-23 21:36:18.448083: 
2026-06-23 21:36:18.448520: Epoch 73
2026-06-23 21:36:18.448699: Current learning rate: 0.00733
2026-06-23 21:37:03.143707: train_loss -0.3329
2026-06-23 21:37:03.144195: val_loss -0.3569
2026-06-23 21:37:03.144342: Pseudo dice [np.float32(0.7465)]
2026-06-23 21:37:03.144523: Epoch time: 44.7 s
2026-06-23 21:37:04.913505: 
2026-06-23 21:37:04.913906: Epoch 74
2026-06-23 21:37:04.914572: Current learning rate: 0.00729
2026-06-23 21:37:49.529802: train_loss -0.3275
2026-06-23 21:37:49.530278: val_loss -0.4294
2026-06-23 21:37:49.530429: Pseudo dice [np.float32(0.7824)]
2026-06-23 21:37:49.530601: Epoch time: 44.62 s
2026-06-23 21:37:51.668704: 
2026-06-23 21:37:51.669395: Epoch 75
2026-06-23 21:37:51.669718: Current learning rate: 0.00725
2026-06-23 21:38:36.412852: train_loss -0.3675
2026-06-23 21:38:36.413453: val_loss -0.4283
2026-06-23 21:38:36.413615: Pseudo dice [np.float32(0.7703)]
2026-06-23 21:38:36.413787: Epoch time: 44.75 s
2026-06-23 21:38:38.175700: 
2026-06-23 21:38:38.176168: Epoch 76
2026-06-23 21:38:38.176346: Current learning rate: 0.00722
2026-06-23 21:39:22.824541: train_loss -0.3597
2026-06-23 21:39:22.825022: val_loss -0.4299
2026-06-23 21:39:22.825168: Pseudo dice [np.float32(0.7765)]
2026-06-23 21:39:22.825329: Epoch time: 44.65 s
2026-06-23 21:39:24.595326: 
2026-06-23 21:39:24.595857: Epoch 77
2026-06-23 21:39:24.596131: Current learning rate: 0.00718
2026-06-23 21:40:09.389621: train_loss -0.3525
2026-06-23 21:40:09.390332: val_loss -0.4314
2026-06-23 21:40:09.390488: Pseudo dice [np.float32(0.7843)]
2026-06-23 21:40:09.390659: Epoch time: 44.8 s
2026-06-23 21:40:11.187759: 
2026-06-23 21:40:11.188283: Epoch 78
2026-06-23 21:40:11.188536: Current learning rate: 0.00714
2026-06-23 21:40:55.927773: train_loss -0.3595
2026-06-23 21:40:55.928299: val_loss -0.3781
2026-06-23 21:40:55.928475: Pseudo dice [np.float32(0.76)]
2026-06-23 21:40:55.928653: Epoch time: 44.74 s
2026-06-23 21:40:57.728736: 
2026-06-23 21:40:57.729181: Epoch 79
2026-06-23 21:40:57.729361: Current learning rate: 0.0071
2026-06-23 21:41:42.379110: train_loss -0.3542
2026-06-23 21:41:42.379659: val_loss -0.4007
2026-06-23 21:41:42.379810: Pseudo dice [np.float32(0.7608)]
2026-06-23 21:41:42.379996: Epoch time: 44.65 s
2026-06-23 21:41:44.161778: 
2026-06-23 21:41:44.162107: Epoch 80
2026-06-23 21:41:44.162277: Current learning rate: 0.00707
2026-06-23 21:42:28.784887: train_loss -0.3416
2026-06-23 21:42:28.785514: val_loss -0.4325
2026-06-23 21:42:28.785659: Pseudo dice [np.float32(0.7734)]
2026-06-23 21:42:28.785831: Epoch time: 44.63 s
2026-06-23 21:42:30.570934: 
2026-06-23 21:42:30.571361: Epoch 81
2026-06-23 21:42:30.571536: Current learning rate: 0.00703
2026-06-23 21:43:15.319633: train_loss -0.3513
2026-06-23 21:43:15.320288: val_loss -0.4026
2026-06-23 21:43:15.320441: Pseudo dice [np.float32(0.7637)]
2026-06-23 21:43:15.320623: Epoch time: 44.75 s
2026-06-23 21:43:17.121952: 
2026-06-23 21:43:17.122380: Epoch 82
2026-06-23 21:43:17.122555: Current learning rate: 0.00699
2026-06-23 21:44:01.814714: train_loss -0.3653
2026-06-23 21:44:01.815299: val_loss -0.4163
2026-06-23 21:44:01.815448: Pseudo dice [np.float32(0.7666)]
2026-06-23 21:44:01.815617: Epoch time: 44.7 s
2026-06-23 21:44:03.935970: 
2026-06-23 21:44:03.936571: Epoch 83
2026-06-23 21:44:03.936858: Current learning rate: 0.00696
2026-06-23 21:44:48.601654: train_loss -0.3593
2026-06-23 21:44:48.602125: val_loss -0.407
2026-06-23 21:44:48.602275: Pseudo dice [np.float32(0.7671)]
2026-06-23 21:44:48.602453: Epoch time: 44.67 s
2026-06-23 21:44:50.334368: 
2026-06-23 21:44:50.335341: Epoch 84
2026-06-23 21:44:50.335544: Current learning rate: 0.00692
2026-06-23 21:45:34.929242: train_loss -0.3418
2026-06-23 21:45:34.929854: val_loss -0.4211
2026-06-23 21:45:34.930005: Pseudo dice [np.float32(0.7799)]
2026-06-23 21:45:34.930184: Epoch time: 44.6 s
2026-06-23 21:45:36.663080: 
2026-06-23 21:45:36.663666: Epoch 85
2026-06-23 21:45:36.663972: Current learning rate: 0.00688
2026-06-23 21:46:21.333986: train_loss -0.3517
2026-06-23 21:46:21.334664: val_loss -0.4187
2026-06-23 21:46:21.334890: Pseudo dice [np.float32(0.78)]
2026-06-23 21:46:21.335115: Epoch time: 44.67 s
2026-06-23 21:46:23.079659: 
2026-06-23 21:46:23.080215: Epoch 86
2026-06-23 21:46:23.080454: Current learning rate: 0.00684
2026-06-23 21:47:07.727978: train_loss -0.3564
2026-06-23 21:47:07.728465: val_loss -0.4288
2026-06-23 21:47:07.728629: Pseudo dice [np.float32(0.7773)]
2026-06-23 21:47:07.728917: Epoch time: 44.65 s
2026-06-23 21:47:09.464429: 
2026-06-23 21:47:09.464870: Epoch 87
2026-06-23 21:47:09.465055: Current learning rate: 0.0068
2026-06-23 21:47:54.317240: train_loss -0.357
2026-06-23 21:47:54.317783: val_loss -0.4308
2026-06-23 21:47:54.317945: Pseudo dice [np.float32(0.7747)]
2026-06-23 21:47:54.318130: Epoch time: 44.86 s
2026-06-23 21:47:56.054011: 
2026-06-23 21:47:56.054399: Epoch 88
2026-06-23 21:47:56.054569: Current learning rate: 0.00677
2026-06-23 21:48:40.843439: train_loss -0.3684
2026-06-23 21:48:40.843933: val_loss -0.4565
2026-06-23 21:48:40.844095: Pseudo dice [np.float32(0.7851)]
2026-06-23 21:48:40.844263: Epoch time: 44.79 s
2026-06-23 21:48:42.584918: 
2026-06-23 21:48:42.585455: Epoch 89
2026-06-23 21:48:42.585646: Current learning rate: 0.00673
2026-06-23 21:49:27.155867: train_loss -0.3522
2026-06-23 21:49:27.156337: val_loss -0.4271
2026-06-23 21:49:27.156484: Pseudo dice [np.float32(0.7837)]
2026-06-23 21:49:27.156650: Epoch time: 44.57 s
2026-06-23 21:49:27.156783: Yayy! New best EMA pseudo Dice: 0.774399995803833
2026-06-23 21:49:29.435107: 
2026-06-23 21:49:29.435882: Epoch 90
2026-06-23 21:49:29.436776: Current learning rate: 0.00669
2026-06-23 21:50:14.197233: train_loss -0.3606
2026-06-23 21:50:14.197890: val_loss -0.4591
2026-06-23 21:50:14.198038: Pseudo dice [np.float32(0.7887)]
2026-06-23 21:50:14.198267: Epoch time: 44.77 s
2026-06-23 21:50:14.198406: Yayy! New best EMA pseudo Dice: 0.7759000062942505
2026-06-23 21:50:16.475532: 
2026-06-23 21:50:16.476309: Epoch 91
2026-06-23 21:50:16.476858: Current learning rate: 0.00665
2026-06-23 21:51:01.031980: train_loss -0.3547
2026-06-23 21:51:01.032515: val_loss -0.4595
2026-06-23 21:51:01.032682: Pseudo dice [np.float32(0.7874)]
2026-06-23 21:51:01.032859: Epoch time: 44.56 s
2026-06-23 21:51:01.033073: Yayy! New best EMA pseudo Dice: 0.7770000100135803
2026-06-23 21:51:03.636662: 
2026-06-23 21:51:03.637083: Epoch 92
2026-06-23 21:51:03.637280: Current learning rate: 0.00662
2026-06-23 21:51:48.313969: train_loss -0.3692
2026-06-23 21:51:48.314610: val_loss -0.4337
2026-06-23 21:51:48.314777: Pseudo dice [np.float32(0.7832)]
2026-06-23 21:51:48.314971: Epoch time: 44.68 s
2026-06-23 21:51:48.315104: Yayy! New best EMA pseudo Dice: 0.7775999903678894
2026-06-23 21:51:50.527884: 
2026-06-23 21:51:50.528483: Epoch 93
2026-06-23 21:51:50.528764: Current learning rate: 0.00658
2026-06-23 21:52:35.266118: train_loss -0.3581
2026-06-23 21:52:35.266676: val_loss -0.3968
2026-06-23 21:52:35.266824: Pseudo dice [np.float32(0.7683)]
2026-06-23 21:52:35.267029: Epoch time: 44.74 s
2026-06-23 21:52:37.010869: 
2026-06-23 21:52:37.011537: Epoch 94
2026-06-23 21:52:37.011823: Current learning rate: 0.00654
2026-06-23 21:53:21.737491: train_loss -0.3696
2026-06-23 21:53:21.737923: val_loss -0.3319
2026-06-23 21:53:21.738069: Pseudo dice [np.float32(0.7476)]
2026-06-23 21:53:21.738236: Epoch time: 44.73 s
2026-06-23 21:53:23.487525: 
2026-06-23 21:53:23.487950: Epoch 95
2026-06-23 21:53:23.488241: Current learning rate: 0.0065
2026-06-23 21:54:08.123160: train_loss -0.3635
2026-06-23 21:54:08.123691: val_loss -0.4348
2026-06-23 21:54:08.123873: Pseudo dice [np.float32(0.7682)]
2026-06-23 21:54:08.124054: Epoch time: 44.64 s
2026-06-23 21:54:09.874084: 
2026-06-23 21:54:09.874597: Epoch 96
2026-06-23 21:54:09.874878: Current learning rate: 0.00647
2026-06-23 21:54:54.619759: train_loss -0.365
2026-06-23 21:54:54.620324: val_loss -0.3835
2026-06-23 21:54:54.620471: Pseudo dice [np.float32(0.7517)]
2026-06-23 21:54:54.620643: Epoch time: 44.75 s
2026-06-23 21:54:56.383881: 
2026-06-23 21:54:56.384381: Epoch 97
2026-06-23 21:54:56.384563: Current learning rate: 0.00643
2026-06-23 21:55:41.110403: train_loss -0.3638
2026-06-23 21:55:41.111014: val_loss -0.3079
2026-06-23 21:55:41.111190: Pseudo dice [np.float32(0.7424)]
2026-06-23 21:55:41.111431: Epoch time: 44.73 s
2026-06-23 21:55:42.883203: 
2026-06-23 21:55:42.883799: Epoch 98
2026-06-23 21:55:42.884032: Current learning rate: 0.00639
2026-06-23 21:56:27.502724: train_loss -0.3666
2026-06-23 21:56:27.503153: val_loss -0.411
2026-06-23 21:56:27.503299: Pseudo dice [np.float32(0.7739)]
2026-06-23 21:56:27.503467: Epoch time: 44.62 s
2026-06-23 21:56:29.282459: 
2026-06-23 21:56:29.282813: Epoch 99
2026-06-23 21:56:29.283006: Current learning rate: 0.00635
2026-06-23 21:57:13.877113: train_loss -0.3832
2026-06-23 21:57:13.877705: val_loss -0.3568
2026-06-23 21:57:13.877892: Pseudo dice [np.float32(0.7464)]
2026-06-23 21:57:13.878134: Epoch time: 44.6 s
2026-06-23 21:57:16.110477: 
2026-06-23 21:57:16.110997: Epoch 100
2026-06-23 21:57:16.111270: Current learning rate: 0.00631
2026-06-23 21:58:00.692605: train_loss -0.3684
2026-06-23 21:58:00.693175: val_loss -0.4104
2026-06-23 21:58:00.693351: Pseudo dice [np.float32(0.7693)]
2026-06-23 21:58:00.693540: Epoch time: 44.59 s
2026-06-23 21:58:02.852437: 
2026-06-23 21:58:02.852747: Epoch 101
2026-06-23 21:58:02.852928: Current learning rate: 0.00628
2026-06-23 21:58:47.404746: train_loss -0.3768
2026-06-23 21:58:47.405180: val_loss -0.3843
2026-06-23 21:58:47.405329: Pseudo dice [np.float32(0.7637)]
2026-06-23 21:58:47.405496: Epoch time: 44.56 s
2026-06-23 21:58:49.168840: 
2026-06-23 21:58:49.169321: Epoch 102
2026-06-23 21:58:49.169589: Current learning rate: 0.00624
2026-06-23 21:59:33.866809: train_loss -0.3647
2026-06-23 21:59:33.868077: val_loss -0.4067
2026-06-23 21:59:33.868269: Pseudo dice [np.float32(0.7466)]
2026-06-23 21:59:33.868464: Epoch time: 44.7 s
2026-06-23 21:59:35.675852: 
2026-06-23 21:59:35.676638: Epoch 103
2026-06-23 21:59:35.676907: Current learning rate: 0.0062
2026-06-23 22:00:20.336907: train_loss -0.3571
2026-06-23 22:00:20.337445: val_loss -0.4012
2026-06-23 22:00:20.337622: Pseudo dice [np.float32(0.7676)]
2026-06-23 22:00:20.337828: Epoch time: 44.66 s
2026-06-23 22:00:22.116308: 
2026-06-23 22:00:22.117144: Epoch 104
2026-06-23 22:00:22.117338: Current learning rate: 0.00616
2026-06-23 22:01:06.798169: train_loss -0.3745
2026-06-23 22:01:06.798876: val_loss -0.387
2026-06-23 22:01:06.799150: Pseudo dice [np.float32(0.7542)]
2026-06-23 22:01:06.799455: Epoch time: 44.69 s
2026-06-23 22:01:08.577257: 
2026-06-23 22:01:08.577651: Epoch 105
2026-06-23 22:01:08.577828: Current learning rate: 0.00612
2026-06-23 22:01:53.287858: train_loss -0.3528
2026-06-23 22:01:53.288414: val_loss -0.4087
2026-06-23 22:01:53.288588: Pseudo dice [np.float32(0.7802)]
2026-06-23 22:01:53.288764: Epoch time: 44.71 s
2026-06-23 22:01:55.053274: 
2026-06-23 22:01:55.053650: Epoch 106
2026-06-23 22:01:55.053864: Current learning rate: 0.00609
2026-06-23 22:02:39.768151: train_loss -0.3606
2026-06-23 22:02:39.768664: val_loss -0.3418
2026-06-23 22:02:39.768813: Pseudo dice [np.float32(0.7501)]
2026-06-23 22:02:39.768999: Epoch time: 44.72 s
2026-06-23 22:02:41.541067: 
2026-06-23 22:02:41.541624: Epoch 107
2026-06-23 22:02:41.541814: Current learning rate: 0.00605
2026-06-23 22:03:26.321359: train_loss -0.354
2026-06-23 22:03:26.321914: val_loss -0.3634
2026-06-23 22:03:26.322072: Pseudo dice [np.float32(0.744)]
2026-06-23 22:03:26.322241: Epoch time: 44.78 s
2026-06-23 22:03:28.086137: 
2026-06-23 22:03:28.086544: Epoch 108
2026-06-23 22:03:28.087143: Current learning rate: 0.00601
2026-06-23 22:04:12.754636: train_loss -0.3775
2026-06-23 22:04:12.755063: val_loss -0.3837
2026-06-23 22:04:12.755205: Pseudo dice [np.float32(0.7548)]
2026-06-23 22:04:12.755373: Epoch time: 44.67 s
2026-06-23 22:04:14.898954: 
2026-06-23 22:04:14.899252: Epoch 109
2026-06-23 22:04:14.899432: Current learning rate: 0.00597
2026-06-23 22:05:00.020216: train_loss -0.3733
2026-06-23 22:05:00.020772: val_loss -0.3765
2026-06-23 22:05:00.020934: Pseudo dice [np.float32(0.7526)]
2026-06-23 22:05:00.021108: Epoch time: 45.12 s
2026-06-23 22:05:01.786685: 
2026-06-23 22:05:01.787080: Epoch 110
2026-06-23 22:05:01.787249: Current learning rate: 0.00593
2026-06-23 22:05:46.550039: train_loss -0.364
2026-06-23 22:05:46.550575: val_loss -0.4221
2026-06-23 22:05:46.550729: Pseudo dice [np.float32(0.7713)]
2026-06-23 22:05:46.550912: Epoch time: 44.77 s
2026-06-23 22:05:48.315139: 
2026-06-23 22:05:48.315549: Epoch 111
2026-06-23 22:05:48.315715: Current learning rate: 0.0059
2026-06-23 22:06:33.034291: train_loss -0.3827
2026-06-23 22:06:33.034930: val_loss -0.4514
2026-06-23 22:06:33.035077: Pseudo dice [np.float32(0.7916)]
2026-06-23 22:06:33.035251: Epoch time: 44.72 s
2026-06-23 22:06:34.789494: 
2026-06-23 22:06:34.790028: Epoch 112
2026-06-23 22:06:34.790400: Current learning rate: 0.00586
2026-06-23 22:07:19.475816: train_loss -0.357
2026-06-23 22:07:19.476328: val_loss -0.4157
2026-06-23 22:07:19.476487: Pseudo dice [np.float32(0.7786)]
2026-06-23 22:07:19.476660: Epoch time: 44.69 s
2026-06-23 22:07:21.226329: 
2026-06-23 22:07:21.226697: Epoch 113
2026-06-23 22:07:21.226981: Current learning rate: 0.00582
2026-06-23 22:08:06.044047: train_loss -0.3774
2026-06-23 22:08:06.044658: val_loss -0.435
2026-06-23 22:08:06.044801: Pseudo dice [np.float32(0.7889)]
2026-06-23 22:08:06.044980: Epoch time: 44.82 s
2026-06-23 22:08:07.797032: 
2026-06-23 22:08:07.797592: Epoch 114
2026-06-23 22:08:07.797891: Current learning rate: 0.00578
2026-06-23 22:08:52.499893: train_loss -0.3874
2026-06-23 22:08:52.500437: val_loss -0.338
2026-06-23 22:08:52.500581: Pseudo dice [np.float32(0.7521)]
2026-06-23 22:08:52.500758: Epoch time: 44.71 s
2026-06-23 22:08:54.247048: 
2026-06-23 22:08:54.247562: Epoch 115
2026-06-23 22:08:54.247760: Current learning rate: 0.00574
2026-06-23 22:09:38.931309: train_loss -0.3858
2026-06-23 22:09:38.931765: val_loss -0.4092
2026-06-23 22:09:38.931919: Pseudo dice [np.float32(0.7636)]
2026-06-23 22:09:38.932094: Epoch time: 44.69 s
2026-06-23 22:09:40.694352: 
2026-06-23 22:09:40.694700: Epoch 116
2026-06-23 22:09:40.694960: Current learning rate: 0.0057
2026-06-23 22:10:25.595837: train_loss -0.3799
2026-06-23 22:10:25.596335: val_loss -0.3383
2026-06-23 22:10:25.596486: Pseudo dice [np.float32(0.73)]
2026-06-23 22:10:25.596654: Epoch time: 44.9 s
2026-06-23 22:10:27.355979: 
2026-06-23 22:10:27.356321: Epoch 117
2026-06-23 22:10:27.356493: Current learning rate: 0.00567
2026-06-23 22:11:11.981857: train_loss -0.3608
2026-06-23 22:11:11.982558: val_loss -0.4003
2026-06-23 22:11:11.982826: Pseudo dice [np.float32(0.767)]
2026-06-23 22:11:11.983221: Epoch time: 44.63 s
2026-06-23 22:11:14.131150: 
2026-06-23 22:11:14.131729: Epoch 118
2026-06-23 22:11:14.132013: Current learning rate: 0.00563
2026-06-23 22:11:58.859392: train_loss -0.3705
2026-06-23 22:11:58.859920: val_loss -0.3301
2026-06-23 22:11:58.860069: Pseudo dice [np.float32(0.7323)]
2026-06-23 22:11:58.860236: Epoch time: 44.73 s
2026-06-23 22:12:00.621691: 
2026-06-23 22:12:00.622102: Epoch 119
2026-06-23 22:12:00.622288: Current learning rate: 0.00559
2026-06-23 22:12:45.457973: train_loss -0.3829
2026-06-23 22:12:45.458493: val_loss -0.3994
2026-06-23 22:12:45.458644: Pseudo dice [np.float32(0.7733)]
2026-06-23 22:12:45.458810: Epoch time: 44.84 s
2026-06-23 22:12:47.227078: 
2026-06-23 22:12:47.227522: Epoch 120
2026-06-23 22:12:47.227724: Current learning rate: 0.00555
2026-06-23 22:13:32.020721: train_loss -0.371
2026-06-23 22:13:32.021323: val_loss -0.3739
2026-06-23 22:13:32.021472: Pseudo dice [np.float32(0.7631)]
2026-06-23 22:13:32.021639: Epoch time: 44.8 s
2026-06-23 22:13:33.790550: 
2026-06-23 22:13:33.791005: Epoch 121
2026-06-23 22:13:33.791193: Current learning rate: 0.00551
2026-06-23 22:14:18.543939: train_loss -0.384
2026-06-23 22:14:18.544486: val_loss -0.4336
2026-06-23 22:14:18.544631: Pseudo dice [np.float32(0.7802)]
2026-06-23 22:14:18.544804: Epoch time: 44.76 s
2026-06-23 22:14:20.322760: 
2026-06-23 22:14:20.323297: Epoch 122
2026-06-23 22:14:20.323576: Current learning rate: 0.00547
2026-06-23 22:15:05.055220: train_loss -0.3757
2026-06-23 22:15:05.055650: val_loss -0.382
2026-06-23 22:15:05.055795: Pseudo dice [np.float32(0.764)]
2026-06-23 22:15:05.055969: Epoch time: 44.74 s
2026-06-23 22:15:06.821320: 
2026-06-23 22:15:06.821778: Epoch 123
2026-06-23 22:15:06.821988: Current learning rate: 0.00544
2026-06-23 22:15:51.664396: train_loss -0.3912
2026-06-23 22:15:51.665035: val_loss -0.3404
2026-06-23 22:15:51.665183: Pseudo dice [np.float32(0.7438)]
2026-06-23 22:15:51.665358: Epoch time: 44.85 s
2026-06-23 22:15:53.447700: 
2026-06-23 22:15:53.448315: Epoch 124
2026-06-23 22:15:53.448602: Current learning rate: 0.0054
2026-06-23 22:16:38.171970: train_loss -0.3749
2026-06-23 22:16:38.172543: val_loss -0.391
2026-06-23 22:16:38.172728: Pseudo dice [np.float32(0.7614)]
2026-06-23 22:16:38.172930: Epoch time: 44.73 s
2026-06-23 22:16:39.941842: 
2026-06-23 22:16:39.942262: Epoch 125
2026-06-23 22:16:39.942435: Current learning rate: 0.00536
2026-06-23 22:17:24.494751: train_loss -0.3827
2026-06-23 22:17:24.495292: val_loss -0.4117
2026-06-23 22:17:24.495445: Pseudo dice [np.float32(0.7621)]
2026-06-23 22:17:24.495615: Epoch time: 44.56 s
2026-06-23 22:17:26.260655: 
2026-06-23 22:17:26.261033: Epoch 126
2026-06-23 22:17:26.261214: Current learning rate: 0.00532
2026-06-23 22:18:11.023635: train_loss -0.3809
2026-06-23 22:18:11.024118: val_loss -0.4034
2026-06-23 22:18:11.024267: Pseudo dice [np.float32(0.775)]
2026-06-23 22:18:11.024437: Epoch time: 44.77 s
2026-06-23 22:18:13.183894: 
2026-06-23 22:18:13.184155: Epoch 127
2026-06-23 22:18:13.184329: Current learning rate: 0.00528
2026-06-23 22:18:58.134124: train_loss -0.3514
2026-06-23 22:18:58.134707: val_loss -0.3129
2026-06-23 22:18:58.134865: Pseudo dice [np.float32(0.733)]
2026-06-23 22:18:58.135035: Epoch time: 44.95 s
2026-06-23 22:18:59.905330: 
2026-06-23 22:18:59.905975: Epoch 128
2026-06-23 22:18:59.906264: Current learning rate: 0.00524
2026-06-23 22:19:44.704607: train_loss -0.364
2026-06-23 22:19:44.705110: val_loss -0.4321
2026-06-23 22:19:44.705266: Pseudo dice [np.float32(0.7761)]
2026-06-23 22:19:44.705439: Epoch time: 44.8 s
2026-06-23 22:19:46.481261: 
2026-06-23 22:19:46.481772: Epoch 129
2026-06-23 22:19:46.481965: Current learning rate: 0.0052
2026-06-23 22:20:31.373251: train_loss -0.3793
2026-06-23 22:20:31.376499: val_loss -0.3684
2026-06-23 22:20:31.376656: Pseudo dice [np.float32(0.7523)]
2026-06-23 22:20:31.376829: Epoch time: 44.9 s
2026-06-23 22:20:33.142263: 
2026-06-23 22:20:33.142653: Epoch 130
2026-06-23 22:20:33.142842: Current learning rate: 0.00517
2026-06-23 22:21:17.990545: train_loss -0.376
2026-06-23 22:21:17.991037: val_loss -0.3754
2026-06-23 22:21:17.991189: Pseudo dice [np.float32(0.7641)]
2026-06-23 22:21:17.991372: Epoch time: 44.85 s
2026-06-23 22:21:19.770242: 
2026-06-23 22:21:19.770752: Epoch 131
2026-06-23 22:21:19.770943: Current learning rate: 0.00513
2026-06-23 22:22:04.311869: train_loss -0.3846
2026-06-23 22:22:04.312361: val_loss -0.3951
2026-06-23 22:22:04.312509: Pseudo dice [np.float32(0.764)]
2026-06-23 22:22:04.312681: Epoch time: 44.54 s
2026-06-23 22:22:06.096503: 
2026-06-23 22:22:06.097120: Epoch 132
2026-06-23 22:22:06.097472: Current learning rate: 0.00509
2026-06-23 22:22:50.836186: train_loss -0.3853
2026-06-23 22:22:50.836653: val_loss -0.4124
2026-06-23 22:22:50.836796: Pseudo dice [np.float32(0.7657)]
2026-06-23 22:22:50.836969: Epoch time: 44.74 s
2026-06-23 22:22:52.615774: 
2026-06-23 22:22:52.616336: Epoch 133
2026-06-23 22:22:52.616638: Current learning rate: 0.00505
2026-06-23 22:23:37.422976: train_loss -0.369
2026-06-23 22:23:37.423464: val_loss -0.3657
2026-06-23 22:23:37.423605: Pseudo dice [np.float32(0.7575)]
2026-06-23 22:23:37.423782: Epoch time: 44.81 s
2026-06-23 22:23:39.204009: 
2026-06-23 22:23:39.204546: Epoch 134
2026-06-23 22:23:39.204885: Current learning rate: 0.00501
2026-06-23 22:24:24.000589: train_loss -0.3668
2026-06-23 22:24:24.001081: val_loss -0.3125
2026-06-23 22:24:24.001229: Pseudo dice [np.float32(0.7497)]
2026-06-23 22:24:24.001402: Epoch time: 44.8 s
2026-06-23 22:24:25.800293: 
2026-06-23 22:24:25.800795: Epoch 135
2026-06-23 22:24:25.801052: Current learning rate: 0.00497
2026-06-23 22:25:10.757139: train_loss -0.3673
2026-06-23 22:25:10.757687: val_loss -0.385
2026-06-23 22:25:10.757837: Pseudo dice [np.float32(0.757)]
2026-06-23 22:25:10.758035: Epoch time: 44.96 s
2026-06-23 22:25:12.563724: 
2026-06-23 22:25:12.564219: Epoch 136
2026-06-23 22:25:12.564476: Current learning rate: 0.00493
2026-06-23 22:25:57.245496: train_loss -0.3845
2026-06-23 22:25:57.245978: val_loss -0.3853
2026-06-23 22:25:57.246131: Pseudo dice [np.float32(0.7794)]
2026-06-23 22:25:57.246304: Epoch time: 44.68 s
2026-06-23 22:25:59.036827: 
2026-06-23 22:25:59.037316: Epoch 137
2026-06-23 22:25:59.037504: Current learning rate: 0.00489
2026-06-23 22:26:43.723636: train_loss -0.3879
2026-06-23 22:26:43.724238: val_loss -0.3756
2026-06-23 22:26:43.724390: Pseudo dice [np.float32(0.7575)]
2026-06-23 22:26:43.724558: Epoch time: 44.69 s
2026-06-23 22:26:45.526434: 
2026-06-23 22:26:45.526825: Epoch 138
2026-06-23 22:26:45.527104: Current learning rate: 0.00485
2026-06-23 22:27:30.198043: train_loss -0.3828
2026-06-23 22:27:30.199210: val_loss -0.4113
2026-06-23 22:27:30.199382: Pseudo dice [np.float32(0.776)]
2026-06-23 22:27:30.199569: Epoch time: 44.67 s
2026-06-23 22:27:31.991457: 
2026-06-23 22:27:31.991987: Epoch 139
2026-06-23 22:27:31.992282: Current learning rate: 0.00482
2026-06-23 22:28:16.768346: train_loss -0.3712
2026-06-23 22:28:16.768870: val_loss -0.4102
2026-06-23 22:28:16.769037: Pseudo dice [np.float32(0.7736)]
2026-06-23 22:28:16.769226: Epoch time: 44.78 s
2026-06-23 22:28:18.570675: 
2026-06-23 22:28:18.571081: Epoch 140
2026-06-23 22:28:18.571309: Current learning rate: 0.00478
2026-06-23 22:29:03.298533: train_loss -0.3793
2026-06-23 22:29:03.299000: val_loss -0.3793
2026-06-23 22:29:03.299145: Pseudo dice [np.float32(0.764)]
2026-06-23 22:29:03.299319: Epoch time: 44.73 s
2026-06-23 22:29:05.089276: 
2026-06-23 22:29:05.089698: Epoch 141
2026-06-23 22:29:05.089880: Current learning rate: 0.00474
2026-06-23 22:29:49.909403: train_loss -0.388
2026-06-23 22:29:49.909891: val_loss -0.447
2026-06-23 22:29:49.910062: Pseudo dice [np.float32(0.7834)]
2026-06-23 22:29:49.910234: Epoch time: 44.82 s
2026-06-23 22:29:51.705161: 
2026-06-23 22:29:51.705701: Epoch 142
2026-06-23 22:29:51.705947: Current learning rate: 0.0047
2026-06-23 22:30:36.472504: train_loss -0.3871
2026-06-23 22:30:36.472997: val_loss -0.3539
2026-06-23 22:30:36.473147: Pseudo dice [np.float32(0.7379)]
2026-06-23 22:30:36.473330: Epoch time: 44.77 s
2026-06-23 22:30:38.273109: 
2026-06-23 22:30:38.273519: Epoch 143
2026-06-23 22:30:38.273716: Current learning rate: 0.00466
2026-06-23 22:31:22.763792: train_loss -0.3774
2026-06-23 22:31:22.764359: val_loss -0.3445
2026-06-23 22:31:22.764508: Pseudo dice [np.float32(0.751)]
2026-06-23 22:31:22.764678: Epoch time: 44.49 s
2026-06-23 22:31:24.961333: 
2026-06-23 22:31:24.961893: Epoch 144
2026-06-23 22:31:24.962116: Current learning rate: 0.00462
2026-06-23 22:32:09.541818: train_loss -0.3815
2026-06-23 22:32:09.542317: val_loss -0.415
2026-06-23 22:32:09.542475: Pseudo dice [np.float32(0.7708)]
2026-06-23 22:32:09.542652: Epoch time: 44.58 s
2026-06-23 22:32:11.337627: 
2026-06-23 22:32:11.338128: Epoch 145
2026-06-23 22:32:11.338416: Current learning rate: 0.00458
2026-06-23 22:32:56.039041: train_loss -0.3894
2026-06-23 22:32:56.039689: val_loss -0.4282
2026-06-23 22:32:56.039839: Pseudo dice [np.float32(0.7817)]
2026-06-23 22:32:56.040033: Epoch time: 44.7 s
2026-06-23 22:32:57.888910: 
2026-06-23 22:32:57.889445: Epoch 146
2026-06-23 22:32:57.889623: Current learning rate: 0.00454
2026-06-23 22:33:42.618784: train_loss -0.3969
2026-06-23 22:33:42.619319: val_loss -0.4116
2026-06-23 22:33:42.619465: Pseudo dice [np.float32(0.7612)]
2026-06-23 22:33:42.619634: Epoch time: 44.73 s
2026-06-23 22:33:44.425764: 
2026-06-23 22:33:44.426530: Epoch 147
2026-06-23 22:33:44.427062: Current learning rate: 0.0045
2026-06-23 22:34:29.079241: train_loss -0.3791
2026-06-23 22:34:29.079774: val_loss -0.4337
2026-06-23 22:34:29.079935: Pseudo dice [np.float32(0.7876)]
2026-06-23 22:34:29.080105: Epoch time: 44.66 s
2026-06-23 22:34:30.896770: 
2026-06-23 22:34:30.897216: Epoch 148
2026-06-23 22:34:30.897398: Current learning rate: 0.00446
2026-06-23 22:35:15.544941: train_loss -0.387
2026-06-23 22:35:15.545463: val_loss -0.2946
2026-06-23 22:35:15.545609: Pseudo dice [np.float32(0.7154)]
2026-06-23 22:35:15.545777: Epoch time: 44.65 s
2026-06-23 22:35:17.330171: 
2026-06-23 22:35:17.330575: Epoch 149
2026-06-23 22:35:17.330738: Current learning rate: 0.00442
2026-06-23 22:36:02.233279: train_loss -0.3783
2026-06-23 22:36:02.233783: val_loss -0.3676
2026-06-23 22:36:02.233943: Pseudo dice [np.float32(0.7511)]
2026-06-23 22:36:02.234108: Epoch time: 44.91 s
2026-06-23 22:36:04.513343: 
2026-06-23 22:36:04.513749: Epoch 150
2026-06-23 22:36:04.514067: Current learning rate: 0.00438
2026-06-23 22:36:49.432981: train_loss -0.3854
2026-06-23 22:36:49.433593: val_loss -0.4717
2026-06-23 22:36:49.433745: Pseudo dice [np.float32(0.8045)]
2026-06-23 22:36:49.433920: Epoch time: 44.92 s
2026-06-23 22:36:51.215961: 
2026-06-23 22:36:51.216456: Epoch 151
2026-06-23 22:36:51.216641: Current learning rate: 0.00434
2026-06-23 22:37:36.076323: train_loss -0.3996
2026-06-23 22:37:36.076810: val_loss -0.4147
2026-06-23 22:37:36.076962: Pseudo dice [np.float32(0.7698)]
2026-06-23 22:37:36.077129: Epoch time: 44.86 s
2026-06-23 22:37:38.231947: 
2026-06-23 22:37:38.232433: Epoch 152
2026-06-23 22:37:38.232712: Current learning rate: 0.0043
2026-06-23 22:38:22.795815: train_loss -0.39
2026-06-23 22:38:22.796387: val_loss -0.33
2026-06-23 22:38:22.796541: Pseudo dice [np.float32(0.7485)]
2026-06-23 22:38:22.796711: Epoch time: 44.57 s
2026-06-23 22:38:24.584352: 
2026-06-23 22:38:24.584957: Epoch 153
2026-06-23 22:38:24.585300: Current learning rate: 0.00427
2026-06-23 22:39:09.277778: train_loss -0.3781
2026-06-23 22:39:09.278208: val_loss -0.391
2026-06-23 22:39:09.278349: Pseudo dice [np.float32(0.7646)]
2026-06-23 22:39:09.278516: Epoch time: 44.7 s
2026-06-23 22:39:11.075601: 
2026-06-23 22:39:11.076007: Epoch 154
2026-06-23 22:39:11.076234: Current learning rate: 0.00423
2026-06-23 22:39:55.714486: train_loss -0.3676
2026-06-23 22:39:55.714974: val_loss -0.4177
2026-06-23 22:39:55.715193: Pseudo dice [np.float32(0.772)]
2026-06-23 22:39:55.715374: Epoch time: 44.64 s
2026-06-23 22:39:57.517491: 
2026-06-23 22:39:57.517983: Epoch 155
2026-06-23 22:39:57.518183: Current learning rate: 0.00419
2026-06-23 22:40:42.098869: train_loss -0.3974
2026-06-23 22:40:42.099312: val_loss -0.4096
2026-06-23 22:40:42.099474: Pseudo dice [np.float32(0.7758)]
2026-06-23 22:40:42.099647: Epoch time: 44.58 s
2026-06-23 22:40:43.900681: 
2026-06-23 22:40:43.901163: Epoch 156
2026-06-23 22:40:43.901441: Current learning rate: 0.00415
2026-06-23 22:41:28.710719: train_loss -0.3921
2026-06-23 22:41:28.711366: val_loss -0.4077
2026-06-23 22:41:28.711502: Pseudo dice [np.float32(0.7757)]
2026-06-23 22:41:28.711671: Epoch time: 44.81 s
2026-06-23 22:41:30.499279: 
2026-06-23 22:41:30.499670: Epoch 157
2026-06-23 22:41:30.499838: Current learning rate: 0.00411
2026-06-23 22:42:15.256090: train_loss -0.3971
2026-06-23 22:42:15.256533: val_loss -0.3604
2026-06-23 22:42:15.256674: Pseudo dice [np.float32(0.7519)]
2026-06-23 22:42:15.256842: Epoch time: 44.76 s
2026-06-23 22:42:17.064149: 
2026-06-23 22:42:17.064751: Epoch 158
2026-06-23 22:42:17.065144: Current learning rate: 0.00407
2026-06-23 22:43:01.786695: train_loss -0.3936
2026-06-23 22:43:01.787908: val_loss -0.4069
2026-06-23 22:43:01.788069: Pseudo dice [np.float32(0.7692)]
2026-06-23 22:43:01.788244: Epoch time: 44.73 s
2026-06-23 22:43:03.588156: 
2026-06-23 22:43:03.588584: Epoch 159
2026-06-23 22:43:03.588764: Current learning rate: 0.00403
2026-06-23 22:43:48.131242: train_loss -0.3965
2026-06-23 22:43:48.131971: val_loss -0.3791
2026-06-23 22:43:48.132118: Pseudo dice [np.float32(0.7613)]
2026-06-23 22:43:48.132282: Epoch time: 44.55 s
2026-06-23 22:43:49.945647: 
2026-06-23 22:43:49.946282: Epoch 160
2026-06-23 22:43:49.946511: Current learning rate: 0.00399
2026-06-23 22:44:34.627952: train_loss -0.3742
2026-06-23 22:44:34.628404: val_loss -0.4484
2026-06-23 22:44:34.628549: Pseudo dice [np.float32(0.8005)]
2026-06-23 22:44:34.628720: Epoch time: 44.69 s
2026-06-23 22:44:36.828173: 
2026-06-23 22:44:36.828684: Epoch 161
2026-06-23 22:44:36.828974: Current learning rate: 0.00395
2026-06-23 22:45:21.433627: train_loss -0.392
2026-06-23 22:45:21.434140: val_loss -0.2795
2026-06-23 22:45:21.434282: Pseudo dice [np.float32(0.7112)]
2026-06-23 22:45:21.434449: Epoch time: 44.61 s
2026-06-23 22:45:23.230374: 
2026-06-23 22:45:23.230753: Epoch 162
2026-06-23 22:45:23.230929: Current learning rate: 0.00391
2026-06-23 22:46:07.725258: train_loss -0.4032
2026-06-23 22:46:07.725872: val_loss -0.3371
2026-06-23 22:46:07.726020: Pseudo dice [np.float32(0.757)]
2026-06-23 22:46:07.726202: Epoch time: 44.5 s
2026-06-23 22:46:09.534149: 
2026-06-23 22:46:09.534672: Epoch 163
2026-06-23 22:46:09.534948: Current learning rate: 0.00387
2026-06-23 22:46:54.191741: train_loss -0.399
2026-06-23 22:46:54.192206: val_loss -0.418
2026-06-23 22:46:54.192349: Pseudo dice [np.float32(0.7719)]
2026-06-23 22:46:54.192520: Epoch time: 44.66 s
2026-06-23 22:46:56.001674: 
2026-06-23 22:46:56.002093: Epoch 164
2026-06-23 22:46:56.002276: Current learning rate: 0.00383
2026-06-23 22:47:40.446857: train_loss -0.4009
2026-06-23 22:47:40.447347: val_loss -0.3812
2026-06-23 22:47:40.447489: Pseudo dice [np.float32(0.7539)]
2026-06-23 22:47:40.447661: Epoch time: 44.45 s
2026-06-23 22:47:42.223760: 
2026-06-23 22:47:42.224325: Epoch 165
2026-06-23 22:47:42.224619: Current learning rate: 0.00379
2026-06-23 22:48:26.729542: train_loss -0.3912
2026-06-23 22:48:26.730019: val_loss -0.4272
2026-06-23 22:48:26.730169: Pseudo dice [np.float32(0.7734)]
2026-06-23 22:48:26.730342: Epoch time: 44.51 s
2026-06-23 22:48:28.497693: 
2026-06-23 22:48:28.498108: Epoch 166
2026-06-23 22:48:28.498290: Current learning rate: 0.00375
2026-06-23 22:49:13.077541: train_loss -0.3912
2026-06-23 22:49:13.078128: val_loss -0.459
2026-06-23 22:49:13.078274: Pseudo dice [np.float32(0.8038)]
2026-06-23 22:49:13.078455: Epoch time: 44.58 s
2026-06-23 22:49:14.854224: 
2026-06-23 22:49:14.854678: Epoch 167
2026-06-23 22:49:14.854907: Current learning rate: 0.00371
2026-06-23 22:49:59.521055: train_loss -0.4069
2026-06-23 22:49:59.521582: val_loss -0.4068
2026-06-23 22:49:59.521729: Pseudo dice [np.float32(0.7666)]
2026-06-23 22:49:59.521912: Epoch time: 44.67 s
2026-06-23 22:50:01.313913: 
2026-06-23 22:50:01.314443: Epoch 168
2026-06-23 22:50:01.314741: Current learning rate: 0.00367
2026-06-23 22:50:45.965559: train_loss -0.405
2026-06-23 22:50:45.966064: val_loss -0.3833
2026-06-23 22:50:45.966217: Pseudo dice [np.float32(0.7549)]
2026-06-23 22:50:45.966383: Epoch time: 44.66 s
2026-06-23 22:50:48.109657: 
2026-06-23 22:50:48.109887: Epoch 169
2026-06-23 22:50:48.110053: Current learning rate: 0.00363
2026-06-23 22:51:32.830062: train_loss -0.4065
2026-06-23 22:51:32.830656: val_loss -0.3943
2026-06-23 22:51:32.830819: Pseudo dice [np.float32(0.7701)]
2026-06-23 22:51:32.831010: Epoch time: 44.72 s
2026-06-23 22:51:34.621050: 
2026-06-23 22:51:34.621575: Epoch 170
2026-06-23 22:51:34.621861: Current learning rate: 0.00359
2026-06-23 22:52:19.403224: train_loss -0.4115
2026-06-23 22:52:19.403800: val_loss -0.3336
2026-06-23 22:52:19.403953: Pseudo dice [np.float32(0.7443)]
2026-06-23 22:52:19.404118: Epoch time: 44.79 s
2026-06-23 22:52:21.189512: 
2026-06-23 22:52:21.189933: Epoch 171
2026-06-23 22:52:21.190114: Current learning rate: 0.00355
2026-06-23 22:53:06.157712: train_loss -0.3969
2026-06-23 22:53:06.158265: val_loss -0.4328
2026-06-23 22:53:06.158428: Pseudo dice [np.float32(0.7802)]
2026-06-23 22:53:06.158608: Epoch time: 44.97 s
2026-06-23 22:53:07.962964: 
2026-06-23 22:53:07.963508: Epoch 172
2026-06-23 22:53:07.963800: Current learning rate: 0.00351
2026-06-23 22:53:52.932946: train_loss -0.4152
2026-06-23 22:53:52.933413: val_loss -0.2866
2026-06-23 22:53:52.933579: Pseudo dice [np.float32(0.7317)]
2026-06-23 22:53:52.933748: Epoch time: 44.97 s
2026-06-23 22:53:54.742948: 
2026-06-23 22:53:54.743433: Epoch 173
2026-06-23 22:53:54.743611: Current learning rate: 0.00346
2026-06-23 22:54:39.833403: train_loss -0.3977
2026-06-23 22:54:39.833881: val_loss -0.4187
2026-06-23 22:54:39.834031: Pseudo dice [np.float32(0.7694)]
2026-06-23 22:54:39.834201: Epoch time: 45.09 s
2026-06-23 22:54:41.623884: 
2026-06-23 22:54:41.624326: Epoch 174
2026-06-23 22:54:41.624513: Current learning rate: 0.00342
2026-06-23 22:55:26.378049: train_loss -0.416
2026-06-23 22:55:26.378489: val_loss -0.3489
2026-06-23 22:55:26.378633: Pseudo dice [np.float32(0.7529)]
2026-06-23 22:55:26.378816: Epoch time: 44.76 s
2026-06-23 22:55:28.166325: 
2026-06-23 22:55:28.166768: Epoch 175
2026-06-23 22:55:28.166956: Current learning rate: 0.00338
2026-06-23 22:56:13.101302: train_loss -0.3998
2026-06-23 22:56:13.101798: val_loss -0.3516
2026-06-23 22:56:13.101971: Pseudo dice [np.float32(0.7571)]
2026-06-23 22:56:13.102145: Epoch time: 44.94 s
2026-06-23 22:56:14.897213: 
2026-06-23 22:56:14.897571: Epoch 176
2026-06-23 22:56:14.897917: Current learning rate: 0.00334
2026-06-23 22:56:59.772156: train_loss -0.4031
2026-06-23 22:56:59.772617: val_loss -0.3752
2026-06-23 22:56:59.772783: Pseudo dice [np.float32(0.7619)]
2026-06-23 22:56:59.772959: Epoch time: 44.88 s
2026-06-23 22:57:01.556624: 
2026-06-23 22:57:01.557015: Epoch 177
2026-06-23 22:57:01.557195: Current learning rate: 0.0033
2026-06-23 22:57:46.219338: train_loss -0.4006
2026-06-23 22:57:46.219914: val_loss -0.3527
2026-06-23 22:57:46.220075: Pseudo dice [np.float32(0.7594)]
2026-06-23 22:57:46.220243: Epoch time: 44.67 s
2026-06-23 22:57:48.437544: 
2026-06-23 22:57:48.437984: Epoch 178
2026-06-23 22:57:48.438156: Current learning rate: 0.00326
2026-06-23 22:58:33.194577: train_loss -0.4168
2026-06-23 22:58:33.195247: val_loss -0.316
2026-06-23 22:58:33.195391: Pseudo dice [np.float32(0.7378)]
2026-06-23 22:58:33.195556: Epoch time: 44.76 s
2026-06-23 22:58:34.993690: 
2026-06-23 22:58:34.994264: Epoch 179
2026-06-23 22:58:34.994539: Current learning rate: 0.00322
2026-06-23 22:59:19.856993: train_loss -0.3968
2026-06-23 22:59:19.857399: val_loss -0.3995
2026-06-23 22:59:19.857535: Pseudo dice [np.float32(0.7701)]
2026-06-23 22:59:19.857708: Epoch time: 44.87 s
2026-06-23 22:59:21.652565: 
2026-06-23 22:59:21.653111: Epoch 180
2026-06-23 22:59:21.653412: Current learning rate: 0.00318
2026-06-23 23:00:06.240306: train_loss -0.3951
2026-06-23 23:00:06.240854: val_loss -0.4116
2026-06-23 23:00:06.241006: Pseudo dice [np.float32(0.7765)]
2026-06-23 23:00:06.241185: Epoch time: 44.59 s
2026-06-23 23:00:08.038468: 
2026-06-23 23:00:08.038907: Epoch 181
2026-06-23 23:00:08.039076: Current learning rate: 0.00314
2026-06-23 23:00:52.869089: train_loss -0.4118
2026-06-23 23:00:52.869541: val_loss -0.3881
2026-06-23 23:00:52.869682: Pseudo dice [np.float32(0.7665)]
2026-06-23 23:00:52.869859: Epoch time: 44.83 s
2026-06-23 23:00:54.673001: 
2026-06-23 23:00:54.673528: Epoch 182
2026-06-23 23:00:54.673800: Current learning rate: 0.0031
2026-06-23 23:01:39.537884: train_loss -0.4116
2026-06-23 23:01:39.538427: val_loss -0.2878
2026-06-23 23:01:39.538585: Pseudo dice [np.float32(0.7313)]
2026-06-23 23:01:39.538762: Epoch time: 44.87 s
2026-06-23 23:01:41.348217: 
2026-06-23 23:01:41.348706: Epoch 183
2026-06-23 23:01:41.348902: Current learning rate: 0.00306
2026-06-23 23:02:26.208875: train_loss -0.397
2026-06-23 23:02:26.210199: val_loss -0.4408
2026-06-23 23:02:26.210360: Pseudo dice [np.float32(0.7845)]
2026-06-23 23:02:26.210540: Epoch time: 44.86 s
2026-06-23 23:02:28.022492: 
2026-06-23 23:02:28.023189: Epoch 184
2026-06-23 23:02:28.023488: Current learning rate: 0.00302
2026-06-23 23:03:12.948746: train_loss -0.3994
2026-06-23 23:03:12.949412: val_loss -0.4381
2026-06-23 23:03:12.949571: Pseudo dice [np.float32(0.7815)]
2026-06-23 23:03:12.949738: Epoch time: 44.93 s
2026-06-23 23:03:14.746083: 
2026-06-23 23:03:14.746449: Epoch 185
2026-06-23 23:03:14.746634: Current learning rate: 0.00297
2026-06-23 23:03:59.471004: train_loss -0.4005
2026-06-23 23:03:59.471763: val_loss -0.3785
2026-06-23 23:03:59.471930: Pseudo dice [np.float32(0.7661)]
2026-06-23 23:03:59.472110: Epoch time: 44.73 s
2026-06-23 23:04:01.677135: 
2026-06-23 23:04:01.677588: Epoch 186
2026-06-23 23:04:01.677782: Current learning rate: 0.00293
2026-06-23 23:04:46.273737: train_loss -0.4112
2026-06-23 23:04:46.274291: val_loss -0.4221
2026-06-23 23:04:46.274481: Pseudo dice [np.float32(0.7823)]
2026-06-23 23:04:46.274655: Epoch time: 44.6 s
2026-06-23 23:04:48.078011: 
2026-06-23 23:04:48.078384: Epoch 187
2026-06-23 23:04:48.078552: Current learning rate: 0.00289
2026-06-23 23:05:32.712294: train_loss -0.4157
2026-06-23 23:05:32.712843: val_loss -0.2462
2026-06-23 23:05:32.712994: Pseudo dice [np.float32(0.7149)]
2026-06-23 23:05:32.713167: Epoch time: 44.64 s
2026-06-23 23:05:34.526917: 
2026-06-23 23:05:34.527390: Epoch 188
2026-06-23 23:05:34.527697: Current learning rate: 0.00285
2026-06-23 23:06:19.167794: train_loss -0.4105
2026-06-23 23:06:19.168315: val_loss -0.4905
2026-06-23 23:06:19.168483: Pseudo dice [np.float32(0.8027)]
2026-06-23 23:06:19.168672: Epoch time: 44.65 s
2026-06-23 23:06:20.962071: 
2026-06-23 23:06:20.962420: Epoch 189
2026-06-23 23:06:20.962590: Current learning rate: 0.00281
2026-06-23 23:07:05.527826: train_loss -0.4046
2026-06-23 23:07:05.528295: val_loss -0.3613
2026-06-23 23:07:05.528436: Pseudo dice [np.float32(0.7597)]
2026-06-23 23:07:05.528606: Epoch time: 44.57 s
2026-06-23 23:07:07.314875: 
2026-06-23 23:07:07.315156: Epoch 190
2026-06-23 23:07:07.315331: Current learning rate: 0.00277
2026-06-23 23:07:51.987842: train_loss -0.4018
2026-06-23 23:07:51.988266: val_loss -0.4141
2026-06-23 23:07:51.988404: Pseudo dice [np.float32(0.7733)]
2026-06-23 23:07:51.988570: Epoch time: 44.68 s
2026-06-23 23:07:53.778087: 
2026-06-23 23:07:53.778656: Epoch 191
2026-06-23 23:07:53.778974: Current learning rate: 0.00273
2026-06-23 23:08:38.363159: train_loss -0.4041
2026-06-23 23:08:38.363643: val_loss -0.3837
2026-06-23 23:08:38.363810: Pseudo dice [np.float32(0.7485)]
2026-06-23 23:08:38.364057: Epoch time: 44.59 s
2026-06-23 23:08:40.170648: 
2026-06-23 23:08:40.170986: Epoch 192
2026-06-23 23:08:40.171151: Current learning rate: 0.00268
2026-06-23 23:09:24.851614: train_loss -0.4024
2026-06-23 23:09:24.852144: val_loss -0.3953
2026-06-23 23:09:24.852300: Pseudo dice [np.float32(0.7735)]
2026-06-23 23:09:24.852469: Epoch time: 44.68 s
2026-06-23 23:09:26.708259: 
2026-06-23 23:09:26.708743: Epoch 193
2026-06-23 23:09:26.709061: Current learning rate: 0.00264
2026-06-23 23:10:11.312353: train_loss -0.4071
2026-06-23 23:10:11.312833: val_loss -0.4138
2026-06-23 23:10:11.312980: Pseudo dice [np.float32(0.7825)]
2026-06-23 23:10:11.313148: Epoch time: 44.61 s
2026-06-23 23:10:13.114924: 
2026-06-23 23:10:13.115304: Epoch 194
2026-06-23 23:10:13.115481: Current learning rate: 0.0026
2026-06-23 23:10:57.674166: train_loss -0.4131
2026-06-23 23:10:57.674746: val_loss -0.4419
2026-06-23 23:10:57.674907: Pseudo dice [np.float32(0.7864)]
2026-06-23 23:10:57.675082: Epoch time: 44.56 s
2026-06-23 23:10:59.863791: 
2026-06-23 23:10:59.864450: Epoch 195
2026-06-23 23:10:59.864753: Current learning rate: 0.00256
2026-06-23 23:11:44.503256: train_loss -0.4197
2026-06-23 23:11:44.503722: val_loss -0.4406
2026-06-23 23:11:44.503878: Pseudo dice [np.float32(0.794)]
2026-06-23 23:11:44.504046: Epoch time: 44.64 s
2026-06-23 23:11:46.313475: 
2026-06-23 23:11:46.314069: Epoch 196
2026-06-23 23:11:46.314349: Current learning rate: 0.00252
2026-06-23 23:12:30.954231: train_loss -0.4158
2026-06-23 23:12:30.954696: val_loss -0.358
2026-06-23 23:12:30.954842: Pseudo dice [np.float32(0.7646)]
2026-06-23 23:12:30.955033: Epoch time: 44.64 s
2026-06-23 23:12:32.771151: 
2026-06-23 23:12:32.771662: Epoch 197
2026-06-23 23:12:32.771980: Current learning rate: 0.00248
2026-06-23 23:13:17.475524: train_loss -0.4254
2026-06-23 23:13:17.475967: val_loss -0.3088
2026-06-23 23:13:17.476116: Pseudo dice [np.float32(0.739)]
2026-06-23 23:13:17.476292: Epoch time: 44.71 s
2026-06-23 23:13:19.278077: 
2026-06-23 23:13:19.278378: Epoch 198
2026-06-23 23:13:19.278558: Current learning rate: 0.00243
2026-06-23 23:14:03.994935: train_loss -0.4023
2026-06-23 23:14:03.995458: val_loss -0.3999
2026-06-23 23:14:03.995601: Pseudo dice [np.float32(0.7648)]
2026-06-23 23:14:03.995786: Epoch time: 44.72 s
2026-06-23 23:14:05.813222: 
2026-06-23 23:14:05.813680: Epoch 199
2026-06-23 23:14:05.813870: Current learning rate: 0.00239
2026-06-23 23:14:50.386736: train_loss -0.4132
2026-06-23 23:14:50.387225: val_loss -0.4443
2026-06-23 23:14:50.387369: Pseudo dice [np.float32(0.7816)]
2026-06-23 23:14:50.387531: Epoch time: 44.58 s
2026-06-23 23:14:52.725781: 
2026-06-23 23:14:52.726179: Epoch 200
2026-06-23 23:14:52.726342: Current learning rate: 0.00235
2026-06-23 23:15:37.497216: train_loss -0.4026
2026-06-23 23:15:37.497700: val_loss -0.4084
2026-06-23 23:15:37.497877: Pseudo dice [np.float32(0.7685)]
2026-06-23 23:15:37.498057: Epoch time: 44.77 s
2026-06-23 23:15:39.325211: 
2026-06-23 23:15:39.325837: Epoch 201
2026-06-23 23:15:39.326204: Current learning rate: 0.00231
2026-06-23 23:16:24.019612: train_loss -0.4064
2026-06-23 23:16:24.020255: val_loss -0.322
2026-06-23 23:16:24.020424: Pseudo dice [np.float32(0.745)]
2026-06-23 23:16:24.020602: Epoch time: 44.7 s
2026-06-23 23:16:25.842572: 
2026-06-23 23:16:25.842939: Epoch 202
2026-06-23 23:16:25.843232: Current learning rate: 0.00226
2026-06-23 23:17:10.342422: train_loss -0.4246
2026-06-23 23:17:10.345792: val_loss -0.3554
2026-06-23 23:17:10.345964: Pseudo dice [np.float32(0.7572)]
2026-06-23 23:17:10.346151: Epoch time: 44.5 s
2026-06-23 23:17:12.693170: 
2026-06-23 23:17:12.693600: Epoch 203
2026-06-23 23:17:12.693783: Current learning rate: 0.00222
2026-06-23 23:17:57.297951: train_loss -0.4134
2026-06-23 23:17:57.298607: val_loss -0.3466
2026-06-23 23:17:57.298768: Pseudo dice [np.float32(0.7585)]
2026-06-23 23:17:57.298965: Epoch time: 44.61 s
2026-06-23 23:17:59.133085: 
2026-06-23 23:17:59.133698: Epoch 204
2026-06-23 23:17:59.133901: Current learning rate: 0.00218
2026-06-23 23:18:43.796498: train_loss -0.4152
2026-06-23 23:18:43.797072: val_loss -0.3311
2026-06-23 23:18:43.797229: Pseudo dice [np.float32(0.7373)]
2026-06-23 23:18:43.797439: Epoch time: 44.67 s
2026-06-23 23:18:45.632463: 
2026-06-23 23:18:45.632939: Epoch 205
2026-06-23 23:18:45.633131: Current learning rate: 0.00214
2026-06-23 23:19:30.275385: train_loss -0.4077
2026-06-23 23:19:30.276039: val_loss -0.3921
2026-06-23 23:19:30.276187: Pseudo dice [np.float32(0.7846)]
2026-06-23 23:19:30.276369: Epoch time: 44.65 s
2026-06-23 23:19:32.066588: 
2026-06-23 23:19:32.066995: Epoch 206
2026-06-23 23:19:32.067290: Current learning rate: 0.00209
2026-06-23 23:20:16.715072: train_loss -0.4059
2026-06-23 23:20:16.715705: val_loss -0.3607
2026-06-23 23:20:16.715864: Pseudo dice [np.float32(0.769)]
2026-06-23 23:20:16.716041: Epoch time: 44.65 s
2026-06-23 23:20:18.481499: 
2026-06-23 23:20:18.482097: Epoch 207
2026-06-23 23:20:18.482462: Current learning rate: 0.00205
2026-06-23 23:21:03.199696: train_loss -0.4147
2026-06-23 23:21:03.200359: val_loss -0.3972
2026-06-23 23:21:03.200511: Pseudo dice [np.float32(0.7714)]
2026-06-23 23:21:03.200680: Epoch time: 44.72 s
2026-06-23 23:21:04.975411: 
2026-06-23 23:21:04.975838: Epoch 208
2026-06-23 23:21:04.976176: Current learning rate: 0.00201
2026-06-23 23:21:49.527166: train_loss -0.4121
2026-06-23 23:21:49.527625: val_loss -0.4198
2026-06-23 23:21:49.528505: Pseudo dice [np.float32(0.7714)]
2026-06-23 23:21:49.528699: Epoch time: 44.56 s
2026-06-23 23:21:51.281994: 
2026-06-23 23:21:51.282252: Epoch 209
2026-06-23 23:21:51.282422: Current learning rate: 0.00196
2026-06-23 23:22:35.916961: train_loss -0.4171
2026-06-23 23:22:35.917439: val_loss -0.391
2026-06-23 23:22:35.917582: Pseudo dice [np.float32(0.7529)]
2026-06-23 23:22:35.917749: Epoch time: 44.64 s
2026-06-23 23:22:37.680408: 
2026-06-23 23:22:37.680966: Epoch 210
2026-06-23 23:22:37.681266: Current learning rate: 0.00192
2026-06-23 23:23:22.441027: train_loss -0.422
2026-06-23 23:23:22.441720: val_loss -0.3481
2026-06-23 23:23:22.441937: Pseudo dice [np.float32(0.7502)]
2026-06-23 23:23:22.442124: Epoch time: 44.76 s
2026-06-23 23:23:24.212588: 
2026-06-23 23:23:24.212937: Epoch 211
2026-06-23 23:23:24.213152: Current learning rate: 0.00188
2026-06-23 23:24:08.818391: train_loss -0.421
2026-06-23 23:24:08.818934: val_loss -0.3457
2026-06-23 23:24:08.819094: Pseudo dice [np.float32(0.7393)]
2026-06-23 23:24:08.819274: Epoch time: 44.61 s
2026-06-23 23:24:11.026119: 
2026-06-23 23:24:11.026525: Epoch 212
2026-06-23 23:24:11.026700: Current learning rate: 0.00184
2026-06-23 23:24:55.658410: train_loss -0.4209
2026-06-23 23:24:55.658983: val_loss -0.2666
2026-06-23 23:24:55.659171: Pseudo dice [np.float32(0.7317)]
2026-06-23 23:24:55.659351: Epoch time: 44.64 s
2026-06-23 23:24:57.417290: 
2026-06-23 23:24:57.417741: Epoch 213
2026-06-23 23:24:57.418046: Current learning rate: 0.00179
2026-06-23 23:25:42.125164: train_loss -0.4226
2026-06-23 23:25:42.125706: val_loss -0.3857
2026-06-23 23:25:42.125866: Pseudo dice [np.float32(0.7613)]
2026-06-23 23:25:42.126039: Epoch time: 44.71 s
2026-06-23 23:25:43.925123: 
2026-06-23 23:25:43.925684: Epoch 214
2026-06-23 23:25:43.926024: Current learning rate: 0.00175
2026-06-23 23:26:28.635462: train_loss -0.4109
2026-06-23 23:26:28.636008: val_loss -0.4388
2026-06-23 23:26:28.636172: Pseudo dice [np.float32(0.7835)]
2026-06-23 23:26:28.636340: Epoch time: 44.71 s
2026-06-23 23:26:30.367584: 
2026-06-23 23:26:30.367979: Epoch 215
2026-06-23 23:26:30.368147: Current learning rate: 0.0017
2026-06-23 23:27:14.861980: train_loss -0.426
2026-06-23 23:27:14.862498: val_loss -0.3594
2026-06-23 23:27:14.862643: Pseudo dice [np.float32(0.7674)]
2026-06-23 23:27:14.862820: Epoch time: 44.5 s
2026-06-23 23:27:16.645586: 
2026-06-23 23:27:16.646075: Epoch 216
2026-06-23 23:27:16.646409: Current learning rate: 0.00166
2026-06-23 23:28:01.362179: train_loss -0.4098
2026-06-23 23:28:01.362668: val_loss -0.3645
2026-06-23 23:28:01.362823: Pseudo dice [np.float32(0.7612)]
2026-06-23 23:28:01.363006: Epoch time: 44.72 s
2026-06-23 23:28:03.111994: 
2026-06-23 23:28:03.112600: Epoch 217
2026-06-23 23:28:03.112902: Current learning rate: 0.00162
2026-06-23 23:28:47.735051: train_loss -0.3961
2026-06-23 23:28:47.735636: val_loss -0.3577
2026-06-23 23:28:47.735785: Pseudo dice [np.float32(0.7614)]
2026-06-23 23:28:47.735966: Epoch time: 44.63 s
2026-06-23 23:28:49.489469: 
2026-06-23 23:28:49.489926: Epoch 218
2026-06-23 23:28:49.490142: Current learning rate: 0.00157
2026-06-23 23:29:34.155720: train_loss -0.4161
2026-06-23 23:29:34.156239: val_loss -0.3383
2026-06-23 23:29:34.156381: Pseudo dice [np.float32(0.7439)]
2026-06-23 23:29:34.156551: Epoch time: 44.67 s
2026-06-23 23:29:35.901846: 
2026-06-23 23:29:35.902265: Epoch 219
2026-06-23 23:29:35.902449: Current learning rate: 0.00153
2026-06-23 23:30:20.575436: train_loss -0.4112
2026-06-23 23:30:20.576021: val_loss -0.4504
2026-06-23 23:30:20.576174: Pseudo dice [np.float32(0.795)]
2026-06-23 23:30:20.576350: Epoch time: 44.68 s
2026-06-23 23:30:22.318009: 
2026-06-23 23:30:22.318452: Epoch 220
2026-06-23 23:30:22.318737: Current learning rate: 0.00148
2026-06-23 23:31:06.971951: train_loss -0.4197
2026-06-23 23:31:06.972512: val_loss -0.4018
2026-06-23 23:31:06.972654: Pseudo dice [np.float32(0.7758)]
2026-06-23 23:31:06.972827: Epoch time: 44.66 s
2026-06-23 23:31:08.724016: 
2026-06-23 23:31:08.724549: Epoch 221
2026-06-23 23:31:08.724834: Current learning rate: 0.00144
2026-06-23 23:31:53.280298: train_loss -0.4096
2026-06-23 23:31:53.280822: val_loss -0.4368
2026-06-23 23:31:53.280972: Pseudo dice [np.float32(0.7866)]
2026-06-23 23:31:53.281152: Epoch time: 44.56 s
2026-06-23 23:31:55.446515: 
2026-06-23 23:31:55.447638: Epoch 222
2026-06-23 23:31:55.448017: Current learning rate: 0.00139
2026-06-23 23:32:40.170759: train_loss -0.415
2026-06-23 23:32:40.171285: val_loss -0.4299
2026-06-23 23:32:40.171433: Pseudo dice [np.float32(0.7813)]
2026-06-23 23:32:40.171607: Epoch time: 44.73 s
2026-06-23 23:32:41.911806: 
2026-06-23 23:32:41.912112: Epoch 223
2026-06-23 23:32:41.912290: Current learning rate: 0.00135
2026-06-23 23:33:26.675317: train_loss -0.4185
2026-06-23 23:33:26.675804: val_loss -0.2226
2026-06-23 23:33:26.675955: Pseudo dice [np.float32(0.7154)]
2026-06-23 23:33:26.676137: Epoch time: 44.77 s
2026-06-23 23:33:28.413602: 
2026-06-23 23:33:28.413943: Epoch 224
2026-06-23 23:33:28.414185: Current learning rate: 0.0013
2026-06-23 23:34:13.073644: train_loss -0.4346
2026-06-23 23:34:13.074173: val_loss -0.4191
2026-06-23 23:34:13.074338: Pseudo dice [np.float32(0.7807)]
2026-06-23 23:34:13.074517: Epoch time: 44.66 s
2026-06-23 23:34:14.829948: 
2026-06-23 23:34:14.830446: Epoch 225
2026-06-23 23:34:14.830659: Current learning rate: 0.00126
2026-06-23 23:34:59.530035: train_loss -0.4255
2026-06-23 23:34:59.530579: val_loss -0.3538
2026-06-23 23:34:59.530723: Pseudo dice [np.float32(0.7476)]
2026-06-23 23:34:59.530904: Epoch time: 44.7 s
2026-06-23 23:35:01.293591: 
2026-06-23 23:35:01.294055: Epoch 226
2026-06-23 23:35:01.294346: Current learning rate: 0.00121
2026-06-23 23:35:46.003035: train_loss -0.4316
2026-06-23 23:35:46.003717: val_loss -0.4452
2026-06-23 23:35:46.004173: Pseudo dice [np.float32(0.7881)]
2026-06-23 23:35:46.004373: Epoch time: 44.71 s
2026-06-23 23:35:47.765058: 
2026-06-23 23:35:47.765613: Epoch 227
2026-06-23 23:35:47.765908: Current learning rate: 0.00117
2026-06-23 23:36:32.348702: train_loss -0.4193
2026-06-23 23:36:32.349282: val_loss -0.3203
2026-06-23 23:36:32.349430: Pseudo dice [np.float32(0.754)]
2026-06-23 23:36:32.349598: Epoch time: 44.59 s
2026-06-23 23:36:34.097113: 
2026-06-23 23:36:34.097710: Epoch 228
2026-06-23 23:36:34.098008: Current learning rate: 0.00112
2026-06-23 23:37:18.692476: train_loss -0.4236
2026-06-23 23:37:18.693126: val_loss -0.3965
2026-06-23 23:37:18.693277: Pseudo dice [np.float32(0.7785)]
2026-06-23 23:37:18.693455: Epoch time: 44.6 s
2026-06-23 23:37:20.470216: 
2026-06-23 23:37:20.470927: Epoch 229
2026-06-23 23:37:20.471581: Current learning rate: 0.00108
2026-06-23 23:38:05.087635: train_loss -0.4184
2026-06-23 23:38:05.088270: val_loss -0.4252
2026-06-23 23:38:05.088424: Pseudo dice [np.float32(0.7736)]
2026-06-23 23:38:05.088614: Epoch time: 44.62 s
2026-06-23 23:38:06.848842: 
2026-06-23 23:38:06.849355: Epoch 230
2026-06-23 23:38:06.849809: Current learning rate: 0.00103
2026-06-23 23:38:51.400266: train_loss -0.4194
2026-06-23 23:38:51.401023: val_loss -0.3722
2026-06-23 23:38:51.401174: Pseudo dice [np.float32(0.767)]
2026-06-23 23:38:51.401400: Epoch time: 44.55 s
2026-06-23 23:38:53.530082: 
2026-06-23 23:38:53.530375: Epoch 231
2026-06-23 23:38:53.530561: Current learning rate: 0.00098
2026-06-23 23:39:38.247198: train_loss -0.4199
2026-06-23 23:39:38.247950: val_loss -0.3971
2026-06-23 23:39:38.248110: Pseudo dice [np.float32(0.7696)]
2026-06-23 23:39:38.248283: Epoch time: 44.72 s
2026-06-23 23:39:39.996070: 
2026-06-23 23:39:39.996351: Epoch 232
2026-06-23 23:39:39.996538: Current learning rate: 0.00094
2026-06-23 23:40:24.595090: train_loss -0.4205
2026-06-23 23:40:24.595517: val_loss -0.3836
2026-06-23 23:40:24.595663: Pseudo dice [np.float32(0.7728)]
2026-06-23 23:40:24.595830: Epoch time: 44.6 s
2026-06-23 23:40:26.347253: 
2026-06-23 23:40:26.347562: Epoch 233
2026-06-23 23:40:26.347744: Current learning rate: 0.00089
2026-06-23 23:41:11.120094: train_loss -0.4197
2026-06-23 23:41:11.120602: val_loss -0.3938
2026-06-23 23:41:11.121513: Pseudo dice [np.float32(0.7734)]
2026-06-23 23:41:11.121737: Epoch time: 44.78 s
2026-06-23 23:41:12.872871: 
2026-06-23 23:41:12.873230: Epoch 234
2026-06-23 23:41:12.873393: Current learning rate: 0.00084
2026-06-23 23:41:57.519391: train_loss -0.4228
2026-06-23 23:41:57.519833: val_loss -0.4098
2026-06-23 23:41:57.519984: Pseudo dice [np.float32(0.7791)]
2026-06-23 23:41:57.520162: Epoch time: 44.65 s
2026-06-23 23:41:59.274013: 
2026-06-23 23:41:59.274420: Epoch 235
2026-06-23 23:41:59.274725: Current learning rate: 0.00079
2026-06-23 23:42:44.167940: train_loss -0.4248
2026-06-23 23:42:44.168396: val_loss -0.3928
2026-06-23 23:42:44.168541: Pseudo dice [np.float32(0.7713)]
2026-06-23 23:42:44.168712: Epoch time: 44.9 s
2026-06-23 23:42:45.923034: 
2026-06-23 23:42:45.923615: Epoch 236
2026-06-23 23:42:45.924101: Current learning rate: 0.00075
2026-06-23 23:43:30.785813: train_loss -0.4299
2026-06-23 23:43:30.786301: val_loss -0.4052
2026-06-23 23:43:30.786449: Pseudo dice [np.float32(0.7788)]
2026-06-23 23:43:30.786622: Epoch time: 44.87 s
2026-06-23 23:43:32.531748: 
2026-06-23 23:43:32.532127: Epoch 237
2026-06-23 23:43:32.532324: Current learning rate: 0.0007
2026-06-23 23:44:17.236053: train_loss -0.4262
2026-06-23 23:44:17.236503: val_loss -0.2895
2026-06-23 23:44:17.236650: Pseudo dice [np.float32(0.7289)]
2026-06-23 23:44:17.236820: Epoch time: 44.71 s
2026-06-23 23:44:18.991400: 
2026-06-23 23:44:18.991943: Epoch 238
2026-06-23 23:44:18.992231: Current learning rate: 0.00065
2026-06-23 23:45:03.645655: train_loss -0.4448
2026-06-23 23:45:03.646194: val_loss -0.4107
2026-06-23 23:45:03.646343: Pseudo dice [np.float32(0.7892)]
2026-06-23 23:45:03.646515: Epoch time: 44.66 s
2026-06-23 23:45:05.403441: 
2026-06-23 23:45:05.403996: Epoch 239
2026-06-23 23:45:05.404274: Current learning rate: 0.0006
2026-06-23 23:45:49.996304: train_loss -0.4404
2026-06-23 23:45:49.996786: val_loss -0.3384
2026-06-23 23:45:49.996943: Pseudo dice [np.float32(0.7466)]
2026-06-23 23:45:49.997109: Epoch time: 44.6 s
2026-06-23 23:45:51.764347: 
2026-06-23 23:45:51.764759: Epoch 240
2026-06-23 23:45:51.764941: Current learning rate: 0.00055
2026-06-23 23:46:36.463821: train_loss -0.4253
2026-06-23 23:46:36.464332: val_loss -0.405
2026-06-23 23:46:36.464482: Pseudo dice [np.float32(0.7839)]
2026-06-23 23:46:36.464658: Epoch time: 44.7 s
2026-06-23 23:46:38.613002: 
2026-06-23 23:46:38.613727: Epoch 241
2026-06-23 23:46:38.614057: Current learning rate: 0.0005
2026-06-23 23:47:23.234920: train_loss -0.4266
2026-06-23 23:47:23.235528: val_loss -0.4316
2026-06-23 23:47:23.235675: Pseudo dice [np.float32(0.7843)]
2026-06-23 23:47:23.235841: Epoch time: 44.63 s
2026-06-23 23:47:25.008843: 
2026-06-23 23:47:25.009448: Epoch 242
2026-06-23 23:47:25.009764: Current learning rate: 0.00045
2026-06-23 23:48:09.903178: train_loss -0.4188
2026-06-23 23:48:09.903716: val_loss -0.3918
2026-06-23 23:48:09.903882: Pseudo dice [np.float32(0.7733)]
2026-06-23 23:48:09.904046: Epoch time: 44.9 s
2026-06-23 23:48:11.685955: 
2026-06-23 23:48:11.686402: Epoch 243
2026-06-23 23:48:11.686584: Current learning rate: 0.0004
2026-06-23 23:48:56.447058: train_loss -0.443
2026-06-23 23:48:56.447551: val_loss -0.3911
2026-06-23 23:48:56.447694: Pseudo dice [np.float32(0.7719)]
2026-06-23 23:48:56.447865: Epoch time: 44.76 s
2026-06-23 23:48:58.231679: 
2026-06-23 23:48:58.232224: Epoch 244
2026-06-23 23:48:58.232432: Current learning rate: 0.00035
2026-06-23 23:49:43.165317: train_loss -0.4381
2026-06-23 23:49:43.165807: val_loss -0.3709
2026-06-23 23:49:43.165971: Pseudo dice [np.float32(0.7684)]
2026-06-23 23:49:43.166139: Epoch time: 44.94 s
2026-06-23 23:49:44.942640: 
2026-06-23 23:49:44.943030: Epoch 245
2026-06-23 23:49:44.943198: Current learning rate: 0.0003
2026-06-23 23:50:29.667082: train_loss -0.4324
2026-06-23 23:50:29.667653: val_loss -0.3571
2026-06-23 23:50:29.667802: Pseudo dice [np.float32(0.7559)]
2026-06-23 23:50:29.667981: Epoch time: 44.73 s
2026-06-23 23:50:31.440662: 
2026-06-23 23:50:31.440971: Epoch 246
2026-06-23 23:50:31.441142: Current learning rate: 0.00024
2026-06-23 23:51:16.177226: train_loss -0.4252
2026-06-23 23:51:16.177713: val_loss -0.3828
2026-06-23 23:51:16.177876: Pseudo dice [np.float32(0.7654)]
2026-06-23 23:51:16.178054: Epoch time: 44.74 s
2026-06-23 23:51:17.950747: 
2026-06-23 23:51:17.951107: Epoch 247
2026-06-23 23:51:17.951311: Current learning rate: 0.00019
2026-06-23 23:52:02.783133: train_loss -0.4332
2026-06-23 23:52:02.783682: val_loss -0.3629
2026-06-23 23:52:02.783827: Pseudo dice [np.float32(0.7593)]
2026-06-23 23:52:02.784010: Epoch time: 44.84 s
2026-06-23 23:52:04.567762: 
2026-06-23 23:52:04.568469: Epoch 248
2026-06-23 23:52:04.568777: Current learning rate: 0.00013
2026-06-23 23:52:49.498619: train_loss -0.4429
2026-06-23 23:52:49.499161: val_loss -0.4132
2026-06-23 23:52:49.499308: Pseudo dice [np.float32(0.7818)]
2026-06-23 23:52:49.499476: Epoch time: 44.93 s
2026-06-23 23:52:51.286092: 
2026-06-23 23:52:51.286623: Epoch 249
2026-06-23 23:52:51.286945: Current learning rate: 7e-05
2026-06-23 23:53:35.928335: train_loss -0.4396
2026-06-23 23:53:35.928771: val_loss -0.3762
2026-06-23 23:53:35.928927: Pseudo dice [np.float32(0.7722)]
2026-06-23 23:53:35.929101: Epoch time: 44.65 s
2026-06-23 23:53:38.763081: Training done.
2026-06-23 23:53:38.943806: Using splits from existing split file: /gpfs/data/ravenlab/micmac/nnUNet_preprocessed/Dataset004_BinaryTask/splits_final.json
2026-06-23 23:53:38.944236: The split file contains 5 splits.
2026-06-23 23:53:38.944341: Desired fold for training: 3
2026-06-23 23:53:38.944432: This split has 20 training and 5 validation cases.
2026-06-23 23:53:38.944628: predicting 41759_64_claus
2026-06-23 23:53:38.978639: 41759_64_claus, shape torch.Size([1, 1, 2112, 2100]), rank 0
2026-06-23 23:53:45.350137: predicting 41759_G_120_slice_0_2
2026-06-23 23:53:45.414452: 41759_G_120_slice_0_2, shape torch.Size([1, 1, 1263, 6741]), rank 0
2026-06-23 23:53:47.743456: predicting 41759_G_140_slice_0_0
2026-06-23 23:53:47.819308: 41759_G_140_slice_0_0, shape torch.Size([1, 1, 1658, 6027]), rank 0
2026-06-23 23:53:50.994762: predicting 41759_G_150_slice_1_0
2026-06-23 23:53:51.407382: 41759_G_150_slice_1_0, shape torch.Size([1, 1, 10000, 4867]), rank 0
2026-06-23 23:54:07.028800: predicting 41759_G_160_slice_0_1
2026-06-23 23:54:07.063565: 41759_G_160_slice_0_1, shape torch.Size([1, 1, 1721, 3311]), rank 0
2026-06-23 23:54:50.847455: Validation complete
2026-06-23 23:54:50.847619: Mean Validation Dice:  0.7503650093305737
