Loading python/gpu/3.10.6-cuda12.9
  Loading requirement: cuda/12.9

############################
INFO: You are using the old nnU-Net default plans. We have updated our recommendations. Please consider using those instead! Read more here: https://github.com/MIC-DKFZ/nnUNet/blob/master/documentation/resenc_presets.md
############################

Using device: cuda:0

#######################################################################
Please cite the following paper when using nnU-Net:
Isensee, F., Jaeger, P. F., Kohl, S. A., Petersen, J., & Maier-Hein, K. H. (2021). nnU-Net: a self-configuring method for deep learning-based biomedical image segmentation. Nature methods, 18(2), 203-211.
#######################################################################

2026-06-23 12:57:14.040015: do_dummy_2d_data_aug: False
2026-06-23 12:57:14.041471: Using splits from existing split file: /gpfs/data/ravenlab/micmac/nnUNet_preprocessed/Dataset004_BinaryTask/splits_final.json
2026-06-23 12:57:14.058963: The split file contains 5 splits.
2026-06-23 12:57:14.059096: Desired fold for training: 0
2026-06-23 12:57:14.059192: This split has 20 training and 5 validation cases.
using pin_memory on device 0
using pin_memory on device 0

This is the configuration used by this training:
Configuration name: 2d
 {'data_identifier': 'nnUNetPlans_2d', 'preprocessor_name': 'DefaultPreprocessor', 'batch_size': 2, 'patch_size': [1024, 1280], 'median_image_size_in_voxels': [2112.0, 2251.0], 'spacing': [1.0, 1.0], 'normalization_schemes': ['ZScoreNormalization'], 'use_mask_for_norm': [False], 'resampling_fn_data': 'resample_data_or_seg_to_shape', 'resampling_fn_seg': 'resample_data_or_seg_to_shape', 'resampling_fn_data_kwargs': {'is_seg': False, 'order': 3, 'order_z': 0, 'force_separate_z': None}, 'resampling_fn_seg_kwargs': {'is_seg': True, 'order': 1, 'order_z': 0, 'force_separate_z': None}, 'resampling_fn_probabilities': 'resample_data_or_seg_to_shape', 'resampling_fn_probabilities_kwargs': {'is_seg': False, 'order': 1, 'order_z': 0, 'force_separate_z': None}, 'architecture': {'network_class_name': 'dynamic_network_architectures.architectures.unet.PlainConvUNet', 'arch_kwargs': {'n_stages': 9, 'features_per_stage': [32, 64, 128, 256, 512, 512, 512, 512, 512], 'conv_op': 'torch.nn.modules.conv.Conv2d', 'kernel_sizes': [[3, 3], [3, 3], [3, 3], [3, 3], [3, 3], [3, 3], [3, 3], [3, 3], [3, 3]], 'strides': [[1, 1], [2, 2], [2, 2], [2, 2], [2, 2], [2, 2], [2, 2], [2, 2], [2, 2]], 'n_conv_per_stage': [2, 2, 2, 2, 2, 2, 2, 2, 2], 'n_conv_per_stage_decoder': [2, 2, 2, 2, 2, 2, 2, 2], 'conv_bias': True, 'norm_op': 'torch.nn.modules.instancenorm.InstanceNorm2d', 'norm_op_kwargs': {'eps': 1e-05, 'affine': True}, 'dropout_op': None, 'dropout_op_kwargs': None, 'nonlin': 'torch.nn.LeakyReLU', 'nonlin_kwargs': {'inplace': True}}, '_kw_requires_import': ['conv_op', 'norm_op', 'dropout_op', 'nonlin']}, 'batch_dice': True} 

These are the global plan.json settings:
 {'dataset_name': 'Dataset004_BinaryTask', 'plans_name': 'nnUNetPlans', 'original_median_spacing_after_transp': [999.0, 1.0, 1.0], 'original_median_shape_after_transp': [1, 2112, 2251], 'image_reader_writer': 'NaturalImage2DIO', 'transpose_forward': [0, 1, 2], 'transpose_backward': [0, 1, 2], 'experiment_planner_used': 'ExperimentPlanner', 'label_manager': 'LabelManager', 'foreground_intensity_properties_per_channel': {'0': {'max': 252.0, 'mean': 115.78092193603516, 'median': 115.0, 'min': 5.0, 'percentile_00_5': 33.0, 'percentile_99_5': 207.0, 'std': 36.5728759765625}}} 

2026-06-23 12:57:21.208973: Unable to plot network architecture:
2026-06-23 12:57:21.209187: No module named 'hiddenlayer'
2026-06-23 12:57:21.263716: 
2026-06-23 12:57:21.263911: Epoch 0
2026-06-23 12:57:21.264216: Current learning rate: 0.01
2026-06-23 12:59:27.463816: train_loss -0.0882
2026-06-23 12:59:27.464265: val_loss -0.0795
2026-06-23 12:59:27.464421: Pseudo dice [np.float32(0.6706)]
2026-06-23 12:59:27.464594: Epoch time: 126.2 s
2026-06-23 12:59:27.464734: Yayy! New best EMA pseudo Dice: 0.6705999970436096
2026-06-23 12:59:30.329693: Training done.
2026-06-23 12:59:30.579703: Using splits from existing split file: /gpfs/data/ravenlab/micmac/nnUNet_preprocessed/Dataset004_BinaryTask/splits_final.json
2026-06-23 12:59:30.580912: The split file contains 5 splits.
2026-06-23 12:59:30.581029: Desired fold for training: 0
2026-06-23 12:59:30.584317: This split has 20 training and 5 validation cases.
2026-06-23 12:59:30.584533: predicting 41759_48left
2026-06-23 12:59:30.613820: 41759_48left, shape torch.Size([1, 1, 1920, 2251]), rank 0
2026-06-23 12:59:37.375276: predicting 41759_63_claus
2026-06-23 12:59:37.430725: 41759_63_claus, shape torch.Size([1, 1, 2112, 2226]), rank 0
2026-06-23 12:59:38.844959: predicting 41759_G_078_slice_2_1
2026-06-23 12:59:39.167721: 41759_G_078_slice_2_1, shape torch.Size([1, 1, 5346, 10000]), rank 0
2026-06-23 12:59:56.772387: predicting 41759_G_110_slice_2_0
2026-06-23 12:59:56.885458: 41759_G_110_slice_2_0, shape torch.Size([1, 1, 3036, 4119]), rank 0
2026-06-23 13:00:00.448064: predicting 41759_G_130_slice_1_2
2026-06-23 13:00:01.079398: 41759_G_130_slice_1_2, shape torch.Size([1, 1, 10000, 10000]), rank 0
2026-06-23 13:00:53.556741: Validation complete
2026-06-23 13:00:53.556982: Mean Validation Dice:  0.6788768352456878
