Loading python/gpu/3.10.6-cuda12.9
  Loading requirement: cuda/12.9
Launching parallel training for 2D config, Fold 1 using 250-epoch trainer preset...

############################
INFO: You are using the old nnU-Net default plans. We have updated our recommendations. Please consider using those instead! Read more here: https://github.com/MIC-DKFZ/nnUNet/blob/master/documentation/resenc_presets.md
############################

Using device: cuda:0

#######################################################################
Please cite the following paper when using nnU-Net:
Isensee, F., Jaeger, P. F., Kohl, S. A., Petersen, J., & Maier-Hein, K. H. (2021). nnU-Net: a self-configuring method for deep learning-based biomedical image segmentation. Nature methods, 18(2), 203-211.
#######################################################################

2026-06-18 10:56:59.700425: do_dummy_2d_data_aug: False
2026-06-18 10:56:59.702022: Using splits from existing split file: /gpfs/data/ravenlab/micmac/nnUNet_preprocessed/Dataset003_BinaryTask/splits_final.json
2026-06-18 10:56:59.740546: The split file contains 5 splits.
2026-06-18 10:56:59.740675: Desired fold for training: 1
2026-06-18 10:56:59.740769: This split has 20 training and 5 validation cases.
using pin_memory on device 0
using pin_memory on device 0

This is the configuration used by this training:
Configuration name: 2d
 {'data_identifier': 'nnUNetPlans_2d', 'preprocessor_name': 'DefaultPreprocessor', 'batch_size': 2, 'patch_size': [1024, 1536], 'median_image_size_in_voxels': [2176.0, 3311.0], 'spacing': [1.0, 1.0], 'normalization_schemes': ['ZScoreNormalization'], 'use_mask_for_norm': [False], 'resampling_fn_data': 'resample_data_or_seg_to_shape', 'resampling_fn_seg': 'resample_data_or_seg_to_shape', 'resampling_fn_data_kwargs': {'is_seg': False, 'order': 3, 'order_z': 0, 'force_separate_z': None}, 'resampling_fn_seg_kwargs': {'is_seg': True, 'order': 1, 'order_z': 0, 'force_separate_z': None}, 'resampling_fn_probabilities': 'resample_data_or_seg_to_shape', 'resampling_fn_probabilities_kwargs': {'is_seg': False, 'order': 1, 'order_z': 0, 'force_separate_z': None}, 'architecture': {'network_class_name': 'dynamic_network_architectures.architectures.unet.PlainConvUNet', 'arch_kwargs': {'n_stages': 9, 'features_per_stage': [32, 64, 128, 256, 512, 512, 512, 512, 512], 'conv_op': 'torch.nn.modules.conv.Conv2d', 'kernel_sizes': [[3, 3], [3, 3], [3, 3], [3, 3], [3, 3], [3, 3], [3, 3], [3, 3], [3, 3]], 'strides': [[1, 1], [2, 2], [2, 2], [2, 2], [2, 2], [2, 2], [2, 2], [2, 2], [2, 2]], 'n_conv_per_stage': [2, 2, 2, 2, 2, 2, 2, 2, 2], 'n_conv_per_stage_decoder': [2, 2, 2, 2, 2, 2, 2, 2], 'conv_bias': True, 'norm_op': 'torch.nn.modules.instancenorm.InstanceNorm2d', 'norm_op_kwargs': {'eps': 1e-05, 'affine': True}, 'dropout_op': None, 'dropout_op_kwargs': None, 'nonlin': 'torch.nn.LeakyReLU', 'nonlin_kwargs': {'inplace': True}}, '_kw_requires_import': ['conv_op', 'norm_op', 'dropout_op', 'nonlin']}, 'batch_dice': True} 

These are the global plan.json settings:
 {'dataset_name': 'Dataset003_BinaryTask', 'plans_name': 'nnUNetPlans', 'original_median_spacing_after_transp': [999.0, 1.0, 1.0], 'original_median_shape_after_transp': [1, 2176, 3311], 'image_reader_writer': 'NaturalImage2DIO', 'transpose_forward': [0, 1, 2], 'transpose_backward': [0, 1, 2], 'experiment_planner_used': 'ExperimentPlanner', 'label_manager': 'LabelManager', 'foreground_intensity_properties_per_channel': {'0': {'max': 252.0, 'mean': 114.97937774658203, 'median': 113.0, 'min': 4.0, 'percentile_00_5': 32.0, 'percentile_99_5': 208.0, 'std': 38.282249450683594}}} 

2026-06-18 10:57:07.299725: Unable to plot network architecture:
2026-06-18 10:57:07.299906: No module named 'hiddenlayer'
2026-06-18 10:57:07.502012: 
2026-06-18 10:57:07.502221: Epoch 0
2026-06-18 10:57:07.502544: Current learning rate: 0.01
2026-06-18 10:59:19.346210: train_loss 0.1466
2026-06-18 10:59:19.346979: val_loss 0.0346
2026-06-18 10:59:19.347131: Pseudo dice [np.float32(0.5548)]
2026-06-18 10:59:19.347364: Epoch time: 131.85 s
2026-06-18 10:59:19.347503: Yayy! New best EMA pseudo Dice: 0.5547999739646912
2026-06-18 10:59:22.119647: 
2026-06-18 10:59:22.120061: Epoch 1
2026-06-18 10:59:22.120225: Current learning rate: 0.00996
2026-06-18 11:00:15.012161: train_loss -0.0952
2026-06-18 11:00:15.013108: val_loss -0.1357
2026-06-18 11:00:15.013267: Pseudo dice [np.float32(0.6344)]
2026-06-18 11:00:15.013442: Epoch time: 52.9 s
2026-06-18 11:00:15.015484: Yayy! New best EMA pseudo Dice: 0.5627999901771545
2026-06-18 11:00:17.132560: 
2026-06-18 11:00:17.133051: Epoch 2
2026-06-18 11:00:17.133206: Current learning rate: 0.00993
2026-06-18 11:01:10.210986: train_loss -0.192
2026-06-18 11:01:10.211480: val_loss -0.1073
2026-06-18 11:01:10.211623: Pseudo dice [np.float32(0.6511)]
2026-06-18 11:01:10.211793: Epoch time: 53.08 s
2026-06-18 11:01:10.211921: Yayy! New best EMA pseudo Dice: 0.5716000199317932
2026-06-18 11:01:12.360511: 
2026-06-18 11:01:12.360942: Epoch 3
2026-06-18 11:01:12.361097: Current learning rate: 0.00989
2026-06-18 11:02:05.514126: train_loss -0.2113
2026-06-18 11:02:05.515009: val_loss -0.0526
2026-06-18 11:02:05.515178: Pseudo dice [np.float32(0.6362)]
2026-06-18 11:02:05.515359: Epoch time: 53.16 s
2026-06-18 11:02:05.515486: Yayy! New best EMA pseudo Dice: 0.5781000256538391
2026-06-18 11:02:07.706896: 
2026-06-18 11:02:07.707304: Epoch 4
2026-06-18 11:02:07.707461: Current learning rate: 0.00986
2026-06-18 11:03:00.885803: train_loss -0.2521
2026-06-18 11:03:00.887254: val_loss -0.1319
2026-06-18 11:03:00.887403: Pseudo dice [np.float32(0.6628)]
2026-06-18 11:03:00.887577: Epoch time: 53.18 s
2026-06-18 11:03:00.887702: Yayy! New best EMA pseudo Dice: 0.5864999890327454
2026-06-18 11:03:03.056456: 
2026-06-18 11:03:03.056903: Epoch 5
2026-06-18 11:03:03.057298: Current learning rate: 0.00982
2026-06-18 11:03:56.299149: train_loss -0.2613
2026-06-18 11:03:56.301830: val_loss -0.1562
2026-06-18 11:03:56.301989: Pseudo dice [np.float32(0.6626)]
2026-06-18 11:03:56.302190: Epoch time: 53.25 s
2026-06-18 11:03:56.302320: Yayy! New best EMA pseudo Dice: 0.5940999984741211
2026-06-18 11:03:58.423024: 
2026-06-18 11:03:58.423499: Epoch 6
2026-06-18 11:03:58.423664: Current learning rate: 0.00978
2026-06-18 11:04:51.921436: train_loss -0.2713
2026-06-18 11:04:51.921983: val_loss -0.089
2026-06-18 11:04:51.922130: Pseudo dice [np.float32(0.6451)]
2026-06-18 11:04:51.922296: Epoch time: 53.5 s
2026-06-18 11:04:51.922420: Yayy! New best EMA pseudo Dice: 0.5992000102996826
2026-06-18 11:04:54.080960: 
2026-06-18 11:04:54.081563: Epoch 7
2026-06-18 11:04:54.081833: Current learning rate: 0.00975
2026-06-18 11:05:47.394187: train_loss -0.3275
2026-06-18 11:05:47.394749: val_loss -0.1879
2026-06-18 11:05:47.394896: Pseudo dice [np.float32(0.6684)]
2026-06-18 11:05:47.395080: Epoch time: 53.32 s
2026-06-18 11:05:47.395206: Yayy! New best EMA pseudo Dice: 0.6061999797821045
2026-06-18 11:05:49.528054: 
2026-06-18 11:05:49.528529: Epoch 8
2026-06-18 11:05:49.528841: Current learning rate: 0.00971
2026-06-18 11:06:42.835194: train_loss -0.3037
2026-06-18 11:06:42.835752: val_loss -0.2299
2026-06-18 11:06:42.835900: Pseudo dice [np.float32(0.6835)]
2026-06-18 11:06:42.836080: Epoch time: 53.31 s
2026-06-18 11:06:42.836215: Yayy! New best EMA pseudo Dice: 0.6139000058174133
2026-06-18 11:06:45.389848: 
2026-06-18 11:06:45.390262: Epoch 9
2026-06-18 11:06:45.390537: Current learning rate: 0.00968
2026-06-18 11:07:38.652068: train_loss -0.3188
2026-06-18 11:07:38.653725: val_loss -0.1487
2026-06-18 11:07:38.653874: Pseudo dice [np.float32(0.652)]
2026-06-18 11:07:38.654052: Epoch time: 53.27 s
2026-06-18 11:07:38.654179: Yayy! New best EMA pseudo Dice: 0.6176999807357788
2026-06-18 11:07:40.824357: 
2026-06-18 11:07:40.824665: Epoch 10
2026-06-18 11:07:40.824834: Current learning rate: 0.00964
2026-06-18 11:08:34.143883: train_loss -0.3459
2026-06-18 11:08:34.144390: val_loss -0.2124
2026-06-18 11:08:34.144533: Pseudo dice [np.float32(0.6717)]
2026-06-18 11:08:34.144700: Epoch time: 53.32 s
2026-06-18 11:08:34.144823: Yayy! New best EMA pseudo Dice: 0.6230999827384949
2026-06-18 11:08:36.259839: 
2026-06-18 11:08:36.260257: Epoch 11
2026-06-18 11:08:36.260426: Current learning rate: 0.0096
2026-06-18 11:09:29.433071: train_loss -0.3171
2026-06-18 11:09:29.433608: val_loss -0.2101
2026-06-18 11:09:29.433754: Pseudo dice [np.float32(0.6869)]
2026-06-18 11:09:29.433922: Epoch time: 53.18 s
2026-06-18 11:09:29.434064: Yayy! New best EMA pseudo Dice: 0.6294999718666077
2026-06-18 11:09:31.551202: 
2026-06-18 11:09:31.551638: Epoch 12
2026-06-18 11:09:31.551931: Current learning rate: 0.00957
2026-06-18 11:10:24.695957: train_loss -0.3484
2026-06-18 11:10:24.696540: val_loss -0.2054
2026-06-18 11:10:24.696675: Pseudo dice [np.float32(0.6739)]
2026-06-18 11:10:24.696840: Epoch time: 53.15 s
2026-06-18 11:10:24.696970: Yayy! New best EMA pseudo Dice: 0.633899986743927
2026-06-18 11:10:26.790941: 
2026-06-18 11:10:26.791383: Epoch 13
2026-06-18 11:10:26.791689: Current learning rate: 0.00953
2026-06-18 11:11:20.130230: train_loss -0.3651
2026-06-18 11:11:20.130734: val_loss -0.2181
2026-06-18 11:11:20.130886: Pseudo dice [np.float32(0.6895)]
2026-06-18 11:11:20.131073: Epoch time: 53.34 s
2026-06-18 11:11:20.131205: Yayy! New best EMA pseudo Dice: 0.6395000219345093
2026-06-18 11:11:22.225394: 
2026-06-18 11:11:22.225870: Epoch 14
2026-06-18 11:11:22.226052: Current learning rate: 0.00949
2026-06-18 11:12:15.563013: train_loss -0.3676
2026-06-18 11:12:15.563536: val_loss -0.2495
2026-06-18 11:12:15.563678: Pseudo dice [np.float32(0.7073)]
2026-06-18 11:12:15.563852: Epoch time: 53.34 s
2026-06-18 11:12:15.563992: Yayy! New best EMA pseudo Dice: 0.6463000178337097
2026-06-18 11:12:17.685944: 
2026-06-18 11:12:17.686292: Epoch 15
2026-06-18 11:12:17.686454: Current learning rate: 0.00946
2026-06-18 11:13:11.112052: train_loss -0.372
2026-06-18 11:13:11.112593: val_loss -0.239
2026-06-18 11:13:11.112759: Pseudo dice [np.float32(0.7027)]
2026-06-18 11:13:11.112936: Epoch time: 53.43 s
2026-06-18 11:13:11.113063: Yayy! New best EMA pseudo Dice: 0.6518999934196472
2026-06-18 11:13:13.240857: 
2026-06-18 11:13:13.241275: Epoch 16
2026-06-18 11:13:13.241431: Current learning rate: 0.00942
2026-06-18 11:14:06.575624: train_loss -0.3696
2026-06-18 11:14:06.576180: val_loss -0.1618
2026-06-18 11:14:06.576323: Pseudo dice [np.float32(0.6529)]
2026-06-18 11:14:06.576492: Epoch time: 53.34 s
2026-06-18 11:14:06.576615: Yayy! New best EMA pseudo Dice: 0.6520000100135803
2026-06-18 11:14:09.051826: 
2026-06-18 11:14:09.052272: Epoch 17
2026-06-18 11:14:09.052427: Current learning rate: 0.00939
2026-06-18 11:15:02.363739: train_loss -0.3845
2026-06-18 11:15:02.364316: val_loss -0.2257
2026-06-18 11:15:02.364462: Pseudo dice [np.float32(0.6791)]
2026-06-18 11:15:02.364633: Epoch time: 53.31 s
2026-06-18 11:15:02.364761: Yayy! New best EMA pseudo Dice: 0.654699981212616
2026-06-18 11:15:04.604953: 
2026-06-18 11:15:04.605425: Epoch 18
2026-06-18 11:15:04.605622: Current learning rate: 0.00935
2026-06-18 11:15:57.953595: train_loss -0.4022
2026-06-18 11:15:57.954046: val_loss -0.262
2026-06-18 11:15:57.954195: Pseudo dice [np.float32(0.7104)]
2026-06-18 11:15:57.954365: Epoch time: 53.35 s
2026-06-18 11:15:57.954494: Yayy! New best EMA pseudo Dice: 0.6603000164031982
2026-06-18 11:16:00.100811: 
2026-06-18 11:16:00.101153: Epoch 19
2026-06-18 11:16:00.101350: Current learning rate: 0.00931
2026-06-18 11:16:53.590256: train_loss -0.4071
2026-06-18 11:16:53.590854: val_loss -0.1781
2026-06-18 11:16:53.591014: Pseudo dice [np.float32(0.6618)]
2026-06-18 11:16:53.591192: Epoch time: 53.49 s
2026-06-18 11:16:53.591317: Yayy! New best EMA pseudo Dice: 0.6603999733924866
2026-06-18 11:16:55.736858: 
2026-06-18 11:16:55.737325: Epoch 20
2026-06-18 11:16:55.737594: Current learning rate: 0.00928
2026-06-18 11:17:49.199320: train_loss -0.3969
2026-06-18 11:17:49.199838: val_loss -0.2139
2026-06-18 11:17:49.199992: Pseudo dice [np.float32(0.6837)]
2026-06-18 11:17:49.200162: Epoch time: 53.47 s
2026-06-18 11:17:49.200293: Yayy! New best EMA pseudo Dice: 0.6628000140190125
2026-06-18 11:17:51.368293: 
2026-06-18 11:17:51.368640: Epoch 21
2026-06-18 11:17:51.368809: Current learning rate: 0.00924
2026-06-18 11:18:44.668143: train_loss -0.4013
2026-06-18 11:18:44.668698: val_loss -0.1449
2026-06-18 11:18:44.668841: Pseudo dice [np.float32(0.6565)]
2026-06-18 11:18:44.669026: Epoch time: 53.3 s
2026-06-18 11:18:46.354241: 
2026-06-18 11:18:46.354952: Epoch 22
2026-06-18 11:18:46.355267: Current learning rate: 0.0092
2026-06-18 11:19:39.764953: train_loss -0.4237
2026-06-18 11:19:39.765444: val_loss -0.1988
2026-06-18 11:19:39.765589: Pseudo dice [np.float32(0.6902)]
2026-06-18 11:19:39.765757: Epoch time: 53.41 s
2026-06-18 11:19:39.765893: Yayy! New best EMA pseudo Dice: 0.664900004863739
2026-06-18 11:19:41.876597: 
2026-06-18 11:19:41.876964: Epoch 23
2026-06-18 11:19:41.877131: Current learning rate: 0.00917
2026-06-18 11:20:35.078567: train_loss -0.4178
2026-06-18 11:20:35.079162: val_loss -0.2571
2026-06-18 11:20:35.079318: Pseudo dice [np.float32(0.7041)]
2026-06-18 11:20:35.079487: Epoch time: 53.21 s
2026-06-18 11:20:35.079614: Yayy! New best EMA pseudo Dice: 0.6687999963760376
2026-06-18 11:20:37.210188: 
2026-06-18 11:20:37.210699: Epoch 24
2026-06-18 11:20:37.210945: Current learning rate: 0.00913
2026-06-18 11:21:30.540823: train_loss -0.4169
2026-06-18 11:21:30.541400: val_loss -0.1918
2026-06-18 11:21:30.541551: Pseudo dice [np.float32(0.6761)]
2026-06-18 11:21:30.541722: Epoch time: 53.33 s
2026-06-18 11:21:30.541853: Yayy! New best EMA pseudo Dice: 0.6696000099182129
2026-06-18 11:21:33.104509: 
2026-06-18 11:21:33.105020: Epoch 25
2026-06-18 11:21:33.105231: Current learning rate: 0.0091
2026-06-18 11:22:26.584552: train_loss -0.4028
2026-06-18 11:22:26.585017: val_loss -0.2159
2026-06-18 11:22:26.585167: Pseudo dice [np.float32(0.6826)]
2026-06-18 11:22:26.585332: Epoch time: 53.48 s
2026-06-18 11:22:26.585457: Yayy! New best EMA pseudo Dice: 0.6708999872207642
2026-06-18 11:22:28.817466: 
2026-06-18 11:22:28.818026: Epoch 26
2026-06-18 11:22:28.818318: Current learning rate: 0.00906
2026-06-18 11:23:22.172404: train_loss -0.4287
2026-06-18 11:23:22.172963: val_loss -0.1727
2026-06-18 11:23:22.173136: Pseudo dice [np.float32(0.6466)]
2026-06-18 11:23:22.173310: Epoch time: 53.36 s
2026-06-18 11:23:23.856258: 
2026-06-18 11:23:23.856646: Epoch 27
2026-06-18 11:23:23.856833: Current learning rate: 0.00902
2026-06-18 11:24:17.204616: train_loss -0.4221
2026-06-18 11:24:17.206153: val_loss -0.2165
2026-06-18 11:24:17.206298: Pseudo dice [np.float32(0.6832)]
2026-06-18 11:24:17.206465: Epoch time: 53.35 s
2026-06-18 11:24:18.900197: 
2026-06-18 11:24:18.900737: Epoch 28
2026-06-18 11:24:18.901057: Current learning rate: 0.00899
2026-06-18 11:25:12.155259: train_loss -0.4443
2026-06-18 11:25:12.155728: val_loss -0.1019
2026-06-18 11:25:12.155870: Pseudo dice [np.float32(0.6351)]
2026-06-18 11:25:12.156049: Epoch time: 53.26 s
2026-06-18 11:25:13.852623: 
2026-06-18 11:25:13.853040: Epoch 29
2026-06-18 11:25:13.853207: Current learning rate: 0.00895
2026-06-18 11:26:07.080426: train_loss -0.4284
2026-06-18 11:26:07.080893: val_loss -0.234
2026-06-18 11:26:07.081066: Pseudo dice [np.float32(0.6932)]
2026-06-18 11:26:07.081247: Epoch time: 53.23 s
2026-06-18 11:26:08.786188: 
2026-06-18 11:26:08.786756: Epoch 30
2026-06-18 11:26:08.787025: Current learning rate: 0.00891
2026-06-18 11:27:01.868257: train_loss -0.4452
2026-06-18 11:27:01.868749: val_loss -0.1159
2026-06-18 11:27:01.868890: Pseudo dice [np.float32(0.6512)]
2026-06-18 11:27:01.869065: Epoch time: 53.09 s
2026-06-18 11:27:03.581200: 
2026-06-18 11:27:03.581628: Epoch 31
2026-06-18 11:27:03.581793: Current learning rate: 0.00888
2026-06-18 11:27:56.784050: train_loss -0.425
2026-06-18 11:27:56.784657: val_loss -0.1641
2026-06-18 11:27:56.784795: Pseudo dice [np.float32(0.6527)]
2026-06-18 11:27:56.784971: Epoch time: 53.21 s
2026-06-18 11:27:58.487563: 
2026-06-18 11:27:58.488075: Epoch 32
2026-06-18 11:27:58.488344: Current learning rate: 0.00884
2026-06-18 11:28:51.677068: train_loss -0.4453
2026-06-18 11:28:51.677547: val_loss -0.2347
2026-06-18 11:28:51.677701: Pseudo dice [np.float32(0.687)]
2026-06-18 11:28:51.677867: Epoch time: 53.19 s
2026-06-18 11:28:53.391798: 
2026-06-18 11:28:53.392084: Epoch 33
2026-06-18 11:28:53.392246: Current learning rate: 0.0088
2026-06-18 11:29:46.675034: train_loss -0.4368
2026-06-18 11:29:46.675585: val_loss -0.2593
2026-06-18 11:29:46.675730: Pseudo dice [np.float32(0.7022)]
2026-06-18 11:29:46.675894: Epoch time: 53.29 s
2026-06-18 11:29:46.676034: Yayy! New best EMA pseudo Dice: 0.6714000105857849
2026-06-18 11:29:49.156463: 
2026-06-18 11:29:49.156996: Epoch 34
2026-06-18 11:29:49.157328: Current learning rate: 0.00877
2026-06-18 11:30:42.433874: train_loss -0.4256
2026-06-18 11:30:42.434561: val_loss -0.1346
2026-06-18 11:30:42.434707: Pseudo dice [np.float32(0.6374)]
2026-06-18 11:30:42.434880: Epoch time: 53.28 s
2026-06-18 11:30:44.180160: 
2026-06-18 11:30:44.180583: Epoch 35
2026-06-18 11:30:44.180775: Current learning rate: 0.00873
2026-06-18 11:31:37.514356: train_loss -0.3733
2026-06-18 11:31:37.515009: val_loss -0.2857
2026-06-18 11:31:37.515160: Pseudo dice [np.float32(0.7155)]
2026-06-18 11:31:37.515334: Epoch time: 53.34 s
2026-06-18 11:31:37.515476: Yayy! New best EMA pseudo Dice: 0.6728000044822693
2026-06-18 11:31:39.720771: 
2026-06-18 11:31:39.721271: Epoch 36
2026-06-18 11:31:39.721456: Current learning rate: 0.00869
2026-06-18 11:32:33.035990: train_loss -0.4331
2026-06-18 11:32:33.036566: val_loss -0.213
2026-06-18 11:32:33.036714: Pseudo dice [np.float32(0.684)]
2026-06-18 11:32:33.036889: Epoch time: 53.32 s
2026-06-18 11:32:33.037024: Yayy! New best EMA pseudo Dice: 0.6739000082015991
2026-06-18 11:32:35.234974: 
2026-06-18 11:32:35.235389: Epoch 37
2026-06-18 11:32:35.235603: Current learning rate: 0.00866
2026-06-18 11:33:28.573894: train_loss -0.4402
2026-06-18 11:33:28.574448: val_loss -0.2025
2026-06-18 11:33:28.574588: Pseudo dice [np.float32(0.6683)]
2026-06-18 11:33:28.574759: Epoch time: 53.34 s
2026-06-18 11:33:30.320179: 
2026-06-18 11:33:30.320711: Epoch 38
2026-06-18 11:33:30.320993: Current learning rate: 0.00862
2026-06-18 11:34:23.621899: train_loss -0.4415
2026-06-18 11:34:23.622413: val_loss -0.2027
2026-06-18 11:34:23.622566: Pseudo dice [np.float32(0.6559)]
2026-06-18 11:34:23.622735: Epoch time: 53.31 s
2026-06-18 11:34:25.369579: 
2026-06-18 11:34:25.369959: Epoch 39
2026-06-18 11:34:25.370219: Current learning rate: 0.00858
2026-06-18 11:35:18.666427: train_loss -0.4486
2026-06-18 11:35:18.666981: val_loss -0.2311
2026-06-18 11:35:18.667166: Pseudo dice [np.float32(0.6671)]
2026-06-18 11:35:18.667355: Epoch time: 53.3 s
2026-06-18 11:35:20.422040: 
2026-06-18 11:35:20.422415: Epoch 40
2026-06-18 11:35:20.422584: Current learning rate: 0.00855
2026-06-18 11:36:13.625500: train_loss -0.4593
2026-06-18 11:36:13.625948: val_loss -0.2344
2026-06-18 11:36:13.626097: Pseudo dice [np.float32(0.6889)]
2026-06-18 11:36:13.626262: Epoch time: 53.21 s
2026-06-18 11:36:15.379301: 
2026-06-18 11:36:15.379641: Epoch 41
2026-06-18 11:36:15.379804: Current learning rate: 0.00851
2026-06-18 11:37:08.530378: train_loss -0.4297
2026-06-18 11:37:08.530913: val_loss -0.2797
2026-06-18 11:37:08.531070: Pseudo dice [np.float32(0.6923)]
2026-06-18 11:37:08.531239: Epoch time: 53.15 s
2026-06-18 11:37:08.531365: Yayy! New best EMA pseudo Dice: 0.6747999787330627
2026-06-18 11:37:11.000716: 
2026-06-18 11:37:11.001201: Epoch 42
2026-06-18 11:37:11.001394: Current learning rate: 0.00847
2026-06-18 11:38:04.183738: train_loss -0.4455
2026-06-18 11:38:04.184330: val_loss -0.1719
2026-06-18 11:38:04.184469: Pseudo dice [np.float32(0.658)]
2026-06-18 11:38:04.184643: Epoch time: 53.19 s
2026-06-18 11:38:05.900947: 
2026-06-18 11:38:05.901599: Epoch 43
2026-06-18 11:38:05.901881: Current learning rate: 0.00844
2026-06-18 11:38:59.185708: train_loss -0.4649
2026-06-18 11:38:59.189353: val_loss -0.2948
2026-06-18 11:38:59.189502: Pseudo dice [np.float32(0.7049)]
2026-06-18 11:38:59.189670: Epoch time: 53.29 s
2026-06-18 11:38:59.189795: Yayy! New best EMA pseudo Dice: 0.6762999892234802
2026-06-18 11:39:01.415084: 
2026-06-18 11:39:01.415850: Epoch 44
2026-06-18 11:39:01.416085: Current learning rate: 0.0084
2026-06-18 11:39:54.708607: train_loss -0.4378
2026-06-18 11:39:54.709292: val_loss -0.2717
2026-06-18 11:39:54.709491: Pseudo dice [np.float32(0.6954)]
2026-06-18 11:39:54.709675: Epoch time: 53.3 s
2026-06-18 11:39:54.709820: Yayy! New best EMA pseudo Dice: 0.6782000064849854
2026-06-18 11:39:56.890010: 
2026-06-18 11:39:56.890384: Epoch 45
2026-06-18 11:39:56.890669: Current learning rate: 0.00836
2026-06-18 11:40:50.308002: train_loss -0.4203
2026-06-18 11:40:50.308997: val_loss -0.2373
2026-06-18 11:40:50.309164: Pseudo dice [np.float32(0.6799)]
2026-06-18 11:40:50.309338: Epoch time: 53.42 s
2026-06-18 11:40:50.309479: Yayy! New best EMA pseudo Dice: 0.6783999800682068
2026-06-18 11:40:52.479313: 
2026-06-18 11:40:52.479695: Epoch 46
2026-06-18 11:40:52.479874: Current learning rate: 0.00833
2026-06-18 11:41:45.740505: train_loss -0.4236
2026-06-18 11:41:45.740968: val_loss -0.2203
2026-06-18 11:41:45.741112: Pseudo dice [np.float32(0.6812)]
2026-06-18 11:41:45.741283: Epoch time: 53.26 s
2026-06-18 11:41:45.741406: Yayy! New best EMA pseudo Dice: 0.6786999702453613
2026-06-18 11:41:47.904424: 
2026-06-18 11:41:47.904980: Epoch 47
2026-06-18 11:41:47.905171: Current learning rate: 0.00829
2026-06-18 11:42:41.035904: train_loss -0.453
2026-06-18 11:42:41.036442: val_loss -0.1863
2026-06-18 11:42:41.036587: Pseudo dice [np.float32(0.6629)]
2026-06-18 11:42:41.036756: Epoch time: 53.13 s
2026-06-18 11:42:42.743182: 
2026-06-18 11:42:42.743589: Epoch 48
2026-06-18 11:42:42.743771: Current learning rate: 0.00825
2026-06-18 11:43:36.016902: train_loss -0.4653
2026-06-18 11:43:36.017442: val_loss -0.2193
2026-06-18 11:43:36.017587: Pseudo dice [np.float32(0.6849)]
2026-06-18 11:43:36.017758: Epoch time: 53.28 s
2026-06-18 11:43:37.737490: 
2026-06-18 11:43:37.738001: Epoch 49
2026-06-18 11:43:37.738272: Current learning rate: 0.00822
2026-06-18 11:44:30.911092: train_loss -0.4456
2026-06-18 11:44:30.911550: val_loss -0.2027
2026-06-18 11:44:30.911695: Pseudo dice [np.float32(0.671)]
2026-06-18 11:44:30.911863: Epoch time: 53.18 s
2026-06-18 11:44:33.406868: 
2026-06-18 11:44:33.407329: Epoch 50
2026-06-18 11:44:33.407585: Current learning rate: 0.00818
2026-06-18 11:45:26.614277: train_loss -0.4342
2026-06-18 11:45:26.614794: val_loss -0.1872
2026-06-18 11:45:26.614968: Pseudo dice [np.float32(0.6588)]
2026-06-18 11:45:26.615148: Epoch time: 53.21 s
2026-06-18 11:45:28.332242: 
2026-06-18 11:45:28.332757: Epoch 51
2026-06-18 11:45:28.332933: Current learning rate: 0.00814
2026-06-18 11:46:21.707817: train_loss -0.434
2026-06-18 11:46:21.708375: val_loss -0.2052
2026-06-18 11:46:21.708538: Pseudo dice [np.float32(0.6594)]
2026-06-18 11:46:21.708717: Epoch time: 53.38 s
2026-06-18 11:46:23.424973: 
2026-06-18 11:46:23.425332: Epoch 52
2026-06-18 11:46:23.425503: Current learning rate: 0.00811
2026-06-18 11:47:16.562822: train_loss -0.4123
2026-06-18 11:47:16.563295: val_loss -0.1508
2026-06-18 11:47:16.563442: Pseudo dice [np.float32(0.6579)]
2026-06-18 11:47:16.563615: Epoch time: 53.14 s
2026-06-18 11:47:18.284846: 
2026-06-18 11:47:18.285350: Epoch 53
2026-06-18 11:47:18.285610: Current learning rate: 0.00807
2026-06-18 11:48:11.442249: train_loss -0.4544
2026-06-18 11:48:11.442610: val_loss -0.2727
2026-06-18 11:48:11.442779: Pseudo dice [np.float32(0.7059)]
2026-06-18 11:48:11.442954: Epoch time: 53.16 s
2026-06-18 11:48:13.179181: 
2026-06-18 11:48:13.179668: Epoch 54
2026-06-18 11:48:13.179877: Current learning rate: 0.00803
2026-06-18 11:49:06.488204: train_loss -0.4599
2026-06-18 11:49:06.488726: val_loss -0.2417
2026-06-18 11:49:06.488871: Pseudo dice [np.float32(0.6919)]
2026-06-18 11:49:06.489055: Epoch time: 53.31 s
2026-06-18 11:49:08.212082: 
2026-06-18 11:49:08.212578: Epoch 55
2026-06-18 11:49:08.212846: Current learning rate: 0.008
2026-06-18 11:50:01.508423: train_loss -0.4651
2026-06-18 11:50:01.509130: val_loss -0.2065
2026-06-18 11:50:01.509271: Pseudo dice [np.float32(0.6659)]
2026-06-18 11:50:01.509448: Epoch time: 53.3 s
2026-06-18 11:50:03.237049: 
2026-06-18 11:50:03.237514: Epoch 56
2026-06-18 11:50:03.237778: Current learning rate: 0.00796
2026-06-18 11:50:56.621828: train_loss -0.4667
2026-06-18 11:50:56.622428: val_loss -0.1882
2026-06-18 11:50:56.622581: Pseudo dice [np.float32(0.6628)]
2026-06-18 11:50:56.622750: Epoch time: 53.39 s
2026-06-18 11:50:58.352739: 
2026-06-18 11:50:58.353286: Epoch 57
2026-06-18 11:50:58.353555: Current learning rate: 0.00792
2026-06-18 11:51:51.624415: train_loss -0.4814
2026-06-18 11:51:51.625056: val_loss -0.1846
2026-06-18 11:51:51.625205: Pseudo dice [np.float32(0.67)]
2026-06-18 11:51:51.625369: Epoch time: 53.28 s
2026-06-18 11:51:53.339937: 
2026-06-18 11:51:53.340429: Epoch 58
2026-06-18 11:51:53.340594: Current learning rate: 0.00789
2026-06-18 11:52:46.611939: train_loss -0.4747
2026-06-18 11:52:46.612453: val_loss -0.2242
2026-06-18 11:52:46.612602: Pseudo dice [np.float32(0.679)]
2026-06-18 11:52:46.612767: Epoch time: 53.28 s
2026-06-18 11:52:48.683498: 
2026-06-18 11:52:48.684021: Epoch 59
2026-06-18 11:52:48.684191: Current learning rate: 0.00785
2026-06-18 11:53:41.974285: train_loss -0.4541
2026-06-18 11:53:41.974704: val_loss -0.1423
2026-06-18 11:53:41.974851: Pseudo dice [np.float32(0.6282)]
2026-06-18 11:53:41.975032: Epoch time: 53.29 s
2026-06-18 11:53:43.698258: 
2026-06-18 11:53:43.698768: Epoch 60
2026-06-18 11:53:43.699036: Current learning rate: 0.00781
2026-06-18 11:54:36.916408: train_loss -0.4503
2026-06-18 11:54:36.917249: val_loss -0.2401
2026-06-18 11:54:36.917394: Pseudo dice [np.float32(0.682)]
2026-06-18 11:54:36.917569: Epoch time: 53.22 s
2026-06-18 11:54:38.673520: 
2026-06-18 11:54:38.674013: Epoch 61
2026-06-18 11:54:38.674287: Current learning rate: 0.00777
2026-06-18 11:55:31.913945: train_loss -0.4578
2026-06-18 11:55:31.914391: val_loss -0.2696
2026-06-18 11:55:31.914538: Pseudo dice [np.float32(0.6966)]
2026-06-18 11:55:31.914705: Epoch time: 53.24 s
2026-06-18 11:55:33.654716: 
2026-06-18 11:55:33.655192: Epoch 62
2026-06-18 11:55:33.655361: Current learning rate: 0.00774
2026-06-18 11:56:26.765561: train_loss -0.4651
2026-06-18 11:56:26.766835: val_loss -0.1855
2026-06-18 11:56:26.766988: Pseudo dice [np.float32(0.6547)]
2026-06-18 11:56:26.767158: Epoch time: 53.11 s
2026-06-18 11:56:28.498331: 
2026-06-18 11:56:28.498866: Epoch 63
2026-06-18 11:56:28.499150: Current learning rate: 0.0077
2026-06-18 11:57:21.757322: train_loss -0.4634
2026-06-18 11:57:21.764138: val_loss -0.2081
2026-06-18 11:57:21.764307: Pseudo dice [np.float32(0.6707)]
2026-06-18 11:57:21.764476: Epoch time: 53.26 s
2026-06-18 11:57:23.494144: 
2026-06-18 11:57:23.494619: Epoch 64
2026-06-18 11:57:23.494789: Current learning rate: 0.00766
2026-06-18 11:58:16.607314: train_loss -0.4696
2026-06-18 11:58:16.607999: val_loss -0.1866
2026-06-18 11:58:16.608149: Pseudo dice [np.float32(0.669)]
2026-06-18 11:58:16.608320: Epoch time: 53.12 s
2026-06-18 11:58:18.341995: 
2026-06-18 11:58:18.342435: Epoch 65
2026-06-18 11:58:18.342618: Current learning rate: 0.00763
2026-06-18 11:59:11.473348: train_loss -0.4564
2026-06-18 11:59:11.473863: val_loss -0.1456
2026-06-18 11:59:11.474032: Pseudo dice [np.float32(0.642)]
2026-06-18 11:59:11.474207: Epoch time: 53.13 s
2026-06-18 11:59:13.200934: 
2026-06-18 11:59:13.201435: Epoch 66
2026-06-18 11:59:13.201693: Current learning rate: 0.00759
2026-06-18 12:00:06.387161: train_loss -0.4658
2026-06-18 12:00:06.387598: val_loss -0.2769
2026-06-18 12:00:06.387736: Pseudo dice [np.float32(0.6991)]
2026-06-18 12:00:06.387902: Epoch time: 53.19 s
2026-06-18 12:00:08.124246: 
2026-06-18 12:00:08.124743: Epoch 67
2026-06-18 12:00:08.125027: Current learning rate: 0.00755
2026-06-18 12:01:01.321049: train_loss -0.4656
2026-06-18 12:01:01.321601: val_loss -0.2475
2026-06-18 12:01:01.321748: Pseudo dice [np.float32(0.6855)]
2026-06-18 12:01:01.321918: Epoch time: 53.2 s
2026-06-18 12:01:03.426905: 
2026-06-18 12:01:03.427338: Epoch 68
2026-06-18 12:01:03.427580: Current learning rate: 0.00751
2026-06-18 12:01:56.612782: train_loss -0.4915
2026-06-18 12:01:56.613329: val_loss -0.1937
2026-06-18 12:01:56.613482: Pseudo dice [np.float32(0.671)]
2026-06-18 12:01:56.613652: Epoch time: 53.19 s
2026-06-18 12:01:58.368122: 
2026-06-18 12:01:58.368649: Epoch 69
2026-06-18 12:01:58.368814: Current learning rate: 0.00748
2026-06-18 12:02:51.641995: train_loss -0.4706
2026-06-18 12:02:51.642538: val_loss -0.2333
2026-06-18 12:02:51.642692: Pseudo dice [np.float32(0.6749)]
2026-06-18 12:02:51.642869: Epoch time: 53.28 s
2026-06-18 12:02:53.386483: 
2026-06-18 12:02:53.386966: Epoch 70
2026-06-18 12:02:53.387285: Current learning rate: 0.00744
2026-06-18 12:03:46.935869: train_loss -0.452
2026-06-18 12:03:46.936343: val_loss -0.3063
2026-06-18 12:03:46.936482: Pseudo dice [np.float32(0.7148)]
2026-06-18 12:03:46.936652: Epoch time: 53.55 s
2026-06-18 12:03:48.693178: 
2026-06-18 12:03:48.693614: Epoch 71
2026-06-18 12:03:48.693878: Current learning rate: 0.0074
2026-06-18 12:04:42.143790: train_loss -0.4589
2026-06-18 12:04:42.144371: val_loss -0.1914
2026-06-18 12:04:42.144518: Pseudo dice [np.float32(0.6586)]
2026-06-18 12:04:42.144692: Epoch time: 53.45 s
2026-06-18 12:04:43.902126: 
2026-06-18 12:04:43.902693: Epoch 72
2026-06-18 12:04:43.903000: Current learning rate: 0.00737
2026-06-18 12:05:37.197656: train_loss -0.467
2026-06-18 12:05:37.198217: val_loss -0.2452
2026-06-18 12:05:37.198363: Pseudo dice [np.float32(0.6765)]
2026-06-18 12:05:37.198534: Epoch time: 53.3 s
2026-06-18 12:05:38.948621: 
2026-06-18 12:05:38.949065: Epoch 73
2026-06-18 12:05:38.949245: Current learning rate: 0.00733
2026-06-18 12:06:32.285930: train_loss -0.4861
2026-06-18 12:06:32.286464: val_loss -0.2947
2026-06-18 12:06:32.286606: Pseudo dice [np.float32(0.7092)]
2026-06-18 12:06:32.286777: Epoch time: 53.34 s
2026-06-18 12:06:32.286904: Yayy! New best EMA pseudo Dice: 0.6787999868392944
2026-06-18 12:06:34.576538: 
2026-06-18 12:06:34.577033: Epoch 74
2026-06-18 12:06:34.577305: Current learning rate: 0.00729
2026-06-18 12:07:27.950276: train_loss -0.4576
2026-06-18 12:07:27.950757: val_loss -0.2688
2026-06-18 12:07:27.950913: Pseudo dice [np.float32(0.686)]
2026-06-18 12:07:27.951138: Epoch time: 53.38 s
2026-06-18 12:07:27.951290: Yayy! New best EMA pseudo Dice: 0.6794999837875366
2026-06-18 12:07:30.177730: 
2026-06-18 12:07:30.178164: Epoch 75
2026-06-18 12:07:30.178352: Current learning rate: 0.00725
2026-06-18 12:08:23.510377: train_loss -0.4591
2026-06-18 12:08:23.510848: val_loss -0.2453
2026-06-18 12:08:23.511006: Pseudo dice [np.float32(0.6917)]
2026-06-18 12:08:23.511184: Epoch time: 53.34 s
2026-06-18 12:08:23.511308: Yayy! New best EMA pseudo Dice: 0.6808000206947327
2026-06-18 12:08:26.147350: 
2026-06-18 12:08:26.147717: Epoch 76
2026-06-18 12:08:26.147902: Current learning rate: 0.00722
2026-06-18 12:09:19.414036: train_loss -0.4765
2026-06-18 12:09:19.414672: val_loss -0.2442
2026-06-18 12:09:19.414813: Pseudo dice [np.float32(0.6829)]
2026-06-18 12:09:19.414995: Epoch time: 53.27 s
2026-06-18 12:09:19.415134: Yayy! New best EMA pseudo Dice: 0.6809999942779541
2026-06-18 12:09:21.668771: 
2026-06-18 12:09:21.669132: Epoch 77
2026-06-18 12:09:21.669373: Current learning rate: 0.00718
2026-06-18 12:10:14.920555: train_loss -0.4739
2026-06-18 12:10:14.921106: val_loss -0.2229
2026-06-18 12:10:14.921271: Pseudo dice [np.float32(0.6568)]
2026-06-18 12:10:14.921447: Epoch time: 53.26 s
2026-06-18 12:10:16.706436: 
2026-06-18 12:10:16.706857: Epoch 78
2026-06-18 12:10:16.707039: Current learning rate: 0.00714
2026-06-18 12:11:09.851236: train_loss -0.4868
2026-06-18 12:11:09.851752: val_loss -0.1783
2026-06-18 12:11:09.851935: Pseudo dice [np.float32(0.6701)]
2026-06-18 12:11:09.852107: Epoch time: 53.15 s
2026-06-18 12:11:11.619966: 
2026-06-18 12:11:11.620449: Epoch 79
2026-06-18 12:11:11.620642: Current learning rate: 0.0071
2026-06-18 12:12:04.747480: train_loss -0.4835
2026-06-18 12:12:04.748044: val_loss -0.2743
2026-06-18 12:12:04.748205: Pseudo dice [np.float32(0.7032)]
2026-06-18 12:12:04.748373: Epoch time: 53.13 s
2026-06-18 12:12:06.513882: 
2026-06-18 12:12:06.514268: Epoch 80
2026-06-18 12:12:06.514424: Current learning rate: 0.00707
2026-06-18 12:12:59.691277: train_loss -0.4825
2026-06-18 12:12:59.691709: val_loss -0.2303
2026-06-18 12:12:59.691847: Pseudo dice [np.float32(0.668)]
2026-06-18 12:12:59.692027: Epoch time: 53.18 s
2026-06-18 12:13:01.466731: 
2026-06-18 12:13:01.467181: Epoch 81
2026-06-18 12:13:01.467349: Current learning rate: 0.00703
2026-06-18 12:13:54.658448: train_loss -0.4709
2026-06-18 12:13:54.658983: val_loss -0.2637
2026-06-18 12:13:54.659140: Pseudo dice [np.float32(0.6894)]
2026-06-18 12:13:54.659319: Epoch time: 53.19 s
2026-06-18 12:13:56.424757: 
2026-06-18 12:13:56.425173: Epoch 82
2026-06-18 12:13:56.425390: Current learning rate: 0.00699
2026-06-18 12:14:49.591290: train_loss -0.4875
2026-06-18 12:14:49.591834: val_loss -0.2861
2026-06-18 12:14:49.591990: Pseudo dice [np.float32(0.7109)]
2026-06-18 12:14:49.592160: Epoch time: 53.17 s
2026-06-18 12:14:49.592287: Yayy! New best EMA pseudo Dice: 0.6830999851226807
2026-06-18 12:14:51.739791: 
2026-06-18 12:14:51.740280: Epoch 83
2026-06-18 12:14:51.740437: Current learning rate: 0.00696
2026-06-18 12:15:44.962096: train_loss -0.4908
2026-06-18 12:15:44.962586: val_loss -0.214
2026-06-18 12:15:44.962750: Pseudo dice [np.float32(0.6739)]
2026-06-18 12:15:44.963549: Epoch time: 53.23 s
2026-06-18 12:15:47.040648: 
2026-06-18 12:15:47.041082: Epoch 84
2026-06-18 12:15:47.041243: Current learning rate: 0.00692
2026-06-18 12:16:40.209657: train_loss -0.476
2026-06-18 12:16:40.210371: val_loss -0.2663
2026-06-18 12:16:40.210583: Pseudo dice [np.float32(0.6919)]
2026-06-18 12:16:40.210764: Epoch time: 53.17 s
2026-06-18 12:16:40.210895: Yayy! New best EMA pseudo Dice: 0.6832000017166138
2026-06-18 12:16:42.362094: 
2026-06-18 12:16:42.362480: Epoch 85
2026-06-18 12:16:42.362653: Current learning rate: 0.00688
2026-06-18 12:17:35.498202: train_loss -0.4689
2026-06-18 12:17:35.498623: val_loss -0.295
2026-06-18 12:17:35.498767: Pseudo dice [np.float32(0.7068)]
2026-06-18 12:17:35.498942: Epoch time: 53.14 s
2026-06-18 12:17:35.499084: Yayy! New best EMA pseudo Dice: 0.6855999827384949
2026-06-18 12:17:37.638969: 
2026-06-18 12:17:37.639391: Epoch 86
2026-06-18 12:17:37.639554: Current learning rate: 0.00684
2026-06-18 12:18:30.787440: train_loss -0.4734
2026-06-18 12:18:30.788065: val_loss -0.2227
2026-06-18 12:18:30.788204: Pseudo dice [np.float32(0.6733)]
2026-06-18 12:18:30.788380: Epoch time: 53.15 s
2026-06-18 12:18:32.501464: 
2026-06-18 12:18:32.501905: Epoch 87
2026-06-18 12:18:32.502180: Current learning rate: 0.0068
2026-06-18 12:19:25.656012: train_loss -0.4697
2026-06-18 12:19:25.656528: val_loss -0.2682
2026-06-18 12:19:25.656669: Pseudo dice [np.float32(0.6944)]
2026-06-18 12:19:25.656840: Epoch time: 53.16 s
2026-06-18 12:19:27.394855: 
2026-06-18 12:19:27.395431: Epoch 88
2026-06-18 12:19:27.395621: Current learning rate: 0.00677
2026-06-18 12:20:20.635678: train_loss -0.4923
2026-06-18 12:20:20.636171: val_loss -0.2435
2026-06-18 12:20:20.636320: Pseudo dice [np.float32(0.6944)]
2026-06-18 12:20:20.636498: Epoch time: 53.24 s
2026-06-18 12:20:20.636624: Yayy! New best EMA pseudo Dice: 0.6862000226974487
2026-06-18 12:20:22.817543: 
2026-06-18 12:20:22.818077: Epoch 89
2026-06-18 12:20:22.818365: Current learning rate: 0.00673
2026-06-18 12:21:16.141980: train_loss -0.4836
2026-06-18 12:21:16.142480: val_loss -0.292
2026-06-18 12:21:16.142643: Pseudo dice [np.float32(0.7003)]
2026-06-18 12:21:16.142813: Epoch time: 53.33 s
2026-06-18 12:21:16.142952: Yayy! New best EMA pseudo Dice: 0.6876000165939331
2026-06-18 12:21:18.331332: 
2026-06-18 12:21:18.331751: Epoch 90
2026-06-18 12:21:18.331947: Current learning rate: 0.00669
2026-06-18 12:22:11.722656: train_loss -0.4845
2026-06-18 12:22:11.723100: val_loss -0.3124
2026-06-18 12:22:11.723242: Pseudo dice [np.float32(0.7046)]
2026-06-18 12:22:11.723417: Epoch time: 53.39 s
2026-06-18 12:22:11.723543: Yayy! New best EMA pseudo Dice: 0.689300000667572
2026-06-18 12:22:13.912236: 
2026-06-18 12:22:13.912660: Epoch 91
2026-06-18 12:22:13.912854: Current learning rate: 0.00665
2026-06-18 12:23:07.216971: train_loss -0.4767
2026-06-18 12:23:07.217664: val_loss -0.2447
2026-06-18 12:23:07.217812: Pseudo dice [np.float32(0.6907)]
2026-06-18 12:23:07.218024: Epoch time: 53.31 s
2026-06-18 12:23:07.218163: Yayy! New best EMA pseudo Dice: 0.6894999742507935
2026-06-18 12:23:09.746595: 
2026-06-18 12:23:09.747106: Epoch 92
2026-06-18 12:23:09.747399: Current learning rate: 0.00662
2026-06-18 12:24:02.959495: train_loss -0.4921
2026-06-18 12:24:02.960062: val_loss -0.2645
2026-06-18 12:24:02.960209: Pseudo dice [np.float32(0.6896)]
2026-06-18 12:24:02.960376: Epoch time: 53.22 s
2026-06-18 12:24:02.960501: Yayy! New best EMA pseudo Dice: 0.6894999742507935
2026-06-18 12:24:05.132766: 
2026-06-18 12:24:05.133120: Epoch 93
2026-06-18 12:24:05.133274: Current learning rate: 0.00658
2026-06-18 12:24:58.458127: train_loss -0.5092
2026-06-18 12:24:58.458622: val_loss -0.2072
2026-06-18 12:24:58.458789: Pseudo dice [np.float32(0.6721)]
2026-06-18 12:24:58.458971: Epoch time: 53.33 s
2026-06-18 12:25:00.180327: 
2026-06-18 12:25:00.180940: Epoch 94
2026-06-18 12:25:00.181256: Current learning rate: 0.00654
2026-06-18 12:25:53.315200: train_loss -0.4899
2026-06-18 12:25:53.315760: val_loss -0.2737
2026-06-18 12:25:53.315930: Pseudo dice [np.float32(0.7042)]
2026-06-18 12:25:53.316109: Epoch time: 53.14 s
2026-06-18 12:25:55.037133: 
2026-06-18 12:25:55.037534: Epoch 95
2026-06-18 12:25:55.037719: Current learning rate: 0.0065
2026-06-18 12:26:48.179244: train_loss -0.4896
2026-06-18 12:26:48.179712: val_loss -0.1959
2026-06-18 12:26:48.179856: Pseudo dice [np.float32(0.6679)]
2026-06-18 12:26:48.180037: Epoch time: 53.15 s
2026-06-18 12:26:49.898933: 
2026-06-18 12:26:49.899326: Epoch 96
2026-06-18 12:26:49.899491: Current learning rate: 0.00647
2026-06-18 12:27:43.061083: train_loss -0.4868
2026-06-18 12:27:43.061507: val_loss -0.2413
2026-06-18 12:27:43.061655: Pseudo dice [np.float32(0.6964)]
2026-06-18 12:27:43.061828: Epoch time: 53.17 s
2026-06-18 12:27:44.804138: 
2026-06-18 12:27:44.804583: Epoch 97
2026-06-18 12:27:44.804749: Current learning rate: 0.00643
2026-06-18 12:28:38.043689: train_loss -0.4994
2026-06-18 12:28:38.044276: val_loss -0.2988
2026-06-18 12:28:38.044417: Pseudo dice [np.float32(0.699)]
2026-06-18 12:28:38.044595: Epoch time: 53.24 s
2026-06-18 12:28:39.772708: 
2026-06-18 12:28:39.773100: Epoch 98
2026-06-18 12:28:39.773389: Current learning rate: 0.00639
2026-06-18 12:29:33.002356: train_loss -0.4899
2026-06-18 12:29:33.002936: val_loss -0.2682
2026-06-18 12:29:33.003087: Pseudo dice [np.float32(0.6911)]
2026-06-18 12:29:33.003257: Epoch time: 53.23 s
2026-06-18 12:29:34.735427: 
2026-06-18 12:29:34.735903: Epoch 99
2026-06-18 12:29:34.736180: Current learning rate: 0.00635
2026-06-18 12:30:27.852552: train_loss -0.4881
2026-06-18 12:30:27.852972: val_loss -0.2016
2026-06-18 12:30:27.853118: Pseudo dice [np.float32(0.6581)]
2026-06-18 12:30:27.853285: Epoch time: 53.12 s
2026-06-18 12:30:30.016317: 
2026-06-18 12:30:30.016783: Epoch 100
2026-06-18 12:30:30.017067: Current learning rate: 0.00631
2026-06-18 12:31:23.386528: train_loss -0.4981
2026-06-18 12:31:23.387015: val_loss -0.2392
2026-06-18 12:31:23.387156: Pseudo dice [np.float32(0.6817)]
2026-06-18 12:31:23.387334: Epoch time: 53.37 s
2026-06-18 12:31:25.497361: 
2026-06-18 12:31:25.497750: Epoch 101
2026-06-18 12:31:25.497905: Current learning rate: 0.00628
2026-06-18 12:32:18.544091: train_loss -0.4773
2026-06-18 12:32:18.544661: val_loss -0.2427
2026-06-18 12:32:18.544817: Pseudo dice [np.float32(0.6809)]
2026-06-18 12:32:18.544995: Epoch time: 53.05 s
2026-06-18 12:32:20.285234: 
2026-06-18 12:32:20.285744: Epoch 102
2026-06-18 12:32:20.286017: Current learning rate: 0.00624
2026-06-18 12:33:13.447662: train_loss -0.5014
2026-06-18 12:33:13.448175: val_loss -0.1904
2026-06-18 12:33:13.448335: Pseudo dice [np.float32(0.6613)]
2026-06-18 12:33:13.448528: Epoch time: 53.17 s
2026-06-18 12:33:15.185609: 
2026-06-18 12:33:15.186219: Epoch 103
2026-06-18 12:33:15.186498: Current learning rate: 0.0062
2026-06-18 12:34:08.305905: train_loss -0.4862
2026-06-18 12:34:08.306388: val_loss -0.2183
2026-06-18 12:34:08.306536: Pseudo dice [np.float32(0.6638)]
2026-06-18 12:34:08.306706: Epoch time: 53.12 s
2026-06-18 12:34:10.036762: 
2026-06-18 12:34:10.037140: Epoch 104
2026-06-18 12:34:10.037333: Current learning rate: 0.00616
2026-06-18 12:35:03.257884: train_loss -0.4828
2026-06-18 12:35:03.258407: val_loss -0.2266
2026-06-18 12:35:03.258564: Pseudo dice [np.float32(0.6766)]
2026-06-18 12:35:03.258730: Epoch time: 53.22 s
2026-06-18 12:35:04.998968: 
2026-06-18 12:35:04.999361: Epoch 105
2026-06-18 12:35:04.999534: Current learning rate: 0.00612
2026-06-18 12:35:58.336114: train_loss -0.4912
2026-06-18 12:35:58.336622: val_loss -0.2356
2026-06-18 12:35:58.336788: Pseudo dice [np.float32(0.6743)]
2026-06-18 12:35:58.336967: Epoch time: 53.34 s
2026-06-18 12:36:00.070583: 
2026-06-18 12:36:00.070950: Epoch 106
2026-06-18 12:36:00.071157: Current learning rate: 0.00609
2026-06-18 12:36:53.316943: train_loss -0.4921
2026-06-18 12:36:53.317398: val_loss -0.1586
2026-06-18 12:36:53.317545: Pseudo dice [np.float32(0.6448)]
2026-06-18 12:36:53.317714: Epoch time: 53.25 s
2026-06-18 12:36:55.066364: 
2026-06-18 12:36:55.066831: Epoch 107
2026-06-18 12:36:55.067011: Current learning rate: 0.00605
2026-06-18 12:37:48.318730: train_loss -0.4902
2026-06-18 12:37:48.319350: val_loss -0.2136
2026-06-18 12:37:48.319521: Pseudo dice [np.float32(0.6728)]
2026-06-18 12:37:48.319692: Epoch time: 53.26 s
2026-06-18 12:37:50.061624: 
2026-06-18 12:37:50.062068: Epoch 108
2026-06-18 12:37:50.062243: Current learning rate: 0.00601
2026-06-18 12:38:43.318882: train_loss -0.4868
2026-06-18 12:38:43.319335: val_loss -0.2816
2026-06-18 12:38:43.319474: Pseudo dice [np.float32(0.7013)]
2026-06-18 12:38:43.319647: Epoch time: 53.26 s
2026-06-18 12:38:45.066172: 
2026-06-18 12:38:45.066742: Epoch 109
2026-06-18 12:38:45.067061: Current learning rate: 0.00597
2026-06-18 12:39:38.425694: train_loss -0.4599
2026-06-18 12:39:38.426228: val_loss -0.2001
2026-06-18 12:39:38.426371: Pseudo dice [np.float32(0.6714)]
2026-06-18 12:39:38.426547: Epoch time: 53.36 s
2026-06-18 12:39:40.549844: 
2026-06-18 12:39:40.550280: Epoch 110
2026-06-18 12:39:40.550435: Current learning rate: 0.00593
2026-06-18 12:40:33.668512: train_loss -0.4711
2026-06-18 12:40:33.669258: val_loss -0.1938
2026-06-18 12:40:33.669425: Pseudo dice [np.float32(0.6647)]
2026-06-18 12:40:33.669600: Epoch time: 53.12 s
2026-06-18 12:40:35.404764: 
2026-06-18 12:40:35.405303: Epoch 111
2026-06-18 12:40:35.405511: Current learning rate: 0.0059
2026-06-18 12:41:28.567392: train_loss -0.4753
2026-06-18 12:41:28.567911: val_loss -0.2484
2026-06-18 12:41:28.568069: Pseudo dice [np.float32(0.6897)]
2026-06-18 12:41:28.568249: Epoch time: 53.17 s
2026-06-18 12:41:30.287776: 
2026-06-18 12:41:30.288357: Epoch 112
2026-06-18 12:41:30.288538: Current learning rate: 0.00586
2026-06-18 12:42:23.533534: train_loss -0.4838
2026-06-18 12:42:23.534181: val_loss -0.2769
2026-06-18 12:42:23.534338: Pseudo dice [np.float32(0.7027)]
2026-06-18 12:42:23.534513: Epoch time: 53.25 s
2026-06-18 12:42:25.257529: 
2026-06-18 12:42:25.257957: Epoch 113
2026-06-18 12:42:25.258147: Current learning rate: 0.00582
2026-06-18 12:43:18.606712: train_loss -0.4963
2026-06-18 12:43:18.607185: val_loss -0.2597
2026-06-18 12:43:18.607327: Pseudo dice [np.float32(0.6911)]
2026-06-18 12:43:18.607511: Epoch time: 53.35 s
2026-06-18 12:43:20.325072: 
2026-06-18 12:43:20.325417: Epoch 114
2026-06-18 12:43:20.325588: Current learning rate: 0.00578
2026-06-18 12:44:13.526805: train_loss -0.5034
2026-06-18 12:44:13.527493: val_loss -0.2356
2026-06-18 12:44:13.527642: Pseudo dice [np.float32(0.6807)]
2026-06-18 12:44:13.527817: Epoch time: 53.2 s
2026-06-18 12:44:15.241476: 
2026-06-18 12:44:15.241915: Epoch 115
2026-06-18 12:44:15.242106: Current learning rate: 0.00574
2026-06-18 12:45:08.465736: train_loss -0.4931
2026-06-18 12:45:08.466290: val_loss -0.2087
2026-06-18 12:45:08.466441: Pseudo dice [np.float32(0.6842)]
2026-06-18 12:45:08.466614: Epoch time: 53.23 s
2026-06-18 12:45:10.195497: 
2026-06-18 12:45:10.195853: Epoch 116
2026-06-18 12:45:10.196033: Current learning rate: 0.0057
2026-06-18 12:46:03.469018: train_loss -0.4947
2026-06-18 12:46:03.469721: val_loss -0.1818
2026-06-18 12:46:03.469870: Pseudo dice [np.float32(0.6651)]
2026-06-18 12:46:03.470050: Epoch time: 53.28 s
2026-06-18 12:46:05.204667: 
2026-06-18 12:46:05.205199: Epoch 117
2026-06-18 12:46:05.205474: Current learning rate: 0.00567
2026-06-18 12:46:58.512504: train_loss -0.5015
2026-06-18 12:46:58.513082: val_loss -0.2865
2026-06-18 12:46:58.513233: Pseudo dice [np.float32(0.6883)]
2026-06-18 12:46:58.513403: Epoch time: 53.31 s
2026-06-18 12:47:00.678421: 
2026-06-18 12:47:00.678774: Epoch 118
2026-06-18 12:47:00.678963: Current learning rate: 0.00563
2026-06-18 12:47:53.993380: train_loss -0.4966
2026-06-18 12:47:53.993959: val_loss -0.202
2026-06-18 12:47:53.994107: Pseudo dice [np.float32(0.6682)]
2026-06-18 12:47:53.994285: Epoch time: 53.32 s
2026-06-18 12:47:55.741489: 
2026-06-18 12:47:55.741962: Epoch 119
2026-06-18 12:47:55.742152: Current learning rate: 0.00559
2026-06-18 12:48:49.065650: train_loss -0.4711
2026-06-18 12:48:49.066158: val_loss -0.202
2026-06-18 12:48:49.066305: Pseudo dice [np.float32(0.6752)]
2026-06-18 12:48:49.066486: Epoch time: 53.33 s
2026-06-18 12:48:50.801118: 
2026-06-18 12:48:50.801647: Epoch 120
2026-06-18 12:48:50.801861: Current learning rate: 0.00555
2026-06-18 12:49:44.090160: train_loss -0.4819
2026-06-18 12:49:44.090677: val_loss -0.2321
2026-06-18 12:49:44.090821: Pseudo dice [np.float32(0.6881)]
2026-06-18 12:49:44.091003: Epoch time: 53.29 s
2026-06-18 12:49:45.832555: 
2026-06-18 12:49:45.833095: Epoch 121
2026-06-18 12:49:45.833274: Current learning rate: 0.00551
2026-06-18 12:50:39.215059: train_loss -0.4737
2026-06-18 12:50:39.215692: val_loss -0.2181
2026-06-18 12:50:39.215838: Pseudo dice [np.float32(0.6748)]
2026-06-18 12:50:39.216022: Epoch time: 53.39 s
2026-06-18 12:50:40.958831: 
2026-06-18 12:50:40.959489: Epoch 122
2026-06-18 12:50:40.959811: Current learning rate: 0.00547
2026-06-18 12:51:34.390255: train_loss -0.4875
2026-06-18 12:51:34.390809: val_loss -0.1907
2026-06-18 12:51:34.390960: Pseudo dice [np.float32(0.6577)]
2026-06-18 12:51:34.391138: Epoch time: 53.43 s
2026-06-18 12:51:36.145254: 
2026-06-18 12:51:36.145602: Epoch 123
2026-06-18 12:51:36.145782: Current learning rate: 0.00544
2026-06-18 12:52:29.477791: train_loss -0.4925
2026-06-18 12:52:29.478337: val_loss -0.1795
2026-06-18 12:52:29.478487: Pseudo dice [np.float32(0.6427)]
2026-06-18 12:52:29.478662: Epoch time: 53.34 s
2026-06-18 12:52:31.240721: 
2026-06-18 12:52:31.241268: Epoch 124
2026-06-18 12:52:31.241549: Current learning rate: 0.0054
2026-06-18 12:53:24.699702: train_loss -0.4922
2026-06-18 12:53:24.700232: val_loss -0.2006
2026-06-18 12:53:24.700386: Pseudo dice [np.float32(0.6632)]
2026-06-18 12:53:24.700559: Epoch time: 53.46 s
2026-06-18 12:53:26.455503: 
2026-06-18 12:53:26.455998: Epoch 125
2026-06-18 12:53:26.456194: Current learning rate: 0.00536
2026-06-18 12:54:19.765155: train_loss -0.4884
2026-06-18 12:54:19.765763: val_loss -0.2151
2026-06-18 12:54:19.765907: Pseudo dice [np.float32(0.6749)]
2026-06-18 12:54:19.766083: Epoch time: 53.31 s
2026-06-18 12:54:21.497802: 
2026-06-18 12:54:21.498184: Epoch 126
2026-06-18 12:54:21.498364: Current learning rate: 0.00532
2026-06-18 12:55:14.656449: train_loss -0.4928
2026-06-18 12:55:14.657002: val_loss -0.2244
2026-06-18 12:55:14.657157: Pseudo dice [np.float32(0.6667)]
2026-06-18 12:55:14.657329: Epoch time: 53.16 s
2026-06-18 12:55:16.759963: 
2026-06-18 12:55:16.760486: Epoch 127
2026-06-18 12:55:16.760758: Current learning rate: 0.00528
2026-06-18 12:56:09.933982: train_loss -0.4892
2026-06-18 12:56:09.934532: val_loss -0.238
2026-06-18 12:56:09.934671: Pseudo dice [np.float32(0.6891)]
2026-06-18 12:56:09.934840: Epoch time: 53.18 s
2026-06-18 12:56:11.677999: 
2026-06-18 12:56:11.678448: Epoch 128
2026-06-18 12:56:11.678639: Current learning rate: 0.00524
2026-06-18 12:57:04.833049: train_loss -0.4986
2026-06-18 12:57:04.833563: val_loss -0.2102
2026-06-18 12:57:04.833705: Pseudo dice [np.float32(0.671)]
2026-06-18 12:57:04.833879: Epoch time: 53.16 s
2026-06-18 12:57:06.581233: 
2026-06-18 12:57:06.581777: Epoch 129
2026-06-18 12:57:06.582023: Current learning rate: 0.0052
2026-06-18 12:57:59.872502: train_loss -0.5012
2026-06-18 12:57:59.873059: val_loss -0.2344
2026-06-18 12:57:59.873220: Pseudo dice [np.float32(0.6896)]
2026-06-18 12:57:59.873395: Epoch time: 53.29 s
2026-06-18 12:58:01.626660: 
2026-06-18 12:58:01.627145: Epoch 130
2026-06-18 12:58:01.627314: Current learning rate: 0.00517
2026-06-18 12:58:54.995237: train_loss -0.4966
2026-06-18 12:58:54.995786: val_loss -0.3326
2026-06-18 12:58:54.995936: Pseudo dice [np.float32(0.7172)]
2026-06-18 12:58:54.996106: Epoch time: 53.37 s
2026-06-18 12:58:56.755916: 
2026-06-18 12:58:56.756494: Epoch 131
2026-06-18 12:58:56.756785: Current learning rate: 0.00513
2026-06-18 12:59:50.015607: train_loss -0.509
2026-06-18 12:59:50.016100: val_loss -0.2164
2026-06-18 12:59:50.016248: Pseudo dice [np.float32(0.6842)]
2026-06-18 12:59:50.016417: Epoch time: 53.26 s
2026-06-18 12:59:51.774409: 
2026-06-18 12:59:51.774987: Epoch 132
2026-06-18 12:59:51.775327: Current learning rate: 0.00509
2026-06-18 13:00:45.138634: train_loss -0.4954
2026-06-18 13:00:45.139433: val_loss -0.1683
2026-06-18 13:00:45.139579: Pseudo dice [np.float32(0.6614)]
2026-06-18 13:00:45.139752: Epoch time: 53.37 s
2026-06-18 13:00:46.889984: 
2026-06-18 13:00:46.890475: Epoch 133
2026-06-18 13:00:46.890756: Current learning rate: 0.00505
2026-06-18 13:01:40.165779: train_loss -0.5036
2026-06-18 13:01:40.166257: val_loss -0.2
2026-06-18 13:01:40.166402: Pseudo dice [np.float32(0.6608)]
2026-06-18 13:01:40.166570: Epoch time: 53.28 s
2026-06-18 13:01:41.908469: 
2026-06-18 13:01:41.908819: Epoch 134
2026-06-18 13:01:41.908978: Current learning rate: 0.00501
2026-06-18 13:02:35.156441: train_loss -0.4892
2026-06-18 13:02:35.157144: val_loss -0.2798
2026-06-18 13:02:35.157299: Pseudo dice [np.float32(0.6933)]
2026-06-18 13:02:35.157465: Epoch time: 53.25 s
2026-06-18 13:02:36.958402: 
2026-06-18 13:02:36.959163: Epoch 135
2026-06-18 13:02:36.959757: Current learning rate: 0.00497
2026-06-18 13:03:30.185697: train_loss -0.5091
2026-06-18 13:03:30.186232: val_loss -0.1941
2026-06-18 13:03:30.186383: Pseudo dice [np.float32(0.6619)]
2026-06-18 13:03:30.186575: Epoch time: 53.23 s
2026-06-18 13:03:32.310484: 
2026-06-18 13:03:32.311128: Epoch 136
2026-06-18 13:03:32.311529: Current learning rate: 0.00493
2026-06-18 13:04:25.561930: train_loss -0.4939
2026-06-18 13:04:25.562411: val_loss -0.2769
2026-06-18 13:04:25.562558: Pseudo dice [np.float32(0.6908)]
2026-06-18 13:04:25.562728: Epoch time: 53.26 s
2026-06-18 13:04:27.324456: 
2026-06-18 13:04:27.325046: Epoch 137
2026-06-18 13:04:27.325303: Current learning rate: 0.00489
2026-06-18 13:05:20.707096: train_loss -0.5102
2026-06-18 13:05:20.707608: val_loss -0.2118
2026-06-18 13:05:20.707752: Pseudo dice [np.float32(0.6699)]
2026-06-18 13:05:20.707940: Epoch time: 53.39 s
2026-06-18 13:05:22.463629: 
2026-06-18 13:05:22.464013: Epoch 138
2026-06-18 13:05:22.464167: Current learning rate: 0.00485
2026-06-18 13:06:15.686933: train_loss -0.492
2026-06-18 13:06:15.687349: val_loss -0.3238
2026-06-18 13:06:15.687490: Pseudo dice [np.float32(0.709)]
2026-06-18 13:06:15.687654: Epoch time: 53.23 s
2026-06-18 13:06:17.448966: 
2026-06-18 13:06:17.449483: Epoch 139
2026-06-18 13:06:17.449749: Current learning rate: 0.00482
2026-06-18 13:07:10.732539: train_loss -0.4984
2026-06-18 13:07:10.733105: val_loss -0.2809
2026-06-18 13:07:10.733246: Pseudo dice [np.float32(0.6988)]
2026-06-18 13:07:10.733432: Epoch time: 53.29 s
2026-06-18 13:07:12.488435: 
2026-06-18 13:07:12.488988: Epoch 140
2026-06-18 13:07:12.489148: Current learning rate: 0.00478
2026-06-18 13:08:05.640478: train_loss -0.515
2026-06-18 13:08:05.641078: val_loss -0.2363
2026-06-18 13:08:05.641232: Pseudo dice [np.float32(0.6763)]
2026-06-18 13:08:05.641400: Epoch time: 53.16 s
2026-06-18 13:08:07.398405: 
2026-06-18 13:08:07.398729: Epoch 141
2026-06-18 13:08:07.398953: Current learning rate: 0.00474
2026-06-18 13:09:00.541479: train_loss -0.4992
2026-06-18 13:09:00.542047: val_loss -0.1561
2026-06-18 13:09:00.542205: Pseudo dice [np.float32(0.6583)]
2026-06-18 13:09:00.542380: Epoch time: 53.15 s
2026-06-18 13:09:02.314245: 
2026-06-18 13:09:02.314589: Epoch 142
2026-06-18 13:09:02.314800: Current learning rate: 0.0047
2026-06-18 13:09:55.792837: train_loss -0.5068
2026-06-18 13:09:55.793310: val_loss -0.2351
2026-06-18 13:09:55.793472: Pseudo dice [np.float32(0.6846)]
2026-06-18 13:09:55.793644: Epoch time: 53.48 s
2026-06-18 13:09:57.553447: 
2026-06-18 13:09:57.553910: Epoch 143
2026-06-18 13:09:57.554229: Current learning rate: 0.00466
2026-06-18 13:10:50.741134: train_loss -0.5082
2026-06-18 13:10:50.741549: val_loss -0.1829
2026-06-18 13:10:50.741692: Pseudo dice [np.float32(0.6652)]
2026-06-18 13:10:50.741857: Epoch time: 53.19 s
2026-06-18 13:10:52.859547: 
2026-06-18 13:10:52.859962: Epoch 144
2026-06-18 13:10:52.860204: Current learning rate: 0.00462
2026-06-18 13:11:46.187849: train_loss -0.5166
2026-06-18 13:11:46.188711: val_loss -0.2225
2026-06-18 13:11:46.188917: Pseudo dice [np.float32(0.6875)]
2026-06-18 13:11:46.189262: Epoch time: 53.33 s
2026-06-18 13:11:47.951576: 
2026-06-18 13:11:47.951941: Epoch 145
2026-06-18 13:11:47.952110: Current learning rate: 0.00458
2026-06-18 13:12:41.412026: train_loss -0.5188
2026-06-18 13:12:41.412552: val_loss -0.3021
2026-06-18 13:12:41.412697: Pseudo dice [np.float32(0.7127)]
2026-06-18 13:12:41.412862: Epoch time: 53.46 s
2026-06-18 13:12:43.176769: 
2026-06-18 13:12:43.177224: Epoch 146
2026-06-18 13:12:43.177387: Current learning rate: 0.00454
2026-06-18 13:13:36.321167: train_loss -0.5243
2026-06-18 13:13:36.321950: val_loss -0.2533
2026-06-18 13:13:36.322103: Pseudo dice [np.float32(0.6918)]
2026-06-18 13:13:36.322276: Epoch time: 53.15 s
2026-06-18 13:13:38.088051: 
2026-06-18 13:13:38.088482: Epoch 147
2026-06-18 13:13:38.088648: Current learning rate: 0.0045
2026-06-18 13:14:31.358817: train_loss -0.507
2026-06-18 13:14:31.359404: val_loss -0.2569
2026-06-18 13:14:31.359560: Pseudo dice [np.float32(0.6862)]
2026-06-18 13:14:31.359729: Epoch time: 53.27 s
2026-06-18 13:14:33.120772: 
2026-06-18 13:14:33.121310: Epoch 148
2026-06-18 13:14:33.121587: Current learning rate: 0.00446
2026-06-18 13:15:26.305200: train_loss -0.5158
2026-06-18 13:15:26.305676: val_loss -0.1891
2026-06-18 13:15:26.305847: Pseudo dice [np.float32(0.6632)]
2026-06-18 13:15:26.306033: Epoch time: 53.19 s
2026-06-18 13:15:28.064995: 
2026-06-18 13:15:28.065467: Epoch 149
2026-06-18 13:15:28.065736: Current learning rate: 0.00442
2026-06-18 13:16:21.305465: train_loss -0.521
2026-06-18 13:16:21.306066: val_loss -0.1976
2026-06-18 13:16:21.306229: Pseudo dice [np.float32(0.6698)]
2026-06-18 13:16:21.306399: Epoch time: 53.24 s
2026-06-18 13:16:23.614563: 
2026-06-18 13:16:23.615008: Epoch 150
2026-06-18 13:16:23.615243: Current learning rate: 0.00438
2026-06-18 13:17:17.035918: train_loss -0.5086
2026-06-18 13:17:17.036473: val_loss -0.2333
2026-06-18 13:17:17.036621: Pseudo dice [np.float32(0.683)]
2026-06-18 13:17:17.036803: Epoch time: 53.42 s
2026-06-18 13:17:18.795404: 
2026-06-18 13:17:18.795736: Epoch 151
2026-06-18 13:17:18.795891: Current learning rate: 0.00434
2026-06-18 13:18:12.036111: train_loss -0.5187
2026-06-18 13:18:12.036695: val_loss -0.2013
2026-06-18 13:18:12.036844: Pseudo dice [np.float32(0.6612)]
2026-06-18 13:18:12.037029: Epoch time: 53.24 s
2026-06-18 13:18:13.796132: 
2026-06-18 13:18:13.796489: Epoch 152
2026-06-18 13:18:13.796647: Current learning rate: 0.0043
2026-06-18 13:19:07.132729: train_loss -0.4987
2026-06-18 13:19:07.133206: val_loss -0.2233
2026-06-18 13:19:07.133346: Pseudo dice [np.float32(0.6792)]
2026-06-18 13:19:07.133514: Epoch time: 53.34 s
2026-06-18 13:19:09.268818: 
2026-06-18 13:19:09.269280: Epoch 153
2026-06-18 13:19:09.269511: Current learning rate: 0.00427
2026-06-18 13:20:02.563028: train_loss -0.5175
2026-06-18 13:20:02.563586: val_loss -0.2806
2026-06-18 13:20:02.563727: Pseudo dice [np.float32(0.699)]
2026-06-18 13:20:02.563895: Epoch time: 53.3 s
2026-06-18 13:20:04.343854: 
2026-06-18 13:20:04.344360: Epoch 154
2026-06-18 13:20:04.344553: Current learning rate: 0.00423
2026-06-18 13:20:57.678457: train_loss -0.5183
2026-06-18 13:20:57.679064: val_loss -0.1663
2026-06-18 13:20:57.679250: Pseudo dice [np.float32(0.6697)]
2026-06-18 13:20:57.679432: Epoch time: 53.34 s
2026-06-18 13:20:59.471071: 
2026-06-18 13:20:59.471581: Epoch 155
2026-06-18 13:20:59.471844: Current learning rate: 0.00419
2026-06-18 13:21:52.715499: train_loss -0.5175
2026-06-18 13:21:52.716022: val_loss -0.1121
2026-06-18 13:21:52.716174: Pseudo dice [np.float32(0.6416)]
2026-06-18 13:21:52.716346: Epoch time: 53.25 s
2026-06-18 13:21:54.507682: 
2026-06-18 13:21:54.508199: Epoch 156
2026-06-18 13:21:54.508368: Current learning rate: 0.00415
2026-06-18 13:22:47.839590: train_loss -0.5002
2026-06-18 13:22:47.840140: val_loss -0.2424
2026-06-18 13:22:47.840285: Pseudo dice [np.float32(0.6757)]
2026-06-18 13:22:47.840454: Epoch time: 53.34 s
2026-06-18 13:22:49.631691: 
2026-06-18 13:22:49.632164: Epoch 157
2026-06-18 13:22:49.632452: Current learning rate: 0.00411
2026-06-18 13:23:42.888206: train_loss -0.5117
2026-06-18 13:23:42.888829: val_loss -0.2589
2026-06-18 13:23:42.888988: Pseudo dice [np.float32(0.6941)]
2026-06-18 13:23:42.889160: Epoch time: 53.26 s
2026-06-18 13:23:44.679445: 
2026-06-18 13:23:44.679977: Epoch 158
2026-06-18 13:23:44.680257: Current learning rate: 0.00407
2026-06-18 13:24:38.015500: train_loss -0.521
2026-06-18 13:24:38.016077: val_loss -0.2664
2026-06-18 13:24:38.016222: Pseudo dice [np.float32(0.6994)]
2026-06-18 13:24:38.016397: Epoch time: 53.34 s
2026-06-18 13:24:39.797563: 
2026-06-18 13:24:39.798000: Epoch 159
2026-06-18 13:24:39.798185: Current learning rate: 0.00403
2026-06-18 13:25:33.055736: train_loss -0.5203
2026-06-18 13:25:33.056215: val_loss -0.2604
2026-06-18 13:25:33.056362: Pseudo dice [np.float32(0.7003)]
2026-06-18 13:25:33.056526: Epoch time: 53.26 s
2026-06-18 13:25:34.850206: 
2026-06-18 13:25:34.850785: Epoch 160
2026-06-18 13:25:34.851086: Current learning rate: 0.00399
2026-06-18 13:26:28.149979: train_loss -0.5139
2026-06-18 13:26:28.150449: val_loss -0.2496
2026-06-18 13:26:28.150615: Pseudo dice [np.float32(0.6854)]
2026-06-18 13:26:28.150788: Epoch time: 53.3 s
2026-06-18 13:26:30.285183: 
2026-06-18 13:26:30.285686: Epoch 161
2026-06-18 13:26:30.285852: Current learning rate: 0.00395
2026-06-18 13:27:23.765293: train_loss -0.5286
2026-06-18 13:27:23.765819: val_loss -0.1493
2026-06-18 13:27:23.765971: Pseudo dice [np.float32(0.6528)]
2026-06-18 13:27:23.766156: Epoch time: 53.48 s
2026-06-18 13:27:25.545807: 
2026-06-18 13:27:25.546211: Epoch 162
2026-06-18 13:27:25.546373: Current learning rate: 0.00391
2026-06-18 13:28:18.900891: train_loss -0.4949
2026-06-18 13:28:18.901370: val_loss -0.2112
2026-06-18 13:28:18.901551: Pseudo dice [np.float32(0.6625)]
2026-06-18 13:28:18.901733: Epoch time: 53.36 s
2026-06-18 13:28:20.689046: 
2026-06-18 13:28:20.689483: Epoch 163
2026-06-18 13:28:20.689644: Current learning rate: 0.00387
2026-06-18 13:29:14.018975: train_loss -0.5166
2026-06-18 13:29:14.019501: val_loss -0.2944
2026-06-18 13:29:14.019645: Pseudo dice [np.float32(0.6905)]
2026-06-18 13:29:14.019823: Epoch time: 53.33 s
2026-06-18 13:29:15.808175: 
2026-06-18 13:29:15.808601: Epoch 164
2026-06-18 13:29:15.808865: Current learning rate: 0.00383
2026-06-18 13:30:09.115677: train_loss -0.4967
2026-06-18 13:30:09.116176: val_loss -0.1417
2026-06-18 13:30:09.116334: Pseudo dice [np.float32(0.6518)]
2026-06-18 13:30:09.116515: Epoch time: 53.31 s
2026-06-18 13:30:10.873011: 
2026-06-18 13:30:10.873549: Epoch 165
2026-06-18 13:30:10.873843: Current learning rate: 0.00379
2026-06-18 13:31:04.044157: train_loss -0.4998
2026-06-18 13:31:04.044712: val_loss -0.1858
2026-06-18 13:31:04.044848: Pseudo dice [np.float32(0.6729)]
2026-06-18 13:31:04.045026: Epoch time: 53.17 s
2026-06-18 13:31:05.805727: 
2026-06-18 13:31:05.806261: Epoch 166
2026-06-18 13:31:05.806466: Current learning rate: 0.00375
2026-06-18 13:31:59.052357: train_loss -0.5267
2026-06-18 13:31:59.052956: val_loss -0.2514
2026-06-18 13:31:59.053107: Pseudo dice [np.float32(0.6917)]
2026-06-18 13:31:59.053298: Epoch time: 53.25 s
2026-06-18 13:32:00.817354: 
2026-06-18 13:32:00.817775: Epoch 167
2026-06-18 13:32:00.817975: Current learning rate: 0.00371
2026-06-18 13:32:54.193682: train_loss -0.5094
2026-06-18 13:32:54.194270: val_loss -0.2612
2026-06-18 13:32:54.194443: Pseudo dice [np.float32(0.6998)]
2026-06-18 13:32:54.194619: Epoch time: 53.38 s
2026-06-18 13:32:55.973252: 
2026-06-18 13:32:55.973758: Epoch 168
2026-06-18 13:32:55.974040: Current learning rate: 0.00367
2026-06-18 13:33:49.293827: train_loss -0.5291
2026-06-18 13:33:49.294436: val_loss -0.2403
2026-06-18 13:33:49.294585: Pseudo dice [np.float32(0.6823)]
2026-06-18 13:33:49.294755: Epoch time: 53.32 s
2026-06-18 13:33:51.434911: 
2026-06-18 13:33:51.435485: Epoch 169
2026-06-18 13:33:51.435796: Current learning rate: 0.00363
2026-06-18 13:34:44.706156: train_loss -0.5239
2026-06-18 13:34:44.706724: val_loss -0.2575
2026-06-18 13:34:44.706884: Pseudo dice [np.float32(0.6877)]
2026-06-18 13:34:44.707088: Epoch time: 53.27 s
2026-06-18 13:34:46.478903: 
2026-06-18 13:34:46.479331: Epoch 170
2026-06-18 13:34:46.479493: Current learning rate: 0.00359
2026-06-18 13:35:39.794048: train_loss -0.5183
2026-06-18 13:35:39.794579: val_loss -0.2677
2026-06-18 13:35:39.794729: Pseudo dice [np.float32(0.6909)]
2026-06-18 13:35:39.794900: Epoch time: 53.32 s
2026-06-18 13:35:41.577535: 
2026-06-18 13:35:41.578066: Epoch 171
2026-06-18 13:35:41.578347: Current learning rate: 0.00355
2026-06-18 13:36:34.840979: train_loss -0.5276
2026-06-18 13:36:34.841510: val_loss -0.2049
2026-06-18 13:36:34.841695: Pseudo dice [np.float32(0.6713)]
2026-06-18 13:36:34.841879: Epoch time: 53.27 s
2026-06-18 13:36:36.615016: 
2026-06-18 13:36:36.615531: Epoch 172
2026-06-18 13:36:36.615748: Current learning rate: 0.00351
2026-06-18 13:37:29.964917: train_loss -0.5301
2026-06-18 13:37:29.965468: val_loss -0.204
2026-06-18 13:37:29.965643: Pseudo dice [np.float32(0.6818)]
2026-06-18 13:37:29.965811: Epoch time: 53.35 s
2026-06-18 13:37:31.732995: 
2026-06-18 13:37:31.733479: Epoch 173
2026-06-18 13:37:31.733653: Current learning rate: 0.00346
2026-06-18 13:38:25.034664: train_loss -0.5177
2026-06-18 13:38:25.035384: val_loss -0.243
2026-06-18 13:38:25.035527: Pseudo dice [np.float32(0.6733)]
2026-06-18 13:38:25.035695: Epoch time: 53.3 s
2026-06-18 13:38:26.807154: 
2026-06-18 13:38:26.807647: Epoch 174
2026-06-18 13:38:26.807849: Current learning rate: 0.00342
2026-06-18 13:39:20.153838: train_loss -0.5229
2026-06-18 13:39:20.154354: val_loss -0.1689
2026-06-18 13:39:20.154510: Pseudo dice [np.float32(0.6618)]
2026-06-18 13:39:20.154708: Epoch time: 53.35 s
2026-06-18 13:39:21.924826: 
2026-06-18 13:39:21.925373: Epoch 175
2026-06-18 13:39:21.925577: Current learning rate: 0.00338
2026-06-18 13:40:15.263963: train_loss -0.4974
2026-06-18 13:40:15.264528: val_loss -0.2795
2026-06-18 13:40:15.264672: Pseudo dice [np.float32(0.7009)]
2026-06-18 13:40:15.264838: Epoch time: 53.34 s
2026-06-18 13:40:17.050538: 
2026-06-18 13:40:17.051027: Epoch 176
2026-06-18 13:40:17.051220: Current learning rate: 0.00334
2026-06-18 13:41:10.276539: train_loss -0.4936
2026-06-18 13:41:10.277039: val_loss -0.2648
2026-06-18 13:41:10.277185: Pseudo dice [np.float32(0.6956)]
2026-06-18 13:41:10.277354: Epoch time: 53.23 s
2026-06-18 13:41:12.061838: 
2026-06-18 13:41:12.062247: Epoch 177
2026-06-18 13:41:12.062457: Current learning rate: 0.0033
2026-06-18 13:42:05.240168: train_loss -0.5161
2026-06-18 13:42:05.240607: val_loss -0.2453
2026-06-18 13:42:05.240757: Pseudo dice [np.float32(0.6902)]
2026-06-18 13:42:05.240940: Epoch time: 53.18 s
2026-06-18 13:42:07.407665: 
2026-06-18 13:42:07.408152: Epoch 178
2026-06-18 13:42:07.408306: Current learning rate: 0.00326
2026-06-18 13:43:00.561239: train_loss -0.5193
2026-06-18 13:43:00.561707: val_loss -0.2251
2026-06-18 13:43:00.561870: Pseudo dice [np.float32(0.6807)]
2026-06-18 13:43:00.562051: Epoch time: 53.16 s
2026-06-18 13:43:02.341855: 
2026-06-18 13:43:02.342194: Epoch 179
2026-06-18 13:43:02.342350: Current learning rate: 0.00322
2026-06-18 13:43:55.755983: train_loss -0.5272
2026-06-18 13:43:55.756444: val_loss -0.2383
2026-06-18 13:43:55.756601: Pseudo dice [np.float32(0.6909)]
2026-06-18 13:43:55.756766: Epoch time: 53.42 s
2026-06-18 13:43:57.540801: 
2026-06-18 13:43:57.541333: Epoch 180
2026-06-18 13:43:57.541603: Current learning rate: 0.00318
2026-06-18 13:44:50.854990: train_loss -0.5251
2026-06-18 13:44:50.855557: val_loss -0.2764
2026-06-18 13:44:50.855703: Pseudo dice [np.float32(0.7025)]
2026-06-18 13:44:50.855875: Epoch time: 53.32 s
2026-06-18 13:44:52.644427: 
2026-06-18 13:44:52.644956: Epoch 181
2026-06-18 13:44:52.645221: Current learning rate: 0.00314
2026-06-18 13:45:45.875736: train_loss -0.5211
2026-06-18 13:45:45.876335: val_loss -0.2066
2026-06-18 13:45:45.876482: Pseudo dice [np.float32(0.6703)]
2026-06-18 13:45:45.876658: Epoch time: 53.23 s
2026-06-18 13:45:47.656944: 
2026-06-18 13:45:47.657293: Epoch 182
2026-06-18 13:45:47.657438: Current learning rate: 0.0031
2026-06-18 13:46:41.034147: train_loss -0.5093
2026-06-18 13:46:41.035350: val_loss -0.146
2026-06-18 13:46:41.035520: Pseudo dice [np.float32(0.6528)]
2026-06-18 13:46:41.035689: Epoch time: 53.38 s
2026-06-18 13:46:42.815779: 
2026-06-18 13:46:42.816292: Epoch 183
2026-06-18 13:46:42.816562: Current learning rate: 0.00306
2026-06-18 13:47:36.063430: train_loss -0.5158
2026-06-18 13:47:36.063938: val_loss -0.1481
2026-06-18 13:47:36.064090: Pseudo dice [np.float32(0.6445)]
2026-06-18 13:47:36.064275: Epoch time: 53.25 s
2026-06-18 13:47:37.857405: 
2026-06-18 13:47:37.857888: Epoch 184
2026-06-18 13:47:37.858114: Current learning rate: 0.00302
2026-06-18 13:48:31.086610: train_loss -0.5132
2026-06-18 13:48:31.087106: val_loss -0.1862
2026-06-18 13:48:31.087248: Pseudo dice [np.float32(0.6771)]
2026-06-18 13:48:31.087427: Epoch time: 53.23 s
2026-06-18 13:48:32.868681: 
2026-06-18 13:48:32.869154: Epoch 185
2026-06-18 13:48:32.869418: Current learning rate: 0.00297
2026-06-18 13:49:25.991621: train_loss -0.5386
2026-06-18 13:49:25.992143: val_loss -0.2384
2026-06-18 13:49:25.992294: Pseudo dice [np.float32(0.6877)]
2026-06-18 13:49:25.992458: Epoch time: 53.13 s
2026-06-18 13:49:28.134600: 
2026-06-18 13:49:28.135089: Epoch 186
2026-06-18 13:49:28.135342: Current learning rate: 0.00293
2026-06-18 13:50:21.521154: train_loss -0.5414
2026-06-18 13:50:21.521635: val_loss -0.2451
2026-06-18 13:50:21.521780: Pseudo dice [np.float32(0.6925)]
2026-06-18 13:50:21.521971: Epoch time: 53.39 s
2026-06-18 13:50:23.307592: 
2026-06-18 13:50:23.308110: Epoch 187
2026-06-18 13:50:23.308429: Current learning rate: 0.00289
2026-06-18 13:51:16.631997: train_loss -0.5276
2026-06-18 13:51:16.632589: val_loss -0.2289
2026-06-18 13:51:16.632733: Pseudo dice [np.float32(0.6826)]
2026-06-18 13:51:16.632902: Epoch time: 53.33 s
2026-06-18 13:51:18.406866: 
2026-06-18 13:51:18.407164: Epoch 188
2026-06-18 13:51:18.407317: Current learning rate: 0.00285
2026-06-18 13:52:11.585696: train_loss -0.529
2026-06-18 13:52:11.586310: val_loss -0.2077
2026-06-18 13:52:11.586457: Pseudo dice [np.float32(0.6671)]
2026-06-18 13:52:11.586630: Epoch time: 53.18 s
2026-06-18 13:52:13.362161: 
2026-06-18 13:52:13.362576: Epoch 189
2026-06-18 13:52:13.362733: Current learning rate: 0.00281
2026-06-18 13:53:06.541346: train_loss -0.5147
2026-06-18 13:53:06.541846: val_loss -0.2372
2026-06-18 13:53:06.542013: Pseudo dice [np.float32(0.6853)]
2026-06-18 13:53:06.542185: Epoch time: 53.18 s
2026-06-18 13:53:08.314903: 
2026-06-18 13:53:08.315308: Epoch 190
2026-06-18 13:53:08.315464: Current learning rate: 0.00277
2026-06-18 13:54:01.486768: train_loss -0.5189
2026-06-18 13:54:01.487317: val_loss -0.2518
2026-06-18 13:54:01.487466: Pseudo dice [np.float32(0.698)]
2026-06-18 13:54:01.487634: Epoch time: 53.17 s
2026-06-18 13:54:03.271495: 
2026-06-18 13:54:03.271970: Epoch 191
2026-06-18 13:54:03.272231: Current learning rate: 0.00273
2026-06-18 13:54:56.504943: train_loss -0.5431
2026-06-18 13:54:56.505367: val_loss -0.1691
2026-06-18 13:54:56.505510: Pseudo dice [np.float32(0.6617)]
2026-06-18 13:54:56.505682: Epoch time: 53.24 s
2026-06-18 13:54:58.298212: 
2026-06-18 13:54:58.298703: Epoch 192
2026-06-18 13:54:58.298973: Current learning rate: 0.00268
2026-06-18 13:55:51.391355: train_loss -0.5288
2026-06-18 13:55:51.391947: val_loss -0.263
2026-06-18 13:55:51.392118: Pseudo dice [np.float32(0.6916)]
2026-06-18 13:55:51.392300: Epoch time: 53.1 s
2026-06-18 13:55:53.224605: 
2026-06-18 13:55:53.225211: Epoch 193
2026-06-18 13:55:53.225451: Current learning rate: 0.00264
2026-06-18 13:56:46.336706: train_loss -0.5094
2026-06-18 13:56:46.337167: val_loss -0.1598
2026-06-18 13:56:46.337313: Pseudo dice [np.float32(0.6552)]
2026-06-18 13:56:46.337475: Epoch time: 53.12 s
2026-06-18 13:56:48.500686: 
2026-06-18 13:56:48.501309: Epoch 194
2026-06-18 13:56:48.501744: Current learning rate: 0.0026
2026-06-18 13:57:41.635586: train_loss -0.494
2026-06-18 13:57:41.636259: val_loss -0.2289
2026-06-18 13:57:41.636402: Pseudo dice [np.float32(0.6802)]
2026-06-18 13:57:41.636609: Epoch time: 53.14 s
2026-06-18 13:57:43.447951: 
2026-06-18 13:57:43.448448: Epoch 195
2026-06-18 13:57:43.448710: Current learning rate: 0.00256
2026-06-18 13:58:36.622616: train_loss -0.5197
2026-06-18 13:58:36.623184: val_loss -0.2882
2026-06-18 13:58:36.623352: Pseudo dice [np.float32(0.7064)]
2026-06-18 13:58:36.623538: Epoch time: 53.18 s
2026-06-18 13:58:38.429654: 
2026-06-18 13:58:38.430242: Epoch 196
2026-06-18 13:58:38.430507: Current learning rate: 0.00252
2026-06-18 13:59:31.486841: train_loss -0.5324
2026-06-18 13:59:31.487492: val_loss -0.1845
2026-06-18 13:59:31.487638: Pseudo dice [np.float32(0.6696)]
2026-06-18 13:59:31.487806: Epoch time: 53.06 s
2026-06-18 13:59:33.291059: 
2026-06-18 13:59:33.291559: Epoch 197
2026-06-18 13:59:33.291830: Current learning rate: 0.00248
2026-06-18 14:00:26.391881: train_loss -0.5315
2026-06-18 14:00:26.392417: val_loss -0.2143
2026-06-18 14:00:26.392586: Pseudo dice [np.float32(0.6825)]
2026-06-18 14:00:26.392777: Epoch time: 53.1 s
2026-06-18 14:00:28.192479: 
2026-06-18 14:00:28.193134: Epoch 198
2026-06-18 14:00:28.193315: Current learning rate: 0.00243
2026-06-18 14:01:21.281607: train_loss -0.5379
2026-06-18 14:01:21.282611: val_loss -0.1745
2026-06-18 14:01:21.282766: Pseudo dice [np.float32(0.6828)]
2026-06-18 14:01:21.282967: Epoch time: 53.09 s
2026-06-18 14:01:23.132860: 
2026-06-18 14:01:23.133444: Epoch 199
2026-06-18 14:01:23.133650: Current learning rate: 0.00239
2026-06-18 14:02:18.836555: train_loss -0.5238
2026-06-18 14:02:18.837013: val_loss -0.2638
2026-06-18 14:02:18.837165: Pseudo dice [np.float32(0.697)]
2026-06-18 14:02:18.837371: Epoch time: 55.71 s
2026-06-18 14:02:21.175672: 
2026-06-18 14:02:21.176245: Epoch 200
2026-06-18 14:02:21.176685: Current learning rate: 0.00235
2026-06-18 14:03:14.356458: train_loss -0.5445
2026-06-18 14:03:14.356870: val_loss -0.1676
2026-06-18 14:03:14.357020: Pseudo dice [np.float32(0.67)]
2026-06-18 14:03:14.357183: Epoch time: 53.18 s
2026-06-18 14:03:16.162416: 
2026-06-18 14:03:16.162781: Epoch 201
2026-06-18 14:03:16.162967: Current learning rate: 0.00231
2026-06-18 14:04:09.456879: train_loss -0.5301
2026-06-18 14:04:09.457297: val_loss -0.2865
2026-06-18 14:04:09.457441: Pseudo dice [np.float32(0.7107)]
2026-06-18 14:04:09.457613: Epoch time: 53.3 s
2026-06-18 14:04:11.647821: 
2026-06-18 14:04:11.648264: Epoch 202
2026-06-18 14:04:11.648415: Current learning rate: 0.00226
2026-06-18 14:05:04.873454: train_loss -0.5293
2026-06-18 14:05:04.873970: val_loss -0.2599
2026-06-18 14:05:04.874130: Pseudo dice [np.float32(0.6891)]
2026-06-18 14:05:04.874304: Epoch time: 53.23 s
2026-06-18 14:05:06.681479: 
2026-06-18 14:05:06.681881: Epoch 203
2026-06-18 14:05:06.682169: Current learning rate: 0.00222
2026-06-18 14:05:59.911878: train_loss -0.5202
2026-06-18 14:05:59.912447: val_loss -0.2295
2026-06-18 14:05:59.912602: Pseudo dice [np.float32(0.6822)]
2026-06-18 14:05:59.912767: Epoch time: 53.23 s
2026-06-18 14:06:01.744014: 
2026-06-18 14:06:01.744565: Epoch 204
2026-06-18 14:06:01.744825: Current learning rate: 0.00218
2026-06-18 14:06:55.038082: train_loss -0.5158
2026-06-18 14:06:55.038695: val_loss -0.2385
2026-06-18 14:06:55.038972: Pseudo dice [np.float32(0.6862)]
2026-06-18 14:06:55.039176: Epoch time: 53.3 s
2026-06-18 14:06:56.842626: 
2026-06-18 14:06:56.843110: Epoch 205
2026-06-18 14:06:56.843269: Current learning rate: 0.00214
2026-06-18 14:07:50.129122: train_loss -0.5313
2026-06-18 14:07:50.129588: val_loss -0.2102
2026-06-18 14:07:50.129741: Pseudo dice [np.float32(0.6705)]
2026-06-18 14:07:50.129907: Epoch time: 53.29 s
2026-06-18 14:07:51.879393: 
2026-06-18 14:07:51.879808: Epoch 206
2026-06-18 14:07:51.880015: Current learning rate: 0.00209
2026-06-18 14:08:45.083000: train_loss -0.5487
2026-06-18 14:08:45.083591: val_loss -0.1966
2026-06-18 14:08:45.083748: Pseudo dice [np.float32(0.6733)]
2026-06-18 14:08:45.083916: Epoch time: 53.21 s
2026-06-18 14:08:46.834750: 
2026-06-18 14:08:46.835130: Epoch 207
2026-06-18 14:08:46.835395: Current learning rate: 0.00205
2026-06-18 14:09:39.987074: train_loss -0.5249
2026-06-18 14:09:39.988458: val_loss -0.2598
2026-06-18 14:09:39.988668: Pseudo dice [np.float32(0.691)]
2026-06-18 14:09:39.988844: Epoch time: 53.16 s
2026-06-18 14:09:41.745361: 
2026-06-18 14:09:41.745823: Epoch 208
2026-06-18 14:09:41.746043: Current learning rate: 0.00201
2026-06-18 14:10:35.044449: train_loss -0.4693
2026-06-18 14:10:35.045004: val_loss -0.2525
2026-06-18 14:10:35.045151: Pseudo dice [np.float32(0.6851)]
2026-06-18 14:10:35.045326: Epoch time: 53.3 s
2026-06-18 14:10:36.790888: 
2026-06-18 14:10:36.791346: Epoch 209
2026-06-18 14:10:36.791539: Current learning rate: 0.00196
2026-06-18 14:11:30.096576: train_loss -0.5241
2026-06-18 14:11:30.097162: val_loss -0.1609
2026-06-18 14:11:30.097311: Pseudo dice [np.float32(0.6676)]
2026-06-18 14:11:30.097478: Epoch time: 53.31 s
2026-06-18 14:11:31.842967: 
2026-06-18 14:11:31.843467: Epoch 210
2026-06-18 14:11:31.843762: Current learning rate: 0.00192
2026-06-18 14:12:25.154436: train_loss -0.5411
2026-06-18 14:12:25.154862: val_loss -0.2306
2026-06-18 14:12:25.155032: Pseudo dice [np.float32(0.6854)]
2026-06-18 14:12:25.155210: Epoch time: 53.31 s
2026-06-18 14:12:27.256263: 
2026-06-18 14:12:27.256695: Epoch 211
2026-06-18 14:12:27.257031: Current learning rate: 0.00188
2026-06-18 14:13:20.615828: train_loss -0.5617
2026-06-18 14:13:20.622702: val_loss -0.2258
2026-06-18 14:13:20.622854: Pseudo dice [np.float32(0.6899)]
2026-06-18 14:13:20.623042: Epoch time: 53.36 s
2026-06-18 14:13:22.364453: 
2026-06-18 14:13:22.364765: Epoch 212
2026-06-18 14:13:22.364936: Current learning rate: 0.00184
2026-06-18 14:14:15.623397: train_loss -0.5287
2026-06-18 14:14:15.623974: val_loss -0.2915
2026-06-18 14:14:15.624123: Pseudo dice [np.float32(0.7163)]
2026-06-18 14:14:15.624290: Epoch time: 53.26 s
2026-06-18 14:14:17.375893: 
2026-06-18 14:14:17.376430: Epoch 213
2026-06-18 14:14:17.376704: Current learning rate: 0.00179
2026-06-18 14:15:10.624954: train_loss -0.5364
2026-06-18 14:15:10.625512: val_loss -0.1295
2026-06-18 14:15:10.625662: Pseudo dice [np.float32(0.6556)]
2026-06-18 14:15:10.625833: Epoch time: 53.25 s
2026-06-18 14:15:12.355600: 
2026-06-18 14:15:12.356118: Epoch 214
2026-06-18 14:15:12.356328: Current learning rate: 0.00175
2026-06-18 14:16:05.534705: train_loss -0.5262
2026-06-18 14:16:05.535223: val_loss -0.2609
2026-06-18 14:16:05.535368: Pseudo dice [np.float32(0.7003)]
2026-06-18 14:16:05.535537: Epoch time: 53.18 s
2026-06-18 14:16:07.262496: 
2026-06-18 14:16:07.263024: Epoch 215
2026-06-18 14:16:07.263326: Current learning rate: 0.0017
2026-06-18 14:17:00.551931: train_loss -0.5343
2026-06-18 14:17:00.552373: val_loss -0.1859
2026-06-18 14:17:00.552519: Pseudo dice [np.float32(0.6759)]
2026-06-18 14:17:00.552694: Epoch time: 53.29 s
2026-06-18 14:17:02.276517: 
2026-06-18 14:17:02.276906: Epoch 216
2026-06-18 14:17:02.277072: Current learning rate: 0.00166
2026-06-18 14:17:55.551237: train_loss -0.5414
2026-06-18 14:17:55.551733: val_loss -0.2889
2026-06-18 14:17:55.551886: Pseudo dice [np.float32(0.6989)]
2026-06-18 14:17:55.552063: Epoch time: 53.28 s
2026-06-18 14:17:57.280400: 
2026-06-18 14:17:57.280793: Epoch 217
2026-06-18 14:17:57.281027: Current learning rate: 0.00162
2026-06-18 14:18:50.560162: train_loss -0.5241
2026-06-18 14:18:50.560811: val_loss -0.237
2026-06-18 14:18:50.561170: Pseudo dice [np.float32(0.6891)]
2026-06-18 14:18:50.561505: Epoch time: 53.28 s
2026-06-18 14:18:52.302058: 
2026-06-18 14:18:52.302570: Epoch 218
2026-06-18 14:18:52.302835: Current learning rate: 0.00157
2026-06-18 14:19:45.535264: train_loss -0.5351
2026-06-18 14:19:45.535827: val_loss -0.2464
2026-06-18 14:19:45.535999: Pseudo dice [np.float32(0.6954)]
2026-06-18 14:19:45.536174: Epoch time: 53.24 s
2026-06-18 14:19:47.270264: 
2026-06-18 14:19:47.270623: Epoch 219
2026-06-18 14:19:47.270812: Current learning rate: 0.00153
2026-06-18 14:20:40.491343: train_loss -0.5365
2026-06-18 14:20:40.491788: val_loss -0.1696
2026-06-18 14:20:40.491938: Pseudo dice [np.float32(0.6678)]
2026-06-18 14:20:40.492111: Epoch time: 53.22 s
2026-06-18 14:20:42.617705: 
2026-06-18 14:20:42.618126: Epoch 220
2026-06-18 14:20:42.618293: Current learning rate: 0.00148
2026-06-18 14:21:35.911538: train_loss -0.5397
2026-06-18 14:21:35.912068: val_loss -0.1797
2026-06-18 14:21:35.912217: Pseudo dice [np.float32(0.6716)]
2026-06-18 14:21:35.912395: Epoch time: 53.3 s
2026-06-18 14:21:37.637341: 
2026-06-18 14:21:37.637817: Epoch 221
2026-06-18 14:21:37.638014: Current learning rate: 0.00144
2026-06-18 14:22:31.072110: train_loss -0.554
2026-06-18 14:22:31.072602: val_loss -0.1147
2026-06-18 14:22:31.072770: Pseudo dice [np.float32(0.6452)]
2026-06-18 14:22:31.072952: Epoch time: 53.44 s
2026-06-18 14:22:32.803150: 
2026-06-18 14:22:32.803660: Epoch 222
2026-06-18 14:22:32.803874: Current learning rate: 0.00139
2026-06-18 14:23:26.187436: train_loss -0.5517
2026-06-18 14:23:26.187968: val_loss -0.1822
2026-06-18 14:23:26.188112: Pseudo dice [np.float32(0.6678)]
2026-06-18 14:23:26.188285: Epoch time: 53.39 s
2026-06-18 14:23:27.917513: 
2026-06-18 14:23:27.917880: Epoch 223
2026-06-18 14:23:27.918168: Current learning rate: 0.00135
2026-06-18 14:24:21.216474: train_loss -0.5474
2026-06-18 14:24:21.217018: val_loss -0.2224
2026-06-18 14:24:21.217161: Pseudo dice [np.float32(0.6746)]
2026-06-18 14:24:21.217323: Epoch time: 53.3 s
2026-06-18 14:24:22.952740: 
2026-06-18 14:24:22.953220: Epoch 224
2026-06-18 14:24:22.953382: Current learning rate: 0.0013
2026-06-18 14:25:16.244129: train_loss -0.5336
2026-06-18 14:25:16.244652: val_loss -0.2483
2026-06-18 14:25:16.244809: Pseudo dice [np.float32(0.6987)]
2026-06-18 14:25:16.244982: Epoch time: 53.29 s
2026-06-18 14:25:17.979489: 
2026-06-18 14:25:17.980046: Epoch 225
2026-06-18 14:25:17.980321: Current learning rate: 0.00126
2026-06-18 14:26:11.166193: train_loss -0.5323
2026-06-18 14:26:11.166731: val_loss -0.2835
2026-06-18 14:26:11.166892: Pseudo dice [np.float32(0.7061)]
2026-06-18 14:26:11.167074: Epoch time: 53.19 s
2026-06-18 14:26:12.889445: 
2026-06-18 14:26:12.889795: Epoch 226
2026-06-18 14:26:12.889976: Current learning rate: 0.00121
2026-06-18 14:27:06.218208: train_loss -0.5513
2026-06-18 14:27:06.218714: val_loss -0.2701
2026-06-18 14:27:06.218877: Pseudo dice [np.float32(0.6968)]
2026-06-18 14:27:06.219059: Epoch time: 53.33 s
2026-06-18 14:27:07.946618: 
2026-06-18 14:27:07.947015: Epoch 227
2026-06-18 14:27:07.947228: Current learning rate: 0.00117
2026-06-18 14:28:01.262040: train_loss -0.5441
2026-06-18 14:28:01.262501: val_loss -0.2655
2026-06-18 14:28:01.262644: Pseudo dice [np.float32(0.6948)]
2026-06-18 14:28:01.262809: Epoch time: 53.32 s
2026-06-18 14:28:02.989503: 
2026-06-18 14:28:02.989956: Epoch 228
2026-06-18 14:28:02.990159: Current learning rate: 0.00112
2026-06-18 14:28:56.351471: train_loss -0.5487
2026-06-18 14:28:56.351863: val_loss -0.1792
2026-06-18 14:28:56.352013: Pseudo dice [np.float32(0.6619)]
2026-06-18 14:28:56.352181: Epoch time: 53.37 s
2026-06-18 14:28:58.445190: 
2026-06-18 14:28:58.445559: Epoch 229
2026-06-18 14:28:58.445724: Current learning rate: 0.00108
2026-06-18 14:29:51.725892: train_loss -0.5463
2026-06-18 14:29:51.726446: val_loss -0.25
2026-06-18 14:29:51.726623: Pseudo dice [np.float32(0.6908)]
2026-06-18 14:29:51.726794: Epoch time: 53.28 s
2026-06-18 14:29:53.462207: 
2026-06-18 14:29:53.462638: Epoch 230
2026-06-18 14:29:53.462808: Current learning rate: 0.00103
2026-06-18 14:30:46.842296: train_loss -0.545
2026-06-18 14:30:46.842852: val_loss -0.2237
2026-06-18 14:30:46.843011: Pseudo dice [np.float32(0.6851)]
2026-06-18 14:30:46.843176: Epoch time: 53.38 s
2026-06-18 14:30:48.572428: 
2026-06-18 14:30:48.572825: Epoch 231
2026-06-18 14:30:48.573114: Current learning rate: 0.00098
2026-06-18 14:31:41.982851: train_loss -0.5259
2026-06-18 14:31:41.983317: val_loss -0.1377
2026-06-18 14:31:41.983463: Pseudo dice [np.float32(0.6511)]
2026-06-18 14:31:41.983631: Epoch time: 53.41 s
2026-06-18 14:31:43.723486: 
2026-06-18 14:31:43.723907: Epoch 232
2026-06-18 14:31:43.724076: Current learning rate: 0.00094
2026-06-18 14:32:37.030216: train_loss -0.5433
2026-06-18 14:32:37.030786: val_loss -0.3118
2026-06-18 14:32:37.031736: Pseudo dice [np.float32(0.7184)]
2026-06-18 14:32:37.031956: Epoch time: 53.31 s
2026-06-18 14:32:38.767882: 
2026-06-18 14:32:38.768428: Epoch 233
2026-06-18 14:32:38.768757: Current learning rate: 0.00089
2026-06-18 14:33:32.065532: train_loss -0.5318
2026-06-18 14:33:32.066361: val_loss -0.2522
2026-06-18 14:33:32.066509: Pseudo dice [np.float32(0.693)]
2026-06-18 14:33:32.066674: Epoch time: 53.3 s
2026-06-18 14:33:33.802712: 
2026-06-18 14:33:33.803207: Epoch 234
2026-06-18 14:33:33.803374: Current learning rate: 0.00084
2026-06-18 14:34:27.336798: train_loss -0.5498
2026-06-18 14:34:27.337301: val_loss -0.1928
2026-06-18 14:34:27.337445: Pseudo dice [np.float32(0.6827)]
2026-06-18 14:34:27.337611: Epoch time: 53.54 s
2026-06-18 14:34:29.078423: 
2026-06-18 14:34:29.078959: Epoch 235
2026-06-18 14:34:29.079229: Current learning rate: 0.00079
2026-06-18 14:35:22.395622: train_loss -0.555
2026-06-18 14:35:22.396086: val_loss -0.2324
2026-06-18 14:35:22.396235: Pseudo dice [np.float32(0.6966)]
2026-06-18 14:35:22.396404: Epoch time: 53.32 s
2026-06-18 14:35:24.127497: 
2026-06-18 14:35:24.127803: Epoch 236
2026-06-18 14:35:24.128068: Current learning rate: 0.00075
2026-06-18 14:36:17.483377: train_loss -0.561
2026-06-18 14:36:17.483848: val_loss -0.1548
2026-06-18 14:36:17.484003: Pseudo dice [np.float32(0.6805)]
2026-06-18 14:36:17.484170: Epoch time: 53.36 s
2026-06-18 14:36:19.223606: 
2026-06-18 14:36:19.224099: Epoch 237
2026-06-18 14:36:19.224363: Current learning rate: 0.0007
2026-06-18 14:37:12.735923: train_loss -0.5448
2026-06-18 14:37:12.736454: val_loss -0.2165
2026-06-18 14:37:12.736599: Pseudo dice [np.float32(0.6908)]
2026-06-18 14:37:12.736770: Epoch time: 53.52 s
2026-06-18 14:37:14.834215: 
2026-06-18 14:37:14.834609: Epoch 238
2026-06-18 14:37:14.834848: Current learning rate: 0.00065
2026-06-18 14:38:08.244831: train_loss -0.5805
2026-06-18 14:38:08.245346: val_loss -0.2068
2026-06-18 14:38:08.245495: Pseudo dice [np.float32(0.6799)]
2026-06-18 14:38:08.245661: Epoch time: 53.41 s
2026-06-18 14:38:09.982523: 
2026-06-18 14:38:09.982872: Epoch 239
2026-06-18 14:38:09.983047: Current learning rate: 0.0006
2026-06-18 14:39:03.360578: train_loss -0.5518
2026-06-18 14:39:03.361062: val_loss -0.2375
2026-06-18 14:39:03.361209: Pseudo dice [np.float32(0.6941)]
2026-06-18 14:39:03.361377: Epoch time: 53.38 s
2026-06-18 14:39:05.110803: 
2026-06-18 14:39:05.111178: Epoch 240
2026-06-18 14:39:05.111351: Current learning rate: 0.00055
2026-06-18 14:39:58.504571: train_loss -0.5503
2026-06-18 14:39:58.505270: val_loss -0.2044
2026-06-18 14:39:58.505447: Pseudo dice [np.float32(0.6832)]
2026-06-18 14:39:58.505632: Epoch time: 53.4 s
2026-06-18 14:40:00.267334: 
2026-06-18 14:40:00.267819: Epoch 241
2026-06-18 14:40:00.268167: Current learning rate: 0.0005
2026-06-18 14:40:53.622350: train_loss -0.5571
2026-06-18 14:40:53.622898: val_loss -0.2132
2026-06-18 14:40:53.623064: Pseudo dice [np.float32(0.6915)]
2026-06-18 14:40:53.623229: Epoch time: 53.36 s
2026-06-18 14:40:55.374719: 
2026-06-18 14:40:55.375280: Epoch 242
2026-06-18 14:40:55.375565: Current learning rate: 0.00045
2026-06-18 14:41:48.832582: train_loss -0.5359
2026-06-18 14:41:48.833142: val_loss -0.2645
2026-06-18 14:41:48.833279: Pseudo dice [np.float32(0.7063)]
2026-06-18 14:41:48.833443: Epoch time: 53.46 s
2026-06-18 14:41:50.594507: 
2026-06-18 14:41:50.595002: Epoch 243
2026-06-18 14:41:50.595273: Current learning rate: 0.0004
2026-06-18 14:42:43.809481: train_loss -0.5678
2026-06-18 14:42:43.809872: val_loss -0.3002
2026-06-18 14:42:43.810029: Pseudo dice [np.float32(0.7135)]
2026-06-18 14:42:43.810194: Epoch time: 53.22 s
2026-06-18 14:42:43.810317: Yayy! New best EMA pseudo Dice: 0.6909999847412109
2026-06-18 14:42:46.091231: 
2026-06-18 14:42:46.091665: Epoch 244
2026-06-18 14:42:46.091824: Current learning rate: 0.00035
2026-06-18 14:43:39.373931: train_loss -0.5621
2026-06-18 14:43:39.374412: val_loss -0.1911
2026-06-18 14:43:39.374562: Pseudo dice [np.float32(0.6684)]
2026-06-18 14:43:39.374734: Epoch time: 53.29 s
2026-06-18 14:43:41.143088: 
2026-06-18 14:43:41.143517: Epoch 245
2026-06-18 14:43:41.143680: Current learning rate: 0.0003
2026-06-18 14:44:34.519239: train_loss -0.5503
2026-06-18 14:44:34.519707: val_loss -0.2487
2026-06-18 14:44:34.519852: Pseudo dice [np.float32(0.6995)]
2026-06-18 14:44:34.520034: Epoch time: 53.38 s
2026-06-18 14:44:36.287254: 
2026-06-18 14:44:36.287599: Epoch 246
2026-06-18 14:44:36.287759: Current learning rate: 0.00024
2026-06-18 14:45:29.592682: train_loss -0.5546
2026-06-18 14:45:29.593133: val_loss -0.2349
2026-06-18 14:45:29.593284: Pseudo dice [np.float32(0.6964)]
2026-06-18 14:45:29.593452: Epoch time: 53.31 s
2026-06-18 14:45:31.731446: 
2026-06-18 14:45:31.731873: Epoch 247
2026-06-18 14:45:31.732035: Current learning rate: 0.00019
2026-06-18 14:46:25.136258: train_loss -0.5556
2026-06-18 14:46:25.136751: val_loss -0.2321
2026-06-18 14:46:25.136896: Pseudo dice [np.float32(0.6904)]
2026-06-18 14:46:25.137069: Epoch time: 53.41 s
2026-06-18 14:46:26.899931: 
2026-06-18 14:46:26.900417: Epoch 248
2026-06-18 14:46:26.900686: Current learning rate: 0.00013
2026-06-18 14:47:20.196519: train_loss -0.5548
2026-06-18 14:47:20.197056: val_loss -0.1748
2026-06-18 14:47:20.197204: Pseudo dice [np.float32(0.669)]
2026-06-18 14:47:20.197371: Epoch time: 53.3 s
2026-06-18 14:47:21.960124: 
2026-06-18 14:47:21.960697: Epoch 249
2026-06-18 14:47:21.960993: Current learning rate: 7e-05
2026-06-18 14:48:15.231123: train_loss -0.5447
2026-06-18 14:48:15.231674: val_loss -0.1437
2026-06-18 14:48:15.231817: Pseudo dice [np.float32(0.6575)]
2026-06-18 14:48:15.232002: Epoch time: 53.27 s
2026-06-18 14:48:17.561118: Training done.
2026-06-18 14:48:17.785765: Using splits from existing split file: /gpfs/data/ravenlab/micmac/nnUNet_preprocessed/Dataset003_BinaryTask/splits_final.json
2026-06-18 14:48:17.786860: The split file contains 5 splits.
2026-06-18 14:48:17.786975: Desired fold for training: 1
2026-06-18 14:48:17.787071: This split has 20 training and 5 validation cases.
2026-06-18 14:48:17.787263: predicting 41759_34right
2026-06-18 14:48:17.824310: 41759_34right, shape torch.Size([1, 1, 2080, 2302]), rank 0
2026-06-18 14:48:24.913290: predicting 41759_51
2026-06-18 14:48:24.961365: 41759_51, shape torch.Size([1, 1, 2176, 2201]), rank 0
2026-06-18 14:48:26.113445: predicting 41759_62_claus
2026-06-18 14:48:26.239304: 41759_62_claus, shape torch.Size([1, 1, 2240, 2251]), rank 0
2026-06-18 14:48:27.461595: predicting 41759_G_070_slice_1_1
2026-06-18 14:48:28.078454: 41759_G_070_slice_1_1, shape torch.Size([1, 1, 10000, 10000]), rank 0
2026-06-18 14:49:03.146708: predicting 41759_G_090_slice_1_1
2026-06-18 14:49:03.781310: 41759_G_090_slice_1_1, shape torch.Size([1, 1, 10000, 10000]), rank 0
2026-06-18 14:50:57.570976: Validation complete
2026-06-18 14:50:57.571182: Mean Validation Dice:  0.6644271850161967
