Loading python/gpu/3.10.6-cuda12.9
  Loading requirement: cuda/12.9
Launching parallel training for 2D config, Fold 4 using 250-epoch trainer preset...

############################
INFO: You are using the old nnU-Net default plans. We have updated our recommendations. Please consider using those instead! Read more here: https://github.com/MIC-DKFZ/nnUNet/blob/master/documentation/resenc_presets.md
############################

Using device: cuda:0

#######################################################################
Please cite the following paper when using nnU-Net:
Isensee, F., Jaeger, P. F., Kohl, S. A., Petersen, J., & Maier-Hein, K. H. (2021). nnU-Net: a self-configuring method for deep learning-based biomedical image segmentation. Nature methods, 18(2), 203-211.
#######################################################################

2026-06-18 10:57:06.072351: do_dummy_2d_data_aug: False
2026-06-18 10:57:06.073942: Using splits from existing split file: /gpfs/data/ravenlab/micmac/nnUNet_preprocessed/Dataset003_BinaryTask/splits_final.json
2026-06-18 10:57:06.090733: The split file contains 5 splits.
2026-06-18 10:57:06.090876: Desired fold for training: 4
2026-06-18 10:57:06.090971: This split has 20 training and 5 validation cases.
using pin_memory on device 0
using pin_memory on device 0

This is the configuration used by this training:
Configuration name: 2d
 {'data_identifier': 'nnUNetPlans_2d', 'preprocessor_name': 'DefaultPreprocessor', 'batch_size': 2, 'patch_size': [1024, 1536], 'median_image_size_in_voxels': [2176.0, 3311.0], 'spacing': [1.0, 1.0], 'normalization_schemes': ['ZScoreNormalization'], 'use_mask_for_norm': [False], 'resampling_fn_data': 'resample_data_or_seg_to_shape', 'resampling_fn_seg': 'resample_data_or_seg_to_shape', 'resampling_fn_data_kwargs': {'is_seg': False, 'order': 3, 'order_z': 0, 'force_separate_z': None}, 'resampling_fn_seg_kwargs': {'is_seg': True, 'order': 1, 'order_z': 0, 'force_separate_z': None}, 'resampling_fn_probabilities': 'resample_data_or_seg_to_shape', 'resampling_fn_probabilities_kwargs': {'is_seg': False, 'order': 1, 'order_z': 0, 'force_separate_z': None}, 'architecture': {'network_class_name': 'dynamic_network_architectures.architectures.unet.PlainConvUNet', 'arch_kwargs': {'n_stages': 9, 'features_per_stage': [32, 64, 128, 256, 512, 512, 512, 512, 512], 'conv_op': 'torch.nn.modules.conv.Conv2d', 'kernel_sizes': [[3, 3], [3, 3], [3, 3], [3, 3], [3, 3], [3, 3], [3, 3], [3, 3], [3, 3]], 'strides': [[1, 1], [2, 2], [2, 2], [2, 2], [2, 2], [2, 2], [2, 2], [2, 2], [2, 2]], 'n_conv_per_stage': [2, 2, 2, 2, 2, 2, 2, 2, 2], 'n_conv_per_stage_decoder': [2, 2, 2, 2, 2, 2, 2, 2], 'conv_bias': True, 'norm_op': 'torch.nn.modules.instancenorm.InstanceNorm2d', 'norm_op_kwargs': {'eps': 1e-05, 'affine': True}, 'dropout_op': None, 'dropout_op_kwargs': None, 'nonlin': 'torch.nn.LeakyReLU', 'nonlin_kwargs': {'inplace': True}}, '_kw_requires_import': ['conv_op', 'norm_op', 'dropout_op', 'nonlin']}, 'batch_dice': True} 

These are the global plan.json settings:
 {'dataset_name': 'Dataset003_BinaryTask', 'plans_name': 'nnUNetPlans', 'original_median_spacing_after_transp': [999.0, 1.0, 1.0], 'original_median_shape_after_transp': [1, 2176, 3311], 'image_reader_writer': 'NaturalImage2DIO', 'transpose_forward': [0, 1, 2], 'transpose_backward': [0, 1, 2], 'experiment_planner_used': 'ExperimentPlanner', 'label_manager': 'LabelManager', 'foreground_intensity_properties_per_channel': {'0': {'max': 252.0, 'mean': 114.97937774658203, 'median': 113.0, 'min': 4.0, 'percentile_00_5': 32.0, 'percentile_99_5': 208.0, 'std': 38.282249450683594}}} 

2026-06-18 10:57:09.798059: Unable to plot network architecture:
2026-06-18 10:57:09.798235: No module named 'hiddenlayer'
2026-06-18 10:57:09.947738: 
2026-06-18 10:57:09.947991: Epoch 0
2026-06-18 10:57:09.948294: Current learning rate: 0.01
2026-06-18 10:59:23.946568: train_loss 0.0971
2026-06-18 10:59:23.947024: val_loss 0.0965
2026-06-18 10:59:23.947174: Pseudo dice [np.float32(0.5101)]
2026-06-18 10:59:23.947330: Epoch time: 134.0 s
2026-06-18 10:59:23.947465: Yayy! New best EMA pseudo Dice: 0.5101000070571899
2026-06-18 10:59:26.195064: 
2026-06-18 10:59:26.195495: Epoch 1
2026-06-18 10:59:26.195682: Current learning rate: 0.00996
2026-06-18 11:00:18.808027: train_loss -0.1523
2026-06-18 11:00:18.808614: val_loss 0.2045
2026-06-18 11:00:18.808760: Pseudo dice [np.float32(0.446)]
2026-06-18 11:00:18.808951: Epoch time: 52.62 s
2026-06-18 11:00:20.533111: 
2026-06-18 11:00:20.533675: Epoch 2
2026-06-18 11:00:20.533958: Current learning rate: 0.00993
2026-06-18 11:01:13.204190: train_loss -0.235
2026-06-18 11:01:13.204863: val_loss -0.0199
2026-06-18 11:01:13.205008: Pseudo dice [np.float32(0.6231)]
2026-06-18 11:01:13.205179: Epoch time: 52.67 s
2026-06-18 11:01:13.205305: Yayy! New best EMA pseudo Dice: 0.5156000256538391
2026-06-18 11:01:15.539932: 
2026-06-18 11:01:15.540422: Epoch 3
2026-06-18 11:01:15.540699: Current learning rate: 0.00989
2026-06-18 11:02:08.275449: train_loss -0.2707
2026-06-18 11:02:08.276091: val_loss -0.1037
2026-06-18 11:02:08.276237: Pseudo dice [np.float32(0.633)]
2026-06-18 11:02:08.276407: Epoch time: 52.74 s
2026-06-18 11:02:08.276534: Yayy! New best EMA pseudo Dice: 0.527400016784668
2026-06-18 11:02:11.015954: 
2026-06-18 11:02:11.016468: Epoch 4
2026-06-18 11:02:11.016671: Current learning rate: 0.00986
2026-06-18 11:03:03.786914: train_loss -0.3042
2026-06-18 11:03:03.789025: val_loss -0.1281
2026-06-18 11:03:03.789216: Pseudo dice [np.float32(0.6185)]
2026-06-18 11:03:03.789536: Epoch time: 52.77 s
2026-06-18 11:03:03.789673: Yayy! New best EMA pseudo Dice: 0.5364999771118164
2026-06-18 11:03:06.031673: 
2026-06-18 11:03:06.032206: Epoch 5
2026-06-18 11:03:06.032399: Current learning rate: 0.00982
2026-06-18 11:03:58.715504: train_loss -0.2961
2026-06-18 11:03:58.724785: val_loss -0.1244
2026-06-18 11:03:58.724954: Pseudo dice [np.float32(0.6056)]
2026-06-18 11:03:58.725133: Epoch time: 52.69 s
2026-06-18 11:03:58.725266: Yayy! New best EMA pseudo Dice: 0.54339998960495
2026-06-18 11:04:00.934758: 
2026-06-18 11:04:00.935192: Epoch 6
2026-06-18 11:04:00.935367: Current learning rate: 0.00978
2026-06-18 11:04:53.694901: train_loss -0.2865
2026-06-18 11:04:53.696101: val_loss -0.0012
2026-06-18 11:04:53.696259: Pseudo dice [np.float32(0.5968)]
2026-06-18 11:04:53.696440: Epoch time: 52.76 s
2026-06-18 11:04:53.696569: Yayy! New best EMA pseudo Dice: 0.5486999750137329
2026-06-18 11:04:55.971619: 
2026-06-18 11:04:55.972092: Epoch 7
2026-06-18 11:04:55.972355: Current learning rate: 0.00975
2026-06-18 11:05:48.693144: train_loss -0.2377
2026-06-18 11:05:48.693718: val_loss 0.4601
2026-06-18 11:05:48.693873: Pseudo dice [np.float32(0.3736)]
2026-06-18 11:05:48.694046: Epoch time: 52.72 s
2026-06-18 11:05:50.414390: 
2026-06-18 11:05:50.414765: Epoch 8
2026-06-18 11:05:50.415060: Current learning rate: 0.00971
2026-06-18 11:06:43.226991: train_loss -0.2844
2026-06-18 11:06:43.227618: val_loss 0.2704
2026-06-18 11:06:43.227763: Pseudo dice [np.float32(0.3777)]
2026-06-18 11:06:43.227960: Epoch time: 52.82 s
2026-06-18 11:06:45.320725: 
2026-06-18 11:06:45.321112: Epoch 9
2026-06-18 11:06:45.321295: Current learning rate: 0.00968
2026-06-18 11:07:38.078805: train_loss -0.3013
2026-06-18 11:07:38.080423: val_loss -0.1253
2026-06-18 11:07:38.080574: Pseudo dice [np.float32(0.6177)]
2026-06-18 11:07:38.080746: Epoch time: 52.76 s
2026-06-18 11:07:39.765730: 
2026-06-18 11:07:39.766178: Epoch 10
2026-06-18 11:07:39.766364: Current learning rate: 0.00964
2026-06-18 11:08:32.471642: train_loss -0.3264
2026-06-18 11:08:32.472192: val_loss 0.0126
2026-06-18 11:08:32.472338: Pseudo dice [np.float32(0.5621)]
2026-06-18 11:08:32.472508: Epoch time: 52.71 s
2026-06-18 11:08:34.170527: 
2026-06-18 11:08:34.171043: Epoch 11
2026-06-18 11:08:34.171228: Current learning rate: 0.0096
2026-06-18 11:09:26.999892: train_loss -0.33
2026-06-18 11:09:27.000495: val_loss -0.1116
2026-06-18 11:09:27.000638: Pseudo dice [np.float32(0.6343)]
2026-06-18 11:09:27.000819: Epoch time: 52.83 s
2026-06-18 11:09:28.710957: 
2026-06-18 11:09:28.711357: Epoch 12
2026-06-18 11:09:28.711531: Current learning rate: 0.00957
2026-06-18 11:10:21.435237: train_loss -0.3284
2026-06-18 11:10:21.435841: val_loss -0.2185
2026-06-18 11:10:21.435991: Pseudo dice [np.float32(0.6965)]
2026-06-18 11:10:21.436164: Epoch time: 52.73 s
2026-06-18 11:10:21.436295: Yayy! New best EMA pseudo Dice: 0.5558000206947327
2026-06-18 11:10:23.712256: 
2026-06-18 11:10:23.712698: Epoch 13
2026-06-18 11:10:23.712883: Current learning rate: 0.00953
2026-06-18 11:11:16.458670: train_loss -0.2861
2026-06-18 11:11:16.459173: val_loss 0.0324
2026-06-18 11:11:16.459321: Pseudo dice [np.float32(0.5721)]
2026-06-18 11:11:16.459500: Epoch time: 52.75 s
2026-06-18 11:11:16.459629: Yayy! New best EMA pseudo Dice: 0.5573999881744385
2026-06-18 11:11:18.734125: 
2026-06-18 11:11:18.734569: Epoch 14
2026-06-18 11:11:18.734851: Current learning rate: 0.00949
2026-06-18 11:12:11.557716: train_loss -0.3247
2026-06-18 11:12:11.560547: val_loss -0.1846
2026-06-18 11:12:11.560696: Pseudo dice [np.float32(0.6417)]
2026-06-18 11:12:11.560870: Epoch time: 52.83 s
2026-06-18 11:12:11.560998: Yayy! New best EMA pseudo Dice: 0.5658000111579895
2026-06-18 11:12:13.789481: 
2026-06-18 11:12:13.789954: Epoch 15
2026-06-18 11:12:13.790186: Current learning rate: 0.00946
2026-06-18 11:13:06.476382: train_loss -0.315
2026-06-18 11:13:06.477321: val_loss -0.1588
2026-06-18 11:13:06.477484: Pseudo dice [np.float32(0.6452)]
2026-06-18 11:13:06.477652: Epoch time: 52.69 s
2026-06-18 11:13:06.477785: Yayy! New best EMA pseudo Dice: 0.5738000273704529
2026-06-18 11:13:08.789594: 
2026-06-18 11:13:08.790241: Epoch 16
2026-06-18 11:13:08.790527: Current learning rate: 0.00942
2026-06-18 11:14:01.390473: train_loss -0.3594
2026-06-18 11:14:01.391767: val_loss -0.1539
2026-06-18 11:14:01.391934: Pseudo dice [np.float32(0.6273)]
2026-06-18 11:14:01.392118: Epoch time: 52.6 s
2026-06-18 11:14:01.392251: Yayy! New best EMA pseudo Dice: 0.5791000127792358
2026-06-18 11:14:03.708847: 
2026-06-18 11:14:03.709240: Epoch 17
2026-06-18 11:14:03.709461: Current learning rate: 0.00939
2026-06-18 11:14:56.487324: train_loss -0.3888
2026-06-18 11:14:56.487756: val_loss -0.1696
2026-06-18 11:14:56.487908: Pseudo dice [np.float32(0.6444)]
2026-06-18 11:14:56.488086: Epoch time: 52.78 s
2026-06-18 11:14:56.488212: Yayy! New best EMA pseudo Dice: 0.5856999754905701
2026-06-18 11:14:59.149267: 
2026-06-18 11:14:59.149615: Epoch 18
2026-06-18 11:14:59.149808: Current learning rate: 0.00935
2026-06-18 11:15:51.978293: train_loss -0.3811
2026-06-18 11:15:51.978897: val_loss -0.2179
2026-06-18 11:15:51.979047: Pseudo dice [np.float32(0.6613)]
2026-06-18 11:15:51.979221: Epoch time: 52.83 s
2026-06-18 11:15:51.979355: Yayy! New best EMA pseudo Dice: 0.5932000279426575
2026-06-18 11:15:54.293732: 
2026-06-18 11:15:54.294182: Epoch 19
2026-06-18 11:15:54.294449: Current learning rate: 0.00931
2026-06-18 11:16:47.164571: train_loss -0.4054
2026-06-18 11:16:47.165109: val_loss -0.2143
2026-06-18 11:16:47.165269: Pseudo dice [np.float32(0.6706)]
2026-06-18 11:16:47.165446: Epoch time: 52.87 s
2026-06-18 11:16:47.165577: Yayy! New best EMA pseudo Dice: 0.6008999943733215
2026-06-18 11:16:49.383100: 
2026-06-18 11:16:49.383494: Epoch 20
2026-06-18 11:16:49.383674: Current learning rate: 0.00928
2026-06-18 11:17:42.228118: train_loss -0.3852
2026-06-18 11:17:42.228680: val_loss -0.2377
2026-06-18 11:17:42.228832: Pseudo dice [np.float32(0.691)]
2026-06-18 11:17:42.229011: Epoch time: 52.85 s
2026-06-18 11:17:42.229139: Yayy! New best EMA pseudo Dice: 0.6098999977111816
2026-06-18 11:17:44.462274: 
2026-06-18 11:17:44.462683: Epoch 21
2026-06-18 11:17:44.462893: Current learning rate: 0.00924
2026-06-18 11:18:37.206098: train_loss -0.3969
2026-06-18 11:18:37.206544: val_loss -0.1729
2026-06-18 11:18:37.206686: Pseudo dice [np.float32(0.6695)]
2026-06-18 11:18:37.206876: Epoch time: 52.75 s
2026-06-18 11:18:37.207010: Yayy! New best EMA pseudo Dice: 0.6158999800682068
2026-06-18 11:18:39.383465: 
2026-06-18 11:18:39.383973: Epoch 22
2026-06-18 11:18:39.384254: Current learning rate: 0.0092
2026-06-18 11:19:32.162375: train_loss -0.3767
2026-06-18 11:19:32.162915: val_loss -0.2399
2026-06-18 11:19:32.163065: Pseudo dice [np.float32(0.66)]
2026-06-18 11:19:32.163242: Epoch time: 52.78 s
2026-06-18 11:19:32.163373: Yayy! New best EMA pseudo Dice: 0.6202999949455261
2026-06-18 11:19:34.337400: 
2026-06-18 11:19:34.337827: Epoch 23
2026-06-18 11:19:34.338714: Current learning rate: 0.00917
2026-06-18 11:20:27.100264: train_loss -0.3809
2026-06-18 11:20:27.100780: val_loss -0.1692
2026-06-18 11:20:27.100932: Pseudo dice [np.float32(0.6457)]
2026-06-18 11:20:27.101104: Epoch time: 52.77 s
2026-06-18 11:20:27.101228: Yayy! New best EMA pseudo Dice: 0.6229000091552734
2026-06-18 11:20:29.280109: 
2026-06-18 11:20:29.280561: Epoch 24
2026-06-18 11:20:29.280745: Current learning rate: 0.00913
2026-06-18 11:21:22.009276: train_loss -0.4002
2026-06-18 11:21:22.009708: val_loss -0.1843
2026-06-18 11:21:22.009861: Pseudo dice [np.float32(0.6599)]
2026-06-18 11:21:22.010042: Epoch time: 52.73 s
2026-06-18 11:21:22.010172: Yayy! New best EMA pseudo Dice: 0.6266000270843506
2026-06-18 11:21:24.167283: 
2026-06-18 11:21:24.167695: Epoch 25
2026-06-18 11:21:24.167907: Current learning rate: 0.0091
2026-06-18 11:22:16.876857: train_loss -0.3987
2026-06-18 11:22:16.877318: val_loss -0.2595
2026-06-18 11:22:16.877465: Pseudo dice [np.float32(0.6816)]
2026-06-18 11:22:16.877633: Epoch time: 52.71 s
2026-06-18 11:22:16.877782: Yayy! New best EMA pseudo Dice: 0.632099986076355
2026-06-18 11:22:19.399435: 
2026-06-18 11:22:19.399946: Epoch 26
2026-06-18 11:22:19.400239: Current learning rate: 0.00906
2026-06-18 11:23:12.264735: train_loss -0.404
2026-06-18 11:23:12.265357: val_loss -0.0789
2026-06-18 11:23:12.265504: Pseudo dice [np.float32(0.6398)]
2026-06-18 11:23:12.265679: Epoch time: 52.87 s
2026-06-18 11:23:12.265818: Yayy! New best EMA pseudo Dice: 0.6327999830245972
2026-06-18 11:23:14.444271: 
2026-06-18 11:23:14.444720: Epoch 27
2026-06-18 11:23:14.444899: Current learning rate: 0.00902
2026-06-18 11:24:07.326728: train_loss -0.4011
2026-06-18 11:24:07.329468: val_loss -0.1803
2026-06-18 11:24:07.329614: Pseudo dice [np.float32(0.682)]
2026-06-18 11:24:07.329792: Epoch time: 52.89 s
2026-06-18 11:24:07.329925: Yayy! New best EMA pseudo Dice: 0.6377999782562256
2026-06-18 11:24:09.516397: 
2026-06-18 11:24:09.516870: Epoch 28
2026-06-18 11:24:09.517057: Current learning rate: 0.00899
2026-06-18 11:25:02.259807: train_loss -0.4132
2026-06-18 11:25:02.260417: val_loss -0.1892
2026-06-18 11:25:02.260562: Pseudo dice [np.float32(0.5801)]
2026-06-18 11:25:02.260734: Epoch time: 52.75 s
2026-06-18 11:25:03.953722: 
2026-06-18 11:25:03.954358: Epoch 29
2026-06-18 11:25:03.954652: Current learning rate: 0.00895
2026-06-18 11:25:56.761727: train_loss -0.4096
2026-06-18 11:25:56.762289: val_loss -0.251
2026-06-18 11:25:56.762445: Pseudo dice [np.float32(0.6266)]
2026-06-18 11:25:56.762620: Epoch time: 52.81 s
2026-06-18 11:25:58.467335: 
2026-06-18 11:25:58.467747: Epoch 30
2026-06-18 11:25:58.467939: Current learning rate: 0.00891
2026-06-18 11:26:51.330862: train_loss -0.4136
2026-06-18 11:26:51.331388: val_loss -0.1975
2026-06-18 11:26:51.331537: Pseudo dice [np.float32(0.6532)]
2026-06-18 11:26:51.331708: Epoch time: 52.87 s
2026-06-18 11:26:53.038662: 
2026-06-18 11:26:53.039127: Epoch 31
2026-06-18 11:26:53.039397: Current learning rate: 0.00888
2026-06-18 11:27:45.858079: train_loss -0.4024
2026-06-18 11:27:45.858602: val_loss -0.243
2026-06-18 11:27:45.858745: Pseudo dice [np.float32(0.6943)]
2026-06-18 11:27:45.858922: Epoch time: 52.82 s
2026-06-18 11:27:45.859067: Yayy! New best EMA pseudo Dice: 0.6396999955177307
2026-06-18 11:27:48.028228: 
2026-06-18 11:27:48.028515: Epoch 32
2026-06-18 11:27:48.028702: Current learning rate: 0.00884
2026-06-18 11:28:40.832772: train_loss -0.4258
2026-06-18 11:28:40.833395: val_loss -0.2231
2026-06-18 11:28:40.833546: Pseudo dice [np.float32(0.6523)]
2026-06-18 11:28:40.833716: Epoch time: 52.81 s
2026-06-18 11:28:40.833858: Yayy! New best EMA pseudo Dice: 0.640999972820282
2026-06-18 11:28:43.038920: 
2026-06-18 11:28:43.039321: Epoch 33
2026-06-18 11:28:43.039502: Current learning rate: 0.0088
2026-06-18 11:29:35.882577: train_loss -0.4285
2026-06-18 11:29:35.883096: val_loss -0.224
2026-06-18 11:29:35.883265: Pseudo dice [np.float32(0.6898)]
2026-06-18 11:29:35.884281: Epoch time: 52.85 s
2026-06-18 11:29:35.884429: Yayy! New best EMA pseudo Dice: 0.645799994468689
2026-06-18 11:29:38.439445: 
2026-06-18 11:29:38.439905: Epoch 34
2026-06-18 11:29:38.440083: Current learning rate: 0.00877
2026-06-18 11:30:31.247177: train_loss -0.4221
2026-06-18 11:30:31.247847: val_loss -0.263
2026-06-18 11:30:31.248018: Pseudo dice [np.float32(0.6816)]
2026-06-18 11:30:31.248189: Epoch time: 52.81 s
2026-06-18 11:30:31.248318: Yayy! New best EMA pseudo Dice: 0.649399995803833
2026-06-18 11:30:33.448130: 
2026-06-18 11:30:33.448581: Epoch 35
2026-06-18 11:30:33.448758: Current learning rate: 0.00873
2026-06-18 11:31:26.180345: train_loss -0.4312
2026-06-18 11:31:26.180945: val_loss -0.2258
2026-06-18 11:31:26.181084: Pseudo dice [np.float32(0.6719)]
2026-06-18 11:31:26.181267: Epoch time: 52.74 s
2026-06-18 11:31:26.181400: Yayy! New best EMA pseudo Dice: 0.6517000198364258
2026-06-18 11:31:28.391671: 
2026-06-18 11:31:28.392187: Epoch 36
2026-06-18 11:31:28.392465: Current learning rate: 0.00869
2026-06-18 11:32:21.132818: train_loss -0.44
2026-06-18 11:32:21.133292: val_loss -0.2054
2026-06-18 11:32:21.133436: Pseudo dice [np.float32(0.642)]
2026-06-18 11:32:21.133607: Epoch time: 52.74 s
2026-06-18 11:32:22.859905: 
2026-06-18 11:32:22.860397: Epoch 37
2026-06-18 11:32:22.860698: Current learning rate: 0.00866
2026-06-18 11:33:15.645552: train_loss -0.4257
2026-06-18 11:33:15.646032: val_loss -0.2181
2026-06-18 11:33:15.646176: Pseudo dice [np.float32(0.6539)]
2026-06-18 11:33:15.646345: Epoch time: 52.79 s
2026-06-18 11:33:17.378601: 
2026-06-18 11:33:17.379032: Epoch 38
2026-06-18 11:33:17.379211: Current learning rate: 0.00862
2026-06-18 11:34:10.145602: train_loss -0.4242
2026-06-18 11:34:10.146127: val_loss -0.1979
2026-06-18 11:34:10.146278: Pseudo dice [np.float32(0.6452)]
2026-06-18 11:34:10.146448: Epoch time: 52.77 s
2026-06-18 11:34:11.882913: 
2026-06-18 11:34:11.883417: Epoch 39
2026-06-18 11:34:11.883609: Current learning rate: 0.00858
2026-06-18 11:35:04.648280: train_loss -0.4153
2026-06-18 11:35:04.648787: val_loss -0.2312
2026-06-18 11:35:04.648950: Pseudo dice [np.float32(0.5915)]
2026-06-18 11:35:04.649134: Epoch time: 52.77 s
2026-06-18 11:35:06.406371: 
2026-06-18 11:35:06.406769: Epoch 40
2026-06-18 11:35:06.406970: Current learning rate: 0.00855
2026-06-18 11:35:59.130318: train_loss -0.4314
2026-06-18 11:35:59.131043: val_loss 0.5518
2026-06-18 11:35:59.131195: Pseudo dice [np.float32(0.415)]
2026-06-18 11:35:59.131371: Epoch time: 52.73 s
2026-06-18 11:36:00.888994: 
2026-06-18 11:36:00.889524: Epoch 41
2026-06-18 11:36:00.889753: Current learning rate: 0.00851
2026-06-18 11:36:53.772883: train_loss -0.3737
2026-06-18 11:36:53.773331: val_loss -0.1465
2026-06-18 11:36:53.773473: Pseudo dice [np.float32(0.6296)]
2026-06-18 11:36:53.773641: Epoch time: 52.89 s
2026-06-18 11:36:55.482560: 
2026-06-18 11:36:55.483008: Epoch 42
2026-06-18 11:36:55.483373: Current learning rate: 0.00847
2026-06-18 11:37:48.230450: train_loss -0.4015
2026-06-18 11:37:48.230934: val_loss -0.163
2026-06-18 11:37:48.231096: Pseudo dice [np.float32(0.6494)]
2026-06-18 11:37:48.231267: Epoch time: 52.75 s
2026-06-18 11:37:50.349498: 
2026-06-18 11:37:50.350065: Epoch 43
2026-06-18 11:37:50.350377: Current learning rate: 0.00844
2026-06-18 11:38:43.082906: train_loss -0.4081
2026-06-18 11:38:43.083559: val_loss -0.2215
2026-06-18 11:38:43.083706: Pseudo dice [np.float32(0.6873)]
2026-06-18 11:38:43.083886: Epoch time: 52.74 s
2026-06-18 11:38:44.796845: 
2026-06-18 11:38:44.797443: Epoch 44
2026-06-18 11:38:44.797647: Current learning rate: 0.0084
2026-06-18 11:39:37.530743: train_loss -0.4135
2026-06-18 11:39:37.531623: val_loss -0.2445
2026-06-18 11:39:37.532093: Pseudo dice [np.float32(0.6666)]
2026-06-18 11:39:37.532351: Epoch time: 52.74 s
2026-06-18 11:39:39.296879: 
2026-06-18 11:39:39.297611: Epoch 45
2026-06-18 11:39:39.297848: Current learning rate: 0.00836
2026-06-18 11:40:32.130323: train_loss -0.4364
2026-06-18 11:40:32.131424: val_loss -0.2226
2026-06-18 11:40:32.131581: Pseudo dice [np.float32(0.6318)]
2026-06-18 11:40:32.131798: Epoch time: 52.84 s
2026-06-18 11:40:33.850566: 
2026-06-18 11:40:33.851188: Epoch 46
2026-06-18 11:40:33.851562: Current learning rate: 0.00833
2026-06-18 11:41:26.712145: train_loss -0.422
2026-06-18 11:41:26.712790: val_loss -0.1655
2026-06-18 11:41:26.712936: Pseudo dice [np.float32(0.6386)]
2026-06-18 11:41:26.713108: Epoch time: 52.87 s
2026-06-18 11:41:28.438312: 
2026-06-18 11:41:28.438733: Epoch 47
2026-06-18 11:41:28.438952: Current learning rate: 0.00829
2026-06-18 11:42:21.189666: train_loss -0.4384
2026-06-18 11:42:21.190247: val_loss -0.2441
2026-06-18 11:42:21.190397: Pseudo dice [np.float32(0.6772)]
2026-06-18 11:42:21.190578: Epoch time: 52.75 s
2026-06-18 11:42:22.889769: 
2026-06-18 11:42:22.890220: Epoch 48
2026-06-18 11:42:22.890411: Current learning rate: 0.00825
2026-06-18 11:43:15.636480: train_loss -0.4401
2026-06-18 11:43:15.637019: val_loss -0.1299
2026-06-18 11:43:15.637161: Pseudo dice [np.float32(0.6439)]
2026-06-18 11:43:15.637331: Epoch time: 52.75 s
2026-06-18 11:43:17.363534: 
2026-06-18 11:43:17.363889: Epoch 49
2026-06-18 11:43:17.364176: Current learning rate: 0.00822
2026-06-18 11:44:10.168665: train_loss -0.4063
2026-06-18 11:44:10.170500: val_loss -0.2518
2026-06-18 11:44:10.170655: Pseudo dice [np.float32(0.6879)]
2026-06-18 11:44:10.170832: Epoch time: 52.81 s
2026-06-18 11:44:12.481830: 
2026-06-18 11:44:12.482532: Epoch 50
2026-06-18 11:44:12.482841: Current learning rate: 0.00818
2026-06-18 11:45:05.251443: train_loss -0.4275
2026-06-18 11:45:05.255307: val_loss -0.2454
2026-06-18 11:45:05.255475: Pseudo dice [np.float32(0.6907)]
2026-06-18 11:45:05.255667: Epoch time: 52.77 s
2026-06-18 11:45:07.377662: 
2026-06-18 11:45:07.378208: Epoch 51
2026-06-18 11:45:07.378499: Current learning rate: 0.00814
2026-06-18 11:46:00.180403: train_loss -0.4398
2026-06-18 11:46:00.180936: val_loss -0.208
2026-06-18 11:46:00.181096: Pseudo dice [np.float32(0.6743)]
2026-06-18 11:46:00.181273: Epoch time: 52.81 s
2026-06-18 11:46:01.906791: 
2026-06-18 11:46:01.907272: Epoch 52
2026-06-18 11:46:01.907556: Current learning rate: 0.00811
2026-06-18 11:46:54.629783: train_loss -0.4532
2026-06-18 11:46:54.630328: val_loss -0.2409
2026-06-18 11:46:54.630474: Pseudo dice [np.float32(0.6883)]
2026-06-18 11:46:54.630650: Epoch time: 52.73 s
2026-06-18 11:46:54.630788: Yayy! New best EMA pseudo Dice: 0.6553000211715698
2026-06-18 11:46:56.854733: 
2026-06-18 11:46:56.855222: Epoch 53
2026-06-18 11:46:56.855504: Current learning rate: 0.00807
2026-06-18 11:47:49.598171: train_loss -0.349
2026-06-18 11:47:49.598685: val_loss -0.1637
2026-06-18 11:47:49.598841: Pseudo dice [np.float32(0.6213)]
2026-06-18 11:47:49.599027: Epoch time: 52.75 s
2026-06-18 11:47:51.339123: 
2026-06-18 11:47:51.339579: Epoch 54
2026-06-18 11:47:51.339854: Current learning rate: 0.00803
2026-06-18 11:48:44.089643: train_loss -0.4362
2026-06-18 11:48:44.090169: val_loss -0.2886
2026-06-18 11:48:44.090321: Pseudo dice [np.float32(0.7074)]
2026-06-18 11:48:44.090493: Epoch time: 52.75 s
2026-06-18 11:48:44.090619: Yayy! New best EMA pseudo Dice: 0.6574000120162964
2026-06-18 11:48:46.336053: 
2026-06-18 11:48:46.336586: Epoch 55
2026-06-18 11:48:46.336886: Current learning rate: 0.008
2026-06-18 11:49:39.050898: train_loss -0.4361
2026-06-18 11:49:39.051549: val_loss -0.2248
2026-06-18 11:49:39.051699: Pseudo dice [np.float32(0.6761)]
2026-06-18 11:49:39.051888: Epoch time: 52.72 s
2026-06-18 11:49:39.052022: Yayy! New best EMA pseudo Dice: 0.6593000292778015
2026-06-18 11:49:41.251997: 
2026-06-18 11:49:41.252393: Epoch 56
2026-06-18 11:49:41.252582: Current learning rate: 0.00796
2026-06-18 11:50:34.135759: train_loss -0.4366
2026-06-18 11:50:34.136394: val_loss -0.2984
2026-06-18 11:50:34.136559: Pseudo dice [np.float32(0.6844)]
2026-06-18 11:50:34.136731: Epoch time: 52.89 s
2026-06-18 11:50:34.137663: Yayy! New best EMA pseudo Dice: 0.6618000268936157
2026-06-18 11:50:36.429900: 
2026-06-18 11:50:36.430298: Epoch 57
2026-06-18 11:50:36.430476: Current learning rate: 0.00792
2026-06-18 11:51:29.269734: train_loss -0.4481
2026-06-18 11:51:29.270293: val_loss -0.2457
2026-06-18 11:51:29.270437: Pseudo dice [np.float32(0.6923)]
2026-06-18 11:51:29.270607: Epoch time: 52.84 s
2026-06-18 11:51:29.270740: Yayy! New best EMA pseudo Dice: 0.664900004863739
2026-06-18 11:51:31.476282: 
2026-06-18 11:51:31.476936: Epoch 58
2026-06-18 11:51:31.477265: Current learning rate: 0.00789
2026-06-18 11:52:24.337992: train_loss -0.4557
2026-06-18 11:52:24.338672: val_loss -0.1908
2026-06-18 11:52:24.338836: Pseudo dice [np.float32(0.6192)]
2026-06-18 11:52:24.339014: Epoch time: 52.87 s
2026-06-18 11:52:26.058734: 
2026-06-18 11:52:26.059212: Epoch 59
2026-06-18 11:52:26.059413: Current learning rate: 0.00785
2026-06-18 11:53:18.774235: train_loss -0.4677
2026-06-18 11:53:18.774859: val_loss -0.2948
2026-06-18 11:53:18.775006: Pseudo dice [np.float32(0.7133)]
2026-06-18 11:53:18.775177: Epoch time: 52.72 s
2026-06-18 11:53:18.775304: Yayy! New best EMA pseudo Dice: 0.6656000018119812
2026-06-18 11:53:21.402883: 
2026-06-18 11:53:21.403417: Epoch 60
2026-06-18 11:53:21.403706: Current learning rate: 0.00781
2026-06-18 11:54:14.188915: train_loss -0.4588
2026-06-18 11:54:14.189496: val_loss -0.1873
2026-06-18 11:54:14.189641: Pseudo dice [np.float32(0.6843)]
2026-06-18 11:54:14.189820: Epoch time: 52.79 s
2026-06-18 11:54:14.189948: Yayy! New best EMA pseudo Dice: 0.6675000190734863
2026-06-18 11:54:16.393889: 
2026-06-18 11:54:16.394281: Epoch 61
2026-06-18 11:54:16.394470: Current learning rate: 0.00777
2026-06-18 11:55:09.245906: train_loss -0.45
2026-06-18 11:55:09.246528: val_loss -0.2892
2026-06-18 11:55:09.246669: Pseudo dice [np.float32(0.6866)]
2026-06-18 11:55:09.246854: Epoch time: 52.86 s
2026-06-18 11:55:09.246987: Yayy! New best EMA pseudo Dice: 0.6693999767303467
2026-06-18 11:55:11.445096: 
2026-06-18 11:55:11.445484: Epoch 62
2026-06-18 11:55:11.445764: Current learning rate: 0.00774
2026-06-18 11:56:04.297205: train_loss -0.4627
2026-06-18 11:56:04.297801: val_loss -0.2967
2026-06-18 11:56:04.297972: Pseudo dice [np.float32(0.6869)]
2026-06-18 11:56:04.298156: Epoch time: 52.86 s
2026-06-18 11:56:04.298286: Yayy! New best EMA pseudo Dice: 0.6711000204086304
2026-06-18 11:56:06.497900: 
2026-06-18 11:56:06.498367: Epoch 63
2026-06-18 11:56:06.498664: Current learning rate: 0.0077
2026-06-18 11:56:59.452106: train_loss -0.4481
2026-06-18 11:56:59.452780: val_loss -0.1716
2026-06-18 11:56:59.452933: Pseudo dice [np.float32(0.6828)]
2026-06-18 11:56:59.453108: Epoch time: 52.96 s
2026-06-18 11:56:59.453236: Yayy! New best EMA pseudo Dice: 0.6722999811172485
2026-06-18 11:57:01.659893: 
2026-06-18 11:57:01.660342: Epoch 64
2026-06-18 11:57:01.660545: Current learning rate: 0.00766
2026-06-18 11:57:54.381204: train_loss -0.4579
2026-06-18 11:57:54.381760: val_loss -0.2866
2026-06-18 11:57:54.381933: Pseudo dice [np.float32(0.6949)]
2026-06-18 11:57:54.382106: Epoch time: 52.72 s
2026-06-18 11:57:54.382240: Yayy! New best EMA pseudo Dice: 0.6746000051498413
2026-06-18 11:57:56.597956: 
2026-06-18 11:57:56.598494: Epoch 65
2026-06-18 11:57:56.598857: Current learning rate: 0.00763
2026-06-18 11:58:49.502388: train_loss -0.4599
2026-06-18 11:58:49.503053: val_loss -0.3085
2026-06-18 11:58:49.503201: Pseudo dice [np.float32(0.7112)]
2026-06-18 11:58:49.503370: Epoch time: 52.91 s
2026-06-18 11:58:49.503497: Yayy! New best EMA pseudo Dice: 0.6782000064849854
2026-06-18 11:58:51.705341: 
2026-06-18 11:58:51.705889: Epoch 66
2026-06-18 11:58:51.706190: Current learning rate: 0.00759
2026-06-18 11:59:44.518329: train_loss -0.4495
2026-06-18 11:59:44.518899: val_loss -0.3271
2026-06-18 11:59:44.519052: Pseudo dice [np.float32(0.7009)]
2026-06-18 11:59:44.519226: Epoch time: 52.82 s
2026-06-18 11:59:44.519359: Yayy! New best EMA pseudo Dice: 0.6804999709129333
2026-06-18 11:59:46.765897: 
2026-06-18 11:59:46.766354: Epoch 67
2026-06-18 11:59:46.766556: Current learning rate: 0.00755
2026-06-18 12:00:39.520148: train_loss -0.4596
2026-06-18 12:00:39.520661: val_loss -0.2489
2026-06-18 12:00:39.520815: Pseudo dice [np.float32(0.697)]
2026-06-18 12:00:39.520990: Epoch time: 52.76 s
2026-06-18 12:00:39.521123: Yayy! New best EMA pseudo Dice: 0.6820999979972839
2026-06-18 12:00:42.153008: 
2026-06-18 12:00:42.153587: Epoch 68
2026-06-18 12:00:42.153886: Current learning rate: 0.00751
2026-06-18 12:01:34.979781: train_loss -0.4748
2026-06-18 12:01:34.980296: val_loss -0.243
2026-06-18 12:01:34.980446: Pseudo dice [np.float32(0.6588)]
2026-06-18 12:01:34.980620: Epoch time: 52.83 s
2026-06-18 12:01:36.716945: 
2026-06-18 12:01:36.717377: Epoch 69
2026-06-18 12:01:36.717589: Current learning rate: 0.00748
2026-06-18 12:02:29.559811: train_loss -0.4564
2026-06-18 12:02:29.560426: val_loss -0.2694
2026-06-18 12:02:29.560566: Pseudo dice [np.float32(0.7019)]
2026-06-18 12:02:29.560742: Epoch time: 52.85 s
2026-06-18 12:02:31.305193: 
2026-06-18 12:02:31.305736: Epoch 70
2026-06-18 12:02:31.306058: Current learning rate: 0.00744
2026-06-18 12:03:24.151916: train_loss -0.4524
2026-06-18 12:03:24.152644: val_loss -0.2744
2026-06-18 12:03:24.152800: Pseudo dice [np.float32(0.6644)]
2026-06-18 12:03:24.152981: Epoch time: 52.85 s
2026-06-18 12:03:25.892633: 
2026-06-18 12:03:25.893080: Epoch 71
2026-06-18 12:03:25.893404: Current learning rate: 0.0074
2026-06-18 12:04:18.666417: train_loss -0.4457
2026-06-18 12:04:18.667006: val_loss -0.2928
2026-06-18 12:04:18.667194: Pseudo dice [np.float32(0.6861)]
2026-06-18 12:04:18.667378: Epoch time: 52.78 s
2026-06-18 12:04:20.404654: 
2026-06-18 12:04:20.405170: Epoch 72
2026-06-18 12:04:20.405462: Current learning rate: 0.00737
2026-06-18 12:05:13.285548: train_loss -0.4531
2026-06-18 12:05:13.286272: val_loss -0.2635
2026-06-18 12:05:13.286437: Pseudo dice [np.float32(0.7079)]
2026-06-18 12:05:13.286615: Epoch time: 52.88 s
2026-06-18 12:05:13.286747: Yayy! New best EMA pseudo Dice: 0.6834999918937683
2026-06-18 12:05:15.539992: 
2026-06-18 12:05:15.540506: Epoch 73
2026-06-18 12:05:15.540697: Current learning rate: 0.00733
2026-06-18 12:06:08.222539: train_loss -0.4632
2026-06-18 12:06:08.223073: val_loss -0.2415
2026-06-18 12:06:08.223222: Pseudo dice [np.float32(0.6854)]
2026-06-18 12:06:08.223398: Epoch time: 52.69 s
2026-06-18 12:06:08.223526: Yayy! New best EMA pseudo Dice: 0.6837000250816345
2026-06-18 12:06:10.479284: 
2026-06-18 12:06:10.479768: Epoch 74
2026-06-18 12:06:10.480059: Current learning rate: 0.00729
2026-06-18 12:07:03.337416: train_loss -0.4755
2026-06-18 12:07:03.337901: val_loss -0.193
2026-06-18 12:07:03.338043: Pseudo dice [np.float32(0.6838)]
2026-06-18 12:07:03.338217: Epoch time: 52.86 s
2026-06-18 12:07:03.338365: Yayy! New best EMA pseudo Dice: 0.6837000250816345
2026-06-18 12:07:05.604707: 
2026-06-18 12:07:05.605165: Epoch 75
2026-06-18 12:07:05.605368: Current learning rate: 0.00725
2026-06-18 12:07:58.476281: train_loss -0.4664
2026-06-18 12:07:58.477142: val_loss -0.2557
2026-06-18 12:07:58.477294: Pseudo dice [np.float32(0.6853)]
2026-06-18 12:07:58.477468: Epoch time: 52.87 s
2026-06-18 12:07:58.477594: Yayy! New best EMA pseudo Dice: 0.683899998664856
2026-06-18 12:08:00.804548: 
2026-06-18 12:08:00.804966: Epoch 76
2026-06-18 12:08:00.805151: Current learning rate: 0.00722
2026-06-18 12:08:53.661494: train_loss -0.4752
2026-06-18 12:08:53.661984: val_loss -0.3042
2026-06-18 12:08:53.662130: Pseudo dice [np.float32(0.6889)]
2026-06-18 12:08:53.662300: Epoch time: 52.86 s
2026-06-18 12:08:53.662428: Yayy! New best EMA pseudo Dice: 0.6844000220298767
2026-06-18 12:08:56.363867: 
2026-06-18 12:08:56.364295: Epoch 77
2026-06-18 12:08:56.364500: Current learning rate: 0.00718
2026-06-18 12:09:49.196687: train_loss -0.4657
2026-06-18 12:09:49.197188: val_loss -0.3064
2026-06-18 12:09:49.197328: Pseudo dice [np.float32(0.6836)]
2026-06-18 12:09:49.209663: Epoch time: 52.84 s
2026-06-18 12:09:50.956985: 
2026-06-18 12:09:50.957320: Epoch 78
2026-06-18 12:09:50.957511: Current learning rate: 0.00714
2026-06-18 12:10:43.850584: train_loss -0.4705
2026-06-18 12:10:43.851157: val_loss -0.2708
2026-06-18 12:10:43.851305: Pseudo dice [np.float32(0.7071)]
2026-06-18 12:10:43.851475: Epoch time: 52.9 s
2026-06-18 12:10:43.851604: Yayy! New best EMA pseudo Dice: 0.6866000294685364
2026-06-18 12:10:46.099581: 
2026-06-18 12:10:46.100126: Epoch 79
2026-06-18 12:10:46.100480: Current learning rate: 0.0071
2026-06-18 12:11:38.906357: train_loss -0.4593
2026-06-18 12:11:38.906937: val_loss -0.2197
2026-06-18 12:11:38.907077: Pseudo dice [np.float32(0.6474)]
2026-06-18 12:11:38.907250: Epoch time: 52.81 s
2026-06-18 12:11:40.689618: 
2026-06-18 12:11:40.690177: Epoch 80
2026-06-18 12:11:40.690375: Current learning rate: 0.00707
2026-06-18 12:12:33.463358: train_loss -0.4804
2026-06-18 12:12:33.463958: val_loss -0.2677
2026-06-18 12:12:33.464128: Pseudo dice [np.float32(0.678)]
2026-06-18 12:12:33.464311: Epoch time: 52.78 s
2026-06-18 12:12:35.230006: 
2026-06-18 12:12:35.230461: Epoch 81
2026-06-18 12:12:35.230647: Current learning rate: 0.00703
2026-06-18 12:13:28.034835: train_loss -0.458
2026-06-18 12:13:28.035475: val_loss -0.2706
2026-06-18 12:13:28.036225: Pseudo dice [np.float32(0.6618)]
2026-06-18 12:13:28.036417: Epoch time: 52.81 s
2026-06-18 12:13:29.792450: 
2026-06-18 12:13:29.792979: Epoch 82
2026-06-18 12:13:29.793187: Current learning rate: 0.00699
2026-06-18 12:14:22.757948: train_loss -0.4711
2026-06-18 12:14:22.758489: val_loss -0.3034
2026-06-18 12:14:22.758633: Pseudo dice [np.float32(0.7005)]
2026-06-18 12:14:22.758813: Epoch time: 52.97 s
2026-06-18 12:14:24.470109: 
2026-06-18 12:14:24.470547: Epoch 83
2026-06-18 12:14:24.470828: Current learning rate: 0.00696
2026-06-18 12:15:17.368536: train_loss -0.4618
2026-06-18 12:15:17.369053: val_loss -0.2829
2026-06-18 12:15:17.369200: Pseudo dice [np.float32(0.6853)]
2026-06-18 12:15:17.369385: Epoch time: 52.9 s
2026-06-18 12:15:19.069605: 
2026-06-18 12:15:19.070073: Epoch 84
2026-06-18 12:15:19.070312: Current learning rate: 0.00692
2026-06-18 12:16:12.042809: train_loss -0.4802
2026-06-18 12:16:12.043458: val_loss -0.2372
2026-06-18 12:16:12.043602: Pseudo dice [np.float32(0.6592)]
2026-06-18 12:16:12.043783: Epoch time: 52.98 s
2026-06-18 12:16:14.139311: 
2026-06-18 12:16:14.139815: Epoch 85
2026-06-18 12:16:14.140007: Current learning rate: 0.00688
2026-06-18 12:17:06.921708: train_loss -0.4709
2026-06-18 12:17:06.922328: val_loss -0.2551
2026-06-18 12:17:06.922485: Pseudo dice [np.float32(0.7122)]
2026-06-18 12:17:06.922655: Epoch time: 52.79 s
2026-06-18 12:17:08.621890: 
2026-06-18 12:17:08.622307: Epoch 86
2026-06-18 12:17:08.622488: Current learning rate: 0.00684
2026-06-18 12:18:01.469536: train_loss -0.4574
2026-06-18 12:18:01.470081: val_loss -0.326
2026-06-18 12:18:01.470241: Pseudo dice [np.float32(0.7121)]
2026-06-18 12:18:01.470440: Epoch time: 52.85 s
2026-06-18 12:18:03.166569: 
2026-06-18 12:18:03.166953: Epoch 87
2026-06-18 12:18:03.167140: Current learning rate: 0.0068
2026-06-18 12:18:55.912174: train_loss -0.4668
2026-06-18 12:18:55.912781: val_loss -0.2453
2026-06-18 12:18:55.912950: Pseudo dice [np.float32(0.6907)]
2026-06-18 12:18:55.913120: Epoch time: 52.75 s
2026-06-18 12:18:55.913255: Yayy! New best EMA pseudo Dice: 0.6866999864578247
2026-06-18 12:18:58.113909: 
2026-06-18 12:18:58.114295: Epoch 88
2026-06-18 12:18:58.114478: Current learning rate: 0.00677
2026-06-18 12:19:50.900651: train_loss -0.4245
2026-06-18 12:19:50.901393: val_loss -0.1899
2026-06-18 12:19:50.901548: Pseudo dice [np.float32(0.6321)]
2026-06-18 12:19:50.901723: Epoch time: 52.79 s
2026-06-18 12:19:52.634848: 
2026-06-18 12:19:52.635463: Epoch 89
2026-06-18 12:19:52.635642: Current learning rate: 0.00673
2026-06-18 12:20:45.524275: train_loss -0.44
2026-06-18 12:20:45.524943: val_loss -0.282
2026-06-18 12:20:45.525892: Pseudo dice [np.float32(0.6983)]
2026-06-18 12:20:45.526089: Epoch time: 52.89 s
2026-06-18 12:20:47.236144: 
2026-06-18 12:20:47.236590: Epoch 90
2026-06-18 12:20:47.236795: Current learning rate: 0.00669
2026-06-18 12:21:40.016345: train_loss -0.4629
2026-06-18 12:21:40.016876: val_loss -0.2972
2026-06-18 12:21:40.017027: Pseudo dice [np.float32(0.7047)]
2026-06-18 12:21:40.017262: Epoch time: 52.78 s
2026-06-18 12:21:41.720899: 
2026-06-18 12:21:41.721520: Epoch 91
2026-06-18 12:21:41.721898: Current learning rate: 0.00665
2026-06-18 12:22:34.680767: train_loss -0.4705
2026-06-18 12:22:34.681279: val_loss -0.2204
2026-06-18 12:22:34.681424: Pseudo dice [np.float32(0.6478)]
2026-06-18 12:22:34.681595: Epoch time: 52.96 s
2026-06-18 12:22:36.394566: 
2026-06-18 12:22:36.395067: Epoch 92
2026-06-18 12:22:36.395285: Current learning rate: 0.00662
2026-06-18 12:23:29.244930: train_loss -0.4678
2026-06-18 12:23:29.245628: val_loss -0.2136
2026-06-18 12:23:29.245790: Pseudo dice [np.float32(0.6739)]
2026-06-18 12:23:29.245963: Epoch time: 52.85 s
2026-06-18 12:23:30.982507: 
2026-06-18 12:23:30.983393: Epoch 93
2026-06-18 12:23:30.984096: Current learning rate: 0.00658
2026-06-18 12:24:23.805895: train_loss -0.447
2026-06-18 12:24:23.806464: val_loss -0.1899
2026-06-18 12:24:23.806613: Pseudo dice [np.float32(0.599)]
2026-06-18 12:24:23.806813: Epoch time: 52.83 s
2026-06-18 12:24:25.931559: 
2026-06-18 12:24:25.932347: Epoch 94
2026-06-18 12:24:25.932880: Current learning rate: 0.00654
2026-06-18 12:25:18.814720: train_loss -0.4652
2026-06-18 12:25:18.815407: val_loss -0.3015
2026-06-18 12:25:18.815563: Pseudo dice [np.float32(0.6864)]
2026-06-18 12:25:18.815735: Epoch time: 52.89 s
2026-06-18 12:25:20.539990: 
2026-06-18 12:25:20.540582: Epoch 95
2026-06-18 12:25:20.540860: Current learning rate: 0.0065
2026-06-18 12:26:13.314334: train_loss -0.462
2026-06-18 12:26:13.315070: val_loss -0.275
2026-06-18 12:26:13.315219: Pseudo dice [np.float32(0.6859)]
2026-06-18 12:26:13.315392: Epoch time: 52.78 s
2026-06-18 12:26:15.030209: 
2026-06-18 12:26:15.030805: Epoch 96
2026-06-18 12:26:15.031122: Current learning rate: 0.00647
2026-06-18 12:27:07.918211: train_loss -0.4929
2026-06-18 12:27:07.918843: val_loss -0.2995
2026-06-18 12:27:07.919033: Pseudo dice [np.float32(0.6805)]
2026-06-18 12:27:07.919226: Epoch time: 52.89 s
2026-06-18 12:27:09.632503: 
2026-06-18 12:27:09.632885: Epoch 97
2026-06-18 12:27:09.633087: Current learning rate: 0.00643
2026-06-18 12:28:02.444414: train_loss -0.4772
2026-06-18 12:28:02.445197: val_loss -0.2198
2026-06-18 12:28:02.445349: Pseudo dice [np.float32(0.65)]
2026-06-18 12:28:02.445521: Epoch time: 52.82 s
2026-06-18 12:28:04.173543: 
2026-06-18 12:28:04.174028: Epoch 98
2026-06-18 12:28:04.174216: Current learning rate: 0.00639
2026-06-18 12:28:56.997213: train_loss -0.4975
2026-06-18 12:28:56.997830: val_loss -0.2907
2026-06-18 12:28:56.997982: Pseudo dice [np.float32(0.6853)]
2026-06-18 12:28:56.998163: Epoch time: 52.83 s
2026-06-18 12:28:58.716128: 
2026-06-18 12:28:58.716639: Epoch 99
2026-06-18 12:28:58.716938: Current learning rate: 0.00635
2026-06-18 12:29:51.629417: train_loss -0.4836
2026-06-18 12:29:51.629968: val_loss -0.2928
2026-06-18 12:29:51.630117: Pseudo dice [np.float32(0.6916)]
2026-06-18 12:29:51.630295: Epoch time: 52.92 s
2026-06-18 12:29:53.998126: 
2026-06-18 12:29:53.998565: Epoch 100
2026-06-18 12:29:53.998973: Current learning rate: 0.00631
2026-06-18 12:30:46.854045: train_loss -0.4877
2026-06-18 12:30:46.854703: val_loss -0.2104
2026-06-18 12:30:46.854862: Pseudo dice [np.float32(0.6756)]
2026-06-18 12:30:46.855042: Epoch time: 52.86 s
2026-06-18 12:30:48.590963: 
2026-06-18 12:30:48.591346: Epoch 101
2026-06-18 12:30:48.591699: Current learning rate: 0.00628
2026-06-18 12:31:41.452816: train_loss -0.4628
2026-06-18 12:31:41.453357: val_loss -0.2621
2026-06-18 12:31:41.453516: Pseudo dice [np.float32(0.683)]
2026-06-18 12:31:41.453696: Epoch time: 52.87 s
2026-06-18 12:31:43.553042: 
2026-06-18 12:31:43.553705: Epoch 102
2026-06-18 12:31:43.553941: Current learning rate: 0.00624
2026-06-18 12:32:36.414713: train_loss -0.4737
2026-06-18 12:32:36.415310: val_loss -0.2778
2026-06-18 12:32:36.415461: Pseudo dice [np.float32(0.6754)]
2026-06-18 12:32:36.415634: Epoch time: 52.86 s
2026-06-18 12:32:38.142327: 
2026-06-18 12:32:38.142790: Epoch 103
2026-06-18 12:32:38.142989: Current learning rate: 0.0062
2026-06-18 12:33:30.848990: train_loss -0.4799
2026-06-18 12:33:30.849503: val_loss -0.2891
2026-06-18 12:33:30.849651: Pseudo dice [np.float32(0.6865)]
2026-06-18 12:33:30.849844: Epoch time: 52.71 s
2026-06-18 12:33:32.585534: 
2026-06-18 12:33:32.585910: Epoch 104
2026-06-18 12:33:32.586161: Current learning rate: 0.00616
2026-06-18 12:34:25.496350: train_loss -0.4762
2026-06-18 12:34:25.501578: val_loss -0.2854
2026-06-18 12:34:25.501750: Pseudo dice [np.float32(0.6933)]
2026-06-18 12:34:25.501937: Epoch time: 52.91 s
2026-06-18 12:34:27.237969: 
2026-06-18 12:34:27.238418: Epoch 105
2026-06-18 12:34:27.238684: Current learning rate: 0.00612
2026-06-18 12:35:20.069346: train_loss -0.4979
2026-06-18 12:35:20.069960: val_loss -0.2966
2026-06-18 12:35:20.070128: Pseudo dice [np.float32(0.6921)]
2026-06-18 12:35:20.070303: Epoch time: 52.83 s
2026-06-18 12:35:21.813210: 
2026-06-18 12:35:21.813760: Epoch 106
2026-06-18 12:35:21.814073: Current learning rate: 0.00609
2026-06-18 12:36:14.714733: train_loss -0.4921
2026-06-18 12:36:14.716114: val_loss -0.264
2026-06-18 12:36:14.716309: Pseudo dice [np.float32(0.6897)]
2026-06-18 12:36:14.716498: Epoch time: 52.9 s
2026-06-18 12:36:16.484257: 
2026-06-18 12:36:16.485050: Epoch 107
2026-06-18 12:36:16.485745: Current learning rate: 0.00605
2026-06-18 12:37:09.553873: train_loss -0.4754
2026-06-18 12:37:09.554580: val_loss -0.2928
2026-06-18 12:37:09.554723: Pseudo dice [np.float32(0.6993)]
2026-06-18 12:37:09.554924: Epoch time: 53.07 s
2026-06-18 12:37:11.297983: 
2026-06-18 12:37:11.298729: Epoch 108
2026-06-18 12:37:11.299060: Current learning rate: 0.00601
2026-06-18 12:38:04.346633: train_loss -0.4861
2026-06-18 12:38:04.347173: val_loss -0.3049
2026-06-18 12:38:04.347323: Pseudo dice [np.float32(0.682)]
2026-06-18 12:38:04.347499: Epoch time: 53.05 s
2026-06-18 12:38:06.082201: 
2026-06-18 12:38:06.082695: Epoch 109
2026-06-18 12:38:06.082996: Current learning rate: 0.00597
2026-06-18 12:38:58.984751: train_loss -0.4851
2026-06-18 12:38:58.985245: val_loss -0.2261
2026-06-18 12:38:58.985409: Pseudo dice [np.float32(0.6312)]
2026-06-18 12:38:58.985578: Epoch time: 52.91 s
2026-06-18 12:39:00.712195: 
2026-06-18 12:39:00.712609: Epoch 110
2026-06-18 12:39:00.712797: Current learning rate: 0.00593
2026-06-18 12:39:53.518902: train_loss -0.5
2026-06-18 12:39:53.519464: val_loss -0.2336
2026-06-18 12:39:53.519610: Pseudo dice [np.float32(0.635)]
2026-06-18 12:39:53.519788: Epoch time: 52.81 s
2026-06-18 12:39:55.645161: 
2026-06-18 12:39:55.645644: Epoch 111
2026-06-18 12:39:55.645841: Current learning rate: 0.0059
2026-06-18 12:40:48.520870: train_loss -0.5042
2026-06-18 12:40:48.521475: val_loss -0.2477
2026-06-18 12:40:48.521649: Pseudo dice [np.float32(0.6618)]
2026-06-18 12:40:48.521835: Epoch time: 52.88 s
2026-06-18 12:40:50.217114: 
2026-06-18 12:40:50.217515: Epoch 112
2026-06-18 12:40:50.217702: Current learning rate: 0.00586
2026-06-18 12:41:43.062558: train_loss -0.4948
2026-06-18 12:41:43.063056: val_loss -0.2673
2026-06-18 12:41:43.063200: Pseudo dice [np.float32(0.6739)]
2026-06-18 12:41:43.063393: Epoch time: 52.85 s
2026-06-18 12:41:44.782390: 
2026-06-18 12:41:44.782910: Epoch 113
2026-06-18 12:41:44.783114: Current learning rate: 0.00582
2026-06-18 12:42:37.759106: train_loss -0.4958
2026-06-18 12:42:37.759667: val_loss -0.2812
2026-06-18 12:42:37.759817: Pseudo dice [np.float32(0.696)]
2026-06-18 12:42:37.759990: Epoch time: 52.98 s
2026-06-18 12:42:39.466191: 
2026-06-18 12:42:39.466767: Epoch 114
2026-06-18 12:42:39.466969: Current learning rate: 0.00578
2026-06-18 12:43:32.370539: train_loss -0.491
2026-06-18 12:43:32.374312: val_loss -0.21
2026-06-18 12:43:32.374466: Pseudo dice [np.float32(0.6578)]
2026-06-18 12:43:32.374640: Epoch time: 52.91 s
2026-06-18 12:43:34.076432: 
2026-06-18 12:43:34.076741: Epoch 115
2026-06-18 12:43:34.076996: Current learning rate: 0.00574
2026-06-18 12:44:26.989891: train_loss -0.4686
2026-06-18 12:44:26.990514: val_loss -0.2271
2026-06-18 12:44:26.990657: Pseudo dice [np.float32(0.6611)]
2026-06-18 12:44:26.990841: Epoch time: 52.92 s
2026-06-18 12:44:28.719115: 
2026-06-18 12:44:28.719580: Epoch 116
2026-06-18 12:44:28.719800: Current learning rate: 0.0057
2026-06-18 12:45:21.652299: train_loss -0.4916
2026-06-18 12:45:21.652844: val_loss -0.234
2026-06-18 12:45:21.652989: Pseudo dice [np.float32(0.6655)]
2026-06-18 12:45:21.653162: Epoch time: 52.94 s
2026-06-18 12:45:23.391120: 
2026-06-18 12:45:23.391725: Epoch 117
2026-06-18 12:45:23.392038: Current learning rate: 0.00567
2026-06-18 12:46:16.150021: train_loss -0.471
2026-06-18 12:46:16.150501: val_loss -0.2346
2026-06-18 12:46:16.150645: Pseudo dice [np.float32(0.6828)]
2026-06-18 12:46:16.150825: Epoch time: 52.76 s
2026-06-18 12:46:17.882653: 
2026-06-18 12:46:17.883165: Epoch 118
2026-06-18 12:46:17.883436: Current learning rate: 0.00563
2026-06-18 12:47:10.730678: train_loss -0.485
2026-06-18 12:47:10.731198: val_loss -0.2912
2026-06-18 12:47:10.731349: Pseudo dice [np.float32(0.6928)]
2026-06-18 12:47:10.731520: Epoch time: 52.85 s
2026-06-18 12:47:12.459826: 
2026-06-18 12:47:12.460238: Epoch 119
2026-06-18 12:47:12.460496: Current learning rate: 0.00559
2026-06-18 12:48:05.206899: train_loss -0.4969
2026-06-18 12:48:05.207412: val_loss -0.2789
2026-06-18 12:48:05.207558: Pseudo dice [np.float32(0.6781)]
2026-06-18 12:48:05.207736: Epoch time: 52.75 s
2026-06-18 12:48:07.334856: 
2026-06-18 12:48:07.335352: Epoch 120
2026-06-18 12:48:07.335626: Current learning rate: 0.00555
2026-06-18 12:49:00.154907: train_loss -0.4908
2026-06-18 12:49:00.155363: val_loss -0.2811
2026-06-18 12:49:00.155500: Pseudo dice [np.float32(0.6726)]
2026-06-18 12:49:00.155669: Epoch time: 52.82 s
2026-06-18 12:49:01.877589: 
2026-06-18 12:49:01.878077: Epoch 121
2026-06-18 12:49:01.878356: Current learning rate: 0.00551
2026-06-18 12:49:54.715391: train_loss -0.4721
2026-06-18 12:49:54.715905: val_loss -0.2251
2026-06-18 12:49:54.716054: Pseudo dice [np.float32(0.6772)]
2026-06-18 12:49:54.716233: Epoch time: 52.84 s
2026-06-18 12:49:56.445155: 
2026-06-18 12:49:56.445733: Epoch 122
2026-06-18 12:49:56.445921: Current learning rate: 0.00547
2026-06-18 12:50:49.207715: train_loss -0.4999
2026-06-18 12:50:49.208289: val_loss -0.2719
2026-06-18 12:50:49.208452: Pseudo dice [np.float32(0.6744)]
2026-06-18 12:50:49.208630: Epoch time: 52.77 s
2026-06-18 12:50:50.933029: 
2026-06-18 12:50:50.933493: Epoch 123
2026-06-18 12:50:50.933681: Current learning rate: 0.00544
2026-06-18 12:51:43.628153: train_loss -0.4966
2026-06-18 12:51:43.628621: val_loss -0.2775
2026-06-18 12:51:43.628763: Pseudo dice [np.float32(0.687)]
2026-06-18 12:51:43.628954: Epoch time: 52.7 s
2026-06-18 12:51:45.356393: 
2026-06-18 12:51:45.356861: Epoch 124
2026-06-18 12:51:45.357114: Current learning rate: 0.0054
2026-06-18 12:52:38.430453: train_loss -0.4867
2026-06-18 12:52:38.430981: val_loss -0.2315
2026-06-18 12:52:38.431123: Pseudo dice [np.float32(0.6689)]
2026-06-18 12:52:38.431293: Epoch time: 53.08 s
2026-06-18 12:52:40.147699: 
2026-06-18 12:52:40.148217: Epoch 125
2026-06-18 12:52:40.148572: Current learning rate: 0.00536
2026-06-18 12:53:32.956400: train_loss -0.4916
2026-06-18 12:53:32.957024: val_loss -0.3066
2026-06-18 12:53:32.957168: Pseudo dice [np.float32(0.6882)]
2026-06-18 12:53:32.957339: Epoch time: 52.81 s
2026-06-18 12:53:34.675231: 
2026-06-18 12:53:34.675727: Epoch 126
2026-06-18 12:53:34.675997: Current learning rate: 0.00532
2026-06-18 12:54:27.518741: train_loss -0.4944
2026-06-18 12:54:27.520086: val_loss -0.2192
2026-06-18 12:54:27.520235: Pseudo dice [np.float32(0.6612)]
2026-06-18 12:54:27.520409: Epoch time: 52.85 s
2026-06-18 12:54:29.235930: 
2026-06-18 12:54:29.236449: Epoch 127
2026-06-18 12:54:29.236647: Current learning rate: 0.00528
2026-06-18 12:55:21.977244: train_loss -0.4945
2026-06-18 12:55:21.977959: val_loss -0.2309
2026-06-18 12:55:21.978112: Pseudo dice [np.float32(0.6774)]
2026-06-18 12:55:21.978292: Epoch time: 52.74 s
2026-06-18 12:55:23.700065: 
2026-06-18 12:55:23.700593: Epoch 128
2026-06-18 12:55:23.700919: Current learning rate: 0.00524
2026-06-18 12:56:16.498884: train_loss -0.4899
2026-06-18 12:56:16.499323: val_loss -0.0343
2026-06-18 12:56:16.499463: Pseudo dice [np.float32(0.6006)]
2026-06-18 12:56:16.499639: Epoch time: 52.8 s
2026-06-18 12:56:18.648635: 
2026-06-18 12:56:18.649144: Epoch 129
2026-06-18 12:56:18.649426: Current learning rate: 0.0052
2026-06-18 12:57:11.514444: train_loss -0.4949
2026-06-18 12:57:11.515057: val_loss -0.2718
2026-06-18 12:57:11.515201: Pseudo dice [np.float32(0.6803)]
2026-06-18 12:57:11.515373: Epoch time: 52.87 s
2026-06-18 12:57:13.240282: 
2026-06-18 12:57:13.240636: Epoch 130
2026-06-18 12:57:13.240861: Current learning rate: 0.00517
2026-06-18 12:58:06.084553: train_loss -0.5062
2026-06-18 12:58:06.085105: val_loss -0.2821
2026-06-18 12:58:06.085261: Pseudo dice [np.float32(0.692)]
2026-06-18 12:58:06.085441: Epoch time: 52.85 s
2026-06-18 12:58:07.823298: 
2026-06-18 12:58:07.823879: Epoch 131
2026-06-18 12:58:07.824197: Current learning rate: 0.00513
2026-06-18 12:59:00.727154: train_loss -0.4988
2026-06-18 12:59:00.727623: val_loss -0.2318
2026-06-18 12:59:00.728483: Pseudo dice [np.float32(0.6684)]
2026-06-18 12:59:00.728696: Epoch time: 52.91 s
2026-06-18 12:59:02.461815: 
2026-06-18 12:59:02.462263: Epoch 132
2026-06-18 12:59:02.462571: Current learning rate: 0.00509
2026-06-18 12:59:55.587956: train_loss -0.4845
2026-06-18 12:59:55.588542: val_loss -0.2246
2026-06-18 12:59:55.588683: Pseudo dice [np.float32(0.6562)]
2026-06-18 12:59:55.588870: Epoch time: 53.13 s
2026-06-18 12:59:57.326912: 
2026-06-18 12:59:57.327452: Epoch 133
2026-06-18 12:59:57.327759: Current learning rate: 0.00505
2026-06-18 13:00:50.610103: train_loss -0.5006
2026-06-18 13:00:50.610609: val_loss -0.2358
2026-06-18 13:00:50.610752: Pseudo dice [np.float32(0.6509)]
2026-06-18 13:00:50.610939: Epoch time: 53.29 s
2026-06-18 13:00:52.350703: 
2026-06-18 13:00:52.351197: Epoch 134
2026-06-18 13:00:52.351457: Current learning rate: 0.00501
2026-06-18 13:01:45.699399: train_loss -0.5153
2026-06-18 13:01:45.700018: val_loss -0.2197
2026-06-18 13:01:45.700175: Pseudo dice [np.float32(0.6466)]
2026-06-18 13:01:45.700348: Epoch time: 53.35 s
2026-06-18 13:01:47.444770: 
2026-06-18 13:01:47.445289: Epoch 135
2026-06-18 13:01:47.445599: Current learning rate: 0.00497
2026-06-18 13:02:40.447659: train_loss -0.5044
2026-06-18 13:02:40.448170: val_loss -0.2388
2026-06-18 13:02:40.448323: Pseudo dice [np.float32(0.6649)]
2026-06-18 13:02:40.448497: Epoch time: 53.01 s
2026-06-18 13:02:42.193709: 
2026-06-18 13:02:42.194323: Epoch 136
2026-06-18 13:02:42.194560: Current learning rate: 0.00493
2026-06-18 13:03:35.543547: train_loss -0.4947
2026-06-18 13:03:35.544093: val_loss -0.2482
2026-06-18 13:03:35.544247: Pseudo dice [np.float32(0.6674)]
2026-06-18 13:03:35.544435: Epoch time: 53.35 s
2026-06-18 13:03:37.289954: 
2026-06-18 13:03:37.290350: Epoch 137
2026-06-18 13:03:37.290549: Current learning rate: 0.00489
2026-06-18 13:04:30.767746: train_loss -0.5075
2026-06-18 13:04:30.768388: val_loss -0.2525
2026-06-18 13:04:30.768537: Pseudo dice [np.float32(0.6635)]
2026-06-18 13:04:30.768714: Epoch time: 53.48 s
2026-06-18 13:04:32.927769: 
2026-06-18 13:04:32.928292: Epoch 138
2026-06-18 13:04:32.928584: Current learning rate: 0.00485
2026-06-18 13:05:26.189270: train_loss -0.4791
2026-06-18 13:05:26.189965: val_loss -0.2929
2026-06-18 13:05:26.190123: Pseudo dice [np.float32(0.6849)]
2026-06-18 13:05:26.191086: Epoch time: 53.26 s
2026-06-18 13:05:27.941740: 
2026-06-18 13:05:27.942274: Epoch 139
2026-06-18 13:05:27.942570: Current learning rate: 0.00482
2026-06-18 13:06:21.539064: train_loss -0.5049
2026-06-18 13:06:21.539696: val_loss -0.278
2026-06-18 13:06:21.539870: Pseudo dice [np.float32(0.6897)]
2026-06-18 13:06:21.540050: Epoch time: 53.6 s
2026-06-18 13:06:23.283065: 
2026-06-18 13:06:23.283526: Epoch 140
2026-06-18 13:06:23.283832: Current learning rate: 0.00478
2026-06-18 13:07:16.428304: train_loss -0.4961
2026-06-18 13:07:16.428890: val_loss -0.2897
2026-06-18 13:07:16.429052: Pseudo dice [np.float32(0.6784)]
2026-06-18 13:07:16.429229: Epoch time: 53.15 s
2026-06-18 13:07:18.180519: 
2026-06-18 13:07:18.180969: Epoch 141
2026-06-18 13:07:18.181280: Current learning rate: 0.00474
2026-06-18 13:08:11.628472: train_loss -0.4957
2026-06-18 13:08:11.629203: val_loss -0.278
2026-06-18 13:08:11.629365: Pseudo dice [np.float32(0.668)]
2026-06-18 13:08:11.629545: Epoch time: 53.45 s
2026-06-18 13:08:13.366705: 
2026-06-18 13:08:13.367055: Epoch 142
2026-06-18 13:08:13.367250: Current learning rate: 0.0047
2026-06-18 13:09:06.926639: train_loss -0.5018
2026-06-18 13:09:06.927128: val_loss -0.2327
2026-06-18 13:09:06.927272: Pseudo dice [np.float32(0.6564)]
2026-06-18 13:09:06.927444: Epoch time: 53.56 s
2026-06-18 13:09:08.664859: 
2026-06-18 13:09:08.665258: Epoch 143
2026-06-18 13:09:08.665514: Current learning rate: 0.00466
2026-06-18 13:10:02.109924: train_loss -0.496
2026-06-18 13:10:02.110422: val_loss -0.3435
2026-06-18 13:10:02.110599: Pseudo dice [np.float32(0.6769)]
2026-06-18 13:10:02.110792: Epoch time: 53.45 s
2026-06-18 13:10:03.848499: 
2026-06-18 13:10:03.848809: Epoch 144
2026-06-18 13:10:03.849004: Current learning rate: 0.00462
2026-06-18 13:10:56.927833: train_loss -0.5338
2026-06-18 13:10:56.928393: val_loss -0.2937
2026-06-18 13:10:56.928540: Pseudo dice [np.float32(0.6832)]
2026-06-18 13:10:56.928714: Epoch time: 53.08 s
2026-06-18 13:10:58.666107: 
2026-06-18 13:10:58.666633: Epoch 145
2026-06-18 13:10:58.666985: Current learning rate: 0.00458
2026-06-18 13:11:51.577191: train_loss -0.4996
2026-06-18 13:11:51.577737: val_loss -0.2561
2026-06-18 13:11:51.577896: Pseudo dice [np.float32(0.6883)]
2026-06-18 13:11:51.578069: Epoch time: 52.91 s
2026-06-18 13:11:53.744088: 
2026-06-18 13:11:53.744826: Epoch 146
2026-06-18 13:11:53.745151: Current learning rate: 0.00454
2026-06-18 13:12:46.789414: train_loss -0.5054
2026-06-18 13:12:46.790067: val_loss -0.2446
2026-06-18 13:12:46.790231: Pseudo dice [np.float32(0.6613)]
2026-06-18 13:12:46.790400: Epoch time: 53.05 s
2026-06-18 13:12:48.540342: 
2026-06-18 13:12:48.540800: Epoch 147
2026-06-18 13:12:48.540997: Current learning rate: 0.0045
2026-06-18 13:13:41.881960: train_loss -0.5229
2026-06-18 13:13:41.882658: val_loss -0.2688
2026-06-18 13:13:41.882817: Pseudo dice [np.float32(0.6781)]
2026-06-18 13:13:41.882996: Epoch time: 53.34 s
2026-06-18 13:13:43.642305: 
2026-06-18 13:13:43.642891: Epoch 148
2026-06-18 13:13:43.643206: Current learning rate: 0.00446
2026-06-18 13:14:37.036449: train_loss -0.516
2026-06-18 13:14:37.036947: val_loss -0.1886
2026-06-18 13:14:37.037092: Pseudo dice [np.float32(0.6186)]
2026-06-18 13:14:37.037269: Epoch time: 53.4 s
2026-06-18 13:14:38.791511: 
2026-06-18 13:14:38.792057: Epoch 149
2026-06-18 13:14:38.792287: Current learning rate: 0.00442
2026-06-18 13:15:32.283172: train_loss -0.4999
2026-06-18 13:15:32.283686: val_loss -0.2535
2026-06-18 13:15:32.283842: Pseudo dice [np.float32(0.6592)]
2026-06-18 13:15:32.284016: Epoch time: 53.49 s
2026-06-18 13:15:34.642172: 
2026-06-18 13:15:34.642621: Epoch 150
2026-06-18 13:15:34.642810: Current learning rate: 0.00438
2026-06-18 13:16:27.888302: train_loss -0.5111
2026-06-18 13:16:27.888897: val_loss -0.3017
2026-06-18 13:16:27.889049: Pseudo dice [np.float32(0.6921)]
2026-06-18 13:16:27.889219: Epoch time: 53.25 s
2026-06-18 13:16:29.640348: 
2026-06-18 13:16:29.648439: Epoch 151
2026-06-18 13:16:29.648642: Current learning rate: 0.00434
2026-06-18 13:17:23.204006: train_loss -0.5219
2026-06-18 13:17:23.204508: val_loss -0.2835
2026-06-18 13:17:23.204659: Pseudo dice [np.float32(0.6976)]
2026-06-18 13:17:23.204845: Epoch time: 53.57 s
2026-06-18 13:17:24.950871: 
2026-06-18 13:17:24.951236: Epoch 152
2026-06-18 13:17:24.951435: Current learning rate: 0.0043
2026-06-18 13:18:18.366648: train_loss -0.4947
2026-06-18 13:18:18.367244: val_loss -0.1712
2026-06-18 13:18:18.367392: Pseudo dice [np.float32(0.6085)]
2026-06-18 13:18:18.367562: Epoch time: 53.42 s
2026-06-18 13:18:20.125733: 
2026-06-18 13:18:20.126294: Epoch 153
2026-06-18 13:18:20.126570: Current learning rate: 0.00427
2026-06-18 13:19:13.417140: train_loss -0.5057
2026-06-18 13:19:13.417730: val_loss -0.1913
2026-06-18 13:19:13.417888: Pseudo dice [np.float32(0.6631)]
2026-06-18 13:19:13.418069: Epoch time: 53.29 s
2026-06-18 13:19:15.188120: 
2026-06-18 13:19:15.188558: Epoch 154
2026-06-18 13:19:15.188758: Current learning rate: 0.00423
2026-06-18 13:20:08.500561: train_loss -0.5054
2026-06-18 13:20:08.501101: val_loss -0.2754
2026-06-18 13:20:08.501255: Pseudo dice [np.float32(0.6602)]
2026-06-18 13:20:08.501434: Epoch time: 53.32 s
2026-06-18 13:20:10.741989: 
2026-06-18 13:20:10.742602: Epoch 155
2026-06-18 13:20:10.742853: Current learning rate: 0.00419
2026-06-18 13:21:03.808034: train_loss -0.5251
2026-06-18 13:21:03.808684: val_loss -0.2473
2026-06-18 13:21:03.808847: Pseudo dice [np.float32(0.6635)]
2026-06-18 13:21:03.809030: Epoch time: 53.07 s
2026-06-18 13:21:05.581963: 
2026-06-18 13:21:05.582416: Epoch 156
2026-06-18 13:21:05.582641: Current learning rate: 0.00415
2026-06-18 13:21:58.902224: train_loss -0.5074
2026-06-18 13:21:58.902901: val_loss -0.2766
2026-06-18 13:21:58.903061: Pseudo dice [np.float32(0.6767)]
2026-06-18 13:21:58.903990: Epoch time: 53.32 s
2026-06-18 13:22:00.672984: 
2026-06-18 13:22:00.673460: Epoch 157
2026-06-18 13:22:00.673704: Current learning rate: 0.00411
2026-06-18 13:22:53.836392: train_loss -0.5071
2026-06-18 13:22:53.836926: val_loss -0.1605
2026-06-18 13:22:53.837074: Pseudo dice [np.float32(0.6537)]
2026-06-18 13:22:53.837250: Epoch time: 53.17 s
2026-06-18 13:22:55.606468: 
2026-06-18 13:22:55.606899: Epoch 158
2026-06-18 13:22:55.607171: Current learning rate: 0.00407
2026-06-18 13:23:48.752072: train_loss -0.5095
2026-06-18 13:23:48.752696: val_loss -0.3081
2026-06-18 13:23:48.752859: Pseudo dice [np.float32(0.6857)]
2026-06-18 13:23:48.753037: Epoch time: 53.15 s
2026-06-18 13:23:50.529369: 
2026-06-18 13:23:50.529862: Epoch 159
2026-06-18 13:23:50.530259: Current learning rate: 0.00403
2026-06-18 13:24:43.483608: train_loss -0.4675
2026-06-18 13:24:43.484168: val_loss -0.2651
2026-06-18 13:24:43.484322: Pseudo dice [np.float32(0.7016)]
2026-06-18 13:24:43.484503: Epoch time: 52.96 s
2026-06-18 13:24:45.248361: 
2026-06-18 13:24:45.248733: Epoch 160
2026-06-18 13:24:45.248924: Current learning rate: 0.00399
2026-06-18 13:25:38.613391: train_loss -0.4946
2026-06-18 13:25:38.614002: val_loss -0.2764
2026-06-18 13:25:38.614146: Pseudo dice [np.float32(0.6893)]
2026-06-18 13:25:38.614321: Epoch time: 53.37 s
2026-06-18 13:25:40.385971: 
2026-06-18 13:25:40.386399: Epoch 161
2026-06-18 13:25:40.386626: Current learning rate: 0.00395
2026-06-18 13:26:33.456839: train_loss -0.498
2026-06-18 13:26:33.457449: val_loss -0.2288
2026-06-18 13:26:33.457597: Pseudo dice [np.float32(0.6824)]
2026-06-18 13:26:33.457788: Epoch time: 53.07 s
2026-06-18 13:26:35.228950: 
2026-06-18 13:26:35.229408: Epoch 162
2026-06-18 13:26:35.229729: Current learning rate: 0.00391
2026-06-18 13:27:28.491649: train_loss -0.4855
2026-06-18 13:27:28.492275: val_loss -0.2832
2026-06-18 13:27:28.492420: Pseudo dice [np.float32(0.7006)]
2026-06-18 13:27:28.492598: Epoch time: 53.27 s
2026-06-18 13:27:30.263741: 
2026-06-18 13:27:30.264320: Epoch 163
2026-06-18 13:27:30.264649: Current learning rate: 0.00387
2026-06-18 13:28:23.637718: train_loss -0.4974
2026-06-18 13:28:23.638319: val_loss -0.3049
2026-06-18 13:28:23.638462: Pseudo dice [np.float32(0.6907)]
2026-06-18 13:28:23.638639: Epoch time: 53.38 s
2026-06-18 13:28:25.834049: 
2026-06-18 13:28:25.834666: Epoch 164
2026-06-18 13:28:25.834980: Current learning rate: 0.00383
2026-06-18 13:29:18.596221: train_loss -0.4909
2026-06-18 13:29:18.596755: val_loss -0.291
2026-06-18 13:29:18.596917: Pseudo dice [np.float32(0.6968)]
2026-06-18 13:29:18.597105: Epoch time: 52.77 s
2026-06-18 13:29:20.349939: 
2026-06-18 13:29:20.350496: Epoch 165
2026-06-18 13:29:20.350814: Current learning rate: 0.00379
2026-06-18 13:30:13.165203: train_loss -0.5135
2026-06-18 13:30:13.165884: val_loss -0.2774
2026-06-18 13:30:13.166041: Pseudo dice [np.float32(0.6908)]
2026-06-18 13:30:13.166219: Epoch time: 52.82 s
2026-06-18 13:30:14.953005: 
2026-06-18 13:30:14.953815: Epoch 166
2026-06-18 13:30:14.954079: Current learning rate: 0.00375
2026-06-18 13:31:07.931426: train_loss -0.5136
2026-06-18 13:31:07.931974: val_loss -0.2306
2026-06-18 13:31:07.932143: Pseudo dice [np.float32(0.66)]
2026-06-18 13:31:07.932319: Epoch time: 52.98 s
2026-06-18 13:31:09.673028: 
2026-06-18 13:31:09.673463: Epoch 167
2026-06-18 13:31:09.673648: Current learning rate: 0.00371
2026-06-18 13:32:02.626478: train_loss -0.5181
2026-06-18 13:32:02.627361: val_loss -0.3119
2026-06-18 13:32:02.627510: Pseudo dice [np.float32(0.6972)]
2026-06-18 13:32:02.627755: Epoch time: 52.96 s
2026-06-18 13:32:04.392329: 
2026-06-18 13:32:04.392904: Epoch 168
2026-06-18 13:32:04.393110: Current learning rate: 0.00367
2026-06-18 13:32:57.344416: train_loss -0.5175
2026-06-18 13:32:57.345040: val_loss -0.3091
2026-06-18 13:32:57.345198: Pseudo dice [np.float32(0.6904)]
2026-06-18 13:32:57.345382: Epoch time: 52.96 s
2026-06-18 13:32:59.103353: 
2026-06-18 13:32:59.103990: Epoch 169
2026-06-18 13:32:59.104299: Current learning rate: 0.00363
2026-06-18 13:33:52.063475: train_loss -0.5186
2026-06-18 13:33:52.064240: val_loss -0.1888
2026-06-18 13:33:52.064388: Pseudo dice [np.float32(0.6432)]
2026-06-18 13:33:52.064569: Epoch time: 52.96 s
2026-06-18 13:33:53.821002: 
2026-06-18 13:33:53.821593: Epoch 170
2026-06-18 13:33:53.821910: Current learning rate: 0.00359
2026-06-18 13:34:46.775824: train_loss -0.5105
2026-06-18 13:34:46.776361: val_loss -0.275
2026-06-18 13:34:46.776530: Pseudo dice [np.float32(0.6892)]
2026-06-18 13:34:46.776707: Epoch time: 52.96 s
2026-06-18 13:34:48.550438: 
2026-06-18 13:34:48.550905: Epoch 171
2026-06-18 13:34:48.551104: Current learning rate: 0.00355
2026-06-18 13:35:41.491559: train_loss -0.5363
2026-06-18 13:35:41.492216: val_loss -0.2842
2026-06-18 13:35:41.492388: Pseudo dice [np.float32(0.7052)]
2026-06-18 13:35:41.492571: Epoch time: 52.94 s
2026-06-18 13:35:43.643943: 
2026-06-18 13:35:43.644300: Epoch 172
2026-06-18 13:35:43.644531: Current learning rate: 0.00351
2026-06-18 13:36:36.700001: train_loss -0.5077
2026-06-18 13:36:36.700555: val_loss -0.3105
2026-06-18 13:36:36.700703: Pseudo dice [np.float32(0.6935)]
2026-06-18 13:36:36.700903: Epoch time: 53.06 s
2026-06-18 13:36:38.476289: 
2026-06-18 13:36:38.476735: Epoch 173
2026-06-18 13:36:38.477050: Current learning rate: 0.00346
2026-06-18 13:37:31.414361: train_loss -0.5091
2026-06-18 13:37:31.414855: val_loss -0.2818
2026-06-18 13:37:31.415001: Pseudo dice [np.float32(0.6716)]
2026-06-18 13:37:31.415180: Epoch time: 52.94 s
2026-06-18 13:37:33.189928: 
2026-06-18 13:37:33.190455: Epoch 174
2026-06-18 13:37:33.190653: Current learning rate: 0.00342
2026-06-18 13:38:26.161616: train_loss -0.521
2026-06-18 13:38:26.162184: val_loss -0.2884
2026-06-18 13:38:26.162331: Pseudo dice [np.float32(0.6897)]
2026-06-18 13:38:26.162502: Epoch time: 52.97 s
2026-06-18 13:38:27.922885: 
2026-06-18 13:38:27.923346: Epoch 175
2026-06-18 13:38:27.923593: Current learning rate: 0.00338
2026-06-18 13:39:20.971797: train_loss -0.5162
2026-06-18 13:39:20.972430: val_loss -0.2787
2026-06-18 13:39:20.994246: Pseudo dice [np.float32(0.6525)]
2026-06-18 13:39:20.994483: Epoch time: 53.05 s
2026-06-18 13:39:22.747985: 
2026-06-18 13:39:22.748405: Epoch 176
2026-06-18 13:39:22.748597: Current learning rate: 0.00334
2026-06-18 13:40:15.674121: train_loss -0.5224
2026-06-18 13:40:15.674731: val_loss -0.2699
2026-06-18 13:40:15.674887: Pseudo dice [np.float32(0.6742)]
2026-06-18 13:40:15.675062: Epoch time: 52.93 s
2026-06-18 13:40:17.442930: 
2026-06-18 13:40:17.443425: Epoch 177
2026-06-18 13:40:17.443718: Current learning rate: 0.0033
2026-06-18 13:41:10.510242: train_loss -0.5054
2026-06-18 13:41:10.510807: val_loss -0.2492
2026-06-18 13:41:10.510965: Pseudo dice [np.float32(0.6598)]
2026-06-18 13:41:10.511139: Epoch time: 53.07 s
2026-06-18 13:41:12.278069: 
2026-06-18 13:41:12.278634: Epoch 178
2026-06-18 13:41:12.278945: Current learning rate: 0.00326
2026-06-18 13:42:05.282038: train_loss -0.511
2026-06-18 13:42:05.282514: val_loss -0.2332
2026-06-18 13:42:05.282655: Pseudo dice [np.float32(0.6576)]
2026-06-18 13:42:05.282839: Epoch time: 53.01 s
2026-06-18 13:42:07.054984: 
2026-06-18 13:42:07.055466: Epoch 179
2026-06-18 13:42:07.055766: Current learning rate: 0.00322
2026-06-18 13:42:59.983299: train_loss -0.5269
2026-06-18 13:42:59.983818: val_loss -0.2771
2026-06-18 13:42:59.983966: Pseudo dice [np.float32(0.688)]
2026-06-18 13:42:59.984140: Epoch time: 52.93 s
2026-06-18 13:43:01.750058: 
2026-06-18 13:43:01.750455: Epoch 180
2026-06-18 13:43:01.750643: Current learning rate: 0.00318
2026-06-18 13:43:54.744892: train_loss -0.5132
2026-06-18 13:43:54.745438: val_loss -0.2556
2026-06-18 13:43:54.745585: Pseudo dice [np.float32(0.6835)]
2026-06-18 13:43:54.745762: Epoch time: 53.0 s
2026-06-18 13:43:56.915996: 
2026-06-18 13:43:56.916463: Epoch 181
2026-06-18 13:43:56.916650: Current learning rate: 0.00314
2026-06-18 13:44:49.921036: train_loss -0.511
2026-06-18 13:44:49.921616: val_loss -0.2898
2026-06-18 13:44:49.921787: Pseudo dice [np.float32(0.6798)]
2026-06-18 13:44:49.922803: Epoch time: 53.01 s
2026-06-18 13:44:51.683202: 
2026-06-18 13:44:51.683674: Epoch 182
2026-06-18 13:44:51.683896: Current learning rate: 0.0031
2026-06-18 13:45:44.588051: train_loss -0.532
2026-06-18 13:45:44.588659: val_loss -0.2594
2026-06-18 13:45:44.588820: Pseudo dice [np.float32(0.6585)]
2026-06-18 13:45:44.588999: Epoch time: 52.91 s
2026-06-18 13:45:46.353388: 
2026-06-18 13:45:46.353806: Epoch 183
2026-06-18 13:45:46.353987: Current learning rate: 0.00306
2026-06-18 13:46:39.219831: train_loss -0.5094
2026-06-18 13:46:39.220277: val_loss -0.3338
2026-06-18 13:46:39.220429: Pseudo dice [np.float32(0.6858)]
2026-06-18 13:46:39.220599: Epoch time: 52.87 s
2026-06-18 13:46:40.975185: 
2026-06-18 13:46:40.975758: Epoch 184
2026-06-18 13:46:40.976116: Current learning rate: 0.00302
2026-06-18 13:47:33.999758: train_loss -0.5283
2026-06-18 13:47:34.000443: val_loss -0.292
2026-06-18 13:47:34.000597: Pseudo dice [np.float32(0.6743)]
2026-06-18 13:47:34.000781: Epoch time: 53.03 s
2026-06-18 13:47:35.766030: 
2026-06-18 13:47:35.766531: Epoch 185
2026-06-18 13:47:35.766853: Current learning rate: 0.00297
2026-06-18 13:48:28.748999: train_loss -0.5341
2026-06-18 13:48:28.749703: val_loss -0.2951
2026-06-18 13:48:28.749873: Pseudo dice [np.float32(0.6834)]
2026-06-18 13:48:28.750051: Epoch time: 52.99 s
2026-06-18 13:48:30.514025: 
2026-06-18 13:48:30.514449: Epoch 186
2026-06-18 13:48:30.514641: Current learning rate: 0.00293
2026-06-18 13:49:23.483767: train_loss -0.5214
2026-06-18 13:49:23.484282: val_loss -0.2294
2026-06-18 13:49:23.484433: Pseudo dice [np.float32(0.6437)]
2026-06-18 13:49:23.484607: Epoch time: 52.97 s
2026-06-18 13:49:25.255821: 
2026-06-18 13:49:25.256382: Epoch 187
2026-06-18 13:49:25.256637: Current learning rate: 0.00289
2026-06-18 13:50:18.313276: train_loss -0.526
2026-06-18 13:50:18.313972: val_loss -0.2401
2026-06-18 13:50:18.314143: Pseudo dice [np.float32(0.6646)]
2026-06-18 13:50:18.314313: Epoch time: 53.06 s
2026-06-18 13:50:20.063800: 
2026-06-18 13:50:20.064130: Epoch 188
2026-06-18 13:50:20.064341: Current learning rate: 0.00285
2026-06-18 13:51:13.031557: train_loss -0.5168
2026-06-18 13:51:13.032296: val_loss -0.1832
2026-06-18 13:51:13.032490: Pseudo dice [np.float32(0.6523)]
2026-06-18 13:51:13.032723: Epoch time: 52.97 s
2026-06-18 13:51:15.214050: 
2026-06-18 13:51:15.214648: Epoch 189
2026-06-18 13:51:15.214855: Current learning rate: 0.00281
2026-06-18 13:52:08.114162: train_loss -0.5185
2026-06-18 13:52:08.114683: val_loss -0.2753
2026-06-18 13:52:08.114844: Pseudo dice [np.float32(0.6678)]
2026-06-18 13:52:08.115024: Epoch time: 52.9 s
2026-06-18 13:52:09.875704: 
2026-06-18 13:52:09.876104: Epoch 190
2026-06-18 13:52:09.876345: Current learning rate: 0.00277
2026-06-18 13:53:02.956910: train_loss -0.5185
2026-06-18 13:53:02.957494: val_loss -0.2598
2026-06-18 13:53:02.957649: Pseudo dice [np.float32(0.6643)]
2026-06-18 13:53:02.957834: Epoch time: 53.08 s
2026-06-18 13:53:04.718145: 
2026-06-18 13:53:04.718632: Epoch 191
2026-06-18 13:53:04.718856: Current learning rate: 0.00273
2026-06-18 13:53:57.714456: train_loss -0.5389
2026-06-18 13:53:57.714918: val_loss -0.282
2026-06-18 13:53:57.715062: Pseudo dice [np.float32(0.6655)]
2026-06-18 13:53:57.715238: Epoch time: 53.0 s
2026-06-18 13:53:59.487274: 
2026-06-18 13:53:59.487643: Epoch 192
2026-06-18 13:53:59.487831: Current learning rate: 0.00268
2026-06-18 13:54:52.504461: train_loss -0.5182
2026-06-18 13:54:52.505109: val_loss -0.3124
2026-06-18 13:54:52.505262: Pseudo dice [np.float32(0.6916)]
2026-06-18 13:54:52.505437: Epoch time: 53.02 s
2026-06-18 13:54:54.282853: 
2026-06-18 13:54:54.283336: Epoch 193
2026-06-18 13:54:54.283521: Current learning rate: 0.00264
2026-06-18 13:55:47.350153: train_loss -0.5204
2026-06-18 13:55:47.350832: val_loss -0.2912
2026-06-18 13:55:47.350990: Pseudo dice [np.float32(0.6849)]
2026-06-18 13:55:47.351174: Epoch time: 53.07 s
2026-06-18 13:55:49.149475: 
2026-06-18 13:55:49.149942: Epoch 194
2026-06-18 13:55:49.150130: Current learning rate: 0.0026
2026-06-18 13:56:42.085414: train_loss -0.524
2026-06-18 13:56:42.085958: val_loss -0.3237
2026-06-18 13:56:42.086109: Pseudo dice [np.float32(0.6871)]
2026-06-18 13:56:42.086286: Epoch time: 52.94 s
2026-06-18 13:56:43.856483: 
2026-06-18 13:56:43.856993: Epoch 195
2026-06-18 13:56:43.857184: Current learning rate: 0.00256
2026-06-18 13:57:36.823935: train_loss -0.5176
2026-06-18 13:57:36.824463: val_loss -0.3313
2026-06-18 13:57:36.824612: Pseudo dice [np.float32(0.6972)]
2026-06-18 13:57:36.824796: Epoch time: 52.97 s
2026-06-18 13:57:38.601254: 
2026-06-18 13:57:38.601628: Epoch 196
2026-06-18 13:57:38.601886: Current learning rate: 0.00252
2026-06-18 13:58:31.571790: train_loss -0.518
2026-06-18 13:58:31.572350: val_loss -0.2273
2026-06-18 13:58:31.572501: Pseudo dice [np.float32(0.6728)]
2026-06-18 13:58:31.572681: Epoch time: 52.97 s
2026-06-18 13:58:33.350537: 
2026-06-18 13:58:33.351028: Epoch 197
2026-06-18 13:58:33.351281: Current learning rate: 0.00248
2026-06-18 13:59:26.243762: train_loss -0.5368
2026-06-18 13:59:26.244378: val_loss -0.2824
2026-06-18 13:59:26.244527: Pseudo dice [np.float32(0.6614)]
2026-06-18 13:59:26.244703: Epoch time: 52.9 s
2026-06-18 13:59:28.396413: 
2026-06-18 13:59:28.396872: Epoch 198
2026-06-18 13:59:28.397056: Current learning rate: 0.00243
2026-06-18 14:00:21.445964: train_loss -0.5287
2026-06-18 14:00:21.446620: val_loss -0.2266
2026-06-18 14:00:21.446783: Pseudo dice [np.float32(0.6485)]
2026-06-18 14:00:21.446965: Epoch time: 53.05 s
2026-06-18 14:00:23.222833: 
2026-06-18 14:00:23.223303: Epoch 199
2026-06-18 14:00:23.223488: Current learning rate: 0.00239
2026-06-18 14:01:16.085341: train_loss -0.5442
2026-06-18 14:01:16.085848: val_loss -0.2962
2026-06-18 14:01:16.085994: Pseudo dice [np.float32(0.6781)]
2026-06-18 14:01:16.086168: Epoch time: 52.87 s
2026-06-18 14:01:18.360189: 
2026-06-18 14:01:18.360660: Epoch 200
2026-06-18 14:01:18.360852: Current learning rate: 0.00235
2026-06-18 14:02:11.223937: train_loss -0.5272
2026-06-18 14:02:11.224410: val_loss -0.2202
2026-06-18 14:02:11.224553: Pseudo dice [np.float32(0.6464)]
2026-06-18 14:02:11.224729: Epoch time: 52.87 s
2026-06-18 14:02:13.016955: 
2026-06-18 14:02:13.017544: Epoch 201
2026-06-18 14:02:13.017855: Current learning rate: 0.00231
2026-06-18 14:03:06.184087: train_loss -0.5324
2026-06-18 14:03:06.184797: val_loss -0.2801
2026-06-18 14:03:06.184962: Pseudo dice [np.float32(0.6671)]
2026-06-18 14:03:06.185177: Epoch time: 53.17 s
2026-06-18 14:03:07.999668: 
2026-06-18 14:03:08.000620: Epoch 202
2026-06-18 14:03:08.001342: Current learning rate: 0.00226
2026-06-18 14:04:01.193134: train_loss -0.5421
2026-06-18 14:04:01.193679: val_loss -0.3106
2026-06-18 14:04:01.193838: Pseudo dice [np.float32(0.6918)]
2026-06-18 14:04:01.194039: Epoch time: 53.2 s
2026-06-18 14:04:02.989046: 
2026-06-18 14:04:02.989758: Epoch 203
2026-06-18 14:04:02.990429: Current learning rate: 0.00222
2026-06-18 14:04:56.201520: train_loss -0.5442
2026-06-18 14:04:56.202167: val_loss -0.2848
2026-06-18 14:04:56.202326: Pseudo dice [np.float32(0.6837)]
2026-06-18 14:04:56.202504: Epoch time: 53.22 s
2026-06-18 14:04:57.989439: 
2026-06-18 14:04:57.989942: Epoch 204
2026-06-18 14:04:57.990190: Current learning rate: 0.00218
2026-06-18 14:05:51.055383: train_loss -0.5239
2026-06-18 14:05:51.055966: val_loss -0.2214
2026-06-18 14:05:51.056133: Pseudo dice [np.float32(0.6388)]
2026-06-18 14:05:51.056315: Epoch time: 53.07 s
2026-06-18 14:05:52.843754: 
2026-06-18 14:05:52.844238: Epoch 205
2026-06-18 14:05:52.844472: Current learning rate: 0.00214
2026-06-18 14:06:45.809268: train_loss -0.5288
2026-06-18 14:06:45.809758: val_loss -0.2051
2026-06-18 14:06:45.809935: Pseudo dice [np.float32(0.6187)]
2026-06-18 14:06:45.810114: Epoch time: 52.97 s
2026-06-18 14:06:47.927448: 
2026-06-18 14:06:47.928039: Epoch 206
2026-06-18 14:06:47.928370: Current learning rate: 0.00209
2026-06-18 14:07:40.730157: train_loss -0.5269
2026-06-18 14:07:40.730845: val_loss -0.2793
2026-06-18 14:07:40.730994: Pseudo dice [np.float32(0.6868)]
2026-06-18 14:07:40.731935: Epoch time: 52.81 s
2026-06-18 14:07:42.454603: 
2026-06-18 14:07:42.454995: Epoch 207
2026-06-18 14:07:42.455179: Current learning rate: 0.00205
2026-06-18 14:08:35.253887: train_loss -0.5177
2026-06-18 14:08:35.254412: val_loss -0.3287
2026-06-18 14:08:35.254558: Pseudo dice [np.float32(0.7097)]
2026-06-18 14:08:35.254730: Epoch time: 52.8 s
2026-06-18 14:08:36.991600: 
2026-06-18 14:08:36.992179: Epoch 208
2026-06-18 14:08:36.992487: Current learning rate: 0.00201
2026-06-18 14:09:29.864495: train_loss -0.5409
2026-06-18 14:09:29.865130: val_loss -0.2471
2026-06-18 14:09:29.865287: Pseudo dice [np.float32(0.6822)]
2026-06-18 14:09:29.865463: Epoch time: 52.88 s
2026-06-18 14:09:31.590678: 
2026-06-18 14:09:31.591076: Epoch 209
2026-06-18 14:09:31.591264: Current learning rate: 0.00196
2026-06-18 14:10:24.351661: train_loss -0.5307
2026-06-18 14:10:24.352166: val_loss -0.3029
2026-06-18 14:10:24.352322: Pseudo dice [np.float32(0.7021)]
2026-06-18 14:10:24.352498: Epoch time: 52.76 s
2026-06-18 14:10:26.082551: 
2026-06-18 14:10:26.083092: Epoch 210
2026-06-18 14:10:26.083417: Current learning rate: 0.00192
2026-06-18 14:11:18.923320: train_loss -0.5319
2026-06-18 14:11:18.923818: val_loss -0.2816
2026-06-18 14:11:18.923965: Pseudo dice [np.float32(0.6756)]
2026-06-18 14:11:18.924140: Epoch time: 52.84 s
2026-06-18 14:11:20.644069: 
2026-06-18 14:11:20.644493: Epoch 211
2026-06-18 14:11:20.644682: Current learning rate: 0.00188
2026-06-18 14:12:13.469914: train_loss -0.514
2026-06-18 14:12:13.470525: val_loss -0.3113
2026-06-18 14:12:13.470683: Pseudo dice [np.float32(0.6975)]
2026-06-18 14:12:13.470870: Epoch time: 52.83 s
2026-06-18 14:12:15.201577: 
2026-06-18 14:12:15.202059: Epoch 212
2026-06-18 14:12:15.202240: Current learning rate: 0.00184
2026-06-18 14:13:08.079998: train_loss -0.5274
2026-06-18 14:13:08.080453: val_loss -0.3065
2026-06-18 14:13:08.080592: Pseudo dice [np.float32(0.6856)]
2026-06-18 14:13:08.080768: Epoch time: 52.88 s
2026-06-18 14:13:09.807601: 
2026-06-18 14:13:09.808016: Epoch 213
2026-06-18 14:13:09.808203: Current learning rate: 0.00179
2026-06-18 14:14:02.495660: train_loss -0.5195
2026-06-18 14:14:02.496323: val_loss -0.2794
2026-06-18 14:14:02.496475: Pseudo dice [np.float32(0.6842)]
2026-06-18 14:14:02.496651: Epoch time: 52.69 s
2026-06-18 14:14:04.202854: 
2026-06-18 14:14:04.203274: Epoch 214
2026-06-18 14:14:04.203562: Current learning rate: 0.00175
2026-06-18 14:14:57.084233: train_loss -0.528
2026-06-18 14:14:57.084692: val_loss -0.2987
2026-06-18 14:14:57.084847: Pseudo dice [np.float32(0.678)]
2026-06-18 14:14:57.085030: Epoch time: 52.88 s
2026-06-18 14:14:59.161949: 
2026-06-18 14:14:59.162380: Epoch 215
2026-06-18 14:14:59.162570: Current learning rate: 0.0017
2026-06-18 14:15:52.152158: train_loss -0.5392
2026-06-18 14:15:52.152863: val_loss -0.2748
2026-06-18 14:15:52.153024: Pseudo dice [np.float32(0.668)]
2026-06-18 14:15:52.153204: Epoch time: 52.99 s
2026-06-18 14:15:53.867111: 
2026-06-18 14:15:53.867694: Epoch 216
2026-06-18 14:15:53.868008: Current learning rate: 0.00166
2026-06-18 14:16:46.579264: train_loss -0.5301
2026-06-18 14:16:46.579788: val_loss -0.2388
2026-06-18 14:16:46.579942: Pseudo dice [np.float32(0.6602)]
2026-06-18 14:16:46.580122: Epoch time: 52.72 s
2026-06-18 14:16:48.283049: 
2026-06-18 14:16:48.283594: Epoch 217
2026-06-18 14:16:48.283913: Current learning rate: 0.00162
2026-06-18 14:17:41.136520: train_loss -0.5341
2026-06-18 14:17:41.137128: val_loss -0.2371
2026-06-18 14:17:41.137277: Pseudo dice [np.float32(0.6588)]
2026-06-18 14:17:41.137453: Epoch time: 52.86 s
2026-06-18 14:17:42.840459: 
2026-06-18 14:17:42.840932: Epoch 218
2026-06-18 14:17:42.841199: Current learning rate: 0.00157
2026-06-18 14:18:35.681842: train_loss -0.5402
2026-06-18 14:18:35.682470: val_loss -0.2272
2026-06-18 14:18:35.682668: Pseudo dice [np.float32(0.653)]
2026-06-18 14:18:35.682861: Epoch time: 52.84 s
2026-06-18 14:18:37.383432: 
2026-06-18 14:18:37.383894: Epoch 219
2026-06-18 14:18:37.384070: Current learning rate: 0.00153
2026-06-18 14:19:30.136890: train_loss -0.5225
2026-06-18 14:19:30.137349: val_loss -0.2618
2026-06-18 14:19:30.137497: Pseudo dice [np.float32(0.6485)]
2026-06-18 14:19:30.137668: Epoch time: 52.76 s
2026-06-18 14:19:31.836069: 
2026-06-18 14:19:31.836576: Epoch 220
2026-06-18 14:19:31.836866: Current learning rate: 0.00148
2026-06-18 14:20:24.561203: train_loss -0.5526
2026-06-18 14:20:24.561661: val_loss -0.2338
2026-06-18 14:20:24.561812: Pseudo dice [np.float32(0.6584)]
2026-06-18 14:20:24.561986: Epoch time: 52.73 s
2026-06-18 14:20:26.282053: 
2026-06-18 14:20:26.282473: Epoch 221
2026-06-18 14:20:26.282676: Current learning rate: 0.00144
2026-06-18 14:21:19.004139: train_loss -0.5389
2026-06-18 14:21:19.004722: val_loss -0.2899
2026-06-18 14:21:19.004878: Pseudo dice [np.float32(0.6851)]
2026-06-18 14:21:19.005051: Epoch time: 52.73 s
2026-06-18 14:21:20.727662: 
2026-06-18 14:21:20.728122: Epoch 222
2026-06-18 14:21:20.728359: Current learning rate: 0.00139
2026-06-18 14:22:13.480108: train_loss -0.5385
2026-06-18 14:22:13.480641: val_loss -0.3214
2026-06-18 14:22:13.480797: Pseudo dice [np.float32(0.6852)]
2026-06-18 14:22:13.480969: Epoch time: 52.76 s
2026-06-18 14:22:15.189885: 
2026-06-18 14:22:15.190341: Epoch 223
2026-06-18 14:22:15.190668: Current learning rate: 0.00135
2026-06-18 14:23:07.845328: train_loss -0.5451
2026-06-18 14:23:07.845771: val_loss -0.261
2026-06-18 14:23:07.845926: Pseudo dice [np.float32(0.6541)]
2026-06-18 14:23:07.846094: Epoch time: 52.66 s
2026-06-18 14:23:09.911978: 
2026-06-18 14:23:09.912515: Epoch 224
2026-06-18 14:23:09.912692: Current learning rate: 0.0013
2026-06-18 14:24:02.614092: train_loss -0.5452
2026-06-18 14:24:02.614577: val_loss -0.2592
2026-06-18 14:24:02.614719: Pseudo dice [np.float32(0.6518)]
2026-06-18 14:24:02.614906: Epoch time: 52.7 s
2026-06-18 14:24:04.317935: 
2026-06-18 14:24:04.318345: Epoch 225
2026-06-18 14:24:04.318534: Current learning rate: 0.00126
2026-06-18 14:24:57.035564: train_loss -0.5444
2026-06-18 14:24:57.036465: val_loss -0.2316
2026-06-18 14:24:57.036608: Pseudo dice [np.float32(0.6369)]
2026-06-18 14:24:57.036792: Epoch time: 52.72 s
2026-06-18 14:24:58.759768: 
2026-06-18 14:24:58.760273: Epoch 226
2026-06-18 14:24:58.760563: Current learning rate: 0.00121
2026-06-18 14:25:51.455803: train_loss -0.5406
2026-06-18 14:25:51.456232: val_loss -0.2659
2026-06-18 14:25:51.456379: Pseudo dice [np.float32(0.6785)]
2026-06-18 14:25:51.456549: Epoch time: 52.7 s
2026-06-18 14:25:53.158072: 
2026-06-18 14:25:53.158597: Epoch 227
2026-06-18 14:25:53.158902: Current learning rate: 0.00117
2026-06-18 14:26:45.904076: train_loss -0.5584
2026-06-18 14:26:45.904514: val_loss -0.2349
2026-06-18 14:26:45.904658: Pseudo dice [np.float32(0.6727)]
2026-06-18 14:26:45.904849: Epoch time: 52.75 s
2026-06-18 14:26:47.607291: 
2026-06-18 14:26:47.607688: Epoch 228
2026-06-18 14:26:47.607876: Current learning rate: 0.00112
2026-06-18 14:27:40.446249: train_loss -0.5425
2026-06-18 14:27:40.446819: val_loss -0.3032
2026-06-18 14:27:40.446959: Pseudo dice [np.float32(0.6846)]
2026-06-18 14:27:40.447135: Epoch time: 52.84 s
2026-06-18 14:27:42.161412: 
2026-06-18 14:27:42.162064: Epoch 229
2026-06-18 14:27:42.162295: Current learning rate: 0.00108
2026-06-18 14:28:35.061807: train_loss -0.5385
2026-06-18 14:28:35.062351: val_loss -0.2691
2026-06-18 14:28:35.062511: Pseudo dice [np.float32(0.676)]
2026-06-18 14:28:35.062691: Epoch time: 52.9 s
2026-06-18 14:28:36.770008: 
2026-06-18 14:28:36.770652: Epoch 230
2026-06-18 14:28:36.770939: Current learning rate: 0.00103
2026-06-18 14:29:29.489424: train_loss -0.5523
2026-06-18 14:29:29.489993: val_loss -0.3267
2026-06-18 14:29:29.490141: Pseudo dice [np.float32(0.695)]
2026-06-18 14:29:29.490313: Epoch time: 52.72 s
2026-06-18 14:29:31.193793: 
2026-06-18 14:29:31.194244: Epoch 231
2026-06-18 14:29:31.194483: Current learning rate: 0.00098
2026-06-18 14:30:24.020049: train_loss -0.5355
2026-06-18 14:30:24.020550: val_loss -0.2951
2026-06-18 14:30:24.020693: Pseudo dice [np.float32(0.6749)]
2026-06-18 14:30:24.020877: Epoch time: 52.83 s
2026-06-18 14:30:25.736353: 
2026-06-18 14:30:25.736870: Epoch 232
2026-06-18 14:30:25.737154: Current learning rate: 0.00094
2026-06-18 14:31:18.534483: train_loss -0.5406
2026-06-18 14:31:18.535064: val_loss -0.2718
2026-06-18 14:31:18.535216: Pseudo dice [np.float32(0.683)]
2026-06-18 14:31:18.535393: Epoch time: 52.8 s
2026-06-18 14:31:20.277139: 
2026-06-18 14:31:20.278038: Epoch 233
2026-06-18 14:31:20.279200: Current learning rate: 0.00089
2026-06-18 14:32:12.978040: train_loss -0.5488
2026-06-18 14:32:12.978502: val_loss -0.2799
2026-06-18 14:32:12.978644: Pseudo dice [np.float32(0.6795)]
2026-06-18 14:32:12.978847: Epoch time: 52.7 s
2026-06-18 14:32:15.068225: 
2026-06-18 14:32:15.068965: Epoch 234
2026-06-18 14:32:15.069163: Current learning rate: 0.00084
2026-06-18 14:33:07.777548: train_loss -0.5576
2026-06-18 14:33:07.778053: val_loss -0.2827
2026-06-18 14:33:07.778204: Pseudo dice [np.float32(0.6779)]
2026-06-18 14:33:07.778392: Epoch time: 52.71 s
2026-06-18 14:33:09.493835: 
2026-06-18 14:33:09.494203: Epoch 235
2026-06-18 14:33:09.494410: Current learning rate: 0.00079
2026-06-18 14:34:02.262875: train_loss -0.5458
2026-06-18 14:34:02.263870: val_loss -0.3082
2026-06-18 14:34:02.264024: Pseudo dice [np.float32(0.6868)]
2026-06-18 14:34:02.264262: Epoch time: 52.77 s
2026-06-18 14:34:03.977126: 
2026-06-18 14:34:03.977619: Epoch 236
2026-06-18 14:34:03.977807: Current learning rate: 0.00075
2026-06-18 14:34:56.852769: train_loss -0.5439
2026-06-18 14:34:56.853278: val_loss -0.2807
2026-06-18 14:34:56.853420: Pseudo dice [np.float32(0.675)]
2026-06-18 14:34:56.853595: Epoch time: 52.88 s
2026-06-18 14:34:58.555163: 
2026-06-18 14:34:58.555457: Epoch 237
2026-06-18 14:34:58.555639: Current learning rate: 0.0007
2026-06-18 14:35:51.385719: train_loss -0.5397
2026-06-18 14:35:51.386233: val_loss -0.2265
2026-06-18 14:35:51.386381: Pseudo dice [np.float32(0.6567)]
2026-06-18 14:35:51.386559: Epoch time: 52.83 s
2026-06-18 14:35:53.098970: 
2026-06-18 14:35:53.099452: Epoch 238
2026-06-18 14:35:53.099707: Current learning rate: 0.00065
2026-06-18 14:36:45.978771: train_loss -0.5396
2026-06-18 14:36:45.979262: val_loss -0.2669
2026-06-18 14:36:45.979403: Pseudo dice [np.float32(0.6643)]
2026-06-18 14:36:45.979583: Epoch time: 52.88 s
2026-06-18 14:36:47.692900: 
2026-06-18 14:36:47.693352: Epoch 239
2026-06-18 14:36:47.693545: Current learning rate: 0.0006
2026-06-18 14:37:40.544123: train_loss -0.5451
2026-06-18 14:37:40.544710: val_loss -0.2811
2026-06-18 14:37:40.544884: Pseudo dice [np.float32(0.68)]
2026-06-18 14:37:40.545069: Epoch time: 52.85 s
2026-06-18 14:37:42.272417: 
2026-06-18 14:37:42.272934: Epoch 240
2026-06-18 14:37:42.273235: Current learning rate: 0.00055
2026-06-18 14:38:35.179452: train_loss -0.5632
2026-06-18 14:38:35.183183: val_loss -0.2767
2026-06-18 14:38:35.183337: Pseudo dice [np.float32(0.6744)]
2026-06-18 14:38:35.183510: Epoch time: 52.91 s
2026-06-18 14:38:36.904335: 
2026-06-18 14:38:36.904734: Epoch 241
2026-06-18 14:38:36.904910: Current learning rate: 0.0005
2026-06-18 14:39:29.816029: train_loss -0.5376
2026-06-18 14:39:29.816621: val_loss -0.2818
2026-06-18 14:39:29.816767: Pseudo dice [np.float32(0.6767)]
2026-06-18 14:39:29.816955: Epoch time: 52.91 s
2026-06-18 14:39:31.540524: 
2026-06-18 14:39:31.540930: Epoch 242
2026-06-18 14:39:31.541107: Current learning rate: 0.00045
2026-06-18 14:40:24.319719: train_loss -0.5594
2026-06-18 14:40:24.320191: val_loss -0.283
2026-06-18 14:40:24.320355: Pseudo dice [np.float32(0.6803)]
2026-06-18 14:40:24.320523: Epoch time: 52.78 s
2026-06-18 14:40:26.497925: 
2026-06-18 14:40:26.498668: Epoch 243
2026-06-18 14:40:26.498980: Current learning rate: 0.0004
2026-06-18 14:41:19.345105: train_loss -0.5456
2026-06-18 14:41:19.345612: val_loss -0.2253
2026-06-18 14:41:19.345754: Pseudo dice [np.float32(0.6567)]
2026-06-18 14:41:19.345943: Epoch time: 52.85 s
2026-06-18 14:41:21.091608: 
2026-06-18 14:41:21.092279: Epoch 244
2026-06-18 14:41:21.092526: Current learning rate: 0.00035
2026-06-18 14:42:13.801311: train_loss -0.5372
2026-06-18 14:42:13.801839: val_loss -0.2209
2026-06-18 14:42:13.802003: Pseudo dice [np.float32(0.6534)]
2026-06-18 14:42:13.802177: Epoch time: 52.71 s
2026-06-18 14:42:15.536489: 
2026-06-18 14:42:15.536996: Epoch 245
2026-06-18 14:42:15.537292: Current learning rate: 0.0003
2026-06-18 14:43:08.293519: train_loss -0.5462
2026-06-18 14:43:08.294009: val_loss -0.2358
2026-06-18 14:43:08.294157: Pseudo dice [np.float32(0.6606)]
2026-06-18 14:43:08.294333: Epoch time: 52.76 s
2026-06-18 14:43:10.027939: 
2026-06-18 14:43:10.028311: Epoch 246
2026-06-18 14:43:10.028498: Current learning rate: 0.00024
2026-06-18 14:44:02.811872: train_loss -0.5628
2026-06-18 14:44:02.812425: val_loss -0.2724
2026-06-18 14:44:02.812573: Pseudo dice [np.float32(0.6738)]
2026-06-18 14:44:02.812749: Epoch time: 52.79 s
2026-06-18 14:44:04.541855: 
2026-06-18 14:44:04.542274: Epoch 247
2026-06-18 14:44:04.542452: Current learning rate: 0.00019
2026-06-18 14:44:57.392367: train_loss -0.5479
2026-06-18 14:44:57.393034: val_loss -0.2584
2026-06-18 14:44:57.393197: Pseudo dice [np.float32(0.666)]
2026-06-18 14:44:57.393389: Epoch time: 52.85 s
2026-06-18 14:44:59.129615: 
2026-06-18 14:44:59.130137: Epoch 248
2026-06-18 14:44:59.130440: Current learning rate: 0.00013
2026-06-18 14:45:51.974283: train_loss -0.5711
2026-06-18 14:45:51.974741: val_loss -0.2613
2026-06-18 14:45:51.974894: Pseudo dice [np.float32(0.6724)]
2026-06-18 14:45:51.975064: Epoch time: 52.85 s
2026-06-18 14:45:53.715690: 
2026-06-18 14:45:53.716268: Epoch 249
2026-06-18 14:45:53.716491: Current learning rate: 7e-05
2026-06-18 14:46:46.517102: train_loss -0.5422
2026-06-18 14:46:46.517841: val_loss -0.2211
2026-06-18 14:46:46.517998: Pseudo dice [np.float32(0.6573)]
2026-06-18 14:46:46.518175: Epoch time: 52.8 s
2026-06-18 14:46:48.925128: Training done.
2026-06-18 14:46:49.206124: Using splits from existing split file: /gpfs/data/ravenlab/micmac/nnUNet_preprocessed/Dataset003_BinaryTask/splits_final.json
2026-06-18 14:46:49.212273: The split file contains 5 splits.
2026-06-18 14:46:49.212439: Desired fold for training: 4
2026-06-18 14:46:49.212547: This split has 20 training and 5 validation cases.
2026-06-18 14:46:49.212771: predicting 41759_14left
2026-06-18 14:46:49.242197: 41759_14left, shape torch.Size([1, 1, 1120, 1796]), rank 0
2026-06-18 14:46:56.464763: predicting 41759_22left
2026-06-18 14:46:56.511926: 41759_22left, shape torch.Size([1, 1, 1984, 2353]), rank 0
2026-06-18 14:46:57.801636: predicting 41759_42
2026-06-18 14:46:57.833233: 41759_42, shape torch.Size([1, 1, 1728, 2049]), rank 0
2026-06-18 14:46:58.697482: predicting 41759_45_caudate
2026-06-18 14:46:58.728399: 41759_45_caudate, shape torch.Size([1, 1, 1824, 1543]), rank 0
2026-06-18 14:46:59.592728: predicting 41759_49left_0p25um
2026-06-18 14:47:01.120211: 41759_49left_0p25um, shape torch.Size([1, 1, 17665, 16597]), rank 0
2026-06-18 14:53:01.155429: Validation complete
2026-06-18 14:53:01.159477: Mean Validation Dice:  0.6895581332477537
