Loading python/gpu/3.10.6-cuda12.9
  Loading requirement: cuda/12.9
Launching parallel training for 2D config, Fold 3 using 250-epoch trainer preset...

############################
INFO: You are using the old nnU-Net default plans. We have updated our recommendations. Please consider using those instead! Read more here: https://github.com/MIC-DKFZ/nnUNet/blob/master/documentation/resenc_presets.md
############################

Using device: cuda:0

#######################################################################
Please cite the following paper when using nnU-Net:
Isensee, F., Jaeger, P. F., Kohl, S. A., Petersen, J., & Maier-Hein, K. H. (2021). nnU-Net: a self-configuring method for deep learning-based biomedical image segmentation. Nature methods, 18(2), 203-211.
#######################################################################

2026-06-18 10:57:06.072450: do_dummy_2d_data_aug: False
2026-06-18 10:57:06.073947: Using splits from existing split file: /gpfs/data/ravenlab/micmac/nnUNet_preprocessed/Dataset003_BinaryTask/splits_final.json
2026-06-18 10:57:06.090791: The split file contains 5 splits.
2026-06-18 10:57:06.090922: Desired fold for training: 3
2026-06-18 10:57:06.091027: This split has 20 training and 5 validation cases.
using pin_memory on device 0
using pin_memory on device 0

This is the configuration used by this training:
Configuration name: 2d
 {'data_identifier': 'nnUNetPlans_2d', 'preprocessor_name': 'DefaultPreprocessor', 'batch_size': 2, 'patch_size': [1024, 1536], 'median_image_size_in_voxels': [2176.0, 3311.0], 'spacing': [1.0, 1.0], 'normalization_schemes': ['ZScoreNormalization'], 'use_mask_for_norm': [False], 'resampling_fn_data': 'resample_data_or_seg_to_shape', 'resampling_fn_seg': 'resample_data_or_seg_to_shape', 'resampling_fn_data_kwargs': {'is_seg': False, 'order': 3, 'order_z': 0, 'force_separate_z': None}, 'resampling_fn_seg_kwargs': {'is_seg': True, 'order': 1, 'order_z': 0, 'force_separate_z': None}, 'resampling_fn_probabilities': 'resample_data_or_seg_to_shape', 'resampling_fn_probabilities_kwargs': {'is_seg': False, 'order': 1, 'order_z': 0, 'force_separate_z': None}, 'architecture': {'network_class_name': 'dynamic_network_architectures.architectures.unet.PlainConvUNet', 'arch_kwargs': {'n_stages': 9, 'features_per_stage': [32, 64, 128, 256, 512, 512, 512, 512, 512], 'conv_op': 'torch.nn.modules.conv.Conv2d', 'kernel_sizes': [[3, 3], [3, 3], [3, 3], [3, 3], [3, 3], [3, 3], [3, 3], [3, 3], [3, 3]], 'strides': [[1, 1], [2, 2], [2, 2], [2, 2], [2, 2], [2, 2], [2, 2], [2, 2], [2, 2]], 'n_conv_per_stage': [2, 2, 2, 2, 2, 2, 2, 2, 2], 'n_conv_per_stage_decoder': [2, 2, 2, 2, 2, 2, 2, 2], 'conv_bias': True, 'norm_op': 'torch.nn.modules.instancenorm.InstanceNorm2d', 'norm_op_kwargs': {'eps': 1e-05, 'affine': True}, 'dropout_op': None, 'dropout_op_kwargs': None, 'nonlin': 'torch.nn.LeakyReLU', 'nonlin_kwargs': {'inplace': True}}, '_kw_requires_import': ['conv_op', 'norm_op', 'dropout_op', 'nonlin']}, 'batch_dice': True} 

These are the global plan.json settings:
 {'dataset_name': 'Dataset003_BinaryTask', 'plans_name': 'nnUNetPlans', 'original_median_spacing_after_transp': [999.0, 1.0, 1.0], 'original_median_shape_after_transp': [1, 2176, 3311], 'image_reader_writer': 'NaturalImage2DIO', 'transpose_forward': [0, 1, 2], 'transpose_backward': [0, 1, 2], 'experiment_planner_used': 'ExperimentPlanner', 'label_manager': 'LabelManager', 'foreground_intensity_properties_per_channel': {'0': {'max': 252.0, 'mean': 114.97937774658203, 'median': 113.0, 'min': 4.0, 'percentile_00_5': 32.0, 'percentile_99_5': 208.0, 'std': 38.282249450683594}}} 

2026-06-18 10:57:09.812834: Unable to plot network architecture:
2026-06-18 10:57:09.813020: No module named 'hiddenlayer'
2026-06-18 10:57:09.958390: 
2026-06-18 10:57:09.958583: Epoch 0
2026-06-18 10:57:09.958901: Current learning rate: 0.01
2026-06-18 10:59:23.299150: train_loss 0.1162
2026-06-18 10:59:23.299908: val_loss 0.3562
2026-06-18 10:59:23.300098: Pseudo dice [np.float32(0.3201)]
2026-06-18 10:59:23.300265: Epoch time: 133.34 s
2026-06-18 10:59:23.300399: Yayy! New best EMA pseudo Dice: 0.32010000944137573
2026-06-18 10:59:25.745392: 
2026-06-18 10:59:25.746164: Epoch 1
2026-06-18 10:59:25.746474: Current learning rate: 0.00996
2026-06-18 11:00:19.948971: train_loss -0.086
2026-06-18 11:00:19.949495: val_loss -0.149
2026-06-18 11:00:19.949653: Pseudo dice [np.float32(0.693)]
2026-06-18 11:00:19.949846: Epoch time: 54.21 s
2026-06-18 11:00:19.951546: Yayy! New best EMA pseudo Dice: 0.35740000009536743
2026-06-18 11:00:22.118108: 
2026-06-18 11:00:22.118440: Epoch 2
2026-06-18 11:00:22.118670: Current learning rate: 0.00993
2026-06-18 11:01:15.886137: train_loss -0.1563
2026-06-18 11:01:15.886671: val_loss -0.2559
2026-06-18 11:01:15.886825: Pseudo dice [np.float32(0.739)]
2026-06-18 11:01:15.886997: Epoch time: 53.77 s
2026-06-18 11:01:15.887129: Yayy! New best EMA pseudo Dice: 0.3955000042915344
2026-06-18 11:01:18.151117: 
2026-06-18 11:01:18.151618: Epoch 3
2026-06-18 11:01:18.151827: Current learning rate: 0.00989
2026-06-18 11:02:11.848360: train_loss -0.1662
2026-06-18 11:02:11.849006: val_loss -0.1882
2026-06-18 11:02:11.849173: Pseudo dice [np.float32(0.6922)]
2026-06-18 11:02:11.849375: Epoch time: 53.7 s
2026-06-18 11:02:11.849510: Yayy! New best EMA pseudo Dice: 0.4251999855041504
2026-06-18 11:02:14.124182: 
2026-06-18 11:02:14.125238: Epoch 4
2026-06-18 11:02:14.125440: Current learning rate: 0.00986
2026-06-18 11:03:07.644732: train_loss -0.206
2026-06-18 11:03:07.646717: val_loss -0.233
2026-06-18 11:03:07.646910: Pseudo dice [np.float32(0.7221)]
2026-06-18 11:03:07.647157: Epoch time: 53.52 s
2026-06-18 11:03:07.647518: Yayy! New best EMA pseudo Dice: 0.45489999651908875
2026-06-18 11:03:09.898921: 
2026-06-18 11:03:09.899464: Epoch 5
2026-06-18 11:03:09.899964: Current learning rate: 0.00982
2026-06-18 11:04:03.465286: train_loss -0.2182
2026-06-18 11:04:03.467659: val_loss -0.2782
2026-06-18 11:04:03.467829: Pseudo dice [np.float32(0.7323)]
2026-06-18 11:04:03.468050: Epoch time: 53.57 s
2026-06-18 11:04:03.468184: Yayy! New best EMA pseudo Dice: 0.48260000348091125
2026-06-18 11:04:05.656527: 
2026-06-18 11:04:05.656813: Epoch 6
2026-06-18 11:04:05.657015: Current learning rate: 0.00978
2026-06-18 11:04:58.900771: train_loss -0.2746
2026-06-18 11:04:58.901306: val_loss -0.3339
2026-06-18 11:04:58.901455: Pseudo dice [np.float32(0.7549)]
2026-06-18 11:04:58.901629: Epoch time: 53.25 s
2026-06-18 11:04:58.901755: Yayy! New best EMA pseudo Dice: 0.5098999738693237
2026-06-18 11:05:01.157990: 
2026-06-18 11:05:01.158596: Epoch 7
2026-06-18 11:05:01.158953: Current learning rate: 0.00975
2026-06-18 11:05:54.477087: train_loss -0.2709
2026-06-18 11:05:54.477663: val_loss -0.2273
2026-06-18 11:05:54.477831: Pseudo dice [np.float32(0.7069)]
2026-06-18 11:05:54.478011: Epoch time: 53.32 s
2026-06-18 11:05:54.478145: Yayy! New best EMA pseudo Dice: 0.5296000242233276
2026-06-18 11:05:56.763787: 
2026-06-18 11:05:56.764431: Epoch 8
2026-06-18 11:05:56.765049: Current learning rate: 0.00971
2026-06-18 11:06:50.091472: train_loss -0.2971
2026-06-18 11:06:50.092229: val_loss -0.3305
2026-06-18 11:06:50.092386: Pseudo dice [np.float32(0.744)]
2026-06-18 11:06:50.092587: Epoch time: 53.33 s
2026-06-18 11:06:50.092728: Yayy! New best EMA pseudo Dice: 0.5509999990463257
2026-06-18 11:06:53.056772: 
2026-06-18 11:06:53.057402: Epoch 9
2026-06-18 11:06:53.058275: Current learning rate: 0.00968
2026-06-18 11:07:46.382599: train_loss -0.2927
2026-06-18 11:07:46.384724: val_loss -0.3427
2026-06-18 11:07:46.384994: Pseudo dice [np.float32(0.7389)]
2026-06-18 11:07:46.385213: Epoch time: 53.33 s
2026-06-18 11:07:46.385349: Yayy! New best EMA pseudo Dice: 0.5698000192642212
2026-06-18 11:07:48.610753: 
2026-06-18 11:07:48.611374: Epoch 10
2026-06-18 11:07:48.611726: Current learning rate: 0.00964
2026-06-18 11:08:42.009985: train_loss -0.3104
2026-06-18 11:08:42.010682: val_loss -0.3164
2026-06-18 11:08:42.010851: Pseudo dice [np.float32(0.7454)]
2026-06-18 11:08:42.011034: Epoch time: 53.4 s
2026-06-18 11:08:42.011168: Yayy! New best EMA pseudo Dice: 0.5873000025749207
2026-06-18 11:08:44.193497: 
2026-06-18 11:08:44.193973: Epoch 11
2026-06-18 11:08:44.194285: Current learning rate: 0.0096
2026-06-18 11:09:37.576310: train_loss -0.2854
2026-06-18 11:09:37.577029: val_loss -0.3371
2026-06-18 11:09:37.577202: Pseudo dice [np.float32(0.7414)]
2026-06-18 11:09:37.577390: Epoch time: 53.39 s
2026-06-18 11:09:37.577540: Yayy! New best EMA pseudo Dice: 0.6026999950408936
2026-06-18 11:09:39.765879: 
2026-06-18 11:09:39.766405: Epoch 12
2026-06-18 11:09:39.766652: Current learning rate: 0.00957
2026-06-18 11:10:33.067011: train_loss -0.343
2026-06-18 11:10:33.067729: val_loss -0.3086
2026-06-18 11:10:33.067909: Pseudo dice [np.float32(0.7461)]
2026-06-18 11:10:33.068084: Epoch time: 53.3 s
2026-06-18 11:10:33.068219: Yayy! New best EMA pseudo Dice: 0.6171000003814697
2026-06-18 11:10:35.248629: 
2026-06-18 11:10:35.249304: Epoch 13
2026-06-18 11:10:35.249621: Current learning rate: 0.00953
2026-06-18 11:11:28.453065: train_loss -0.3475
2026-06-18 11:11:28.453672: val_loss -0.3143
2026-06-18 11:11:28.453828: Pseudo dice [np.float32(0.7308)]
2026-06-18 11:11:28.454007: Epoch time: 53.21 s
2026-06-18 11:11:28.454137: Yayy! New best EMA pseudo Dice: 0.6284999847412109
2026-06-18 11:11:30.631464: 
2026-06-18 11:11:30.631939: Epoch 14
2026-06-18 11:11:30.632133: Current learning rate: 0.00949
2026-06-18 11:12:23.812236: train_loss -0.3415
2026-06-18 11:12:23.812858: val_loss -0.4035
2026-06-18 11:12:23.813013: Pseudo dice [np.float32(0.7652)]
2026-06-18 11:12:23.813195: Epoch time: 53.18 s
2026-06-18 11:12:23.813330: Yayy! New best EMA pseudo Dice: 0.6420999765396118
2026-06-18 11:12:26.022933: 
2026-06-18 11:12:26.023398: Epoch 15
2026-06-18 11:12:26.023575: Current learning rate: 0.00946
2026-06-18 11:13:19.224039: train_loss -0.3457
2026-06-18 11:13:19.224544: val_loss -0.403
2026-06-18 11:13:19.224693: Pseudo dice [np.float32(0.7704)]
2026-06-18 11:13:19.224878: Epoch time: 53.2 s
2026-06-18 11:13:19.225005: Yayy! New best EMA pseudo Dice: 0.6549999713897705
2026-06-18 11:13:21.420714: 
2026-06-18 11:13:21.421271: Epoch 16
2026-06-18 11:13:21.421467: Current learning rate: 0.00942
2026-06-18 11:14:14.622245: train_loss -0.3862
2026-06-18 11:14:14.622730: val_loss -0.3504
2026-06-18 11:14:14.622882: Pseudo dice [np.float32(0.7434)]
2026-06-18 11:14:14.623056: Epoch time: 53.2 s
2026-06-18 11:14:14.623186: Yayy! New best EMA pseudo Dice: 0.6638000011444092
2026-06-18 11:14:16.906366: 
2026-06-18 11:14:16.906827: Epoch 17
2026-06-18 11:14:16.907033: Current learning rate: 0.00939
2026-06-18 11:15:10.172943: train_loss -0.341
2026-06-18 11:15:10.173408: val_loss -0.3889
2026-06-18 11:15:10.173551: Pseudo dice [np.float32(0.7673)]
2026-06-18 11:15:10.173722: Epoch time: 53.27 s
2026-06-18 11:15:10.173861: Yayy! New best EMA pseudo Dice: 0.6740999817848206
2026-06-18 11:15:12.838592: 
2026-06-18 11:15:12.839135: Epoch 18
2026-06-18 11:15:12.839437: Current learning rate: 0.00935
2026-06-18 11:16:06.080679: train_loss -0.3383
2026-06-18 11:16:06.081193: val_loss -0.3246
2026-06-18 11:16:06.081340: Pseudo dice [np.float32(0.7333)]
2026-06-18 11:16:06.081522: Epoch time: 53.25 s
2026-06-18 11:16:06.081649: Yayy! New best EMA pseudo Dice: 0.6801000237464905
2026-06-18 11:16:08.305658: 
2026-06-18 11:16:08.306248: Epoch 19
2026-06-18 11:16:08.306552: Current learning rate: 0.00931
2026-06-18 11:17:01.622945: train_loss -0.3312
2026-06-18 11:17:01.623581: val_loss -0.3842
2026-06-18 11:17:01.623730: Pseudo dice [np.float32(0.7657)]
2026-06-18 11:17:01.623922: Epoch time: 53.32 s
2026-06-18 11:17:01.624055: Yayy! New best EMA pseudo Dice: 0.6886000037193298
2026-06-18 11:17:03.864141: 
2026-06-18 11:17:03.864630: Epoch 20
2026-06-18 11:17:03.864935: Current learning rate: 0.00928
2026-06-18 11:17:57.123966: train_loss -0.3716
2026-06-18 11:17:57.124670: val_loss -0.3777
2026-06-18 11:17:57.124828: Pseudo dice [np.float32(0.768)]
2026-06-18 11:17:57.125007: Epoch time: 53.26 s
2026-06-18 11:17:57.125135: Yayy! New best EMA pseudo Dice: 0.6966000199317932
2026-06-18 11:17:59.346080: 
2026-06-18 11:17:59.346461: Epoch 21
2026-06-18 11:17:59.346639: Current learning rate: 0.00924
2026-06-18 11:18:52.648678: train_loss -0.3546
2026-06-18 11:18:52.649236: val_loss -0.3612
2026-06-18 11:18:52.649379: Pseudo dice [np.float32(0.7539)]
2026-06-18 11:18:52.649563: Epoch time: 53.31 s
2026-06-18 11:18:52.649695: Yayy! New best EMA pseudo Dice: 0.7023000121116638
2026-06-18 11:18:54.800785: 
2026-06-18 11:18:54.801250: Epoch 22
2026-06-18 11:18:54.801553: Current learning rate: 0.0092
2026-06-18 11:19:48.151214: train_loss -0.3449
2026-06-18 11:19:48.151875: val_loss -0.3827
2026-06-18 11:19:48.152054: Pseudo dice [np.float32(0.7538)]
2026-06-18 11:19:48.152301: Epoch time: 53.35 s
2026-06-18 11:19:48.152466: Yayy! New best EMA pseudo Dice: 0.7074000239372253
2026-06-18 11:19:50.383983: 
2026-06-18 11:19:50.384804: Epoch 23
2026-06-18 11:19:50.385051: Current learning rate: 0.00917
2026-06-18 11:20:43.589442: train_loss -0.3734
2026-06-18 11:20:43.590176: val_loss -0.3979
2026-06-18 11:20:43.590330: Pseudo dice [np.float32(0.7678)]
2026-06-18 11:20:43.590534: Epoch time: 53.21 s
2026-06-18 11:20:43.590673: Yayy! New best EMA pseudo Dice: 0.7135000228881836
2026-06-18 11:20:45.767233: 
2026-06-18 11:20:45.768085: Epoch 24
2026-06-18 11:20:45.768297: Current learning rate: 0.00913
2026-06-18 11:21:38.919172: train_loss -0.3823
2026-06-18 11:21:38.919661: val_loss -0.2933
2026-06-18 11:21:38.919820: Pseudo dice [np.float32(0.72)]
2026-06-18 11:21:38.919999: Epoch time: 53.16 s
2026-06-18 11:21:38.920134: Yayy! New best EMA pseudo Dice: 0.7141000032424927
2026-06-18 11:21:41.099890: 
2026-06-18 11:21:41.100318: Epoch 25
2026-06-18 11:21:41.100502: Current learning rate: 0.0091
2026-06-18 11:22:34.296567: train_loss -0.3897
2026-06-18 11:22:34.297177: val_loss -0.4177
2026-06-18 11:22:34.297323: Pseudo dice [np.float32(0.7831)]
2026-06-18 11:22:34.297496: Epoch time: 53.2 s
2026-06-18 11:22:34.297631: Yayy! New best EMA pseudo Dice: 0.7210000157356262
2026-06-18 11:22:36.866769: 
2026-06-18 11:22:36.867077: Epoch 26
2026-06-18 11:22:36.867265: Current learning rate: 0.00906
2026-06-18 11:23:30.043602: train_loss -0.3664
2026-06-18 11:23:30.044219: val_loss -0.342
2026-06-18 11:23:30.044386: Pseudo dice [np.float32(0.746)]
2026-06-18 11:23:30.044569: Epoch time: 53.18 s
2026-06-18 11:23:30.044702: Yayy! New best EMA pseudo Dice: 0.7235000133514404
2026-06-18 11:23:32.235273: 
2026-06-18 11:23:32.235808: Epoch 27
2026-06-18 11:23:32.236097: Current learning rate: 0.00902
2026-06-18 11:24:25.537214: train_loss -0.4065
2026-06-18 11:24:25.537793: val_loss -0.3872
2026-06-18 11:24:25.537954: Pseudo dice [np.float32(0.77)]
2026-06-18 11:24:25.538136: Epoch time: 53.31 s
2026-06-18 11:24:25.538271: Yayy! New best EMA pseudo Dice: 0.7282000184059143
2026-06-18 11:24:27.738187: 
2026-06-18 11:24:27.738583: Epoch 28
2026-06-18 11:24:27.738764: Current learning rate: 0.00899
2026-06-18 11:25:20.956372: train_loss -0.3774
2026-06-18 11:25:20.956812: val_loss -0.3229
2026-06-18 11:25:20.956956: Pseudo dice [np.float32(0.7409)]
2026-06-18 11:25:20.957127: Epoch time: 53.22 s
2026-06-18 11:25:20.957258: Yayy! New best EMA pseudo Dice: 0.7293999791145325
2026-06-18 11:25:23.129723: 
2026-06-18 11:25:23.130273: Epoch 29
2026-06-18 11:25:23.130584: Current learning rate: 0.00895
2026-06-18 11:26:16.356521: train_loss -0.39
2026-06-18 11:26:16.357031: val_loss -0.4053
2026-06-18 11:26:16.357180: Pseudo dice [np.float32(0.7716)]
2026-06-18 11:26:16.357358: Epoch time: 53.23 s
2026-06-18 11:26:16.357489: Yayy! New best EMA pseudo Dice: 0.7336999773979187
2026-06-18 11:26:18.559522: 
2026-06-18 11:26:18.560027: Epoch 30
2026-06-18 11:26:18.560222: Current learning rate: 0.00891
2026-06-18 11:27:11.793476: train_loss -0.4066
2026-06-18 11:27:11.793944: val_loss -0.3588
2026-06-18 11:27:11.794093: Pseudo dice [np.float32(0.744)]
2026-06-18 11:27:11.794274: Epoch time: 53.24 s
2026-06-18 11:27:11.794404: Yayy! New best EMA pseudo Dice: 0.7347000241279602
2026-06-18 11:27:13.985267: 
2026-06-18 11:27:13.985874: Epoch 31
2026-06-18 11:27:13.986060: Current learning rate: 0.00888
2026-06-18 11:28:07.268590: train_loss -0.3902
2026-06-18 11:28:07.269186: val_loss -0.4352
2026-06-18 11:28:07.269332: Pseudo dice [np.float32(0.7851)]
2026-06-18 11:28:07.269515: Epoch time: 53.29 s
2026-06-18 11:28:07.269646: Yayy! New best EMA pseudo Dice: 0.7397000193595886
2026-06-18 11:28:09.461310: 
2026-06-18 11:28:09.461783: Epoch 32
2026-06-18 11:28:09.462061: Current learning rate: 0.00884
2026-06-18 11:29:02.769854: train_loss -0.381
2026-06-18 11:29:02.770366: val_loss -0.4221
2026-06-18 11:29:02.770510: Pseudo dice [np.float32(0.7725)]
2026-06-18 11:29:02.770685: Epoch time: 53.31 s
2026-06-18 11:29:02.770822: Yayy! New best EMA pseudo Dice: 0.7429999709129333
2026-06-18 11:29:04.972189: 
2026-06-18 11:29:04.972593: Epoch 33
2026-06-18 11:29:04.972908: Current learning rate: 0.0088
2026-06-18 11:29:58.161462: train_loss -0.3683
2026-06-18 11:29:58.162063: val_loss -0.2998
2026-06-18 11:29:58.162212: Pseudo dice [np.float32(0.7274)]
2026-06-18 11:29:58.162390: Epoch time: 53.19 s
2026-06-18 11:30:00.271851: 
2026-06-18 11:30:00.272311: Epoch 34
2026-06-18 11:30:00.272536: Current learning rate: 0.00877
2026-06-18 11:30:53.460493: train_loss -0.3804
2026-06-18 11:30:53.461088: val_loss -0.4319
2026-06-18 11:30:53.461237: Pseudo dice [np.float32(0.7883)]
2026-06-18 11:30:53.462090: Epoch time: 53.19 s
2026-06-18 11:30:53.462242: Yayy! New best EMA pseudo Dice: 0.7461000084877014
2026-06-18 11:30:55.686587: 
2026-06-18 11:30:55.687075: Epoch 35
2026-06-18 11:30:55.687414: Current learning rate: 0.00873
2026-06-18 11:31:48.960444: train_loss -0.3828
2026-06-18 11:31:48.961080: val_loss -0.388
2026-06-18 11:31:48.961230: Pseudo dice [np.float32(0.7612)]
2026-06-18 11:31:48.961406: Epoch time: 53.28 s
2026-06-18 11:31:48.961533: Yayy! New best EMA pseudo Dice: 0.7476000189781189
2026-06-18 11:31:51.184084: 
2026-06-18 11:31:51.184420: Epoch 36
2026-06-18 11:31:51.184613: Current learning rate: 0.00869
2026-06-18 11:32:44.366214: train_loss -0.3795
2026-06-18 11:32:44.366785: val_loss -0.3638
2026-06-18 11:32:44.366937: Pseudo dice [np.float32(0.7434)]
2026-06-18 11:32:44.367112: Epoch time: 53.19 s
2026-06-18 11:32:46.114379: 
2026-06-18 11:32:46.114988: Epoch 37
2026-06-18 11:32:46.115332: Current learning rate: 0.00866
2026-06-18 11:33:39.303001: train_loss -0.4159
2026-06-18 11:33:39.303648: val_loss -0.3711
2026-06-18 11:33:39.303803: Pseudo dice [np.float32(0.7561)]
2026-06-18 11:33:39.304003: Epoch time: 53.19 s
2026-06-18 11:33:39.304131: Yayy! New best EMA pseudo Dice: 0.7480999827384949
2026-06-18 11:33:41.529136: 
2026-06-18 11:33:41.529561: Epoch 38
2026-06-18 11:33:41.529810: Current learning rate: 0.00862
2026-06-18 11:34:34.805931: train_loss -0.3979
2026-06-18 11:34:34.806442: val_loss -0.3662
2026-06-18 11:34:34.806583: Pseudo dice [np.float32(0.7519)]
2026-06-18 11:34:34.806756: Epoch time: 53.28 s
2026-06-18 11:34:34.806900: Yayy! New best EMA pseudo Dice: 0.7484999895095825
2026-06-18 11:34:37.047318: 
2026-06-18 11:34:37.047820: Epoch 39
2026-06-18 11:34:37.048036: Current learning rate: 0.00858
2026-06-18 11:35:30.317943: train_loss -0.4046
2026-06-18 11:35:30.318420: val_loss -0.4441
2026-06-18 11:35:30.318595: Pseudo dice [np.float32(0.7902)]
2026-06-18 11:35:30.318780: Epoch time: 53.27 s
2026-06-18 11:35:30.318993: Yayy! New best EMA pseudo Dice: 0.7526000142097473
2026-06-18 11:35:32.609298: 
2026-06-18 11:35:32.609739: Epoch 40
2026-06-18 11:35:32.609936: Current learning rate: 0.00855
2026-06-18 11:36:25.867182: train_loss -0.4162
2026-06-18 11:36:25.867851: val_loss -0.4105
2026-06-18 11:36:25.867996: Pseudo dice [np.float32(0.7647)]
2026-06-18 11:36:25.868170: Epoch time: 53.26 s
2026-06-18 11:36:25.868305: Yayy! New best EMA pseudo Dice: 0.7537999749183655
2026-06-18 11:36:28.112676: 
2026-06-18 11:36:28.113125: Epoch 41
2026-06-18 11:36:28.113316: Current learning rate: 0.00851
2026-06-18 11:37:21.404667: train_loss -0.4174
2026-06-18 11:37:21.405388: val_loss -0.4433
2026-06-18 11:37:21.405559: Pseudo dice [np.float32(0.7824)]
2026-06-18 11:37:21.405746: Epoch time: 53.3 s
2026-06-18 11:37:21.405885: Yayy! New best EMA pseudo Dice: 0.7566999793052673
2026-06-18 11:37:23.707457: 
2026-06-18 11:37:23.708075: Epoch 42
2026-06-18 11:37:23.708403: Current learning rate: 0.00847
2026-06-18 11:38:17.128552: train_loss -0.3975
2026-06-18 11:38:17.129029: val_loss -0.3598
2026-06-18 11:38:17.129177: Pseudo dice [np.float32(0.7418)]
2026-06-18 11:38:17.129344: Epoch time: 53.42 s
2026-06-18 11:38:19.226781: 
2026-06-18 11:38:19.227239: Epoch 43
2026-06-18 11:38:19.227514: Current learning rate: 0.00844
2026-06-18 11:39:12.449812: train_loss -0.4104
2026-06-18 11:39:12.450374: val_loss -0.3781
2026-06-18 11:39:12.450529: Pseudo dice [np.float32(0.7542)]
2026-06-18 11:39:12.450702: Epoch time: 53.23 s
2026-06-18 11:39:14.161440: 
2026-06-18 11:39:14.161991: Epoch 44
2026-06-18 11:39:14.162279: Current learning rate: 0.0084
2026-06-18 11:40:07.381377: train_loss -0.4296
2026-06-18 11:40:07.381890: val_loss -0.3918
2026-06-18 11:40:07.382036: Pseudo dice [np.float32(0.7767)]
2026-06-18 11:40:07.382213: Epoch time: 53.22 s
2026-06-18 11:40:07.382375: Yayy! New best EMA pseudo Dice: 0.7573000192642212
2026-06-18 11:40:09.580340: 
2026-06-18 11:40:09.580792: Epoch 45
2026-06-18 11:40:09.580977: Current learning rate: 0.00836
2026-06-18 11:41:02.858255: train_loss -0.4305
2026-06-18 11:41:02.859224: val_loss -0.3604
2026-06-18 11:41:02.859382: Pseudo dice [np.float32(0.7681)]
2026-06-18 11:41:02.859567: Epoch time: 53.28 s
2026-06-18 11:41:02.859699: Yayy! New best EMA pseudo Dice: 0.758400022983551
2026-06-18 11:41:05.096142: 
2026-06-18 11:41:05.096572: Epoch 46
2026-06-18 11:41:05.096912: Current learning rate: 0.00833
2026-06-18 11:41:58.266947: train_loss -0.4139
2026-06-18 11:41:58.267416: val_loss -0.3826
2026-06-18 11:41:58.267569: Pseudo dice [np.float32(0.7541)]
2026-06-18 11:41:58.267743: Epoch time: 53.17 s
2026-06-18 11:41:59.984658: 
2026-06-18 11:41:59.985197: Epoch 47
2026-06-18 11:41:59.985480: Current learning rate: 0.00829
2026-06-18 11:42:53.274541: train_loss -0.3906
2026-06-18 11:42:53.275121: val_loss -0.3665
2026-06-18 11:42:53.275292: Pseudo dice [np.float32(0.7413)]
2026-06-18 11:42:53.275473: Epoch time: 53.29 s
2026-06-18 11:42:55.003737: 
2026-06-18 11:42:55.004448: Epoch 48
2026-06-18 11:42:55.004804: Current learning rate: 0.00825
2026-06-18 11:43:48.286407: train_loss -0.406
2026-06-18 11:43:48.289936: val_loss -0.3658
2026-06-18 11:43:48.290096: Pseudo dice [np.float32(0.7585)]
2026-06-18 11:43:48.290282: Epoch time: 53.29 s
2026-06-18 11:43:50.029460: 
2026-06-18 11:43:50.030108: Epoch 49
2026-06-18 11:43:50.030494: Current learning rate: 0.00822
2026-06-18 11:44:43.294242: train_loss -0.3934
2026-06-18 11:44:43.294945: val_loss -0.4124
2026-06-18 11:44:43.295135: Pseudo dice [np.float32(0.7814)]
2026-06-18 11:44:43.295319: Epoch time: 53.27 s
2026-06-18 11:44:43.792068: Yayy! New best EMA pseudo Dice: 0.7590000033378601
2026-06-18 11:44:45.989083: 
2026-06-18 11:44:45.989943: Epoch 50
2026-06-18 11:44:45.990194: Current learning rate: 0.00818
2026-06-18 11:45:39.313514: train_loss -0.4315
2026-06-18 11:45:39.314102: val_loss -0.3957
2026-06-18 11:45:39.314249: Pseudo dice [np.float32(0.7614)]
2026-06-18 11:45:39.314453: Epoch time: 53.33 s
2026-06-18 11:45:39.314594: Yayy! New best EMA pseudo Dice: 0.7591999769210815
2026-06-18 11:45:41.916416: 
2026-06-18 11:45:41.917213: Epoch 51
2026-06-18 11:45:41.917470: Current learning rate: 0.00814
2026-06-18 11:46:35.130237: train_loss -0.4225
2026-06-18 11:46:35.130913: val_loss -0.3728
2026-06-18 11:46:35.131077: Pseudo dice [np.float32(0.744)]
2026-06-18 11:46:35.131294: Epoch time: 53.22 s
2026-06-18 11:46:36.855540: 
2026-06-18 11:46:36.855955: Epoch 52
2026-06-18 11:46:36.856161: Current learning rate: 0.00811
2026-06-18 11:47:29.992494: train_loss -0.426
2026-06-18 11:47:29.993203: val_loss -0.4483
2026-06-18 11:47:29.993363: Pseudo dice [np.float32(0.7918)]
2026-06-18 11:47:29.993556: Epoch time: 53.14 s
2026-06-18 11:47:29.993712: Yayy! New best EMA pseudo Dice: 0.7610999941825867
2026-06-18 11:47:32.243945: 
2026-06-18 11:47:32.244694: Epoch 53
2026-06-18 11:47:32.244964: Current learning rate: 0.00807
2026-06-18 11:48:25.459665: train_loss -0.4058
2026-06-18 11:48:25.460205: val_loss -0.3489
2026-06-18 11:48:25.460354: Pseudo dice [np.float32(0.7412)]
2026-06-18 11:48:25.460529: Epoch time: 53.22 s
2026-06-18 11:48:27.195220: 
2026-06-18 11:48:27.196009: Epoch 54
2026-06-18 11:48:27.196213: Current learning rate: 0.00803
2026-06-18 11:49:20.581101: train_loss -0.4334
2026-06-18 11:49:20.581805: val_loss -0.4139
2026-06-18 11:49:20.581976: Pseudo dice [np.float32(0.7707)]
2026-06-18 11:49:20.582159: Epoch time: 53.39 s
2026-06-18 11:49:22.312564: 
2026-06-18 11:49:22.313051: Epoch 55
2026-06-18 11:49:22.313268: Current learning rate: 0.008
2026-06-18 11:50:15.678252: train_loss -0.3857
2026-06-18 11:50:15.679015: val_loss -0.3866
2026-06-18 11:50:15.679196: Pseudo dice [np.float32(0.7536)]
2026-06-18 11:50:15.679411: Epoch time: 53.37 s
2026-06-18 11:50:17.420340: 
2026-06-18 11:50:17.421064: Epoch 56
2026-06-18 11:50:17.421318: Current learning rate: 0.00796
2026-06-18 11:51:10.676154: train_loss -0.4326
2026-06-18 11:51:10.676684: val_loss -0.3761
2026-06-18 11:51:10.676844: Pseudo dice [np.float32(0.7446)]
2026-06-18 11:51:10.677025: Epoch time: 53.26 s
2026-06-18 11:51:12.411688: 
2026-06-18 11:51:12.412936: Epoch 57
2026-06-18 11:51:12.413329: Current learning rate: 0.00792
2026-06-18 11:52:05.665006: train_loss -0.4333
2026-06-18 11:52:05.665737: val_loss -0.4006
2026-06-18 11:52:05.665891: Pseudo dice [np.float32(0.7662)]
2026-06-18 11:52:05.666068: Epoch time: 53.26 s
2026-06-18 11:52:07.371748: 
2026-06-18 11:52:07.372285: Epoch 58
2026-06-18 11:52:07.372591: Current learning rate: 0.00789
2026-06-18 11:53:00.798221: train_loss -0.3985
2026-06-18 11:53:00.798761: val_loss -0.3629
2026-06-18 11:53:00.798925: Pseudo dice [np.float32(0.7497)]
2026-06-18 11:53:00.799103: Epoch time: 53.43 s
2026-06-18 11:53:02.526190: 
2026-06-18 11:53:02.526564: Epoch 59
2026-06-18 11:53:02.526861: Current learning rate: 0.00785
2026-06-18 11:53:56.166421: train_loss -0.4217
2026-06-18 11:53:56.170457: val_loss -0.3886
2026-06-18 11:53:56.170618: Pseudo dice [np.float32(0.7594)]
2026-06-18 11:53:56.170819: Epoch time: 53.64 s
2026-06-18 11:53:57.894567: 
2026-06-18 11:53:57.895143: Epoch 60
2026-06-18 11:53:57.895341: Current learning rate: 0.00781
2026-06-18 11:54:51.058609: train_loss -0.433
2026-06-18 11:54:51.059144: val_loss -0.4637
2026-06-18 11:54:51.059307: Pseudo dice [np.float32(0.7958)]
2026-06-18 11:54:51.059505: Epoch time: 53.17 s
2026-06-18 11:54:51.059641: Yayy! New best EMA pseudo Dice: 0.761900007724762
2026-06-18 11:54:53.250424: 
2026-06-18 11:54:53.250872: Epoch 61
2026-06-18 11:54:53.251077: Current learning rate: 0.00777
2026-06-18 11:55:46.453354: train_loss -0.4145
2026-06-18 11:55:46.453830: val_loss -0.4073
2026-06-18 11:55:46.453972: Pseudo dice [np.float32(0.7722)]
2026-06-18 11:55:46.454148: Epoch time: 53.21 s
2026-06-18 11:55:46.454280: Yayy! New best EMA pseudo Dice: 0.7628999948501587
2026-06-18 11:55:48.668012: 
2026-06-18 11:55:48.668565: Epoch 62
2026-06-18 11:55:48.668887: Current learning rate: 0.00774
2026-06-18 11:56:41.926379: train_loss -0.3854
2026-06-18 11:56:41.926875: val_loss -0.3974
2026-06-18 11:56:41.927021: Pseudo dice [np.float32(0.7677)]
2026-06-18 11:56:41.927201: Epoch time: 53.26 s
2026-06-18 11:56:41.927335: Yayy! New best EMA pseudo Dice: 0.7634000182151794
2026-06-18 11:56:44.130084: 
2026-06-18 11:56:44.130555: Epoch 63
2026-06-18 11:56:44.130742: Current learning rate: 0.0077
2026-06-18 11:57:37.396762: train_loss -0.4294
2026-06-18 11:57:37.397322: val_loss -0.3317
2026-06-18 11:57:37.397467: Pseudo dice [np.float32(0.7402)]
2026-06-18 11:57:37.397645: Epoch time: 53.27 s
2026-06-18 11:57:39.091614: 
2026-06-18 11:57:39.092164: Epoch 64
2026-06-18 11:57:39.092477: Current learning rate: 0.00766
2026-06-18 11:58:32.274512: train_loss -0.4477
2026-06-18 11:58:32.275135: val_loss -0.3884
2026-06-18 11:58:32.275296: Pseudo dice [np.float32(0.7804)]
2026-06-18 11:58:32.275473: Epoch time: 53.19 s
2026-06-18 11:58:34.029357: 
2026-06-18 11:58:34.030015: Epoch 65
2026-06-18 11:58:34.030350: Current learning rate: 0.00763
2026-06-18 11:59:27.295374: train_loss -0.4376
2026-06-18 11:59:27.295934: val_loss -0.3993
2026-06-18 11:59:27.296086: Pseudo dice [np.float32(0.7743)]
2026-06-18 11:59:27.296265: Epoch time: 53.27 s
2026-06-18 11:59:27.296399: Yayy! New best EMA pseudo Dice: 0.76419997215271
2026-06-18 11:59:29.460314: 
2026-06-18 11:59:29.460707: Epoch 66
2026-06-18 11:59:29.460938: Current learning rate: 0.00759
2026-06-18 12:00:22.673846: train_loss -0.4509
2026-06-18 12:00:22.674482: val_loss -0.409
2026-06-18 12:00:22.674641: Pseudo dice [np.float32(0.7664)]
2026-06-18 12:00:22.674829: Epoch time: 53.22 s
2026-06-18 12:00:22.674964: Yayy! New best EMA pseudo Dice: 0.7644000053405762
2026-06-18 12:00:24.867792: 
2026-06-18 12:00:24.868259: Epoch 67
2026-06-18 12:00:24.868583: Current learning rate: 0.00755
2026-06-18 12:01:18.212456: train_loss -0.4598
2026-06-18 12:01:18.213156: val_loss -0.3889
2026-06-18 12:01:18.213341: Pseudo dice [np.float32(0.7642)]
2026-06-18 12:01:18.213520: Epoch time: 53.35 s
2026-06-18 12:01:20.306187: 
2026-06-18 12:01:20.306698: Epoch 68
2026-06-18 12:01:20.307099: Current learning rate: 0.00751
2026-06-18 12:02:13.539457: train_loss -0.4242
2026-06-18 12:02:13.540129: val_loss -0.3416
2026-06-18 12:02:13.540284: Pseudo dice [np.float32(0.7375)]
2026-06-18 12:02:13.540457: Epoch time: 53.24 s
2026-06-18 12:02:15.260329: 
2026-06-18 12:02:15.260914: Epoch 69
2026-06-18 12:02:15.261223: Current learning rate: 0.00748
2026-06-18 12:03:08.566944: train_loss -0.4328
2026-06-18 12:03:08.567481: val_loss -0.3884
2026-06-18 12:03:08.567626: Pseudo dice [np.float32(0.7492)]
2026-06-18 12:03:08.567822: Epoch time: 53.31 s
2026-06-18 12:03:10.284128: 
2026-06-18 12:03:10.284689: Epoch 70
2026-06-18 12:03:10.285000: Current learning rate: 0.00744
2026-06-18 12:04:03.523465: train_loss -0.4411
2026-06-18 12:04:03.527054: val_loss -0.3752
2026-06-18 12:04:03.527216: Pseudo dice [np.float32(0.7458)]
2026-06-18 12:04:03.527393: Epoch time: 53.24 s
2026-06-18 12:04:05.248377: 
2026-06-18 12:04:05.248886: Epoch 71
2026-06-18 12:04:05.249071: Current learning rate: 0.0074
2026-06-18 12:04:58.506497: train_loss -0.4228
2026-06-18 12:04:58.507093: val_loss -0.4828
2026-06-18 12:04:58.507245: Pseudo dice [np.float32(0.7981)]
2026-06-18 12:04:58.507425: Epoch time: 53.26 s
2026-06-18 12:05:00.289741: 
2026-06-18 12:05:00.290288: Epoch 72
2026-06-18 12:05:00.290637: Current learning rate: 0.00737
2026-06-18 12:05:53.532506: train_loss -0.4253
2026-06-18 12:05:53.533151: val_loss -0.3048
2026-06-18 12:05:53.533308: Pseudo dice [np.float32(0.7118)]
2026-06-18 12:05:53.533491: Epoch time: 53.25 s
2026-06-18 12:05:55.253569: 
2026-06-18 12:05:55.254261: Epoch 73
2026-06-18 12:05:55.254625: Current learning rate: 0.00733
2026-06-18 12:06:48.580565: train_loss -0.4398
2026-06-18 12:06:48.581179: val_loss -0.4262
2026-06-18 12:06:48.581321: Pseudo dice [np.float32(0.7736)]
2026-06-18 12:06:48.581506: Epoch time: 53.33 s
2026-06-18 12:06:50.306428: 
2026-06-18 12:06:50.306961: Epoch 74
2026-06-18 12:06:50.307183: Current learning rate: 0.00729
2026-06-18 12:07:43.592219: train_loss -0.4272
2026-06-18 12:07:43.593014: val_loss -0.4404
2026-06-18 12:07:43.593236: Pseudo dice [np.float32(0.7692)]
2026-06-18 12:07:43.593442: Epoch time: 53.29 s
2026-06-18 12:07:45.349356: 
2026-06-18 12:07:45.350011: Epoch 75
2026-06-18 12:07:45.350408: Current learning rate: 0.00725
2026-06-18 12:08:38.641993: train_loss -0.4465
2026-06-18 12:08:38.642567: val_loss -0.3479
2026-06-18 12:08:38.642719: Pseudo dice [np.float32(0.7444)]
2026-06-18 12:08:38.642910: Epoch time: 53.3 s
2026-06-18 12:08:40.364655: 
2026-06-18 12:08:40.365295: Epoch 76
2026-06-18 12:08:40.365616: Current learning rate: 0.00722
2026-06-18 12:09:33.790489: train_loss -0.4309
2026-06-18 12:09:33.791018: val_loss -0.3737
2026-06-18 12:09:33.791169: Pseudo dice [np.float32(0.7609)]
2026-06-18 12:09:33.792180: Epoch time: 53.43 s
2026-06-18 12:09:35.951594: 
2026-06-18 12:09:35.951932: Epoch 77
2026-06-18 12:09:35.952112: Current learning rate: 0.00718
2026-06-18 12:10:29.362641: train_loss -0.4264
2026-06-18 12:10:29.363195: val_loss -0.3176
2026-06-18 12:10:29.363346: Pseudo dice [np.float32(0.743)]
2026-06-18 12:10:29.363522: Epoch time: 53.41 s
2026-06-18 12:10:31.086977: 
2026-06-18 12:10:31.087561: Epoch 78
2026-06-18 12:10:31.087873: Current learning rate: 0.00714
2026-06-18 12:11:24.409849: train_loss -0.4212
2026-06-18 12:11:24.410350: val_loss -0.3649
2026-06-18 12:11:24.410499: Pseudo dice [np.float32(0.7482)]
2026-06-18 12:11:24.410693: Epoch time: 53.33 s
2026-06-18 12:11:26.144861: 
2026-06-18 12:11:26.145555: Epoch 79
2026-06-18 12:11:26.145902: Current learning rate: 0.0071
2026-06-18 12:12:19.396980: train_loss -0.4295
2026-06-18 12:12:19.397538: val_loss -0.3742
2026-06-18 12:12:19.397706: Pseudo dice [np.float32(0.7608)]
2026-06-18 12:12:19.397958: Epoch time: 53.26 s
2026-06-18 12:12:21.131281: 
2026-06-18 12:12:21.131691: Epoch 80
2026-06-18 12:12:21.131915: Current learning rate: 0.00707
2026-06-18 12:13:14.465423: train_loss -0.4419
2026-06-18 12:13:14.466041: val_loss -0.3533
2026-06-18 12:13:14.466208: Pseudo dice [np.float32(0.7474)]
2026-06-18 12:13:14.466408: Epoch time: 53.34 s
2026-06-18 12:13:16.204454: 
2026-06-18 12:13:16.204957: Epoch 81
2026-06-18 12:13:16.205142: Current learning rate: 0.00703
2026-06-18 12:14:09.578790: train_loss -0.4199
2026-06-18 12:14:09.579439: val_loss -0.4313
2026-06-18 12:14:09.579588: Pseudo dice [np.float32(0.7713)]
2026-06-18 12:14:09.579764: Epoch time: 53.38 s
2026-06-18 12:14:11.330025: 
2026-06-18 12:14:11.330450: Epoch 82
2026-06-18 12:14:11.330745: Current learning rate: 0.00699
2026-06-18 12:15:04.659411: train_loss -0.4391
2026-06-18 12:15:04.660294: val_loss -0.3353
2026-06-18 12:15:04.660511: Pseudo dice [np.float32(0.7526)]
2026-06-18 12:15:04.660823: Epoch time: 53.33 s
2026-06-18 12:15:06.343147: 
2026-06-18 12:15:06.343494: Epoch 83
2026-06-18 12:15:06.343698: Current learning rate: 0.00696
2026-06-18 12:15:59.578266: train_loss -0.4467
2026-06-18 12:15:59.578858: val_loss -0.3863
2026-06-18 12:15:59.579024: Pseudo dice [np.float32(0.7359)]
2026-06-18 12:15:59.579207: Epoch time: 53.24 s
2026-06-18 12:16:01.260115: 
2026-06-18 12:16:01.260476: Epoch 84
2026-06-18 12:16:01.260697: Current learning rate: 0.00692
2026-06-18 12:16:54.617699: train_loss -0.4266
2026-06-18 12:16:54.618332: val_loss -0.3611
2026-06-18 12:16:54.618484: Pseudo dice [np.float32(0.7352)]
2026-06-18 12:16:54.618669: Epoch time: 53.36 s
2026-06-18 12:16:56.294918: 
2026-06-18 12:16:56.295407: Epoch 85
2026-06-18 12:16:56.295597: Current learning rate: 0.00688
2026-06-18 12:17:49.560560: train_loss -0.4448
2026-06-18 12:17:49.561148: val_loss -0.3905
2026-06-18 12:17:49.561292: Pseudo dice [np.float32(0.7519)]
2026-06-18 12:17:49.561470: Epoch time: 53.27 s
2026-06-18 12:17:51.663188: 
2026-06-18 12:17:51.663660: Epoch 86
2026-06-18 12:17:51.663982: Current learning rate: 0.00684
2026-06-18 12:18:44.886147: train_loss -0.4577
2026-06-18 12:18:44.886747: val_loss -0.2327
2026-06-18 12:18:44.886911: Pseudo dice [np.float32(0.6918)]
2026-06-18 12:18:44.887095: Epoch time: 53.23 s
2026-06-18 12:18:46.610165: 
2026-06-18 12:18:46.610739: Epoch 87
2026-06-18 12:18:46.610998: Current learning rate: 0.0068
2026-06-18 12:19:39.948228: train_loss -0.4494
2026-06-18 12:19:39.948916: val_loss -0.3369
2026-06-18 12:19:39.949092: Pseudo dice [np.float32(0.737)]
2026-06-18 12:19:39.949280: Epoch time: 53.34 s
2026-06-18 12:19:41.632986: 
2026-06-18 12:19:41.633594: Epoch 88
2026-06-18 12:19:41.633904: Current learning rate: 0.00677
2026-06-18 12:20:35.059988: train_loss -0.4403
2026-06-18 12:20:35.060524: val_loss -0.3611
2026-06-18 12:20:35.060671: Pseudo dice [np.float32(0.7425)]
2026-06-18 12:20:35.060864: Epoch time: 53.43 s
2026-06-18 12:20:36.751195: 
2026-06-18 12:20:36.752240: Epoch 89
2026-06-18 12:20:36.752437: Current learning rate: 0.00673
2026-06-18 12:21:30.028136: train_loss -0.4484
2026-06-18 12:21:30.028861: val_loss -0.3095
2026-06-18 12:21:30.029013: Pseudo dice [np.float32(0.7272)]
2026-06-18 12:21:30.029189: Epoch time: 53.28 s
2026-06-18 12:21:31.719478: 
2026-06-18 12:21:31.720037: Epoch 90
2026-06-18 12:21:31.720342: Current learning rate: 0.00669
2026-06-18 12:22:25.046253: train_loss -0.4366
2026-06-18 12:22:25.046909: val_loss -0.2825
2026-06-18 12:22:25.047071: Pseudo dice [np.float32(0.7241)]
2026-06-18 12:22:25.047262: Epoch time: 53.33 s
2026-06-18 12:22:26.791892: 
2026-06-18 12:22:26.792616: Epoch 91
2026-06-18 12:22:26.792881: Current learning rate: 0.00665
2026-06-18 12:23:20.120719: train_loss -0.4439
2026-06-18 12:23:20.121301: val_loss -0.4273
2026-06-18 12:23:20.121446: Pseudo dice [np.float32(0.765)]
2026-06-18 12:23:20.121632: Epoch time: 53.33 s
2026-06-18 12:23:21.821277: 
2026-06-18 12:23:21.821664: Epoch 92
2026-06-18 12:23:21.821991: Current learning rate: 0.00662
2026-06-18 12:24:15.344393: train_loss -0.4546
2026-06-18 12:24:15.345233: val_loss -0.2514
2026-06-18 12:24:15.345393: Pseudo dice [np.float32(0.7175)]
2026-06-18 12:24:15.345637: Epoch time: 53.53 s
2026-06-18 12:24:17.041461: 
2026-06-18 12:24:17.042013: Epoch 93
2026-06-18 12:24:17.042324: Current learning rate: 0.00658
2026-06-18 12:25:10.381219: train_loss -0.4611
2026-06-18 12:25:10.381733: val_loss -0.3431
2026-06-18 12:25:10.381891: Pseudo dice [np.float32(0.7342)]
2026-06-18 12:25:10.382067: Epoch time: 53.34 s
2026-06-18 12:25:12.078650: 
2026-06-18 12:25:12.079198: Epoch 94
2026-06-18 12:25:12.079487: Current learning rate: 0.00654
2026-06-18 12:26:05.467926: train_loss -0.4474
2026-06-18 12:26:05.468490: val_loss -0.3646
2026-06-18 12:26:05.468635: Pseudo dice [np.float32(0.7464)]
2026-06-18 12:26:05.468821: Epoch time: 53.39 s
2026-06-18 12:26:07.603417: 
2026-06-18 12:26:07.604040: Epoch 95
2026-06-18 12:26:07.604383: Current learning rate: 0.0065
2026-06-18 12:27:00.903319: train_loss -0.453
2026-06-18 12:27:00.903870: val_loss -0.4552
2026-06-18 12:27:00.904028: Pseudo dice [np.float32(0.7879)]
2026-06-18 12:27:00.904207: Epoch time: 53.3 s
2026-06-18 12:27:02.590350: 
2026-06-18 12:27:02.591025: Epoch 96
2026-06-18 12:27:02.591398: Current learning rate: 0.00647
2026-06-18 12:27:55.956843: train_loss -0.4612
2026-06-18 12:27:55.957491: val_loss -0.369
2026-06-18 12:27:55.957643: Pseudo dice [np.float32(0.7396)]
2026-06-18 12:27:55.957831: Epoch time: 53.37 s
2026-06-18 12:27:57.662062: 
2026-06-18 12:27:57.662573: Epoch 97
2026-06-18 12:27:57.662767: Current learning rate: 0.00643
2026-06-18 12:28:50.969029: train_loss -0.4551
2026-06-18 12:28:50.969639: val_loss -0.3986
2026-06-18 12:28:50.969799: Pseudo dice [np.float32(0.771)]
2026-06-18 12:28:50.969977: Epoch time: 53.31 s
2026-06-18 12:28:52.662730: 
2026-06-18 12:28:52.663160: Epoch 98
2026-06-18 12:28:52.663365: Current learning rate: 0.00639
2026-06-18 12:29:46.066236: train_loss -0.4726
2026-06-18 12:29:46.066761: val_loss -0.4803
2026-06-18 12:29:46.066925: Pseudo dice [np.float32(0.8001)]
2026-06-18 12:29:46.067102: Epoch time: 53.41 s
2026-06-18 12:29:47.765551: 
2026-06-18 12:29:47.766027: Epoch 99
2026-06-18 12:29:47.766233: Current learning rate: 0.00635
2026-06-18 12:30:41.096716: train_loss -0.4577
2026-06-18 12:30:41.097283: val_loss -0.3311
2026-06-18 12:30:41.097429: Pseudo dice [np.float32(0.7454)]
2026-06-18 12:30:41.097603: Epoch time: 53.33 s
2026-06-18 12:30:43.386044: 
2026-06-18 12:30:43.386569: Epoch 100
2026-06-18 12:30:43.386868: Current learning rate: 0.00631
2026-06-18 12:31:36.655108: train_loss -0.4424
2026-06-18 12:31:36.655671: val_loss -0.357
2026-06-18 12:31:36.655824: Pseudo dice [np.float32(0.7544)]
2026-06-18 12:31:36.655998: Epoch time: 53.27 s
2026-06-18 12:31:38.355465: 
2026-06-18 12:31:38.355873: Epoch 101
2026-06-18 12:31:38.356045: Current learning rate: 0.00628
2026-06-18 12:32:31.636529: train_loss -0.4553
2026-06-18 12:32:31.637766: val_loss -0.3715
2026-06-18 12:32:31.637929: Pseudo dice [np.float32(0.7645)]
2026-06-18 12:32:31.638105: Epoch time: 53.28 s
2026-06-18 12:32:33.340341: 
2026-06-18 12:32:33.340742: Epoch 102
2026-06-18 12:32:33.340950: Current learning rate: 0.00624
2026-06-18 12:33:26.704698: train_loss -0.4587
2026-06-18 12:33:26.705332: val_loss -0.4093
2026-06-18 12:33:26.705579: Pseudo dice [np.float32(0.7725)]
2026-06-18 12:33:26.705761: Epoch time: 53.37 s
2026-06-18 12:33:28.414435: 
2026-06-18 12:33:28.414878: Epoch 103
2026-06-18 12:33:28.415165: Current learning rate: 0.0062
2026-06-18 12:34:21.771336: train_loss -0.3979
2026-06-18 12:34:21.771959: val_loss -0.3282
2026-06-18 12:34:21.772120: Pseudo dice [np.float32(0.7427)]
2026-06-18 12:34:21.772294: Epoch time: 53.36 s
2026-06-18 12:34:23.878777: 
2026-06-18 12:34:23.879432: Epoch 104
2026-06-18 12:34:23.879741: Current learning rate: 0.00616
2026-06-18 12:35:17.123987: train_loss -0.4112
2026-06-18 12:35:17.124612: val_loss -0.4352
2026-06-18 12:35:17.124759: Pseudo dice [np.float32(0.7835)]
2026-06-18 12:35:17.124960: Epoch time: 53.25 s
2026-06-18 12:35:18.837652: 
2026-06-18 12:35:18.838172: Epoch 105
2026-06-18 12:35:18.838351: Current learning rate: 0.00612
2026-06-18 12:36:12.100767: train_loss -0.4441
2026-06-18 12:36:12.101374: val_loss -0.3636
2026-06-18 12:36:12.101530: Pseudo dice [np.float32(0.7583)]
2026-06-18 12:36:12.101706: Epoch time: 53.27 s
2026-06-18 12:36:13.817047: 
2026-06-18 12:36:13.818405: Epoch 106
2026-06-18 12:36:13.818729: Current learning rate: 0.00609
2026-06-18 12:37:07.062720: train_loss -0.4551
2026-06-18 12:37:07.063234: val_loss -0.365
2026-06-18 12:37:07.063397: Pseudo dice [np.float32(0.7569)]
2026-06-18 12:37:07.063584: Epoch time: 53.25 s
2026-06-18 12:37:08.781010: 
2026-06-18 12:37:08.781609: Epoch 107
2026-06-18 12:37:08.781801: Current learning rate: 0.00605
2026-06-18 12:38:02.168096: train_loss -0.4659
2026-06-18 12:38:02.168630: val_loss -0.3916
2026-06-18 12:38:02.168789: Pseudo dice [np.float32(0.7632)]
2026-06-18 12:38:02.168977: Epoch time: 53.39 s
2026-06-18 12:38:03.886379: 
2026-06-18 12:38:03.886840: Epoch 108
2026-06-18 12:38:03.887032: Current learning rate: 0.00601
2026-06-18 12:38:57.230799: train_loss -0.4628
2026-06-18 12:38:57.231316: val_loss -0.3187
2026-06-18 12:38:57.231459: Pseudo dice [np.float32(0.7332)]
2026-06-18 12:38:57.231638: Epoch time: 53.35 s
2026-06-18 12:38:58.944612: 
2026-06-18 12:38:58.945126: Epoch 109
2026-06-18 12:38:58.945410: Current learning rate: 0.00597
2026-06-18 12:39:52.486479: train_loss -0.4543
2026-06-18 12:39:52.487030: val_loss -0.3395
2026-06-18 12:39:52.487183: Pseudo dice [np.float32(0.7289)]
2026-06-18 12:39:52.487367: Epoch time: 53.55 s
2026-06-18 12:39:54.188050: 
2026-06-18 12:39:54.188471: Epoch 110
2026-06-18 12:39:54.188666: Current learning rate: 0.00593
2026-06-18 12:40:47.623950: train_loss -0.4691
2026-06-18 12:40:47.624580: val_loss -0.1057
2026-06-18 12:40:47.624737: Pseudo dice [np.float32(0.6645)]
2026-06-18 12:40:47.624925: Epoch time: 53.44 s
2026-06-18 12:40:49.379928: 
2026-06-18 12:40:49.380471: Epoch 111
2026-06-18 12:40:49.380881: Current learning rate: 0.0059
2026-06-18 12:41:42.961985: train_loss -0.4637
2026-06-18 12:41:42.962453: val_loss -0.3702
2026-06-18 12:41:42.962605: Pseudo dice [np.float32(0.7616)]
2026-06-18 12:41:42.962790: Epoch time: 53.59 s
2026-06-18 12:41:44.712808: 
2026-06-18 12:41:44.713531: Epoch 112
2026-06-18 12:41:44.713886: Current learning rate: 0.00586
2026-06-18 12:42:38.112900: train_loss -0.4598
2026-06-18 12:42:38.113540: val_loss -0.4331
2026-06-18 12:42:38.113710: Pseudo dice [np.float32(0.7827)]
2026-06-18 12:42:38.113897: Epoch time: 53.4 s
2026-06-18 12:42:40.197280: 
2026-06-18 12:42:40.197823: Epoch 113
2026-06-18 12:42:40.198123: Current learning rate: 0.00582
2026-06-18 12:43:33.503548: train_loss -0.4604
2026-06-18 12:43:33.504127: val_loss -0.4169
2026-06-18 12:43:33.504278: Pseudo dice [np.float32(0.7676)]
2026-06-18 12:43:33.505198: Epoch time: 53.31 s
2026-06-18 12:43:35.183094: 
2026-06-18 12:43:35.183546: Epoch 114
2026-06-18 12:43:35.183747: Current learning rate: 0.00578
2026-06-18 12:44:28.681382: train_loss -0.457
2026-06-18 12:44:28.681924: val_loss -0.4444
2026-06-18 12:44:28.682081: Pseudo dice [np.float32(0.7771)]
2026-06-18 12:44:28.682280: Epoch time: 53.5 s
2026-06-18 12:44:30.367220: 
2026-06-18 12:44:30.367663: Epoch 115
2026-06-18 12:44:30.367862: Current learning rate: 0.00574
2026-06-18 12:45:23.849424: train_loss -0.4721
2026-06-18 12:45:23.850158: val_loss -0.3526
2026-06-18 12:45:23.850305: Pseudo dice [np.float32(0.7416)]
2026-06-18 12:45:23.850483: Epoch time: 53.49 s
2026-06-18 12:45:25.556050: 
2026-06-18 12:45:25.556566: Epoch 116
2026-06-18 12:45:25.556815: Current learning rate: 0.0057
2026-06-18 12:46:19.052734: train_loss -0.4345
2026-06-18 12:46:19.053327: val_loss -0.3335
2026-06-18 12:46:19.053499: Pseudo dice [np.float32(0.7466)]
2026-06-18 12:46:19.053686: Epoch time: 53.5 s
2026-06-18 12:46:20.769743: 
2026-06-18 12:46:20.770220: Epoch 117
2026-06-18 12:46:20.770400: Current learning rate: 0.00567
2026-06-18 12:47:14.084584: train_loss -0.4135
2026-06-18 12:47:14.085117: val_loss -0.4153
2026-06-18 12:47:14.085261: Pseudo dice [np.float32(0.7746)]
2026-06-18 12:47:14.085440: Epoch time: 53.32 s
2026-06-18 12:47:15.786033: 
2026-06-18 12:47:15.786397: Epoch 118
2026-06-18 12:47:15.786587: Current learning rate: 0.00563
2026-06-18 12:48:09.111234: train_loss -0.448
2026-06-18 12:48:09.111876: val_loss -0.2302
2026-06-18 12:48:09.112030: Pseudo dice [np.float32(0.6957)]
2026-06-18 12:48:09.112213: Epoch time: 53.33 s
2026-06-18 12:48:10.821692: 
2026-06-18 12:48:10.822221: Epoch 119
2026-06-18 12:48:10.822405: Current learning rate: 0.00559
2026-06-18 12:49:04.136090: train_loss -0.4595
2026-06-18 12:49:04.136731: val_loss -0.3661
2026-06-18 12:49:04.136887: Pseudo dice [np.float32(0.7467)]
2026-06-18 12:49:04.137064: Epoch time: 53.32 s
2026-06-18 12:49:05.891827: 
2026-06-18 12:49:05.892408: Epoch 120
2026-06-18 12:49:05.892718: Current learning rate: 0.00555
2026-06-18 12:49:59.164655: train_loss -0.439
2026-06-18 12:49:59.165336: val_loss -0.2029
2026-06-18 12:49:59.165485: Pseudo dice [np.float32(0.6998)]
2026-06-18 12:49:59.165659: Epoch time: 53.28 s
2026-06-18 12:50:00.877828: 
2026-06-18 12:50:00.878275: Epoch 121
2026-06-18 12:50:00.878469: Current learning rate: 0.00551
2026-06-18 12:50:54.251890: train_loss -0.454
2026-06-18 12:50:54.252397: val_loss -0.2014
2026-06-18 12:50:54.252544: Pseudo dice [np.float32(0.682)]
2026-06-18 12:50:54.252724: Epoch time: 53.38 s
2026-06-18 12:50:56.367959: 
2026-06-18 12:50:56.368314: Epoch 122
2026-06-18 12:50:56.368495: Current learning rate: 0.00547
2026-06-18 12:51:49.656686: train_loss -0.4782
2026-06-18 12:51:49.657272: val_loss -0.2329
2026-06-18 12:51:49.657424: Pseudo dice [np.float32(0.694)]
2026-06-18 12:51:49.657603: Epoch time: 53.29 s
2026-06-18 12:51:51.358658: 
2026-06-18 12:51:51.359267: Epoch 123
2026-06-18 12:51:51.359460: Current learning rate: 0.00544
2026-06-18 12:52:44.493172: train_loss -0.4712
2026-06-18 12:52:44.493679: val_loss -0.3549
2026-06-18 12:52:44.493830: Pseudo dice [np.float32(0.7526)]
2026-06-18 12:52:44.494016: Epoch time: 53.14 s
2026-06-18 12:52:46.190413: 
2026-06-18 12:52:46.191144: Epoch 124
2026-06-18 12:52:46.191449: Current learning rate: 0.0054
2026-06-18 12:53:39.344832: train_loss -0.4689
2026-06-18 12:53:39.345339: val_loss -0.3701
2026-06-18 12:53:39.345481: Pseudo dice [np.float32(0.7498)]
2026-06-18 12:53:39.345653: Epoch time: 53.16 s
2026-06-18 12:53:41.080591: 
2026-06-18 12:53:41.081261: Epoch 125
2026-06-18 12:53:41.081733: Current learning rate: 0.00536
2026-06-18 12:54:34.344505: train_loss -0.473
2026-06-18 12:54:34.345039: val_loss -0.3159
2026-06-18 12:54:34.345184: Pseudo dice [np.float32(0.7441)]
2026-06-18 12:54:34.345374: Epoch time: 53.27 s
2026-06-18 12:54:36.048591: 
2026-06-18 12:54:36.048953: Epoch 126
2026-06-18 12:54:36.049145: Current learning rate: 0.00532
2026-06-18 12:55:29.242758: train_loss -0.4731
2026-06-18 12:55:29.243320: val_loss -0.3671
2026-06-18 12:55:29.243490: Pseudo dice [np.float32(0.7723)]
2026-06-18 12:55:29.243673: Epoch time: 53.2 s
2026-06-18 12:55:30.944400: 
2026-06-18 12:55:30.944796: Epoch 127
2026-06-18 12:55:30.945006: Current learning rate: 0.00528
2026-06-18 12:56:24.198987: train_loss -0.4706
2026-06-18 12:56:24.199549: val_loss -0.3678
2026-06-18 12:56:24.199694: Pseudo dice [np.float32(0.7569)]
2026-06-18 12:56:24.199879: Epoch time: 53.26 s
2026-06-18 12:56:25.915088: 
2026-06-18 12:56:25.915609: Epoch 128
2026-06-18 12:56:25.915807: Current learning rate: 0.00524
2026-06-18 12:57:19.096686: train_loss -0.4442
2026-06-18 12:57:19.097123: val_loss -0.3713
2026-06-18 12:57:19.097280: Pseudo dice [np.float32(0.7653)]
2026-06-18 12:57:19.097459: Epoch time: 53.18 s
2026-06-18 12:57:20.789480: 
2026-06-18 12:57:20.789919: Epoch 129
2026-06-18 12:57:20.790123: Current learning rate: 0.0052
2026-06-18 12:58:14.329762: train_loss -0.4669
2026-06-18 12:58:14.330386: val_loss -0.4071
2026-06-18 12:58:14.330533: Pseudo dice [np.float32(0.7674)]
2026-06-18 12:58:14.330714: Epoch time: 53.54 s
2026-06-18 12:58:16.053434: 
2026-06-18 12:58:16.053889: Epoch 130
2026-06-18 12:58:16.054114: Current learning rate: 0.00517
2026-06-18 12:59:09.555516: train_loss -0.4743
2026-06-18 12:59:09.556052: val_loss -0.2456
2026-06-18 12:59:09.556200: Pseudo dice [np.float32(0.7151)]
2026-06-18 12:59:09.556377: Epoch time: 53.51 s
2026-06-18 12:59:11.282529: 
2026-06-18 12:59:11.282915: Epoch 131
2026-06-18 12:59:11.283928: Current learning rate: 0.00513
2026-06-18 13:00:04.819284: train_loss -0.4928
2026-06-18 13:00:04.819829: val_loss -0.3494
2026-06-18 13:00:04.819984: Pseudo dice [np.float32(0.7491)]
2026-06-18 13:00:04.820169: Epoch time: 53.54 s
2026-06-18 13:00:06.956747: 
2026-06-18 13:00:06.957193: Epoch 132
2026-06-18 13:00:06.957386: Current learning rate: 0.00509
2026-06-18 13:01:00.493056: train_loss -0.4667
2026-06-18 13:01:00.493636: val_loss -0.2765
2026-06-18 13:01:00.493804: Pseudo dice [np.float32(0.7351)]
2026-06-18 13:01:00.493993: Epoch time: 53.54 s
2026-06-18 13:01:02.211236: 
2026-06-18 13:01:02.211699: Epoch 133
2026-06-18 13:01:02.212007: Current learning rate: 0.00505
2026-06-18 13:01:55.905323: train_loss -0.4795
2026-06-18 13:01:55.906406: val_loss -0.3044
2026-06-18 13:01:55.906791: Pseudo dice [np.float32(0.733)]
2026-06-18 13:01:55.907259: Epoch time: 53.7 s
2026-06-18 13:01:57.632538: 
2026-06-18 13:01:57.632932: Epoch 134
2026-06-18 13:01:57.633126: Current learning rate: 0.00501
2026-06-18 13:02:51.186846: train_loss -0.4626
2026-06-18 13:02:51.187476: val_loss -0.3869
2026-06-18 13:02:51.187624: Pseudo dice [np.float32(0.7705)]
2026-06-18 13:02:51.187815: Epoch time: 53.56 s
2026-06-18 13:02:52.929728: 
2026-06-18 13:02:52.930406: Epoch 135
2026-06-18 13:02:52.930718: Current learning rate: 0.00497
2026-06-18 13:03:46.783186: train_loss -0.4765
2026-06-18 13:03:46.783742: val_loss -0.4367
2026-06-18 13:03:46.783904: Pseudo dice [np.float32(0.7811)]
2026-06-18 13:03:46.784130: Epoch time: 53.86 s
2026-06-18 13:03:48.515036: 
2026-06-18 13:03:48.515560: Epoch 136
2026-06-18 13:03:48.515794: Current learning rate: 0.00493
2026-06-18 13:04:42.406288: train_loss -0.4814
2026-06-18 13:04:42.406793: val_loss -0.3048
2026-06-18 13:04:42.406947: Pseudo dice [np.float32(0.7207)]
2026-06-18 13:04:42.407124: Epoch time: 53.89 s
2026-06-18 13:04:44.127162: 
2026-06-18 13:04:44.127579: Epoch 137
2026-06-18 13:04:44.127817: Current learning rate: 0.00489
2026-06-18 13:05:37.702887: train_loss -0.4684
2026-06-18 13:05:37.703954: val_loss -0.3166
2026-06-18 13:05:37.704163: Pseudo dice [np.float32(0.7366)]
2026-06-18 13:05:37.704370: Epoch time: 53.58 s
2026-06-18 13:05:39.440122: 
2026-06-18 13:05:39.440609: Epoch 138
2026-06-18 13:05:39.440891: Current learning rate: 0.00485
2026-06-18 13:06:33.311772: train_loss -0.453
2026-06-18 13:06:33.312309: val_loss -0.2728
2026-06-18 13:06:33.312475: Pseudo dice [np.float32(0.7314)]
2026-06-18 13:06:33.312674: Epoch time: 53.87 s
2026-06-18 13:06:35.046006: 
2026-06-18 13:06:35.046556: Epoch 139
2026-06-18 13:06:35.046846: Current learning rate: 0.00482
2026-06-18 13:07:28.791796: train_loss -0.4685
2026-06-18 13:07:28.792397: val_loss -0.2912
2026-06-18 13:07:28.792563: Pseudo dice [np.float32(0.7241)]
2026-06-18 13:07:28.792744: Epoch time: 53.75 s
2026-06-18 13:07:30.520690: 
2026-06-18 13:07:30.521210: Epoch 140
2026-06-18 13:07:30.521538: Current learning rate: 0.00478
2026-06-18 13:08:24.420734: train_loss -0.4794
2026-06-18 13:08:24.421379: val_loss -0.3237
2026-06-18 13:08:24.421527: Pseudo dice [np.float32(0.7442)]
2026-06-18 13:08:24.421701: Epoch time: 53.9 s
2026-06-18 13:08:26.148726: 
2026-06-18 13:08:26.149182: Epoch 141
2026-06-18 13:08:26.149372: Current learning rate: 0.00474
2026-06-18 13:09:19.721045: train_loss -0.4812
2026-06-18 13:09:19.721668: val_loss -0.3735
2026-06-18 13:09:19.721859: Pseudo dice [np.float32(0.7626)]
2026-06-18 13:09:19.722062: Epoch time: 53.58 s
2026-06-18 13:09:21.447677: 
2026-06-18 13:09:21.448033: Epoch 142
2026-06-18 13:09:21.448221: Current learning rate: 0.0047
2026-06-18 13:10:15.456861: train_loss -0.4522
2026-06-18 13:10:15.457497: val_loss -0.3631
2026-06-18 13:10:15.457654: Pseudo dice [np.float32(0.7471)]
2026-06-18 13:10:15.457844: Epoch time: 54.01 s
2026-06-18 13:10:17.176751: 
2026-06-18 13:10:17.177352: Epoch 143
2026-06-18 13:10:17.177557: Current learning rate: 0.00466
2026-06-18 13:11:10.516622: train_loss -0.474
2026-06-18 13:11:10.517288: val_loss -0.3583
2026-06-18 13:11:10.517442: Pseudo dice [np.float32(0.7602)]
2026-06-18 13:11:10.517621: Epoch time: 53.34 s
2026-06-18 13:11:12.254038: 
2026-06-18 13:11:12.254423: Epoch 144
2026-06-18 13:11:12.254717: Current learning rate: 0.00462
2026-06-18 13:12:06.015496: train_loss -0.4879
2026-06-18 13:12:06.016225: val_loss -0.2822
2026-06-18 13:12:06.016382: Pseudo dice [np.float32(0.7326)]
2026-06-18 13:12:06.016611: Epoch time: 53.76 s
2026-06-18 13:12:07.756484: 
2026-06-18 13:12:07.756891: Epoch 145
2026-06-18 13:12:07.757182: Current learning rate: 0.00458
2026-06-18 13:13:01.484770: train_loss -0.482
2026-06-18 13:13:01.485253: val_loss -0.4004
2026-06-18 13:13:01.485396: Pseudo dice [np.float32(0.7672)]
2026-06-18 13:13:01.485573: Epoch time: 53.73 s
2026-06-18 13:13:03.214880: 
2026-06-18 13:13:03.215174: Epoch 146
2026-06-18 13:13:03.215349: Current learning rate: 0.00454
2026-06-18 13:13:57.283660: train_loss -0.4733
2026-06-18 13:13:57.284145: val_loss -0.3142
2026-06-18 13:13:57.284504: Pseudo dice [np.float32(0.7534)]
2026-06-18 13:13:57.284755: Epoch time: 54.07 s
2026-06-18 13:13:59.027114: 
2026-06-18 13:13:59.027650: Epoch 147
2026-06-18 13:13:59.027855: Current learning rate: 0.0045
2026-06-18 13:14:52.974176: train_loss -0.4386
2026-06-18 13:14:52.974976: val_loss -0.3605
2026-06-18 13:14:52.975145: Pseudo dice [np.float32(0.7396)]
2026-06-18 13:14:52.975330: Epoch time: 53.95 s
2026-06-18 13:14:54.712947: 
2026-06-18 13:14:54.713439: Epoch 148
2026-06-18 13:14:54.713644: Current learning rate: 0.00446
2026-06-18 13:15:48.581594: train_loss -0.4405
2026-06-18 13:15:48.582124: val_loss -0.2845
2026-06-18 13:15:48.582339: Pseudo dice [np.float32(0.7326)]
2026-06-18 13:15:48.582518: Epoch time: 53.87 s
2026-06-18 13:15:50.759761: 
2026-06-18 13:15:50.760205: Epoch 149
2026-06-18 13:15:50.760399: Current learning rate: 0.00442
2026-06-18 13:16:44.682843: train_loss -0.47
2026-06-18 13:16:44.683528: val_loss -0.3439
2026-06-18 13:16:44.683679: Pseudo dice [np.float32(0.7385)]
2026-06-18 13:16:44.683865: Epoch time: 53.93 s
2026-06-18 13:16:46.968949: 
2026-06-18 13:16:46.969345: Epoch 150
2026-06-18 13:16:46.969531: Current learning rate: 0.00438
2026-06-18 13:17:40.946836: train_loss -0.4703
2026-06-18 13:17:40.947363: val_loss -0.4111
2026-06-18 13:17:40.966413: Pseudo dice [np.float32(0.7782)]
2026-06-18 13:17:40.966666: Epoch time: 53.98 s
2026-06-18 13:17:43.233063: 
2026-06-18 13:17:43.233459: Epoch 151
2026-06-18 13:17:43.233651: Current learning rate: 0.00434
2026-06-18 13:18:37.050851: train_loss -0.4658
2026-06-18 13:18:37.051428: val_loss -0.3516
2026-06-18 13:18:37.051584: Pseudo dice [np.float32(0.7426)]
2026-06-18 13:18:37.051765: Epoch time: 53.82 s
2026-06-18 13:18:38.800272: 
2026-06-18 13:18:38.800813: Epoch 152
2026-06-18 13:18:38.801130: Current learning rate: 0.0043
2026-06-18 13:19:32.530198: train_loss -0.4748
2026-06-18 13:19:32.530713: val_loss -0.3556
2026-06-18 13:19:32.530876: Pseudo dice [np.float32(0.747)]
2026-06-18 13:19:32.531053: Epoch time: 53.73 s
2026-06-18 13:19:34.265398: 
2026-06-18 13:19:34.265872: Epoch 153
2026-06-18 13:19:34.266168: Current learning rate: 0.00427
2026-06-18 13:20:27.913794: train_loss -0.4587
2026-06-18 13:20:27.914320: val_loss -0.2652
2026-06-18 13:20:27.914469: Pseudo dice [np.float32(0.7151)]
2026-06-18 13:20:27.914650: Epoch time: 53.65 s
2026-06-18 13:20:29.673794: 
2026-06-18 13:20:29.674302: Epoch 154
2026-06-18 13:20:29.674507: Current learning rate: 0.00423
2026-06-18 13:21:23.292870: train_loss -0.4739
2026-06-18 13:21:23.293396: val_loss -0.3329
2026-06-18 13:21:23.293545: Pseudo dice [np.float32(0.7426)]
2026-06-18 13:21:23.293871: Epoch time: 53.62 s
2026-06-18 13:21:25.055296: 
2026-06-18 13:21:25.055844: Epoch 155
2026-06-18 13:21:25.056175: Current learning rate: 0.00419
2026-06-18 13:22:19.086790: train_loss -0.4713
2026-06-18 13:22:19.087392: val_loss -0.3607
2026-06-18 13:22:19.087542: Pseudo dice [np.float32(0.7526)]
2026-06-18 13:22:19.087730: Epoch time: 54.03 s
2026-06-18 13:22:20.851123: 
2026-06-18 13:22:20.851627: Epoch 156
2026-06-18 13:22:20.852329: Current learning rate: 0.00415
2026-06-18 13:23:14.776719: train_loss -0.4913
2026-06-18 13:23:14.777361: val_loss -0.4486
2026-06-18 13:23:14.777510: Pseudo dice [np.float32(0.7924)]
2026-06-18 13:23:14.777686: Epoch time: 53.93 s
2026-06-18 13:23:16.923753: 
2026-06-18 13:23:16.924399: Epoch 157
2026-06-18 13:23:16.924736: Current learning rate: 0.00411
2026-06-18 13:24:11.224490: train_loss -0.4644
2026-06-18 13:24:11.228457: val_loss -0.2754
2026-06-18 13:24:11.228609: Pseudo dice [np.float32(0.7263)]
2026-06-18 13:24:11.228794: Epoch time: 54.3 s
2026-06-18 13:24:12.992603: 
2026-06-18 13:24:12.993282: Epoch 158
2026-06-18 13:24:12.993510: Current learning rate: 0.00407
2026-06-18 13:25:06.783251: train_loss -0.4775
2026-06-18 13:25:06.783838: val_loss -0.3757
2026-06-18 13:25:06.783988: Pseudo dice [np.float32(0.7637)]
2026-06-18 13:25:06.784174: Epoch time: 53.79 s
2026-06-18 13:25:08.541696: 
2026-06-18 13:25:08.542388: Epoch 159
2026-06-18 13:25:08.542750: Current learning rate: 0.00403
2026-06-18 13:26:02.191789: train_loss -0.4819
2026-06-18 13:26:02.192335: val_loss -0.2563
2026-06-18 13:26:02.192504: Pseudo dice [np.float32(0.7172)]
2026-06-18 13:26:02.192683: Epoch time: 53.65 s
2026-06-18 13:26:03.948770: 
2026-06-18 13:26:03.949187: Epoch 160
2026-06-18 13:26:03.949363: Current learning rate: 0.00399
2026-06-18 13:26:57.883419: train_loss -0.4724
2026-06-18 13:26:57.884025: val_loss -0.3902
2026-06-18 13:26:57.884178: Pseudo dice [np.float32(0.7709)]
2026-06-18 13:26:57.884378: Epoch time: 53.94 s
2026-06-18 13:26:59.656411: 
2026-06-18 13:26:59.656983: Epoch 161
2026-06-18 13:26:59.657178: Current learning rate: 0.00395
2026-06-18 13:27:53.286867: train_loss -0.4567
2026-06-18 13:27:53.287575: val_loss -0.2804
2026-06-18 13:27:53.287728: Pseudo dice [np.float32(0.7337)]
2026-06-18 13:27:53.287922: Epoch time: 53.63 s
2026-06-18 13:27:55.032907: 
2026-06-18 13:27:55.033428: Epoch 162
2026-06-18 13:27:55.033743: Current learning rate: 0.00391
2026-06-18 13:28:48.569204: train_loss -0.4784
2026-06-18 13:28:48.569803: val_loss -0.4154
2026-06-18 13:28:48.569951: Pseudo dice [np.float32(0.7707)]
2026-06-18 13:28:48.583287: Epoch time: 53.54 s
2026-06-18 13:28:50.335463: 
2026-06-18 13:28:50.335932: Epoch 163
2026-06-18 13:28:50.336178: Current learning rate: 0.00387
2026-06-18 13:29:43.671463: train_loss -0.4664
2026-06-18 13:29:43.672120: val_loss -0.3421
2026-06-18 13:29:43.672269: Pseudo dice [np.float32(0.7588)]
2026-06-18 13:29:43.672449: Epoch time: 53.34 s
2026-06-18 13:29:45.468579: 
2026-06-18 13:29:45.469065: Epoch 164
2026-06-18 13:29:45.469266: Current learning rate: 0.00383
2026-06-18 13:30:38.771653: train_loss -0.4596
2026-06-18 13:30:38.772205: val_loss -0.4026
2026-06-18 13:30:38.772381: Pseudo dice [np.float32(0.7652)]
2026-06-18 13:30:38.772577: Epoch time: 53.31 s
2026-06-18 13:30:40.517214: 
2026-06-18 13:30:40.517579: Epoch 165
2026-06-18 13:30:40.517933: Current learning rate: 0.00379
2026-06-18 13:31:33.932674: train_loss -0.4583
2026-06-18 13:31:33.933345: val_loss -0.2592
2026-06-18 13:31:33.933496: Pseudo dice [np.float32(0.7214)]
2026-06-18 13:31:33.933713: Epoch time: 53.42 s
2026-06-18 13:31:36.103456: 
2026-06-18 13:31:36.104033: Epoch 166
2026-06-18 13:31:36.104312: Current learning rate: 0.00375
2026-06-18 13:32:29.527487: train_loss -0.4905
2026-06-18 13:32:29.528050: val_loss -0.3397
2026-06-18 13:32:29.528214: Pseudo dice [np.float32(0.7511)]
2026-06-18 13:32:29.528394: Epoch time: 53.43 s
2026-06-18 13:32:31.254381: 
2026-06-18 13:32:31.254750: Epoch 167
2026-06-18 13:32:31.254956: Current learning rate: 0.00371
2026-06-18 13:33:24.614221: train_loss -0.4928
2026-06-18 13:33:24.614783: val_loss -0.3814
2026-06-18 13:33:24.614934: Pseudo dice [np.float32(0.761)]
2026-06-18 13:33:24.615112: Epoch time: 53.36 s
2026-06-18 13:33:26.362586: 
2026-06-18 13:33:26.363198: Epoch 168
2026-06-18 13:33:26.363500: Current learning rate: 0.00367
2026-06-18 13:34:19.732721: train_loss -0.4715
2026-06-18 13:34:19.733395: val_loss -0.3611
2026-06-18 13:34:19.733585: Pseudo dice [np.float32(0.7507)]
2026-06-18 13:34:19.733766: Epoch time: 53.37 s
2026-06-18 13:34:21.475095: 
2026-06-18 13:34:21.475634: Epoch 169
2026-06-18 13:34:21.475951: Current learning rate: 0.00363
2026-06-18 13:35:15.059634: train_loss -0.4724
2026-06-18 13:35:15.060159: val_loss -0.3907
2026-06-18 13:35:15.060311: Pseudo dice [np.float32(0.7684)]
2026-06-18 13:35:15.060488: Epoch time: 53.59 s
2026-06-18 13:35:16.795034: 
2026-06-18 13:35:16.795608: Epoch 170
2026-06-18 13:35:16.795949: Current learning rate: 0.00359
2026-06-18 13:36:10.309187: train_loss -0.4649
2026-06-18 13:36:10.309844: val_loss -0.3211
2026-06-18 13:36:10.309990: Pseudo dice [np.float32(0.7304)]
2026-06-18 13:36:10.310188: Epoch time: 53.52 s
2026-06-18 13:36:12.065109: 
2026-06-18 13:36:12.065642: Epoch 171
2026-06-18 13:36:12.065926: Current learning rate: 0.00355
2026-06-18 13:37:05.608134: train_loss -0.4694
2026-06-18 13:37:05.608720: val_loss -0.3099
2026-06-18 13:37:05.608875: Pseudo dice [np.float32(0.7458)]
2026-06-18 13:37:05.609056: Epoch time: 53.55 s
2026-06-18 13:37:07.354152: 
2026-06-18 13:37:07.354590: Epoch 172
2026-06-18 13:37:07.354908: Current learning rate: 0.00351
2026-06-18 13:38:00.762996: train_loss -0.4994
2026-06-18 13:38:00.763406: val_loss -0.3646
2026-06-18 13:38:00.763545: Pseudo dice [np.float32(0.7533)]
2026-06-18 13:38:00.763728: Epoch time: 53.41 s
2026-06-18 13:38:02.496205: 
2026-06-18 13:38:02.496601: Epoch 173
2026-06-18 13:38:02.496793: Current learning rate: 0.00346
2026-06-18 13:38:56.115908: train_loss -0.4569
2026-06-18 13:38:56.116470: val_loss -0.302
2026-06-18 13:38:56.116643: Pseudo dice [np.float32(0.7369)]
2026-06-18 13:38:56.116827: Epoch time: 53.62 s
2026-06-18 13:38:57.854515: 
2026-06-18 13:38:57.855080: Epoch 174
2026-06-18 13:38:57.855391: Current learning rate: 0.00342
2026-06-18 13:39:51.141241: train_loss -0.484
2026-06-18 13:39:51.141740: val_loss -0.3198
2026-06-18 13:39:51.141899: Pseudo dice [np.float32(0.7454)]
2026-06-18 13:39:51.142074: Epoch time: 53.29 s
2026-06-18 13:39:53.286662: 
2026-06-18 13:39:53.310511: Epoch 175
2026-06-18 13:39:53.310855: Current learning rate: 0.00338
2026-06-18 13:40:46.957531: train_loss -0.4855
2026-06-18 13:40:46.958023: val_loss -0.4282
2026-06-18 13:40:46.958166: Pseudo dice [np.float32(0.7687)]
2026-06-18 13:40:46.958336: Epoch time: 53.67 s
2026-06-18 13:40:48.695570: 
2026-06-18 13:40:48.695955: Epoch 176
2026-06-18 13:40:48.696142: Current learning rate: 0.00334
2026-06-18 13:41:42.189781: train_loss -0.4863
2026-06-18 13:41:42.190353: val_loss -0.3573
2026-06-18 13:41:42.190498: Pseudo dice [np.float32(0.7612)]
2026-06-18 13:41:42.190668: Epoch time: 53.5 s
2026-06-18 13:41:43.927948: 
2026-06-18 13:41:43.928430: Epoch 177
2026-06-18 13:41:43.928681: Current learning rate: 0.0033
2026-06-18 13:42:37.297450: train_loss -0.4681
2026-06-18 13:42:37.298127: val_loss -0.3873
2026-06-18 13:42:37.298274: Pseudo dice [np.float32(0.7676)]
2026-06-18 13:42:37.298473: Epoch time: 53.37 s
2026-06-18 13:42:39.060644: 
2026-06-18 13:42:39.061178: Epoch 178
2026-06-18 13:42:39.061485: Current learning rate: 0.00326
2026-06-18 13:43:32.544090: train_loss -0.4634
2026-06-18 13:43:32.544560: val_loss -0.3027
2026-06-18 13:43:32.544712: Pseudo dice [np.float32(0.7334)]
2026-06-18 13:43:32.544897: Epoch time: 53.49 s
2026-06-18 13:43:34.284777: 
2026-06-18 13:43:34.285244: Epoch 179
2026-06-18 13:43:34.285445: Current learning rate: 0.00322
2026-06-18 13:44:27.908550: train_loss -0.4512
2026-06-18 13:44:27.909259: val_loss -0.3932
2026-06-18 13:44:27.909413: Pseudo dice [np.float32(0.7713)]
2026-06-18 13:44:27.909595: Epoch time: 53.63 s
2026-06-18 13:44:29.665852: 
2026-06-18 13:44:29.666410: Epoch 180
2026-06-18 13:44:29.666763: Current learning rate: 0.00318
2026-06-18 13:45:23.147144: train_loss -0.4769
2026-06-18 13:45:23.147831: val_loss -0.3693
2026-06-18 13:45:23.147985: Pseudo dice [np.float32(0.7693)]
2026-06-18 13:45:23.148157: Epoch time: 53.48 s
2026-06-18 13:45:24.893712: 
2026-06-18 13:45:24.894301: Epoch 181
2026-06-18 13:45:24.894521: Current learning rate: 0.00314
2026-06-18 13:46:18.242859: train_loss -0.4805
2026-06-18 13:46:18.243572: val_loss -0.3836
2026-06-18 13:46:18.243726: Pseudo dice [np.float32(0.7786)]
2026-06-18 13:46:18.243924: Epoch time: 53.35 s
2026-06-18 13:46:20.005988: 
2026-06-18 13:46:20.006474: Epoch 182
2026-06-18 13:46:20.006688: Current learning rate: 0.0031
2026-06-18 13:47:13.350506: train_loss -0.5013
2026-06-18 13:47:13.351070: val_loss -0.3137
2026-06-18 13:47:13.351225: Pseudo dice [np.float32(0.7371)]
2026-06-18 13:47:13.351397: Epoch time: 53.35 s
2026-06-18 13:47:15.108225: 
2026-06-18 13:47:15.108645: Epoch 183
2026-06-18 13:47:15.109029: Current learning rate: 0.00306
2026-06-18 13:48:08.994388: train_loss -0.478
2026-06-18 13:48:08.995196: val_loss -0.3093
2026-06-18 13:48:08.995437: Pseudo dice [np.float32(0.7499)]
2026-06-18 13:48:08.995622: Epoch time: 53.89 s
2026-06-18 13:48:10.762470: 
2026-06-18 13:48:10.762979: Epoch 184
2026-06-18 13:48:10.763284: Current learning rate: 0.00302
2026-06-18 13:49:04.346184: train_loss -0.4732
2026-06-18 13:49:04.346708: val_loss -0.336
2026-06-18 13:49:04.346859: Pseudo dice [np.float32(0.7584)]
2026-06-18 13:49:04.347035: Epoch time: 53.59 s
2026-06-18 13:49:06.093870: 
2026-06-18 13:49:06.094381: Epoch 185
2026-06-18 13:49:06.094572: Current learning rate: 0.00297
2026-06-18 13:49:59.606347: train_loss -0.4815
2026-06-18 13:49:59.606883: val_loss -0.3583
2026-06-18 13:49:59.607045: Pseudo dice [np.float32(0.749)]
2026-06-18 13:49:59.607230: Epoch time: 53.52 s
2026-06-18 13:50:01.342446: 
2026-06-18 13:50:01.342876: Epoch 186
2026-06-18 13:50:01.343057: Current learning rate: 0.00293
2026-06-18 13:50:54.807362: train_loss -0.4929
2026-06-18 13:50:54.807890: val_loss -0.398
2026-06-18 13:50:54.808034: Pseudo dice [np.float32(0.7799)]
2026-06-18 13:50:54.808213: Epoch time: 53.47 s
2026-06-18 13:50:56.558150: 
2026-06-18 13:50:56.558736: Epoch 187
2026-06-18 13:50:56.559074: Current learning rate: 0.00289
2026-06-18 13:51:49.863187: train_loss -0.4821
2026-06-18 13:51:49.863784: val_loss -0.2633
2026-06-18 13:51:49.863952: Pseudo dice [np.float32(0.7368)]
2026-06-18 13:51:49.864134: Epoch time: 53.31 s
2026-06-18 13:51:51.713229: 
2026-06-18 13:51:51.713664: Epoch 188
2026-06-18 13:51:51.713952: Current learning rate: 0.00285
2026-06-18 13:52:45.133798: train_loss -0.4786
2026-06-18 13:52:45.134347: val_loss -0.3484
2026-06-18 13:52:45.134496: Pseudo dice [np.float32(0.7496)]
2026-06-18 13:52:45.134672: Epoch time: 53.42 s
2026-06-18 13:52:46.876932: 
2026-06-18 13:52:46.877503: Epoch 189
2026-06-18 13:52:46.877836: Current learning rate: 0.00281
2026-06-18 13:53:40.254297: train_loss -0.4875
2026-06-18 13:53:40.254973: val_loss -0.3313
2026-06-18 13:53:40.255118: Pseudo dice [np.float32(0.7432)]
2026-06-18 13:53:40.255298: Epoch time: 53.38 s
2026-06-18 13:53:42.010828: 
2026-06-18 13:53:42.011195: Epoch 190
2026-06-18 13:53:42.011507: Current learning rate: 0.00277
2026-06-18 13:54:35.581100: train_loss -0.4911
2026-06-18 13:54:35.581669: val_loss -0.2775
2026-06-18 13:54:35.581948: Pseudo dice [np.float32(0.7341)]
2026-06-18 13:54:35.582191: Epoch time: 53.57 s
2026-06-18 13:54:37.333562: 
2026-06-18 13:54:37.334239: Epoch 191
2026-06-18 13:54:37.334554: Current learning rate: 0.00273
2026-06-18 13:55:30.748456: train_loss -0.4911
2026-06-18 13:55:30.749234: val_loss -0.3527
2026-06-18 13:55:30.749386: Pseudo dice [np.float32(0.7624)]
2026-06-18 13:55:30.749569: Epoch time: 53.42 s
2026-06-18 13:55:32.924981: 
2026-06-18 13:55:32.925464: Epoch 192
2026-06-18 13:55:32.925763: Current learning rate: 0.00268
2026-06-18 13:56:26.286185: train_loss -0.4886
2026-06-18 13:56:26.286727: val_loss -0.373
2026-06-18 13:56:26.286881: Pseudo dice [np.float32(0.7776)]
2026-06-18 13:56:26.287057: Epoch time: 53.36 s
2026-06-18 13:56:28.041274: 
2026-06-18 13:56:28.041683: Epoch 193
2026-06-18 13:56:28.041873: Current learning rate: 0.00264
2026-06-18 13:57:21.484194: train_loss -0.4734
2026-06-18 13:57:21.484751: val_loss -0.3528
2026-06-18 13:57:21.484913: Pseudo dice [np.float32(0.7457)]
2026-06-18 13:57:21.485089: Epoch time: 53.45 s
2026-06-18 13:57:23.244089: 
2026-06-18 13:57:23.244608: Epoch 194
2026-06-18 13:57:23.244813: Current learning rate: 0.0026
2026-06-18 13:58:16.715465: train_loss -0.4908
2026-06-18 13:58:16.716040: val_loss -0.301
2026-06-18 13:58:16.716206: Pseudo dice [np.float32(0.7461)]
2026-06-18 13:58:16.716386: Epoch time: 53.47 s
2026-06-18 13:58:18.474023: 
2026-06-18 13:58:18.474531: Epoch 195
2026-06-18 13:58:18.474867: Current learning rate: 0.00256
2026-06-18 13:59:11.775562: train_loss -0.4933
2026-06-18 13:59:11.776240: val_loss -0.3614
2026-06-18 13:59:11.776384: Pseudo dice [np.float32(0.7652)]
2026-06-18 13:59:11.776552: Epoch time: 53.3 s
2026-06-18 13:59:13.543492: 
2026-06-18 13:59:13.544116: Epoch 196
2026-06-18 13:59:13.544439: Current learning rate: 0.00252
2026-06-18 14:00:06.971295: train_loss -0.5006
2026-06-18 14:00:06.971829: val_loss -0.4655
2026-06-18 14:00:06.972005: Pseudo dice [np.float32(0.7961)]
2026-06-18 14:00:06.972182: Epoch time: 53.43 s
2026-06-18 14:00:08.734344: 
2026-06-18 14:00:08.734788: Epoch 197
2026-06-18 14:00:08.735117: Current learning rate: 0.00248
2026-06-18 14:01:02.148497: train_loss -0.5038
2026-06-18 14:01:02.149200: val_loss -0.309
2026-06-18 14:01:02.149362: Pseudo dice [np.float32(0.7318)]
2026-06-18 14:01:02.149547: Epoch time: 53.42 s
2026-06-18 14:01:03.912193: 
2026-06-18 14:01:03.912581: Epoch 198
2026-06-18 14:01:03.912764: Current learning rate: 0.00243
2026-06-18 14:01:57.429827: train_loss -0.502
2026-06-18 14:01:57.430316: val_loss -0.3877
2026-06-18 14:01:57.430465: Pseudo dice [np.float32(0.7675)]
2026-06-18 14:01:57.430650: Epoch time: 53.52 s
2026-06-18 14:01:59.188721: 
2026-06-18 14:01:59.189159: Epoch 199
2026-06-18 14:01:59.189365: Current learning rate: 0.00239
2026-06-18 14:02:52.618486: train_loss -0.4801
2026-06-18 14:02:52.619002: val_loss -0.3995
2026-06-18 14:02:52.619152: Pseudo dice [np.float32(0.7691)]
2026-06-18 14:02:52.619326: Epoch time: 53.43 s
2026-06-18 14:02:54.945184: 
2026-06-18 14:02:54.945711: Epoch 200
2026-06-18 14:02:54.946047: Current learning rate: 0.00235
2026-06-18 14:03:48.392180: train_loss -0.4787
2026-06-18 14:03:48.392584: val_loss -0.3044
2026-06-18 14:03:48.392730: Pseudo dice [np.float32(0.7512)]
2026-06-18 14:03:48.392913: Epoch time: 53.45 s
2026-06-18 14:03:50.567342: 
2026-06-18 14:03:50.568070: Epoch 201
2026-06-18 14:03:50.568387: Current learning rate: 0.00231
2026-06-18 14:04:44.083763: train_loss -0.4819
2026-06-18 14:04:44.084395: val_loss -0.3359
2026-06-18 14:04:44.084540: Pseudo dice [np.float32(0.7519)]
2026-06-18 14:04:44.084717: Epoch time: 53.52 s
2026-06-18 14:04:45.858381: 
2026-06-18 14:04:45.858958: Epoch 202
2026-06-18 14:04:45.859253: Current learning rate: 0.00226
2026-06-18 14:05:39.231907: train_loss -0.4892
2026-06-18 14:05:39.232391: val_loss -0.4294
2026-06-18 14:05:39.232532: Pseudo dice [np.float32(0.7823)]
2026-06-18 14:05:39.232710: Epoch time: 53.38 s
2026-06-18 14:05:40.996985: 
2026-06-18 14:05:40.997598: Epoch 203
2026-06-18 14:05:40.997803: Current learning rate: 0.00222
2026-06-18 14:06:34.377911: train_loss -0.5011
2026-06-18 14:06:34.378495: val_loss -0.2767
2026-06-18 14:06:34.378650: Pseudo dice [np.float32(0.7323)]
2026-06-18 14:06:34.378827: Epoch time: 53.38 s
2026-06-18 14:06:36.143213: 
2026-06-18 14:06:36.143761: Epoch 204
2026-06-18 14:06:36.144099: Current learning rate: 0.00218
2026-06-18 14:07:29.593537: train_loss -0.4949
2026-06-18 14:07:29.594024: val_loss -0.3417
2026-06-18 14:07:29.594169: Pseudo dice [np.float32(0.7589)]
2026-06-18 14:07:29.594347: Epoch time: 53.45 s
2026-06-18 14:07:31.360077: 
2026-06-18 14:07:31.360486: Epoch 205
2026-06-18 14:07:31.360672: Current learning rate: 0.00214
2026-06-18 14:08:24.799739: train_loss -0.4823
2026-06-18 14:08:24.800374: val_loss -0.3369
2026-06-18 14:08:24.800523: Pseudo dice [np.float32(0.7555)]
2026-06-18 14:08:24.800698: Epoch time: 53.44 s
2026-06-18 14:08:26.510727: 
2026-06-18 14:08:26.511248: Epoch 206
2026-06-18 14:08:26.511431: Current learning rate: 0.00209
2026-06-18 14:09:19.806572: train_loss -0.4927
2026-06-18 14:09:19.807278: val_loss -0.3374
2026-06-18 14:09:19.807445: Pseudo dice [np.float32(0.7626)]
2026-06-18 14:09:19.807637: Epoch time: 53.3 s
2026-06-18 14:09:21.544529: 
2026-06-18 14:09:21.545355: Epoch 207
2026-06-18 14:09:21.545628: Current learning rate: 0.00205
2026-06-18 14:10:14.854219: train_loss -0.5007
2026-06-18 14:10:14.854782: val_loss -0.2835
2026-06-18 14:10:14.854936: Pseudo dice [np.float32(0.7404)]
2026-06-18 14:10:14.855143: Epoch time: 53.31 s
2026-06-18 14:10:16.576455: 
2026-06-18 14:10:16.577224: Epoch 208
2026-06-18 14:10:16.577760: Current learning rate: 0.00201
2026-06-18 14:11:09.983496: train_loss -0.522
2026-06-18 14:11:09.984062: val_loss -0.3502
2026-06-18 14:11:09.984214: Pseudo dice [np.float32(0.7615)]
2026-06-18 14:11:09.984389: Epoch time: 53.41 s
2026-06-18 14:11:12.108223: 
2026-06-18 14:11:12.108739: Epoch 209
2026-06-18 14:11:12.109041: Current learning rate: 0.00196
2026-06-18 14:12:05.432190: train_loss -0.492
2026-06-18 14:12:05.432764: val_loss -0.3106
2026-06-18 14:12:05.432948: Pseudo dice [np.float32(0.7405)]
2026-06-18 14:12:05.433184: Epoch time: 53.33 s
2026-06-18 14:12:07.160162: 
2026-06-18 14:12:07.160594: Epoch 210
2026-06-18 14:12:07.160850: Current learning rate: 0.00192
2026-06-18 14:13:00.536999: train_loss -0.4908
2026-06-18 14:13:00.537598: val_loss -0.2992
2026-06-18 14:13:00.537747: Pseudo dice [np.float32(0.7387)]
2026-06-18 14:13:00.537939: Epoch time: 53.38 s
2026-06-18 14:13:02.295611: 
2026-06-18 14:13:02.296237: Epoch 211
2026-06-18 14:13:02.296573: Current learning rate: 0.00188
2026-06-18 14:13:55.538258: train_loss -0.4991
2026-06-18 14:13:55.538744: val_loss -0.3823
2026-06-18 14:13:55.538895: Pseudo dice [np.float32(0.7729)]
2026-06-18 14:13:55.539067: Epoch time: 53.25 s
2026-06-18 14:13:57.266915: 
2026-06-18 14:13:57.267569: Epoch 212
2026-06-18 14:13:57.267894: Current learning rate: 0.00184
2026-06-18 14:14:50.605131: train_loss -0.5048
2026-06-18 14:14:50.605723: val_loss -0.2645
2026-06-18 14:14:50.605891: Pseudo dice [np.float32(0.7179)]
2026-06-18 14:14:50.606074: Epoch time: 53.34 s
2026-06-18 14:14:52.318050: 
2026-06-18 14:14:52.318538: Epoch 213
2026-06-18 14:14:52.318792: Current learning rate: 0.00179
2026-06-18 14:15:45.611011: train_loss -0.5044
2026-06-18 14:15:45.611698: val_loss -0.3148
2026-06-18 14:15:45.611866: Pseudo dice [np.float32(0.7501)]
2026-06-18 14:15:45.612055: Epoch time: 53.3 s
2026-06-18 14:15:47.307730: 
2026-06-18 14:15:47.308375: Epoch 214
2026-06-18 14:15:47.308700: Current learning rate: 0.00175
2026-06-18 14:16:40.516280: train_loss -0.4982
2026-06-18 14:16:40.516844: val_loss -0.3886
2026-06-18 14:16:40.516990: Pseudo dice [np.float32(0.7782)]
2026-06-18 14:16:40.517169: Epoch time: 53.21 s
2026-06-18 14:16:42.217837: 
2026-06-18 14:16:42.218270: Epoch 215
2026-06-18 14:16:42.218455: Current learning rate: 0.0017
2026-06-18 14:17:35.653371: train_loss -0.4872
2026-06-18 14:17:35.653887: val_loss -0.2401
2026-06-18 14:17:35.654035: Pseudo dice [np.float32(0.7255)]
2026-06-18 14:17:35.654218: Epoch time: 53.44 s
2026-06-18 14:17:37.351743: 
2026-06-18 14:17:37.352282: Epoch 216
2026-06-18 14:17:37.352610: Current learning rate: 0.00166
2026-06-18 14:18:30.829346: train_loss -0.5014
2026-06-18 14:18:30.829951: val_loss -0.3408
2026-06-18 14:18:30.830108: Pseudo dice [np.float32(0.7689)]
2026-06-18 14:18:30.830287: Epoch time: 53.48 s
2026-06-18 14:18:32.523060: 
2026-06-18 14:18:32.523511: Epoch 217
2026-06-18 14:18:32.523697: Current learning rate: 0.00162
2026-06-18 14:19:25.809644: train_loss -0.5004
2026-06-18 14:19:25.810333: val_loss -0.375
2026-06-18 14:19:25.810498: Pseudo dice [np.float32(0.7678)]
2026-06-18 14:19:25.810678: Epoch time: 53.29 s
2026-06-18 14:19:27.515658: 
2026-06-18 14:19:27.516185: Epoch 218
2026-06-18 14:19:27.516461: Current learning rate: 0.00157
2026-06-18 14:20:20.832973: train_loss -0.487
2026-06-18 14:20:20.833604: val_loss -0.3284
2026-06-18 14:20:20.833787: Pseudo dice [np.float32(0.7535)]
2026-06-18 14:20:20.833978: Epoch time: 53.32 s
2026-06-18 14:20:22.923905: 
2026-06-18 14:20:22.924478: Epoch 219
2026-06-18 14:20:22.924784: Current learning rate: 0.00153
2026-06-18 14:21:16.077058: train_loss -0.5055
2026-06-18 14:21:16.077524: val_loss -0.3461
2026-06-18 14:21:16.077673: Pseudo dice [np.float32(0.7568)]
2026-06-18 14:21:16.077860: Epoch time: 53.16 s
2026-06-18 14:21:17.773758: 
2026-06-18 14:21:17.774303: Epoch 220
2026-06-18 14:21:17.774569: Current learning rate: 0.00148
2026-06-18 14:22:11.032507: train_loss -0.4964
2026-06-18 14:22:11.033083: val_loss -0.3836
2026-06-18 14:22:11.033235: Pseudo dice [np.float32(0.7705)]
2026-06-18 14:22:11.033418: Epoch time: 53.26 s
2026-06-18 14:22:12.716293: 
2026-06-18 14:22:12.716701: Epoch 221
2026-06-18 14:22:12.716878: Current learning rate: 0.00144
2026-06-18 14:23:05.963298: train_loss -0.4844
2026-06-18 14:23:05.963895: val_loss -0.2548
2026-06-18 14:23:05.964046: Pseudo dice [np.float32(0.7323)]
2026-06-18 14:23:05.964220: Epoch time: 53.25 s
2026-06-18 14:23:07.661758: 
2026-06-18 14:23:07.662228: Epoch 222
2026-06-18 14:23:07.662415: Current learning rate: 0.00139
2026-06-18 14:24:01.024661: train_loss -0.5024
2026-06-18 14:24:01.025159: val_loss -0.2848
2026-06-18 14:24:01.025328: Pseudo dice [np.float32(0.7394)]
2026-06-18 14:24:01.025509: Epoch time: 53.37 s
2026-06-18 14:24:02.720600: 
2026-06-18 14:24:02.721124: Epoch 223
2026-06-18 14:24:02.721394: Current learning rate: 0.00135
2026-06-18 14:24:56.022210: train_loss -0.5047
2026-06-18 14:24:56.022745: val_loss -0.3151
2026-06-18 14:24:56.022913: Pseudo dice [np.float32(0.7353)]
2026-06-18 14:24:56.023105: Epoch time: 53.3 s
2026-06-18 14:24:57.717755: 
2026-06-18 14:24:57.718277: Epoch 224
2026-06-18 14:24:57.718563: Current learning rate: 0.0013
2026-06-18 14:25:51.023402: train_loss -0.4883
2026-06-18 14:25:51.023971: val_loss -0.3644
2026-06-18 14:25:51.024119: Pseudo dice [np.float32(0.777)]
2026-06-18 14:25:51.024295: Epoch time: 53.31 s
2026-06-18 14:25:52.713818: 
2026-06-18 14:25:52.714359: Epoch 225
2026-06-18 14:25:52.714707: Current learning rate: 0.00126
2026-06-18 14:26:46.057947: train_loss -0.4995
2026-06-18 14:26:46.058503: val_loss -0.3437
2026-06-18 14:26:46.058645: Pseudo dice [np.float32(0.7688)]
2026-06-18 14:26:46.058824: Epoch time: 53.35 s
2026-06-18 14:26:47.743727: 
2026-06-18 14:26:47.744235: Epoch 226
2026-06-18 14:26:47.744531: Current learning rate: 0.00121
2026-06-18 14:27:41.100244: train_loss -0.5096
2026-06-18 14:27:41.100790: val_loss -0.3371
2026-06-18 14:27:41.100954: Pseudo dice [np.float32(0.7575)]
2026-06-18 14:27:41.101141: Epoch time: 53.36 s
2026-06-18 14:27:42.782712: 
2026-06-18 14:27:42.783097: Epoch 227
2026-06-18 14:27:42.783285: Current learning rate: 0.00117
2026-06-18 14:28:36.141270: train_loss -0.4968
2026-06-18 14:28:36.141781: val_loss -0.3782
2026-06-18 14:28:36.141927: Pseudo dice [np.float32(0.7756)]
2026-06-18 14:28:36.142101: Epoch time: 53.36 s
2026-06-18 14:28:38.230121: 
2026-06-18 14:28:38.230748: Epoch 228
2026-06-18 14:28:38.231074: Current learning rate: 0.00112
2026-06-18 14:29:31.616876: train_loss -0.5118
2026-06-18 14:29:31.617423: val_loss -0.3953
2026-06-18 14:29:31.617574: Pseudo dice [np.float32(0.7769)]
2026-06-18 14:29:31.617760: Epoch time: 53.39 s
2026-06-18 14:29:33.303419: 
2026-06-18 14:29:33.303874: Epoch 229
2026-06-18 14:29:33.304062: Current learning rate: 0.00108
2026-06-18 14:30:26.741749: train_loss -0.5212
2026-06-18 14:30:26.742284: val_loss -0.3757
2026-06-18 14:30:26.742429: Pseudo dice [np.float32(0.7619)]
2026-06-18 14:30:26.742610: Epoch time: 53.44 s
2026-06-18 14:30:28.436798: 
2026-06-18 14:30:28.437337: Epoch 230
2026-06-18 14:30:28.437549: Current learning rate: 0.00103
2026-06-18 14:31:21.668458: train_loss -0.5045
2026-06-18 14:31:21.669004: val_loss -0.391
2026-06-18 14:31:21.669147: Pseudo dice [np.float32(0.7732)]
2026-06-18 14:31:21.669322: Epoch time: 53.23 s
2026-06-18 14:31:23.370121: 
2026-06-18 14:31:23.370631: Epoch 231
2026-06-18 14:31:23.370820: Current learning rate: 0.00098
2026-06-18 14:32:16.635873: train_loss -0.5148
2026-06-18 14:32:16.636532: val_loss -0.4088
2026-06-18 14:32:16.636695: Pseudo dice [np.float32(0.789)]
2026-06-18 14:32:16.636887: Epoch time: 53.27 s
2026-06-18 14:32:18.331200: 
2026-06-18 14:32:18.331720: Epoch 232
2026-06-18 14:32:18.332020: Current learning rate: 0.00094
2026-06-18 14:33:11.579643: train_loss -0.5057
2026-06-18 14:33:11.580295: val_loss -0.2992
2026-06-18 14:33:11.580434: Pseudo dice [np.float32(0.7362)]
2026-06-18 14:33:11.580607: Epoch time: 53.25 s
2026-06-18 14:33:13.263407: 
2026-06-18 14:33:13.263767: Epoch 233
2026-06-18 14:33:13.263954: Current learning rate: 0.00089
2026-06-18 14:34:06.592978: train_loss -0.5173
2026-06-18 14:34:06.593543: val_loss -0.334
2026-06-18 14:34:06.593708: Pseudo dice [np.float32(0.7577)]
2026-06-18 14:34:06.593893: Epoch time: 53.33 s
2026-06-18 14:34:08.282941: 
2026-06-18 14:34:08.283697: Epoch 234
2026-06-18 14:34:08.284115: Current learning rate: 0.00084
2026-06-18 14:35:01.568537: train_loss -0.4996
2026-06-18 14:35:01.569177: val_loss -0.3562
2026-06-18 14:35:01.569335: Pseudo dice [np.float32(0.7594)]
2026-06-18 14:35:01.569520: Epoch time: 53.29 s
2026-06-18 14:35:03.281079: 
2026-06-18 14:35:03.281847: Epoch 235
2026-06-18 14:35:03.282537: Current learning rate: 0.00079
2026-06-18 14:35:56.726157: train_loss -0.4935
2026-06-18 14:35:56.726710: val_loss -0.3431
2026-06-18 14:35:56.726866: Pseudo dice [np.float32(0.7508)]
2026-06-18 14:35:56.727070: Epoch time: 53.45 s
2026-06-18 14:35:58.425692: 
2026-06-18 14:35:58.426423: Epoch 236
2026-06-18 14:35:58.426664: Current learning rate: 0.00075
2026-06-18 14:36:51.752323: train_loss -0.5059
2026-06-18 14:36:51.753100: val_loss -0.2907
2026-06-18 14:36:51.753258: Pseudo dice [np.float32(0.7268)]
2026-06-18 14:36:51.753488: Epoch time: 53.33 s
2026-06-18 14:36:53.462788: 
2026-06-18 14:36:53.463372: Epoch 237
2026-06-18 14:36:53.463733: Current learning rate: 0.0007
2026-06-18 14:37:46.875606: train_loss -0.5088
2026-06-18 14:37:46.876145: val_loss -0.3763
2026-06-18 14:37:46.876292: Pseudo dice [np.float32(0.7694)]
2026-06-18 14:37:46.876470: Epoch time: 53.42 s
2026-06-18 14:37:49.020868: 
2026-06-18 14:37:49.021359: Epoch 238
2026-06-18 14:37:49.021768: Current learning rate: 0.00065
2026-06-18 14:38:42.367000: train_loss -0.499
2026-06-18 14:38:42.367708: val_loss -0.3373
2026-06-18 14:38:42.367881: Pseudo dice [np.float32(0.7446)]
2026-06-18 14:38:42.368062: Epoch time: 53.35 s
2026-06-18 14:38:44.071491: 
2026-06-18 14:38:44.072014: Epoch 239
2026-06-18 14:38:44.072336: Current learning rate: 0.0006
2026-06-18 14:39:37.294708: train_loss -0.5217
2026-06-18 14:39:37.295227: val_loss -0.4002
2026-06-18 14:39:37.295381: Pseudo dice [np.float32(0.78)]
2026-06-18 14:39:37.295563: Epoch time: 53.23 s
2026-06-18 14:39:39.025000: 
2026-06-18 14:39:39.025476: Epoch 240
2026-06-18 14:39:39.025803: Current learning rate: 0.00055
2026-06-18 14:40:32.336734: train_loss -0.4936
2026-06-18 14:40:32.337578: val_loss -0.3495
2026-06-18 14:40:32.337725: Pseudo dice [np.float32(0.7716)]
2026-06-18 14:40:32.337921: Epoch time: 53.32 s
2026-06-18 14:40:34.052187: 
2026-06-18 14:40:34.052682: Epoch 241
2026-06-18 14:40:34.052964: Current learning rate: 0.0005
2026-06-18 14:41:27.355913: train_loss -0.5078
2026-06-18 14:41:27.356537: val_loss -0.347
2026-06-18 14:41:27.356693: Pseudo dice [np.float32(0.7562)]
2026-06-18 14:41:27.356887: Epoch time: 53.31 s
2026-06-18 14:41:29.078717: 
2026-06-18 14:41:29.079389: Epoch 242
2026-06-18 14:41:29.079704: Current learning rate: 0.00045
2026-06-18 14:42:22.139975: train_loss -0.5177
2026-06-18 14:42:22.140410: val_loss -0.2787
2026-06-18 14:42:22.140554: Pseudo dice [np.float32(0.7308)]
2026-06-18 14:42:22.140728: Epoch time: 53.07 s
2026-06-18 14:42:23.859515: 
2026-06-18 14:42:23.860084: Epoch 243
2026-06-18 14:42:23.860425: Current learning rate: 0.0004
2026-06-18 14:43:17.023543: train_loss -0.5097
2026-06-18 14:43:17.024006: val_loss -0.407
2026-06-18 14:43:17.024155: Pseudo dice [np.float32(0.7948)]
2026-06-18 14:43:17.024328: Epoch time: 53.17 s
2026-06-18 14:43:18.743085: 
2026-06-18 14:43:18.743562: Epoch 244
2026-06-18 14:43:18.743844: Current learning rate: 0.00035
2026-06-18 14:44:11.991225: train_loss -0.4951
2026-06-18 14:44:11.991843: val_loss -0.2812
2026-06-18 14:44:11.991988: Pseudo dice [np.float32(0.7354)]
2026-06-18 14:44:11.992213: Epoch time: 53.25 s
2026-06-18 14:44:13.717881: 
2026-06-18 14:44:13.718310: Epoch 245
2026-06-18 14:44:13.718617: Current learning rate: 0.0003
2026-06-18 14:45:07.119680: train_loss -0.5076
2026-06-18 14:45:07.120358: val_loss -0.3496
2026-06-18 14:45:07.120528: Pseudo dice [np.float32(0.7519)]
2026-06-18 14:45:07.120705: Epoch time: 53.4 s
2026-06-18 14:45:08.844203: 
2026-06-18 14:45:08.844809: Epoch 246
2026-06-18 14:45:08.845123: Current learning rate: 0.00024
2026-06-18 14:46:02.123269: train_loss -0.5097
2026-06-18 14:46:02.123738: val_loss -0.3453
2026-06-18 14:46:02.123901: Pseudo dice [np.float32(0.758)]
2026-06-18 14:46:02.124121: Epoch time: 53.28 s
2026-06-18 14:46:04.209965: 
2026-06-18 14:46:04.210450: Epoch 247
2026-06-18 14:46:04.210722: Current learning rate: 0.00019
2026-06-18 14:46:57.452599: train_loss -0.5098
2026-06-18 14:46:57.453122: val_loss -0.3593
2026-06-18 14:46:57.453270: Pseudo dice [np.float32(0.7672)]
2026-06-18 14:46:57.453446: Epoch time: 53.25 s
2026-06-18 14:46:59.178794: 
2026-06-18 14:46:59.179212: Epoch 248
2026-06-18 14:46:59.179405: Current learning rate: 0.00013
2026-06-18 14:47:52.423057: train_loss -0.5084
2026-06-18 14:47:52.423981: val_loss -0.3267
2026-06-18 14:47:52.424134: Pseudo dice [np.float32(0.7538)]
2026-06-18 14:47:52.433163: Epoch time: 53.25 s
2026-06-18 14:47:54.142978: 
2026-06-18 14:47:54.143386: Epoch 249
2026-06-18 14:47:54.143563: Current learning rate: 7e-05
2026-06-18 14:48:47.407756: train_loss -0.5153
2026-06-18 14:48:47.408338: val_loss -0.332
2026-06-18 14:48:47.408488: Pseudo dice [np.float32(0.7514)]
2026-06-18 14:48:47.408668: Epoch time: 53.27 s
2026-06-18 14:48:49.907086: Training done.
2026-06-18 14:48:50.122309: Using splits from existing split file: /gpfs/data/ravenlab/micmac/nnUNet_preprocessed/Dataset003_BinaryTask/splits_final.json
2026-06-18 14:48:50.122730: The split file contains 5 splits.
2026-06-18 14:48:50.122846: Desired fold for training: 3
2026-06-18 14:48:50.122942: This split has 20 training and 5 validation cases.
2026-06-18 14:48:50.123144: predicting 41759_64_claus
2026-06-18 14:48:50.158946: 41759_64_claus, shape torch.Size([1, 1, 2112, 2100]), rank 0
2026-06-18 14:48:57.209153: predicting 41759_G_120_slice_0_2
2026-06-18 14:48:57.275522: 41759_G_120_slice_0_2, shape torch.Size([1, 1, 1263, 6741]), rank 0
2026-06-18 14:48:59.601588: predicting 41759_G_140_slice_0_0
2026-06-18 14:48:59.660717: 41759_G_140_slice_0_0, shape torch.Size([1, 1, 1658, 6027]), rank 0
2026-06-18 14:49:02.846495: predicting 41759_G_150_slice_1_0
2026-06-18 14:49:03.215682: 41759_G_150_slice_1_0, shape torch.Size([1, 1, 10000, 4867]), rank 0
2026-06-18 14:49:19.874077: predicting 41759_G_160_slice_0_1
2026-06-18 14:49:19.919074: 41759_G_160_slice_0_1, shape torch.Size([1, 1, 1721, 3311]), rank 0
2026-06-18 14:50:02.778176: Validation complete
2026-06-18 14:50:02.778377: Mean Validation Dice:  0.748625775211936
