Loading python/gpu/3.10.6-cuda12.9
  Loading requirement: cuda/12.9
Launching parallel training for 2D config, Fold 0 using 250-epoch trainer preset...

############################
INFO: You are using the old nnU-Net default plans. We have updated our recommendations. Please consider using those instead! Read more here: https://github.com/MIC-DKFZ/nnUNet/blob/master/documentation/resenc_presets.md
############################

Using device: cuda:0

#######################################################################
Please cite the following paper when using nnU-Net:
Isensee, F., Jaeger, P. F., Kohl, S. A., Petersen, J., & Maier-Hein, K. H. (2021). nnU-Net: a self-configuring method for deep learning-based biomedical image segmentation. Nature methods, 18(2), 203-211.
#######################################################################

2026-06-18 10:57:00.195617: do_dummy_2d_data_aug: False
2026-06-18 10:57:00.197175: Using splits from existing split file: /gpfs/data/ravenlab/micmac/nnUNet_preprocessed/Dataset003_BinaryTask/splits_final.json
2026-06-18 10:57:00.198145: The split file contains 5 splits.
2026-06-18 10:57:00.198247: Desired fold for training: 0
2026-06-18 10:57:00.198332: This split has 20 training and 5 validation cases.
using pin_memory on device 0
using pin_memory on device 0

This is the configuration used by this training:
Configuration name: 2d
 {'data_identifier': 'nnUNetPlans_2d', 'preprocessor_name': 'DefaultPreprocessor', 'batch_size': 2, 'patch_size': [1024, 1536], 'median_image_size_in_voxels': [2176.0, 3311.0], 'spacing': [1.0, 1.0], 'normalization_schemes': ['ZScoreNormalization'], 'use_mask_for_norm': [False], 'resampling_fn_data': 'resample_data_or_seg_to_shape', 'resampling_fn_seg': 'resample_data_or_seg_to_shape', 'resampling_fn_data_kwargs': {'is_seg': False, 'order': 3, 'order_z': 0, 'force_separate_z': None}, 'resampling_fn_seg_kwargs': {'is_seg': True, 'order': 1, 'order_z': 0, 'force_separate_z': None}, 'resampling_fn_probabilities': 'resample_data_or_seg_to_shape', 'resampling_fn_probabilities_kwargs': {'is_seg': False, 'order': 1, 'order_z': 0, 'force_separate_z': None}, 'architecture': {'network_class_name': 'dynamic_network_architectures.architectures.unet.PlainConvUNet', 'arch_kwargs': {'n_stages': 9, 'features_per_stage': [32, 64, 128, 256, 512, 512, 512, 512, 512], 'conv_op': 'torch.nn.modules.conv.Conv2d', 'kernel_sizes': [[3, 3], [3, 3], [3, 3], [3, 3], [3, 3], [3, 3], [3, 3], [3, 3], [3, 3]], 'strides': [[1, 1], [2, 2], [2, 2], [2, 2], [2, 2], [2, 2], [2, 2], [2, 2], [2, 2]], 'n_conv_per_stage': [2, 2, 2, 2, 2, 2, 2, 2, 2], 'n_conv_per_stage_decoder': [2, 2, 2, 2, 2, 2, 2, 2], 'conv_bias': True, 'norm_op': 'torch.nn.modules.instancenorm.InstanceNorm2d', 'norm_op_kwargs': {'eps': 1e-05, 'affine': True}, 'dropout_op': None, 'dropout_op_kwargs': None, 'nonlin': 'torch.nn.LeakyReLU', 'nonlin_kwargs': {'inplace': True}}, '_kw_requires_import': ['conv_op', 'norm_op', 'dropout_op', 'nonlin']}, 'batch_dice': True} 

These are the global plan.json settings:
 {'dataset_name': 'Dataset003_BinaryTask', 'plans_name': 'nnUNetPlans', 'original_median_spacing_after_transp': [999.0, 1.0, 1.0], 'original_median_shape_after_transp': [1, 2176, 3311], 'image_reader_writer': 'NaturalImage2DIO', 'transpose_forward': [0, 1, 2], 'transpose_backward': [0, 1, 2], 'experiment_planner_used': 'ExperimentPlanner', 'label_manager': 'LabelManager', 'foreground_intensity_properties_per_channel': {'0': {'max': 252.0, 'mean': 114.97937774658203, 'median': 113.0, 'min': 4.0, 'percentile_00_5': 32.0, 'percentile_99_5': 208.0, 'std': 38.282249450683594}}} 

2026-06-18 10:57:03.063190: Unable to plot network architecture:
2026-06-18 10:57:03.063369: No module named 'hiddenlayer'
2026-06-18 10:57:03.284711: 
2026-06-18 10:57:03.284911: Epoch 0
2026-06-18 10:57:03.285224: Current learning rate: 0.01
2026-06-18 10:59:20.095652: train_loss 0.1152
2026-06-18 10:59:20.096213: val_loss 0.2204
2026-06-18 10:59:20.096373: Pseudo dice [np.float32(0.5094)]
2026-06-18 10:59:20.096562: Epoch time: 136.81 s
2026-06-18 10:59:20.096705: Yayy! New best EMA pseudo Dice: 0.5094000101089478
2026-06-18 10:59:22.588395: 
2026-06-18 10:59:22.589019: Epoch 1
2026-06-18 10:59:22.589404: Current learning rate: 0.00996
2026-06-18 11:00:16.209657: train_loss -0.1067
2026-06-18 11:00:16.210346: val_loss 0.0353
2026-06-18 11:00:16.210510: Pseudo dice [np.float32(0.5992)]
2026-06-18 11:00:16.210726: Epoch time: 53.62 s
2026-06-18 11:00:16.213912: Yayy! New best EMA pseudo Dice: 0.5184000134468079
2026-06-18 11:00:18.352388: 
2026-06-18 11:00:18.352975: Epoch 2
2026-06-18 11:00:18.353173: Current learning rate: 0.00993
2026-06-18 11:01:11.761737: train_loss -0.1825
2026-06-18 11:01:11.762352: val_loss -0.0283
2026-06-18 11:01:11.762595: Pseudo dice [np.float32(0.6575)]
2026-06-18 11:01:11.762810: Epoch time: 53.41 s
2026-06-18 11:01:11.762958: Yayy! New best EMA pseudo Dice: 0.5322999954223633
2026-06-18 11:01:14.027674: 
2026-06-18 11:01:14.028037: Epoch 3
2026-06-18 11:01:14.028345: Current learning rate: 0.00989
2026-06-18 11:02:07.514088: train_loss -0.2242
2026-06-18 11:02:07.514959: val_loss -0.0492
2026-06-18 11:02:07.515115: Pseudo dice [np.float32(0.6425)]
2026-06-18 11:02:07.515296: Epoch time: 53.49 s
2026-06-18 11:02:07.515435: Yayy! New best EMA pseudo Dice: 0.5432999730110168
2026-06-18 11:02:09.788863: 
2026-06-18 11:02:09.789280: Epoch 4
2026-06-18 11:02:09.789464: Current learning rate: 0.00986
2026-06-18 11:03:03.118862: train_loss -0.227
2026-06-18 11:03:03.120367: val_loss -0.0755
2026-06-18 11:03:03.120547: Pseudo dice [np.float32(0.6734)]
2026-06-18 11:03:03.120723: Epoch time: 53.33 s
2026-06-18 11:03:03.120855: Yayy! New best EMA pseudo Dice: 0.5562999844551086
2026-06-18 11:03:05.327847: 
2026-06-18 11:03:05.328201: Epoch 5
2026-06-18 11:03:05.328446: Current learning rate: 0.00982
2026-06-18 11:03:58.868408: train_loss -0.2915
2026-06-18 11:03:58.871699: val_loss -0.1063
2026-06-18 11:03:58.872360: Pseudo dice [np.float32(0.7036)]
2026-06-18 11:03:58.872897: Epoch time: 53.54 s
2026-06-18 11:03:58.873658: Yayy! New best EMA pseudo Dice: 0.5709999799728394
2026-06-18 11:04:01.042949: 
2026-06-18 11:04:01.043324: Epoch 6
2026-06-18 11:04:01.043546: Current learning rate: 0.00978
2026-06-18 11:04:54.613853: train_loss -0.3146
2026-06-18 11:04:54.614460: val_loss -0.0619
2026-06-18 11:04:54.614624: Pseudo dice [np.float32(0.6575)]
2026-06-18 11:04:54.614798: Epoch time: 53.57 s
2026-06-18 11:04:54.614934: Yayy! New best EMA pseudo Dice: 0.5796999931335449
2026-06-18 11:04:56.861696: 
2026-06-18 11:04:56.862102: Epoch 7
2026-06-18 11:04:56.862376: Current learning rate: 0.00975
2026-06-18 11:05:50.373023: train_loss -0.3322
2026-06-18 11:05:50.373616: val_loss -0.2372
2026-06-18 11:05:50.373764: Pseudo dice [np.float32(0.7391)]
2026-06-18 11:05:50.373938: Epoch time: 53.51 s
2026-06-18 11:05:50.374075: Yayy! New best EMA pseudo Dice: 0.5956000089645386
2026-06-18 11:05:52.524127: 
2026-06-18 11:05:52.524526: Epoch 8
2026-06-18 11:05:52.524701: Current learning rate: 0.00971
2026-06-18 11:06:45.871889: train_loss -0.2921
2026-06-18 11:06:45.872394: val_loss -0.1215
2026-06-18 11:06:45.872555: Pseudo dice [np.float32(0.6817)]
2026-06-18 11:06:45.872722: Epoch time: 53.35 s
2026-06-18 11:06:45.872846: Yayy! New best EMA pseudo Dice: 0.604200005531311
2026-06-18 11:06:48.608221: 
2026-06-18 11:06:48.608729: Epoch 9
2026-06-18 11:06:48.608973: Current learning rate: 0.00968
2026-06-18 11:07:41.830586: train_loss -0.2987
2026-06-18 11:07:41.832110: val_loss -0.1336
2026-06-18 11:07:41.832270: Pseudo dice [np.float32(0.6934)]
2026-06-18 11:07:41.832447: Epoch time: 53.23 s
2026-06-18 11:07:41.832589: Yayy! New best EMA pseudo Dice: 0.6132000088691711
2026-06-18 11:07:43.959491: 
2026-06-18 11:07:43.959998: Epoch 10
2026-06-18 11:07:43.960284: Current learning rate: 0.00964
2026-06-18 11:08:37.457485: train_loss -0.3609
2026-06-18 11:08:37.458043: val_loss -0.2271
2026-06-18 11:08:37.458181: Pseudo dice [np.float32(0.7303)]
2026-06-18 11:08:37.458349: Epoch time: 53.5 s
2026-06-18 11:08:37.458472: Yayy! New best EMA pseudo Dice: 0.6248999834060669
2026-06-18 11:08:39.602190: 
2026-06-18 11:08:39.602648: Epoch 11
2026-06-18 11:08:39.602919: Current learning rate: 0.0096
2026-06-18 11:09:33.106222: train_loss -0.3772
2026-06-18 11:09:33.106939: val_loss -0.0979
2026-06-18 11:09:33.107103: Pseudo dice [np.float32(0.7012)]
2026-06-18 11:09:33.107288: Epoch time: 53.51 s
2026-06-18 11:09:33.107436: Yayy! New best EMA pseudo Dice: 0.6324999928474426
2026-06-18 11:09:35.285333: 
2026-06-18 11:09:35.285718: Epoch 12
2026-06-18 11:09:35.285950: Current learning rate: 0.00957
2026-06-18 11:10:28.930906: train_loss -0.3637
2026-06-18 11:10:28.931506: val_loss -0.1488
2026-06-18 11:10:28.931659: Pseudo dice [np.float32(0.7115)]
2026-06-18 11:10:28.931829: Epoch time: 53.65 s
2026-06-18 11:10:28.931954: Yayy! New best EMA pseudo Dice: 0.6403999924659729
2026-06-18 11:10:31.069952: 
2026-06-18 11:10:31.070384: Epoch 13
2026-06-18 11:10:31.070664: Current learning rate: 0.00953
2026-06-18 11:11:24.659486: train_loss -0.3799
2026-06-18 11:11:24.660054: val_loss -0.0427
2026-06-18 11:11:24.660196: Pseudo dice [np.float32(0.6565)]
2026-06-18 11:11:24.660369: Epoch time: 53.59 s
2026-06-18 11:11:24.660503: Yayy! New best EMA pseudo Dice: 0.6420000195503235
2026-06-18 11:11:26.798960: 
2026-06-18 11:11:26.799526: Epoch 14
2026-06-18 11:11:26.799803: Current learning rate: 0.00949
2026-06-18 11:12:20.130070: train_loss -0.3645
2026-06-18 11:12:20.130585: val_loss -0.1292
2026-06-18 11:12:20.130734: Pseudo dice [np.float32(0.7027)]
2026-06-18 11:12:20.130912: Epoch time: 53.33 s
2026-06-18 11:12:20.131044: Yayy! New best EMA pseudo Dice: 0.6481000185012817
2026-06-18 11:12:22.284415: 
2026-06-18 11:12:22.285004: Epoch 15
2026-06-18 11:12:22.285326: Current learning rate: 0.00946
2026-06-18 11:13:15.584763: train_loss -0.3515
2026-06-18 11:13:15.585280: val_loss -0.0809
2026-06-18 11:13:15.585445: Pseudo dice [np.float32(0.6893)]
2026-06-18 11:13:15.585637: Epoch time: 53.3 s
2026-06-18 11:13:15.585778: Yayy! New best EMA pseudo Dice: 0.6521999835968018
2026-06-18 11:13:17.773371: 
2026-06-18 11:13:17.773773: Epoch 16
2026-06-18 11:13:17.773949: Current learning rate: 0.00942
2026-06-18 11:14:11.405767: train_loss -0.3979
2026-06-18 11:14:11.406303: val_loss -0.2436
2026-06-18 11:14:11.406445: Pseudo dice [np.float32(0.7338)]
2026-06-18 11:14:11.406622: Epoch time: 53.64 s
2026-06-18 11:14:11.406756: Yayy! New best EMA pseudo Dice: 0.6603999733924866
2026-06-18 11:14:14.036000: 
2026-06-18 11:14:14.036367: Epoch 17
2026-06-18 11:14:14.036548: Current learning rate: 0.00939
2026-06-18 11:15:07.415956: train_loss -0.3885
2026-06-18 11:15:07.416477: val_loss -0.1128
2026-06-18 11:15:07.416663: Pseudo dice [np.float32(0.6801)]
2026-06-18 11:15:07.416855: Epoch time: 53.38 s
2026-06-18 11:15:07.416996: Yayy! New best EMA pseudo Dice: 0.6622999906539917
2026-06-18 11:15:09.633354: 
2026-06-18 11:15:09.633779: Epoch 18
2026-06-18 11:15:09.634047: Current learning rate: 0.00935
2026-06-18 11:16:02.811292: train_loss -0.3993
2026-06-18 11:16:02.811805: val_loss -0.1772
2026-06-18 11:16:02.811948: Pseudo dice [np.float32(0.7246)]
2026-06-18 11:16:02.812124: Epoch time: 53.18 s
2026-06-18 11:16:02.812249: Yayy! New best EMA pseudo Dice: 0.6686000227928162
2026-06-18 11:16:04.988798: 
2026-06-18 11:16:04.989244: Epoch 19
2026-06-18 11:16:04.989530: Current learning rate: 0.00931
2026-06-18 11:16:58.299137: train_loss -0.4189
2026-06-18 11:16:58.299680: val_loss -0.1773
2026-06-18 11:16:58.299841: Pseudo dice [np.float32(0.7113)]
2026-06-18 11:16:58.300021: Epoch time: 53.31 s
2026-06-18 11:16:58.300162: Yayy! New best EMA pseudo Dice: 0.6728000044822693
2026-06-18 11:17:00.506167: 
2026-06-18 11:17:00.506648: Epoch 20
2026-06-18 11:17:00.506897: Current learning rate: 0.00928
2026-06-18 11:17:54.086539: train_loss -0.4292
2026-06-18 11:17:54.087106: val_loss -0.1266
2026-06-18 11:17:54.087259: Pseudo dice [np.float32(0.7088)]
2026-06-18 11:17:54.087448: Epoch time: 53.58 s
2026-06-18 11:17:54.087604: Yayy! New best EMA pseudo Dice: 0.6764000058174133
2026-06-18 11:17:56.317143: 
2026-06-18 11:17:56.317549: Epoch 21
2026-06-18 11:17:56.317814: Current learning rate: 0.00924
2026-06-18 11:18:49.538637: train_loss -0.4227
2026-06-18 11:18:49.539065: val_loss -0.1535
2026-06-18 11:18:49.539207: Pseudo dice [np.float32(0.6996)]
2026-06-18 11:18:49.539378: Epoch time: 53.22 s
2026-06-18 11:18:49.539506: Yayy! New best EMA pseudo Dice: 0.6786999702453613
2026-06-18 11:18:51.696085: 
2026-06-18 11:18:51.696572: Epoch 22
2026-06-18 11:18:51.696799: Current learning rate: 0.0092
2026-06-18 11:19:45.041762: train_loss -0.4188
2026-06-18 11:19:45.042303: val_loss -0.215
2026-06-18 11:19:45.042475: Pseudo dice [np.float32(0.7316)]
2026-06-18 11:19:45.042674: Epoch time: 53.35 s
2026-06-18 11:19:45.042818: Yayy! New best EMA pseudo Dice: 0.6840000152587891
2026-06-18 11:19:47.202813: 
2026-06-18 11:19:47.203273: Epoch 23
2026-06-18 11:19:47.203451: Current learning rate: 0.00917
2026-06-18 11:20:40.486414: train_loss -0.356
2026-06-18 11:20:40.487015: val_loss -0.1672
2026-06-18 11:20:40.487162: Pseudo dice [np.float32(0.711)]
2026-06-18 11:20:40.487329: Epoch time: 53.29 s
2026-06-18 11:20:40.487465: Yayy! New best EMA pseudo Dice: 0.6866999864578247
2026-06-18 11:20:42.598352: 
2026-06-18 11:20:42.598831: Epoch 24
2026-06-18 11:20:42.599103: Current learning rate: 0.00913
2026-06-18 11:21:36.111378: train_loss -0.3547
2026-06-18 11:21:36.112004: val_loss -0.0862
2026-06-18 11:21:36.112159: Pseudo dice [np.float32(0.6587)]
2026-06-18 11:21:36.112329: Epoch time: 53.52 s
2026-06-18 11:21:37.817406: 
2026-06-18 11:21:37.817863: Epoch 25
2026-06-18 11:21:37.818180: Current learning rate: 0.0091
2026-06-18 11:22:31.706128: train_loss -0.3834
2026-06-18 11:22:31.706693: val_loss -0.1696
2026-06-18 11:22:31.706842: Pseudo dice [np.float32(0.734)]
2026-06-18 11:22:31.707005: Epoch time: 53.89 s
2026-06-18 11:22:31.707130: Yayy! New best EMA pseudo Dice: 0.6888999938964844
2026-06-18 11:22:34.142811: 
2026-06-18 11:22:34.143296: Epoch 26
2026-06-18 11:22:34.143541: Current learning rate: 0.00906
2026-06-18 11:23:27.712857: train_loss -0.4035
2026-06-18 11:23:27.713375: val_loss -0.2386
2026-06-18 11:23:27.713531: Pseudo dice [np.float32(0.7351)]
2026-06-18 11:23:27.713693: Epoch time: 53.57 s
2026-06-18 11:23:27.713815: Yayy! New best EMA pseudo Dice: 0.6934999823570251
2026-06-18 11:23:29.868612: 
2026-06-18 11:23:29.868975: Epoch 27
2026-06-18 11:23:29.869166: Current learning rate: 0.00902
2026-06-18 11:24:23.286841: train_loss -0.4105
2026-06-18 11:24:23.288477: val_loss -0.0997
2026-06-18 11:24:23.288645: Pseudo dice [np.float32(0.6732)]
2026-06-18 11:24:23.288824: Epoch time: 53.42 s
2026-06-18 11:24:25.023366: 
2026-06-18 11:24:25.023746: Epoch 28
2026-06-18 11:24:25.023915: Current learning rate: 0.00899
2026-06-18 11:25:18.371938: train_loss -0.4198
2026-06-18 11:25:18.372450: val_loss -0.2517
2026-06-18 11:25:18.372619: Pseudo dice [np.float32(0.7458)]
2026-06-18 11:25:18.372787: Epoch time: 53.35 s
2026-06-18 11:25:18.372931: Yayy! New best EMA pseudo Dice: 0.6969000101089478
2026-06-18 11:25:20.512301: 
2026-06-18 11:25:20.512678: Epoch 29
2026-06-18 11:25:20.512841: Current learning rate: 0.00895
2026-06-18 11:26:14.100052: train_loss -0.4319
2026-06-18 11:26:14.100793: val_loss -0.2834
2026-06-18 11:26:14.100938: Pseudo dice [np.float32(0.7641)]
2026-06-18 11:26:14.101099: Epoch time: 53.59 s
2026-06-18 11:26:14.101230: Yayy! New best EMA pseudo Dice: 0.7037000060081482
2026-06-18 11:26:16.290209: 
2026-06-18 11:26:16.290691: Epoch 30
2026-06-18 11:26:16.290890: Current learning rate: 0.00891
2026-06-18 11:27:09.644845: train_loss -0.4311
2026-06-18 11:27:09.645414: val_loss -0.0842
2026-06-18 11:27:09.645579: Pseudo dice [np.float32(0.6843)]
2026-06-18 11:27:09.645761: Epoch time: 53.36 s
2026-06-18 11:27:11.399944: 
2026-06-18 11:27:11.400491: Epoch 31
2026-06-18 11:27:11.400854: Current learning rate: 0.00888
2026-06-18 11:28:04.763940: train_loss -0.3871
2026-06-18 11:28:04.764458: val_loss -0.1996
2026-06-18 11:28:04.764624: Pseudo dice [np.float32(0.7342)]
2026-06-18 11:28:04.764807: Epoch time: 53.37 s
2026-06-18 11:28:04.764949: Yayy! New best EMA pseudo Dice: 0.7049999833106995
2026-06-18 11:28:08.777325: 
2026-06-18 11:28:08.777651: Epoch 32
2026-06-18 11:28:08.777954: Current learning rate: 0.00884
2026-06-18 11:29:02.031691: train_loss -0.4344
2026-06-18 11:29:02.032130: val_loss -0.2677
2026-06-18 11:29:02.032270: Pseudo dice [np.float32(0.7376)]
2026-06-18 11:29:02.032431: Epoch time: 53.26 s
2026-06-18 11:29:02.032566: Yayy! New best EMA pseudo Dice: 0.7081999778747559
2026-06-18 11:29:04.684912: 
2026-06-18 11:29:04.685367: Epoch 33
2026-06-18 11:29:04.685535: Current learning rate: 0.0088
2026-06-18 11:29:58.095962: train_loss -0.4291
2026-06-18 11:29:58.096487: val_loss -0.2079
2026-06-18 11:29:58.096644: Pseudo dice [np.float32(0.7341)]
2026-06-18 11:29:58.096809: Epoch time: 53.41 s
2026-06-18 11:29:58.096938: Yayy! New best EMA pseudo Dice: 0.7107999920845032
2026-06-18 11:30:00.666690: 
2026-06-18 11:30:00.667027: Epoch 34
2026-06-18 11:30:00.667202: Current learning rate: 0.00877
2026-06-18 11:30:54.000040: train_loss -0.4395
2026-06-18 11:30:54.000550: val_loss -0.25
2026-06-18 11:30:54.000758: Pseudo dice [np.float32(0.7493)]
2026-06-18 11:30:54.000928: Epoch time: 53.34 s
2026-06-18 11:30:54.001054: Yayy! New best EMA pseudo Dice: 0.7146999835968018
2026-06-18 11:30:56.211788: 
2026-06-18 11:30:56.212254: Epoch 35
2026-06-18 11:30:56.212553: Current learning rate: 0.00873
2026-06-18 11:31:49.469345: train_loss -0.4297
2026-06-18 11:31:49.469844: val_loss -0.0751
2026-06-18 11:31:49.470005: Pseudo dice [np.float32(0.6871)]
2026-06-18 11:31:49.470184: Epoch time: 53.26 s
2026-06-18 11:31:51.218524: 
2026-06-18 11:31:51.219014: Epoch 36
2026-06-18 11:31:51.219271: Current learning rate: 0.00869
2026-06-18 11:32:44.707580: train_loss -0.4481
2026-06-18 11:32:44.708143: val_loss -0.1809
2026-06-18 11:32:44.708303: Pseudo dice [np.float32(0.7091)]
2026-06-18 11:32:44.708482: Epoch time: 53.49 s
2026-06-18 11:32:46.477056: 
2026-06-18 11:32:46.477470: Epoch 37
2026-06-18 11:32:46.477650: Current learning rate: 0.00866
2026-06-18 11:33:39.723897: train_loss -0.4211
2026-06-18 11:33:39.724557: val_loss -0.0972
2026-06-18 11:33:39.724722: Pseudo dice [np.float32(0.6993)]
2026-06-18 11:33:39.724910: Epoch time: 53.25 s
2026-06-18 11:33:41.495583: 
2026-06-18 11:33:41.496035: Epoch 38
2026-06-18 11:33:41.496259: Current learning rate: 0.00862
2026-06-18 11:34:34.748312: train_loss -0.4563
2026-06-18 11:34:34.748971: val_loss -0.1844
2026-06-18 11:34:34.749119: Pseudo dice [np.float32(0.7275)]
2026-06-18 11:34:34.749286: Epoch time: 53.26 s
2026-06-18 11:34:36.505452: 
2026-06-18 11:34:36.505766: Epoch 39
2026-06-18 11:34:36.505955: Current learning rate: 0.00858
2026-06-18 11:35:29.762871: train_loss -0.4235
2026-06-18 11:35:29.763428: val_loss -0.1349
2026-06-18 11:35:29.763584: Pseudo dice [np.float32(0.681)]
2026-06-18 11:35:29.763753: Epoch time: 53.26 s
2026-06-18 11:35:31.524232: 
2026-06-18 11:35:31.524689: Epoch 40
2026-06-18 11:35:31.524885: Current learning rate: 0.00855
2026-06-18 11:36:25.232761: train_loss -0.4474
2026-06-18 11:36:25.233163: val_loss -0.0623
2026-06-18 11:36:25.233308: Pseudo dice [np.float32(0.6747)]
2026-06-18 11:36:25.233471: Epoch time: 53.71 s
2026-06-18 11:36:27.005201: 
2026-06-18 11:36:27.005671: Epoch 41
2026-06-18 11:36:27.005994: Current learning rate: 0.00851
2026-06-18 11:37:20.609990: train_loss -0.4393
2026-06-18 11:37:20.610651: val_loss -0.1363
2026-06-18 11:37:20.610823: Pseudo dice [np.float32(0.6918)]
2026-06-18 11:37:20.611014: Epoch time: 53.61 s
2026-06-18 11:37:22.324356: 
2026-06-18 11:37:22.324798: Epoch 42
2026-06-18 11:37:22.325118: Current learning rate: 0.00847
2026-06-18 11:38:15.406884: train_loss -0.4408
2026-06-18 11:38:15.407639: val_loss -0.1098
2026-06-18 11:38:15.407782: Pseudo dice [np.float32(0.6773)]
2026-06-18 11:38:15.407948: Epoch time: 53.09 s
2026-06-18 11:38:17.135178: 
2026-06-18 11:38:17.135536: Epoch 43
2026-06-18 11:38:17.135784: Current learning rate: 0.00844
2026-06-18 11:39:10.659509: train_loss -0.4461
2026-06-18 11:39:10.660122: val_loss -0.0926
2026-06-18 11:39:10.660290: Pseudo dice [np.float32(0.6756)]
2026-06-18 11:39:10.660478: Epoch time: 53.53 s
2026-06-18 11:39:12.370952: 
2026-06-18 11:39:12.371395: Epoch 44
2026-06-18 11:39:12.371591: Current learning rate: 0.0084
2026-06-18 11:40:05.739480: train_loss -0.437
2026-06-18 11:40:05.740100: val_loss -0.2216
2026-06-18 11:40:05.740238: Pseudo dice [np.float32(0.7481)]
2026-06-18 11:40:05.740402: Epoch time: 53.37 s
2026-06-18 11:40:07.450903: 
2026-06-18 11:40:07.451279: Epoch 45
2026-06-18 11:40:07.451449: Current learning rate: 0.00836
2026-06-18 11:41:01.093624: train_loss -0.3202
2026-06-18 11:41:01.094362: val_loss -0.203
2026-06-18 11:41:01.094527: Pseudo dice [np.float32(0.7312)]
2026-06-18 11:41:01.094704: Epoch time: 53.65 s
2026-06-18 11:41:02.818421: 
2026-06-18 11:41:02.818919: Epoch 46
2026-06-18 11:41:02.819252: Current learning rate: 0.00833
2026-06-18 11:41:56.314535: train_loss -0.4019
2026-06-18 11:41:56.315069: val_loss -0.2417
2026-06-18 11:41:56.315237: Pseudo dice [np.float32(0.7477)]
2026-06-18 11:41:56.315420: Epoch time: 53.5 s
2026-06-18 11:41:58.030124: 
2026-06-18 11:41:58.030512: Epoch 47
2026-06-18 11:41:58.030690: Current learning rate: 0.00829
2026-06-18 11:42:51.636178: train_loss -0.4492
2026-06-18 11:42:51.636727: val_loss -0.1404
2026-06-18 11:42:51.636897: Pseudo dice [np.float32(0.7048)]
2026-06-18 11:42:51.637071: Epoch time: 53.61 s
2026-06-18 11:42:53.370430: 
2026-06-18 11:42:53.370874: Epoch 48
2026-06-18 11:42:53.371256: Current learning rate: 0.00825
2026-06-18 11:43:46.897239: train_loss -0.4452
2026-06-18 11:43:46.897702: val_loss -0.2044
2026-06-18 11:43:46.897843: Pseudo dice [np.float32(0.7451)]
2026-06-18 11:43:46.898006: Epoch time: 53.53 s
2026-06-18 11:43:48.623971: 
2026-06-18 11:43:48.624367: Epoch 49
2026-06-18 11:43:48.624577: Current learning rate: 0.00822
2026-06-18 11:44:42.260225: train_loss -0.4333
2026-06-18 11:44:42.260755: val_loss -0.1665
2026-06-18 11:44:42.260943: Pseudo dice [np.float32(0.7289)]
2026-06-18 11:44:42.261115: Epoch time: 53.64 s
2026-06-18 11:44:42.727631: Yayy! New best EMA pseudo Dice: 0.7150999903678894
2026-06-18 11:44:45.251405: 
2026-06-18 11:44:45.251865: Epoch 50
2026-06-18 11:44:45.252031: Current learning rate: 0.00818
2026-06-18 11:45:38.772094: train_loss -0.4156
2026-06-18 11:45:38.772573: val_loss -0.137
2026-06-18 11:45:38.772727: Pseudo dice [np.float32(0.7015)]
2026-06-18 11:45:38.772903: Epoch time: 53.52 s
2026-06-18 11:45:40.525227: 
2026-06-18 11:45:40.525647: Epoch 51
2026-06-18 11:45:40.525851: Current learning rate: 0.00814
2026-06-18 11:46:34.043197: train_loss -0.4571
2026-06-18 11:46:34.043778: val_loss -0.234
2026-06-18 11:46:34.043928: Pseudo dice [np.float32(0.7294)]
2026-06-18 11:46:34.044099: Epoch time: 53.52 s
2026-06-18 11:46:34.044240: Yayy! New best EMA pseudo Dice: 0.7153000235557556
2026-06-18 11:46:36.278232: 
2026-06-18 11:46:36.278652: Epoch 52
2026-06-18 11:46:36.278839: Current learning rate: 0.00811
2026-06-18 11:47:29.694527: train_loss -0.4542
2026-06-18 11:47:29.695428: val_loss -0.1231
2026-06-18 11:47:29.695858: Pseudo dice [np.float32(0.6721)]
2026-06-18 11:47:29.696120: Epoch time: 53.42 s
2026-06-18 11:47:31.441686: 
2026-06-18 11:47:31.442032: Epoch 53
2026-06-18 11:47:31.442282: Current learning rate: 0.00807
2026-06-18 11:48:24.759663: train_loss -0.458
2026-06-18 11:48:24.760171: val_loss -0.1583
2026-06-18 11:48:24.760313: Pseudo dice [np.float32(0.7082)]
2026-06-18 11:48:24.760484: Epoch time: 53.32 s
2026-06-18 11:48:26.505626: 
2026-06-18 11:48:26.506086: Epoch 54
2026-06-18 11:48:26.506363: Current learning rate: 0.00803
2026-06-18 11:49:19.905206: train_loss -0.4269
2026-06-18 11:49:19.905827: val_loss -0.2055
2026-06-18 11:49:19.906006: Pseudo dice [np.float32(0.726)]
2026-06-18 11:49:19.906195: Epoch time: 53.4 s
2026-06-18 11:49:21.671499: 
2026-06-18 11:49:21.671893: Epoch 55
2026-06-18 11:49:21.672171: Current learning rate: 0.008
2026-06-18 11:50:15.301862: train_loss -0.4521
2026-06-18 11:50:15.302313: val_loss -0.1158
2026-06-18 11:50:15.302462: Pseudo dice [np.float32(0.7169)]
2026-06-18 11:50:15.302651: Epoch time: 53.63 s
2026-06-18 11:50:17.064874: 
2026-06-18 11:50:17.065189: Epoch 56
2026-06-18 11:50:17.065383: Current learning rate: 0.00796
2026-06-18 11:51:10.440798: train_loss -0.4672
2026-06-18 11:51:10.444695: val_loss -0.1125
2026-06-18 11:51:10.444862: Pseudo dice [np.float32(0.6955)]
2026-06-18 11:51:10.445054: Epoch time: 53.38 s
2026-06-18 11:51:12.214185: 
2026-06-18 11:51:12.214575: Epoch 57
2026-06-18 11:51:12.214842: Current learning rate: 0.00792
2026-06-18 11:52:05.652546: train_loss -0.4673
2026-06-18 11:52:05.653040: val_loss -0.3204
2026-06-18 11:52:05.653200: Pseudo dice [np.float32(0.7684)]
2026-06-18 11:52:05.653398: Epoch time: 53.44 s
2026-06-18 11:52:05.653570: Yayy! New best EMA pseudo Dice: 0.71670001745224
2026-06-18 11:52:07.827317: 
2026-06-18 11:52:07.827828: Epoch 58
2026-06-18 11:52:07.828120: Current learning rate: 0.00789
2026-06-18 11:53:01.243628: train_loss -0.4667
2026-06-18 11:53:01.244063: val_loss -0.1633
2026-06-18 11:53:01.244215: Pseudo dice [np.float32(0.7207)]
2026-06-18 11:53:01.244396: Epoch time: 53.42 s
2026-06-18 11:53:01.244545: Yayy! New best EMA pseudo Dice: 0.7171000242233276
2026-06-18 11:53:03.815015: 
2026-06-18 11:53:03.815539: Epoch 59
2026-06-18 11:53:03.816388: Current learning rate: 0.00785
2026-06-18 11:53:56.997203: train_loss -0.4574
2026-06-18 11:53:56.997672: val_loss -0.0732
2026-06-18 11:53:56.997824: Pseudo dice [np.float32(0.6707)]
2026-06-18 11:53:56.998001: Epoch time: 53.19 s
2026-06-18 11:53:58.748071: 
2026-06-18 11:53:58.748480: Epoch 60
2026-06-18 11:53:58.748770: Current learning rate: 0.00781
2026-06-18 11:54:52.038605: train_loss -0.4663
2026-06-18 11:54:52.039156: val_loss -0.0935
2026-06-18 11:54:52.039330: Pseudo dice [np.float32(0.6964)]
2026-06-18 11:54:52.039552: Epoch time: 53.29 s
2026-06-18 11:54:53.799917: 
2026-06-18 11:54:53.800427: Epoch 61
2026-06-18 11:54:53.800729: Current learning rate: 0.00777
2026-06-18 11:55:47.413114: train_loss -0.4617
2026-06-18 11:55:47.413620: val_loss -0.294
2026-06-18 11:55:47.413760: Pseudo dice [np.float32(0.7499)]
2026-06-18 11:55:47.413924: Epoch time: 53.62 s
2026-06-18 11:55:49.143666: 
2026-06-18 11:55:49.144107: Epoch 62
2026-06-18 11:55:49.144362: Current learning rate: 0.00774
2026-06-18 11:56:42.437485: train_loss -0.4596
2026-06-18 11:56:42.438092: val_loss -0.1511
2026-06-18 11:56:42.438236: Pseudo dice [np.float32(0.7032)]
2026-06-18 11:56:42.438404: Epoch time: 53.3 s
2026-06-18 11:56:44.173422: 
2026-06-18 11:56:44.173806: Epoch 63
2026-06-18 11:56:44.174121: Current learning rate: 0.0077
2026-06-18 11:57:37.622565: train_loss -0.474
2026-06-18 11:57:37.623165: val_loss -0.2373
2026-06-18 11:57:37.623315: Pseudo dice [np.float32(0.7296)]
2026-06-18 11:57:37.623487: Epoch time: 53.45 s
2026-06-18 11:57:39.352717: 
2026-06-18 11:57:39.353023: Epoch 64
2026-06-18 11:57:39.353195: Current learning rate: 0.00766
2026-06-18 11:58:32.982317: train_loss -0.4515
2026-06-18 11:58:32.982994: val_loss -0.0163
2026-06-18 11:58:32.983150: Pseudo dice [np.float32(0.6688)]
2026-06-18 11:58:32.983316: Epoch time: 53.63 s
2026-06-18 11:58:34.725513: 
2026-06-18 11:58:34.726017: Epoch 65
2026-06-18 11:58:34.726343: Current learning rate: 0.00763
2026-06-18 11:59:28.203535: train_loss -0.4379
2026-06-18 11:59:28.204171: val_loss -0.2052
2026-06-18 11:59:28.204345: Pseudo dice [np.float32(0.7223)]
2026-06-18 11:59:28.204541: Epoch time: 53.48 s
2026-06-18 11:59:29.940359: 
2026-06-18 11:59:29.940762: Epoch 66
2026-06-18 11:59:29.940934: Current learning rate: 0.00759
2026-06-18 12:00:23.514375: train_loss -0.4689
2026-06-18 12:00:23.514874: val_loss -0.0754
2026-06-18 12:00:23.515031: Pseudo dice [np.float32(0.6926)]
2026-06-18 12:00:23.515200: Epoch time: 53.58 s
2026-06-18 12:00:25.628370: 
2026-06-18 12:00:25.628760: Epoch 67
2026-06-18 12:00:25.629036: Current learning rate: 0.00755
2026-06-18 12:01:18.908178: train_loss -0.4566
2026-06-18 12:01:18.908802: val_loss -0.2254
2026-06-18 12:01:18.908981: Pseudo dice [np.float32(0.7546)]
2026-06-18 12:01:18.909178: Epoch time: 53.28 s
2026-06-18 12:01:20.693374: 
2026-06-18 12:01:20.693736: Epoch 68
2026-06-18 12:01:20.693926: Current learning rate: 0.00751
2026-06-18 12:02:14.261230: train_loss -0.4475
2026-06-18 12:02:14.261784: val_loss -0.2164
2026-06-18 12:02:14.261947: Pseudo dice [np.float32(0.7529)]
2026-06-18 12:02:14.262125: Epoch time: 53.57 s
2026-06-18 12:02:14.262273: Yayy! New best EMA pseudo Dice: 0.7182000279426575
2026-06-18 12:02:16.490399: 
2026-06-18 12:02:16.490777: Epoch 69
2026-06-18 12:02:16.490978: Current learning rate: 0.00748
2026-06-18 12:03:10.131333: train_loss -0.4452
2026-06-18 12:03:10.131879: val_loss -0.2268
2026-06-18 12:03:10.132037: Pseudo dice [np.float32(0.7401)]
2026-06-18 12:03:10.132219: Epoch time: 53.64 s
2026-06-18 12:03:10.132419: Yayy! New best EMA pseudo Dice: 0.7203999757766724
2026-06-18 12:03:12.344159: 
2026-06-18 12:03:12.344508: Epoch 70
2026-06-18 12:03:12.344699: Current learning rate: 0.00744
2026-06-18 12:04:05.777735: train_loss -0.4633
2026-06-18 12:04:05.778221: val_loss -0.2336
2026-06-18 12:04:05.778366: Pseudo dice [np.float32(0.7323)]
2026-06-18 12:04:05.778546: Epoch time: 53.44 s
2026-06-18 12:04:05.778676: Yayy! New best EMA pseudo Dice: 0.7215999960899353
2026-06-18 12:04:07.991067: 
2026-06-18 12:04:07.991540: Epoch 71
2026-06-18 12:04:07.991714: Current learning rate: 0.0074
2026-06-18 12:05:01.435681: train_loss -0.4837
2026-06-18 12:05:01.436736: val_loss -0.2761
2026-06-18 12:05:01.436883: Pseudo dice [np.float32(0.7484)]
2026-06-18 12:05:01.437051: Epoch time: 53.45 s
2026-06-18 12:05:01.437181: Yayy! New best EMA pseudo Dice: 0.7243000268936157
2026-06-18 12:05:03.729094: 
2026-06-18 12:05:03.729465: Epoch 72
2026-06-18 12:05:03.729680: Current learning rate: 0.00737
2026-06-18 12:05:57.319741: train_loss -0.4653
2026-06-18 12:05:57.320594: val_loss -0.3251
2026-06-18 12:05:57.321133: Pseudo dice [np.float32(0.7647)]
2026-06-18 12:05:57.321338: Epoch time: 53.59 s
2026-06-18 12:05:57.321478: Yayy! New best EMA pseudo Dice: 0.7282999753952026
2026-06-18 12:05:59.576683: 
2026-06-18 12:05:59.577240: Epoch 73
2026-06-18 12:05:59.577513: Current learning rate: 0.00733
2026-06-18 12:06:53.079950: train_loss -0.4619
2026-06-18 12:06:53.080420: val_loss -0.1677
2026-06-18 12:06:53.080570: Pseudo dice [np.float32(0.7037)]
2026-06-18 12:06:53.080745: Epoch time: 53.51 s
2026-06-18 12:06:54.851358: 
2026-06-18 12:06:54.851724: Epoch 74
2026-06-18 12:06:54.851893: Current learning rate: 0.00729
2026-06-18 12:07:48.285401: train_loss -0.4478
2026-06-18 12:07:48.285950: val_loss -0.0996
2026-06-18 12:07:48.286106: Pseudo dice [np.float32(0.6441)]
2026-06-18 12:07:48.286283: Epoch time: 53.44 s
2026-06-18 12:07:50.413958: 
2026-06-18 12:07:50.414404: Epoch 75
2026-06-18 12:07:50.414652: Current learning rate: 0.00725
2026-06-18 12:08:43.745201: train_loss -0.4619
2026-06-18 12:08:43.745649: val_loss -0.1306
2026-06-18 12:08:43.745789: Pseudo dice [np.float32(0.7025)]
2026-06-18 12:08:43.745955: Epoch time: 53.33 s
2026-06-18 12:08:45.505466: 
2026-06-18 12:08:45.505875: Epoch 76
2026-06-18 12:08:45.506050: Current learning rate: 0.00722
2026-06-18 12:09:39.037160: train_loss -0.4753
2026-06-18 12:09:39.037821: val_loss -0.1401
2026-06-18 12:09:39.038014: Pseudo dice [np.float32(0.7047)]
2026-06-18 12:09:39.038208: Epoch time: 53.53 s
2026-06-18 12:09:40.784622: 
2026-06-18 12:09:40.785061: Epoch 77
2026-06-18 12:09:40.785238: Current learning rate: 0.00718
2026-06-18 12:10:34.033180: train_loss -0.4657
2026-06-18 12:10:34.033633: val_loss -0.1892
2026-06-18 12:10:34.033789: Pseudo dice [np.float32(0.7353)]
2026-06-18 12:10:34.033972: Epoch time: 53.25 s
2026-06-18 12:10:35.832578: 
2026-06-18 12:10:35.833139: Epoch 78
2026-06-18 12:10:35.833326: Current learning rate: 0.00714
2026-06-18 12:11:29.003961: train_loss -0.4751
2026-06-18 12:11:29.004392: val_loss -0.185
2026-06-18 12:11:29.004542: Pseudo dice [np.float32(0.7031)]
2026-06-18 12:11:29.004717: Epoch time: 53.17 s
2026-06-18 12:11:30.776287: 
2026-06-18 12:11:30.776670: Epoch 79
2026-06-18 12:11:30.776871: Current learning rate: 0.0071
2026-06-18 12:12:24.352975: train_loss -0.4435
2026-06-18 12:12:24.353510: val_loss -0.1255
2026-06-18 12:12:24.353682: Pseudo dice [np.float32(0.6964)]
2026-06-18 12:12:24.353862: Epoch time: 53.58 s
2026-06-18 12:12:26.134772: 
2026-06-18 12:12:26.135108: Epoch 80
2026-06-18 12:12:26.135266: Current learning rate: 0.00707
2026-06-18 12:13:19.486145: train_loss -0.4593
2026-06-18 12:13:19.486798: val_loss -0.0324
2026-06-18 12:13:19.486947: Pseudo dice [np.float32(0.6771)]
2026-06-18 12:13:19.487115: Epoch time: 53.35 s
2026-06-18 12:13:21.281907: 
2026-06-18 12:13:21.282351: Epoch 81
2026-06-18 12:13:21.282669: Current learning rate: 0.00703
2026-06-18 12:14:14.627998: train_loss -0.4662
2026-06-18 12:14:14.628468: val_loss -0.1244
2026-06-18 12:14:14.628623: Pseudo dice [np.float32(0.7138)]
2026-06-18 12:14:14.628797: Epoch time: 53.35 s
2026-06-18 12:14:16.422202: 
2026-06-18 12:14:16.422559: Epoch 82
2026-06-18 12:14:16.422748: Current learning rate: 0.00699
2026-06-18 12:15:09.805485: train_loss -0.4761
2026-06-18 12:15:09.806110: val_loss -0.1972
2026-06-18 12:15:09.806266: Pseudo dice [np.float32(0.7427)]
2026-06-18 12:15:09.806445: Epoch time: 53.39 s
2026-06-18 12:15:11.538909: 
2026-06-18 12:15:11.539331: Epoch 83
2026-06-18 12:15:11.540046: Current learning rate: 0.00696
2026-06-18 12:16:04.962032: train_loss -0.4722
2026-06-18 12:16:04.962719: val_loss -0.1986
2026-06-18 12:16:04.962893: Pseudo dice [np.float32(0.7366)]
2026-06-18 12:16:04.963083: Epoch time: 53.43 s
2026-06-18 12:16:07.074122: 
2026-06-18 12:16:07.074628: Epoch 84
2026-06-18 12:16:07.074884: Current learning rate: 0.00692
2026-06-18 12:17:00.510448: train_loss -0.4606
2026-06-18 12:17:00.511131: val_loss 0.0715
2026-06-18 12:17:00.511297: Pseudo dice [np.float32(0.6434)]
2026-06-18 12:17:00.511477: Epoch time: 53.44 s
2026-06-18 12:17:02.260724: 
2026-06-18 12:17:02.261158: Epoch 85
2026-06-18 12:17:02.261367: Current learning rate: 0.00688
2026-06-18 12:17:55.647175: train_loss -0.4765
2026-06-18 12:17:55.647679: val_loss -0.2451
2026-06-18 12:17:55.647834: Pseudo dice [np.float32(0.7365)]
2026-06-18 12:17:55.648010: Epoch time: 53.39 s
2026-06-18 12:17:57.379918: 
2026-06-18 12:17:57.380285: Epoch 86
2026-06-18 12:17:57.380613: Current learning rate: 0.00684
2026-06-18 12:18:50.978468: train_loss -0.4562
2026-06-18 12:18:50.979121: val_loss -0.2938
2026-06-18 12:18:50.979271: Pseudo dice [np.float32(0.7623)]
2026-06-18 12:18:50.979457: Epoch time: 53.6 s
2026-06-18 12:18:52.732666: 
2026-06-18 12:18:52.733130: Epoch 87
2026-06-18 12:18:52.733440: Current learning rate: 0.0068
2026-06-18 12:19:46.491070: train_loss -0.4625
2026-06-18 12:19:46.491613: val_loss -0.2469
2026-06-18 12:19:46.491755: Pseudo dice [np.float32(0.7393)]
2026-06-18 12:19:46.491920: Epoch time: 53.76 s
2026-06-18 12:19:48.235979: 
2026-06-18 12:19:48.236349: Epoch 88
2026-06-18 12:19:48.236601: Current learning rate: 0.00677
2026-06-18 12:20:41.894083: train_loss -0.4688
2026-06-18 12:20:41.894790: val_loss -0.2339
2026-06-18 12:20:41.894942: Pseudo dice [np.float32(0.7349)]
2026-06-18 12:20:41.895136: Epoch time: 53.66 s
2026-06-18 12:20:43.658176: 
2026-06-18 12:20:43.658499: Epoch 89
2026-06-18 12:20:43.658758: Current learning rate: 0.00673
2026-06-18 12:21:37.280117: train_loss -0.4854
2026-06-18 12:21:37.280610: val_loss -0.3232
2026-06-18 12:21:37.280764: Pseudo dice [np.float32(0.776)]
2026-06-18 12:21:37.280942: Epoch time: 53.63 s
2026-06-18 12:21:39.005629: 
2026-06-18 12:21:39.005994: Epoch 90
2026-06-18 12:21:39.006154: Current learning rate: 0.00669
2026-06-18 12:22:32.787368: train_loss -0.4799
2026-06-18 12:22:32.787952: val_loss -0.2801
2026-06-18 12:22:32.788100: Pseudo dice [np.float32(0.7524)]
2026-06-18 12:22:32.788323: Epoch time: 53.78 s
2026-06-18 12:22:32.788467: Yayy! New best EMA pseudo Dice: 0.728600025177002
2026-06-18 12:22:35.065773: 
2026-06-18 12:22:35.066241: Epoch 91
2026-06-18 12:22:35.066431: Current learning rate: 0.00665
2026-06-18 12:23:28.508808: train_loss -0.4937
2026-06-18 12:23:28.509354: val_loss -0.2188
2026-06-18 12:23:28.509543: Pseudo dice [np.float32(0.737)]
2026-06-18 12:23:28.509727: Epoch time: 53.45 s
2026-06-18 12:23:28.509874: Yayy! New best EMA pseudo Dice: 0.7294999957084656
2026-06-18 12:23:30.694767: 
2026-06-18 12:23:30.695227: Epoch 92
2026-06-18 12:23:30.695529: Current learning rate: 0.00662
2026-06-18 12:24:24.613800: train_loss -0.4661
2026-06-18 12:24:24.614471: val_loss -0.2449
2026-06-18 12:24:24.614628: Pseudo dice [np.float32(0.7422)]
2026-06-18 12:24:24.614798: Epoch time: 53.92 s
2026-06-18 12:24:24.614930: Yayy! New best EMA pseudo Dice: 0.7307999730110168
2026-06-18 12:24:27.248590: 
2026-06-18 12:24:27.248978: Epoch 93
2026-06-18 12:24:27.249136: Current learning rate: 0.00658
2026-06-18 12:25:20.814048: train_loss -0.4782
2026-06-18 12:25:20.814767: val_loss -0.1885
2026-06-18 12:25:20.814958: Pseudo dice [np.float32(0.7136)]
2026-06-18 12:25:20.815143: Epoch time: 53.57 s
2026-06-18 12:25:22.558203: 
2026-06-18 12:25:22.558671: Epoch 94
2026-06-18 12:25:22.558856: Current learning rate: 0.00654
2026-06-18 12:26:16.288669: train_loss -0.4684
2026-06-18 12:26:16.289314: val_loss -0.1376
2026-06-18 12:26:16.289474: Pseudo dice [np.float32(0.6909)]
2026-06-18 12:26:16.289667: Epoch time: 53.73 s
2026-06-18 12:26:18.030226: 
2026-06-18 12:26:18.030740: Epoch 95
2026-06-18 12:26:18.031008: Current learning rate: 0.0065
2026-06-18 12:27:11.427022: train_loss -0.4744
2026-06-18 12:27:11.427627: val_loss -0.2077
2026-06-18 12:27:11.427765: Pseudo dice [np.float32(0.7264)]
2026-06-18 12:27:11.427939: Epoch time: 53.4 s
2026-06-18 12:27:13.159843: 
2026-06-18 12:27:13.160324: Epoch 96
2026-06-18 12:27:13.160587: Current learning rate: 0.00647
2026-06-18 12:28:06.980909: train_loss -0.4865
2026-06-18 12:28:06.981365: val_loss -0.1971
2026-06-18 12:28:06.981531: Pseudo dice [np.float32(0.7067)]
2026-06-18 12:28:06.981709: Epoch time: 53.82 s
2026-06-18 12:28:08.726900: 
2026-06-18 12:28:08.727361: Epoch 97
2026-06-18 12:28:08.727551: Current learning rate: 0.00643
2026-06-18 12:29:02.102575: train_loss -0.4614
2026-06-18 12:29:02.103122: val_loss -0.1623
2026-06-18 12:29:02.103269: Pseudo dice [np.float32(0.7064)]
2026-06-18 12:29:02.103440: Epoch time: 53.38 s
2026-06-18 12:29:03.844141: 
2026-06-18 12:29:03.844660: Epoch 98
2026-06-18 12:29:03.844829: Current learning rate: 0.00639
2026-06-18 12:29:57.220250: train_loss -0.4885
2026-06-18 12:29:57.220876: val_loss -0.1654
2026-06-18 12:29:57.221029: Pseudo dice [np.float32(0.7069)]
2026-06-18 12:29:57.221207: Epoch time: 53.38 s
2026-06-18 12:29:58.988260: 
2026-06-18 12:29:58.988770: Epoch 99
2026-06-18 12:29:58.988963: Current learning rate: 0.00635
2026-06-18 12:30:52.499712: train_loss -0.4822
2026-06-18 12:30:52.500289: val_loss -0.0877
2026-06-18 12:30:52.500461: Pseudo dice [np.float32(0.666)]
2026-06-18 12:30:52.500656: Epoch time: 53.51 s
2026-06-18 12:30:54.676644: 
2026-06-18 12:30:54.677164: Epoch 100
2026-06-18 12:30:54.677372: Current learning rate: 0.00631
2026-06-18 12:31:48.034946: train_loss -0.4753
2026-06-18 12:31:48.035532: val_loss 0.0117
2026-06-18 12:31:48.035689: Pseudo dice [np.float32(0.646)]
2026-06-18 12:31:48.035860: Epoch time: 53.36 s
2026-06-18 12:31:49.785456: 
2026-06-18 12:31:49.785874: Epoch 101
2026-06-18 12:31:49.786032: Current learning rate: 0.00628
2026-06-18 12:32:43.356857: train_loss -0.4639
2026-06-18 12:32:43.357457: val_loss -0.2539
2026-06-18 12:32:43.357636: Pseudo dice [np.float32(0.7433)]
2026-06-18 12:32:43.357815: Epoch time: 53.57 s
2026-06-18 12:32:45.513123: 
2026-06-18 12:32:45.513668: Epoch 102
2026-06-18 12:32:45.513939: Current learning rate: 0.00624
2026-06-18 12:33:38.876069: train_loss -0.4798
2026-06-18 12:33:38.876583: val_loss -0.0276
2026-06-18 12:33:38.876724: Pseudo dice [np.float32(0.6639)]
2026-06-18 12:33:38.876907: Epoch time: 53.37 s
2026-06-18 12:33:40.639804: 
2026-06-18 12:33:40.640289: Epoch 103
2026-06-18 12:33:40.640461: Current learning rate: 0.0062
2026-06-18 12:34:34.024392: train_loss -0.4815
2026-06-18 12:34:34.024886: val_loss -0.2252
2026-06-18 12:34:34.025043: Pseudo dice [np.float32(0.7286)]
2026-06-18 12:34:34.025223: Epoch time: 53.39 s
2026-06-18 12:34:35.782368: 
2026-06-18 12:34:35.782894: Epoch 104
2026-06-18 12:34:35.783082: Current learning rate: 0.00616
2026-06-18 12:35:29.346002: train_loss -0.4789
2026-06-18 12:35:29.346468: val_loss -0.2138
2026-06-18 12:35:29.346644: Pseudo dice [np.float32(0.7388)]
2026-06-18 12:35:29.346810: Epoch time: 53.57 s
2026-06-18 12:35:31.113761: 
2026-06-18 12:35:31.114227: Epoch 105
2026-06-18 12:35:31.114564: Current learning rate: 0.00612
2026-06-18 12:36:24.796623: train_loss -0.4699
2026-06-18 12:36:24.797176: val_loss -0.2104
2026-06-18 12:36:24.797339: Pseudo dice [np.float32(0.7208)]
2026-06-18 12:36:24.797532: Epoch time: 53.69 s
2026-06-18 12:36:26.585620: 
2026-06-18 12:36:26.586099: Epoch 106
2026-06-18 12:36:26.586402: Current learning rate: 0.00609
2026-06-18 12:37:20.239156: train_loss -0.4667
2026-06-18 12:37:20.239706: val_loss -0.0993
2026-06-18 12:37:20.240084: Pseudo dice [np.float32(0.6972)]
2026-06-18 12:37:20.240321: Epoch time: 53.66 s
2026-06-18 12:37:22.023084: 
2026-06-18 12:37:22.023541: Epoch 107
2026-06-18 12:37:22.023842: Current learning rate: 0.00605
2026-06-18 12:38:15.951311: train_loss -0.4902
2026-06-18 12:38:15.952411: val_loss -0.2455
2026-06-18 12:38:15.952577: Pseudo dice [np.float32(0.743)]
2026-06-18 12:38:15.952749: Epoch time: 53.93 s
2026-06-18 12:38:17.706981: 
2026-06-18 12:38:17.707410: Epoch 108
2026-06-18 12:38:17.707736: Current learning rate: 0.00601
2026-06-18 12:39:11.304331: train_loss -0.4909
2026-06-18 12:39:11.304888: val_loss -0.2041
2026-06-18 12:39:11.305045: Pseudo dice [np.float32(0.7256)]
2026-06-18 12:39:11.305224: Epoch time: 53.6 s
2026-06-18 12:39:13.073846: 
2026-06-18 12:39:13.074337: Epoch 109
2026-06-18 12:39:13.074511: Current learning rate: 0.00597
2026-06-18 12:40:06.565835: train_loss -0.4818
2026-06-18 12:40:06.566309: val_loss -0.1196
2026-06-18 12:40:06.566445: Pseudo dice [np.float32(0.6915)]
2026-06-18 12:40:06.566628: Epoch time: 53.5 s
2026-06-18 12:40:08.333782: 
2026-06-18 12:40:08.334145: Epoch 110
2026-06-18 12:40:08.334303: Current learning rate: 0.00593
2026-06-18 12:41:02.122119: train_loss -0.4716
2026-06-18 12:41:02.122690: val_loss -0.1938
2026-06-18 12:41:02.122855: Pseudo dice [np.float32(0.7138)]
2026-06-18 12:41:02.123036: Epoch time: 53.79 s
2026-06-18 12:41:03.933639: 
2026-06-18 12:41:03.934154: Epoch 111
2026-06-18 12:41:03.934443: Current learning rate: 0.0059
2026-06-18 12:41:57.296403: train_loss -0.4936
2026-06-18 12:41:57.296890: val_loss -0.123
2026-06-18 12:41:57.297051: Pseudo dice [np.float32(0.7282)]
2026-06-18 12:41:57.297218: Epoch time: 53.37 s
2026-06-18 12:41:59.030773: 
2026-06-18 12:41:59.031232: Epoch 112
2026-06-18 12:41:59.031496: Current learning rate: 0.00586
2026-06-18 12:42:52.580266: train_loss -0.4962
2026-06-18 12:42:52.580793: val_loss -0.1454
2026-06-18 12:42:52.580938: Pseudo dice [np.float32(0.6964)]
2026-06-18 12:42:52.581108: Epoch time: 53.55 s
2026-06-18 12:42:54.337543: 
2026-06-18 12:42:54.337957: Epoch 113
2026-06-18 12:42:54.338139: Current learning rate: 0.00582
2026-06-18 12:43:47.784237: train_loss -0.4778
2026-06-18 12:43:47.784690: val_loss -0.1792
2026-06-18 12:43:47.784836: Pseudo dice [np.float32(0.7119)]
2026-06-18 12:43:47.785003: Epoch time: 53.45 s
2026-06-18 12:43:49.531461: 
2026-06-18 12:43:49.532026: Epoch 114
2026-06-18 12:43:49.532348: Current learning rate: 0.00578
2026-06-18 12:44:42.973751: train_loss -0.5066
2026-06-18 12:44:42.974326: val_loss -0.1487
2026-06-18 12:44:42.974475: Pseudo dice [np.float32(0.7248)]
2026-06-18 12:44:42.974653: Epoch time: 53.45 s
2026-06-18 12:44:44.727360: 
2026-06-18 12:44:44.727832: Epoch 115
2026-06-18 12:44:44.728006: Current learning rate: 0.00574
2026-06-18 12:45:37.951638: train_loss -0.4688
2026-06-18 12:45:37.952122: val_loss -0.0289
2026-06-18 12:45:37.952280: Pseudo dice [np.float32(0.6641)]
2026-06-18 12:45:37.952460: Epoch time: 53.23 s
2026-06-18 12:45:39.709131: 
2026-06-18 12:45:39.709584: Epoch 116
2026-06-18 12:45:39.709932: Current learning rate: 0.0057
2026-06-18 12:46:33.140784: train_loss -0.4642
2026-06-18 12:46:33.141384: val_loss -0.1401
2026-06-18 12:46:33.141541: Pseudo dice [np.float32(0.6984)]
2026-06-18 12:46:33.141713: Epoch time: 53.44 s
2026-06-18 12:46:34.905303: 
2026-06-18 12:46:34.905850: Epoch 117
2026-06-18 12:46:34.906149: Current learning rate: 0.00567
2026-06-18 12:47:28.367343: train_loss -0.488
2026-06-18 12:47:28.368032: val_loss -0.162
2026-06-18 12:47:28.368246: Pseudo dice [np.float32(0.7172)]
2026-06-18 12:47:28.368436: Epoch time: 53.47 s
2026-06-18 12:47:30.146950: 
2026-06-18 12:47:30.147381: Epoch 118
2026-06-18 12:47:30.147679: Current learning rate: 0.00563
2026-06-18 12:48:23.502949: train_loss -0.4771
2026-06-18 12:48:23.503542: val_loss -0.1216
2026-06-18 12:48:23.503711: Pseudo dice [np.float32(0.7095)]
2026-06-18 12:48:23.503894: Epoch time: 53.36 s
2026-06-18 12:48:25.643130: 
2026-06-18 12:48:25.643500: Epoch 119
2026-06-18 12:48:25.643766: Current learning rate: 0.00559
2026-06-18 12:49:18.946674: train_loss -0.3806
2026-06-18 12:49:18.947375: val_loss -0.1445
2026-06-18 12:49:18.947532: Pseudo dice [np.float32(0.7135)]
2026-06-18 12:49:18.947701: Epoch time: 53.31 s
2026-06-18 12:49:20.712415: 
2026-06-18 12:49:20.712931: Epoch 120
2026-06-18 12:49:20.713179: Current learning rate: 0.00555
2026-06-18 12:50:14.222088: train_loss -0.4729
2026-06-18 12:50:14.222691: val_loss -0.0866
2026-06-18 12:50:14.222850: Pseudo dice [np.float32(0.6898)]
2026-06-18 12:50:14.223032: Epoch time: 53.51 s
2026-06-18 12:50:16.003639: 
2026-06-18 12:50:16.004080: Epoch 121
2026-06-18 12:50:16.004474: Current learning rate: 0.00551
2026-06-18 12:51:09.856238: train_loss -0.4927
2026-06-18 12:51:09.856758: val_loss -0.265
2026-06-18 12:51:09.856900: Pseudo dice [np.float32(0.7487)]
2026-06-18 12:51:09.857069: Epoch time: 53.86 s
2026-06-18 12:51:11.609451: 
2026-06-18 12:51:11.610065: Epoch 122
2026-06-18 12:51:11.610350: Current learning rate: 0.00547
2026-06-18 12:52:05.049515: train_loss -0.5083
2026-06-18 12:52:05.050182: val_loss -0.0543
2026-06-18 12:52:05.050362: Pseudo dice [np.float32(0.668)]
2026-06-18 12:52:05.050551: Epoch time: 53.44 s
2026-06-18 12:52:06.812046: 
2026-06-18 12:52:06.812508: Epoch 123
2026-06-18 12:52:06.812824: Current learning rate: 0.00544
2026-06-18 12:53:00.373397: train_loss -0.478
2026-06-18 12:53:00.374026: val_loss -0.1829
2026-06-18 12:53:00.374172: Pseudo dice [np.float32(0.7248)]
2026-06-18 12:53:00.374336: Epoch time: 53.56 s
2026-06-18 12:53:02.122898: 
2026-06-18 12:53:02.123453: Epoch 124
2026-06-18 12:53:02.123718: Current learning rate: 0.0054
2026-06-18 12:53:55.351743: train_loss -0.4916
2026-06-18 12:53:55.352239: val_loss -0.2179
2026-06-18 12:53:55.352402: Pseudo dice [np.float32(0.7219)]
2026-06-18 12:53:55.352594: Epoch time: 53.23 s
2026-06-18 12:53:57.098158: 
2026-06-18 12:53:57.098672: Epoch 125
2026-06-18 12:53:57.098970: Current learning rate: 0.00536
2026-06-18 12:54:50.490154: train_loss -0.4693
2026-06-18 12:54:50.490814: val_loss -0.131
2026-06-18 12:54:50.491031: Pseudo dice [np.float32(0.7046)]
2026-06-18 12:54:50.491200: Epoch time: 53.4 s
2026-06-18 12:54:52.238228: 
2026-06-18 12:54:52.238554: Epoch 126
2026-06-18 12:54:52.238757: Current learning rate: 0.00532
2026-06-18 12:55:45.757902: train_loss -0.4628
2026-06-18 12:55:45.758336: val_loss -0.2376
2026-06-18 12:55:45.758494: Pseudo dice [np.float32(0.7312)]
2026-06-18 12:55:45.758686: Epoch time: 53.52 s
2026-06-18 12:55:47.541602: 
2026-06-18 12:55:47.542121: Epoch 127
2026-06-18 12:55:47.542445: Current learning rate: 0.00528
2026-06-18 12:56:41.311923: train_loss -0.4989
2026-06-18 12:56:41.312358: val_loss -0.0465
2026-06-18 12:56:41.312510: Pseudo dice [np.float32(0.6875)]
2026-06-18 12:56:41.312772: Epoch time: 53.77 s
2026-06-18 12:56:43.480784: 
2026-06-18 12:56:43.481163: Epoch 128
2026-06-18 12:56:43.481342: Current learning rate: 0.00524
2026-06-18 12:57:37.076317: train_loss -0.4842
2026-06-18 12:57:37.076932: val_loss -0.1229
2026-06-18 12:57:37.077076: Pseudo dice [np.float32(0.6971)]
2026-06-18 12:57:37.077241: Epoch time: 53.6 s
2026-06-18 12:57:38.828577: 
2026-06-18 12:57:38.829186: Epoch 129
2026-06-18 12:57:38.829539: Current learning rate: 0.0052
2026-06-18 12:58:33.072885: train_loss -0.4771
2026-06-18 12:58:33.073418: val_loss -0.2457
2026-06-18 12:58:33.073589: Pseudo dice [np.float32(0.7485)]
2026-06-18 12:58:33.073782: Epoch time: 54.25 s
2026-06-18 12:58:34.828748: 
2026-06-18 12:58:34.831564: Epoch 130
2026-06-18 12:58:34.831997: Current learning rate: 0.00517
2026-06-18 12:59:29.083251: train_loss -0.4825
2026-06-18 12:59:29.083817: val_loss -0.1615
2026-06-18 12:59:29.084018: Pseudo dice [np.float32(0.7119)]
2026-06-18 12:59:29.084203: Epoch time: 54.26 s
2026-06-18 12:59:30.873477: 
2026-06-18 12:59:30.873897: Epoch 131
2026-06-18 12:59:30.874088: Current learning rate: 0.00513
2026-06-18 13:00:25.311765: train_loss -0.4815
2026-06-18 13:00:25.312327: val_loss -0.2463
2026-06-18 13:00:25.312473: Pseudo dice [np.float32(0.7375)]
2026-06-18 13:00:25.312650: Epoch time: 54.44 s
2026-06-18 13:00:27.101500: 
2026-06-18 13:00:27.101929: Epoch 132
2026-06-18 13:00:27.102214: Current learning rate: 0.00509
2026-06-18 13:01:21.718414: train_loss -0.4968
2026-06-18 13:01:21.721808: val_loss -0.2963
2026-06-18 13:01:21.722708: Pseudo dice [np.float32(0.7608)]
2026-06-18 13:01:21.723121: Epoch time: 54.62 s
2026-06-18 13:01:23.489697: 
2026-06-18 13:01:23.490052: Epoch 133
2026-06-18 13:01:23.490224: Current learning rate: 0.00505
2026-06-18 13:02:18.016149: train_loss -0.496
2026-06-18 13:02:18.016667: val_loss -0.2575
2026-06-18 13:02:18.016807: Pseudo dice [np.float32(0.7502)]
2026-06-18 13:02:18.016973: Epoch time: 54.53 s
2026-06-18 13:02:19.798370: 
2026-06-18 13:02:19.798778: Epoch 134
2026-06-18 13:02:19.798953: Current learning rate: 0.00501
2026-06-18 13:03:14.064572: train_loss -0.5089
2026-06-18 13:03:14.065174: val_loss -0.0775
2026-06-18 13:03:14.065320: Pseudo dice [np.float32(0.6793)]
2026-06-18 13:03:14.065507: Epoch time: 54.27 s
2026-06-18 13:03:15.841811: 
2026-06-18 13:03:15.842295: Epoch 135
2026-06-18 13:03:15.842541: Current learning rate: 0.00497
2026-06-18 13:04:09.840770: train_loss -0.5058
2026-06-18 13:04:09.841353: val_loss -0.1705
2026-06-18 13:04:09.841567: Pseudo dice [np.float32(0.7119)]
2026-06-18 13:04:09.841759: Epoch time: 54.0 s
2026-06-18 13:04:11.622622: 
2026-06-18 13:04:11.623021: Epoch 136
2026-06-18 13:04:11.623310: Current learning rate: 0.00493
2026-06-18 13:05:05.947724: train_loss -0.4946
2026-06-18 13:05:05.948285: val_loss -0.3417
2026-06-18 13:05:05.948435: Pseudo dice [np.float32(0.7671)]
2026-06-18 13:05:05.948611: Epoch time: 54.33 s
2026-06-18 13:05:08.088780: 
2026-06-18 13:05:08.089179: Epoch 137
2026-06-18 13:05:08.089368: Current learning rate: 0.00489
2026-06-18 13:06:01.930923: train_loss -0.4971
2026-06-18 13:06:01.931920: val_loss -0.1584
2026-06-18 13:06:01.932124: Pseudo dice [np.float32(0.7132)]
2026-06-18 13:06:01.932380: Epoch time: 53.85 s
2026-06-18 13:06:03.743966: 
2026-06-18 13:06:03.744512: Epoch 138
2026-06-18 13:06:03.744870: Current learning rate: 0.00485
2026-06-18 13:06:57.649286: train_loss -0.4919
2026-06-18 13:06:57.649892: val_loss -0.2453
2026-06-18 13:06:57.650033: Pseudo dice [np.float32(0.7265)]
2026-06-18 13:06:57.650229: Epoch time: 53.91 s
2026-06-18 13:06:59.440038: 
2026-06-18 13:06:59.440546: Epoch 139
2026-06-18 13:06:59.440874: Current learning rate: 0.00482
2026-06-18 13:07:53.331212: train_loss -0.5015
2026-06-18 13:07:53.335477: val_loss -0.2202
2026-06-18 13:07:53.335643: Pseudo dice [np.float32(0.7205)]
2026-06-18 13:07:53.335812: Epoch time: 53.89 s
2026-06-18 13:07:55.147333: 
2026-06-18 13:07:55.147798: Epoch 140
2026-06-18 13:07:55.148192: Current learning rate: 0.00478
2026-06-18 13:08:49.394529: train_loss -0.4714
2026-06-18 13:08:49.395162: val_loss -0.1992
2026-06-18 13:08:49.395306: Pseudo dice [np.float32(0.7285)]
2026-06-18 13:08:49.395488: Epoch time: 54.25 s
2026-06-18 13:08:51.159875: 
2026-06-18 13:08:51.160147: Epoch 141
2026-06-18 13:08:51.160585: Current learning rate: 0.00474
2026-06-18 13:09:45.468669: train_loss -0.4941
2026-06-18 13:09:45.469451: val_loss -0.2405
2026-06-18 13:09:45.469802: Pseudo dice [np.float32(0.7353)]
2026-06-18 13:09:45.469985: Epoch time: 54.31 s
2026-06-18 13:09:47.252049: 
2026-06-18 13:09:47.252415: Epoch 142
2026-06-18 13:09:47.252692: Current learning rate: 0.0047
2026-06-18 13:10:41.150693: train_loss -0.5039
2026-06-18 13:10:41.151166: val_loss -0.1996
2026-06-18 13:10:41.151326: Pseudo dice [np.float32(0.7294)]
2026-06-18 13:10:41.151507: Epoch time: 53.9 s
2026-06-18 13:10:42.926526: 
2026-06-18 13:10:42.926884: Epoch 143
2026-06-18 13:10:42.927088: Current learning rate: 0.00466
2026-06-18 13:11:37.570195: train_loss -0.4872
2026-06-18 13:11:37.570664: val_loss -0.2984
2026-06-18 13:11:37.570811: Pseudo dice [np.float32(0.7593)]
2026-06-18 13:11:37.570980: Epoch time: 54.65 s
2026-06-18 13:11:39.367701: 
2026-06-18 13:11:39.368081: Epoch 144
2026-06-18 13:11:39.368375: Current learning rate: 0.00462
2026-06-18 13:12:33.461495: train_loss -0.4871
2026-06-18 13:12:33.462006: val_loss -0.1404
2026-06-18 13:12:33.462169: Pseudo dice [np.float32(0.7095)]
2026-06-18 13:12:33.462338: Epoch time: 54.1 s
2026-06-18 13:12:35.601832: 
2026-06-18 13:12:35.602455: Epoch 145
2026-06-18 13:12:35.602772: Current learning rate: 0.00458
2026-06-18 13:13:29.508476: train_loss -0.4874
2026-06-18 13:13:29.509170: val_loss -0.2212
2026-06-18 13:13:29.509317: Pseudo dice [np.float32(0.7205)]
2026-06-18 13:13:29.509490: Epoch time: 53.91 s
2026-06-18 13:13:31.285840: 
2026-06-18 13:13:31.286242: Epoch 146
2026-06-18 13:13:31.286394: Current learning rate: 0.00454
2026-06-18 13:14:25.318982: train_loss -0.4832
2026-06-18 13:14:25.319574: val_loss -0.2656
2026-06-18 13:14:25.319731: Pseudo dice [np.float32(0.7519)]
2026-06-18 13:14:25.319915: Epoch time: 54.04 s
2026-06-18 13:14:27.115201: 
2026-06-18 13:14:27.115555: Epoch 147
2026-06-18 13:14:27.115731: Current learning rate: 0.0045
2026-06-18 13:15:20.747087: train_loss -0.5037
2026-06-18 13:15:20.747716: val_loss -0.1674
2026-06-18 13:15:20.747889: Pseudo dice [np.float32(0.7209)]
2026-06-18 13:15:20.748069: Epoch time: 53.64 s
2026-06-18 13:15:22.511667: 
2026-06-18 13:15:22.512037: Epoch 148
2026-06-18 13:15:22.512203: Current learning rate: 0.00446
2026-06-18 13:16:16.553958: train_loss -0.5028
2026-06-18 13:16:16.554398: val_loss -0.2341
2026-06-18 13:16:16.554562: Pseudo dice [np.float32(0.7359)]
2026-06-18 13:16:16.554743: Epoch time: 54.05 s
2026-06-18 13:16:18.334636: 
2026-06-18 13:16:18.335189: Epoch 149
2026-06-18 13:16:18.335484: Current learning rate: 0.00442
2026-06-18 13:17:11.921550: train_loss -0.4925
2026-06-18 13:17:11.922191: val_loss -0.0947
2026-06-18 13:17:11.922337: Pseudo dice [np.float32(0.6814)]
2026-06-18 13:17:11.922508: Epoch time: 53.59 s
2026-06-18 13:17:14.178073: 
2026-06-18 13:17:14.178658: Epoch 150
2026-06-18 13:17:14.178974: Current learning rate: 0.00438
2026-06-18 13:18:07.838760: train_loss -0.5083
2026-06-18 13:18:07.839233: val_loss -0.2443
2026-06-18 13:18:07.839375: Pseudo dice [np.float32(0.7376)]
2026-06-18 13:18:07.839548: Epoch time: 53.66 s
2026-06-18 13:18:09.615590: 
2026-06-18 13:18:09.615940: Epoch 151
2026-06-18 13:18:09.616098: Current learning rate: 0.00434
2026-06-18 13:19:03.616771: train_loss -0.5166
2026-06-18 13:19:03.617365: val_loss -0.0594
2026-06-18 13:19:03.617533: Pseudo dice [np.float32(0.6728)]
2026-06-18 13:19:03.617707: Epoch time: 54.0 s
2026-06-18 13:19:05.419061: 
2026-06-18 13:19:05.419514: Epoch 152
2026-06-18 13:19:05.419836: Current learning rate: 0.0043
2026-06-18 13:19:59.077224: train_loss -0.5016
2026-06-18 13:19:59.077768: val_loss -0.3161
2026-06-18 13:19:59.077920: Pseudo dice [np.float32(0.7683)]
2026-06-18 13:19:59.078083: Epoch time: 53.66 s
2026-06-18 13:20:00.878483: 
2026-06-18 13:20:00.878901: Epoch 153
2026-06-18 13:20:00.879218: Current learning rate: 0.00427
2026-06-18 13:20:54.726526: train_loss -0.4801
2026-06-18 13:20:54.727269: val_loss -0.151
2026-06-18 13:20:54.727406: Pseudo dice [np.float32(0.7151)]
2026-06-18 13:20:54.727576: Epoch time: 53.85 s
2026-06-18 13:20:56.932954: 
2026-06-18 13:20:56.933417: Epoch 154
2026-06-18 13:20:56.933600: Current learning rate: 0.00423
2026-06-18 13:21:50.713677: train_loss -0.4995
2026-06-18 13:21:50.714347: val_loss -0.2873
2026-06-18 13:21:50.714508: Pseudo dice [np.float32(0.7648)]
2026-06-18 13:21:50.714703: Epoch time: 53.78 s
2026-06-18 13:21:52.523921: 
2026-06-18 13:21:52.524287: Epoch 155
2026-06-18 13:21:52.524474: Current learning rate: 0.00419
2026-06-18 13:22:46.085488: train_loss -0.4883
2026-06-18 13:22:46.086034: val_loss -0.1908
2026-06-18 13:22:46.086199: Pseudo dice [np.float32(0.707)]
2026-06-18 13:22:46.086380: Epoch time: 53.56 s
2026-06-18 13:22:47.891249: 
2026-06-18 13:22:47.891653: Epoch 156
2026-06-18 13:22:47.891854: Current learning rate: 0.00415
2026-06-18 13:23:41.899510: train_loss -0.5027
2026-06-18 13:23:41.899984: val_loss -0.297
2026-06-18 13:23:41.900133: Pseudo dice [np.float32(0.758)]
2026-06-18 13:23:41.900313: Epoch time: 54.01 s
2026-06-18 13:23:43.700270: 
2026-06-18 13:23:43.700711: Epoch 157
2026-06-18 13:23:43.700880: Current learning rate: 0.00411
2026-06-18 13:24:37.413451: train_loss -0.4927
2026-06-18 13:24:37.413976: val_loss -0.2201
2026-06-18 13:24:37.414854: Pseudo dice [np.float32(0.7487)]
2026-06-18 13:24:37.415041: Epoch time: 53.72 s
2026-06-18 13:24:37.415172: Yayy! New best EMA pseudo Dice: 0.73089998960495
2026-06-18 13:24:39.664903: 
2026-06-18 13:24:39.665478: Epoch 158
2026-06-18 13:24:39.665816: Current learning rate: 0.00407
2026-06-18 13:25:33.152047: train_loss -0.4797
2026-06-18 13:25:33.152656: val_loss -0.0632
2026-06-18 13:25:33.152821: Pseudo dice [np.float32(0.7032)]
2026-06-18 13:25:33.152996: Epoch time: 53.49 s
2026-06-18 13:25:34.959177: 
2026-06-18 13:25:34.959584: Epoch 159
2026-06-18 13:25:34.959795: Current learning rate: 0.00403
2026-06-18 13:26:28.361625: train_loss -0.498
2026-06-18 13:26:28.362133: val_loss -0.1982
2026-06-18 13:26:28.362310: Pseudo dice [np.float32(0.7345)]
2026-06-18 13:26:28.362494: Epoch time: 53.41 s
2026-06-18 13:26:30.155806: 
2026-06-18 13:26:30.156124: Epoch 160
2026-06-18 13:26:30.156330: Current learning rate: 0.00399
2026-06-18 13:27:23.654570: train_loss -0.5093
2026-06-18 13:27:23.655374: val_loss -0.1387
2026-06-18 13:27:23.655548: Pseudo dice [np.float32(0.7168)]
2026-06-18 13:27:23.655729: Epoch time: 53.5 s
2026-06-18 13:27:25.465850: 
2026-06-18 13:27:25.466250: Epoch 161
2026-06-18 13:27:25.467021: Current learning rate: 0.00395
2026-06-18 13:28:19.100839: train_loss -0.5032
2026-06-18 13:28:19.101445: val_loss -0.2986
2026-06-18 13:28:19.101622: Pseudo dice [np.float32(0.7675)]
2026-06-18 13:28:19.101806: Epoch time: 53.64 s
2026-06-18 13:28:19.101959: Yayy! New best EMA pseudo Dice: 0.7315999865531921
2026-06-18 13:28:21.790061: 
2026-06-18 13:28:21.790548: Epoch 162
2026-06-18 13:28:21.790750: Current learning rate: 0.00391
2026-06-18 13:29:15.371290: train_loss -0.4812
2026-06-18 13:29:15.371832: val_loss -0.2618
2026-06-18 13:29:15.371991: Pseudo dice [np.float32(0.7463)]
2026-06-18 13:29:15.372169: Epoch time: 53.58 s
2026-06-18 13:29:15.372310: Yayy! New best EMA pseudo Dice: 0.7329999804496765
2026-06-18 13:29:17.606355: 
2026-06-18 13:29:17.606839: Epoch 163
2026-06-18 13:29:17.607036: Current learning rate: 0.00387
2026-06-18 13:30:11.173252: train_loss -0.5093
2026-06-18 13:30:11.174232: val_loss -0.2334
2026-06-18 13:30:11.174382: Pseudo dice [np.float32(0.7388)]
2026-06-18 13:30:11.174559: Epoch time: 53.57 s
2026-06-18 13:30:11.174684: Yayy! New best EMA pseudo Dice: 0.7336000204086304
2026-06-18 13:30:13.527796: 
2026-06-18 13:30:13.528236: Epoch 164
2026-06-18 13:30:13.528401: Current learning rate: 0.00383
2026-06-18 13:31:06.957123: train_loss -0.5108
2026-06-18 13:31:06.957775: val_loss -0.2624
2026-06-18 13:31:06.957937: Pseudo dice [np.float32(0.7473)]
2026-06-18 13:31:06.958113: Epoch time: 53.43 s
2026-06-18 13:31:06.958254: Yayy! New best EMA pseudo Dice: 0.7350000143051147
2026-06-18 13:31:09.157621: 
2026-06-18 13:31:09.158041: Epoch 165
2026-06-18 13:31:09.158211: Current learning rate: 0.00379
2026-06-18 13:32:02.693723: train_loss -0.5109
2026-06-18 13:32:02.694213: val_loss -0.2249
2026-06-18 13:32:02.694386: Pseudo dice [np.float32(0.7473)]
2026-06-18 13:32:02.694577: Epoch time: 53.54 s
2026-06-18 13:32:02.694734: Yayy! New best EMA pseudo Dice: 0.7361999750137329
2026-06-18 13:32:06.470902: 
2026-06-18 13:32:06.471367: Epoch 166
2026-06-18 13:32:06.471763: Current learning rate: 0.00375
2026-06-18 13:33:00.065019: train_loss -0.5054
2026-06-18 13:33:00.065509: val_loss -0.1585
2026-06-18 13:33:00.065658: Pseudo dice [np.float32(0.7251)]
2026-06-18 13:33:00.065819: Epoch time: 53.6 s
2026-06-18 13:33:01.834497: 
2026-06-18 13:33:01.835045: Epoch 167
2026-06-18 13:33:01.835391: Current learning rate: 0.00371
2026-06-18 13:33:55.621761: train_loss -0.5026
2026-06-18 13:33:55.622210: val_loss -0.2073
2026-06-18 13:33:55.622349: Pseudo dice [np.float32(0.7381)]
2026-06-18 13:33:55.622525: Epoch time: 53.79 s
2026-06-18 13:33:57.408473: 
2026-06-18 13:33:57.408739: Epoch 168
2026-06-18 13:33:57.408899: Current learning rate: 0.00367
2026-06-18 13:34:50.872100: train_loss -0.4994
2026-06-18 13:34:50.872573: val_loss -0.2691
2026-06-18 13:34:50.872733: Pseudo dice [np.float32(0.7471)]
2026-06-18 13:34:50.872918: Epoch time: 53.47 s
2026-06-18 13:34:50.873054: Yayy! New best EMA pseudo Dice: 0.7365999817848206
2026-06-18 13:34:53.216397: 
2026-06-18 13:34:53.216847: Epoch 169
2026-06-18 13:34:53.217098: Current learning rate: 0.00363
2026-06-18 13:35:46.925842: train_loss -0.5066
2026-06-18 13:35:46.926733: val_loss -0.1776
2026-06-18 13:35:46.926873: Pseudo dice [np.float32(0.7232)]
2026-06-18 13:35:46.927039: Epoch time: 53.71 s
2026-06-18 13:35:49.114851: 
2026-06-18 13:35:49.115363: Epoch 170
2026-06-18 13:35:49.115588: Current learning rate: 0.00359
2026-06-18 13:36:42.701507: train_loss -0.5203
2026-06-18 13:36:42.702267: val_loss -0.1933
2026-06-18 13:36:42.702430: Pseudo dice [np.float32(0.7172)]
2026-06-18 13:36:42.702618: Epoch time: 53.59 s
2026-06-18 13:36:44.491591: 
2026-06-18 13:36:44.492005: Epoch 171
2026-06-18 13:36:44.492232: Current learning rate: 0.00355
2026-06-18 13:37:38.006419: train_loss -0.5131
2026-06-18 13:37:38.007030: val_loss -0.1387
2026-06-18 13:37:38.007179: Pseudo dice [np.float32(0.709)]
2026-06-18 13:37:38.007343: Epoch time: 53.52 s
2026-06-18 13:37:39.783121: 
2026-06-18 13:37:39.783556: Epoch 172
2026-06-18 13:37:39.783777: Current learning rate: 0.00351
2026-06-18 13:38:33.495169: train_loss -0.5059
2026-06-18 13:38:33.495570: val_loss -0.3376
2026-06-18 13:38:33.495726: Pseudo dice [np.float32(0.7816)]
2026-06-18 13:38:33.495905: Epoch time: 53.71 s
2026-06-18 13:38:35.292930: 
2026-06-18 13:38:35.293407: Epoch 173
2026-06-18 13:38:35.293674: Current learning rate: 0.00346
2026-06-18 13:39:28.743262: train_loss -0.4993
2026-06-18 13:39:28.743837: val_loss -0.1783
2026-06-18 13:39:28.743982: Pseudo dice [np.float32(0.7232)]
2026-06-18 13:39:28.744149: Epoch time: 53.45 s
2026-06-18 13:39:30.535066: 
2026-06-18 13:39:30.535422: Epoch 174
2026-06-18 13:39:30.535599: Current learning rate: 0.00342
2026-06-18 13:40:24.162299: train_loss -0.5061
2026-06-18 13:40:24.162887: val_loss -0.237
2026-06-18 13:40:24.163051: Pseudo dice [np.float32(0.7398)]
2026-06-18 13:40:24.164766: Epoch time: 53.63 s
2026-06-18 13:40:25.959495: 
2026-06-18 13:40:25.960050: Epoch 175
2026-06-18 13:40:25.960354: Current learning rate: 0.00338
2026-06-18 13:41:19.757793: train_loss -0.5078
2026-06-18 13:41:19.758289: val_loss -0.327
2026-06-18 13:41:19.758448: Pseudo dice [np.float32(0.7759)]
2026-06-18 13:41:19.758642: Epoch time: 53.8 s
2026-06-18 13:41:19.758784: Yayy! New best EMA pseudo Dice: 0.739300012588501
2026-06-18 13:41:22.005982: 
2026-06-18 13:41:22.006382: Epoch 176
2026-06-18 13:41:22.006685: Current learning rate: 0.00334
2026-06-18 13:42:15.724365: train_loss -0.4966
2026-06-18 13:42:15.724987: val_loss 0.0039
2026-06-18 13:42:15.725148: Pseudo dice [np.float32(0.6671)]
2026-06-18 13:42:15.725332: Epoch time: 53.72 s
2026-06-18 13:42:17.520646: 
2026-06-18 13:42:17.520985: Epoch 177
2026-06-18 13:42:17.521223: Current learning rate: 0.0033
2026-06-18 13:43:11.049730: train_loss -0.5089
2026-06-18 13:43:11.050275: val_loss -0.1664
2026-06-18 13:43:11.050445: Pseudo dice [np.float32(0.7318)]
2026-06-18 13:43:11.050651: Epoch time: 53.53 s
2026-06-18 13:43:12.857840: 
2026-06-18 13:43:12.858422: Epoch 178
2026-06-18 13:43:12.858801: Current learning rate: 0.00326
2026-06-18 13:44:06.158428: train_loss -0.5162
2026-06-18 13:44:06.158918: val_loss -0.1262
2026-06-18 13:44:06.159058: Pseudo dice [np.float32(0.7186)]
2026-06-18 13:44:06.159217: Epoch time: 53.3 s
2026-06-18 13:44:08.341283: 
2026-06-18 13:44:08.341901: Epoch 179
2026-06-18 13:44:08.342203: Current learning rate: 0.00322
2026-06-18 13:45:01.665652: train_loss -0.5119
2026-06-18 13:45:01.666336: val_loss -0.0044
2026-06-18 13:45:01.666485: Pseudo dice [np.float32(0.6554)]
2026-06-18 13:45:01.666665: Epoch time: 53.33 s
2026-06-18 13:45:03.491108: 
2026-06-18 13:45:03.491668: Epoch 180
2026-06-18 13:45:03.491986: Current learning rate: 0.00318
2026-06-18 13:45:56.715055: train_loss -0.4999
2026-06-18 13:45:56.715563: val_loss -0.3129
2026-06-18 13:45:56.715714: Pseudo dice [np.float32(0.7722)]
2026-06-18 13:45:56.716649: Epoch time: 53.23 s
2026-06-18 13:45:58.544891: 
2026-06-18 13:45:58.545385: Epoch 181
2026-06-18 13:45:58.545676: Current learning rate: 0.00314
2026-06-18 13:46:51.778448: train_loss -0.5204
2026-06-18 13:46:51.779375: val_loss -0.2421
2026-06-18 13:46:51.779540: Pseudo dice [np.float32(0.7419)]
2026-06-18 13:46:51.779722: Epoch time: 53.24 s
2026-06-18 13:46:53.607128: 
2026-06-18 13:46:53.607560: Epoch 182
2026-06-18 13:46:53.607743: Current learning rate: 0.0031
2026-06-18 13:47:46.927375: train_loss -0.5125
2026-06-18 13:47:46.927984: val_loss -0.2443
2026-06-18 13:47:46.928132: Pseudo dice [np.float32(0.7497)]
2026-06-18 13:47:46.928298: Epoch time: 53.32 s
2026-06-18 13:47:48.762002: 
2026-06-18 13:47:48.762644: Epoch 183
2026-06-18 13:47:48.762952: Current learning rate: 0.00306
2026-06-18 13:48:42.055523: train_loss -0.4939
2026-06-18 13:48:42.055945: val_loss -0.2776
2026-06-18 13:48:42.056098: Pseudo dice [np.float32(0.7507)]
2026-06-18 13:48:42.056282: Epoch time: 53.3 s
2026-06-18 13:48:43.877011: 
2026-06-18 13:48:43.877425: Epoch 184
2026-06-18 13:48:43.877711: Current learning rate: 0.00302
2026-06-18 13:49:37.196306: train_loss -0.5064
2026-06-18 13:49:37.196909: val_loss -0.1655
2026-06-18 13:49:37.197073: Pseudo dice [np.float32(0.7137)]
2026-06-18 13:49:37.197241: Epoch time: 53.32 s
2026-06-18 13:49:38.982139: 
2026-06-18 13:49:38.982558: Epoch 185
2026-06-18 13:49:38.982730: Current learning rate: 0.00297
2026-06-18 13:50:32.482436: train_loss -0.502
2026-06-18 13:50:32.482952: val_loss -0.2793
2026-06-18 13:50:32.483095: Pseudo dice [np.float32(0.7549)]
2026-06-18 13:50:32.483262: Epoch time: 53.5 s
2026-06-18 13:50:34.276230: 
2026-06-18 13:50:34.276743: Epoch 186
2026-06-18 13:50:34.277099: Current learning rate: 0.00293
2026-06-18 13:51:27.735869: train_loss -0.5087
2026-06-18 13:51:27.736403: val_loss -0.1898
2026-06-18 13:51:27.736562: Pseudo dice [np.float32(0.7276)]
2026-06-18 13:51:27.736729: Epoch time: 53.46 s
2026-06-18 13:51:29.884786: 
2026-06-18 13:51:29.885280: Epoch 187
2026-06-18 13:51:29.885553: Current learning rate: 0.00289
2026-06-18 13:52:23.366449: train_loss -0.5189
2026-06-18 13:52:23.366984: val_loss -0.1057
2026-06-18 13:52:23.367144: Pseudo dice [np.float32(0.6989)]
2026-06-18 13:52:23.367323: Epoch time: 53.48 s
2026-06-18 13:52:25.159747: 
2026-06-18 13:52:25.160230: Epoch 188
2026-06-18 13:52:25.160561: Current learning rate: 0.00285
2026-06-18 13:53:18.357985: train_loss -0.5103
2026-06-18 13:53:18.358405: val_loss -0.2414
2026-06-18 13:53:18.358553: Pseudo dice [np.float32(0.7522)]
2026-06-18 13:53:18.358716: Epoch time: 53.2 s
2026-06-18 13:53:20.150446: 
2026-06-18 13:53:20.150949: Epoch 189
2026-06-18 13:53:20.151220: Current learning rate: 0.00281
2026-06-18 13:54:13.383707: train_loss -0.5225
2026-06-18 13:54:13.384112: val_loss -0.1454
2026-06-18 13:54:13.384262: Pseudo dice [np.float32(0.7103)]
2026-06-18 13:54:13.384437: Epoch time: 53.24 s
2026-06-18 13:54:15.209929: 
2026-06-18 13:54:15.210420: Epoch 190
2026-06-18 13:54:15.210688: Current learning rate: 0.00277
2026-06-18 13:55:08.686100: train_loss -0.5166
2026-06-18 13:55:08.686719: val_loss -0.2309
2026-06-18 13:55:08.686880: Pseudo dice [np.float32(0.7594)]
2026-06-18 13:55:08.687056: Epoch time: 53.48 s
2026-06-18 13:55:10.497988: 
2026-06-18 13:55:10.498358: Epoch 191
2026-06-18 13:55:10.498544: Current learning rate: 0.00273
2026-06-18 13:56:04.211414: train_loss -0.5212
2026-06-18 13:56:04.211859: val_loss -0.2902
2026-06-18 13:56:04.212001: Pseudo dice [np.float32(0.7483)]
2026-06-18 13:56:04.212171: Epoch time: 53.72 s
2026-06-18 13:56:06.031094: 
2026-06-18 13:56:06.031499: Epoch 192
2026-06-18 13:56:06.031673: Current learning rate: 0.00268
2026-06-18 13:56:59.845301: train_loss -0.5265
2026-06-18 13:56:59.845728: val_loss -0.135
2026-06-18 13:56:59.845890: Pseudo dice [np.float32(0.7048)]
2026-06-18 13:56:59.846068: Epoch time: 53.82 s
2026-06-18 13:57:01.658325: 
2026-06-18 13:57:01.658610: Epoch 193
2026-06-18 13:57:01.658806: Current learning rate: 0.00264
2026-06-18 13:57:55.616321: train_loss -0.5109
2026-06-18 13:57:55.634493: val_loss -0.2182
2026-06-18 13:57:55.634677: Pseudo dice [np.float32(0.7473)]
2026-06-18 13:57:55.634870: Epoch time: 53.96 s
2026-06-18 13:57:57.447514: 
2026-06-18 13:57:57.448137: Epoch 194
2026-06-18 13:57:57.448476: Current learning rate: 0.0026
2026-06-18 13:58:51.028990: train_loss -0.5164
2026-06-18 13:58:51.029527: val_loss -0.1902
2026-06-18 13:58:51.029687: Pseudo dice [np.float32(0.726)]
2026-06-18 13:58:51.029868: Epoch time: 53.58 s
2026-06-18 13:58:53.230343: 
2026-06-18 13:58:53.230963: Epoch 195
2026-06-18 13:58:53.231280: Current learning rate: 0.00256
2026-06-18 13:59:46.450129: train_loss -0.5235
2026-06-18 13:59:46.450672: val_loss -0.1861
2026-06-18 13:59:46.450816: Pseudo dice [np.float32(0.7137)]
2026-06-18 13:59:46.450980: Epoch time: 53.22 s
2026-06-18 13:59:48.272730: 
2026-06-18 13:59:48.273233: Epoch 196
2026-06-18 13:59:48.273526: Current learning rate: 0.00252
2026-06-18 14:00:41.841688: train_loss -0.5201
2026-06-18 14:00:41.842107: val_loss -0.3137
2026-06-18 14:00:41.842262: Pseudo dice [np.float32(0.7658)]
2026-06-18 14:00:41.842439: Epoch time: 53.57 s
2026-06-18 14:00:43.662632: 
2026-06-18 14:00:43.663234: Epoch 197
2026-06-18 14:00:43.663454: Current learning rate: 0.00248
2026-06-18 14:01:37.034081: train_loss -0.5145
2026-06-18 14:01:37.034577: val_loss -0.2691
2026-06-18 14:01:37.034735: Pseudo dice [np.float32(0.7601)]
2026-06-18 14:01:37.034909: Epoch time: 53.37 s
2026-06-18 14:01:38.863463: 
2026-06-18 14:01:38.863995: Epoch 198
2026-06-18 14:01:38.864312: Current learning rate: 0.00243
2026-06-18 14:02:33.176807: train_loss -0.524
2026-06-18 14:02:33.178193: val_loss -0.2439
2026-06-18 14:02:33.178347: Pseudo dice [np.float32(0.7305)]
2026-06-18 14:02:33.178543: Epoch time: 54.32 s
2026-06-18 14:02:34.975150: 
2026-06-18 14:02:34.975593: Epoch 199
2026-06-18 14:02:34.976069: Current learning rate: 0.00239
2026-06-18 14:03:30.400827: train_loss -0.5169
2026-06-18 14:03:30.405482: val_loss -0.1512
2026-06-18 14:03:30.405653: Pseudo dice [np.float32(0.7131)]
2026-06-18 14:03:30.405827: Epoch time: 55.43 s
2026-06-18 14:03:32.727414: 
2026-06-18 14:03:32.727897: Epoch 200
2026-06-18 14:03:32.728159: Current learning rate: 0.00235
2026-06-18 14:04:26.027888: train_loss -0.5263
2026-06-18 14:04:26.028463: val_loss -0.1892
2026-06-18 14:04:26.028647: Pseudo dice [np.float32(0.7318)]
2026-06-18 14:04:26.028835: Epoch time: 53.3 s
2026-06-18 14:04:27.874784: 
2026-06-18 14:04:27.875190: Epoch 201
2026-06-18 14:04:27.875363: Current learning rate: 0.00231
2026-06-18 14:05:21.237010: train_loss -0.4937
2026-06-18 14:05:21.237457: val_loss -0.1664
2026-06-18 14:05:21.237607: Pseudo dice [np.float32(0.7187)]
2026-06-18 14:05:21.237791: Epoch time: 53.37 s
2026-06-18 14:05:23.054268: 
2026-06-18 14:05:23.054569: Epoch 202
2026-06-18 14:05:23.054751: Current learning rate: 0.00226
2026-06-18 14:06:16.430595: train_loss -0.5334
2026-06-18 14:06:16.431038: val_loss -0.2903
2026-06-18 14:06:16.431178: Pseudo dice [np.float32(0.7682)]
2026-06-18 14:06:16.431345: Epoch time: 53.38 s
2026-06-18 14:06:18.667256: 
2026-06-18 14:06:18.667766: Epoch 203
2026-06-18 14:06:18.668056: Current learning rate: 0.00222
2026-06-18 14:07:12.158651: train_loss -0.5213
2026-06-18 14:07:12.159318: val_loss -0.2917
2026-06-18 14:07:12.159747: Pseudo dice [np.float32(0.7672)]
2026-06-18 14:07:12.160098: Epoch time: 53.49 s
2026-06-18 14:07:13.994557: 
2026-06-18 14:07:13.994969: Epoch 204
2026-06-18 14:07:13.995210: Current learning rate: 0.00218
2026-06-18 14:08:07.310313: train_loss -0.5213
2026-06-18 14:08:07.310757: val_loss -0.2692
2026-06-18 14:08:07.310913: Pseudo dice [np.float32(0.7522)]
2026-06-18 14:08:07.311085: Epoch time: 53.32 s
2026-06-18 14:08:07.311216: Yayy! New best EMA pseudo Dice: 0.7401000261306763
2026-06-18 14:08:09.607332: 
2026-06-18 14:08:09.607907: Epoch 205
2026-06-18 14:08:09.608199: Current learning rate: 0.00214
2026-06-18 14:09:03.161960: train_loss -0.4974
2026-06-18 14:09:03.162444: val_loss -0.3398
2026-06-18 14:09:03.163331: Pseudo dice [np.float32(0.7797)]
2026-06-18 14:09:03.163552: Epoch time: 53.56 s
2026-06-18 14:09:03.163684: Yayy! New best EMA pseudo Dice: 0.7440999746322632
2026-06-18 14:09:05.445684: 
2026-06-18 14:09:05.446185: Epoch 206
2026-06-18 14:09:05.446476: Current learning rate: 0.00209
2026-06-18 14:09:58.859304: train_loss -0.5225
2026-06-18 14:09:58.859874: val_loss -0.3587
2026-06-18 14:09:58.860034: Pseudo dice [np.float32(0.7853)]
2026-06-18 14:09:58.860199: Epoch time: 53.42 s
2026-06-18 14:09:58.860332: Yayy! New best EMA pseudo Dice: 0.748199999332428
2026-06-18 14:10:01.091914: 
2026-06-18 14:10:01.092246: Epoch 207
2026-06-18 14:10:01.092546: Current learning rate: 0.00205
2026-06-18 14:10:54.528480: train_loss -0.5092
2026-06-18 14:10:54.529066: val_loss -0.2241
2026-06-18 14:10:54.529214: Pseudo dice [np.float32(0.737)]
2026-06-18 14:10:54.529480: Epoch time: 53.44 s
2026-06-18 14:10:56.327126: 
2026-06-18 14:10:56.327564: Epoch 208
2026-06-18 14:10:56.327856: Current learning rate: 0.00201
2026-06-18 14:11:49.774409: train_loss -0.5269
2026-06-18 14:11:49.774821: val_loss -0.1956
2026-06-18 14:11:49.774957: Pseudo dice [np.float32(0.74)]
2026-06-18 14:11:49.775126: Epoch time: 53.45 s
2026-06-18 14:11:51.533603: 
2026-06-18 14:11:51.534007: Epoch 209
2026-06-18 14:11:51.534175: Current learning rate: 0.00196
2026-06-18 14:12:45.105110: train_loss -0.508
2026-06-18 14:12:45.105702: val_loss -0.2267
2026-06-18 14:12:45.105883: Pseudo dice [np.float32(0.7448)]
2026-06-18 14:12:45.106081: Epoch time: 53.57 s
2026-06-18 14:12:46.900979: 
2026-06-18 14:12:46.901492: Epoch 210
2026-06-18 14:12:46.901787: Current learning rate: 0.00192
2026-06-18 14:13:40.248617: train_loss -0.5086
2026-06-18 14:13:40.249182: val_loss -0.0964
2026-06-18 14:13:40.249339: Pseudo dice [np.float32(0.6929)]
2026-06-18 14:13:40.262238: Epoch time: 53.35 s
2026-06-18 14:13:42.032254: 
2026-06-18 14:13:42.032662: Epoch 211
2026-06-18 14:13:42.032941: Current learning rate: 0.00188
2026-06-18 14:14:35.316945: train_loss -0.5363
2026-06-18 14:14:35.317418: val_loss -0.1765
2026-06-18 14:14:35.317583: Pseudo dice [np.float32(0.7196)]
2026-06-18 14:14:35.317761: Epoch time: 53.29 s
2026-06-18 14:14:37.553128: 
2026-06-18 14:14:37.553631: Epoch 212
2026-06-18 14:14:37.553872: Current learning rate: 0.00184
2026-06-18 14:15:30.741611: train_loss -0.509
2026-06-18 14:15:30.742186: val_loss -0.2735
2026-06-18 14:15:30.742354: Pseudo dice [np.float32(0.7642)]
2026-06-18 14:15:30.742547: Epoch time: 53.19 s
2026-06-18 14:15:32.504708: 
2026-06-18 14:15:32.505143: Epoch 213
2026-06-18 14:15:32.505453: Current learning rate: 0.00179
2026-06-18 14:16:26.645761: train_loss -0.5087
2026-06-18 14:16:26.646670: val_loss -0.3228
2026-06-18 14:16:26.646857: Pseudo dice [np.float32(0.7709)]
2026-06-18 14:16:26.647056: Epoch time: 54.14 s
2026-06-18 14:16:28.424071: 
2026-06-18 14:16:28.424599: Epoch 214
2026-06-18 14:16:28.424947: Current learning rate: 0.00175
2026-06-18 14:17:21.953552: train_loss -0.5256
2026-06-18 14:17:21.953995: val_loss -0.1938
2026-06-18 14:17:21.954142: Pseudo dice [np.float32(0.7381)]
2026-06-18 14:17:21.954313: Epoch time: 53.53 s
2026-06-18 14:17:23.770940: 
2026-06-18 14:17:23.771264: Epoch 215
2026-06-18 14:17:23.771457: Current learning rate: 0.0017
2026-06-18 14:18:17.392306: train_loss -0.5252
2026-06-18 14:18:17.392941: val_loss -0.2776
2026-06-18 14:18:17.393081: Pseudo dice [np.float32(0.7579)]
2026-06-18 14:18:17.393248: Epoch time: 53.62 s
2026-06-18 14:18:19.127872: 
2026-06-18 14:18:19.128396: Epoch 216
2026-06-18 14:18:19.128690: Current learning rate: 0.00166
2026-06-18 14:19:12.504911: train_loss -0.5153
2026-06-18 14:19:12.505472: val_loss -0.2272
2026-06-18 14:19:12.505652: Pseudo dice [np.float32(0.7426)]
2026-06-18 14:19:12.505842: Epoch time: 53.38 s
2026-06-18 14:19:14.250589: 
2026-06-18 14:19:14.251149: Epoch 217
2026-06-18 14:19:14.251438: Current learning rate: 0.00162
2026-06-18 14:20:07.752515: train_loss -0.52
2026-06-18 14:20:07.752967: val_loss -0.2164
2026-06-18 14:20:07.753117: Pseudo dice [np.float32(0.7432)]
2026-06-18 14:20:07.753296: Epoch time: 53.51 s
2026-06-18 14:20:09.494530: 
2026-06-18 14:20:09.494933: Epoch 218
2026-06-18 14:20:09.495206: Current learning rate: 0.00157
2026-06-18 14:21:02.804312: train_loss -0.5319
2026-06-18 14:21:02.804922: val_loss -0.2556
2026-06-18 14:21:02.805069: Pseudo dice [np.float32(0.7531)]
2026-06-18 14:21:02.805241: Epoch time: 53.31 s
2026-06-18 14:21:04.539998: 
2026-06-18 14:21:04.540490: Epoch 219
2026-06-18 14:21:04.540797: Current learning rate: 0.00153
2026-06-18 14:21:58.041813: train_loss -0.5288
2026-06-18 14:21:58.042393: val_loss -0.1735
2026-06-18 14:21:58.042587: Pseudo dice [np.float32(0.7204)]
2026-06-18 14:21:58.042760: Epoch time: 53.51 s
2026-06-18 14:21:59.784236: 
2026-06-18 14:21:59.784705: Epoch 220
2026-06-18 14:21:59.784968: Current learning rate: 0.00148
2026-06-18 14:22:53.165242: train_loss -0.5342
2026-06-18 14:22:53.165829: val_loss -0.237
2026-06-18 14:22:53.165980: Pseudo dice [np.float32(0.7444)]
2026-06-18 14:22:53.166151: Epoch time: 53.38 s
2026-06-18 14:22:55.277021: 
2026-06-18 14:22:55.277586: Epoch 221
2026-06-18 14:22:55.277858: Current learning rate: 0.00144
2026-06-18 14:23:49.041984: train_loss -0.5183
2026-06-18 14:23:49.042410: val_loss -0.262
2026-06-18 14:23:49.042568: Pseudo dice [np.float32(0.7444)]
2026-06-18 14:23:49.042751: Epoch time: 53.77 s
2026-06-18 14:23:50.786014: 
2026-06-18 14:23:50.786494: Epoch 222
2026-06-18 14:23:50.786789: Current learning rate: 0.00139
2026-06-18 14:24:44.201170: train_loss -0.5165
2026-06-18 14:24:44.201740: val_loss -0.3124
2026-06-18 14:24:44.201883: Pseudo dice [np.float32(0.7715)]
2026-06-18 14:24:44.202064: Epoch time: 53.42 s
2026-06-18 14:24:45.939372: 
2026-06-18 14:24:45.940502: Epoch 223
2026-06-18 14:24:45.940902: Current learning rate: 0.00135
2026-06-18 14:25:39.434935: train_loss -0.5205
2026-06-18 14:25:39.435650: val_loss -0.2058
2026-06-18 14:25:39.435818: Pseudo dice [np.float32(0.7202)]
2026-06-18 14:25:39.436001: Epoch time: 53.5 s
2026-06-18 14:25:41.191832: 
2026-06-18 14:25:41.192439: Epoch 224
2026-06-18 14:25:41.192783: Current learning rate: 0.0013
2026-06-18 14:26:34.483890: train_loss -0.5375
2026-06-18 14:26:34.484325: val_loss -0.2468
2026-06-18 14:26:34.484476: Pseudo dice [np.float32(0.7451)]
2026-06-18 14:26:34.484752: Epoch time: 53.3 s
2026-06-18 14:26:36.236442: 
2026-06-18 14:26:36.236893: Epoch 225
2026-06-18 14:26:36.237185: Current learning rate: 0.00126
2026-06-18 14:27:29.834104: train_loss -0.5263
2026-06-18 14:27:29.834789: val_loss -0.2017
2026-06-18 14:27:29.834939: Pseudo dice [np.float32(0.7293)]
2026-06-18 14:27:29.835107: Epoch time: 53.6 s
2026-06-18 14:27:31.588134: 
2026-06-18 14:27:31.588636: Epoch 226
2026-06-18 14:27:31.588819: Current learning rate: 0.00121
2026-06-18 14:28:25.371022: train_loss -0.5167
2026-06-18 14:28:25.371621: val_loss -0.2295
2026-06-18 14:28:25.371784: Pseudo dice [np.float32(0.7218)]
2026-06-18 14:28:25.371957: Epoch time: 53.79 s
2026-06-18 14:28:27.114578: 
2026-06-18 14:28:27.114983: Epoch 227
2026-06-18 14:28:27.115292: Current learning rate: 0.00117
2026-06-18 14:29:21.032885: train_loss -0.5416
2026-06-18 14:29:21.033363: val_loss -0.2073
2026-06-18 14:29:21.033509: Pseudo dice [np.float32(0.719)]
2026-06-18 14:29:21.033685: Epoch time: 53.92 s
2026-06-18 14:29:22.774112: 
2026-06-18 14:29:22.774488: Epoch 228
2026-06-18 14:29:22.774648: Current learning rate: 0.00112
2026-06-18 14:30:16.521872: train_loss -0.5288
2026-06-18 14:30:16.522378: val_loss -0.2844
2026-06-18 14:30:16.522557: Pseudo dice [np.float32(0.7502)]
2026-06-18 14:30:16.522739: Epoch time: 53.75 s
2026-06-18 14:30:18.260155: 
2026-06-18 14:30:18.260510: Epoch 229
2026-06-18 14:30:18.260707: Current learning rate: 0.00108
2026-06-18 14:31:11.619838: train_loss -0.5427
2026-06-18 14:31:11.620287: val_loss -0.2045
2026-06-18 14:31:11.620435: Pseudo dice [np.float32(0.7248)]
2026-06-18 14:31:11.620620: Epoch time: 53.36 s
2026-06-18 14:31:13.784905: 
2026-06-18 14:31:13.785448: Epoch 230
2026-06-18 14:31:13.786574: Current learning rate: 0.00103
2026-06-18 14:32:07.295191: train_loss -0.5056
2026-06-18 14:32:07.295811: val_loss -0.0981
2026-06-18 14:32:07.296005: Pseudo dice [np.float32(0.7014)]
2026-06-18 14:32:07.296211: Epoch time: 53.51 s
2026-06-18 14:32:09.050539: 
2026-06-18 14:32:09.050970: Epoch 231
2026-06-18 14:32:09.051245: Current learning rate: 0.00098
2026-06-18 14:33:02.537530: train_loss -0.5271
2026-06-18 14:33:02.538051: val_loss -0.2006
2026-06-18 14:33:02.538203: Pseudo dice [np.float32(0.7349)]
2026-06-18 14:33:02.538379: Epoch time: 53.49 s
2026-06-18 14:33:04.298084: 
2026-06-18 14:33:04.298505: Epoch 232
2026-06-18 14:33:04.298783: Current learning rate: 0.00094
2026-06-18 14:33:57.836427: train_loss -0.5292
2026-06-18 14:33:57.837072: val_loss -0.2821
2026-06-18 14:33:57.837221: Pseudo dice [np.float32(0.7565)]
2026-06-18 14:33:57.837382: Epoch time: 53.54 s
2026-06-18 14:33:59.610694: 
2026-06-18 14:33:59.611186: Epoch 233
2026-06-18 14:33:59.611437: Current learning rate: 0.00089
2026-06-18 14:34:53.143847: train_loss -0.5137
2026-06-18 14:34:53.144597: val_loss -0.2037
2026-06-18 14:34:53.144753: Pseudo dice [np.float32(0.7357)]
2026-06-18 14:34:53.144922: Epoch time: 53.54 s
2026-06-18 14:34:54.888958: 
2026-06-18 14:34:54.889399: Epoch 234
2026-06-18 14:34:54.889781: Current learning rate: 0.00084
2026-06-18 14:35:48.267743: train_loss -0.5194
2026-06-18 14:35:48.268190: val_loss -0.2289
2026-06-18 14:35:48.268327: Pseudo dice [np.float32(0.7306)]
2026-06-18 14:35:48.268496: Epoch time: 53.38 s
2026-06-18 14:35:50.008673: 
2026-06-18 14:35:50.009156: Epoch 235
2026-06-18 14:35:50.009431: Current learning rate: 0.00079
2026-06-18 14:36:43.379013: train_loss -0.5351
2026-06-18 14:36:43.379653: val_loss -0.1635
2026-06-18 14:36:43.379801: Pseudo dice [np.float32(0.7232)]
2026-06-18 14:36:43.379966: Epoch time: 53.37 s
2026-06-18 14:36:45.132988: 
2026-06-18 14:36:45.133461: Epoch 236
2026-06-18 14:36:45.133760: Current learning rate: 0.00075
2026-06-18 14:37:38.557829: train_loss -0.5209
2026-06-18 14:37:38.558334: val_loss -0.2077
2026-06-18 14:37:38.558498: Pseudo dice [np.float32(0.7322)]
2026-06-18 14:37:38.558674: Epoch time: 53.43 s
2026-06-18 14:37:40.306718: 
2026-06-18 14:37:40.307220: Epoch 237
2026-06-18 14:37:40.307487: Current learning rate: 0.0007
2026-06-18 14:38:33.673193: train_loss -0.5342
2026-06-18 14:38:33.673873: val_loss -0.2348
2026-06-18 14:38:33.674083: Pseudo dice [np.float32(0.7543)]
2026-06-18 14:38:33.674265: Epoch time: 53.37 s
2026-06-18 14:38:35.441095: 
2026-06-18 14:38:35.441506: Epoch 238
2026-06-18 14:38:35.441712: Current learning rate: 0.00065
2026-06-18 14:39:28.877620: train_loss -0.518
2026-06-18 14:39:28.878185: val_loss -0.2182
2026-06-18 14:39:28.878338: Pseudo dice [np.float32(0.7452)]
2026-06-18 14:39:28.878525: Epoch time: 53.44 s
2026-06-18 14:39:30.991021: 
2026-06-18 14:39:30.991499: Epoch 239
2026-06-18 14:39:30.991780: Current learning rate: 0.0006
2026-06-18 14:40:24.310920: train_loss -0.534
2026-06-18 14:40:24.311574: val_loss -0.2653
2026-06-18 14:40:24.311746: Pseudo dice [np.float32(0.7496)]
2026-06-18 14:40:24.311924: Epoch time: 53.32 s
2026-06-18 14:40:26.078184: 
2026-06-18 14:40:26.078635: Epoch 240
2026-06-18 14:40:26.078795: Current learning rate: 0.00055
2026-06-18 14:41:19.432196: train_loss -0.5214
2026-06-18 14:41:19.432824: val_loss -0.2535
2026-06-18 14:41:19.433005: Pseudo dice [np.float32(0.7574)]
2026-06-18 14:41:19.433194: Epoch time: 53.36 s
2026-06-18 14:41:21.201332: 
2026-06-18 14:41:21.201840: Epoch 241
2026-06-18 14:41:21.202126: Current learning rate: 0.0005
2026-06-18 14:42:14.517715: train_loss -0.5367
2026-06-18 14:42:14.518175: val_loss -0.1698
2026-06-18 14:42:14.518317: Pseudo dice [np.float32(0.7284)]
2026-06-18 14:42:14.518484: Epoch time: 53.32 s
2026-06-18 14:42:16.280988: 
2026-06-18 14:42:16.281327: Epoch 242
2026-06-18 14:42:16.281486: Current learning rate: 0.00045
2026-06-18 14:43:09.685482: train_loss -0.5443
2026-06-18 14:43:09.685917: val_loss -0.2402
2026-06-18 14:43:09.686060: Pseudo dice [np.float32(0.7449)]
2026-06-18 14:43:09.686222: Epoch time: 53.41 s
2026-06-18 14:43:11.457836: 
2026-06-18 14:43:11.458347: Epoch 243
2026-06-18 14:43:11.458636: Current learning rate: 0.0004
2026-06-18 14:44:04.906264: train_loss -0.5341
2026-06-18 14:44:04.906730: val_loss -0.2534
2026-06-18 14:44:04.906876: Pseudo dice [np.float32(0.7518)]
2026-06-18 14:44:04.907041: Epoch time: 53.45 s
2026-06-18 14:44:06.694469: 
2026-06-18 14:44:06.694899: Epoch 244
2026-06-18 14:44:06.695079: Current learning rate: 0.00035
2026-06-18 14:45:00.247906: train_loss -0.5159
2026-06-18 14:45:00.248378: val_loss -0.2446
2026-06-18 14:45:00.248569: Pseudo dice [np.float32(0.7404)]
2026-06-18 14:45:00.248764: Epoch time: 53.56 s
2026-06-18 14:45:02.042805: 
2026-06-18 14:45:02.043325: Epoch 245
2026-06-18 14:45:02.043701: Current learning rate: 0.0003
2026-06-18 14:45:55.329761: train_loss -0.5423
2026-06-18 14:45:55.330209: val_loss -0.2475
2026-06-18 14:45:55.330363: Pseudo dice [np.float32(0.7381)]
2026-06-18 14:45:55.330549: Epoch time: 53.29 s
2026-06-18 14:45:57.100890: 
2026-06-18 14:45:57.101275: Epoch 246
2026-06-18 14:45:57.101471: Current learning rate: 0.00024
2026-06-18 14:46:50.679898: train_loss -0.5332
2026-06-18 14:46:50.680542: val_loss -0.2489
2026-06-18 14:46:50.680691: Pseudo dice [np.float32(0.749)]
2026-06-18 14:46:50.680858: Epoch time: 53.58 s
2026-06-18 14:46:52.462272: 
2026-06-18 14:46:52.462769: Epoch 247
2026-06-18 14:46:52.462993: Current learning rate: 0.00019
2026-06-18 14:47:46.071639: train_loss -0.5441
2026-06-18 14:47:46.072176: val_loss -0.2958
2026-06-18 14:47:46.083237: Pseudo dice [np.float32(0.7563)]
2026-06-18 14:47:46.083493: Epoch time: 53.61 s
2026-06-18 14:47:48.190958: 
2026-06-18 14:47:48.191375: Epoch 248
2026-06-18 14:47:48.191583: Current learning rate: 0.00013
2026-06-18 14:48:41.690727: train_loss -0.5341
2026-06-18 14:48:41.691269: val_loss -0.2585
2026-06-18 14:48:41.691430: Pseudo dice [np.float32(0.7574)]
2026-06-18 14:48:41.691639: Epoch time: 53.5 s
2026-06-18 14:48:43.453874: 
2026-06-18 14:48:43.454339: Epoch 249
2026-06-18 14:48:43.454639: Current learning rate: 7e-05
2026-06-18 14:49:36.817203: train_loss -0.543
2026-06-18 14:49:36.817726: val_loss -0.2666
2026-06-18 14:49:36.817927: Pseudo dice [np.float32(0.7586)]
2026-06-18 14:49:36.818092: Epoch time: 53.37 s
2026-06-18 14:49:39.257616: Training done.
2026-06-18 14:49:40.061035: Using splits from existing split file: /gpfs/data/ravenlab/micmac/nnUNet_preprocessed/Dataset003_BinaryTask/splits_final.json
2026-06-18 14:49:40.073347: The split file contains 5 splits.
2026-06-18 14:49:40.073507: Desired fold for training: 0
2026-06-18 14:49:40.073613: This split has 20 training and 5 validation cases.
2026-06-18 14:49:40.073793: predicting 41759_48left
2026-06-18 14:49:40.101575: 41759_48left, shape torch.Size([1, 1, 1920, 2251]), rank 0
2026-06-18 14:49:48.351668: predicting 41759_63_claus
2026-06-18 14:49:48.437286: 41759_63_claus, shape torch.Size([1, 1, 2112, 2226]), rank 0
2026-06-18 14:49:49.590563: predicting 41759_G_078_slice_2_1
2026-06-18 14:49:50.042017: 41759_G_078_slice_2_1, shape torch.Size([1, 1, 5346, 10000]), rank 0
2026-06-18 14:50:08.772249: predicting 41759_G_110_slice_2_0
2026-06-18 14:50:08.836919: 41759_G_110_slice_2_0, shape torch.Size([1, 1, 3036, 4119]), rank 0
2026-06-18 14:50:12.371676: predicting 41759_G_130_slice_1_2
2026-06-18 14:50:13.244985: 41759_G_130_slice_1_2, shape torch.Size([1, 1, 10000, 10000]), rank 0
2026-06-18 14:52:12.450150: Validation complete
2026-06-18 14:52:12.450364: Mean Validation Dice:  0.7360503269570196
