Loading python/gpu/3.10.6-cuda12.9
  Loading requirement: cuda/12.9
Launching parallel training for 2D config, Fold 2 using 250-epoch trainer preset...

############################
INFO: You are using the old nnU-Net default plans. We have updated our recommendations. Please consider using those instead! Read more here: https://github.com/MIC-DKFZ/nnUNet/blob/master/documentation/resenc_presets.md
############################

Using device: cuda:0

#######################################################################
Please cite the following paper when using nnU-Net:
Isensee, F., Jaeger, P. F., Kohl, S. A., Petersen, J., & Maier-Hein, K. H. (2021). nnU-Net: a self-configuring method for deep learning-based biomedical image segmentation. Nature methods, 18(2), 203-211.
#######################################################################

2026-06-18 10:57:00.096248: do_dummy_2d_data_aug: False
2026-06-18 10:57:00.098078: Using splits from existing split file: /gpfs/data/ravenlab/micmac/nnUNet_preprocessed/Dataset003_BinaryTask/splits_final.json
2026-06-18 10:57:00.099182: The split file contains 5 splits.
2026-06-18 10:57:00.099292: Desired fold for training: 2
2026-06-18 10:57:00.099404: This split has 20 training and 5 validation cases.
using pin_memory on device 0
using pin_memory on device 0

This is the configuration used by this training:
Configuration name: 2d
 {'data_identifier': 'nnUNetPlans_2d', 'preprocessor_name': 'DefaultPreprocessor', 'batch_size': 2, 'patch_size': [1024, 1536], 'median_image_size_in_voxels': [2176.0, 3311.0], 'spacing': [1.0, 1.0], 'normalization_schemes': ['ZScoreNormalization'], 'use_mask_for_norm': [False], 'resampling_fn_data': 'resample_data_or_seg_to_shape', 'resampling_fn_seg': 'resample_data_or_seg_to_shape', 'resampling_fn_data_kwargs': {'is_seg': False, 'order': 3, 'order_z': 0, 'force_separate_z': None}, 'resampling_fn_seg_kwargs': {'is_seg': True, 'order': 1, 'order_z': 0, 'force_separate_z': None}, 'resampling_fn_probabilities': 'resample_data_or_seg_to_shape', 'resampling_fn_probabilities_kwargs': {'is_seg': False, 'order': 1, 'order_z': 0, 'force_separate_z': None}, 'architecture': {'network_class_name': 'dynamic_network_architectures.architectures.unet.PlainConvUNet', 'arch_kwargs': {'n_stages': 9, 'features_per_stage': [32, 64, 128, 256, 512, 512, 512, 512, 512], 'conv_op': 'torch.nn.modules.conv.Conv2d', 'kernel_sizes': [[3, 3], [3, 3], [3, 3], [3, 3], [3, 3], [3, 3], [3, 3], [3, 3], [3, 3]], 'strides': [[1, 1], [2, 2], [2, 2], [2, 2], [2, 2], [2, 2], [2, 2], [2, 2], [2, 2]], 'n_conv_per_stage': [2, 2, 2, 2, 2, 2, 2, 2, 2], 'n_conv_per_stage_decoder': [2, 2, 2, 2, 2, 2, 2, 2], 'conv_bias': True, 'norm_op': 'torch.nn.modules.instancenorm.InstanceNorm2d', 'norm_op_kwargs': {'eps': 1e-05, 'affine': True}, 'dropout_op': None, 'dropout_op_kwargs': None, 'nonlin': 'torch.nn.LeakyReLU', 'nonlin_kwargs': {'inplace': True}}, '_kw_requires_import': ['conv_op', 'norm_op', 'dropout_op', 'nonlin']}, 'batch_dice': True} 

These are the global plan.json settings:
 {'dataset_name': 'Dataset003_BinaryTask', 'plans_name': 'nnUNetPlans', 'original_median_spacing_after_transp': [999.0, 1.0, 1.0], 'original_median_shape_after_transp': [1, 2176, 3311], 'image_reader_writer': 'NaturalImage2DIO', 'transpose_forward': [0, 1, 2], 'transpose_backward': [0, 1, 2], 'experiment_planner_used': 'ExperimentPlanner', 'label_manager': 'LabelManager', 'foreground_intensity_properties_per_channel': {'0': {'max': 252.0, 'mean': 114.97937774658203, 'median': 113.0, 'min': 4.0, 'percentile_00_5': 32.0, 'percentile_99_5': 208.0, 'std': 38.282249450683594}}} 

2026-06-18 10:57:07.914074: Unable to plot network architecture:
2026-06-18 10:57:07.914258: No module named 'hiddenlayer'
2026-06-18 10:57:08.123915: 
2026-06-18 10:57:08.124177: Epoch 0
2026-06-18 10:57:08.124534: Current learning rate: 0.01
2026-06-18 10:59:20.098268: train_loss 0.1306
2026-06-18 10:59:20.099043: val_loss 0.1029
2026-06-18 10:59:20.099220: Pseudo dice [np.float32(0.5642)]
2026-06-18 10:59:20.099424: Epoch time: 131.98 s
2026-06-18 10:59:20.099559: Yayy! New best EMA pseudo Dice: 0.5641999840736389
2026-06-18 10:59:22.898224: 
2026-06-18 10:59:22.898679: Epoch 1
2026-06-18 10:59:22.898870: Current learning rate: 0.00996
2026-06-18 11:00:16.331091: train_loss -0.0381
2026-06-18 11:00:16.331770: val_loss -0.0412
2026-06-18 11:00:16.331941: Pseudo dice [np.float32(0.6711)]
2026-06-18 11:00:16.332108: Epoch time: 53.44 s
2026-06-18 11:00:16.334462: Yayy! New best EMA pseudo Dice: 0.5748999714851379
2026-06-18 11:00:18.466468: 
2026-06-18 11:00:18.466984: Epoch 2
2026-06-18 11:00:18.467253: Current learning rate: 0.00993
2026-06-18 11:01:11.785585: train_loss -0.0887
2026-06-18 11:01:11.786395: val_loss -0.1548
2026-06-18 11:01:11.786553: Pseudo dice [np.float32(0.7214)]
2026-06-18 11:01:11.786807: Epoch time: 53.32 s
2026-06-18 11:01:11.786965: Yayy! New best EMA pseudo Dice: 0.5895000100135803
2026-06-18 11:01:14.057374: 
2026-06-18 11:01:14.057894: Epoch 3
2026-06-18 11:01:14.058222: Current learning rate: 0.00989
2026-06-18 11:02:07.304589: train_loss -0.1585
2026-06-18 11:02:07.305087: val_loss -0.2225
2026-06-18 11:02:07.305251: Pseudo dice [np.float32(0.7184)]
2026-06-18 11:02:07.305429: Epoch time: 53.25 s
2026-06-18 11:02:07.305557: Yayy! New best EMA pseudo Dice: 0.602400004863739
2026-06-18 11:02:09.478411: 
2026-06-18 11:02:09.478750: Epoch 4
2026-06-18 11:02:09.479006: Current learning rate: 0.00986
2026-06-18 11:03:02.811197: train_loss -0.1665
2026-06-18 11:03:02.812571: val_loss -0.2167
2026-06-18 11:03:02.812724: Pseudo dice [np.float32(0.7174)]
2026-06-18 11:03:02.812893: Epoch time: 53.34 s
2026-06-18 11:03:02.813021: Yayy! New best EMA pseudo Dice: 0.6139000058174133
2026-06-18 11:03:05.016248: 
2026-06-18 11:03:05.016658: Epoch 5
2026-06-18 11:03:05.016906: Current learning rate: 0.00982
2026-06-18 11:03:58.074668: train_loss -0.2253
2026-06-18 11:03:58.077288: val_loss -0.2696
2026-06-18 11:03:58.077458: Pseudo dice [np.float32(0.7301)]
2026-06-18 11:03:58.077629: Epoch time: 53.06 s
2026-06-18 11:03:58.077756: Yayy! New best EMA pseudo Dice: 0.6255000233650208
2026-06-18 11:04:00.245903: 
2026-06-18 11:04:00.246311: Epoch 6
2026-06-18 11:04:00.246503: Current learning rate: 0.00978
2026-06-18 11:04:53.333608: train_loss -0.2545
2026-06-18 11:04:53.334093: val_loss -0.333
2026-06-18 11:04:53.334253: Pseudo dice [np.float32(0.734)]
2026-06-18 11:04:53.334433: Epoch time: 53.09 s
2026-06-18 11:04:53.334594: Yayy! New best EMA pseudo Dice: 0.6363999843597412
2026-06-18 11:04:55.507016: 
2026-06-18 11:04:55.507492: Epoch 7
2026-06-18 11:04:55.507807: Current learning rate: 0.00975
2026-06-18 11:05:48.686499: train_loss -0.2229
2026-06-18 11:05:48.687040: val_loss -0.3226
2026-06-18 11:05:48.687209: Pseudo dice [np.float32(0.7326)]
2026-06-18 11:05:48.687386: Epoch time: 53.18 s
2026-06-18 11:05:48.687527: Yayy! New best EMA pseudo Dice: 0.6460000276565552
2026-06-18 11:05:50.833747: 
2026-06-18 11:05:50.834135: Epoch 8
2026-06-18 11:05:50.834292: Current learning rate: 0.00971
2026-06-18 11:06:44.161685: train_loss -0.2852
2026-06-18 11:06:44.162406: val_loss -0.2885
2026-06-18 11:06:44.162591: Pseudo dice [np.float32(0.7012)]
2026-06-18 11:06:44.162765: Epoch time: 53.33 s
2026-06-18 11:06:44.162896: Yayy! New best EMA pseudo Dice: 0.6514999866485596
2026-06-18 11:06:46.899523: 
2026-06-18 11:06:46.899929: Epoch 9
2026-06-18 11:06:46.900126: Current learning rate: 0.00968
2026-06-18 11:07:40.072753: train_loss -0.2931
2026-06-18 11:07:40.073948: val_loss -0.3338
2026-06-18 11:07:40.074106: Pseudo dice [np.float32(0.706)]
2026-06-18 11:07:40.074280: Epoch time: 53.18 s
2026-06-18 11:07:40.074418: Yayy! New best EMA pseudo Dice: 0.6570000052452087
2026-06-18 11:07:42.206182: 
2026-06-18 11:07:42.206548: Epoch 10
2026-06-18 11:07:42.206873: Current learning rate: 0.00964
2026-06-18 11:08:35.553008: train_loss -0.2912
2026-06-18 11:08:35.553692: val_loss -0.4033
2026-06-18 11:08:35.553838: Pseudo dice [np.float32(0.7811)]
2026-06-18 11:08:35.554007: Epoch time: 53.35 s
2026-06-18 11:08:35.554130: Yayy! New best EMA pseudo Dice: 0.6693999767303467
2026-06-18 11:08:37.660729: 
2026-06-18 11:08:37.661126: Epoch 11
2026-06-18 11:08:37.661309: Current learning rate: 0.0096
2026-06-18 11:09:30.815597: train_loss -0.3117
2026-06-18 11:09:30.816203: val_loss -0.3497
2026-06-18 11:09:30.816350: Pseudo dice [np.float32(0.7188)]
2026-06-18 11:09:30.816534: Epoch time: 53.16 s
2026-06-18 11:09:30.816657: Yayy! New best EMA pseudo Dice: 0.6743000149726868
2026-06-18 11:09:32.924305: 
2026-06-18 11:09:32.924710: Epoch 12
2026-06-18 11:09:32.924868: Current learning rate: 0.00957
2026-06-18 11:10:26.157391: train_loss -0.3138
2026-06-18 11:10:26.157891: val_loss -0.3004
2026-06-18 11:10:26.158036: Pseudo dice [np.float32(0.7294)]
2026-06-18 11:10:26.158202: Epoch time: 53.24 s
2026-06-18 11:10:26.158324: Yayy! New best EMA pseudo Dice: 0.6797999739646912
2026-06-18 11:10:28.256646: 
2026-06-18 11:10:28.256977: Epoch 13
2026-06-18 11:10:28.257227: Current learning rate: 0.00953
2026-06-18 11:11:21.406238: train_loss -0.3214
2026-06-18 11:11:21.406700: val_loss -0.3177
2026-06-18 11:11:21.406849: Pseudo dice [np.float32(0.7058)]
2026-06-18 11:11:21.407012: Epoch time: 53.15 s
2026-06-18 11:11:21.407133: Yayy! New best EMA pseudo Dice: 0.6823999881744385
2026-06-18 11:11:23.503169: 
2026-06-18 11:11:23.503630: Epoch 14
2026-06-18 11:11:23.503915: Current learning rate: 0.00949
2026-06-18 11:12:16.635446: train_loss -0.3272
2026-06-18 11:12:16.636050: val_loss -0.3693
2026-06-18 11:12:16.636206: Pseudo dice [np.float32(0.7386)]
2026-06-18 11:12:16.636371: Epoch time: 53.14 s
2026-06-18 11:12:16.636516: Yayy! New best EMA pseudo Dice: 0.6880000233650208
2026-06-18 11:12:18.749668: 
2026-06-18 11:12:18.750103: Epoch 15
2026-06-18 11:12:18.750276: Current learning rate: 0.00946
2026-06-18 11:13:12.114231: train_loss -0.3305
2026-06-18 11:13:12.114710: val_loss -0.3857
2026-06-18 11:13:12.114859: Pseudo dice [np.float32(0.7207)]
2026-06-18 11:13:12.115022: Epoch time: 53.37 s
2026-06-18 11:13:12.115149: Yayy! New best EMA pseudo Dice: 0.6912999749183655
2026-06-18 11:13:14.224170: 
2026-06-18 11:13:14.224610: Epoch 16
2026-06-18 11:13:14.224760: Current learning rate: 0.00942
2026-06-18 11:14:07.416930: train_loss -0.3476
2026-06-18 11:14:07.417438: val_loss -0.3084
2026-06-18 11:14:07.417598: Pseudo dice [np.float32(0.7001)]
2026-06-18 11:14:07.417796: Epoch time: 53.2 s
2026-06-18 11:14:07.417928: Yayy! New best EMA pseudo Dice: 0.6922000050544739
2026-06-18 11:14:09.928096: 
2026-06-18 11:14:09.928530: Epoch 17
2026-06-18 11:14:09.928847: Current learning rate: 0.00939
2026-06-18 11:15:03.237145: train_loss -0.3378
2026-06-18 11:15:03.237593: val_loss -0.2487
2026-06-18 11:15:03.237752: Pseudo dice [np.float32(0.6407)]
2026-06-18 11:15:03.237921: Epoch time: 53.31 s
2026-06-18 11:15:04.932289: 
2026-06-18 11:15:04.932752: Epoch 18
2026-06-18 11:15:04.933005: Current learning rate: 0.00935
2026-06-18 11:15:58.108008: train_loss -0.3064
2026-06-18 11:15:58.108520: val_loss -0.0949
2026-06-18 11:15:58.108669: Pseudo dice [np.float32(0.6167)]
2026-06-18 11:15:58.108836: Epoch time: 53.18 s
2026-06-18 11:15:59.813125: 
2026-06-18 11:15:59.813598: Epoch 19
2026-06-18 11:15:59.813779: Current learning rate: 0.00931
2026-06-18 11:16:52.884133: train_loss -0.3152
2026-06-18 11:16:52.884590: val_loss -0.3226
2026-06-18 11:16:52.884734: Pseudo dice [np.float32(0.7246)]
2026-06-18 11:16:52.884907: Epoch time: 53.07 s
2026-06-18 11:16:54.598264: 
2026-06-18 11:16:54.598675: Epoch 20
2026-06-18 11:16:54.598977: Current learning rate: 0.00928
2026-06-18 11:17:47.713306: train_loss -0.3636
2026-06-18 11:17:47.713835: val_loss -0.2456
2026-06-18 11:17:47.713989: Pseudo dice [np.float32(0.6634)]
2026-06-18 11:17:47.714161: Epoch time: 53.12 s
2026-06-18 11:17:49.433020: 
2026-06-18 11:17:49.433389: Epoch 21
2026-06-18 11:17:49.433536: Current learning rate: 0.00924
2026-06-18 11:18:42.555329: train_loss -0.3506
2026-06-18 11:18:42.555817: val_loss -0.3238
2026-06-18 11:18:42.555965: Pseudo dice [np.float32(0.7235)]
2026-06-18 11:18:42.556137: Epoch time: 53.13 s
2026-06-18 11:18:44.216851: 
2026-06-18 11:18:44.217375: Epoch 22
2026-06-18 11:18:44.217669: Current learning rate: 0.0092
2026-06-18 11:19:37.641503: train_loss -0.3654
2026-06-18 11:19:37.642161: val_loss -0.3538
2026-06-18 11:19:37.642304: Pseudo dice [np.float32(0.7203)]
2026-06-18 11:19:37.642488: Epoch time: 53.43 s
2026-06-18 11:19:39.326197: 
2026-06-18 11:19:39.326590: Epoch 23
2026-06-18 11:19:39.326919: Current learning rate: 0.00917
2026-06-18 11:20:32.553420: train_loss -0.2927
2026-06-18 11:20:32.553935: val_loss -0.2939
2026-06-18 11:20:32.554091: Pseudo dice [np.float32(0.7132)]
2026-06-18 11:20:32.554263: Epoch time: 53.23 s
2026-06-18 11:20:34.196982: 
2026-06-18 11:20:34.197356: Epoch 24
2026-06-18 11:20:34.197562: Current learning rate: 0.00913
2026-06-18 11:21:27.428612: train_loss -0.3557
2026-06-18 11:21:27.429096: val_loss -0.3876
2026-06-18 11:21:27.429240: Pseudo dice [np.float32(0.745)]
2026-06-18 11:21:27.429427: Epoch time: 53.23 s
2026-06-18 11:21:27.429563: Yayy! New best EMA pseudo Dice: 0.6974999904632568
2026-06-18 11:21:29.624016: 
2026-06-18 11:21:29.624467: Epoch 25
2026-06-18 11:21:29.624734: Current learning rate: 0.0091
2026-06-18 11:22:22.936703: train_loss -0.3748
2026-06-18 11:22:22.937278: val_loss -0.3727
2026-06-18 11:22:22.937442: Pseudo dice [np.float32(0.7491)]
2026-06-18 11:22:22.937617: Epoch time: 53.32 s
2026-06-18 11:22:22.937743: Yayy! New best EMA pseudo Dice: 0.7026000022888184
2026-06-18 11:22:25.395654: 
2026-06-18 11:22:25.396019: Epoch 26
2026-06-18 11:22:25.396290: Current learning rate: 0.00906
2026-06-18 11:23:18.677910: train_loss -0.3745
2026-06-18 11:23:18.678532: val_loss -0.3634
2026-06-18 11:23:18.678680: Pseudo dice [np.float32(0.7153)]
2026-06-18 11:23:18.678854: Epoch time: 53.29 s
2026-06-18 11:23:18.678987: Yayy! New best EMA pseudo Dice: 0.7038999795913696
2026-06-18 11:23:20.866620: 
2026-06-18 11:23:20.867096: Epoch 27
2026-06-18 11:23:20.867352: Current learning rate: 0.00902
2026-06-18 11:24:14.153738: train_loss -0.3633
2026-06-18 11:24:14.155682: val_loss -0.4341
2026-06-18 11:24:14.155838: Pseudo dice [np.float32(0.7784)]
2026-06-18 11:24:14.156197: Epoch time: 53.29 s
2026-06-18 11:24:14.156330: Yayy! New best EMA pseudo Dice: 0.7113999724388123
2026-06-18 11:24:16.256661: 
2026-06-18 11:24:16.256975: Epoch 28
2026-06-18 11:24:16.257138: Current learning rate: 0.00899
2026-06-18 11:25:09.731461: train_loss -0.3878
2026-06-18 11:25:09.732027: val_loss -0.387
2026-06-18 11:25:09.732174: Pseudo dice [np.float32(0.7268)]
2026-06-18 11:25:09.732339: Epoch time: 53.48 s
2026-06-18 11:25:09.732481: Yayy! New best EMA pseudo Dice: 0.7128999829292297
2026-06-18 11:25:11.849122: 
2026-06-18 11:25:11.849611: Epoch 29
2026-06-18 11:25:11.849778: Current learning rate: 0.00895
2026-06-18 11:26:05.438829: train_loss -0.3835
2026-06-18 11:26:05.439474: val_loss 0.1259
2026-06-18 11:26:05.439665: Pseudo dice [np.float32(0.5874)]
2026-06-18 11:26:05.439842: Epoch time: 53.59 s
2026-06-18 11:26:07.129123: 
2026-06-18 11:26:07.129519: Epoch 30
2026-06-18 11:26:07.129683: Current learning rate: 0.00891
2026-06-18 11:27:00.345800: train_loss -0.3794
2026-06-18 11:27:00.346280: val_loss -0.24
2026-06-18 11:27:00.346435: Pseudo dice [np.float32(0.6833)]
2026-06-18 11:27:00.346609: Epoch time: 53.22 s
2026-06-18 11:27:02.031345: 
2026-06-18 11:27:02.031713: Epoch 31
2026-06-18 11:27:02.031868: Current learning rate: 0.00888
2026-06-18 11:27:55.267045: train_loss -0.394
2026-06-18 11:27:55.267872: val_loss -0.3416
2026-06-18 11:27:55.268019: Pseudo dice [np.float32(0.7195)]
2026-06-18 11:27:55.268184: Epoch time: 53.24 s
2026-06-18 11:27:56.959664: 
2026-06-18 11:27:56.960145: Epoch 32
2026-06-18 11:27:56.960326: Current learning rate: 0.00884
2026-06-18 11:28:50.154450: train_loss -0.3916
2026-06-18 11:28:50.155047: val_loss -0.3027
2026-06-18 11:28:50.155202: Pseudo dice [np.float32(0.7046)]
2026-06-18 11:28:50.155371: Epoch time: 53.2 s
2026-06-18 11:28:51.857087: 
2026-06-18 11:28:51.857521: Epoch 33
2026-06-18 11:28:51.857699: Current learning rate: 0.0088
2026-06-18 11:29:45.039872: train_loss -0.3967
2026-06-18 11:29:45.040503: val_loss -0.3181
2026-06-18 11:29:45.040658: Pseudo dice [np.float32(0.7173)]
2026-06-18 11:29:45.040832: Epoch time: 53.19 s
2026-06-18 11:29:46.779519: 
2026-06-18 11:29:46.779934: Epoch 34
2026-06-18 11:29:46.780092: Current learning rate: 0.00877
2026-06-18 11:30:39.942301: train_loss -0.3888
2026-06-18 11:30:39.943020: val_loss -0.3715
2026-06-18 11:30:39.943191: Pseudo dice [np.float32(0.7326)]
2026-06-18 11:30:39.943358: Epoch time: 53.17 s
2026-06-18 11:30:41.993155: 
2026-06-18 11:30:41.993620: Epoch 35
2026-06-18 11:30:41.994105: Current learning rate: 0.00873
2026-06-18 11:31:35.094237: train_loss -0.4068
2026-06-18 11:31:35.094782: val_loss -0.3465
2026-06-18 11:31:35.094943: Pseudo dice [np.float32(0.6941)]
2026-06-18 11:31:35.095115: Epoch time: 53.1 s
2026-06-18 11:31:36.809462: 
2026-06-18 11:31:36.809991: Epoch 36
2026-06-18 11:31:36.810298: Current learning rate: 0.00869
2026-06-18 11:32:29.950257: train_loss -0.3815
2026-06-18 11:32:29.950977: val_loss -0.4007
2026-06-18 11:32:29.951141: Pseudo dice [np.float32(0.7472)]
2026-06-18 11:32:29.951317: Epoch time: 53.14 s
2026-06-18 11:32:31.703798: 
2026-06-18 11:32:31.704236: Epoch 37
2026-06-18 11:32:31.704396: Current learning rate: 0.00866
2026-06-18 11:33:24.965461: train_loss -0.3835
2026-06-18 11:33:24.966690: val_loss -0.3797
2026-06-18 11:33:24.966856: Pseudo dice [np.float32(0.7334)]
2026-06-18 11:33:24.967028: Epoch time: 53.26 s
2026-06-18 11:33:26.685198: 
2026-06-18 11:33:26.685698: Epoch 38
2026-06-18 11:33:26.686049: Current learning rate: 0.00862
2026-06-18 11:34:19.778226: train_loss -0.3928
2026-06-18 11:34:19.778649: val_loss -0.2522
2026-06-18 11:34:19.778791: Pseudo dice [np.float32(0.6804)]
2026-06-18 11:34:19.778952: Epoch time: 53.1 s
2026-06-18 11:34:21.509512: 
2026-06-18 11:34:21.510030: Epoch 39
2026-06-18 11:34:21.510302: Current learning rate: 0.00858
2026-06-18 11:35:14.788181: train_loss -0.4071
2026-06-18 11:35:14.788715: val_loss -0.3283
2026-06-18 11:35:14.788881: Pseudo dice [np.float32(0.7102)]
2026-06-18 11:35:14.789050: Epoch time: 53.28 s
2026-06-18 11:35:16.523961: 
2026-06-18 11:35:16.524377: Epoch 40
2026-06-18 11:35:16.524638: Current learning rate: 0.00855
2026-06-18 11:36:09.540241: train_loss -0.4049
2026-06-18 11:36:09.540767: val_loss -0.3405
2026-06-18 11:36:09.540924: Pseudo dice [np.float32(0.7337)]
2026-06-18 11:36:09.541094: Epoch time: 53.02 s
2026-06-18 11:36:11.263140: 
2026-06-18 11:36:11.263439: Epoch 41
2026-06-18 11:36:11.263598: Current learning rate: 0.00851
2026-06-18 11:37:04.646431: train_loss -0.4059
2026-06-18 11:37:04.646923: val_loss -0.3985
2026-06-18 11:37:04.647070: Pseudo dice [np.float32(0.7362)]
2026-06-18 11:37:04.647243: Epoch time: 53.39 s
2026-06-18 11:37:04.647587: Yayy! New best EMA pseudo Dice: 0.7134000062942505
2026-06-18 11:37:06.791627: 
2026-06-18 11:37:06.792007: Epoch 42
2026-06-18 11:37:06.792194: Current learning rate: 0.00847
2026-06-18 11:38:00.055103: train_loss -0.4097
2026-06-18 11:38:00.055598: val_loss -0.3609
2026-06-18 11:38:00.055744: Pseudo dice [np.float32(0.7633)]
2026-06-18 11:38:00.055912: Epoch time: 53.27 s
2026-06-18 11:38:00.056038: Yayy! New best EMA pseudo Dice: 0.7184000015258789
2026-06-18 11:38:02.618288: 
2026-06-18 11:38:02.618627: Epoch 43
2026-06-18 11:38:02.618805: Current learning rate: 0.00844
2026-06-18 11:38:55.912829: train_loss -0.3952
2026-06-18 11:38:55.913267: val_loss -0.3619
2026-06-18 11:38:55.913422: Pseudo dice [np.float32(0.7304)]
2026-06-18 11:38:55.913590: Epoch time: 53.3 s
2026-06-18 11:38:55.913723: Yayy! New best EMA pseudo Dice: 0.7196000218391418
2026-06-18 11:38:58.053391: 
2026-06-18 11:38:58.053909: Epoch 44
2026-06-18 11:38:58.054172: Current learning rate: 0.0084
2026-06-18 11:39:51.278157: train_loss -0.4166
2026-06-18 11:39:51.278780: val_loss -0.3854
2026-06-18 11:39:51.278951: Pseudo dice [np.float32(0.7324)]
2026-06-18 11:39:51.279126: Epoch time: 53.23 s
2026-06-18 11:39:51.279258: Yayy! New best EMA pseudo Dice: 0.7208999991416931
2026-06-18 11:39:53.487592: 
2026-06-18 11:39:53.488013: Epoch 45
2026-06-18 11:39:53.488193: Current learning rate: 0.00836
2026-06-18 11:40:46.830131: train_loss -0.4237
2026-06-18 11:40:46.830932: val_loss -0.3266
2026-06-18 11:40:46.831081: Pseudo dice [np.float32(0.7142)]
2026-06-18 11:40:46.831254: Epoch time: 53.35 s
2026-06-18 11:40:48.513156: 
2026-06-18 11:40:48.513712: Epoch 46
2026-06-18 11:40:48.514094: Current learning rate: 0.00833
2026-06-18 11:41:41.681729: train_loss -0.4016
2026-06-18 11:41:41.682426: val_loss -0.3802
2026-06-18 11:41:41.682582: Pseudo dice [np.float32(0.7235)]
2026-06-18 11:41:41.682766: Epoch time: 53.17 s
2026-06-18 11:41:43.399170: 
2026-06-18 11:41:43.399590: Epoch 47
2026-06-18 11:41:43.399750: Current learning rate: 0.00829
2026-06-18 11:42:36.463100: train_loss -0.3883
2026-06-18 11:42:36.463701: val_loss -0.3323
2026-06-18 11:42:36.463849: Pseudo dice [np.float32(0.7013)]
2026-06-18 11:42:36.464019: Epoch time: 53.07 s
2026-06-18 11:42:38.145187: 
2026-06-18 11:42:38.145620: Epoch 48
2026-06-18 11:42:38.145782: Current learning rate: 0.00825
2026-06-18 11:43:31.262621: train_loss -0.4065
2026-06-18 11:43:31.263142: val_loss -0.3644
2026-06-18 11:43:31.263293: Pseudo dice [np.float32(0.7239)]
2026-06-18 11:43:31.263497: Epoch time: 53.12 s
2026-06-18 11:43:32.960867: 
2026-06-18 11:43:32.961302: Epoch 49
2026-06-18 11:43:32.961475: Current learning rate: 0.00822
2026-06-18 11:44:26.126269: train_loss -0.4136
2026-06-18 11:44:26.126788: val_loss -0.3963
2026-06-18 11:44:26.126990: Pseudo dice [np.float32(0.7638)]
2026-06-18 11:44:26.127166: Epoch time: 53.17 s
2026-06-18 11:44:26.564196: Yayy! New best EMA pseudo Dice: 0.7235999703407288
2026-06-18 11:44:29.527269: 
2026-06-18 11:44:29.527644: Epoch 50
2026-06-18 11:44:29.527807: Current learning rate: 0.00818
2026-06-18 11:45:22.754016: train_loss -0.4359
2026-06-18 11:45:22.754447: val_loss -0.4155
2026-06-18 11:45:22.754599: Pseudo dice [np.float32(0.7721)]
2026-06-18 11:45:22.754765: Epoch time: 53.23 s
2026-06-18 11:45:22.754886: Yayy! New best EMA pseudo Dice: 0.7285000085830688
2026-06-18 11:45:24.898966: 
2026-06-18 11:45:24.899405: Epoch 51
2026-06-18 11:45:24.899678: Current learning rate: 0.00814
2026-06-18 11:46:18.400862: train_loss -0.414
2026-06-18 11:46:18.401321: val_loss -0.274
2026-06-18 11:46:18.401496: Pseudo dice [np.float32(0.6892)]
2026-06-18 11:46:18.401671: Epoch time: 53.51 s
2026-06-18 11:46:20.097117: 
2026-06-18 11:46:20.097515: Epoch 52
2026-06-18 11:46:20.097903: Current learning rate: 0.00811
2026-06-18 11:47:13.278617: train_loss -0.4254
2026-06-18 11:47:13.279175: val_loss -0.3717
2026-06-18 11:47:13.279322: Pseudo dice [np.float32(0.724)]
2026-06-18 11:47:13.279499: Epoch time: 53.18 s
2026-06-18 11:47:14.968949: 
2026-06-18 11:47:14.969390: Epoch 53
2026-06-18 11:47:14.969599: Current learning rate: 0.00807
2026-06-18 11:48:08.126443: train_loss -0.4085
2026-06-18 11:48:08.126911: val_loss -0.3548
2026-06-18 11:48:08.127056: Pseudo dice [np.float32(0.7219)]
2026-06-18 11:48:08.127219: Epoch time: 53.16 s
2026-06-18 11:48:09.824703: 
2026-06-18 11:48:09.825088: Epoch 54
2026-06-18 11:48:09.825280: Current learning rate: 0.00803
2026-06-18 11:49:02.979029: train_loss -0.4139
2026-06-18 11:49:02.979580: val_loss -0.2849
2026-06-18 11:49:02.979735: Pseudo dice [np.float32(0.6785)]
2026-06-18 11:49:02.979910: Epoch time: 53.16 s
2026-06-18 11:49:04.681585: 
2026-06-18 11:49:04.682107: Epoch 55
2026-06-18 11:49:04.682405: Current learning rate: 0.008
2026-06-18 11:49:57.911309: train_loss -0.404
2026-06-18 11:49:57.911942: val_loss -0.3311
2026-06-18 11:49:57.912107: Pseudo dice [np.float32(0.7238)]
2026-06-18 11:49:57.912281: Epoch time: 53.23 s
2026-06-18 11:49:59.609466: 
2026-06-18 11:49:59.609868: Epoch 56
2026-06-18 11:49:59.610047: Current learning rate: 0.00796
2026-06-18 11:50:52.776633: train_loss -0.4257
2026-06-18 11:50:52.777070: val_loss -0.3423
2026-06-18 11:50:52.777216: Pseudo dice [np.float32(0.7172)]
2026-06-18 11:50:52.777393: Epoch time: 53.17 s
2026-06-18 11:50:54.478218: 
2026-06-18 11:50:54.478771: Epoch 57
2026-06-18 11:50:54.479061: Current learning rate: 0.00792
2026-06-18 11:51:47.705054: train_loss -0.4243
2026-06-18 11:51:47.705527: val_loss -0.3954
2026-06-18 11:51:47.705666: Pseudo dice [np.float32(0.7401)]
2026-06-18 11:51:47.705834: Epoch time: 53.23 s
2026-06-18 11:51:49.382355: 
2026-06-18 11:51:49.382862: Epoch 58
2026-06-18 11:51:49.383188: Current learning rate: 0.00789
2026-06-18 11:52:42.639965: train_loss -0.4417
2026-06-18 11:52:42.640555: val_loss -0.3442
2026-06-18 11:52:42.640712: Pseudo dice [np.float32(0.7173)]
2026-06-18 11:52:42.640879: Epoch time: 53.26 s
2026-06-18 11:52:44.323254: 
2026-06-18 11:52:44.323583: Epoch 59
2026-06-18 11:52:44.323746: Current learning rate: 0.00785
2026-06-18 11:53:37.494479: train_loss -0.433
2026-06-18 11:53:37.494974: val_loss -0.3986
2026-06-18 11:53:37.495127: Pseudo dice [np.float32(0.7457)]
2026-06-18 11:53:37.495295: Epoch time: 53.17 s
2026-06-18 11:53:39.532650: 
2026-06-18 11:53:39.533040: Epoch 60
2026-06-18 11:53:39.533217: Current learning rate: 0.00781
2026-06-18 11:54:32.795655: train_loss -0.4177
2026-06-18 11:54:32.796110: val_loss -0.444
2026-06-18 11:54:32.796249: Pseudo dice [np.float32(0.7911)]
2026-06-18 11:54:32.796425: Epoch time: 53.27 s
2026-06-18 11:54:32.796566: Yayy! New best EMA pseudo Dice: 0.7304999828338623
2026-06-18 11:54:34.944075: 
2026-06-18 11:54:34.944539: Epoch 61
2026-06-18 11:54:34.944695: Current learning rate: 0.00777
2026-06-18 11:55:28.092440: train_loss -0.3501
2026-06-18 11:55:28.092908: val_loss -0.3231
2026-06-18 11:55:28.093050: Pseudo dice [np.float32(0.7295)]
2026-06-18 11:55:28.093223: Epoch time: 53.15 s
2026-06-18 11:55:29.784103: 
2026-06-18 11:55:29.784482: Epoch 62
2026-06-18 11:55:29.784671: Current learning rate: 0.00774
2026-06-18 11:56:22.908576: train_loss -0.4039
2026-06-18 11:56:22.909081: val_loss -0.2421
2026-06-18 11:56:22.909222: Pseudo dice [np.float32(0.6786)]
2026-06-18 11:56:22.909402: Epoch time: 53.13 s
2026-06-18 11:56:24.605978: 
2026-06-18 11:56:24.606482: Epoch 63
2026-06-18 11:56:24.606753: Current learning rate: 0.0077
2026-06-18 11:57:17.563929: train_loss -0.4147
2026-06-18 11:57:17.567641: val_loss -0.4136
2026-06-18 11:57:17.567804: Pseudo dice [np.float32(0.7603)]
2026-06-18 11:57:17.567979: Epoch time: 52.96 s
2026-06-18 11:57:19.264286: 
2026-06-18 11:57:19.264674: Epoch 64
2026-06-18 11:57:19.264966: Current learning rate: 0.00766
2026-06-18 11:58:12.412979: train_loss -0.4253
2026-06-18 11:58:12.413436: val_loss -0.2746
2026-06-18 11:58:12.413586: Pseudo dice [np.float32(0.6828)]
2026-06-18 11:58:12.413756: Epoch time: 53.15 s
2026-06-18 11:58:14.120578: 
2026-06-18 11:58:14.121048: Epoch 65
2026-06-18 11:58:14.121235: Current learning rate: 0.00763
2026-06-18 11:59:07.340312: train_loss -0.4011
2026-06-18 11:59:07.340905: val_loss -0.3264
2026-06-18 11:59:07.341059: Pseudo dice [np.float32(0.7132)]
2026-06-18 11:59:07.341231: Epoch time: 53.22 s
2026-06-18 11:59:09.047071: 
2026-06-18 11:59:09.047592: Epoch 66
2026-06-18 11:59:09.047869: Current learning rate: 0.00759
2026-06-18 12:00:02.274250: train_loss -0.4432
2026-06-18 12:00:02.274897: val_loss -0.3569
2026-06-18 12:00:02.275099: Pseudo dice [np.float32(0.711)]
2026-06-18 12:00:02.275293: Epoch time: 53.23 s
2026-06-18 12:00:03.991814: 
2026-06-18 12:00:03.992327: Epoch 67
2026-06-18 12:00:03.992612: Current learning rate: 0.00755
2026-06-18 12:00:57.262715: train_loss -0.4074
2026-06-18 12:00:57.263141: val_loss -0.3536
2026-06-18 12:00:57.263285: Pseudo dice [np.float32(0.7191)]
2026-06-18 12:00:57.263460: Epoch time: 53.27 s
2026-06-18 12:00:58.980440: 
2026-06-18 12:00:58.980900: Epoch 68
2026-06-18 12:00:58.981182: Current learning rate: 0.00751
2026-06-18 12:01:52.178676: train_loss -0.438
2026-06-18 12:01:52.179292: val_loss -0.3224
2026-06-18 12:01:52.179456: Pseudo dice [np.float32(0.7273)]
2026-06-18 12:01:52.179630: Epoch time: 53.2 s
2026-06-18 12:01:54.263519: 
2026-06-18 12:01:54.264040: Epoch 69
2026-06-18 12:01:54.264297: Current learning rate: 0.00748
2026-06-18 12:02:47.412238: train_loss -0.4415
2026-06-18 12:02:47.412778: val_loss -0.3477
2026-06-18 12:02:47.412936: Pseudo dice [np.float32(0.716)]
2026-06-18 12:02:47.413103: Epoch time: 53.15 s
2026-06-18 12:02:49.137405: 
2026-06-18 12:02:49.137774: Epoch 70
2026-06-18 12:02:49.137954: Current learning rate: 0.00744
2026-06-18 12:03:42.177799: train_loss -0.4346
2026-06-18 12:03:42.178407: val_loss -0.3469
2026-06-18 12:03:42.178573: Pseudo dice [np.float32(0.7124)]
2026-06-18 12:03:42.178741: Epoch time: 53.04 s
2026-06-18 12:03:43.895203: 
2026-06-18 12:03:43.895719: Epoch 71
2026-06-18 12:03:43.895989: Current learning rate: 0.0074
2026-06-18 12:04:37.021093: train_loss -0.4378
2026-06-18 12:04:37.021733: val_loss -0.4089
2026-06-18 12:04:37.021882: Pseudo dice [np.float32(0.741)]
2026-06-18 12:04:37.022062: Epoch time: 53.13 s
2026-06-18 12:04:38.763430: 
2026-06-18 12:04:38.763850: Epoch 72
2026-06-18 12:04:38.763999: Current learning rate: 0.00737
2026-06-18 12:05:31.953056: train_loss -0.4301
2026-06-18 12:05:31.953629: val_loss -0.4302
2026-06-18 12:05:31.953779: Pseudo dice [np.float32(0.7735)]
2026-06-18 12:05:31.953952: Epoch time: 53.19 s
2026-06-18 12:05:33.675044: 
2026-06-18 12:05:33.675601: Epoch 73
2026-06-18 12:05:33.675901: Current learning rate: 0.00733
2026-06-18 12:06:26.741230: train_loss -0.432
2026-06-18 12:06:26.741902: val_loss -0.3391
2026-06-18 12:06:26.742048: Pseudo dice [np.float32(0.7073)]
2026-06-18 12:06:26.742215: Epoch time: 53.07 s
2026-06-18 12:06:28.469131: 
2026-06-18 12:06:28.469646: Epoch 74
2026-06-18 12:06:28.469925: Current learning rate: 0.00729
2026-06-18 12:07:21.529528: train_loss -0.435
2026-06-18 12:07:21.530407: val_loss -0.3543
2026-06-18 12:07:21.530560: Pseudo dice [np.float32(0.7104)]
2026-06-18 12:07:21.530729: Epoch time: 53.06 s
2026-06-18 12:07:23.259941: 
2026-06-18 12:07:23.260357: Epoch 75
2026-06-18 12:07:23.260543: Current learning rate: 0.00725
2026-06-18 12:08:16.567870: train_loss -0.442
2026-06-18 12:08:16.568537: val_loss -0.3169
2026-06-18 12:08:16.568684: Pseudo dice [np.float32(0.7)]
2026-06-18 12:08:16.568849: Epoch time: 53.31 s
2026-06-18 12:08:18.288455: 
2026-06-18 12:08:18.288878: Epoch 76
2026-06-18 12:08:18.289135: Current learning rate: 0.00722
2026-06-18 12:09:11.396849: train_loss -0.439
2026-06-18 12:09:11.397474: val_loss -0.3964
2026-06-18 12:09:11.397620: Pseudo dice [np.float32(0.7258)]
2026-06-18 12:09:11.397787: Epoch time: 53.11 s
2026-06-18 12:09:13.123278: 
2026-06-18 12:09:13.123931: Epoch 77
2026-06-18 12:09:13.124218: Current learning rate: 0.00718
2026-06-18 12:10:06.318858: train_loss -0.4494
2026-06-18 12:10:06.319460: val_loss -0.2723
2026-06-18 12:10:06.319606: Pseudo dice [np.float32(0.6802)]
2026-06-18 12:10:06.319771: Epoch time: 53.2 s
2026-06-18 12:10:08.459361: 
2026-06-18 12:10:08.459829: Epoch 78
2026-06-18 12:10:08.460009: Current learning rate: 0.00714
2026-06-18 12:11:01.545081: train_loss -0.4265
2026-06-18 12:11:01.545603: val_loss -0.2453
2026-06-18 12:11:01.545762: Pseudo dice [np.float32(0.6803)]
2026-06-18 12:11:01.545930: Epoch time: 53.09 s
2026-06-18 12:11:03.287635: 
2026-06-18 12:11:03.288078: Epoch 79
2026-06-18 12:11:03.288360: Current learning rate: 0.0071
2026-06-18 12:11:56.391769: train_loss -0.4434
2026-06-18 12:11:56.392340: val_loss -0.2606
2026-06-18 12:11:56.392498: Pseudo dice [np.float32(0.7122)]
2026-06-18 12:11:56.392667: Epoch time: 53.11 s
2026-06-18 12:11:58.136269: 
2026-06-18 12:11:58.136735: Epoch 80
2026-06-18 12:11:58.137021: Current learning rate: 0.00707
2026-06-18 12:12:51.360703: train_loss -0.3755
2026-06-18 12:12:51.361366: val_loss -0.3254
2026-06-18 12:12:51.361522: Pseudo dice [np.float32(0.7271)]
2026-06-18 12:12:51.361699: Epoch time: 53.23 s
2026-06-18 12:12:53.101341: 
2026-06-18 12:12:53.101741: Epoch 81
2026-06-18 12:12:53.101914: Current learning rate: 0.00703
2026-06-18 12:13:46.256399: train_loss -0.4161
2026-06-18 12:13:46.256924: val_loss -0.3551
2026-06-18 12:13:46.257075: Pseudo dice [np.float32(0.7222)]
2026-06-18 12:13:46.257244: Epoch time: 53.16 s
2026-06-18 12:13:48.000152: 
2026-06-18 12:13:48.000709: Epoch 82
2026-06-18 12:13:48.001003: Current learning rate: 0.00699
2026-06-18 12:14:41.015897: train_loss -0.4298
2026-06-18 12:14:41.016502: val_loss -0.3184
2026-06-18 12:14:41.016670: Pseudo dice [np.float32(0.7009)]
2026-06-18 12:14:41.016838: Epoch time: 53.02 s
2026-06-18 12:14:42.698512: 
2026-06-18 12:14:42.698873: Epoch 83
2026-06-18 12:14:42.699031: Current learning rate: 0.00696
2026-06-18 12:15:35.747385: train_loss -0.4455
2026-06-18 12:15:35.747895: val_loss -0.394
2026-06-18 12:15:35.748042: Pseudo dice [np.float32(0.7427)]
2026-06-18 12:15:35.748207: Epoch time: 53.05 s
2026-06-18 12:15:37.434920: 
2026-06-18 12:15:37.435360: Epoch 84
2026-06-18 12:15:37.435637: Current learning rate: 0.00692
2026-06-18 12:16:30.635490: train_loss -0.4365
2026-06-18 12:16:30.635972: val_loss -0.3389
2026-06-18 12:16:30.636119: Pseudo dice [np.float32(0.7266)]
2026-06-18 12:16:30.636283: Epoch time: 53.2 s
2026-06-18 12:16:32.325810: 
2026-06-18 12:16:32.326288: Epoch 85
2026-06-18 12:16:32.326566: Current learning rate: 0.00688
2026-06-18 12:17:25.582653: train_loss -0.4398
2026-06-18 12:17:25.583183: val_loss -0.4011
2026-06-18 12:17:25.583324: Pseudo dice [np.float32(0.7443)]
2026-06-18 12:17:25.583497: Epoch time: 53.26 s
2026-06-18 12:17:27.630812: 
2026-06-18 12:17:27.631668: Epoch 86
2026-06-18 12:17:27.631956: Current learning rate: 0.00684
2026-06-18 12:18:20.843544: train_loss -0.4381
2026-06-18 12:18:20.844137: val_loss -0.3993
2026-06-18 12:18:20.844295: Pseudo dice [np.float32(0.7571)]
2026-06-18 12:18:20.844480: Epoch time: 53.22 s
2026-06-18 12:18:22.806595: 
2026-06-18 12:18:22.807054: Epoch 87
2026-06-18 12:18:22.807360: Current learning rate: 0.0068
2026-06-18 12:19:15.896267: train_loss -0.4632
2026-06-18 12:19:15.896859: val_loss -0.3054
2026-06-18 12:19:15.897009: Pseudo dice [np.float32(0.7038)]
2026-06-18 12:19:15.897183: Epoch time: 53.09 s
2026-06-18 12:19:17.578449: 
2026-06-18 12:19:17.578825: Epoch 88
2026-06-18 12:19:17.578993: Current learning rate: 0.00677
2026-06-18 12:20:10.667399: train_loss -0.4547
2026-06-18 12:20:10.667952: val_loss -0.341
2026-06-18 12:20:10.668105: Pseudo dice [np.float32(0.696)]
2026-06-18 12:20:10.668273: Epoch time: 53.09 s
2026-06-18 12:20:12.363636: 
2026-06-18 12:20:12.364033: Epoch 89
2026-06-18 12:20:12.364206: Current learning rate: 0.00673
2026-06-18 12:21:05.457610: train_loss -0.4544
2026-06-18 12:21:05.458153: val_loss -0.4398
2026-06-18 12:21:05.458319: Pseudo dice [np.float32(0.7653)]
2026-06-18 12:21:05.458499: Epoch time: 53.1 s
2026-06-18 12:21:07.139890: 
2026-06-18 12:21:07.140302: Epoch 90
2026-06-18 12:21:07.140470: Current learning rate: 0.00669
2026-06-18 12:22:00.363259: train_loss -0.4442
2026-06-18 12:22:00.363693: val_loss -0.3589
2026-06-18 12:22:00.363837: Pseudo dice [np.float32(0.7314)]
2026-06-18 12:22:00.364002: Epoch time: 53.23 s
2026-06-18 12:22:02.052844: 
2026-06-18 12:22:02.053296: Epoch 91
2026-06-18 12:22:02.053579: Current learning rate: 0.00665
2026-06-18 12:22:55.294762: train_loss -0.4605
2026-06-18 12:22:55.295263: val_loss -0.3179
2026-06-18 12:22:55.295420: Pseudo dice [np.float32(0.7082)]
2026-06-18 12:22:55.295590: Epoch time: 53.25 s
2026-06-18 12:22:56.989746: 
2026-06-18 12:22:56.990101: Epoch 92
2026-06-18 12:22:56.990279: Current learning rate: 0.00662
2026-06-18 12:23:50.107546: train_loss -0.463
2026-06-18 12:23:50.107987: val_loss -0.3262
2026-06-18 12:23:50.108128: Pseudo dice [np.float32(0.7021)]
2026-06-18 12:23:50.108289: Epoch time: 53.12 s
2026-06-18 12:23:51.802575: 
2026-06-18 12:23:51.802997: Epoch 93
2026-06-18 12:23:51.803248: Current learning rate: 0.00658
2026-06-18 12:24:45.048797: train_loss -0.443
2026-06-18 12:24:45.049228: val_loss -0.2776
2026-06-18 12:24:45.049370: Pseudo dice [np.float32(0.6838)]
2026-06-18 12:24:45.049549: Epoch time: 53.25 s
2026-06-18 12:24:46.739408: 
2026-06-18 12:24:46.739823: Epoch 94
2026-06-18 12:24:46.739984: Current learning rate: 0.00654
2026-06-18 12:25:40.019771: train_loss -0.4558
2026-06-18 12:25:40.020283: val_loss -0.2815
2026-06-18 12:25:40.020458: Pseudo dice [np.float32(0.6906)]
2026-06-18 12:25:40.020627: Epoch time: 53.28 s
2026-06-18 12:25:41.712975: 
2026-06-18 12:25:41.713374: Epoch 95
2026-06-18 12:25:41.713565: Current learning rate: 0.0065
2026-06-18 12:26:35.094889: train_loss -0.4612
2026-06-18 12:26:35.095324: val_loss -0.3397
2026-06-18 12:26:35.095476: Pseudo dice [np.float32(0.7123)]
2026-06-18 12:26:35.095643: Epoch time: 53.38 s
2026-06-18 12:26:37.167743: 
2026-06-18 12:26:37.168208: Epoch 96
2026-06-18 12:26:37.168427: Current learning rate: 0.00647
2026-06-18 12:27:30.380832: train_loss -0.4485
2026-06-18 12:27:30.384546: val_loss -0.3173
2026-06-18 12:27:30.384705: Pseudo dice [np.float32(0.6875)]
2026-06-18 12:27:30.384880: Epoch time: 53.22 s
2026-06-18 12:27:32.090177: 
2026-06-18 12:27:32.090551: Epoch 97
2026-06-18 12:27:32.090748: Current learning rate: 0.00643
2026-06-18 12:28:25.208631: train_loss -0.4389
2026-06-18 12:28:25.209099: val_loss -0.377
2026-06-18 12:28:25.209241: Pseudo dice [np.float32(0.7456)]
2026-06-18 12:28:25.209417: Epoch time: 53.12 s
2026-06-18 12:28:26.921510: 
2026-06-18 12:28:26.921909: Epoch 98
2026-06-18 12:28:26.922175: Current learning rate: 0.00639
2026-06-18 12:29:20.065732: train_loss -0.4466
2026-06-18 12:29:20.066301: val_loss -0.253
2026-06-18 12:29:20.066497: Pseudo dice [np.float32(0.6651)]
2026-06-18 12:29:20.066669: Epoch time: 53.15 s
2026-06-18 12:29:21.779992: 
2026-06-18 12:29:21.780378: Epoch 99
2026-06-18 12:29:21.780685: Current learning rate: 0.00635
2026-06-18 12:30:15.155045: train_loss -0.441
2026-06-18 12:30:15.155607: val_loss -0.3642
2026-06-18 12:30:15.155761: Pseudo dice [np.float32(0.7321)]
2026-06-18 12:30:15.155930: Epoch time: 53.38 s
2026-06-18 12:30:17.397975: 
2026-06-18 12:30:17.398470: Epoch 100
2026-06-18 12:30:17.398711: Current learning rate: 0.00631
2026-06-18 12:31:10.552448: train_loss -0.4466
2026-06-18 12:31:10.552868: val_loss -0.2617
2026-06-18 12:31:10.553005: Pseudo dice [np.float32(0.6694)]
2026-06-18 12:31:10.553170: Epoch time: 53.16 s
2026-06-18 12:31:12.262208: 
2026-06-18 12:31:12.262760: Epoch 101
2026-06-18 12:31:12.263077: Current learning rate: 0.00628
2026-06-18 12:32:05.436581: train_loss -0.4421
2026-06-18 12:32:05.437090: val_loss -0.2848
2026-06-18 12:32:05.437234: Pseudo dice [np.float32(0.6881)]
2026-06-18 12:32:05.437410: Epoch time: 53.18 s
2026-06-18 12:32:07.145972: 
2026-06-18 12:32:07.146386: Epoch 102
2026-06-18 12:32:07.146672: Current learning rate: 0.00624
2026-06-18 12:33:00.317935: train_loss -0.4556
2026-06-18 12:33:00.318394: val_loss -0.2906
2026-06-18 12:33:00.318539: Pseudo dice [np.float32(0.7187)]
2026-06-18 12:33:00.318706: Epoch time: 53.18 s
2026-06-18 12:33:02.031327: 
2026-06-18 12:33:02.031678: Epoch 103
2026-06-18 12:33:02.031840: Current learning rate: 0.0062
2026-06-18 12:33:55.207150: train_loss -0.4524
2026-06-18 12:33:55.207661: val_loss -0.385
2026-06-18 12:33:55.207809: Pseudo dice [np.float32(0.735)]
2026-06-18 12:33:55.207980: Epoch time: 53.18 s
2026-06-18 12:33:57.295640: 
2026-06-18 12:33:57.295934: Epoch 104
2026-06-18 12:33:57.296078: Current learning rate: 0.00616
2026-06-18 12:34:50.528996: train_loss -0.4583
2026-06-18 12:34:50.529715: val_loss -0.2599
2026-06-18 12:34:50.529874: Pseudo dice [np.float32(0.674)]
2026-06-18 12:34:50.530044: Epoch time: 53.24 s
2026-06-18 12:34:52.242797: 
2026-06-18 12:34:52.243151: Epoch 105
2026-06-18 12:34:52.243334: Current learning rate: 0.00612
2026-06-18 12:35:45.503488: train_loss -0.4625
2026-06-18 12:35:45.504019: val_loss -0.3343
2026-06-18 12:35:45.504176: Pseudo dice [np.float32(0.7028)]
2026-06-18 12:35:45.504357: Epoch time: 53.26 s
2026-06-18 12:35:47.224861: 
2026-06-18 12:35:47.225430: Epoch 106
2026-06-18 12:35:47.225752: Current learning rate: 0.00609
2026-06-18 12:36:40.495288: train_loss -0.4517
2026-06-18 12:36:40.495751: val_loss -0.2801
2026-06-18 12:36:40.495898: Pseudo dice [np.float32(0.6736)]
2026-06-18 12:36:40.496068: Epoch time: 53.27 s
2026-06-18 12:36:42.221795: 
2026-06-18 12:36:42.222281: Epoch 107
2026-06-18 12:36:42.222564: Current learning rate: 0.00605
2026-06-18 12:37:35.319717: train_loss -0.4659
2026-06-18 12:37:35.320359: val_loss -0.2082
2026-06-18 12:37:35.320523: Pseudo dice [np.float32(0.6646)]
2026-06-18 12:37:35.320691: Epoch time: 53.1 s
2026-06-18 12:37:37.037684: 
2026-06-18 12:37:37.038023: Epoch 108
2026-06-18 12:37:37.038174: Current learning rate: 0.00601
2026-06-18 12:38:30.173715: train_loss -0.464
2026-06-18 12:38:30.174119: val_loss -0.2638
2026-06-18 12:38:30.174263: Pseudo dice [np.float32(0.6952)]
2026-06-18 12:38:30.174438: Epoch time: 53.14 s
2026-06-18 12:38:31.889508: 
2026-06-18 12:38:31.889887: Epoch 109
2026-06-18 12:38:31.890044: Current learning rate: 0.00597
2026-06-18 12:39:25.197609: train_loss -0.429
2026-06-18 12:39:25.198123: val_loss -0.3818
2026-06-18 12:39:25.198285: Pseudo dice [np.float32(0.7559)]
2026-06-18 12:39:25.198466: Epoch time: 53.31 s
2026-06-18 12:39:26.911409: 
2026-06-18 12:39:26.911675: Epoch 110
2026-06-18 12:39:26.911834: Current learning rate: 0.00593
2026-06-18 12:40:20.153186: train_loss -0.4548
2026-06-18 12:40:20.153772: val_loss -0.452
2026-06-18 12:40:20.153913: Pseudo dice [np.float32(0.7645)]
2026-06-18 12:40:20.154083: Epoch time: 53.24 s
2026-06-18 12:40:21.881604: 
2026-06-18 12:40:21.881959: Epoch 111
2026-06-18 12:40:21.882624: Current learning rate: 0.0059
2026-06-18 12:41:15.107013: train_loss -0.4598
2026-06-18 12:41:15.107610: val_loss -0.3901
2026-06-18 12:41:15.107752: Pseudo dice [np.float32(0.7497)]
2026-06-18 12:41:15.107916: Epoch time: 53.23 s
2026-06-18 12:41:16.805450: 
2026-06-18 12:41:16.805886: Epoch 112
2026-06-18 12:41:16.806054: Current learning rate: 0.00586
2026-06-18 12:42:09.982132: train_loss -0.4464
2026-06-18 12:42:09.982771: val_loss -0.3645
2026-06-18 12:42:09.982929: Pseudo dice [np.float32(0.758)]
2026-06-18 12:42:09.983100: Epoch time: 53.18 s
2026-06-18 12:42:12.061366: 
2026-06-18 12:42:12.061793: Epoch 113
2026-06-18 12:42:12.061965: Current learning rate: 0.00582
2026-06-18 12:43:05.318220: train_loss -0.4615
2026-06-18 12:43:05.318795: val_loss -0.4101
2026-06-18 12:43:05.318944: Pseudo dice [np.float32(0.7461)]
2026-06-18 12:43:05.319116: Epoch time: 53.26 s
2026-06-18 12:43:07.025459: 
2026-06-18 12:43:07.025918: Epoch 114
2026-06-18 12:43:07.026081: Current learning rate: 0.00578
2026-06-18 12:44:00.291371: train_loss -0.4569
2026-06-18 12:44:00.291899: val_loss -0.2354
2026-06-18 12:44:00.292059: Pseudo dice [np.float32(0.6757)]
2026-06-18 12:44:00.292230: Epoch time: 53.27 s
2026-06-18 12:44:01.988424: 
2026-06-18 12:44:01.988807: Epoch 115
2026-06-18 12:44:01.989001: Current learning rate: 0.00574
2026-06-18 12:44:55.261474: train_loss -0.4596
2026-06-18 12:44:55.262069: val_loss -0.3142
2026-06-18 12:44:55.262211: Pseudo dice [np.float32(0.6948)]
2026-06-18 12:44:55.262373: Epoch time: 53.28 s
2026-06-18 12:44:56.969158: 
2026-06-18 12:44:56.969564: Epoch 116
2026-06-18 12:44:56.969734: Current learning rate: 0.0057
2026-06-18 12:45:50.190191: train_loss -0.4661
2026-06-18 12:45:50.190767: val_loss -0.3331
2026-06-18 12:45:50.190908: Pseudo dice [np.float32(0.718)]
2026-06-18 12:45:50.191075: Epoch time: 53.22 s
2026-06-18 12:45:51.907178: 
2026-06-18 12:45:51.907613: Epoch 117
2026-06-18 12:45:51.907866: Current learning rate: 0.00567
2026-06-18 12:46:45.228323: train_loss -0.4696
2026-06-18 12:46:45.228770: val_loss -0.3193
2026-06-18 12:46:45.228914: Pseudo dice [np.float32(0.7008)]
2026-06-18 12:46:45.229078: Epoch time: 53.32 s
2026-06-18 12:46:46.935979: 
2026-06-18 12:46:46.936397: Epoch 118
2026-06-18 12:46:46.936591: Current learning rate: 0.00563
2026-06-18 12:47:40.313319: train_loss -0.4474
2026-06-18 12:47:40.313870: val_loss -0.2903
2026-06-18 12:47:40.314076: Pseudo dice [np.float32(0.6857)]
2026-06-18 12:47:40.314253: Epoch time: 53.38 s
2026-06-18 12:47:42.032242: 
2026-06-18 12:47:42.032641: Epoch 119
2026-06-18 12:47:42.032803: Current learning rate: 0.00559
2026-06-18 12:48:35.222827: train_loss -0.4546
2026-06-18 12:48:35.223441: val_loss -0.2472
2026-06-18 12:48:35.223587: Pseudo dice [np.float32(0.678)]
2026-06-18 12:48:35.223757: Epoch time: 53.19 s
2026-06-18 12:48:36.937559: 
2026-06-18 12:48:36.938016: Epoch 120
2026-06-18 12:48:36.938290: Current learning rate: 0.00555
2026-06-18 12:49:30.072771: train_loss -0.4546
2026-06-18 12:49:30.073549: val_loss -0.412
2026-06-18 12:49:30.073718: Pseudo dice [np.float32(0.7399)]
2026-06-18 12:49:30.073910: Epoch time: 53.14 s
2026-06-18 12:49:31.783854: 
2026-06-18 12:49:31.784219: Epoch 121
2026-06-18 12:49:31.784378: Current learning rate: 0.00551
2026-06-18 12:50:24.929784: train_loss -0.4709
2026-06-18 12:50:24.930391: val_loss -0.3723
2026-06-18 12:50:24.930546: Pseudo dice [np.float32(0.7199)]
2026-06-18 12:50:24.930720: Epoch time: 53.15 s
2026-06-18 12:50:26.654665: 
2026-06-18 12:50:26.655090: Epoch 122
2026-06-18 12:50:26.655361: Current learning rate: 0.00547
2026-06-18 12:51:20.162841: train_loss -0.4593
2026-06-18 12:51:20.163318: val_loss -0.4012
2026-06-18 12:51:20.163474: Pseudo dice [np.float32(0.7535)]
2026-06-18 12:51:20.163640: Epoch time: 53.51 s
2026-06-18 12:51:21.876808: 
2026-06-18 12:51:21.877228: Epoch 123
2026-06-18 12:51:21.877456: Current learning rate: 0.00544
2026-06-18 12:52:15.022134: train_loss -0.4591
2026-06-18 12:52:15.022628: val_loss -0.2044
2026-06-18 12:52:15.022779: Pseudo dice [np.float32(0.6529)]
2026-06-18 12:52:15.022959: Epoch time: 53.15 s
2026-06-18 12:52:16.745696: 
2026-06-18 12:52:16.746138: Epoch 124
2026-06-18 12:52:16.746407: Current learning rate: 0.0054
2026-06-18 12:53:09.865937: train_loss -0.4494
2026-06-18 12:53:09.866592: val_loss -0.206
2026-06-18 12:53:09.866788: Pseudo dice [np.float32(0.6649)]
2026-06-18 12:53:09.866974: Epoch time: 53.12 s
2026-06-18 12:53:11.603797: 
2026-06-18 12:53:11.604238: Epoch 125
2026-06-18 12:53:11.604413: Current learning rate: 0.00536
2026-06-18 12:54:04.825650: train_loss -0.456
2026-06-18 12:54:04.826160: val_loss -0.2853
2026-06-18 12:54:04.826317: Pseudo dice [np.float32(0.7096)]
2026-06-18 12:54:04.826497: Epoch time: 53.23 s
2026-06-18 12:54:06.542277: 
2026-06-18 12:54:06.542532: Epoch 126
2026-06-18 12:54:06.542678: Current learning rate: 0.00532
2026-06-18 12:54:59.691253: train_loss -0.4685
2026-06-18 12:54:59.691709: val_loss -0.3405
2026-06-18 12:54:59.691852: Pseudo dice [np.float32(0.7326)]
2026-06-18 12:54:59.692013: Epoch time: 53.15 s
2026-06-18 12:55:01.423372: 
2026-06-18 12:55:01.423861: Epoch 127
2026-06-18 12:55:01.424120: Current learning rate: 0.00528
2026-06-18 12:55:54.632702: train_loss -0.4755
2026-06-18 12:55:54.633233: val_loss -0.2454
2026-06-18 12:55:54.633394: Pseudo dice [np.float32(0.6806)]
2026-06-18 12:55:54.633562: Epoch time: 53.21 s
2026-06-18 12:55:56.362392: 
2026-06-18 12:55:56.362755: Epoch 128
2026-06-18 12:55:56.362918: Current learning rate: 0.00524
2026-06-18 12:56:49.576321: train_loss -0.4753
2026-06-18 12:56:49.576809: val_loss -0.3356
2026-06-18 12:56:49.576961: Pseudo dice [np.float32(0.7057)]
2026-06-18 12:56:49.577129: Epoch time: 53.22 s
2026-06-18 12:56:51.308130: 
2026-06-18 12:56:51.308556: Epoch 129
2026-06-18 12:56:51.308718: Current learning rate: 0.0052
2026-06-18 12:57:44.617813: train_loss -0.4683
2026-06-18 12:57:44.618297: val_loss -0.4042
2026-06-18 12:57:44.618447: Pseudo dice [np.float32(0.7353)]
2026-06-18 12:57:44.618613: Epoch time: 53.31 s
2026-06-18 12:57:46.354220: 
2026-06-18 12:57:46.354670: Epoch 130
2026-06-18 12:57:46.354939: Current learning rate: 0.00517
2026-06-18 12:58:39.636174: train_loss -0.4772
2026-06-18 12:58:39.636763: val_loss -0.3175
2026-06-18 12:58:39.636926: Pseudo dice [np.float32(0.7232)]
2026-06-18 12:58:39.637100: Epoch time: 53.29 s
2026-06-18 12:58:41.734518: 
2026-06-18 12:58:41.735047: Epoch 131
2026-06-18 12:58:41.735263: Current learning rate: 0.00513
2026-06-18 12:59:34.908139: train_loss -0.4719
2026-06-18 12:59:34.908610: val_loss -0.3173
2026-06-18 12:59:34.908754: Pseudo dice [np.float32(0.7104)]
2026-06-18 12:59:34.908916: Epoch time: 53.18 s
2026-06-18 12:59:36.633698: 
2026-06-18 12:59:36.634051: Epoch 132
2026-06-18 12:59:36.634204: Current learning rate: 0.00509
2026-06-18 13:00:29.835550: train_loss -0.476
2026-06-18 13:00:29.836163: val_loss -0.3782
2026-06-18 13:00:29.836309: Pseudo dice [np.float32(0.7437)]
2026-06-18 13:00:29.836490: Epoch time: 53.2 s
2026-06-18 13:00:31.570207: 
2026-06-18 13:00:31.570602: Epoch 133
2026-06-18 13:00:31.570872: Current learning rate: 0.00505
2026-06-18 13:01:24.816865: train_loss -0.4593
2026-06-18 13:01:24.817414: val_loss -0.4014
2026-06-18 13:01:24.817569: Pseudo dice [np.float32(0.7548)]
2026-06-18 13:01:24.817734: Epoch time: 53.25 s
2026-06-18 13:01:26.541126: 
2026-06-18 13:01:26.541608: Epoch 134
2026-06-18 13:01:26.541894: Current learning rate: 0.00501
2026-06-18 13:02:19.695729: train_loss -0.4753
2026-06-18 13:02:19.696155: val_loss -0.3219
2026-06-18 13:02:19.696297: Pseudo dice [np.float32(0.7298)]
2026-06-18 13:02:19.696469: Epoch time: 53.16 s
2026-06-18 13:02:21.443305: 
2026-06-18 13:02:21.443863: Epoch 135
2026-06-18 13:02:21.444055: Current learning rate: 0.00497
2026-06-18 13:03:14.789920: train_loss -0.4795
2026-06-18 13:03:14.790374: val_loss -0.4151
2026-06-18 13:03:14.790525: Pseudo dice [np.float32(0.7424)]
2026-06-18 13:03:14.790692: Epoch time: 53.35 s
2026-06-18 13:03:16.546895: 
2026-06-18 13:03:16.547420: Epoch 136
2026-06-18 13:03:16.548131: Current learning rate: 0.00493
2026-06-18 13:04:09.727294: train_loss -0.4679
2026-06-18 13:04:09.727885: val_loss -0.2804
2026-06-18 13:04:09.728029: Pseudo dice [np.float32(0.7142)]
2026-06-18 13:04:09.728199: Epoch time: 53.18 s
2026-06-18 13:04:11.470185: 
2026-06-18 13:04:11.470575: Epoch 137
2026-06-18 13:04:11.470730: Current learning rate: 0.00489
2026-06-18 13:05:04.689566: train_loss -0.4836
2026-06-18 13:05:04.690162: val_loss -0.4166
2026-06-18 13:05:04.690312: Pseudo dice [np.float32(0.7475)]
2026-06-18 13:05:04.690495: Epoch time: 53.22 s
2026-06-18 13:05:06.435780: 
2026-06-18 13:05:06.436166: Epoch 138
2026-06-18 13:05:06.436314: Current learning rate: 0.00485
2026-06-18 13:05:59.687365: train_loss -0.4767
2026-06-18 13:05:59.687979: val_loss -0.3379
2026-06-18 13:05:59.688128: Pseudo dice [np.float32(0.72)]
2026-06-18 13:05:59.688290: Epoch time: 53.25 s
2026-06-18 13:06:01.434607: 
2026-06-18 13:06:01.434981: Epoch 139
2026-06-18 13:06:01.435135: Current learning rate: 0.00482
2026-06-18 13:06:54.546748: train_loss -0.4906
2026-06-18 13:06:54.547353: val_loss -0.373
2026-06-18 13:06:54.547512: Pseudo dice [np.float32(0.7264)]
2026-06-18 13:06:54.547680: Epoch time: 53.12 s
2026-06-18 13:06:56.644764: 
2026-06-18 13:06:56.645146: Epoch 140
2026-06-18 13:06:56.645357: Current learning rate: 0.00478
2026-06-18 13:07:50.051137: train_loss -0.4795
2026-06-18 13:07:50.051812: val_loss -0.263
2026-06-18 13:07:50.051976: Pseudo dice [np.float32(0.6931)]
2026-06-18 13:07:50.052150: Epoch time: 53.41 s
2026-06-18 13:07:51.802518: 
2026-06-18 13:07:51.803051: Epoch 141
2026-06-18 13:07:51.803318: Current learning rate: 0.00474
2026-06-18 13:08:45.177009: train_loss -0.4703
2026-06-18 13:08:45.177534: val_loss -0.4168
2026-06-18 13:08:45.177678: Pseudo dice [np.float32(0.751)]
2026-06-18 13:08:45.177849: Epoch time: 53.38 s
2026-06-18 13:08:46.916929: 
2026-06-18 13:08:46.917343: Epoch 142
2026-06-18 13:08:46.917512: Current learning rate: 0.0047
2026-06-18 13:09:40.328698: train_loss -0.4803
2026-06-18 13:09:40.329323: val_loss -0.3038
2026-06-18 13:09:40.329481: Pseudo dice [np.float32(0.7059)]
2026-06-18 13:09:40.329648: Epoch time: 53.41 s
2026-06-18 13:09:42.074459: 
2026-06-18 13:09:42.074832: Epoch 143
2026-06-18 13:09:42.075107: Current learning rate: 0.00466
2026-06-18 13:10:35.431411: train_loss -0.4628
2026-06-18 13:10:35.431884: val_loss -0.3694
2026-06-18 13:10:35.432024: Pseudo dice [np.float32(0.7258)]
2026-06-18 13:10:35.432191: Epoch time: 53.36 s
2026-06-18 13:10:37.182222: 
2026-06-18 13:10:37.182775: Epoch 144
2026-06-18 13:10:37.183101: Current learning rate: 0.00462
2026-06-18 13:11:30.377652: train_loss -0.4698
2026-06-18 13:11:30.378179: val_loss -0.3375
2026-06-18 13:11:30.378359: Pseudo dice [np.float32(0.7186)]
2026-06-18 13:11:30.378550: Epoch time: 53.2 s
2026-06-18 13:11:32.121816: 
2026-06-18 13:11:32.122168: Epoch 145
2026-06-18 13:11:32.122349: Current learning rate: 0.00458
2026-06-18 13:12:25.403033: train_loss -0.4825
2026-06-18 13:12:25.403533: val_loss -0.3448
2026-06-18 13:12:25.403684: Pseudo dice [np.float32(0.7239)]
2026-06-18 13:12:25.403850: Epoch time: 53.28 s
2026-06-18 13:12:27.151000: 
2026-06-18 13:12:27.151326: Epoch 146
2026-06-18 13:12:27.151515: Current learning rate: 0.00454
2026-06-18 13:13:20.446427: train_loss -0.4704
2026-06-18 13:13:20.446992: val_loss -0.3396
2026-06-18 13:13:20.447141: Pseudo dice [np.float32(0.7195)]
2026-06-18 13:13:20.447308: Epoch time: 53.3 s
2026-06-18 13:13:22.192446: 
2026-06-18 13:13:22.192864: Epoch 147
2026-06-18 13:13:22.193182: Current learning rate: 0.0045
2026-06-18 13:14:15.558662: train_loss -0.4672
2026-06-18 13:14:15.559141: val_loss -0.4737
2026-06-18 13:14:15.559283: Pseudo dice [np.float32(0.7676)]
2026-06-18 13:14:15.559462: Epoch time: 53.37 s
2026-06-18 13:14:17.315580: 
2026-06-18 13:14:17.316064: Epoch 148
2026-06-18 13:14:17.316348: Current learning rate: 0.00446
2026-06-18 13:15:10.547028: train_loss -0.4834
2026-06-18 13:15:10.547572: val_loss -0.3734
2026-06-18 13:15:10.547715: Pseudo dice [np.float32(0.7381)]
2026-06-18 13:15:10.547885: Epoch time: 53.23 s
2026-06-18 13:15:12.667197: 
2026-06-18 13:15:12.667648: Epoch 149
2026-06-18 13:15:12.667894: Current learning rate: 0.00442
2026-06-18 13:16:05.770358: train_loss -0.4765
2026-06-18 13:16:05.770889: val_loss -0.2588
2026-06-18 13:16:05.771056: Pseudo dice [np.float32(0.685)]
2026-06-18 13:16:05.771229: Epoch time: 53.11 s
2026-06-18 13:16:08.060781: 
2026-06-18 13:16:08.061260: Epoch 150
2026-06-18 13:16:08.061448: Current learning rate: 0.00438
2026-06-18 13:17:01.142688: train_loss -0.4677
2026-06-18 13:17:01.143221: val_loss -0.3589
2026-06-18 13:17:01.143364: Pseudo dice [np.float32(0.7105)]
2026-06-18 13:17:01.143543: Epoch time: 53.09 s
2026-06-18 13:17:02.887246: 
2026-06-18 13:17:02.887604: Epoch 151
2026-06-18 13:17:02.887751: Current learning rate: 0.00434
2026-06-18 13:17:55.997576: train_loss -0.4897
2026-06-18 13:17:55.998073: val_loss -0.4146
2026-06-18 13:17:55.998214: Pseudo dice [np.float32(0.7518)]
2026-06-18 13:17:55.998388: Epoch time: 53.11 s
2026-06-18 13:17:57.750829: 
2026-06-18 13:17:57.751299: Epoch 152
2026-06-18 13:17:57.751472: Current learning rate: 0.0043
2026-06-18 13:18:50.848107: train_loss -0.4848
2026-06-18 13:18:50.848594: val_loss -0.3975
2026-06-18 13:18:50.848749: Pseudo dice [np.float32(0.7452)]
2026-06-18 13:18:50.848920: Epoch time: 53.1 s
2026-06-18 13:18:52.602459: 
2026-06-18 13:18:52.602984: Epoch 153
2026-06-18 13:18:52.603278: Current learning rate: 0.00427
2026-06-18 13:19:45.827262: train_loss -0.4859
2026-06-18 13:19:45.827778: val_loss -0.4077
2026-06-18 13:19:45.827935: Pseudo dice [np.float32(0.7444)]
2026-06-18 13:19:45.828102: Epoch time: 53.23 s
2026-06-18 13:19:47.598602: 
2026-06-18 13:19:47.599078: Epoch 154
2026-06-18 13:19:47.599346: Current learning rate: 0.00423
2026-06-18 13:20:40.717158: train_loss -0.4908
2026-06-18 13:20:40.717657: val_loss -0.4105
2026-06-18 13:20:40.717803: Pseudo dice [np.float32(0.7524)]
2026-06-18 13:20:40.717980: Epoch time: 53.12 s
2026-06-18 13:20:40.718110: Yayy! New best EMA pseudo Dice: 0.7310000061988831
2026-06-18 13:20:43.403446: 
2026-06-18 13:20:43.403949: Epoch 155
2026-06-18 13:20:43.404108: Current learning rate: 0.00419
2026-06-18 13:21:36.540586: train_loss -0.487
2026-06-18 13:21:36.541019: val_loss -0.2657
2026-06-18 13:21:36.541159: Pseudo dice [np.float32(0.6842)]
2026-06-18 13:21:36.541329: Epoch time: 53.14 s
2026-06-18 13:21:38.306799: 
2026-06-18 13:21:38.307061: Epoch 156
2026-06-18 13:21:38.307217: Current learning rate: 0.00415
2026-06-18 13:22:31.584981: train_loss -0.4816
2026-06-18 13:22:31.585510: val_loss -0.3546
2026-06-18 13:22:31.585674: Pseudo dice [np.float32(0.7299)]
2026-06-18 13:22:31.585854: Epoch time: 53.28 s
2026-06-18 13:22:33.709003: 
2026-06-18 13:22:33.709374: Epoch 157
2026-06-18 13:22:33.709531: Current learning rate: 0.00411
2026-06-18 13:23:26.847572: train_loss -0.4936
2026-06-18 13:23:26.848142: val_loss -0.3816
2026-06-18 13:23:26.848297: Pseudo dice [np.float32(0.7366)]
2026-06-18 13:23:26.848484: Epoch time: 53.14 s
2026-06-18 13:23:28.628879: 
2026-06-18 13:23:28.629493: Epoch 158
2026-06-18 13:23:28.629763: Current learning rate: 0.00407
2026-06-18 13:24:21.902738: train_loss -0.4378
2026-06-18 13:24:21.903223: val_loss 0.0138
2026-06-18 13:24:21.903371: Pseudo dice [np.float32(0.6127)]
2026-06-18 13:24:21.903554: Epoch time: 53.28 s
2026-06-18 13:24:23.682111: 
2026-06-18 13:24:23.682590: Epoch 159
2026-06-18 13:24:23.682886: Current learning rate: 0.00403
2026-06-18 13:25:17.014375: train_loss -0.4469
2026-06-18 13:25:17.014994: val_loss -0.3988
2026-06-18 13:25:17.015138: Pseudo dice [np.float32(0.7499)]
2026-06-18 13:25:17.015311: Epoch time: 53.34 s
2026-06-18 13:25:18.800440: 
2026-06-18 13:25:18.800866: Epoch 160
2026-06-18 13:25:18.801137: Current learning rate: 0.00399
2026-06-18 13:26:12.081454: train_loss -0.4786
2026-06-18 13:26:12.082028: val_loss -0.3042
2026-06-18 13:26:12.082175: Pseudo dice [np.float32(0.6951)]
2026-06-18 13:26:12.082341: Epoch time: 53.28 s
2026-06-18 13:26:13.857060: 
2026-06-18 13:26:13.858226: Epoch 161
2026-06-18 13:26:13.858537: Current learning rate: 0.00395
2026-06-18 13:27:06.986672: train_loss -0.4761
2026-06-18 13:27:06.987275: val_loss -0.3272
2026-06-18 13:27:06.987433: Pseudo dice [np.float32(0.7136)]
2026-06-18 13:27:06.987600: Epoch time: 53.13 s
2026-06-18 13:27:08.757709: 
2026-06-18 13:27:08.758056: Epoch 162
2026-06-18 13:27:08.758241: Current learning rate: 0.00391
2026-06-18 13:28:01.857767: train_loss -0.4832
2026-06-18 13:28:01.858211: val_loss -0.3261
2026-06-18 13:28:01.858352: Pseudo dice [np.float32(0.7353)]
2026-06-18 13:28:01.858529: Epoch time: 53.1 s
2026-06-18 13:28:03.626162: 
2026-06-18 13:28:03.626601: Epoch 163
2026-06-18 13:28:03.626931: Current learning rate: 0.00387
2026-06-18 13:28:56.877002: train_loss -0.4881
2026-06-18 13:28:56.877542: val_loss -0.3738
2026-06-18 13:28:56.877691: Pseudo dice [np.float32(0.7319)]
2026-06-18 13:28:56.877858: Epoch time: 53.25 s
2026-06-18 13:28:58.649043: 
2026-06-18 13:28:58.649416: Epoch 164
2026-06-18 13:28:58.649596: Current learning rate: 0.00383
2026-06-18 13:29:51.793319: train_loss -0.4881
2026-06-18 13:29:51.793844: val_loss -0.2477
2026-06-18 13:29:51.794028: Pseudo dice [np.float32(0.7008)]
2026-06-18 13:29:51.794203: Epoch time: 53.15 s
2026-06-18 13:29:53.887699: 
2026-06-18 13:29:53.888098: Epoch 165
2026-06-18 13:29:53.888265: Current learning rate: 0.00379
2026-06-18 13:30:47.038122: train_loss -0.502
2026-06-18 13:30:47.038641: val_loss -0.3677
2026-06-18 13:30:47.038805: Pseudo dice [np.float32(0.7505)]
2026-06-18 13:30:47.038982: Epoch time: 53.15 s
2026-06-18 13:30:48.779003: 
2026-06-18 13:30:48.779272: Epoch 166
2026-06-18 13:30:48.779432: Current learning rate: 0.00375
2026-06-18 13:31:42.104053: train_loss -0.4654
2026-06-18 13:31:42.104601: val_loss -0.4419
2026-06-18 13:31:42.104764: Pseudo dice [np.float32(0.7807)]
2026-06-18 13:31:42.104933: Epoch time: 53.33 s
2026-06-18 13:31:43.850257: 
2026-06-18 13:31:43.850801: Epoch 167
2026-06-18 13:31:43.851121: Current learning rate: 0.00371
2026-06-18 13:32:37.115200: train_loss -0.4994
2026-06-18 13:32:37.115714: val_loss -0.3185
2026-06-18 13:32:37.115856: Pseudo dice [np.float32(0.6983)]
2026-06-18 13:32:37.116028: Epoch time: 53.27 s
2026-06-18 13:32:38.882351: 
2026-06-18 13:32:38.882872: Epoch 168
2026-06-18 13:32:38.883147: Current learning rate: 0.00367
2026-06-18 13:33:32.005545: train_loss -0.4869
2026-06-18 13:33:32.006083: val_loss -0.3963
2026-06-18 13:33:32.006243: Pseudo dice [np.float32(0.743)]
2026-06-18 13:33:32.006420: Epoch time: 53.13 s
2026-06-18 13:33:33.766891: 
2026-06-18 13:33:33.767249: Epoch 169
2026-06-18 13:33:33.767576: Current learning rate: 0.00363
2026-06-18 13:34:27.004698: train_loss -0.4906
2026-06-18 13:34:27.005270: val_loss -0.4682
2026-06-18 13:34:27.005423: Pseudo dice [np.float32(0.7872)]
2026-06-18 13:34:27.005588: Epoch time: 53.24 s
2026-06-18 13:34:27.005717: Yayy! New best EMA pseudo Dice: 0.7322999835014343
2026-06-18 13:34:29.331225: 
2026-06-18 13:34:29.331685: Epoch 170
2026-06-18 13:34:29.332029: Current learning rate: 0.00359
2026-06-18 13:35:22.727873: train_loss -0.4925
2026-06-18 13:35:22.728335: val_loss -0.241
2026-06-18 13:35:22.728487: Pseudo dice [np.float32(0.6805)]
2026-06-18 13:35:22.728648: Epoch time: 53.4 s
2026-06-18 13:35:24.496236: 
2026-06-18 13:35:24.496571: Epoch 171
2026-06-18 13:35:24.496752: Current learning rate: 0.00355
2026-06-18 13:36:17.696575: train_loss -0.4812
2026-06-18 13:36:17.697262: val_loss -0.3322
2026-06-18 13:36:17.697422: Pseudo dice [np.float32(0.7232)]
2026-06-18 13:36:17.697588: Epoch time: 53.2 s
2026-06-18 13:36:19.461178: 
2026-06-18 13:36:19.461676: Epoch 172
2026-06-18 13:36:19.461950: Current learning rate: 0.00351
2026-06-18 13:37:12.664462: train_loss -0.4975
2026-06-18 13:37:12.664966: val_loss -0.4856
2026-06-18 13:37:12.665112: Pseudo dice [np.float32(0.797)]
2026-06-18 13:37:12.665275: Epoch time: 53.21 s
2026-06-18 13:37:12.665407: Yayy! New best EMA pseudo Dice: 0.7336999773979187
2026-06-18 13:37:14.868702: 
2026-06-18 13:37:14.869170: Epoch 173
2026-06-18 13:37:14.869456: Current learning rate: 0.00346
2026-06-18 13:38:08.033828: train_loss -0.4904
2026-06-18 13:38:08.034436: val_loss -0.3294
2026-06-18 13:38:08.034592: Pseudo dice [np.float32(0.7357)]
2026-06-18 13:38:08.034770: Epoch time: 53.17 s
2026-06-18 13:38:08.034911: Yayy! New best EMA pseudo Dice: 0.7339000105857849
2026-06-18 13:38:10.628001: 
2026-06-18 13:38:10.628471: Epoch 174
2026-06-18 13:38:10.628651: Current learning rate: 0.00342
2026-06-18 13:39:03.825804: train_loss -0.4869
2026-06-18 13:39:03.826278: val_loss -0.2221
2026-06-18 13:39:03.826432: Pseudo dice [np.float32(0.6794)]
2026-06-18 13:39:03.826603: Epoch time: 53.2 s
2026-06-18 13:39:05.584388: 
2026-06-18 13:39:05.584775: Epoch 175
2026-06-18 13:39:05.584945: Current learning rate: 0.00338
2026-06-18 13:39:58.727951: train_loss -0.5124
2026-06-18 13:39:58.728391: val_loss -0.3238
2026-06-18 13:39:58.728539: Pseudo dice [np.float32(0.7191)]
2026-06-18 13:39:58.728705: Epoch time: 53.15 s
2026-06-18 13:40:00.496595: 
2026-06-18 13:40:00.497042: Epoch 176
2026-06-18 13:40:00.497271: Current learning rate: 0.00334
2026-06-18 13:40:53.670058: train_loss -0.492
2026-06-18 13:40:53.670624: val_loss -0.3944
2026-06-18 13:40:53.670766: Pseudo dice [np.float32(0.7331)]
2026-06-18 13:40:53.670930: Epoch time: 53.18 s
2026-06-18 13:40:55.429753: 
2026-06-18 13:40:55.430112: Epoch 177
2026-06-18 13:40:55.430278: Current learning rate: 0.0033
2026-06-18 13:41:48.687968: train_loss -0.4861
2026-06-18 13:41:48.688435: val_loss -0.3184
2026-06-18 13:41:48.688583: Pseudo dice [np.float32(0.6937)]
2026-06-18 13:41:48.688753: Epoch time: 53.26 s
2026-06-18 13:41:50.470572: 
2026-06-18 13:41:50.471078: Epoch 178
2026-06-18 13:41:50.471242: Current learning rate: 0.00326
2026-06-18 13:42:43.701583: train_loss -0.4877
2026-06-18 13:42:43.702233: val_loss -0.3606
2026-06-18 13:42:43.702392: Pseudo dice [np.float32(0.7362)]
2026-06-18 13:42:43.702562: Epoch time: 53.23 s
2026-06-18 13:42:45.471212: 
2026-06-18 13:42:45.471728: Epoch 179
2026-06-18 13:42:45.473541: Current learning rate: 0.00322
2026-06-18 13:43:38.763682: train_loss -0.4924
2026-06-18 13:43:38.764138: val_loss -0.5029
2026-06-18 13:43:38.764285: Pseudo dice [np.float32(0.8061)]
2026-06-18 13:43:38.764465: Epoch time: 53.3 s
2026-06-18 13:43:40.531672: 
2026-06-18 13:43:40.532120: Epoch 180
2026-06-18 13:43:40.532397: Current learning rate: 0.00318
2026-06-18 13:44:33.723655: train_loss -0.4862
2026-06-18 13:44:33.724147: val_loss -0.3361
2026-06-18 13:44:33.724288: Pseudo dice [np.float32(0.7156)]
2026-06-18 13:44:33.724464: Epoch time: 53.2 s
2026-06-18 13:44:35.495574: 
2026-06-18 13:44:35.496063: Epoch 181
2026-06-18 13:44:35.496451: Current learning rate: 0.00314
2026-06-18 13:45:28.749655: train_loss -0.4861
2026-06-18 13:45:28.750236: val_loss -0.2166
2026-06-18 13:45:28.750391: Pseudo dice [np.float32(0.676)]
2026-06-18 13:45:28.750572: Epoch time: 53.26 s
2026-06-18 13:45:30.873764: 
2026-06-18 13:45:30.874118: Epoch 182
2026-06-18 13:45:30.874274: Current learning rate: 0.0031
2026-06-18 13:46:24.052613: train_loss -0.4892
2026-06-18 13:46:24.053420: val_loss -0.3665
2026-06-18 13:46:24.053593: Pseudo dice [np.float32(0.7263)]
2026-06-18 13:46:24.053767: Epoch time: 53.18 s
2026-06-18 13:46:25.830917: 
2026-06-18 13:46:25.831337: Epoch 183
2026-06-18 13:46:25.831510: Current learning rate: 0.00306
2026-06-18 13:47:18.977295: train_loss -0.4994
2026-06-18 13:47:18.977840: val_loss -0.3306
2026-06-18 13:47:18.977982: Pseudo dice [np.float32(0.7241)]
2026-06-18 13:47:18.978148: Epoch time: 53.15 s
2026-06-18 13:47:20.756323: 
2026-06-18 13:47:20.756733: Epoch 184
2026-06-18 13:47:20.756907: Current learning rate: 0.00302
2026-06-18 13:48:13.865825: train_loss -0.499
2026-06-18 13:48:13.866295: val_loss -0.4283
2026-06-18 13:48:13.866446: Pseudo dice [np.float32(0.7683)]
2026-06-18 13:48:13.866608: Epoch time: 53.11 s
2026-06-18 13:48:15.640217: 
2026-06-18 13:48:15.640678: Epoch 185
2026-06-18 13:48:15.640853: Current learning rate: 0.00297
2026-06-18 13:49:08.799139: train_loss -0.4929
2026-06-18 13:49:08.800166: val_loss -0.357
2026-06-18 13:49:08.800362: Pseudo dice [np.float32(0.7373)]
2026-06-18 13:49:08.800559: Epoch time: 53.16 s
2026-06-18 13:49:10.578764: 
2026-06-18 13:49:10.579202: Epoch 186
2026-06-18 13:49:10.579422: Current learning rate: 0.00293
2026-06-18 13:50:03.674595: train_loss -0.4814
2026-06-18 13:50:03.675066: val_loss -0.3417
2026-06-18 13:50:03.675216: Pseudo dice [np.float32(0.7266)]
2026-06-18 13:50:03.675388: Epoch time: 53.1 s
2026-06-18 13:50:05.441061: 
2026-06-18 13:50:05.441392: Epoch 187
2026-06-18 13:50:05.441562: Current learning rate: 0.00289
2026-06-18 13:50:58.782027: train_loss -0.4865
2026-06-18 13:50:58.782538: val_loss -0.3875
2026-06-18 13:50:58.782694: Pseudo dice [np.float32(0.7344)]
2026-06-18 13:50:58.782859: Epoch time: 53.34 s
2026-06-18 13:51:00.557194: 
2026-06-18 13:51:00.557695: Epoch 188
2026-06-18 13:51:00.557853: Current learning rate: 0.00285
2026-06-18 13:51:53.954843: train_loss -0.4793
2026-06-18 13:51:53.955269: val_loss -0.3183
2026-06-18 13:51:53.955422: Pseudo dice [np.float32(0.7133)]
2026-06-18 13:51:53.955586: Epoch time: 53.4 s
2026-06-18 13:51:55.721203: 
2026-06-18 13:51:55.721606: Epoch 189
2026-06-18 13:51:55.721888: Current learning rate: 0.00281
2026-06-18 13:52:48.880032: train_loss -0.4884
2026-06-18 13:52:48.880681: val_loss -0.2998
2026-06-18 13:52:48.880827: Pseudo dice [np.float32(0.706)]
2026-06-18 13:52:48.880996: Epoch time: 53.16 s
2026-06-18 13:52:50.653693: 
2026-06-18 13:52:50.654177: Epoch 190
2026-06-18 13:52:50.654459: Current learning rate: 0.00277
2026-06-18 13:53:43.989101: train_loss -0.5008
2026-06-18 13:53:43.989648: val_loss -0.3462
2026-06-18 13:53:43.989808: Pseudo dice [np.float32(0.7096)]
2026-06-18 13:53:43.989978: Epoch time: 53.34 s
2026-06-18 13:53:46.162390: 
2026-06-18 13:53:46.162900: Epoch 191
2026-06-18 13:53:46.163082: Current learning rate: 0.00273
2026-06-18 13:54:39.285054: train_loss -0.497
2026-06-18 13:54:39.285648: val_loss -0.3264
2026-06-18 13:54:39.285793: Pseudo dice [np.float32(0.72)]
2026-06-18 13:54:39.285967: Epoch time: 53.13 s
2026-06-18 13:54:41.064095: 
2026-06-18 13:54:41.064516: Epoch 192
2026-06-18 13:54:41.064681: Current learning rate: 0.00268
2026-06-18 13:55:34.338851: train_loss -0.5037
2026-06-18 13:55:34.339349: val_loss -0.2891
2026-06-18 13:55:34.339518: Pseudo dice [np.float32(0.7116)]
2026-06-18 13:55:34.339685: Epoch time: 53.28 s
2026-06-18 13:55:36.120421: 
2026-06-18 13:55:36.120834: Epoch 193
2026-06-18 13:55:36.121143: Current learning rate: 0.00264
2026-06-18 13:56:29.329930: train_loss -0.4933
2026-06-18 13:56:29.330514: val_loss -0.2935
2026-06-18 13:56:29.330706: Pseudo dice [np.float32(0.7112)]
2026-06-18 13:56:29.330897: Epoch time: 53.21 s
2026-06-18 13:56:31.113961: 
2026-06-18 13:56:31.114368: Epoch 194
2026-06-18 13:56:31.114725: Current learning rate: 0.0026
2026-06-18 13:57:24.417825: train_loss -0.4927
2026-06-18 13:57:24.418429: val_loss -0.1952
2026-06-18 13:57:24.418578: Pseudo dice [np.float32(0.6826)]
2026-06-18 13:57:24.418746: Epoch time: 53.31 s
2026-06-18 13:57:26.205922: 
2026-06-18 13:57:26.206276: Epoch 195
2026-06-18 13:57:26.206535: Current learning rate: 0.00256
2026-06-18 13:58:19.469162: train_loss -0.5002
2026-06-18 13:58:19.469621: val_loss -0.3789
2026-06-18 13:58:19.469767: Pseudo dice [np.float32(0.7499)]
2026-06-18 13:58:19.469937: Epoch time: 53.27 s
2026-06-18 13:58:21.258308: 
2026-06-18 13:58:21.258742: Epoch 196
2026-06-18 13:58:21.258902: Current learning rate: 0.00252
2026-06-18 13:59:14.526954: train_loss -0.5023
2026-06-18 13:59:14.527403: val_loss -0.3627
2026-06-18 13:59:14.527550: Pseudo dice [np.float32(0.7519)]
2026-06-18 13:59:14.527730: Epoch time: 53.27 s
2026-06-18 13:59:16.315200: 
2026-06-18 13:59:16.315554: Epoch 197
2026-06-18 13:59:16.315847: Current learning rate: 0.00248
2026-06-18 14:00:09.501092: train_loss -0.502
2026-06-18 14:00:09.501500: val_loss -0.3128
2026-06-18 14:00:09.501643: Pseudo dice [np.float32(0.7356)]
2026-06-18 14:00:09.501809: Epoch time: 53.19 s
2026-06-18 14:00:11.284109: 
2026-06-18 14:00:11.284570: Epoch 198
2026-06-18 14:00:11.284858: Current learning rate: 0.00243
2026-06-18 14:01:04.528293: train_loss -0.4937
2026-06-18 14:01:04.528754: val_loss -0.3879
2026-06-18 14:01:04.528903: Pseudo dice [np.float32(0.7496)]
2026-06-18 14:01:04.529067: Epoch time: 53.25 s
2026-06-18 14:01:06.681611: 
2026-06-18 14:01:06.682015: Epoch 199
2026-06-18 14:01:06.682280: Current learning rate: 0.00239
2026-06-18 14:01:59.776946: train_loss -0.4883
2026-06-18 14:01:59.777673: val_loss -0.1562
2026-06-18 14:01:59.777817: Pseudo dice [np.float32(0.6705)]
2026-06-18 14:01:59.777984: Epoch time: 53.1 s
2026-06-18 14:02:02.085295: 
2026-06-18 14:02:02.085711: Epoch 200
2026-06-18 14:02:02.085887: Current learning rate: 0.00235
2026-06-18 14:02:55.274990: train_loss -0.5063
2026-06-18 14:02:55.275482: val_loss -0.4026
2026-06-18 14:02:55.275637: Pseudo dice [np.float32(0.7565)]
2026-06-18 14:02:55.275804: Epoch time: 53.19 s
2026-06-18 14:02:57.068821: 
2026-06-18 14:02:57.069210: Epoch 201
2026-06-18 14:02:57.069368: Current learning rate: 0.00231
2026-06-18 14:03:50.351208: train_loss -0.4973
2026-06-18 14:03:50.351665: val_loss -0.3484
2026-06-18 14:03:50.351811: Pseudo dice [np.float32(0.7233)]
2026-06-18 14:03:50.351973: Epoch time: 53.29 s
2026-06-18 14:03:52.142324: 
2026-06-18 14:03:52.142855: Epoch 202
2026-06-18 14:03:52.143009: Current learning rate: 0.00226
2026-06-18 14:04:45.369225: train_loss -0.5133
2026-06-18 14:04:45.369831: val_loss -0.3296
2026-06-18 14:04:45.369980: Pseudo dice [np.float32(0.712)]
2026-06-18 14:04:45.370153: Epoch time: 53.23 s
2026-06-18 14:04:47.164424: 
2026-06-18 14:04:47.164766: Epoch 203
2026-06-18 14:04:47.164934: Current learning rate: 0.00222
2026-06-18 14:05:40.450309: train_loss -0.5138
2026-06-18 14:05:40.450750: val_loss -0.3325
2026-06-18 14:05:40.450895: Pseudo dice [np.float32(0.7217)]
2026-06-18 14:05:40.451065: Epoch time: 53.29 s
2026-06-18 14:05:42.242973: 
2026-06-18 14:05:42.243385: Epoch 204
2026-06-18 14:05:42.243561: Current learning rate: 0.00218
2026-06-18 14:06:35.728784: train_loss -0.487
2026-06-18 14:06:35.729192: val_loss -0.2731
2026-06-18 14:06:35.729334: Pseudo dice [np.float32(0.6896)]
2026-06-18 14:06:35.729507: Epoch time: 53.49 s
2026-06-18 14:06:37.531229: 
2026-06-18 14:06:37.531580: Epoch 205
2026-06-18 14:06:37.531801: Current learning rate: 0.00214
2026-06-18 14:07:30.800693: train_loss -0.4915
2026-06-18 14:07:30.801240: val_loss -0.3608
2026-06-18 14:07:30.801391: Pseudo dice [np.float32(0.741)]
2026-06-18 14:07:30.801555: Epoch time: 53.27 s
2026-06-18 14:07:32.541355: 
2026-06-18 14:07:32.541816: Epoch 206
2026-06-18 14:07:32.542092: Current learning rate: 0.00209
2026-06-18 14:08:25.732951: train_loss -0.502
2026-06-18 14:08:25.733553: val_loss -0.3457
2026-06-18 14:08:25.733700: Pseudo dice [np.float32(0.7393)]
2026-06-18 14:08:25.733869: Epoch time: 53.19 s
2026-06-18 14:08:27.826272: 
2026-06-18 14:08:27.826684: Epoch 207
2026-06-18 14:08:27.826839: Current learning rate: 0.00205
2026-06-18 14:09:20.971074: train_loss -0.4982
2026-06-18 14:09:20.971575: val_loss -0.3944
2026-06-18 14:09:20.971735: Pseudo dice [np.float32(0.7552)]
2026-06-18 14:09:20.971914: Epoch time: 53.15 s
2026-06-18 14:09:22.714456: 
2026-06-18 14:09:22.715083: Epoch 208
2026-06-18 14:09:22.715350: Current learning rate: 0.00201
2026-06-18 14:10:15.992872: train_loss -0.5113
2026-06-18 14:10:15.993506: val_loss -0.4002
2026-06-18 14:10:15.993669: Pseudo dice [np.float32(0.7499)]
2026-06-18 14:10:15.993837: Epoch time: 53.28 s
2026-06-18 14:10:17.738639: 
2026-06-18 14:10:17.739092: Epoch 209
2026-06-18 14:10:17.739387: Current learning rate: 0.00196
2026-06-18 14:11:10.929696: train_loss -0.4995
2026-06-18 14:11:10.930194: val_loss -0.3854
2026-06-18 14:11:10.930338: Pseudo dice [np.float32(0.7485)]
2026-06-18 14:11:10.930512: Epoch time: 53.19 s
2026-06-18 14:11:12.668157: 
2026-06-18 14:11:12.668674: Epoch 210
2026-06-18 14:11:12.668878: Current learning rate: 0.00192
2026-06-18 14:12:05.876192: train_loss -0.5024
2026-06-18 14:12:05.876796: val_loss -0.3844
2026-06-18 14:12:05.876950: Pseudo dice [np.float32(0.7364)]
2026-06-18 14:12:05.877123: Epoch time: 53.21 s
2026-06-18 14:12:07.613191: 
2026-06-18 14:12:07.613547: Epoch 211
2026-06-18 14:12:07.613692: Current learning rate: 0.00188
2026-06-18 14:13:01.127407: train_loss -0.5014
2026-06-18 14:13:01.127895: val_loss -0.4095
2026-06-18 14:13:01.128037: Pseudo dice [np.float32(0.7608)]
2026-06-18 14:13:01.128204: Epoch time: 53.52 s
2026-06-18 14:13:01.128330: Yayy! New best EMA pseudo Dice: 0.7347999811172485
2026-06-18 14:13:03.389772: 
2026-06-18 14:13:03.390263: Epoch 212
2026-06-18 14:13:03.390517: Current learning rate: 0.00184
2026-06-18 14:13:56.646173: train_loss -0.5038
2026-06-18 14:13:56.646899: val_loss -0.3825
2026-06-18 14:13:56.647049: Pseudo dice [np.float32(0.7555)]
2026-06-18 14:13:56.647217: Epoch time: 53.26 s
2026-06-18 14:13:56.647350: Yayy! New best EMA pseudo Dice: 0.7368999719619751
2026-06-18 14:13:58.817926: 
2026-06-18 14:13:58.818333: Epoch 213
2026-06-18 14:13:58.818496: Current learning rate: 0.00179
2026-06-18 14:14:52.117945: train_loss -0.5092
2026-06-18 14:14:52.118457: val_loss -0.3503
2026-06-18 14:14:52.118607: Pseudo dice [np.float32(0.741)]
2026-06-18 14:14:52.118774: Epoch time: 53.3 s
2026-06-18 14:14:52.118903: Yayy! New best EMA pseudo Dice: 0.7372999787330627
2026-06-18 14:14:54.276452: 
2026-06-18 14:14:54.276872: Epoch 214
2026-06-18 14:14:54.277048: Current learning rate: 0.00175
2026-06-18 14:15:47.541667: train_loss -0.4987
2026-06-18 14:15:47.542229: val_loss -0.3075
2026-06-18 14:15:47.542367: Pseudo dice [np.float32(0.7087)]
2026-06-18 14:15:47.542543: Epoch time: 53.27 s
2026-06-18 14:15:49.259986: 
2026-06-18 14:15:49.260393: Epoch 215
2026-06-18 14:15:49.260553: Current learning rate: 0.0017
2026-06-18 14:16:42.440270: train_loss -0.5081
2026-06-18 14:16:42.440723: val_loss -0.2722
2026-06-18 14:16:42.440872: Pseudo dice [np.float32(0.6989)]
2026-06-18 14:16:42.441041: Epoch time: 53.18 s
2026-06-18 14:16:44.511859: 
2026-06-18 14:16:44.512265: Epoch 216
2026-06-18 14:16:44.512420: Current learning rate: 0.00166
2026-06-18 14:17:37.736180: train_loss -0.4979
2026-06-18 14:17:37.736709: val_loss -0.2626
2026-06-18 14:17:37.736855: Pseudo dice [np.float32(0.7111)]
2026-06-18 14:17:37.737030: Epoch time: 53.23 s
2026-06-18 14:17:39.456148: 
2026-06-18 14:17:39.456677: Epoch 217
2026-06-18 14:17:39.456967: Current learning rate: 0.00162
2026-06-18 14:18:32.725571: train_loss -0.4958
2026-06-18 14:18:32.726108: val_loss -0.4276
2026-06-18 14:18:32.726258: Pseudo dice [np.float32(0.7535)]
2026-06-18 14:18:32.726433: Epoch time: 53.27 s
2026-06-18 14:18:34.439880: 
2026-06-18 14:18:34.440222: Epoch 218
2026-06-18 14:18:34.440400: Current learning rate: 0.00157
2026-06-18 14:19:27.628356: train_loss -0.5038
2026-06-18 14:19:27.628925: val_loss -0.3775
2026-06-18 14:19:27.629071: Pseudo dice [np.float32(0.7516)]
2026-06-18 14:19:27.629235: Epoch time: 53.19 s
2026-06-18 14:19:29.347931: 
2026-06-18 14:19:29.348320: Epoch 219
2026-06-18 14:19:29.348597: Current learning rate: 0.00153
2026-06-18 14:20:22.595711: train_loss -0.5035
2026-06-18 14:20:22.596143: val_loss -0.4088
2026-06-18 14:20:22.596282: Pseudo dice [np.float32(0.7504)]
2026-06-18 14:20:22.596455: Epoch time: 53.25 s
2026-06-18 14:20:24.308089: 
2026-06-18 14:20:24.308460: Epoch 220
2026-06-18 14:20:24.308643: Current learning rate: 0.00148
2026-06-18 14:21:17.672072: train_loss -0.507
2026-06-18 14:21:17.672664: val_loss -0.2963
2026-06-18 14:21:17.672821: Pseudo dice [np.float32(0.7167)]
2026-06-18 14:21:17.672986: Epoch time: 53.37 s
2026-06-18 14:21:19.398261: 
2026-06-18 14:21:19.398719: Epoch 221
2026-06-18 14:21:19.398880: Current learning rate: 0.00144
2026-06-18 14:22:12.795355: train_loss -0.5024
2026-06-18 14:22:12.795917: val_loss -0.3037
2026-06-18 14:22:12.796063: Pseudo dice [np.float32(0.711)]
2026-06-18 14:22:12.796232: Epoch time: 53.4 s
2026-06-18 14:22:14.510068: 
2026-06-18 14:22:14.510460: Epoch 222
2026-06-18 14:22:14.510669: Current learning rate: 0.00139
2026-06-18 14:23:07.685848: train_loss -0.5175
2026-06-18 14:23:07.686440: val_loss -0.2909
2026-06-18 14:23:07.686584: Pseudo dice [np.float32(0.7177)]
2026-06-18 14:23:07.686745: Epoch time: 53.18 s
2026-06-18 14:23:09.401848: 
2026-06-18 14:23:09.402273: Epoch 223
2026-06-18 14:23:09.402559: Current learning rate: 0.00135
2026-06-18 14:24:02.629746: train_loss -0.5089
2026-06-18 14:24:02.630300: val_loss -0.3868
2026-06-18 14:24:02.630468: Pseudo dice [np.float32(0.7334)]
2026-06-18 14:24:02.630635: Epoch time: 53.23 s
2026-06-18 14:24:04.346517: 
2026-06-18 14:24:04.346986: Epoch 224
2026-06-18 14:24:04.347264: Current learning rate: 0.0013
2026-06-18 14:24:57.569846: train_loss -0.5246
2026-06-18 14:24:57.570247: val_loss -0.3757
2026-06-18 14:24:57.570404: Pseudo dice [np.float32(0.7483)]
2026-06-18 14:24:57.570568: Epoch time: 53.23 s
2026-06-18 14:24:59.286165: 
2026-06-18 14:24:59.286559: Epoch 225
2026-06-18 14:24:59.286823: Current learning rate: 0.00126
2026-06-18 14:25:52.482454: train_loss -0.517
2026-06-18 14:25:52.482893: val_loss -0.3419
2026-06-18 14:25:52.483044: Pseudo dice [np.float32(0.7164)]
2026-06-18 14:25:52.483208: Epoch time: 53.2 s
2026-06-18 14:25:54.601500: 
2026-06-18 14:25:54.601959: Epoch 226
2026-06-18 14:25:54.602137: Current learning rate: 0.00121
2026-06-18 14:26:47.801725: train_loss -0.512
2026-06-18 14:26:47.802524: val_loss -0.2305
2026-06-18 14:26:47.802670: Pseudo dice [np.float32(0.6921)]
2026-06-18 14:26:47.802837: Epoch time: 53.2 s
2026-06-18 14:26:49.524009: 
2026-06-18 14:26:49.524489: Epoch 227
2026-06-18 14:26:49.524788: Current learning rate: 0.00117
2026-06-18 14:27:42.788192: train_loss -0.5101
2026-06-18 14:27:42.788619: val_loss -0.2617
2026-06-18 14:27:42.788768: Pseudo dice [np.float32(0.6979)]
2026-06-18 14:27:42.788931: Epoch time: 53.27 s
2026-06-18 14:27:44.498694: 
2026-06-18 14:27:44.499003: Epoch 228
2026-06-18 14:27:44.499273: Current learning rate: 0.00112
2026-06-18 14:28:37.847264: train_loss -0.5103
2026-06-18 14:28:37.847743: val_loss -0.3235
2026-06-18 14:28:37.847886: Pseudo dice [np.float32(0.7229)]
2026-06-18 14:28:37.848054: Epoch time: 53.35 s
2026-06-18 14:28:39.575368: 
2026-06-18 14:28:39.575869: Epoch 229
2026-06-18 14:28:39.576093: Current learning rate: 0.00108
2026-06-18 14:29:32.800448: train_loss -0.5074
2026-06-18 14:29:32.800912: val_loss -0.2595
2026-06-18 14:29:32.801052: Pseudo dice [np.float32(0.6967)]
2026-06-18 14:29:32.801219: Epoch time: 53.23 s
2026-06-18 14:29:34.526620: 
2026-06-18 14:29:34.527024: Epoch 230
2026-06-18 14:29:34.527271: Current learning rate: 0.00103
2026-06-18 14:30:27.713395: train_loss -0.5089
2026-06-18 14:30:27.713793: val_loss -0.3468
2026-06-18 14:30:27.713939: Pseudo dice [np.float32(0.7143)]
2026-06-18 14:30:27.714102: Epoch time: 53.19 s
2026-06-18 14:30:29.432911: 
2026-06-18 14:30:29.433363: Epoch 231
2026-06-18 14:30:29.433527: Current learning rate: 0.00098
2026-06-18 14:31:22.579924: train_loss -0.5138
2026-06-18 14:31:22.580374: val_loss -0.391
2026-06-18 14:31:22.580530: Pseudo dice [np.float32(0.7538)]
2026-06-18 14:31:22.580700: Epoch time: 53.15 s
2026-06-18 14:31:24.296503: 
2026-06-18 14:31:24.296965: Epoch 232
2026-06-18 14:31:24.297273: Current learning rate: 0.00094
2026-06-18 14:32:17.613672: train_loss -0.5203
2026-06-18 14:32:17.614179: val_loss -0.3521
2026-06-18 14:32:17.614321: Pseudo dice [np.float32(0.7317)]
2026-06-18 14:32:17.614502: Epoch time: 53.32 s
2026-06-18 14:32:19.340022: 
2026-06-18 14:32:19.340578: Epoch 233
2026-06-18 14:32:19.340776: Current learning rate: 0.00089
2026-06-18 14:33:12.627334: train_loss -0.5046
2026-06-18 14:33:12.627995: val_loss -0.3524
2026-06-18 14:33:12.628149: Pseudo dice [np.float32(0.7318)]
2026-06-18 14:33:12.628314: Epoch time: 53.29 s
2026-06-18 14:33:14.351704: 
2026-06-18 14:33:14.352183: Epoch 234
2026-06-18 14:33:14.352341: Current learning rate: 0.00084
2026-06-18 14:34:07.551568: train_loss -0.5049
2026-06-18 14:34:07.552076: val_loss -0.3031
2026-06-18 14:34:07.552239: Pseudo dice [np.float32(0.7112)]
2026-06-18 14:34:07.553099: Epoch time: 53.2 s
2026-06-18 14:34:09.614208: 
2026-06-18 14:34:09.614781: Epoch 235
2026-06-18 14:34:09.615127: Current learning rate: 0.00079
2026-06-18 14:35:03.006548: train_loss -0.5168
2026-06-18 14:35:03.006977: val_loss -0.3994
2026-06-18 14:35:03.007118: Pseudo dice [np.float32(0.7572)]
2026-06-18 14:35:03.007283: Epoch time: 53.4 s
2026-06-18 14:35:04.724859: 
2026-06-18 14:35:04.725387: Epoch 236
2026-06-18 14:35:04.725669: Current learning rate: 0.00075
2026-06-18 14:35:57.987337: train_loss -0.5154
2026-06-18 14:35:57.987845: val_loss -0.3065
2026-06-18 14:35:57.987989: Pseudo dice [np.float32(0.7163)]
2026-06-18 14:35:57.988152: Epoch time: 53.27 s
2026-06-18 14:35:59.707741: 
2026-06-18 14:35:59.708223: Epoch 237
2026-06-18 14:35:59.708543: Current learning rate: 0.0007
2026-06-18 14:36:52.899175: train_loss -0.5078
2026-06-18 14:36:52.899689: val_loss -0.3904
2026-06-18 14:36:52.900109: Pseudo dice [np.float32(0.7361)]
2026-06-18 14:36:52.900336: Epoch time: 53.19 s
2026-06-18 14:36:54.623190: 
2026-06-18 14:36:54.623694: Epoch 238
2026-06-18 14:36:54.623972: Current learning rate: 0.00065
2026-06-18 14:37:47.960937: train_loss -0.5151
2026-06-18 14:37:47.961511: val_loss -0.319
2026-06-18 14:37:47.961660: Pseudo dice [np.float32(0.7259)]
2026-06-18 14:37:47.961821: Epoch time: 53.34 s
2026-06-18 14:37:49.674636: 
2026-06-18 14:37:49.675072: Epoch 239
2026-06-18 14:37:49.675259: Current learning rate: 0.0006
2026-06-18 14:38:42.943741: train_loss -0.5166
2026-06-18 14:38:42.944299: val_loss -0.3228
2026-06-18 14:38:42.944452: Pseudo dice [np.float32(0.7178)]
2026-06-18 14:38:42.944623: Epoch time: 53.27 s
2026-06-18 14:38:44.678126: 
2026-06-18 14:38:44.678567: Epoch 240
2026-06-18 14:38:44.678741: Current learning rate: 0.00055
2026-06-18 14:39:37.813920: train_loss -0.5136
2026-06-18 14:39:37.814564: val_loss -0.3367
2026-06-18 14:39:37.814742: Pseudo dice [np.float32(0.7374)]
2026-06-18 14:39:37.814914: Epoch time: 53.14 s
2026-06-18 14:39:39.547820: 
2026-06-18 14:39:39.548335: Epoch 241
2026-06-18 14:39:39.548642: Current learning rate: 0.0005
2026-06-18 14:40:32.848644: train_loss -0.5262
2026-06-18 14:40:32.849075: val_loss -0.3955
2026-06-18 14:40:32.849214: Pseudo dice [np.float32(0.7433)]
2026-06-18 14:40:32.849394: Epoch time: 53.3 s
2026-06-18 14:40:34.583872: 
2026-06-18 14:40:34.584324: Epoch 242
2026-06-18 14:40:34.584582: Current learning rate: 0.00045
2026-06-18 14:41:27.980712: train_loss -0.5195
2026-06-18 14:41:27.981253: val_loss -0.3877
2026-06-18 14:41:27.981408: Pseudo dice [np.float32(0.7499)]
2026-06-18 14:41:27.981578: Epoch time: 53.4 s
2026-06-18 14:41:29.718054: 
2026-06-18 14:41:29.718511: Epoch 243
2026-06-18 14:41:29.718810: Current learning rate: 0.0004
2026-06-18 14:42:22.953327: train_loss -0.5028
2026-06-18 14:42:22.953990: val_loss -0.2794
2026-06-18 14:42:22.954136: Pseudo dice [np.float32(0.6992)]
2026-06-18 14:42:22.954300: Epoch time: 53.24 s
2026-06-18 14:42:25.060569: 
2026-06-18 14:42:25.060976: Epoch 244
2026-06-18 14:42:25.061170: Current learning rate: 0.00035
2026-06-18 14:43:18.373978: train_loss -0.5191
2026-06-18 14:43:18.374570: val_loss -0.4117
2026-06-18 14:43:18.374733: Pseudo dice [np.float32(0.76)]
2026-06-18 14:43:18.374901: Epoch time: 53.32 s
2026-06-18 14:43:20.118416: 
2026-06-18 14:43:20.118910: Epoch 245
2026-06-18 14:43:20.119179: Current learning rate: 0.0003
2026-06-18 14:44:13.345707: train_loss -0.5174
2026-06-18 14:44:13.346483: val_loss -0.3243
2026-06-18 14:44:13.346638: Pseudo dice [np.float32(0.7239)]
2026-06-18 14:44:13.346810: Epoch time: 53.23 s
2026-06-18 14:44:15.085020: 
2026-06-18 14:44:15.085407: Epoch 246
2026-06-18 14:44:15.085568: Current learning rate: 0.00024
2026-06-18 14:45:08.328567: train_loss -0.5217
2026-06-18 14:45:08.329073: val_loss -0.3284
2026-06-18 14:45:08.329216: Pseudo dice [np.float32(0.7209)]
2026-06-18 14:45:08.329391: Epoch time: 53.25 s
2026-06-18 14:45:10.069000: 
2026-06-18 14:45:10.069456: Epoch 247
2026-06-18 14:45:10.069628: Current learning rate: 0.00019
2026-06-18 14:46:03.268327: train_loss -0.5229
2026-06-18 14:46:03.268791: val_loss -0.3359
2026-06-18 14:46:03.268946: Pseudo dice [np.float32(0.7383)]
2026-06-18 14:46:03.269114: Epoch time: 53.2 s
2026-06-18 14:46:05.007076: 
2026-06-18 14:46:05.007442: Epoch 248
2026-06-18 14:46:05.007624: Current learning rate: 0.00013
2026-06-18 14:46:58.255436: train_loss -0.511
2026-06-18 14:46:58.255936: val_loss -0.2796
2026-06-18 14:46:58.256083: Pseudo dice [np.float32(0.7018)]
2026-06-18 14:46:58.256248: Epoch time: 53.25 s
2026-06-18 14:46:59.998587: 
2026-06-18 14:46:59.998968: Epoch 249
2026-06-18 14:46:59.999254: Current learning rate: 7e-05
2026-06-18 14:47:53.298701: train_loss -0.5263
2026-06-18 14:47:53.299283: val_loss -0.2678
2026-06-18 14:47:53.299439: Pseudo dice [np.float32(0.6925)]
2026-06-18 14:47:53.299609: Epoch time: 53.3 s
2026-06-18 14:47:55.604577: Training done.
2026-06-18 14:47:55.901547: Using splits from existing split file: /gpfs/data/ravenlab/micmac/nnUNet_preprocessed/Dataset003_BinaryTask/splits_final.json
2026-06-18 14:47:55.902818: The split file contains 5 splits.
2026-06-18 14:47:55.902934: Desired fold for training: 2
2026-06-18 14:47:55.903022: This split has 20 training and 5 validation cases.
2026-06-18 14:47:55.903211: predicting 41759_11right_0p25um
2026-06-18 14:47:56.487802: 41759_11right_0p25um, shape torch.Size([1, 1, 8448, 12346]), rank 0
2026-06-18 14:48:38.804225: predicting 41759_46bundle
2026-06-18 14:48:38.861689: 41759_46bundle, shape torch.Size([1, 1, 2240, 2125]), rank 0
2026-06-18 14:48:40.062033: predicting 41759_47left_0p25um
2026-06-18 14:48:42.283807: 41759_47left_0p25um, shape torch.Size([1, 1, 16128, 17609]), rank 0
2026-06-18 14:50:18.978952: predicting 41759_61_claus
2026-06-18 14:50:19.311670: 41759_61_claus, shape torch.Size([1, 1, 2080, 2024]), rank 0
2026-06-18 14:50:20.597506: predicting 41759_G_100_slice_2_2
2026-06-18 14:50:20.973733: 41759_G_100_slice_2_2, shape torch.Size([1, 1, 4818, 8533]), rank 0
2026-06-18 14:54:51.618861: Validation complete
2026-06-18 14:54:51.619086: Mean Validation Dice:  0.7171658865245982
