Loading python/gpu/3.10.6-cuda12.9
  Loading requirement: cuda/12.9

############################
INFO: You are using the old nnU-Net default plans. We have updated our recommendations. Please consider using those instead! Read more here: https://github.com/MIC-DKFZ/nnUNet/blob/master/documentation/resenc_presets.md
############################

Using device: cuda:0

#######################################################################
Please cite the following paper when using nnU-Net:
Isensee, F., Jaeger, P. F., Kohl, S. A., Petersen, J., & Maier-Hein, K. H. (2021). nnU-Net: a self-configuring method for deep learning-based biomedical image segmentation. Nature methods, 18(2), 203-211.
#######################################################################

2026-06-17 18:02:04.644831: do_dummy_2d_data_aug: False
2026-06-17 18:02:04.645629: Using splits from existing split file: /gpfs/data/ravenlab/micmac/nnUNet_preprocessed/Dataset003_BinaryTask/splits_final.json
2026-06-17 18:02:04.645938: The split file contains 5 splits.
2026-06-17 18:02:04.646036: Desired fold for training: 0
2026-06-17 18:02:04.646121: This split has 20 training and 5 validation cases.
using pin_memory on device 0
using pin_memory on device 0

This is the configuration used by this training:
Configuration name: 2d
 {'data_identifier': 'nnUNetPlans_2d', 'preprocessor_name': 'DefaultPreprocessor', 'batch_size': 2, 'patch_size': [1024, 1536], 'median_image_size_in_voxels': [2176.0, 3311.0], 'spacing': [1.0, 1.0], 'normalization_schemes': ['ZScoreNormalization'], 'use_mask_for_norm': [False], 'resampling_fn_data': 'resample_data_or_seg_to_shape', 'resampling_fn_seg': 'resample_data_or_seg_to_shape', 'resampling_fn_data_kwargs': {'is_seg': False, 'order': 3, 'order_z': 0, 'force_separate_z': None}, 'resampling_fn_seg_kwargs': {'is_seg': True, 'order': 1, 'order_z': 0, 'force_separate_z': None}, 'resampling_fn_probabilities': 'resample_data_or_seg_to_shape', 'resampling_fn_probabilities_kwargs': {'is_seg': False, 'order': 1, 'order_z': 0, 'force_separate_z': None}, 'architecture': {'network_class_name': 'dynamic_network_architectures.architectures.unet.PlainConvUNet', 'arch_kwargs': {'n_stages': 9, 'features_per_stage': [32, 64, 128, 256, 512, 512, 512, 512, 512], 'conv_op': 'torch.nn.modules.conv.Conv2d', 'kernel_sizes': [[3, 3], [3, 3], [3, 3], [3, 3], [3, 3], [3, 3], [3, 3], [3, 3], [3, 3]], 'strides': [[1, 1], [2, 2], [2, 2], [2, 2], [2, 2], [2, 2], [2, 2], [2, 2], [2, 2]], 'n_conv_per_stage': [2, 2, 2, 2, 2, 2, 2, 2, 2], 'n_conv_per_stage_decoder': [2, 2, 2, 2, 2, 2, 2, 2], 'conv_bias': True, 'norm_op': 'torch.nn.modules.instancenorm.InstanceNorm2d', 'norm_op_kwargs': {'eps': 1e-05, 'affine': True}, 'dropout_op': None, 'dropout_op_kwargs': None, 'nonlin': 'torch.nn.LeakyReLU', 'nonlin_kwargs': {'inplace': True}}, '_kw_requires_import': ['conv_op', 'norm_op', 'dropout_op', 'nonlin']}, 'batch_dice': True} 

These are the global plan.json settings:
 {'dataset_name': 'Dataset003_BinaryTask', 'plans_name': 'nnUNetPlans', 'original_median_spacing_after_transp': [999.0, 1.0, 1.0], 'original_median_shape_after_transp': [1, 2176, 3311], 'image_reader_writer': 'NaturalImage2DIO', 'transpose_forward': [0, 1, 2], 'transpose_backward': [0, 1, 2], 'experiment_planner_used': 'ExperimentPlanner', 'label_manager': 'LabelManager', 'foreground_intensity_properties_per_channel': {'0': {'max': 252.0, 'mean': 114.97937774658203, 'median': 113.0, 'min': 4.0, 'percentile_00_5': 32.0, 'percentile_99_5': 208.0, 'std': 38.282249450683594}}} 

2026-06-17 18:02:13.486184: Unable to plot network architecture:
2026-06-17 18:02:13.486398: No module named 'hiddenlayer'
2026-06-17 18:02:13.678446: 
2026-06-17 18:02:13.678700: Epoch 0
2026-06-17 18:02:13.679019: Current learning rate: 0.01
2026-06-17 18:04:26.299284: train_loss 0.1153
2026-06-17 18:04:26.299757: val_loss 0.0892
2026-06-17 18:04:26.299901: Pseudo dice [np.float32(0.5573)]
2026-06-17 18:04:26.300060: Epoch time: 132.62 s
2026-06-17 18:04:26.300200: Yayy! New best EMA pseudo Dice: 0.5572999715805054
2026-06-17 18:04:29.210826: Training done.
2026-06-17 18:04:29.266855: Using splits from existing split file: /gpfs/data/ravenlab/micmac/nnUNet_preprocessed/Dataset003_BinaryTask/splits_final.json
2026-06-17 18:04:29.267184: The split file contains 5 splits.
2026-06-17 18:04:29.267296: Desired fold for training: 0
2026-06-17 18:04:29.270154: This split has 20 training and 5 validation cases.
2026-06-17 18:04:29.270377: predicting 41759_48left
2026-06-17 18:04:29.298836: 41759_48left, shape torch.Size([1, 1, 1920, 2251]), rank 0
2026-06-17 18:04:36.215628: predicting 41759_63_claus
2026-06-17 18:04:36.258699: 41759_63_claus, shape torch.Size([1, 1, 2112, 2226]), rank 0
2026-06-17 18:04:37.443475: predicting 41759_G_078_slice_2_1
2026-06-17 18:04:37.768349: 41759_G_078_slice_2_1, shape torch.Size([1, 1, 5346, 10000]), rank 0
2026-06-17 18:04:56.178881: predicting 41759_G_110_slice_2_0
2026-06-17 18:04:56.286322: 41759_G_110_slice_2_0, shape torch.Size([1, 1, 3036, 4119]), rank 0
2026-06-17 18:04:59.889036: predicting 41759_G_130_slice_1_2
2026-06-17 18:05:00.516594: 41759_G_130_slice_1_2, shape torch.Size([1, 1, 10000, 10000]), rank 0
2026-06-17 18:05:53.145894: Validation complete
2026-06-17 18:05:53.146098: Mean Validation Dice:  0.5543674993602706
