Loading python/gpu/3.10.6-cuda12.9
  Loading requirement: cuda/12.9
Launching parallel training for 2D config, Fold 4 using 250-epoch trainer preset...

############################
INFO: You are using the old nnU-Net default plans. We have updated our recommendations. Please consider using those instead! Read more here: https://github.com/MIC-DKFZ/nnUNet/blob/master/documentation/resenc_presets.md
############################

Using device: cuda:0

#######################################################################
Please cite the following paper when using nnU-Net:
Isensee, F., Jaeger, P. F., Kohl, S. A., Petersen, J., & Maier-Hein, K. H. (2021). nnU-Net: a self-configuring method for deep learning-based biomedical image segmentation. Nature methods, 18(2), 203-211.
#######################################################################

2026-06-23 19:47:52.916426: do_dummy_2d_data_aug: False
2026-06-23 19:47:52.916974: Using splits from existing split file: /gpfs/data/ravenlab/micmac/nnUNet_preprocessed/Dataset002_BinaryTask/splits_final.json
2026-06-23 19:47:52.917318: The split file contains 5 splits.
2026-06-23 19:47:52.917419: Desired fold for training: 4
2026-06-23 19:47:52.917506: This split has 12 training and 3 validation cases.
using pin_memory on device 0
using pin_memory on device 0

This is the configuration used by this training:
Configuration name: 2d
 {'data_identifier': 'nnUNetPlans_2d', 'preprocessor_name': 'DefaultPreprocessor', 'batch_size': 2, 'patch_size': [1024, 1280], 'median_image_size_in_voxels': [2080.0, 2125.0], 'spacing': [1.0, 1.0], 'normalization_schemes': ['ZScoreNormalization'], 'use_mask_for_norm': [False], 'resampling_fn_data': 'resample_data_or_seg_to_shape', 'resampling_fn_seg': 'resample_data_or_seg_to_shape', 'resampling_fn_data_kwargs': {'is_seg': False, 'order': 3, 'order_z': 0, 'force_separate_z': None}, 'resampling_fn_seg_kwargs': {'is_seg': True, 'order': 1, 'order_z': 0, 'force_separate_z': None}, 'resampling_fn_probabilities': 'resample_data_or_seg_to_shape', 'resampling_fn_probabilities_kwargs': {'is_seg': False, 'order': 1, 'order_z': 0, 'force_separate_z': None}, 'architecture': {'network_class_name': 'dynamic_network_architectures.architectures.unet.PlainConvUNet', 'arch_kwargs': {'n_stages': 9, 'features_per_stage': [32, 64, 128, 256, 512, 512, 512, 512, 512], 'conv_op': 'torch.nn.modules.conv.Conv2d', 'kernel_sizes': [[3, 3], [3, 3], [3, 3], [3, 3], [3, 3], [3, 3], [3, 3], [3, 3], [3, 3]], 'strides': [[1, 1], [2, 2], [2, 2], [2, 2], [2, 2], [2, 2], [2, 2], [2, 2], [2, 2]], 'n_conv_per_stage': [2, 2, 2, 2, 2, 2, 2, 2, 2], 'n_conv_per_stage_decoder': [2, 2, 2, 2, 2, 2, 2, 2], 'conv_bias': True, 'norm_op': 'torch.nn.modules.instancenorm.InstanceNorm2d', 'norm_op_kwargs': {'eps': 1e-05, 'affine': True}, 'dropout_op': None, 'dropout_op_kwargs': None, 'nonlin': 'torch.nn.LeakyReLU', 'nonlin_kwargs': {'inplace': True}}, '_kw_requires_import': ['conv_op', 'norm_op', 'dropout_op', 'nonlin']}, 'batch_dice': True} 

These are the global plan.json settings:
 {'dataset_name': 'Dataset002_BinaryTask', 'plans_name': 'nnUNetPlans', 'original_median_spacing_after_transp': [999.0, 1.0, 1.0], 'original_median_shape_after_transp': [1, 2080, 2125], 'image_reader_writer': 'NaturalImage2DIO', 'transpose_forward': [0, 1, 2], 'transpose_backward': [0, 1, 2], 'experiment_planner_used': 'ExperimentPlanner', 'label_manager': 'LabelManager', 'foreground_intensity_properties_per_channel': {'0': {'max': 250.0, 'mean': 109.4693603515625, 'median': 108.0, 'min': 5.0, 'percentile_00_5': 30.0, 'percentile_99_5': 199.0, 'std': 36.45087814331055}}} 

2026-06-23 19:47:58.318488: Unable to plot network architecture:
2026-06-23 19:47:58.318662: No module named 'hiddenlayer'
2026-06-23 19:47:58.489315: 
2026-06-23 19:47:58.489526: Epoch 0
2026-06-23 19:47:58.489808: Current learning rate: 0.01
2026-06-23 19:50:05.498622: train_loss -0.0659
2026-06-23 19:50:05.499520: val_loss -0.0851
2026-06-23 19:50:05.499676: Pseudo dice [np.float32(0.6424)]
2026-06-23 19:50:05.499899: Epoch time: 127.01 s
2026-06-23 19:50:05.500032: Yayy! New best EMA pseudo Dice: 0.6424000263214111
2026-06-23 19:50:08.023478: 
2026-06-23 19:50:08.023832: Epoch 1
2026-06-23 19:50:08.024029: Current learning rate: 0.00996
2026-06-23 19:50:52.930410: train_loss -0.1716
2026-06-23 19:50:52.930942: val_loss -0.1399
2026-06-23 19:50:52.931094: Pseudo dice [np.float32(0.6674)]
2026-06-23 19:50:52.931270: Epoch time: 44.91 s
2026-06-23 19:50:52.932924: Yayy! New best EMA pseudo Dice: 0.6449000239372253
2026-06-23 19:50:55.150167: 
2026-06-23 19:50:55.150640: Epoch 2
2026-06-23 19:50:55.150867: Current learning rate: 0.00993
2026-06-23 19:51:40.445507: train_loss -0.1832
2026-06-23 19:51:40.446134: val_loss -0.0645
2026-06-23 19:51:40.446302: Pseudo dice [np.float32(0.6358)]
2026-06-23 19:51:40.446482: Epoch time: 45.3 s
2026-06-23 19:51:42.237389: 
2026-06-23 19:51:42.237877: Epoch 3
2026-06-23 19:51:42.238236: Current learning rate: 0.00989
2026-06-23 19:52:27.357152: train_loss -0.194
2026-06-23 19:52:27.357707: val_loss -0.1922
2026-06-23 19:52:27.357881: Pseudo dice [np.float32(0.6893)]
2026-06-23 19:52:27.358051: Epoch time: 45.12 s
2026-06-23 19:52:27.358184: Yayy! New best EMA pseudo Dice: 0.6485000252723694
2026-06-23 19:52:29.647903: 
2026-06-23 19:52:29.648416: Epoch 4
2026-06-23 19:52:29.648724: Current learning rate: 0.00986
2026-06-23 19:53:14.728589: train_loss -0.215
2026-06-23 19:53:14.729129: val_loss -0.1929
2026-06-23 19:53:14.729272: Pseudo dice [np.float32(0.6956)]
2026-06-23 19:53:14.729441: Epoch time: 45.08 s
2026-06-23 19:53:14.729575: Yayy! New best EMA pseudo Dice: 0.6531999707221985
2026-06-23 19:53:17.124306: 
2026-06-23 19:53:17.124738: Epoch 5
2026-06-23 19:53:17.124928: Current learning rate: 0.00982
2026-06-23 19:54:02.122925: train_loss -0.2208
2026-06-23 19:54:02.123485: val_loss -0.1548
2026-06-23 19:54:02.123632: Pseudo dice [np.float32(0.6806)]
2026-06-23 19:54:02.123811: Epoch time: 45.0 s
2026-06-23 19:54:02.123948: Yayy! New best EMA pseudo Dice: 0.6559000015258789
2026-06-23 19:54:04.487389: 
2026-06-23 19:54:04.487782: Epoch 6
2026-06-23 19:54:04.488138: Current learning rate: 0.00978
2026-06-23 19:54:49.803344: train_loss -0.2217
2026-06-23 19:54:49.803853: val_loss -0.1784
2026-06-23 19:54:49.804029: Pseudo dice [np.float32(0.6824)]
2026-06-23 19:54:49.804314: Epoch time: 45.32 s
2026-06-23 19:54:49.804464: Yayy! New best EMA pseudo Dice: 0.6585999727249146
2026-06-23 19:54:52.061671: 
2026-06-23 19:54:52.062213: Epoch 7
2026-06-23 19:54:52.062501: Current learning rate: 0.00975
2026-06-23 19:55:37.050866: train_loss -0.2334
2026-06-23 19:55:37.051479: val_loss -0.1698
2026-06-23 19:55:37.051623: Pseudo dice [np.float32(0.6595)]
2026-06-23 19:55:37.051811: Epoch time: 44.99 s
2026-06-23 19:55:37.051983: Yayy! New best EMA pseudo Dice: 0.6586999893188477
2026-06-23 19:55:39.374817: 
2026-06-23 19:55:39.375375: Epoch 8
2026-06-23 19:55:39.375640: Current learning rate: 0.00971
2026-06-23 19:56:24.396150: train_loss -0.2303
2026-06-23 19:56:24.396799: val_loss -0.2254
2026-06-23 19:56:24.396950: Pseudo dice [np.float32(0.6854)]
2026-06-23 19:56:24.397130: Epoch time: 45.02 s
2026-06-23 19:56:24.397257: Yayy! New best EMA pseudo Dice: 0.6614000201225281
2026-06-23 19:56:27.105093: 
2026-06-23 19:56:27.105615: Epoch 9
2026-06-23 19:56:27.105971: Current learning rate: 0.00968
2026-06-23 19:57:12.089231: train_loss -0.2342
2026-06-23 19:57:12.089707: val_loss -0.161
2026-06-23 19:57:12.089865: Pseudo dice [np.float32(0.6716)]
2026-06-23 19:57:12.090045: Epoch time: 44.99 s
2026-06-23 19:57:12.090178: Yayy! New best EMA pseudo Dice: 0.6624000072479248
2026-06-23 19:57:14.345600: 
2026-06-23 19:57:14.346105: Epoch 10
2026-06-23 19:57:14.346308: Current learning rate: 0.00964
2026-06-23 19:57:59.339725: train_loss -0.2492
2026-06-23 19:57:59.340223: val_loss -0.2
2026-06-23 19:57:59.340367: Pseudo dice [np.float32(0.6912)]
2026-06-23 19:57:59.340540: Epoch time: 45.0 s
2026-06-23 19:57:59.340671: Yayy! New best EMA pseudo Dice: 0.6653000116348267
2026-06-23 19:58:01.596070: 
2026-06-23 19:58:01.596623: Epoch 11
2026-06-23 19:58:01.596811: Current learning rate: 0.0096
2026-06-23 19:58:46.544923: train_loss -0.2525
2026-06-23 19:58:46.545432: val_loss -0.1654
2026-06-23 19:58:46.545588: Pseudo dice [np.float32(0.6656)]
2026-06-23 19:58:46.545761: Epoch time: 44.95 s
2026-06-23 19:58:46.545902: Yayy! New best EMA pseudo Dice: 0.6653000116348267
2026-06-23 19:58:48.813876: 
2026-06-23 19:58:48.814407: Epoch 12
2026-06-23 19:58:48.814632: Current learning rate: 0.00957
2026-06-23 19:59:33.644153: train_loss -0.2527
2026-06-23 19:59:33.644629: val_loss -0.2251
2026-06-23 19:59:33.644791: Pseudo dice [np.float32(0.7044)]
2026-06-23 19:59:33.644973: Epoch time: 44.83 s
2026-06-23 19:59:33.645108: Yayy! New best EMA pseudo Dice: 0.6692000031471252
2026-06-23 19:59:35.902607: 
2026-06-23 19:59:35.903195: Epoch 13
2026-06-23 19:59:35.903588: Current learning rate: 0.00953
2026-06-23 20:00:20.859256: train_loss -0.2656
2026-06-23 20:00:20.859750: val_loss -0.2581
2026-06-23 20:00:20.859905: Pseudo dice [np.float32(0.7228)]
2026-06-23 20:00:20.860079: Epoch time: 44.96 s
2026-06-23 20:00:20.860204: Yayy! New best EMA pseudo Dice: 0.6746000051498413
2026-06-23 20:00:23.111285: 
2026-06-23 20:00:23.111840: Epoch 14
2026-06-23 20:00:23.112077: Current learning rate: 0.00949
2026-06-23 20:01:08.183326: train_loss -0.2507
2026-06-23 20:01:08.184301: val_loss -0.2205
2026-06-23 20:01:08.184479: Pseudo dice [np.float32(0.7017)]
2026-06-23 20:01:08.184661: Epoch time: 45.08 s
2026-06-23 20:01:08.184814: Yayy! New best EMA pseudo Dice: 0.677299976348877
2026-06-23 20:01:10.468454: 
2026-06-23 20:01:10.468787: Epoch 15
2026-06-23 20:01:10.469004: Current learning rate: 0.00946
2026-06-23 20:01:55.553791: train_loss -0.2528
2026-06-23 20:01:55.554356: val_loss -0.2225
2026-06-23 20:01:55.554539: Pseudo dice [np.float32(0.6984)]
2026-06-23 20:01:55.554715: Epoch time: 45.09 s
2026-06-23 20:01:55.554849: Yayy! New best EMA pseudo Dice: 0.6794000267982483
2026-06-23 20:01:57.835908: 
2026-06-23 20:01:57.836340: Epoch 16
2026-06-23 20:01:57.836531: Current learning rate: 0.00942
2026-06-23 20:02:42.921184: train_loss -0.2641
2026-06-23 20:02:42.921917: val_loss -0.2231
2026-06-23 20:02:42.922086: Pseudo dice [np.float32(0.6952)]
2026-06-23 20:02:42.922264: Epoch time: 45.09 s
2026-06-23 20:02:42.922393: Yayy! New best EMA pseudo Dice: 0.6809999942779541
2026-06-23 20:02:45.713425: 
2026-06-23 20:02:45.714178: Epoch 17
2026-06-23 20:02:45.714482: Current learning rate: 0.00939
2026-06-23 20:03:30.688488: train_loss -0.2703
2026-06-23 20:03:30.689257: val_loss -0.1938
2026-06-23 20:03:30.689417: Pseudo dice [np.float32(0.6745)]
2026-06-23 20:03:30.689600: Epoch time: 44.98 s
2026-06-23 20:03:32.427755: 
2026-06-23 20:03:32.428289: Epoch 18
2026-06-23 20:03:32.428588: Current learning rate: 0.00935
2026-06-23 20:04:17.390414: train_loss -0.2733
2026-06-23 20:04:17.391002: val_loss -0.2762
2026-06-23 20:04:17.391176: Pseudo dice [np.float32(0.7274)]
2026-06-23 20:04:17.391356: Epoch time: 44.97 s
2026-06-23 20:04:17.391488: Yayy! New best EMA pseudo Dice: 0.6850000023841858
2026-06-23 20:04:19.671394: 
2026-06-23 20:04:19.671895: Epoch 19
2026-06-23 20:04:19.672124: Current learning rate: 0.00931
2026-06-23 20:05:04.802025: train_loss -0.2663
2026-06-23 20:05:04.802604: val_loss -0.2505
2026-06-23 20:05:04.802765: Pseudo dice [np.float32(0.7116)]
2026-06-23 20:05:04.803006: Epoch time: 45.13 s
2026-06-23 20:05:04.803141: Yayy! New best EMA pseudo Dice: 0.6876999735832214
2026-06-23 20:05:07.123504: 
2026-06-23 20:05:07.123964: Epoch 20
2026-06-23 20:05:07.124185: Current learning rate: 0.00928
2026-06-23 20:05:52.070764: train_loss -0.2558
2026-06-23 20:05:52.074188: val_loss -0.2277
2026-06-23 20:05:52.074445: Pseudo dice [np.float32(0.7056)]
2026-06-23 20:05:52.074640: Epoch time: 44.95 s
2026-06-23 20:05:52.074781: Yayy! New best EMA pseudo Dice: 0.6894999742507935
2026-06-23 20:05:54.369840: 
2026-06-23 20:05:54.370257: Epoch 21
2026-06-23 20:05:54.370456: Current learning rate: 0.00924
2026-06-23 20:06:39.442744: train_loss -0.2708
2026-06-23 20:06:39.443227: val_loss -0.2581
2026-06-23 20:06:39.443379: Pseudo dice [np.float32(0.71)]
2026-06-23 20:06:39.443555: Epoch time: 45.08 s
2026-06-23 20:06:39.443687: Yayy! New best EMA pseudo Dice: 0.6915000081062317
2026-06-23 20:06:41.635458: 
2026-06-23 20:06:41.635943: Epoch 22
2026-06-23 20:06:41.636197: Current learning rate: 0.0092
2026-06-23 20:07:26.639939: train_loss -0.2711
2026-06-23 20:07:26.640468: val_loss -0.1772
2026-06-23 20:07:26.640626: Pseudo dice [np.float32(0.6603)]
2026-06-23 20:07:26.640803: Epoch time: 45.01 s
2026-06-23 20:07:28.337250: 
2026-06-23 20:07:28.337738: Epoch 23
2026-06-23 20:07:28.338022: Current learning rate: 0.00917
2026-06-23 20:08:13.227384: train_loss -0.2834
2026-06-23 20:08:13.227849: val_loss -0.2353
2026-06-23 20:08:13.227998: Pseudo dice [np.float32(0.6927)]
2026-06-23 20:08:13.228170: Epoch time: 44.89 s
2026-06-23 20:08:14.898394: 
2026-06-23 20:08:14.898879: Epoch 24
2026-06-23 20:08:14.899092: Current learning rate: 0.00913
2026-06-23 20:09:00.016789: train_loss -0.2909
2026-06-23 20:09:00.017355: val_loss -0.2208
2026-06-23 20:09:00.017517: Pseudo dice [np.float32(0.7078)]
2026-06-23 20:09:00.017684: Epoch time: 45.12 s
2026-06-23 20:09:01.702987: 
2026-06-23 20:09:01.703422: Epoch 25
2026-06-23 20:09:01.703629: Current learning rate: 0.0091
2026-06-23 20:09:46.822199: train_loss -0.2906
2026-06-23 20:09:46.822695: val_loss -0.2415
2026-06-23 20:09:46.822922: Pseudo dice [np.float32(0.7073)]
2026-06-23 20:09:46.823286: Epoch time: 45.12 s
2026-06-23 20:09:46.823424: Yayy! New best EMA pseudo Dice: 0.6923999786376953
2026-06-23 20:09:49.511324: 
2026-06-23 20:09:49.511910: Epoch 26
2026-06-23 20:09:49.512140: Current learning rate: 0.00906
2026-06-23 20:10:34.568349: train_loss -0.2922
2026-06-23 20:10:34.569057: val_loss -0.2526
2026-06-23 20:10:34.569242: Pseudo dice [np.float32(0.7127)]
2026-06-23 20:10:34.569432: Epoch time: 45.06 s
2026-06-23 20:10:34.569620: Yayy! New best EMA pseudo Dice: 0.6944000124931335
2026-06-23 20:10:36.761251: 
2026-06-23 20:10:36.761987: Epoch 27
2026-06-23 20:10:36.762241: Current learning rate: 0.00902
2026-06-23 20:11:21.834066: train_loss -0.2835
2026-06-23 20:11:21.834830: val_loss -0.2653
2026-06-23 20:11:21.834980: Pseudo dice [np.float32(0.7271)]
2026-06-23 20:11:21.835154: Epoch time: 45.08 s
2026-06-23 20:11:21.835280: Yayy! New best EMA pseudo Dice: 0.697700023651123
2026-06-23 20:11:24.079501: 
2026-06-23 20:11:24.080193: Epoch 28
2026-06-23 20:11:24.080496: Current learning rate: 0.00899
2026-06-23 20:12:09.108179: train_loss -0.2774
2026-06-23 20:12:09.109097: val_loss -0.2196
2026-06-23 20:12:09.109258: Pseudo dice [np.float32(0.6792)]
2026-06-23 20:12:09.109516: Epoch time: 45.03 s
2026-06-23 20:12:10.829207: 
2026-06-23 20:12:10.829801: Epoch 29
2026-06-23 20:12:10.830087: Current learning rate: 0.00895
2026-06-23 20:12:55.856447: train_loss -0.2904
2026-06-23 20:12:55.857039: val_loss -0.2265
2026-06-23 20:12:55.857206: Pseudo dice [np.float32(0.6947)]
2026-06-23 20:12:55.857386: Epoch time: 45.03 s
2026-06-23 20:12:57.586792: 
2026-06-23 20:12:57.587392: Epoch 30
2026-06-23 20:12:57.587703: Current learning rate: 0.00891
2026-06-23 20:13:42.691732: train_loss -0.2907
2026-06-23 20:13:42.692408: val_loss -0.2275
2026-06-23 20:13:42.692561: Pseudo dice [np.float32(0.6957)]
2026-06-23 20:13:42.692745: Epoch time: 45.11 s
2026-06-23 20:13:44.421083: 
2026-06-23 20:13:44.421618: Epoch 31
2026-06-23 20:13:44.421865: Current learning rate: 0.00888
2026-06-23 20:14:29.474728: train_loss -0.2851
2026-06-23 20:14:29.475275: val_loss -0.2013
2026-06-23 20:14:29.475429: Pseudo dice [np.float32(0.6831)]
2026-06-23 20:14:29.475601: Epoch time: 45.06 s
2026-06-23 20:14:31.204391: 
2026-06-23 20:14:31.204894: Epoch 32
2026-06-23 20:14:31.205260: Current learning rate: 0.00884
2026-06-23 20:15:16.383287: train_loss -0.2979
2026-06-23 20:15:16.383820: val_loss -0.2339
2026-06-23 20:15:16.383975: Pseudo dice [np.float32(0.709)]
2026-06-23 20:15:16.384145: Epoch time: 45.18 s
2026-06-23 20:15:18.120997: 
2026-06-23 20:15:18.121420: Epoch 33
2026-06-23 20:15:18.121610: Current learning rate: 0.0088
2026-06-23 20:16:03.060222: train_loss -0.2967
2026-06-23 20:16:03.060800: val_loss -0.2068
2026-06-23 20:16:03.060964: Pseudo dice [np.float32(0.6889)]
2026-06-23 20:16:03.061138: Epoch time: 44.94 s
2026-06-23 20:16:05.189413: 
2026-06-23 20:16:05.189983: Epoch 34
2026-06-23 20:16:05.190286: Current learning rate: 0.00877
2026-06-23 20:16:50.138510: train_loss -0.2943
2026-06-23 20:16:50.139164: val_loss -0.2844
2026-06-23 20:16:50.139308: Pseudo dice [np.float32(0.7306)]
2026-06-23 20:16:50.139481: Epoch time: 44.95 s
2026-06-23 20:16:50.139621: Yayy! New best EMA pseudo Dice: 0.6987000107765198
2026-06-23 20:16:52.530877: 
2026-06-23 20:16:52.531353: Epoch 35
2026-06-23 20:16:52.531548: Current learning rate: 0.00873
2026-06-23 20:17:37.644535: train_loss -0.287
2026-06-23 20:17:37.645025: val_loss -0.2684
2026-06-23 20:17:37.645177: Pseudo dice [np.float32(0.7211)]
2026-06-23 20:17:37.645351: Epoch time: 45.12 s
2026-06-23 20:17:37.645479: Yayy! New best EMA pseudo Dice: 0.7009999752044678
2026-06-23 20:17:39.920423: 
2026-06-23 20:17:39.920891: Epoch 36
2026-06-23 20:17:39.921078: Current learning rate: 0.00869
2026-06-23 20:18:25.106324: train_loss -0.2897
2026-06-23 20:18:25.106975: val_loss -0.2401
2026-06-23 20:18:25.107123: Pseudo dice [np.float32(0.7021)]
2026-06-23 20:18:25.107938: Epoch time: 45.19 s
2026-06-23 20:18:25.108088: Yayy! New best EMA pseudo Dice: 0.7010999917984009
2026-06-23 20:18:27.402363: 
2026-06-23 20:18:27.402836: Epoch 37
2026-06-23 20:18:27.403026: Current learning rate: 0.00866
2026-06-23 20:19:12.408021: train_loss -0.2944
2026-06-23 20:19:12.408587: val_loss -0.1862
2026-06-23 20:19:12.408741: Pseudo dice [np.float32(0.6796)]
2026-06-23 20:19:12.408926: Epoch time: 45.01 s
2026-06-23 20:19:14.167867: 
2026-06-23 20:19:14.168262: Epoch 38
2026-06-23 20:19:14.168500: Current learning rate: 0.00862
2026-06-23 20:19:59.282727: train_loss -0.2851
2026-06-23 20:19:59.283413: val_loss -0.2981
2026-06-23 20:19:59.283568: Pseudo dice [np.float32(0.7267)]
2026-06-23 20:19:59.283742: Epoch time: 45.12 s
2026-06-23 20:19:59.283885: Yayy! New best EMA pseudo Dice: 0.70169997215271
2026-06-23 20:20:01.577424: 
2026-06-23 20:20:01.578054: Epoch 39
2026-06-23 20:20:01.578397: Current learning rate: 0.00858
2026-06-23 20:20:46.627709: train_loss -0.2939
2026-06-23 20:20:46.628246: val_loss -0.2788
2026-06-23 20:20:46.628432: Pseudo dice [np.float32(0.7177)]
2026-06-23 20:20:46.628616: Epoch time: 45.05 s
2026-06-23 20:20:46.628760: Yayy! New best EMA pseudo Dice: 0.7032999992370605
2026-06-23 20:20:48.923216: 
2026-06-23 20:20:48.923660: Epoch 40
2026-06-23 20:20:48.923857: Current learning rate: 0.00855
2026-06-23 20:21:33.865871: train_loss -0.2948
2026-06-23 20:21:33.866481: val_loss -0.1634
2026-06-23 20:21:33.866626: Pseudo dice [np.float32(0.6875)]
2026-06-23 20:21:33.866814: Epoch time: 44.95 s
2026-06-23 20:21:35.637023: 
2026-06-23 20:21:35.637422: Epoch 41
2026-06-23 20:21:35.637609: Current learning rate: 0.00851
2026-06-23 20:22:20.781872: train_loss -0.2983
2026-06-23 20:22:20.782382: val_loss -0.2638
2026-06-23 20:22:20.782523: Pseudo dice [np.float32(0.7284)]
2026-06-23 20:22:20.782689: Epoch time: 45.15 s
2026-06-23 20:22:20.782839: Yayy! New best EMA pseudo Dice: 0.7044000029563904
2026-06-23 20:22:23.023777: 
2026-06-23 20:22:23.024245: Epoch 42
2026-06-23 20:22:23.024437: Current learning rate: 0.00847
2026-06-23 20:23:07.827186: train_loss -0.3064
2026-06-23 20:23:07.827782: val_loss -0.2517
2026-06-23 20:23:07.827948: Pseudo dice [np.float32(0.7299)]
2026-06-23 20:23:07.828124: Epoch time: 44.81 s
2026-06-23 20:23:07.828254: Yayy! New best EMA pseudo Dice: 0.7070000171661377
2026-06-23 20:23:10.496793: 
2026-06-23 20:23:10.497258: Epoch 43
2026-06-23 20:23:10.497476: Current learning rate: 0.00844
2026-06-23 20:23:55.547093: train_loss -0.3003
2026-06-23 20:23:55.547710: val_loss -0.127
2026-06-23 20:23:55.547894: Pseudo dice [np.float32(0.6428)]
2026-06-23 20:23:55.548081: Epoch time: 45.05 s
2026-06-23 20:23:57.264168: 
2026-06-23 20:23:57.264531: Epoch 44
2026-06-23 20:23:57.264728: Current learning rate: 0.0084
2026-06-23 20:24:42.213796: train_loss -0.2978
2026-06-23 20:24:42.214377: val_loss -0.2078
2026-06-23 20:24:42.214524: Pseudo dice [np.float32(0.6861)]
2026-06-23 20:24:42.214700: Epoch time: 44.95 s
2026-06-23 20:24:43.939517: 
2026-06-23 20:24:43.940090: Epoch 45
2026-06-23 20:24:43.940419: Current learning rate: 0.00836
2026-06-23 20:25:29.206944: train_loss -0.3088
2026-06-23 20:25:29.207635: val_loss -0.2744
2026-06-23 20:25:29.207801: Pseudo dice [np.float32(0.7277)]
2026-06-23 20:25:29.207981: Epoch time: 45.27 s
2026-06-23 20:25:30.929750: 
2026-06-23 20:25:30.930256: Epoch 46
2026-06-23 20:25:30.930560: Current learning rate: 0.00833
2026-06-23 20:26:16.116992: train_loss -0.3031
2026-06-23 20:26:16.117454: val_loss -0.1541
2026-06-23 20:26:16.117595: Pseudo dice [np.float32(0.6801)]
2026-06-23 20:26:16.117761: Epoch time: 45.19 s
2026-06-23 20:26:17.844918: 
2026-06-23 20:26:17.845407: Epoch 47
2026-06-23 20:26:17.845602: Current learning rate: 0.00829
2026-06-23 20:27:02.987508: train_loss -0.3095
2026-06-23 20:27:02.988039: val_loss -0.2521
2026-06-23 20:27:02.988188: Pseudo dice [np.float32(0.7185)]
2026-06-23 20:27:02.988360: Epoch time: 45.15 s
2026-06-23 20:27:04.712479: 
2026-06-23 20:27:04.713020: Epoch 48
2026-06-23 20:27:04.713206: Current learning rate: 0.00825
2026-06-23 20:27:49.737361: train_loss -0.3059
2026-06-23 20:27:49.737949: val_loss -0.2583
2026-06-23 20:27:49.738117: Pseudo dice [np.float32(0.7244)]
2026-06-23 20:27:49.738299: Epoch time: 45.03 s
2026-06-23 20:27:51.475716: 
2026-06-23 20:27:51.476262: Epoch 49
2026-06-23 20:27:51.476584: Current learning rate: 0.00822
2026-06-23 20:28:36.551592: train_loss -0.3098
2026-06-23 20:28:36.552285: val_loss -0.2469
2026-06-23 20:28:36.552467: Pseudo dice [np.float32(0.7116)]
2026-06-23 20:28:36.552648: Epoch time: 45.08 s
2026-06-23 20:28:38.842751: 
2026-06-23 20:28:38.843218: Epoch 50
2026-06-23 20:28:38.843409: Current learning rate: 0.00818
2026-06-23 20:29:23.830152: train_loss -0.2999
2026-06-23 20:29:23.830659: val_loss -0.2467
2026-06-23 20:29:23.830815: Pseudo dice [np.float32(0.7105)]
2026-06-23 20:29:23.830986: Epoch time: 44.99 s
2026-06-23 20:29:25.572097: 
2026-06-23 20:29:25.572657: Epoch 51
2026-06-23 20:29:25.572998: Current learning rate: 0.00814
2026-06-23 20:30:10.752280: train_loss -0.3062
2026-06-23 20:30:10.752860: val_loss -0.2184
2026-06-23 20:30:10.753010: Pseudo dice [np.float32(0.6852)]
2026-06-23 20:30:10.753184: Epoch time: 45.18 s
2026-06-23 20:30:12.964795: 
2026-06-23 20:30:12.965232: Epoch 52
2026-06-23 20:30:12.965439: Current learning rate: 0.00811
2026-06-23 20:30:58.205710: train_loss -0.3165
2026-06-23 20:30:58.206344: val_loss -0.1765
2026-06-23 20:30:58.206494: Pseudo dice [np.float32(0.6789)]
2026-06-23 20:30:58.206671: Epoch time: 45.24 s
2026-06-23 20:30:59.939352: 
2026-06-23 20:30:59.939790: Epoch 53
2026-06-23 20:30:59.939996: Current learning rate: 0.00807
2026-06-23 20:31:45.180587: train_loss -0.3098
2026-06-23 20:31:45.181302: val_loss -0.2543
2026-06-23 20:31:45.181475: Pseudo dice [np.float32(0.7011)]
2026-06-23 20:31:45.181656: Epoch time: 45.24 s
2026-06-23 20:31:46.925277: 
2026-06-23 20:31:46.925792: Epoch 54
2026-06-23 20:31:46.926090: Current learning rate: 0.00803
2026-06-23 20:32:31.988458: train_loss -0.3118
2026-06-23 20:32:31.989047: val_loss -0.2734
2026-06-23 20:32:31.989204: Pseudo dice [np.float32(0.7332)]
2026-06-23 20:32:31.989384: Epoch time: 45.07 s
2026-06-23 20:32:33.740850: 
2026-06-23 20:32:33.741378: Epoch 55
2026-06-23 20:32:33.741692: Current learning rate: 0.008
2026-06-23 20:33:19.089674: train_loss -0.3048
2026-06-23 20:33:19.090291: val_loss -0.2394
2026-06-23 20:33:19.090466: Pseudo dice [np.float32(0.7087)]
2026-06-23 20:33:19.090645: Epoch time: 45.35 s
2026-06-23 20:33:20.839150: 
2026-06-23 20:33:20.839682: Epoch 56
2026-06-23 20:33:20.839995: Current learning rate: 0.00796
2026-06-23 20:34:06.018961: train_loss -0.3146
2026-06-23 20:34:06.019459: val_loss -0.2532
2026-06-23 20:34:06.019602: Pseudo dice [np.float32(0.7136)]
2026-06-23 20:34:06.019783: Epoch time: 45.18 s
2026-06-23 20:34:07.779988: 
2026-06-23 20:34:07.780554: Epoch 57
2026-06-23 20:34:07.780836: Current learning rate: 0.00792
2026-06-23 20:34:53.051709: train_loss -0.3126
2026-06-23 20:34:53.052199: val_loss -0.2652
2026-06-23 20:34:53.052349: Pseudo dice [np.float32(0.725)]
2026-06-23 20:34:53.052525: Epoch time: 45.28 s
2026-06-23 20:34:53.052662: Yayy! New best EMA pseudo Dice: 0.7074000239372253
2026-06-23 20:34:55.370495: 
2026-06-23 20:34:55.370912: Epoch 58
2026-06-23 20:34:55.371191: Current learning rate: 0.00789
2026-06-23 20:35:40.434966: train_loss -0.3225
2026-06-23 20:35:40.435598: val_loss -0.2576
2026-06-23 20:35:40.435780: Pseudo dice [np.float32(0.7236)]
2026-06-23 20:35:40.435963: Epoch time: 45.07 s
2026-06-23 20:35:40.436095: Yayy! New best EMA pseudo Dice: 0.7089999914169312
2026-06-23 20:35:42.705183: 
2026-06-23 20:35:42.705806: Epoch 59
2026-06-23 20:35:42.706027: Current learning rate: 0.00785
2026-06-23 20:36:27.955490: train_loss -0.3206
2026-06-23 20:36:27.955908: val_loss -0.1731
2026-06-23 20:36:27.956050: Pseudo dice [np.float32(0.6693)]
2026-06-23 20:36:27.956221: Epoch time: 45.25 s
2026-06-23 20:36:30.151915: 
2026-06-23 20:36:30.152404: Epoch 60
2026-06-23 20:36:30.152671: Current learning rate: 0.00781
2026-06-23 20:37:15.233432: train_loss -0.3205
2026-06-23 20:37:15.233998: val_loss -0.2434
2026-06-23 20:37:15.234151: Pseudo dice [np.float32(0.6997)]
2026-06-23 20:37:15.234335: Epoch time: 45.08 s
2026-06-23 20:37:16.958861: 
2026-06-23 20:37:16.959260: Epoch 61
2026-06-23 20:37:16.959444: Current learning rate: 0.00777
2026-06-23 20:38:02.391048: train_loss -0.299
2026-06-23 20:38:02.391982: val_loss -0.2283
2026-06-23 20:38:02.392284: Pseudo dice [np.float32(0.701)]
2026-06-23 20:38:02.392675: Epoch time: 45.44 s
2026-06-23 20:38:04.143457: 
2026-06-23 20:38:04.143925: Epoch 62
2026-06-23 20:38:04.144114: Current learning rate: 0.00774
2026-06-23 20:38:49.144087: train_loss -0.3046
2026-06-23 20:38:49.144668: val_loss -0.2319
2026-06-23 20:38:49.144836: Pseudo dice [np.float32(0.6966)]
2026-06-23 20:38:49.145010: Epoch time: 45.0 s
2026-06-23 20:38:50.873143: 
2026-06-23 20:38:50.873510: Epoch 63
2026-06-23 20:38:50.873757: Current learning rate: 0.0077
2026-06-23 20:39:36.172690: train_loss -0.3129
2026-06-23 20:39:36.173177: val_loss -0.2737
2026-06-23 20:39:36.173326: Pseudo dice [np.float32(0.7272)]
2026-06-23 20:39:36.173504: Epoch time: 45.3 s
2026-06-23 20:39:37.910113: 
2026-06-23 20:39:37.910635: Epoch 64
2026-06-23 20:39:37.910925: Current learning rate: 0.00766
2026-06-23 20:40:23.093693: train_loss -0.3101
2026-06-23 20:40:23.094276: val_loss -0.1723
2026-06-23 20:40:23.094450: Pseudo dice [np.float32(0.693)]
2026-06-23 20:40:23.094634: Epoch time: 45.19 s
2026-06-23 20:40:24.825140: 
2026-06-23 20:40:24.825625: Epoch 65
2026-06-23 20:40:24.825854: Current learning rate: 0.00763
2026-06-23 20:41:09.841735: train_loss -0.3134
2026-06-23 20:41:09.842269: val_loss -0.2286
2026-06-23 20:41:09.842422: Pseudo dice [np.float32(0.6949)]
2026-06-23 20:41:09.842595: Epoch time: 45.02 s
2026-06-23 20:41:11.601013: 
2026-06-23 20:41:11.601439: Epoch 66
2026-06-23 20:41:11.601828: Current learning rate: 0.00759
2026-06-23 20:41:56.612720: train_loss -0.3228
2026-06-23 20:41:56.613404: val_loss -0.203
2026-06-23 20:41:56.613553: Pseudo dice [np.float32(0.6817)]
2026-06-23 20:41:56.613724: Epoch time: 45.02 s
2026-06-23 20:41:58.356418: 
2026-06-23 20:41:58.356854: Epoch 67
2026-06-23 20:41:58.357061: Current learning rate: 0.00755
2026-06-23 20:42:43.578227: train_loss -0.3068
2026-06-23 20:42:43.578796: val_loss -0.1558
2026-06-23 20:42:43.578969: Pseudo dice [np.float32(0.6822)]
2026-06-23 20:42:43.579157: Epoch time: 45.23 s
2026-06-23 20:42:45.344863: 
2026-06-23 20:42:45.345321: Epoch 68
2026-06-23 20:42:45.345658: Current learning rate: 0.00751
2026-06-23 20:43:30.216364: train_loss -0.2978
2026-06-23 20:43:30.216892: val_loss -0.1326
2026-06-23 20:43:30.217046: Pseudo dice [np.float32(0.6623)]
2026-06-23 20:43:30.217222: Epoch time: 44.87 s
2026-06-23 20:43:32.371830: 
2026-06-23 20:43:32.372347: Epoch 69
2026-06-23 20:43:32.372660: Current learning rate: 0.00748
2026-06-23 20:44:17.674362: train_loss -0.3035
2026-06-23 20:44:17.675100: val_loss -0.153
2026-06-23 20:44:17.675285: Pseudo dice [np.float32(0.6647)]
2026-06-23 20:44:17.675489: Epoch time: 45.31 s
2026-06-23 20:44:19.436015: 
2026-06-23 20:44:19.436566: Epoch 70
2026-06-23 20:44:19.436781: Current learning rate: 0.00744
2026-06-23 20:45:04.384431: train_loss -0.3086
2026-06-23 20:45:04.385070: val_loss -0.1899
2026-06-23 20:45:04.385223: Pseudo dice [np.float32(0.6967)]
2026-06-23 20:45:04.385399: Epoch time: 44.95 s
2026-06-23 20:45:06.145609: 
2026-06-23 20:45:06.146213: Epoch 71
2026-06-23 20:45:06.146447: Current learning rate: 0.0074
2026-06-23 20:45:51.190684: train_loss -0.315
2026-06-23 20:45:51.191284: val_loss -0.1933
2026-06-23 20:45:51.191473: Pseudo dice [np.float32(0.6829)]
2026-06-23 20:45:51.191651: Epoch time: 45.05 s
2026-06-23 20:45:52.947641: 
2026-06-23 20:45:52.948164: Epoch 72
2026-06-23 20:45:52.948462: Current learning rate: 0.00737
2026-06-23 20:46:38.318200: train_loss -0.3197
2026-06-23 20:46:38.318900: val_loss -0.2627
2026-06-23 20:46:38.319060: Pseudo dice [np.float32(0.7091)]
2026-06-23 20:46:38.319236: Epoch time: 45.37 s
2026-06-23 20:46:40.079333: 
2026-06-23 20:46:40.079854: Epoch 73
2026-06-23 20:46:40.080076: Current learning rate: 0.00733
2026-06-23 20:47:25.343661: train_loss -0.3176
2026-06-23 20:47:25.344195: val_loss -0.1881
2026-06-23 20:47:25.344353: Pseudo dice [np.float32(0.6738)]
2026-06-23 20:47:25.344530: Epoch time: 45.27 s
2026-06-23 20:47:27.118373: 
2026-06-23 20:47:27.118863: Epoch 74
2026-06-23 20:47:27.119146: Current learning rate: 0.00729
2026-06-23 20:48:12.463860: train_loss -0.3132
2026-06-23 20:48:12.464352: val_loss -0.1519
2026-06-23 20:48:12.464495: Pseudo dice [np.float32(0.6535)]
2026-06-23 20:48:12.464670: Epoch time: 45.35 s
2026-06-23 20:48:14.222152: 
2026-06-23 20:48:14.222553: Epoch 75
2026-06-23 20:48:14.222862: Current learning rate: 0.00725
2026-06-23 20:48:59.349502: train_loss -0.3208
2026-06-23 20:48:59.349952: val_loss -0.198
2026-06-23 20:48:59.350108: Pseudo dice [np.float32(0.687)]
2026-06-23 20:48:59.350278: Epoch time: 45.13 s
2026-06-23 20:49:01.110292: 
2026-06-23 20:49:01.110958: Epoch 76
2026-06-23 20:49:01.111178: Current learning rate: 0.00722
2026-06-23 20:49:46.384964: train_loss -0.3174
2026-06-23 20:49:46.385456: val_loss -0.2477
2026-06-23 20:49:46.385599: Pseudo dice [np.float32(0.7109)]
2026-06-23 20:49:46.385769: Epoch time: 45.28 s
2026-06-23 20:49:48.140218: 
2026-06-23 20:49:48.140711: Epoch 77
2026-06-23 20:49:48.140913: Current learning rate: 0.00718
2026-06-23 20:50:33.297727: train_loss -0.3243
2026-06-23 20:50:33.298231: val_loss -0.2436
2026-06-23 20:50:33.298379: Pseudo dice [np.float32(0.7102)]
2026-06-23 20:50:33.298553: Epoch time: 45.16 s
2026-06-23 20:50:35.553447: 
2026-06-23 20:50:35.554094: Epoch 78
2026-06-23 20:50:35.554429: Current learning rate: 0.00714
2026-06-23 20:51:20.660765: train_loss -0.3224
2026-06-23 20:51:20.661376: val_loss -0.218
2026-06-23 20:51:20.661528: Pseudo dice [np.float32(0.6893)]
2026-06-23 20:51:20.661722: Epoch time: 45.11 s
2026-06-23 20:51:22.456577: 
2026-06-23 20:51:22.457073: Epoch 79
2026-06-23 20:51:22.457271: Current learning rate: 0.0071
2026-06-23 20:52:07.683720: train_loss -0.3109
2026-06-23 20:52:07.684242: val_loss -0.2007
2026-06-23 20:52:07.684388: Pseudo dice [np.float32(0.6896)]
2026-06-23 20:52:07.684565: Epoch time: 45.23 s
2026-06-23 20:52:09.472085: 
2026-06-23 20:52:09.472539: Epoch 80
2026-06-23 20:52:09.472729: Current learning rate: 0.00707
2026-06-23 20:52:54.740282: train_loss -0.3183
2026-06-23 20:52:54.740768: val_loss -0.1918
2026-06-23 20:52:54.740924: Pseudo dice [np.float32(0.6809)]
2026-06-23 20:52:54.741114: Epoch time: 45.27 s
2026-06-23 20:52:56.531677: 
2026-06-23 20:52:56.532139: Epoch 81
2026-06-23 20:52:56.532346: Current learning rate: 0.00703
2026-06-23 20:53:41.560743: train_loss -0.3233
2026-06-23 20:53:41.561375: val_loss -0.2661
2026-06-23 20:53:41.561528: Pseudo dice [np.float32(0.7286)]
2026-06-23 20:53:41.561700: Epoch time: 45.03 s
2026-06-23 20:53:43.340227: 
2026-06-23 20:53:43.340645: Epoch 82
2026-06-23 20:53:43.340836: Current learning rate: 0.00699
2026-06-23 20:54:28.604020: train_loss -0.3237
2026-06-23 20:54:28.604573: val_loss -0.236
2026-06-23 20:54:28.604721: Pseudo dice [np.float32(0.7081)]
2026-06-23 20:54:28.604905: Epoch time: 45.27 s
2026-06-23 20:54:30.323401: 
2026-06-23 20:54:30.324001: Epoch 83
2026-06-23 20:54:30.324254: Current learning rate: 0.00696
2026-06-23 20:55:15.531987: train_loss -0.3133
2026-06-23 20:55:15.532576: val_loss -0.2294
2026-06-23 20:55:15.532761: Pseudo dice [np.float32(0.7104)]
2026-06-23 20:55:15.532949: Epoch time: 45.21 s
2026-06-23 20:55:17.265211: 
2026-06-23 20:55:17.265610: Epoch 84
2026-06-23 20:55:17.265928: Current learning rate: 0.00692
2026-06-23 20:56:02.465245: train_loss -0.2989
2026-06-23 20:56:02.465764: val_loss -0.2287
2026-06-23 20:56:02.465930: Pseudo dice [np.float32(0.7058)]
2026-06-23 20:56:02.466100: Epoch time: 45.2 s
2026-06-23 20:56:04.206138: 
2026-06-23 20:56:04.206580: Epoch 85
2026-06-23 20:56:04.206782: Current learning rate: 0.00688
2026-06-23 20:56:49.496433: train_loss -0.3205
2026-06-23 20:56:49.497200: val_loss -0.2214
2026-06-23 20:56:49.497364: Pseudo dice [np.float32(0.7184)]
2026-06-23 20:56:49.497544: Epoch time: 45.29 s
2026-06-23 20:56:51.220186: 
2026-06-23 20:56:51.220744: Epoch 86
2026-06-23 20:56:51.220977: Current learning rate: 0.00684
2026-06-23 20:57:36.339630: train_loss -0.331
2026-06-23 20:57:36.340157: val_loss -0.2469
2026-06-23 20:57:36.340301: Pseudo dice [np.float32(0.7214)]
2026-06-23 20:57:36.340477: Epoch time: 45.12 s
2026-06-23 20:57:38.519557: 
2026-06-23 20:57:38.520017: Epoch 87
2026-06-23 20:57:38.520193: Current learning rate: 0.0068
2026-06-23 20:58:23.454018: train_loss -0.3261
2026-06-23 20:58:23.454522: val_loss -0.2279
2026-06-23 20:58:23.454666: Pseudo dice [np.float32(0.7031)]
2026-06-23 20:58:23.454849: Epoch time: 44.94 s
2026-06-23 20:58:25.186253: 
2026-06-23 20:58:25.186761: Epoch 88
2026-06-23 20:58:25.186972: Current learning rate: 0.00677
2026-06-23 20:59:10.081085: train_loss -0.3235
2026-06-23 20:59:10.081665: val_loss -0.2143
2026-06-23 20:59:10.081833: Pseudo dice [np.float32(0.6861)]
2026-06-23 20:59:10.082006: Epoch time: 44.9 s
2026-06-23 20:59:11.849954: 
2026-06-23 20:59:11.850814: Epoch 89
2026-06-23 20:59:11.851498: Current learning rate: 0.00673
2026-06-23 20:59:57.028908: train_loss -0.3114
2026-06-23 20:59:57.029904: val_loss -0.234
2026-06-23 20:59:57.030096: Pseudo dice [np.float32(0.7063)]
2026-06-23 20:59:57.030332: Epoch time: 45.18 s
2026-06-23 20:59:58.793753: 
2026-06-23 20:59:58.794266: Epoch 90
2026-06-23 20:59:58.794565: Current learning rate: 0.00669
2026-06-23 21:00:44.087123: train_loss -0.3206
2026-06-23 21:00:44.087695: val_loss -0.1926
2026-06-23 21:00:44.087855: Pseudo dice [np.float32(0.6966)]
2026-06-23 21:00:44.088068: Epoch time: 45.3 s
2026-06-23 21:00:45.824186: 
2026-06-23 21:00:45.824694: Epoch 91
2026-06-23 21:00:45.825079: Current learning rate: 0.00665
2026-06-23 21:01:30.859345: train_loss -0.3214
2026-06-23 21:01:30.860078: val_loss -0.2528
2026-06-23 21:01:30.860227: Pseudo dice [np.float32(0.7068)]
2026-06-23 21:01:30.860440: Epoch time: 45.04 s
2026-06-23 21:01:32.620841: 
2026-06-23 21:01:32.621577: Epoch 92
2026-06-23 21:01:32.621804: Current learning rate: 0.00662
2026-06-23 21:02:17.891042: train_loss -0.3186
2026-06-23 21:02:17.891596: val_loss -0.1708
2026-06-23 21:02:17.891743: Pseudo dice [np.float32(0.6784)]
2026-06-23 21:02:17.891931: Epoch time: 45.27 s
2026-06-23 21:02:19.642360: 
2026-06-23 21:02:19.642799: Epoch 93
2026-06-23 21:02:19.643011: Current learning rate: 0.00658
2026-06-23 21:03:04.768188: train_loss -0.3288
2026-06-23 21:03:04.768790: val_loss -0.2597
2026-06-23 21:03:04.768954: Pseudo dice [np.float32(0.7175)]
2026-06-23 21:03:04.769145: Epoch time: 45.13 s
2026-06-23 21:03:06.506281: 
2026-06-23 21:03:06.506847: Epoch 94
2026-06-23 21:03:06.507159: Current learning rate: 0.00654
2026-06-23 21:03:51.570198: train_loss -0.3205
2026-06-23 21:03:51.570890: val_loss -0.2348
2026-06-23 21:03:51.571041: Pseudo dice [np.float32(0.7129)]
2026-06-23 21:03:51.571215: Epoch time: 45.07 s
2026-06-23 21:03:53.321801: 
2026-06-23 21:03:53.322378: Epoch 95
2026-06-23 21:03:53.322678: Current learning rate: 0.0065
2026-06-23 21:04:38.505169: train_loss -0.3311
2026-06-23 21:04:38.505659: val_loss -0.2339
2026-06-23 21:04:38.505815: Pseudo dice [np.float32(0.705)]
2026-06-23 21:04:38.505996: Epoch time: 45.19 s
2026-06-23 21:04:40.254878: 
2026-06-23 21:04:40.255415: Epoch 96
2026-06-23 21:04:40.255727: Current learning rate: 0.00647
2026-06-23 21:05:25.635517: train_loss -0.3335
2026-06-23 21:05:25.636004: val_loss -0.2177
2026-06-23 21:05:25.636154: Pseudo dice [np.float32(0.6923)]
2026-06-23 21:05:25.636326: Epoch time: 45.38 s
2026-06-23 21:05:27.857601: 
2026-06-23 21:05:27.858144: Epoch 97
2026-06-23 21:05:27.858395: Current learning rate: 0.00643
2026-06-23 21:06:12.991671: train_loss -0.3236
2026-06-23 21:06:12.992429: val_loss -0.1894
2026-06-23 21:06:12.992618: Pseudo dice [np.float32(0.6797)]
2026-06-23 21:06:12.992814: Epoch time: 45.14 s
2026-06-23 21:06:14.745048: 
2026-06-23 21:06:14.745458: Epoch 98
2026-06-23 21:06:14.745682: Current learning rate: 0.00639
2026-06-23 21:06:59.806195: train_loss -0.3238
2026-06-23 21:06:59.806816: val_loss -0.188
2026-06-23 21:06:59.806969: Pseudo dice [np.float32(0.6675)]
2026-06-23 21:06:59.807148: Epoch time: 45.07 s
2026-06-23 21:07:01.565254: 
2026-06-23 21:07:01.565802: Epoch 99
2026-06-23 21:07:01.566087: Current learning rate: 0.00635
2026-06-23 21:07:46.715882: train_loss -0.3251
2026-06-23 21:07:46.716447: val_loss -0.2358
2026-06-23 21:07:46.716599: Pseudo dice [np.float32(0.7049)]
2026-06-23 21:07:46.716772: Epoch time: 45.15 s
2026-06-23 21:07:49.087232: 
2026-06-23 21:07:49.087786: Epoch 100
2026-06-23 21:07:49.088053: Current learning rate: 0.00631
2026-06-23 21:08:34.385175: train_loss -0.3277
2026-06-23 21:08:34.385828: val_loss -0.1297
2026-06-23 21:08:34.386001: Pseudo dice [np.float32(0.6547)]
2026-06-23 21:08:34.386186: Epoch time: 45.3 s
2026-06-23 21:08:36.144533: 
2026-06-23 21:08:36.145141: Epoch 101
2026-06-23 21:08:36.145443: Current learning rate: 0.00628
2026-06-23 21:09:21.282217: train_loss -0.3228
2026-06-23 21:09:21.282930: val_loss -0.2462
2026-06-23 21:09:21.283095: Pseudo dice [np.float32(0.7049)]
2026-06-23 21:09:21.283286: Epoch time: 45.14 s
2026-06-23 21:09:23.039957: 
2026-06-23 21:09:23.040394: Epoch 102
2026-06-23 21:09:23.040594: Current learning rate: 0.00624
2026-06-23 21:10:08.269896: train_loss -0.3326
2026-06-23 21:10:08.271056: val_loss -0.1772
2026-06-23 21:10:08.271425: Pseudo dice [np.float32(0.6938)]
2026-06-23 21:10:08.271704: Epoch time: 45.23 s
2026-06-23 21:10:10.035690: 
2026-06-23 21:10:10.036124: Epoch 103
2026-06-23 21:10:10.036460: Current learning rate: 0.0062
2026-06-23 21:10:54.994404: train_loss -0.3234
2026-06-23 21:10:54.994925: val_loss -0.2531
2026-06-23 21:10:54.995069: Pseudo dice [np.float32(0.7116)]
2026-06-23 21:10:54.995241: Epoch time: 44.96 s
2026-06-23 21:10:56.770562: 
2026-06-23 21:10:56.771119: Epoch 104
2026-06-23 21:10:56.771317: Current learning rate: 0.00616
2026-06-23 21:11:41.817120: train_loss -0.3189
2026-06-23 21:11:41.817708: val_loss -0.2411
2026-06-23 21:11:41.817883: Pseudo dice [np.float32(0.6919)]
2026-06-23 21:11:41.818073: Epoch time: 45.05 s
2026-06-23 21:11:43.971951: 
2026-06-23 21:11:43.972367: Epoch 105
2026-06-23 21:11:43.972609: Current learning rate: 0.00612
2026-06-23 21:12:28.984018: train_loss -0.3207
2026-06-23 21:12:28.984594: val_loss -0.1376
2026-06-23 21:12:28.984739: Pseudo dice [np.float32(0.6568)]
2026-06-23 21:12:28.984924: Epoch time: 45.02 s
2026-06-23 21:12:30.738599: 
2026-06-23 21:12:30.738990: Epoch 106
2026-06-23 21:12:30.739180: Current learning rate: 0.00609
2026-06-23 21:13:15.644353: train_loss -0.3288
2026-06-23 21:13:15.645052: val_loss -0.1574
2026-06-23 21:13:15.645220: Pseudo dice [np.float32(0.6758)]
2026-06-23 21:13:15.645397: Epoch time: 44.91 s
2026-06-23 21:13:17.415337: 
2026-06-23 21:13:17.416080: Epoch 107
2026-06-23 21:13:17.416393: Current learning rate: 0.00605
2026-06-23 21:14:02.483321: train_loss -0.3284
2026-06-23 21:14:02.483929: val_loss -0.2597
2026-06-23 21:14:02.484111: Pseudo dice [np.float32(0.7207)]
2026-06-23 21:14:02.484293: Epoch time: 45.07 s
2026-06-23 21:14:04.243963: 
2026-06-23 21:14:04.244413: Epoch 108
2026-06-23 21:14:04.244596: Current learning rate: 0.00601
2026-06-23 21:14:49.216430: train_loss -0.3205
2026-06-23 21:14:49.217005: val_loss -0.1908
2026-06-23 21:14:49.217154: Pseudo dice [np.float32(0.6742)]
2026-06-23 21:14:49.217329: Epoch time: 44.98 s
2026-06-23 21:14:50.986087: 
2026-06-23 21:14:50.986564: Epoch 109
2026-06-23 21:14:50.986759: Current learning rate: 0.00597
2026-06-23 21:15:36.013869: train_loss -0.3179
2026-06-23 21:15:36.014383: val_loss -0.0779
2026-06-23 21:15:36.014530: Pseudo dice [np.float32(0.6294)]
2026-06-23 21:15:36.014706: Epoch time: 45.03 s
2026-06-23 21:15:37.771964: 
2026-06-23 21:15:37.772378: Epoch 110
2026-06-23 21:15:37.772621: Current learning rate: 0.00593
2026-06-23 21:16:23.170961: train_loss -0.3346
2026-06-23 21:16:23.171562: val_loss -0.238
2026-06-23 21:16:23.171714: Pseudo dice [np.float32(0.7051)]
2026-06-23 21:16:23.171896: Epoch time: 45.4 s
2026-06-23 21:16:24.940541: 
2026-06-23 21:16:24.941036: Epoch 111
2026-06-23 21:16:24.941334: Current learning rate: 0.0059
2026-06-23 21:17:09.946268: train_loss -0.3314
2026-06-23 21:17:09.946917: val_loss -0.2197
2026-06-23 21:17:09.947070: Pseudo dice [np.float32(0.6994)]
2026-06-23 21:17:09.947244: Epoch time: 45.01 s
2026-06-23 21:17:11.690918: 
2026-06-23 21:17:11.691494: Epoch 112
2026-06-23 21:17:11.691807: Current learning rate: 0.00586
2026-06-23 21:17:56.614086: train_loss -0.3296
2026-06-23 21:17:56.614570: val_loss -0.1829
2026-06-23 21:17:56.614717: Pseudo dice [np.float32(0.6918)]
2026-06-23 21:17:56.614897: Epoch time: 44.93 s
2026-06-23 21:17:58.345030: 
2026-06-23 21:17:58.345501: Epoch 113
2026-06-23 21:17:58.345730: Current learning rate: 0.00582
2026-06-23 21:18:43.360344: train_loss -0.3218
2026-06-23 21:18:43.360879: val_loss -0.2337
2026-06-23 21:18:43.361044: Pseudo dice [np.float32(0.7073)]
2026-06-23 21:18:43.361218: Epoch time: 45.02 s
2026-06-23 21:18:45.104831: 
2026-06-23 21:18:45.105363: Epoch 114
2026-06-23 21:18:45.105579: Current learning rate: 0.00578
2026-06-23 21:19:30.665756: train_loss -0.3366
2026-06-23 21:19:30.666321: val_loss -0.2479
2026-06-23 21:19:30.666495: Pseudo dice [np.float32(0.7105)]
2026-06-23 21:19:30.666687: Epoch time: 45.56 s
2026-06-23 21:19:32.417736: 
2026-06-23 21:19:32.418360: Epoch 115
2026-06-23 21:19:32.418669: Current learning rate: 0.00574
2026-06-23 21:20:17.494376: train_loss -0.3239
2026-06-23 21:20:17.494996: val_loss -0.1815
2026-06-23 21:20:17.495160: Pseudo dice [np.float32(0.6801)]
2026-06-23 21:20:17.495346: Epoch time: 45.08 s
2026-06-23 21:20:19.267614: 
2026-06-23 21:20:19.268168: Epoch 116
2026-06-23 21:20:19.268358: Current learning rate: 0.0057
2026-06-23 21:21:04.384892: train_loss -0.326
2026-06-23 21:21:04.385483: val_loss -0.1657
2026-06-23 21:21:04.385631: Pseudo dice [np.float32(0.6805)]
2026-06-23 21:21:04.385819: Epoch time: 45.12 s
2026-06-23 21:21:06.146312: 
2026-06-23 21:21:06.146727: Epoch 117
2026-06-23 21:21:06.146926: Current learning rate: 0.00567
2026-06-23 21:21:51.190572: train_loss -0.335
2026-06-23 21:21:51.191062: val_loss -0.2148
2026-06-23 21:21:51.191207: Pseudo dice [np.float32(0.6814)]
2026-06-23 21:21:51.191381: Epoch time: 45.05 s
2026-06-23 21:21:52.967447: 
2026-06-23 21:21:52.968174: Epoch 118
2026-06-23 21:21:52.968510: Current learning rate: 0.00563
2026-06-23 21:22:38.161717: train_loss -0.331
2026-06-23 21:22:38.165551: val_loss -0.1962
2026-06-23 21:22:38.165732: Pseudo dice [np.float32(0.692)]
2026-06-23 21:22:38.165991: Epoch time: 45.2 s
2026-06-23 21:22:39.992817: 
2026-06-23 21:22:39.993455: Epoch 119
2026-06-23 21:22:39.993780: Current learning rate: 0.00559
2026-06-23 21:23:24.978148: train_loss -0.3405
2026-06-23 21:23:24.979271: val_loss -0.2261
2026-06-23 21:23:24.979448: Pseudo dice [np.float32(0.707)]
2026-06-23 21:23:24.979728: Epoch time: 44.99 s
2026-06-23 21:23:26.763292: 
2026-06-23 21:23:26.763914: Epoch 120
2026-06-23 21:23:26.764117: Current learning rate: 0.00555
2026-06-23 21:24:11.940251: train_loss -0.3334
2026-06-23 21:24:11.940840: val_loss -0.2219
2026-06-23 21:24:11.940996: Pseudo dice [np.float32(0.6943)]
2026-06-23 21:24:11.941175: Epoch time: 45.18 s
2026-06-23 21:24:13.710726: 
2026-06-23 21:24:13.711262: Epoch 121
2026-06-23 21:24:13.711565: Current learning rate: 0.00551
2026-06-23 21:24:58.734443: train_loss -0.3265
2026-06-23 21:24:58.734932: val_loss -0.1676
2026-06-23 21:24:58.735078: Pseudo dice [np.float32(0.6638)]
2026-06-23 21:24:58.735257: Epoch time: 45.03 s
2026-06-23 21:25:00.509998: 
2026-06-23 21:25:00.510613: Epoch 122
2026-06-23 21:25:00.510952: Current learning rate: 0.00547
2026-06-23 21:25:45.504229: train_loss -0.3299
2026-06-23 21:25:45.504714: val_loss -0.2076
2026-06-23 21:25:45.504864: Pseudo dice [np.float32(0.6853)]
2026-06-23 21:25:45.505037: Epoch time: 45.0 s
2026-06-23 21:25:47.655520: 
2026-06-23 21:25:47.656044: Epoch 123
2026-06-23 21:25:47.656248: Current learning rate: 0.00544
2026-06-23 21:26:32.748214: train_loss -0.3251
2026-06-23 21:26:32.748847: val_loss -0.1395
2026-06-23 21:26:32.748998: Pseudo dice [np.float32(0.6662)]
2026-06-23 21:26:32.749187: Epoch time: 45.1 s
2026-06-23 21:26:34.515819: 
2026-06-23 21:26:34.516233: Epoch 124
2026-06-23 21:26:34.516430: Current learning rate: 0.0054
2026-06-23 21:27:19.612961: train_loss -0.338
2026-06-23 21:27:19.613585: val_loss -0.2306
2026-06-23 21:27:19.613734: Pseudo dice [np.float32(0.7165)]
2026-06-23 21:27:19.613920: Epoch time: 45.1 s
2026-06-23 21:27:21.383397: 
2026-06-23 21:27:21.383988: Epoch 125
2026-06-23 21:27:21.384368: Current learning rate: 0.00536
2026-06-23 21:28:06.441580: train_loss -0.3301
2026-06-23 21:28:06.442168: val_loss -0.1841
2026-06-23 21:28:06.442329: Pseudo dice [np.float32(0.6757)]
2026-06-23 21:28:06.442512: Epoch time: 45.06 s
2026-06-23 21:28:08.212886: 
2026-06-23 21:28:08.213531: Epoch 126
2026-06-23 21:28:08.213740: Current learning rate: 0.00532
2026-06-23 21:28:53.088331: train_loss -0.3321
2026-06-23 21:28:53.089063: val_loss -0.2009
2026-06-23 21:28:53.089214: Pseudo dice [np.float32(0.6943)]
2026-06-23 21:28:53.089414: Epoch time: 44.88 s
2026-06-23 21:28:54.855297: 
2026-06-23 21:28:54.855802: Epoch 127
2026-06-23 21:28:54.855993: Current learning rate: 0.00528
2026-06-23 21:29:39.834566: train_loss -0.3324
2026-06-23 21:29:39.835071: val_loss -0.2753
2026-06-23 21:29:39.835211: Pseudo dice [np.float32(0.7312)]
2026-06-23 21:29:39.835397: Epoch time: 44.98 s
2026-06-23 21:29:41.619287: 
2026-06-23 21:29:41.619794: Epoch 128
2026-06-23 21:29:41.619992: Current learning rate: 0.00524
2026-06-23 21:30:26.855443: train_loss -0.3324
2026-06-23 21:30:26.855995: val_loss -0.1987
2026-06-23 21:30:26.856162: Pseudo dice [np.float32(0.6975)]
2026-06-23 21:30:26.856344: Epoch time: 45.24 s
2026-06-23 21:30:28.631959: 
2026-06-23 21:30:28.632552: Epoch 129
2026-06-23 21:30:28.632742: Current learning rate: 0.0052
2026-06-23 21:31:13.578314: train_loss -0.3364
2026-06-23 21:31:13.579024: val_loss -0.2501
2026-06-23 21:31:13.579180: Pseudo dice [np.float32(0.7049)]
2026-06-23 21:31:13.579358: Epoch time: 44.95 s
2026-06-23 21:31:15.357594: 
2026-06-23 21:31:15.358215: Epoch 130
2026-06-23 21:31:15.358516: Current learning rate: 0.00517
2026-06-23 21:32:00.510786: train_loss -0.3302
2026-06-23 21:32:00.511311: val_loss -0.0958
2026-06-23 21:32:00.511456: Pseudo dice [np.float32(0.646)]
2026-06-23 21:32:00.511628: Epoch time: 45.16 s
2026-06-23 21:32:02.301693: 
2026-06-23 21:32:02.302224: Epoch 131
2026-06-23 21:32:02.302409: Current learning rate: 0.00513
2026-06-23 21:32:47.320628: train_loss -0.3285
2026-06-23 21:32:47.321214: val_loss -0.2409
2026-06-23 21:32:47.321382: Pseudo dice [np.float32(0.708)]
2026-06-23 21:32:47.321554: Epoch time: 45.02 s
2026-06-23 21:32:49.548705: 
2026-06-23 21:32:49.549101: Epoch 132
2026-06-23 21:32:49.549278: Current learning rate: 0.00509
2026-06-23 21:33:34.548603: train_loss -0.3295
2026-06-23 21:33:34.549219: val_loss -0.2161
2026-06-23 21:33:34.549365: Pseudo dice [np.float32(0.6982)]
2026-06-23 21:33:34.549543: Epoch time: 45.0 s
2026-06-23 21:33:36.341416: 
2026-06-23 21:33:36.342186: Epoch 133
2026-06-23 21:33:36.342502: Current learning rate: 0.00505
2026-06-23 21:34:21.657577: train_loss -0.3338
2026-06-23 21:34:21.658320: val_loss -0.2174
2026-06-23 21:34:21.658471: Pseudo dice [np.float32(0.6977)]
2026-06-23 21:34:21.658651: Epoch time: 45.32 s
2026-06-23 21:34:23.442820: 
2026-06-23 21:34:23.443421: Epoch 134
2026-06-23 21:34:23.443649: Current learning rate: 0.00501
2026-06-23 21:35:08.493866: train_loss -0.3359
2026-06-23 21:35:08.494398: val_loss -0.2406
2026-06-23 21:35:08.494573: Pseudo dice [np.float32(0.7095)]
2026-06-23 21:35:08.494753: Epoch time: 45.05 s
2026-06-23 21:35:10.298002: 
2026-06-23 21:35:10.298547: Epoch 135
2026-06-23 21:35:10.298899: Current learning rate: 0.00497
2026-06-23 21:35:55.351952: train_loss -0.3363
2026-06-23 21:35:55.355995: val_loss -0.1945
2026-06-23 21:35:55.356158: Pseudo dice [np.float32(0.6808)]
2026-06-23 21:35:55.356349: Epoch time: 45.06 s
2026-06-23 21:35:57.158583: 
2026-06-23 21:35:57.159253: Epoch 136
2026-06-23 21:35:57.159570: Current learning rate: 0.00493
2026-06-23 21:36:42.232706: train_loss -0.3382
2026-06-23 21:36:42.233298: val_loss -0.2487
2026-06-23 21:36:42.233444: Pseudo dice [np.float32(0.7054)]
2026-06-23 21:36:42.233620: Epoch time: 45.08 s
2026-06-23 21:36:44.024256: 
2026-06-23 21:36:44.024673: Epoch 137
2026-06-23 21:36:44.024908: Current learning rate: 0.00489
2026-06-23 21:37:28.973665: train_loss -0.3298
2026-06-23 21:37:28.974141: val_loss -0.2356
2026-06-23 21:37:28.974289: Pseudo dice [np.float32(0.709)]
2026-06-23 21:37:28.974538: Epoch time: 44.95 s
2026-06-23 21:37:30.766616: 
2026-06-23 21:37:30.767210: Epoch 138
2026-06-23 21:37:30.767524: Current learning rate: 0.00485
2026-06-23 21:38:16.513892: train_loss -0.3385
2026-06-23 21:38:16.514491: val_loss -0.2334
2026-06-23 21:38:16.514638: Pseudo dice [np.float32(0.7102)]
2026-06-23 21:38:16.514825: Epoch time: 45.75 s
2026-06-23 21:38:18.314704: 
2026-06-23 21:38:18.315275: Epoch 139
2026-06-23 21:38:18.315617: Current learning rate: 0.00482
2026-06-23 21:39:03.683971: train_loss -0.3457
2026-06-23 21:39:03.684527: val_loss -0.2522
2026-06-23 21:39:03.684679: Pseudo dice [np.float32(0.7156)]
2026-06-23 21:39:03.684884: Epoch time: 45.37 s
2026-06-23 21:39:05.484282: 
2026-06-23 21:39:05.484739: Epoch 140
2026-06-23 21:39:05.484947: Current learning rate: 0.00478
2026-06-23 21:39:50.705503: train_loss -0.3366
2026-06-23 21:39:50.705997: val_loss -0.2369
2026-06-23 21:39:50.706146: Pseudo dice [np.float32(0.7167)]
2026-06-23 21:39:50.706315: Epoch time: 45.22 s
2026-06-23 21:39:52.941963: 
2026-06-23 21:39:52.942486: Epoch 141
2026-06-23 21:39:52.942682: Current learning rate: 0.00474
2026-06-23 21:40:38.097828: train_loss -0.3364
2026-06-23 21:40:38.098427: val_loss -0.2099
2026-06-23 21:40:38.098578: Pseudo dice [np.float32(0.6873)]
2026-06-23 21:40:38.098749: Epoch time: 45.16 s
2026-06-23 21:40:39.893310: 
2026-06-23 21:40:39.893759: Epoch 142
2026-06-23 21:40:39.893968: Current learning rate: 0.0047
2026-06-23 21:41:25.164094: train_loss -0.338
2026-06-23 21:41:25.164639: val_loss -0.1987
2026-06-23 21:41:25.165027: Pseudo dice [np.float32(0.6906)]
2026-06-23 21:41:25.165239: Epoch time: 45.27 s
2026-06-23 21:41:26.960914: 
2026-06-23 21:41:26.961346: Epoch 143
2026-06-23 21:41:26.961651: Current learning rate: 0.00466
2026-06-23 21:42:12.113556: train_loss -0.339
2026-06-23 21:42:12.114221: val_loss -0.2612
2026-06-23 21:42:12.114370: Pseudo dice [np.float32(0.7179)]
2026-06-23 21:42:12.114547: Epoch time: 45.16 s
2026-06-23 21:42:13.912732: 
2026-06-23 21:42:13.913198: Epoch 144
2026-06-23 21:42:13.913511: Current learning rate: 0.00462
2026-06-23 21:42:58.994012: train_loss -0.34
2026-06-23 21:42:58.994570: val_loss -0.2555
2026-06-23 21:42:58.994717: Pseudo dice [np.float32(0.7151)]
2026-06-23 21:42:58.994902: Epoch time: 45.08 s
2026-06-23 21:43:00.833405: 
2026-06-23 21:43:00.833964: Epoch 145
2026-06-23 21:43:00.834304: Current learning rate: 0.00458
2026-06-23 21:43:45.928531: train_loss -0.3311
2026-06-23 21:43:45.929219: val_loss -0.2248
2026-06-23 21:43:45.929382: Pseudo dice [np.float32(0.6988)]
2026-06-23 21:43:45.929565: Epoch time: 45.1 s
2026-06-23 21:43:47.729156: 
2026-06-23 21:43:47.729853: Epoch 146
2026-06-23 21:43:47.730162: Current learning rate: 0.00454
2026-06-23 21:44:32.852940: train_loss -0.3417
2026-06-23 21:44:32.853411: val_loss -0.187
2026-06-23 21:44:32.853558: Pseudo dice [np.float32(0.6896)]
2026-06-23 21:44:32.853733: Epoch time: 45.13 s
2026-06-23 21:44:34.644473: 
2026-06-23 21:44:34.644994: Epoch 147
2026-06-23 21:44:34.645202: Current learning rate: 0.0045
2026-06-23 21:45:19.914336: train_loss -0.3293
2026-06-23 21:45:19.915007: val_loss -0.225
2026-06-23 21:45:19.915151: Pseudo dice [np.float32(0.7144)]
2026-06-23 21:45:19.915336: Epoch time: 45.27 s
2026-06-23 21:45:21.710542: 
2026-06-23 21:45:21.711156: Epoch 148
2026-06-23 21:45:21.711494: Current learning rate: 0.00446
2026-06-23 21:46:06.742471: train_loss -0.3268
2026-06-23 21:46:06.742983: val_loss -0.1859
2026-06-23 21:46:06.743126: Pseudo dice [np.float32(0.6804)]
2026-06-23 21:46:06.743305: Epoch time: 45.04 s
2026-06-23 21:46:08.540475: 
2026-06-23 21:46:08.540933: Epoch 149
2026-06-23 21:46:08.541161: Current learning rate: 0.00442
2026-06-23 21:46:53.678658: train_loss -0.3337
2026-06-23 21:46:53.679460: val_loss -0.1674
2026-06-23 21:46:53.679645: Pseudo dice [np.float32(0.6684)]
2026-06-23 21:46:53.679835: Epoch time: 45.14 s
2026-06-23 21:46:56.530412: 
2026-06-23 21:46:56.531049: Epoch 150
2026-06-23 21:46:56.531411: Current learning rate: 0.00438
2026-06-23 21:47:41.631968: train_loss -0.3355
2026-06-23 21:47:41.632509: val_loss -0.1437
2026-06-23 21:47:41.632734: Pseudo dice [np.float32(0.6654)]
2026-06-23 21:47:41.632948: Epoch time: 45.1 s
2026-06-23 21:47:43.440471: 
2026-06-23 21:47:43.441076: Epoch 151
2026-06-23 21:47:43.441297: Current learning rate: 0.00434
2026-06-23 21:48:28.530618: train_loss -0.3335
2026-06-23 21:48:28.531129: val_loss -0.1548
2026-06-23 21:48:28.531273: Pseudo dice [np.float32(0.6518)]
2026-06-23 21:48:28.531445: Epoch time: 45.09 s
2026-06-23 21:48:30.335806: 
2026-06-23 21:48:30.336366: Epoch 152
2026-06-23 21:48:30.336669: Current learning rate: 0.0043
2026-06-23 21:49:15.320706: train_loss -0.337
2026-06-23 21:49:15.321454: val_loss -0.2384
2026-06-23 21:49:15.321605: Pseudo dice [np.float32(0.7106)]
2026-06-23 21:49:15.321801: Epoch time: 44.99 s
2026-06-23 21:49:17.123123: 
2026-06-23 21:49:17.123609: Epoch 153
2026-06-23 21:49:17.123936: Current learning rate: 0.00427
2026-06-23 21:50:02.377053: train_loss -0.3442
2026-06-23 21:50:02.377550: val_loss -0.1573
2026-06-23 21:50:02.377695: Pseudo dice [np.float32(0.6791)]
2026-06-23 21:50:02.377881: Epoch time: 45.26 s
2026-06-23 21:50:04.259854: 
2026-06-23 21:50:04.260287: Epoch 154
2026-06-23 21:50:04.260481: Current learning rate: 0.00423
2026-06-23 21:50:49.421730: train_loss -0.3448
2026-06-23 21:50:49.422240: val_loss -0.1798
2026-06-23 21:50:49.422387: Pseudo dice [np.float32(0.6869)]
2026-06-23 21:50:49.422563: Epoch time: 45.16 s
2026-06-23 21:50:51.255172: 
2026-06-23 21:50:51.255681: Epoch 155
2026-06-23 21:50:51.255936: Current learning rate: 0.00419
2026-06-23 21:51:36.276600: train_loss -0.3372
2026-06-23 21:51:36.277184: val_loss -0.1053
2026-06-23 21:51:36.277337: Pseudo dice [np.float32(0.6597)]
2026-06-23 21:51:36.277511: Epoch time: 45.02 s
2026-06-23 21:51:38.101748: 
2026-06-23 21:51:38.102266: Epoch 156
2026-06-23 21:51:38.102447: Current learning rate: 0.00415
2026-06-23 21:52:23.308347: train_loss -0.3358
2026-06-23 21:52:23.308896: val_loss -0.1751
2026-06-23 21:52:23.309081: Pseudo dice [np.float32(0.6609)]
2026-06-23 21:52:23.309257: Epoch time: 45.21 s
2026-06-23 21:52:25.125592: 
2026-06-23 21:52:25.126008: Epoch 157
2026-06-23 21:52:25.126203: Current learning rate: 0.00411
2026-06-23 21:53:10.250399: train_loss -0.3412
2026-06-23 21:53:10.251064: val_loss -0.2044
2026-06-23 21:53:10.251304: Pseudo dice [np.float32(0.6856)]
2026-06-23 21:53:10.251721: Epoch time: 45.13 s
2026-06-23 21:53:12.538965: 
2026-06-23 21:53:12.539539: Epoch 158
2026-06-23 21:53:12.539738: Current learning rate: 0.00407
2026-06-23 21:53:57.674345: train_loss -0.3333
2026-06-23 21:53:57.675125: val_loss -0.227
2026-06-23 21:53:57.675293: Pseudo dice [np.float32(0.7043)]
2026-06-23 21:53:57.675468: Epoch time: 45.14 s
2026-06-23 21:53:59.500956: 
2026-06-23 21:53:59.501583: Epoch 159
2026-06-23 21:53:59.501771: Current learning rate: 0.00403
2026-06-23 21:54:44.625925: train_loss -0.3451
2026-06-23 21:54:44.626469: val_loss -0.1729
2026-06-23 21:54:44.626612: Pseudo dice [np.float32(0.6962)]
2026-06-23 21:54:44.626789: Epoch time: 45.13 s
2026-06-23 21:54:46.456273: 
2026-06-23 21:54:46.456758: Epoch 160
2026-06-23 21:54:46.457045: Current learning rate: 0.00399
2026-06-23 21:55:31.532683: train_loss -0.3388
2026-06-23 21:55:31.533823: val_loss -0.1856
2026-06-23 21:55:31.533998: Pseudo dice [np.float32(0.6895)]
2026-06-23 21:55:31.534174: Epoch time: 45.08 s
2026-06-23 21:55:33.356103: 
2026-06-23 21:55:33.356842: Epoch 161
2026-06-23 21:55:33.357041: Current learning rate: 0.00395
2026-06-23 21:56:18.517393: train_loss -0.333
2026-06-23 21:56:18.517988: val_loss -0.2195
2026-06-23 21:56:18.518135: Pseudo dice [np.float32(0.6957)]
2026-06-23 21:56:18.518325: Epoch time: 45.17 s
2026-06-23 21:56:20.346526: 
2026-06-23 21:56:20.346948: Epoch 162
2026-06-23 21:56:20.347127: Current learning rate: 0.00391
2026-06-23 21:57:05.312656: train_loss -0.3418
2026-06-23 21:57:05.313293: val_loss -0.262
2026-06-23 21:57:05.313455: Pseudo dice [np.float32(0.7116)]
2026-06-23 21:57:05.313635: Epoch time: 44.97 s
2026-06-23 21:57:07.141339: 
2026-06-23 21:57:07.141925: Epoch 163
2026-06-23 21:57:07.142231: Current learning rate: 0.00387
2026-06-23 21:57:52.095170: train_loss -0.3378
2026-06-23 21:57:52.095676: val_loss -0.2341
2026-06-23 21:57:52.095843: Pseudo dice [np.float32(0.7091)]
2026-06-23 21:57:52.096016: Epoch time: 44.96 s
2026-06-23 21:57:53.916744: 
2026-06-23 21:57:53.917124: Epoch 164
2026-06-23 21:57:53.917313: Current learning rate: 0.00383
2026-06-23 21:58:39.132284: train_loss -0.3373
2026-06-23 21:58:39.132867: val_loss -0.2313
2026-06-23 21:58:39.133008: Pseudo dice [np.float32(0.6941)]
2026-06-23 21:58:39.133190: Epoch time: 45.22 s
2026-06-23 21:58:40.943905: 
2026-06-23 21:58:40.944427: Epoch 165
2026-06-23 21:58:40.944712: Current learning rate: 0.00379
2026-06-23 21:59:25.986677: train_loss -0.3452
2026-06-23 21:59:25.987181: val_loss -0.1723
2026-06-23 21:59:25.987325: Pseudo dice [np.float32(0.6825)]
2026-06-23 21:59:25.987499: Epoch time: 45.05 s
2026-06-23 21:59:27.785325: 
2026-06-23 21:59:27.785814: Epoch 166
2026-06-23 21:59:27.786133: Current learning rate: 0.00375
2026-06-23 22:00:12.925642: train_loss -0.3437
2026-06-23 22:00:12.926099: val_loss -0.2276
2026-06-23 22:00:12.926244: Pseudo dice [np.float32(0.7125)]
2026-06-23 22:00:12.926413: Epoch time: 45.14 s
2026-06-23 22:00:15.149837: 
2026-06-23 22:00:15.150368: Epoch 167
2026-06-23 22:00:15.150655: Current learning rate: 0.00371
2026-06-23 22:01:00.143756: train_loss -0.3442
2026-06-23 22:01:00.144372: val_loss -0.2266
2026-06-23 22:01:00.144540: Pseudo dice [np.float32(0.7001)]
2026-06-23 22:01:00.144733: Epoch time: 45.0 s
2026-06-23 22:01:01.961495: 
2026-06-23 22:01:01.962080: Epoch 168
2026-06-23 22:01:01.962410: Current learning rate: 0.00367
2026-06-23 22:01:46.892039: train_loss -0.3393
2026-06-23 22:01:46.892667: val_loss -0.1922
2026-06-23 22:01:46.892827: Pseudo dice [np.float32(0.6861)]
2026-06-23 22:01:46.893003: Epoch time: 44.93 s
2026-06-23 22:01:48.705729: 
2026-06-23 22:01:48.706396: Epoch 169
2026-06-23 22:01:48.706707: Current learning rate: 0.00363
2026-06-23 22:02:33.636067: train_loss -0.3387
2026-06-23 22:02:33.636566: val_loss -0.2401
2026-06-23 22:02:33.636712: Pseudo dice [np.float32(0.7035)]
2026-06-23 22:02:33.636898: Epoch time: 44.93 s
2026-06-23 22:02:35.446008: 
2026-06-23 22:02:35.446445: Epoch 170
2026-06-23 22:02:35.446628: Current learning rate: 0.00359
2026-06-23 22:03:20.720248: train_loss -0.3346
2026-06-23 22:03:20.720760: val_loss -0.2295
2026-06-23 22:03:20.720909: Pseudo dice [np.float32(0.7062)]
2026-06-23 22:03:20.721078: Epoch time: 45.28 s
2026-06-23 22:03:22.812308: 
2026-06-23 22:03:22.812917: Epoch 171
2026-06-23 22:03:22.813236: Current learning rate: 0.00355
2026-06-23 22:04:07.994729: train_loss -0.3427
2026-06-23 22:04:07.995262: val_loss -0.2033
2026-06-23 22:04:07.995420: Pseudo dice [np.float32(0.6926)]
2026-06-23 22:04:07.995606: Epoch time: 45.19 s
2026-06-23 22:04:09.804111: 
2026-06-23 22:04:09.804484: Epoch 172
2026-06-23 22:04:09.804671: Current learning rate: 0.00351
2026-06-23 22:04:55.015143: train_loss -0.3449
2026-06-23 22:04:55.015906: val_loss -0.2301
2026-06-23 22:04:55.016182: Pseudo dice [np.float32(0.6961)]
2026-06-23 22:04:55.016383: Epoch time: 45.21 s
2026-06-23 22:04:56.870694: 
2026-06-23 22:04:56.871222: Epoch 173
2026-06-23 22:04:56.871501: Current learning rate: 0.00346
2026-06-23 22:05:42.413849: train_loss -0.3369
2026-06-23 22:05:42.414462: val_loss -0.2241
2026-06-23 22:05:42.414611: Pseudo dice [np.float32(0.7056)]
2026-06-23 22:05:42.414806: Epoch time: 45.55 s
2026-06-23 22:05:44.244819: 
2026-06-23 22:05:44.245351: Epoch 174
2026-06-23 22:05:44.245687: Current learning rate: 0.00342
2026-06-23 22:06:29.363143: train_loss -0.3432
2026-06-23 22:06:29.363645: val_loss -0.1683
2026-06-23 22:06:29.363799: Pseudo dice [np.float32(0.671)]
2026-06-23 22:06:29.363986: Epoch time: 45.12 s
2026-06-23 22:06:31.189435: 
2026-06-23 22:06:31.189896: Epoch 175
2026-06-23 22:06:31.190087: Current learning rate: 0.00338
2026-06-23 22:07:16.778707: train_loss -0.3475
2026-06-23 22:07:16.779377: val_loss -0.2328
2026-06-23 22:07:16.779523: Pseudo dice [np.float32(0.695)]
2026-06-23 22:07:16.779723: Epoch time: 45.59 s
2026-06-23 22:07:18.987867: 
2026-06-23 22:07:18.988328: Epoch 176
2026-06-23 22:07:18.988534: Current learning rate: 0.00334
2026-06-23 22:08:04.271288: train_loss -0.3421
2026-06-23 22:08:04.271839: val_loss -0.2502
2026-06-23 22:08:04.271993: Pseudo dice [np.float32(0.708)]
2026-06-23 22:08:04.272170: Epoch time: 45.29 s
2026-06-23 22:08:06.089108: 
2026-06-23 22:08:06.089710: Epoch 177
2026-06-23 22:08:06.090043: Current learning rate: 0.0033
2026-06-23 22:08:51.546608: train_loss -0.3428
2026-06-23 22:08:51.547206: val_loss -0.2285
2026-06-23 22:08:51.547351: Pseudo dice [np.float32(0.6936)]
2026-06-23 22:08:51.547532: Epoch time: 45.46 s
2026-06-23 22:08:53.373705: 
2026-06-23 22:08:53.374340: Epoch 178
2026-06-23 22:08:53.374676: Current learning rate: 0.00326
2026-06-23 22:09:38.497253: train_loss -0.3271
2026-06-23 22:09:38.497829: val_loss -0.2025
2026-06-23 22:09:38.497979: Pseudo dice [np.float32(0.6884)]
2026-06-23 22:09:38.498159: Epoch time: 45.13 s
2026-06-23 22:09:40.324785: 
2026-06-23 22:09:40.325479: Epoch 179
2026-06-23 22:09:40.325810: Current learning rate: 0.00322
2026-06-23 22:10:25.533512: train_loss -0.3403
2026-06-23 22:10:25.538206: val_loss -0.2364
2026-06-23 22:10:25.538415: Pseudo dice [np.float32(0.6998)]
2026-06-23 22:10:25.538605: Epoch time: 45.21 s
2026-06-23 22:10:27.365054: 
2026-06-23 22:10:27.365598: Epoch 180
2026-06-23 22:10:27.365797: Current learning rate: 0.00318
2026-06-23 22:11:12.526925: train_loss -0.3434
2026-06-23 22:11:12.527541: val_loss -0.1608
2026-06-23 22:11:12.527685: Pseudo dice [np.float32(0.675)]
2026-06-23 22:11:12.527881: Epoch time: 45.16 s
2026-06-23 22:11:14.358304: 
2026-06-23 22:11:14.358752: Epoch 181
2026-06-23 22:11:14.358951: Current learning rate: 0.00314
2026-06-23 22:11:59.566165: train_loss -0.3417
2026-06-23 22:11:59.566833: val_loss -0.2397
2026-06-23 22:11:59.566986: Pseudo dice [np.float32(0.7123)]
2026-06-23 22:11:59.567173: Epoch time: 45.21 s
2026-06-23 22:12:01.404952: 
2026-06-23 22:12:01.405366: Epoch 182
2026-06-23 22:12:01.405553: Current learning rate: 0.0031
2026-06-23 22:12:46.654361: train_loss -0.3388
2026-06-23 22:12:46.654912: val_loss -0.1919
2026-06-23 22:12:46.655065: Pseudo dice [np.float32(0.6806)]
2026-06-23 22:12:46.655255: Epoch time: 45.25 s
2026-06-23 22:12:48.476945: 
2026-06-23 22:12:48.477501: Epoch 183
2026-06-23 22:12:48.477826: Current learning rate: 0.00306
2026-06-23 22:13:33.579970: train_loss -0.3387
2026-06-23 22:13:33.580570: val_loss -0.2377
2026-06-23 22:13:33.580729: Pseudo dice [np.float32(0.7038)]
2026-06-23 22:13:33.580918: Epoch time: 45.11 s
2026-06-23 22:13:35.867517: 
2026-06-23 22:13:35.868031: Epoch 184
2026-06-23 22:13:35.868219: Current learning rate: 0.00302
2026-06-23 22:14:21.053638: train_loss -0.3473
2026-06-23 22:14:21.054159: val_loss -0.256
2026-06-23 22:14:21.054302: Pseudo dice [np.float32(0.7109)]
2026-06-23 22:14:21.054471: Epoch time: 45.19 s
2026-06-23 22:14:22.879605: 
2026-06-23 22:14:22.880064: Epoch 185
2026-06-23 22:14:22.880260: Current learning rate: 0.00297
2026-06-23 22:15:08.351649: train_loss -0.3453
2026-06-23 22:15:08.352309: val_loss -0.2354
2026-06-23 22:15:08.353204: Pseudo dice [np.float32(0.7122)]
2026-06-23 22:15:08.353427: Epoch time: 45.47 s
2026-06-23 22:15:10.195674: 
2026-06-23 22:15:10.196256: Epoch 186
2026-06-23 22:15:10.196572: Current learning rate: 0.00293
2026-06-23 22:15:55.344850: train_loss -0.3488
2026-06-23 22:15:55.345406: val_loss -0.204
2026-06-23 22:15:55.345554: Pseudo dice [np.float32(0.6881)]
2026-06-23 22:15:55.345731: Epoch time: 45.15 s
2026-06-23 22:15:57.164261: 
2026-06-23 22:15:57.164712: Epoch 187
2026-06-23 22:15:57.164910: Current learning rate: 0.00289
2026-06-23 22:16:42.220892: train_loss -0.3388
2026-06-23 22:16:42.221361: val_loss -0.2126
2026-06-23 22:16:42.221501: Pseudo dice [np.float32(0.694)]
2026-06-23 22:16:42.221671: Epoch time: 45.06 s
2026-06-23 22:16:44.043686: 
2026-06-23 22:16:44.044157: Epoch 188
2026-06-23 22:16:44.044474: Current learning rate: 0.00285
2026-06-23 22:17:29.317981: train_loss -0.349
2026-06-23 22:17:29.318598: val_loss -0.1722
2026-06-23 22:17:29.318748: Pseudo dice [np.float32(0.6742)]
2026-06-23 22:17:29.318939: Epoch time: 45.28 s
2026-06-23 22:17:31.153240: 
2026-06-23 22:17:31.153818: Epoch 189
2026-06-23 22:17:31.154017: Current learning rate: 0.00281
2026-06-23 22:18:16.430540: train_loss -0.3462
2026-06-23 22:18:16.431055: val_loss -0.2129
2026-06-23 22:18:16.431197: Pseudo dice [np.float32(0.6921)]
2026-06-23 22:18:16.431368: Epoch time: 45.28 s
2026-06-23 22:18:18.253462: 
2026-06-23 22:18:18.254033: Epoch 190
2026-06-23 22:18:18.254254: Current learning rate: 0.00277
2026-06-23 22:19:03.563157: train_loss -0.3504
2026-06-23 22:19:03.563678: val_loss -0.2039
2026-06-23 22:19:03.563851: Pseudo dice [np.float32(0.6909)]
2026-06-23 22:19:03.564110: Epoch time: 45.31 s
2026-06-23 22:19:05.393296: 
2026-06-23 22:19:05.393867: Epoch 191
2026-06-23 22:19:05.394211: Current learning rate: 0.00273
2026-06-23 22:19:50.555542: train_loss -0.339
2026-06-23 22:19:50.556082: val_loss -0.24
2026-06-23 22:19:50.556228: Pseudo dice [np.float32(0.7089)]
2026-06-23 22:19:50.556406: Epoch time: 45.17 s
2026-06-23 22:19:52.392559: 
2026-06-23 22:19:52.393020: Epoch 192
2026-06-23 22:19:52.393207: Current learning rate: 0.00268
2026-06-23 22:20:37.630515: train_loss -0.3442
2026-06-23 22:20:37.631073: val_loss -0.1967
2026-06-23 22:20:37.631217: Pseudo dice [np.float32(0.6892)]
2026-06-23 22:20:37.631398: Epoch time: 45.24 s
2026-06-23 22:20:39.916219: 
2026-06-23 22:20:39.916761: Epoch 193
2026-06-23 22:20:39.916985: Current learning rate: 0.00264
2026-06-23 22:21:25.183636: train_loss -0.3419
2026-06-23 22:21:25.184149: val_loss -0.212
2026-06-23 22:21:25.184294: Pseudo dice [np.float32(0.6875)]
2026-06-23 22:21:25.184472: Epoch time: 45.27 s
2026-06-23 22:21:27.022107: 
2026-06-23 22:21:27.022769: Epoch 194
2026-06-23 22:21:27.023089: Current learning rate: 0.0026
2026-06-23 22:22:12.152964: train_loss -0.3423
2026-06-23 22:22:12.153934: val_loss -0.2336
2026-06-23 22:22:12.154107: Pseudo dice [np.float32(0.7042)]
2026-06-23 22:22:12.154289: Epoch time: 45.13 s
2026-06-23 22:22:14.006492: 
2026-06-23 22:22:14.007041: Epoch 195
2026-06-23 22:22:14.007254: Current learning rate: 0.00256
2026-06-23 22:22:59.179388: train_loss -0.3405
2026-06-23 22:22:59.179949: val_loss -0.2394
2026-06-23 22:22:59.180103: Pseudo dice [np.float32(0.715)]
2026-06-23 22:22:59.180275: Epoch time: 45.18 s
2026-06-23 22:23:01.012531: 
2026-06-23 22:23:01.012833: Epoch 196
2026-06-23 22:23:01.013040: Current learning rate: 0.00252
2026-06-23 22:23:46.255141: train_loss -0.3479
2026-06-23 22:23:46.255651: val_loss -0.2229
2026-06-23 22:23:46.255806: Pseudo dice [np.float32(0.6925)]
2026-06-23 22:23:46.255983: Epoch time: 45.25 s
2026-06-23 22:23:48.087284: 
2026-06-23 22:23:48.087893: Epoch 197
2026-06-23 22:23:48.088204: Current learning rate: 0.00248
2026-06-23 22:24:33.475669: train_loss -0.3431
2026-06-23 22:24:33.476288: val_loss -0.2434
2026-06-23 22:24:33.476434: Pseudo dice [np.float32(0.6975)]
2026-06-23 22:24:33.476606: Epoch time: 45.39 s
2026-06-23 22:24:35.300789: 
2026-06-23 22:24:35.301371: Epoch 198
2026-06-23 22:24:35.301705: Current learning rate: 0.00243
2026-06-23 22:25:20.502351: train_loss -0.3425
2026-06-23 22:25:20.502857: val_loss -0.2222
2026-06-23 22:25:20.502999: Pseudo dice [np.float32(0.694)]
2026-06-23 22:25:20.503169: Epoch time: 45.21 s
2026-06-23 22:25:22.336689: 
2026-06-23 22:25:22.337168: Epoch 199
2026-06-23 22:25:22.337450: Current learning rate: 0.00239
2026-06-23 22:26:07.699795: train_loss -0.3353
2026-06-23 22:26:07.700244: val_loss -0.2293
2026-06-23 22:26:07.700393: Pseudo dice [np.float32(0.709)]
2026-06-23 22:26:07.700571: Epoch time: 45.37 s
2026-06-23 22:26:10.168677: 
2026-06-23 22:26:10.169214: Epoch 200
2026-06-23 22:26:10.169581: Current learning rate: 0.00235
2026-06-23 22:26:55.284155: train_loss -0.3393
2026-06-23 22:26:55.284584: val_loss -0.1988
2026-06-23 22:26:55.284724: Pseudo dice [np.float32(0.6827)]
2026-06-23 22:26:55.284925: Epoch time: 45.12 s
2026-06-23 22:26:57.585593: 
2026-06-23 22:26:57.586205: Epoch 201
2026-06-23 22:26:57.586396: Current learning rate: 0.00231
2026-06-23 22:27:42.702686: train_loss -0.344
2026-06-23 22:27:42.703268: val_loss -0.2211
2026-06-23 22:27:42.703421: Pseudo dice [np.float32(0.6922)]
2026-06-23 22:27:42.703591: Epoch time: 45.12 s
2026-06-23 22:27:44.546556: 
2026-06-23 22:27:44.547079: Epoch 202
2026-06-23 22:27:44.547281: Current learning rate: 0.00226
2026-06-23 22:28:29.661564: train_loss -0.3441
2026-06-23 22:28:29.662080: val_loss -0.1501
2026-06-23 22:28:29.662461: Pseudo dice [np.float32(0.6711)]
2026-06-23 22:28:29.662659: Epoch time: 45.12 s
2026-06-23 22:28:31.544015: 
2026-06-23 22:28:31.544442: Epoch 203
2026-06-23 22:28:31.544636: Current learning rate: 0.00222
2026-06-23 22:29:16.810635: train_loss -0.3402
2026-06-23 22:29:16.811180: val_loss -0.2117
2026-06-23 22:29:16.811326: Pseudo dice [np.float32(0.696)]
2026-06-23 22:29:16.811503: Epoch time: 45.27 s
2026-06-23 22:29:18.670691: 
2026-06-23 22:29:18.671334: Epoch 204
2026-06-23 22:29:18.671661: Current learning rate: 0.00218
2026-06-23 22:30:03.753467: train_loss -0.3581
2026-06-23 22:30:03.754165: val_loss -0.1874
2026-06-23 22:30:03.754319: Pseudo dice [np.float32(0.6891)]
2026-06-23 22:30:03.754496: Epoch time: 45.09 s
2026-06-23 22:30:05.622458: 
2026-06-23 22:30:05.622922: Epoch 205
2026-06-23 22:30:05.623157: Current learning rate: 0.00214
2026-06-23 22:30:50.730689: train_loss -0.3497
2026-06-23 22:30:50.731324: val_loss -0.1862
2026-06-23 22:30:50.731498: Pseudo dice [np.float32(0.6872)]
2026-06-23 22:30:50.731675: Epoch time: 45.11 s
2026-06-23 22:30:52.535420: 
2026-06-23 22:30:52.536039: Epoch 206
2026-06-23 22:30:52.536342: Current learning rate: 0.00209
2026-06-23 22:31:37.653239: train_loss -0.348
2026-06-23 22:31:37.653901: val_loss -0.2118
2026-06-23 22:31:37.654072: Pseudo dice [np.float32(0.7003)]
2026-06-23 22:31:37.654322: Epoch time: 45.12 s
2026-06-23 22:31:39.461599: 
2026-06-23 22:31:39.462100: Epoch 207
2026-06-23 22:31:39.462423: Current learning rate: 0.00205
2026-06-23 22:32:24.571413: train_loss -0.3406
2026-06-23 22:32:24.571909: val_loss -0.2349
2026-06-23 22:32:24.572063: Pseudo dice [np.float32(0.7005)]
2026-06-23 22:32:24.572237: Epoch time: 45.11 s
2026-06-23 22:32:26.358636: 
2026-06-23 22:32:26.359022: Epoch 208
2026-06-23 22:32:26.359213: Current learning rate: 0.00201
2026-06-23 22:33:11.388072: train_loss -0.3483
2026-06-23 22:33:11.388604: val_loss -0.226
2026-06-23 22:33:11.388803: Pseudo dice [np.float32(0.7001)]
2026-06-23 22:33:11.388980: Epoch time: 45.03 s
2026-06-23 22:33:13.175008: 
2026-06-23 22:33:13.175501: Epoch 209
2026-06-23 22:33:13.175808: Current learning rate: 0.00196
2026-06-23 22:33:57.991545: train_loss -0.3467
2026-06-23 22:33:57.992002: val_loss -0.1999
2026-06-23 22:33:57.992144: Pseudo dice [np.float32(0.6865)]
2026-06-23 22:33:57.992314: Epoch time: 44.82 s
2026-06-23 22:34:00.163611: 
2026-06-23 22:34:00.164153: Epoch 210
2026-06-23 22:34:00.164483: Current learning rate: 0.00192
2026-06-23 22:34:45.081032: train_loss -0.3393
2026-06-23 22:34:45.081585: val_loss -0.246
2026-06-23 22:34:45.082526: Pseudo dice [np.float32(0.7155)]
2026-06-23 22:34:45.082807: Epoch time: 44.92 s
2026-06-23 22:34:46.864924: 
2026-06-23 22:34:46.865518: Epoch 211
2026-06-23 22:34:46.865832: Current learning rate: 0.00188
2026-06-23 22:35:31.682232: train_loss -0.3467
2026-06-23 22:35:31.682862: val_loss -0.2116
2026-06-23 22:35:31.683004: Pseudo dice [np.float32(0.6943)]
2026-06-23 22:35:31.683174: Epoch time: 44.82 s
2026-06-23 22:35:33.471384: 
2026-06-23 22:35:33.471847: Epoch 212
2026-06-23 22:35:33.472157: Current learning rate: 0.00184
2026-06-23 22:36:18.519558: train_loss -0.3444
2026-06-23 22:36:18.519998: val_loss -0.2503
2026-06-23 22:36:18.520143: Pseudo dice [np.float32(0.7087)]
2026-06-23 22:36:18.520315: Epoch time: 45.05 s
2026-06-23 22:36:20.300159: 
2026-06-23 22:36:20.300699: Epoch 213
2026-06-23 22:36:20.301017: Current learning rate: 0.00179
2026-06-23 22:37:05.400692: train_loss -0.3477
2026-06-23 22:37:05.401225: val_loss -0.2267
2026-06-23 22:37:05.401384: Pseudo dice [np.float32(0.696)]
2026-06-23 22:37:05.401561: Epoch time: 45.1 s
2026-06-23 22:37:07.166034: 
2026-06-23 22:37:07.166534: Epoch 214
2026-06-23 22:37:07.166723: Current learning rate: 0.00175
2026-06-23 22:37:52.532458: train_loss -0.3479
2026-06-23 22:37:52.533370: val_loss -0.2335
2026-06-23 22:37:52.533546: Pseudo dice [np.float32(0.6809)]
2026-06-23 22:37:52.533741: Epoch time: 45.37 s
2026-06-23 22:37:54.300786: 
2026-06-23 22:37:54.301262: Epoch 215
2026-06-23 22:37:54.301528: Current learning rate: 0.0017
2026-06-23 22:38:39.219981: train_loss -0.3469
2026-06-23 22:38:39.220532: val_loss -0.1787
2026-06-23 22:38:39.220687: Pseudo dice [np.float32(0.6748)]
2026-06-23 22:38:39.220881: Epoch time: 44.92 s
2026-06-23 22:38:41.044891: 
2026-06-23 22:38:41.045389: Epoch 216
2026-06-23 22:38:41.045657: Current learning rate: 0.00166
2026-06-23 22:39:26.190751: train_loss -0.3479
2026-06-23 22:39:26.191453: val_loss -0.2093
2026-06-23 22:39:26.191600: Pseudo dice [np.float32(0.6985)]
2026-06-23 22:39:26.191783: Epoch time: 45.15 s
2026-06-23 22:39:27.953332: 
2026-06-23 22:39:27.953819: Epoch 217
2026-06-23 22:39:27.954068: Current learning rate: 0.00162
2026-06-23 22:40:13.057315: train_loss -0.34
2026-06-23 22:40:13.057853: val_loss -0.2384
2026-06-23 22:40:13.058000: Pseudo dice [np.float32(0.7026)]
2026-06-23 22:40:13.058166: Epoch time: 45.11 s
2026-06-23 22:40:14.823262: 
2026-06-23 22:40:14.823801: Epoch 218
2026-06-23 22:40:14.824145: Current learning rate: 0.00157
2026-06-23 22:40:59.828660: train_loss -0.3481
2026-06-23 22:40:59.829346: val_loss -0.1862
2026-06-23 22:40:59.829529: Pseudo dice [np.float32(0.6856)]
2026-06-23 22:40:59.829710: Epoch time: 45.01 s
2026-06-23 22:41:01.965759: 
2026-06-23 22:41:01.966360: Epoch 219
2026-06-23 22:41:01.966661: Current learning rate: 0.00153
2026-06-23 22:41:46.790681: train_loss -0.347
2026-06-23 22:41:46.791310: val_loss -0.1495
2026-06-23 22:41:46.791461: Pseudo dice [np.float32(0.6793)]
2026-06-23 22:41:46.791667: Epoch time: 44.83 s
2026-06-23 22:41:48.552828: 
2026-06-23 22:41:48.553285: Epoch 220
2026-06-23 22:41:48.553493: Current learning rate: 0.00148
2026-06-23 22:42:33.499893: train_loss -0.352
2026-06-23 22:42:33.500440: val_loss -0.2167
2026-06-23 22:42:33.500584: Pseudo dice [np.float32(0.6869)]
2026-06-23 22:42:33.500757: Epoch time: 44.95 s
2026-06-23 22:42:35.268892: 
2026-06-23 22:42:35.269488: Epoch 221
2026-06-23 22:42:35.269827: Current learning rate: 0.00144
2026-06-23 22:43:20.256406: train_loss -0.3492
2026-06-23 22:43:20.257190: val_loss -0.2179
2026-06-23 22:43:20.257336: Pseudo dice [np.float32(0.6825)]
2026-06-23 22:43:20.257521: Epoch time: 44.99 s
2026-06-23 22:43:22.036188: 
2026-06-23 22:43:22.036707: Epoch 222
2026-06-23 22:43:22.036916: Current learning rate: 0.00139
2026-06-23 22:44:07.003056: train_loss -0.351
2026-06-23 22:44:07.003618: val_loss -0.2578
2026-06-23 22:44:07.003767: Pseudo dice [np.float32(0.7112)]
2026-06-23 22:44:07.003955: Epoch time: 44.97 s
2026-06-23 22:44:08.775437: 
2026-06-23 22:44:08.776012: Epoch 223
2026-06-23 22:44:08.776300: Current learning rate: 0.00135
2026-06-23 22:44:53.810186: train_loss -0.3406
2026-06-23 22:44:53.810790: val_loss -0.1843
2026-06-23 22:44:53.810939: Pseudo dice [np.float32(0.6771)]
2026-06-23 22:44:53.811113: Epoch time: 45.04 s
2026-06-23 22:44:55.568864: 
2026-06-23 22:44:55.569268: Epoch 224
2026-06-23 22:44:55.569470: Current learning rate: 0.0013
2026-06-23 22:45:40.590988: train_loss -0.3452
2026-06-23 22:45:40.591518: val_loss -0.2086
2026-06-23 22:45:40.591660: Pseudo dice [np.float32(0.7005)]
2026-06-23 22:45:40.591845: Epoch time: 45.03 s
2026-06-23 22:45:42.360360: 
2026-06-23 22:45:42.360893: Epoch 225
2026-06-23 22:45:42.361238: Current learning rate: 0.00126
2026-06-23 22:46:27.552822: train_loss -0.3506
2026-06-23 22:46:27.553408: val_loss -0.1893
2026-06-23 22:46:27.553564: Pseudo dice [np.float32(0.6899)]
2026-06-23 22:46:27.553742: Epoch time: 45.2 s
2026-06-23 22:46:29.324843: 
2026-06-23 22:46:29.325335: Epoch 226
2026-06-23 22:46:29.325645: Current learning rate: 0.00121
2026-06-23 22:47:14.245045: train_loss -0.3496
2026-06-23 22:47:14.245561: val_loss -0.1878
2026-06-23 22:47:14.245705: Pseudo dice [np.float32(0.681)]
2026-06-23 22:47:14.245887: Epoch time: 44.92 s
2026-06-23 22:47:16.014227: 
2026-06-23 22:47:16.014771: Epoch 227
2026-06-23 22:47:16.015059: Current learning rate: 0.00117
2026-06-23 22:48:00.889248: train_loss -0.3502
2026-06-23 22:48:00.889985: val_loss -0.2142
2026-06-23 22:48:00.890141: Pseudo dice [np.float32(0.6956)]
2026-06-23 22:48:00.890322: Epoch time: 44.88 s
2026-06-23 22:48:03.052364: 
2026-06-23 22:48:03.053060: Epoch 228
2026-06-23 22:48:03.053408: Current learning rate: 0.00112
2026-06-23 22:48:48.109885: train_loss -0.3433
2026-06-23 22:48:48.110486: val_loss -0.2346
2026-06-23 22:48:48.110632: Pseudo dice [np.float32(0.705)]
2026-06-23 22:48:48.110820: Epoch time: 45.06 s
2026-06-23 22:48:49.883387: 
2026-06-23 22:48:49.883918: Epoch 229
2026-06-23 22:48:49.884299: Current learning rate: 0.00108
2026-06-23 22:49:34.956311: train_loss -0.3517
2026-06-23 22:49:34.956872: val_loss -0.2251
2026-06-23 22:49:34.957022: Pseudo dice [np.float32(0.7059)]
2026-06-23 22:49:34.957196: Epoch time: 45.08 s
2026-06-23 22:49:36.726052: 
2026-06-23 22:49:36.726613: Epoch 230
2026-06-23 22:49:36.726934: Current learning rate: 0.00103
2026-06-23 22:50:21.581171: train_loss -0.3508
2026-06-23 22:50:21.581690: val_loss -0.2137
2026-06-23 22:50:21.581841: Pseudo dice [np.float32(0.6917)]
2026-06-23 22:50:21.582010: Epoch time: 44.86 s
2026-06-23 22:50:23.355075: 
2026-06-23 22:50:23.355771: Epoch 231
2026-06-23 22:50:23.356091: Current learning rate: 0.00098
2026-06-23 22:51:08.481109: train_loss -0.3499
2026-06-23 22:51:08.481766: val_loss -0.1649
2026-06-23 22:51:08.481932: Pseudo dice [np.float32(0.6858)]
2026-06-23 22:51:08.482109: Epoch time: 45.13 s
2026-06-23 22:51:10.256459: 
2026-06-23 22:51:10.257018: Epoch 232
2026-06-23 22:51:10.257403: Current learning rate: 0.00094
2026-06-23 22:51:55.119510: train_loss -0.3417
2026-06-23 22:51:55.120063: val_loss -0.2338
2026-06-23 22:51:55.120203: Pseudo dice [np.float32(0.7039)]
2026-06-23 22:51:55.120377: Epoch time: 44.87 s
2026-06-23 22:51:56.919090: 
2026-06-23 22:51:56.919785: Epoch 233
2026-06-23 22:51:56.920025: Current learning rate: 0.00089
2026-06-23 22:52:42.014846: train_loss -0.3513
2026-06-23 22:52:42.015387: val_loss -0.2091
2026-06-23 22:52:42.015690: Pseudo dice [np.float32(0.6862)]
2026-06-23 22:52:42.015933: Epoch time: 45.1 s
2026-06-23 22:52:43.792412: 
2026-06-23 22:52:43.793127: Epoch 234
2026-06-23 22:52:43.793356: Current learning rate: 0.00084
2026-06-23 22:53:28.725236: train_loss -0.3463
2026-06-23 22:53:28.725676: val_loss -0.2258
2026-06-23 22:53:28.725866: Pseudo dice [np.float32(0.7009)]
2026-06-23 22:53:28.726041: Epoch time: 44.94 s
2026-06-23 22:53:30.496445: 
2026-06-23 22:53:30.496975: Epoch 235
2026-06-23 22:53:30.497282: Current learning rate: 0.00079
2026-06-23 22:54:15.634808: train_loss -0.3462
2026-06-23 22:54:15.635364: val_loss -0.2358
2026-06-23 22:54:15.635508: Pseudo dice [np.float32(0.7029)]
2026-06-23 22:54:15.636294: Epoch time: 45.14 s
2026-06-23 22:54:17.405972: 
2026-06-23 22:54:17.406691: Epoch 236
2026-06-23 22:54:17.407053: Current learning rate: 0.00075
2026-06-23 22:55:02.357302: train_loss -0.3542
2026-06-23 22:55:02.358294: val_loss -0.2454
2026-06-23 22:55:02.358674: Pseudo dice [np.float32(0.7025)]
2026-06-23 22:55:02.358933: Epoch time: 44.95 s
2026-06-23 22:55:04.147963: 
2026-06-23 22:55:04.148494: Epoch 237
2026-06-23 22:55:04.148800: Current learning rate: 0.0007
2026-06-23 22:55:49.050570: train_loss -0.3497
2026-06-23 22:55:49.051119: val_loss -0.2037
2026-06-23 22:55:49.051274: Pseudo dice [np.float32(0.6927)]
2026-06-23 22:55:49.051455: Epoch time: 44.91 s
2026-06-23 22:55:51.253261: 
2026-06-23 22:55:51.253850: Epoch 238
2026-06-23 22:55:51.254083: Current learning rate: 0.00065
2026-06-23 22:56:36.159792: train_loss -0.3466
2026-06-23 22:56:36.160492: val_loss -0.2658
2026-06-23 22:56:36.160644: Pseudo dice [np.float32(0.7155)]
2026-06-23 22:56:36.160830: Epoch time: 44.91 s
2026-06-23 22:56:37.927110: 
2026-06-23 22:56:37.927575: Epoch 239
2026-06-23 22:56:37.927768: Current learning rate: 0.0006
2026-06-23 22:57:22.905730: train_loss -0.3539
2026-06-23 22:57:22.906482: val_loss -0.2272
2026-06-23 22:57:22.906695: Pseudo dice [np.float32(0.6925)]
2026-06-23 22:57:22.906895: Epoch time: 44.98 s
2026-06-23 22:57:24.706247: 
2026-06-23 22:57:24.706740: Epoch 240
2026-06-23 22:57:24.706947: Current learning rate: 0.00055
2026-06-23 22:58:09.614128: train_loss -0.3555
2026-06-23 22:58:09.614717: val_loss -0.2027
2026-06-23 22:58:09.614888: Pseudo dice [np.float32(0.6841)]
2026-06-23 22:58:09.615079: Epoch time: 44.91 s
2026-06-23 22:58:11.397643: 
2026-06-23 22:58:11.398292: Epoch 241
2026-06-23 22:58:11.398659: Current learning rate: 0.0005
2026-06-23 22:58:56.320523: train_loss -0.3479
2026-06-23 22:58:56.321086: val_loss -0.2545
2026-06-23 22:58:56.321257: Pseudo dice [np.float32(0.7085)]
2026-06-23 22:58:56.321434: Epoch time: 44.93 s
2026-06-23 22:58:58.107097: 
2026-06-23 22:58:58.107624: Epoch 242
2026-06-23 22:58:58.107948: Current learning rate: 0.00045
2026-06-23 22:59:42.944525: train_loss -0.3506
2026-06-23 22:59:42.945030: val_loss -0.2074
2026-06-23 22:59:42.945232: Pseudo dice [np.float32(0.6947)]
2026-06-23 22:59:42.945574: Epoch time: 44.84 s
2026-06-23 22:59:44.738046: 
2026-06-23 22:59:44.738557: Epoch 243
2026-06-23 22:59:44.738893: Current learning rate: 0.0004
2026-06-23 23:00:29.729971: train_loss -0.3551
2026-06-23 23:00:29.730401: val_loss -0.2368
2026-06-23 23:00:29.730548: Pseudo dice [np.float32(0.6893)]
2026-06-23 23:00:29.730716: Epoch time: 45.0 s
2026-06-23 23:00:31.526116: 
2026-06-23 23:00:31.526629: Epoch 244
2026-06-23 23:00:31.526922: Current learning rate: 0.00035
2026-06-23 23:01:16.451019: train_loss -0.3546
2026-06-23 23:01:16.451826: val_loss -0.2284
2026-06-23 23:01:16.451973: Pseudo dice [np.float32(0.7069)]
2026-06-23 23:01:16.452152: Epoch time: 44.93 s
2026-06-23 23:01:18.247281: 
2026-06-23 23:01:18.247663: Epoch 245
2026-06-23 23:01:18.247863: Current learning rate: 0.0003
2026-06-23 23:02:03.194728: train_loss -0.346
2026-06-23 23:02:03.195167: val_loss -0.2302
2026-06-23 23:02:03.195306: Pseudo dice [np.float32(0.6907)]
2026-06-23 23:02:03.195478: Epoch time: 44.95 s
2026-06-23 23:02:05.003535: 
2026-06-23 23:02:05.003998: Epoch 246
2026-06-23 23:02:05.004306: Current learning rate: 0.00024
2026-06-23 23:02:49.971887: train_loss -0.357
2026-06-23 23:02:49.972447: val_loss -0.2244
2026-06-23 23:02:49.972607: Pseudo dice [np.float32(0.6982)]
2026-06-23 23:02:49.972786: Epoch time: 44.97 s
2026-06-23 23:02:52.142140: 
2026-06-23 23:02:52.142796: Epoch 247
2026-06-23 23:02:52.143025: Current learning rate: 0.00019
2026-06-23 23:03:37.006052: train_loss -0.3503
2026-06-23 23:03:37.006651: val_loss -0.2425
2026-06-23 23:03:37.006808: Pseudo dice [np.float32(0.7106)]
2026-06-23 23:03:37.006986: Epoch time: 44.87 s
2026-06-23 23:03:38.802921: 
2026-06-23 23:03:38.803437: Epoch 248
2026-06-23 23:03:38.803732: Current learning rate: 0.00013
2026-06-23 23:04:23.620820: train_loss -0.3493
2026-06-23 23:04:23.621313: val_loss -0.2335
2026-06-23 23:04:23.621457: Pseudo dice [np.float32(0.6966)]
2026-06-23 23:04:23.621634: Epoch time: 44.82 s
2026-06-23 23:04:25.423491: 
2026-06-23 23:04:25.423840: Epoch 249
2026-06-23 23:04:25.424032: Current learning rate: 7e-05
2026-06-23 23:05:10.390201: train_loss -0.3415
2026-06-23 23:05:10.390860: val_loss -0.2363
2026-06-23 23:05:10.391006: Pseudo dice [np.float32(0.7067)]
2026-06-23 23:05:10.391175: Epoch time: 44.97 s
2026-06-23 23:05:13.013803: Training done.
2026-06-23 23:05:13.196224: Using splits from existing split file: /gpfs/data/ravenlab/micmac/nnUNet_preprocessed/Dataset002_BinaryTask/splits_final.json
2026-06-23 23:05:13.196990: The split file contains 5 splits.
2026-06-23 23:05:13.197102: Desired fold for training: 4
2026-06-23 23:05:13.197193: This split has 12 training and 3 validation cases.
2026-06-23 23:05:13.197374: predicting 41759_14left
2026-06-23 23:05:13.217831: 41759_14left, shape torch.Size([1, 1, 1120, 1796]), rank 0
2026-06-23 23:05:18.284641: predicting 41759_22left
2026-06-23 23:05:18.320347: 41759_22left, shape torch.Size([1, 1, 1980, 2353]), rank 0
2026-06-23 23:05:19.388024: predicting 41759_45_caudate
2026-06-23 23:05:19.410415: 41759_45_caudate, shape torch.Size([1, 1, 1824, 1543]), rank 0
2026-06-23 23:06:18.695219: Validation complete
2026-06-23 23:06:18.695634: Mean Validation Dice:  0.6850713816643031
