Loading python/gpu/3.10.6-cuda12.9
  Loading requirement: cuda/12.9
Launching parallel training for 2D config, Fold 0 using 250-epoch trainer preset...

############################
INFO: You are using the old nnU-Net default plans. We have updated our recommendations. Please consider using those instead! Read more here: https://github.com/MIC-DKFZ/nnUNet/blob/master/documentation/resenc_presets.md
############################

Using device: cuda:0

#######################################################################
Please cite the following paper when using nnU-Net:
Isensee, F., Jaeger, P. F., Kohl, S. A., Petersen, J., & Maier-Hein, K. H. (2021). nnU-Net: a self-configuring method for deep learning-based biomedical image segmentation. Nature methods, 18(2), 203-211.
#######################################################################

2026-06-17 18:34:12.931823: Using splits from existing split file: /gpfs/data/ravenlab/micmac/nnUNet_preprocessed/Dataset002_BinaryTask/splits_final.json
2026-06-17 18:34:12.932222: The split file contains 5 splits.
2026-06-17 18:34:12.932322: Desired fold for training: 0
2026-06-17 18:34:12.932410: This split has 12 training and 3 validation cases.
2026-06-17 18:34:12.932583: predicting 41759_11right
2026-06-17 18:34:13.020755: 41759_11right, shape torch.Size([1, 1, 1056, 1543]), rank 0
2026-06-17 18:34:19.690150: predicting 41759_47left
2026-06-17 18:34:19.827918: 41759_47left, shape torch.Size([1, 1, 2016, 2201]), rank 0
2026-06-17 18:34:20.928879: predicting 41759_61_claus
2026-06-17 18:34:21.175845: 41759_61_claus, shape torch.Size([1, 1, 2080, 2024]), rank 0
2026-06-17 18:34:46.641411: Validation complete
2026-06-17 18:34:46.641620: Mean Validation Dice:  0.6853844906878717
