Loading python/gpu/3.10.6-cuda12.9
  Loading requirement: cuda/12.9
Launching parallel training for 2D config, Fold 3 using 250-epoch trainer preset...

############################
INFO: You are using the old nnU-Net default plans. We have updated our recommendations. Please consider using those instead! Read more here: https://github.com/MIC-DKFZ/nnUNet/blob/master/documentation/resenc_presets.md
############################

Using device: cuda:0

#######################################################################
Please cite the following paper when using nnU-Net:
Isensee, F., Jaeger, P. F., Kohl, S. A., Petersen, J., & Maier-Hein, K. H. (2021). nnU-Net: a self-configuring method for deep learning-based biomedical image segmentation. Nature methods, 18(2), 203-211.
#######################################################################

2026-06-18 10:55:56.311123: do_dummy_2d_data_aug: False
2026-06-18 10:55:56.313680: Using splits from existing split file: /gpfs/data/ravenlab/micmac/nnUNet_preprocessed/Dataset002_BinaryTask/splits_final.json
2026-06-18 10:55:56.314224: The split file contains 5 splits.
2026-06-18 10:55:56.314333: Desired fold for training: 3
2026-06-18 10:55:56.314429: This split has 12 training and 3 validation cases.
using pin_memory on device 0
using pin_memory on device 0

This is the configuration used by this training:
Configuration name: 2d
 {'data_identifier': 'nnUNetPlans_2d', 'preprocessor_name': 'DefaultPreprocessor', 'batch_size': 2, 'patch_size': [1024, 1280], 'median_image_size_in_voxels': [2080.0, 2125.0], 'spacing': [1.0, 1.0], 'normalization_schemes': ['ZScoreNormalization'], 'use_mask_for_norm': [False], 'resampling_fn_data': 'resample_data_or_seg_to_shape', 'resampling_fn_seg': 'resample_data_or_seg_to_shape', 'resampling_fn_data_kwargs': {'is_seg': False, 'order': 3, 'order_z': 0, 'force_separate_z': None}, 'resampling_fn_seg_kwargs': {'is_seg': True, 'order': 1, 'order_z': 0, 'force_separate_z': None}, 'resampling_fn_probabilities': 'resample_data_or_seg_to_shape', 'resampling_fn_probabilities_kwargs': {'is_seg': False, 'order': 1, 'order_z': 0, 'force_separate_z': None}, 'architecture': {'network_class_name': 'dynamic_network_architectures.architectures.unet.PlainConvUNet', 'arch_kwargs': {'n_stages': 9, 'features_per_stage': [32, 64, 128, 256, 512, 512, 512, 512, 512], 'conv_op': 'torch.nn.modules.conv.Conv2d', 'kernel_sizes': [[3, 3], [3, 3], [3, 3], [3, 3], [3, 3], [3, 3], [3, 3], [3, 3], [3, 3]], 'strides': [[1, 1], [2, 2], [2, 2], [2, 2], [2, 2], [2, 2], [2, 2], [2, 2], [2, 2]], 'n_conv_per_stage': [2, 2, 2, 2, 2, 2, 2, 2, 2], 'n_conv_per_stage_decoder': [2, 2, 2, 2, 2, 2, 2, 2], 'conv_bias': True, 'norm_op': 'torch.nn.modules.instancenorm.InstanceNorm2d', 'norm_op_kwargs': {'eps': 1e-05, 'affine': True}, 'dropout_op': None, 'dropout_op_kwargs': None, 'nonlin': 'torch.nn.LeakyReLU', 'nonlin_kwargs': {'inplace': True}}, '_kw_requires_import': ['conv_op', 'norm_op', 'dropout_op', 'nonlin']}, 'batch_dice': True} 

These are the global plan.json settings:
 {'dataset_name': 'Dataset002_BinaryTask', 'plans_name': 'nnUNetPlans', 'original_median_spacing_after_transp': [999.0, 1.0, 1.0], 'original_median_shape_after_transp': [1, 2080, 2125], 'image_reader_writer': 'NaturalImage2DIO', 'transpose_forward': [0, 1, 2], 'transpose_backward': [0, 1, 2], 'experiment_planner_used': 'ExperimentPlanner', 'label_manager': 'LabelManager', 'foreground_intensity_properties_per_channel': {'0': {'max': 250.0, 'mean': 109.4693603515625, 'median': 108.0, 'min': 5.0, 'percentile_00_5': 30.0, 'percentile_99_5': 199.0, 'std': 36.45087814331055}}} 

2026-06-18 10:56:03.353806: Unable to plot network architecture:
2026-06-18 10:56:03.356448: No module named 'hiddenlayer'
2026-06-18 10:56:03.517195: 
2026-06-18 10:56:03.531093: Epoch 0
2026-06-18 10:56:03.531456: Current learning rate: 0.01
2026-06-18 10:58:08.263177: train_loss -0.0661
2026-06-18 10:58:08.263736: val_loss -0.1415
2026-06-18 10:58:08.263927: Pseudo dice [np.float32(0.6485)]
2026-06-18 10:58:08.264100: Epoch time: 124.75 s
2026-06-18 10:58:08.264251: Yayy! New best EMA pseudo Dice: 0.6485000252723694
2026-06-18 10:58:10.560988: 
2026-06-18 10:58:10.561340: Epoch 1
2026-06-18 10:58:10.561558: Current learning rate: 0.00996
2026-06-18 10:58:56.022388: train_loss -0.161
2026-06-18 10:58:56.023069: val_loss -0.1846
2026-06-18 10:58:56.023224: Pseudo dice [np.float32(0.6615)]
2026-06-18 10:58:56.023408: Epoch time: 45.46 s
2026-06-18 10:58:56.026841: Yayy! New best EMA pseudo Dice: 0.6498000025749207
2026-06-18 10:58:58.279286: 
2026-06-18 10:58:58.279773: Epoch 2
2026-06-18 10:58:58.279973: Current learning rate: 0.00993
2026-06-18 10:59:43.711086: train_loss -0.1919
2026-06-18 10:59:43.711638: val_loss -0.1585
2026-06-18 10:59:43.711804: Pseudo dice [np.float32(0.6617)]
2026-06-18 10:59:43.711985: Epoch time: 45.43 s
2026-06-18 10:59:43.712119: Yayy! New best EMA pseudo Dice: 0.6510000228881836
2026-06-18 10:59:46.104113: 
2026-06-18 10:59:46.104601: Epoch 3
2026-06-18 10:59:46.104814: Current learning rate: 0.00989
2026-06-18 11:00:31.271944: train_loss -0.2134
2026-06-18 11:00:31.272478: val_loss -0.1668
2026-06-18 11:00:31.272635: Pseudo dice [np.float32(0.6807)]
2026-06-18 11:00:31.272821: Epoch time: 45.17 s
2026-06-18 11:00:31.272978: Yayy! New best EMA pseudo Dice: 0.6539999842643738
2026-06-18 11:00:33.552225: 
2026-06-18 11:00:33.552583: Epoch 4
2026-06-18 11:00:33.552781: Current learning rate: 0.00986
2026-06-18 11:01:19.221185: train_loss -0.2229
2026-06-18 11:01:19.221876: val_loss -0.1638
2026-06-18 11:01:19.222047: Pseudo dice [np.float32(0.6479)]
2026-06-18 11:01:19.222223: Epoch time: 45.67 s
2026-06-18 11:01:21.035827: 
2026-06-18 11:01:21.036305: Epoch 5
2026-06-18 11:01:21.036602: Current learning rate: 0.00982
2026-06-18 11:02:06.331221: train_loss -0.2368
2026-06-18 11:02:06.331858: val_loss -0.1608
2026-06-18 11:02:06.332031: Pseudo dice [np.float32(0.6628)]
2026-06-18 11:02:06.332219: Epoch time: 45.3 s
2026-06-18 11:02:06.332359: Yayy! New best EMA pseudo Dice: 0.6542999744415283
2026-06-18 11:02:08.561520: 
2026-06-18 11:02:08.562562: Epoch 6
2026-06-18 11:02:08.562757: Current learning rate: 0.00978
2026-06-18 11:02:53.764382: train_loss -0.2385
2026-06-18 11:02:53.765072: val_loss -0.1812
2026-06-18 11:02:53.765226: Pseudo dice [np.float32(0.6525)]
2026-06-18 11:02:53.765403: Epoch time: 45.21 s
2026-06-18 11:02:55.490305: 
2026-06-18 11:02:55.490829: Epoch 7
2026-06-18 11:02:55.491161: Current learning rate: 0.00975
2026-06-18 11:03:40.851527: train_loss -0.2392
2026-06-18 11:03:40.855382: val_loss -0.1734
2026-06-18 11:03:40.855542: Pseudo dice [np.float32(0.6657)]
2026-06-18 11:03:40.855721: Epoch time: 45.36 s
2026-06-18 11:03:40.856271: Yayy! New best EMA pseudo Dice: 0.6553000211715698
2026-06-18 11:03:43.117814: 
2026-06-18 11:03:43.118210: Epoch 8
2026-06-18 11:03:43.118561: Current learning rate: 0.00971
2026-06-18 11:04:28.392569: train_loss -0.2517
2026-06-18 11:04:28.393158: val_loss -0.0738
2026-06-18 11:04:28.393306: Pseudo dice [np.float32(0.633)]
2026-06-18 11:04:28.393479: Epoch time: 45.28 s
2026-06-18 11:04:30.562814: 
2026-06-18 11:04:30.563304: Epoch 9
2026-06-18 11:04:30.563484: Current learning rate: 0.00968
2026-06-18 11:05:15.969096: train_loss -0.2618
2026-06-18 11:05:15.969599: val_loss -0.1965
2026-06-18 11:05:15.969749: Pseudo dice [np.float32(0.6773)]
2026-06-18 11:05:15.969931: Epoch time: 45.41 s
2026-06-18 11:05:15.970064: Yayy! New best EMA pseudo Dice: 0.6554999947547913
2026-06-18 11:05:18.217069: 
2026-06-18 11:05:18.217501: Epoch 10
2026-06-18 11:05:18.217719: Current learning rate: 0.00964
2026-06-18 11:06:03.244692: train_loss -0.2674
2026-06-18 11:06:03.245373: val_loss -0.0798
2026-06-18 11:06:03.245561: Pseudo dice [np.float32(0.6606)]
2026-06-18 11:06:03.245760: Epoch time: 45.03 s
2026-06-18 11:06:03.245909: Yayy! New best EMA pseudo Dice: 0.656000018119812
2026-06-18 11:06:05.504089: 
2026-06-18 11:06:05.504622: Epoch 11
2026-06-18 11:06:05.504920: Current learning rate: 0.0096
2026-06-18 11:06:50.620910: train_loss -0.282
2026-06-18 11:06:50.621471: val_loss -0.1293
2026-06-18 11:06:50.621610: Pseudo dice [np.float32(0.6632)]
2026-06-18 11:06:50.621782: Epoch time: 45.12 s
2026-06-18 11:06:50.621926: Yayy! New best EMA pseudo Dice: 0.6567000150680542
2026-06-18 11:06:52.853642: 
2026-06-18 11:06:52.854097: Epoch 12
2026-06-18 11:06:52.854284: Current learning rate: 0.00957
2026-06-18 11:07:38.251013: train_loss -0.2671
2026-06-18 11:07:38.252425: val_loss -0.0998
2026-06-18 11:07:38.252572: Pseudo dice [np.float32(0.6256)]
2026-06-18 11:07:38.252747: Epoch time: 45.4 s
2026-06-18 11:07:39.960773: 
2026-06-18 11:07:39.961245: Epoch 13
2026-06-18 11:07:39.961434: Current learning rate: 0.00953
2026-06-18 11:08:25.264501: train_loss -0.2751
2026-06-18 11:08:25.265051: val_loss -0.1336
2026-06-18 11:08:25.265194: Pseudo dice [np.float32(0.6386)]
2026-06-18 11:08:25.265363: Epoch time: 45.31 s
2026-06-18 11:08:26.983060: 
2026-06-18 11:08:26.983430: Epoch 14
2026-06-18 11:08:26.983718: Current learning rate: 0.00949
2026-06-18 11:09:12.181870: train_loss -0.2897
2026-06-18 11:09:12.182498: val_loss -0.1867
2026-06-18 11:09:12.182664: Pseudo dice [np.float32(0.6707)]
2026-06-18 11:09:12.182861: Epoch time: 45.2 s
2026-06-18 11:09:13.928147: 
2026-06-18 11:09:13.928613: Epoch 15
2026-06-18 11:09:13.928933: Current learning rate: 0.00946
2026-06-18 11:09:58.999511: train_loss -0.2941
2026-06-18 11:09:59.000483: val_loss -0.1705
2026-06-18 11:09:59.000638: Pseudo dice [np.float32(0.6704)]
2026-06-18 11:09:59.000811: Epoch time: 45.07 s
2026-06-18 11:10:00.755561: 
2026-06-18 11:10:00.756119: Epoch 16
2026-06-18 11:10:00.756432: Current learning rate: 0.00942
2026-06-18 11:10:45.757994: train_loss -0.2909
2026-06-18 11:10:45.758674: val_loss -0.1958
2026-06-18 11:10:45.758873: Pseudo dice [np.float32(0.6667)]
2026-06-18 11:10:45.759067: Epoch time: 45.01 s
2026-06-18 11:10:45.759206: Yayy! New best EMA pseudo Dice: 0.6567000150680542
2026-06-18 11:10:48.619550: 
2026-06-18 11:10:48.620081: Epoch 17
2026-06-18 11:10:48.620376: Current learning rate: 0.00939
2026-06-18 11:11:33.752300: train_loss -0.2868
2026-06-18 11:11:33.753090: val_loss -0.1483
2026-06-18 11:11:33.753252: Pseudo dice [np.float32(0.6565)]
2026-06-18 11:11:33.753521: Epoch time: 45.14 s
2026-06-18 11:11:35.534260: 
2026-06-18 11:11:35.534755: Epoch 18
2026-06-18 11:11:35.535079: Current learning rate: 0.00935
2026-06-18 11:12:20.725039: train_loss -0.2993
2026-06-18 11:12:20.726709: val_loss -0.1436
2026-06-18 11:12:20.726879: Pseudo dice [np.float32(0.6364)]
2026-06-18 11:12:20.727110: Epoch time: 45.19 s
2026-06-18 11:12:22.495004: 
2026-06-18 11:12:22.495500: Epoch 19
2026-06-18 11:12:22.495732: Current learning rate: 0.00931
2026-06-18 11:13:07.457315: train_loss -0.295
2026-06-18 11:13:07.458085: val_loss -0.1601
2026-06-18 11:13:07.458241: Pseudo dice [np.float32(0.6463)]
2026-06-18 11:13:07.458413: Epoch time: 44.97 s
2026-06-18 11:13:09.264917: 
2026-06-18 11:13:09.265487: Epoch 20
2026-06-18 11:13:09.265684: Current learning rate: 0.00928
2026-06-18 11:13:54.387888: train_loss -0.31
2026-06-18 11:13:54.388416: val_loss -0.2107
2026-06-18 11:13:54.388573: Pseudo dice [np.float32(0.6675)]
2026-06-18 11:13:54.388794: Epoch time: 45.13 s
2026-06-18 11:13:56.174875: 
2026-06-18 11:13:56.175241: Epoch 21
2026-06-18 11:13:56.175437: Current learning rate: 0.00924
2026-06-18 11:14:41.273805: train_loss -0.308
2026-06-18 11:14:41.274438: val_loss -0.201
2026-06-18 11:14:41.274591: Pseudo dice [np.float32(0.6639)]
2026-06-18 11:14:41.274760: Epoch time: 45.1 s
2026-06-18 11:14:42.994651: 
2026-06-18 11:14:42.995230: Epoch 22
2026-06-18 11:14:42.995495: Current learning rate: 0.0092
2026-06-18 11:15:28.071847: train_loss -0.2972
2026-06-18 11:15:28.072332: val_loss -0.1859
2026-06-18 11:15:28.072501: Pseudo dice [np.float32(0.6583)]
2026-06-18 11:15:28.072675: Epoch time: 45.08 s
2026-06-18 11:15:29.782510: 
2026-06-18 11:15:29.782908: Epoch 23
2026-06-18 11:15:29.783088: Current learning rate: 0.00917
2026-06-18 11:16:14.863610: train_loss -0.3034
2026-06-18 11:16:14.864396: val_loss -0.0724
2026-06-18 11:16:14.864574: Pseudo dice [np.float32(0.5926)]
2026-06-18 11:16:14.864785: Epoch time: 45.08 s
2026-06-18 11:16:16.565422: 
2026-06-18 11:16:16.565964: Epoch 24
2026-06-18 11:16:16.566258: Current learning rate: 0.00913
2026-06-18 11:17:01.723114: train_loss -0.3111
2026-06-18 11:17:01.723601: val_loss -0.1564
2026-06-18 11:17:01.723763: Pseudo dice [np.float32(0.6474)]
2026-06-18 11:17:01.723953: Epoch time: 45.16 s
2026-06-18 11:17:03.422299: 
2026-06-18 11:17:03.422750: Epoch 25
2026-06-18 11:17:03.422939: Current learning rate: 0.0091
2026-06-18 11:17:48.842084: train_loss -0.3058
2026-06-18 11:17:48.842737: val_loss -0.1806
2026-06-18 11:17:48.842896: Pseudo dice [np.float32(0.6706)]
2026-06-18 11:17:48.843074: Epoch time: 45.42 s
2026-06-18 11:17:50.943456: 
2026-06-18 11:17:50.943925: Epoch 26
2026-06-18 11:17:50.944195: Current learning rate: 0.00906
2026-06-18 11:18:36.359670: train_loss -0.3182
2026-06-18 11:18:36.360158: val_loss -0.1814
2026-06-18 11:18:36.360301: Pseudo dice [np.float32(0.6553)]
2026-06-18 11:18:36.360471: Epoch time: 45.42 s
2026-06-18 11:18:38.078371: 
2026-06-18 11:18:38.078930: Epoch 27
2026-06-18 11:18:38.079235: Current learning rate: 0.00902
2026-06-18 11:19:23.255644: train_loss -0.3153
2026-06-18 11:19:23.256221: val_loss -0.1448
2026-06-18 11:19:23.256371: Pseudo dice [np.float32(0.6262)]
2026-06-18 11:19:23.256539: Epoch time: 45.18 s
2026-06-18 11:19:24.970828: 
2026-06-18 11:19:24.971272: Epoch 28
2026-06-18 11:19:24.971591: Current learning rate: 0.00899
2026-06-18 11:20:10.172925: train_loss -0.3268
2026-06-18 11:20:10.173457: val_loss -0.1303
2026-06-18 11:20:10.173618: Pseudo dice [np.float32(0.6379)]
2026-06-18 11:20:10.173796: Epoch time: 45.21 s
2026-06-18 11:20:11.918358: 
2026-06-18 11:20:11.919050: Epoch 29
2026-06-18 11:20:11.919387: Current learning rate: 0.00895
2026-06-18 11:20:57.328620: train_loss -0.3196
2026-06-18 11:20:57.329133: val_loss -0.1237
2026-06-18 11:20:57.329383: Pseudo dice [np.float32(0.6308)]
2026-06-18 11:20:57.329569: Epoch time: 45.41 s
2026-06-18 11:20:59.064773: 
2026-06-18 11:20:59.065223: Epoch 30
2026-06-18 11:20:59.065538: Current learning rate: 0.00891
2026-06-18 11:21:44.247930: train_loss -0.316
2026-06-18 11:21:44.248452: val_loss -0.1244
2026-06-18 11:21:44.248613: Pseudo dice [np.float32(0.6245)]
2026-06-18 11:21:44.248793: Epoch time: 45.19 s
2026-06-18 11:21:45.961839: 
2026-06-18 11:21:45.962188: Epoch 31
2026-06-18 11:21:45.962397: Current learning rate: 0.00888
2026-06-18 11:22:31.286355: train_loss -0.3193
2026-06-18 11:22:31.287016: val_loss -0.1253
2026-06-18 11:22:31.287182: Pseudo dice [np.float32(0.6399)]
2026-06-18 11:22:31.287367: Epoch time: 45.33 s
2026-06-18 11:22:33.033309: 
2026-06-18 11:22:33.033784: Epoch 32
2026-06-18 11:22:33.034075: Current learning rate: 0.00884
2026-06-18 11:23:18.341992: train_loss -0.3232
2026-06-18 11:23:18.342550: val_loss -0.132
2026-06-18 11:23:18.342697: Pseudo dice [np.float32(0.6444)]
2026-06-18 11:23:18.342882: Epoch time: 45.31 s
2026-06-18 11:23:20.089915: 
2026-06-18 11:23:20.090508: Epoch 33
2026-06-18 11:23:20.090816: Current learning rate: 0.0088
2026-06-18 11:24:05.453703: train_loss -0.311
2026-06-18 11:24:05.454355: val_loss -0.1361
2026-06-18 11:24:05.454502: Pseudo dice [np.float32(0.6376)]
2026-06-18 11:24:05.454677: Epoch time: 45.37 s
2026-06-18 11:24:07.236608: 
2026-06-18 11:24:07.237057: Epoch 34
2026-06-18 11:24:07.237293: Current learning rate: 0.00877
2026-06-18 11:24:52.404927: train_loss -0.319
2026-06-18 11:24:52.405536: val_loss -0.0599
2026-06-18 11:24:52.405691: Pseudo dice [np.float32(0.584)]
2026-06-18 11:24:52.405914: Epoch time: 45.17 s
2026-06-18 11:24:54.618377: 
2026-06-18 11:24:54.618913: Epoch 35
2026-06-18 11:24:54.619113: Current learning rate: 0.00873
2026-06-18 11:25:39.744039: train_loss -0.3096
2026-06-18 11:25:39.744611: val_loss -0.1356
2026-06-18 11:25:39.744752: Pseudo dice [np.float32(0.644)]
2026-06-18 11:25:39.744962: Epoch time: 45.13 s
2026-06-18 11:25:41.504844: 
2026-06-18 11:25:41.505462: Epoch 36
2026-06-18 11:25:41.505797: Current learning rate: 0.00869
2026-06-18 11:26:26.819013: train_loss -0.3113
2026-06-18 11:26:26.822356: val_loss -0.0925
2026-06-18 11:26:26.822512: Pseudo dice [np.float32(0.6286)]
2026-06-18 11:26:26.822691: Epoch time: 45.32 s
2026-06-18 11:26:28.600882: 
2026-06-18 11:26:28.601398: Epoch 37
2026-06-18 11:26:28.601737: Current learning rate: 0.00866
2026-06-18 11:27:13.824828: train_loss -0.3214
2026-06-18 11:27:13.825388: val_loss -0.1025
2026-06-18 11:27:13.825558: Pseudo dice [np.float32(0.6267)]
2026-06-18 11:27:13.825743: Epoch time: 45.23 s
2026-06-18 11:27:15.620667: 
2026-06-18 11:27:15.621150: Epoch 38
2026-06-18 11:27:15.621337: Current learning rate: 0.00862
2026-06-18 11:28:00.729144: train_loss -0.3261
2026-06-18 11:28:00.729664: val_loss -0.104
2026-06-18 11:28:00.729841: Pseudo dice [np.float32(0.6208)]
2026-06-18 11:28:00.730074: Epoch time: 45.11 s
2026-06-18 11:28:02.506898: 
2026-06-18 11:28:02.507368: Epoch 39
2026-06-18 11:28:02.507676: Current learning rate: 0.00858
2026-06-18 11:28:47.687275: train_loss -0.3258
2026-06-18 11:28:47.687912: val_loss -0.1198
2026-06-18 11:28:47.688077: Pseudo dice [np.float32(0.6284)]
2026-06-18 11:28:47.688261: Epoch time: 45.18 s
2026-06-18 11:28:49.482132: 
2026-06-18 11:28:49.482630: Epoch 40
2026-06-18 11:28:49.482843: Current learning rate: 0.00855
2026-06-18 11:29:34.796205: train_loss -0.3298
2026-06-18 11:29:34.796831: val_loss -0.0579
2026-06-18 11:29:34.797014: Pseudo dice [np.float32(0.5833)]
2026-06-18 11:29:34.797205: Epoch time: 45.32 s
2026-06-18 11:29:36.623268: 
2026-06-18 11:29:36.623697: Epoch 41
2026-06-18 11:29:36.623979: Current learning rate: 0.00851
2026-06-18 11:30:21.985601: train_loss -0.3276
2026-06-18 11:30:21.986219: val_loss -0.0459
2026-06-18 11:30:21.986363: Pseudo dice [np.float32(0.5912)]
2026-06-18 11:30:21.986535: Epoch time: 45.37 s
2026-06-18 11:30:23.709048: 
2026-06-18 11:30:23.709534: Epoch 42
2026-06-18 11:30:23.709726: Current learning rate: 0.00847
2026-06-18 11:31:09.192892: train_loss -0.3151
2026-06-18 11:31:09.193499: val_loss -0.1259
2026-06-18 11:31:09.193693: Pseudo dice [np.float32(0.6467)]
2026-06-18 11:31:09.193894: Epoch time: 45.49 s
2026-06-18 11:31:10.927168: 
2026-06-18 11:31:10.927457: Epoch 43
2026-06-18 11:31:10.927681: Current learning rate: 0.00844
2026-06-18 11:31:56.426338: train_loss -0.3239
2026-06-18 11:31:56.426780: val_loss -0.1293
2026-06-18 11:31:56.426934: Pseudo dice [np.float32(0.6232)]
2026-06-18 11:31:56.427099: Epoch time: 45.5 s
2026-06-18 11:31:58.541761: 
2026-06-18 11:31:58.542153: Epoch 44
2026-06-18 11:31:58.542464: Current learning rate: 0.0084
2026-06-18 11:32:43.872090: train_loss -0.3273
2026-06-18 11:32:43.872629: val_loss -0.0895
2026-06-18 11:32:43.872795: Pseudo dice [np.float32(0.6295)]
2026-06-18 11:32:43.873007: Epoch time: 45.33 s
2026-06-18 11:32:45.620101: 
2026-06-18 11:32:45.620663: Epoch 45
2026-06-18 11:32:45.621048: Current learning rate: 0.00836
2026-06-18 11:33:30.803180: train_loss -0.3339
2026-06-18 11:33:30.803744: val_loss -0.1426
2026-06-18 11:33:30.803913: Pseudo dice [np.float32(0.6463)]
2026-06-18 11:33:30.804094: Epoch time: 45.19 s
2026-06-18 11:33:32.543422: 
2026-06-18 11:33:32.543835: Epoch 46
2026-06-18 11:33:32.544110: Current learning rate: 0.00833
2026-06-18 11:34:17.572601: train_loss -0.3214
2026-06-18 11:34:17.573132: val_loss -0.1015
2026-06-18 11:34:17.573294: Pseudo dice [np.float32(0.6185)]
2026-06-18 11:34:17.573482: Epoch time: 45.03 s
2026-06-18 11:34:19.309078: 
2026-06-18 11:34:19.309470: Epoch 47
2026-06-18 11:34:19.309757: Current learning rate: 0.00829
2026-06-18 11:35:04.719872: train_loss -0.326
2026-06-18 11:35:04.720603: val_loss -0.1001
2026-06-18 11:35:04.720745: Pseudo dice [np.float32(0.6428)]
2026-06-18 11:35:04.720921: Epoch time: 45.41 s
2026-06-18 11:35:06.497207: 
2026-06-18 11:35:06.497681: Epoch 48
2026-06-18 11:35:06.497885: Current learning rate: 0.00825
2026-06-18 11:35:51.818228: train_loss -0.3159
2026-06-18 11:35:51.818794: val_loss -0.0868
2026-06-18 11:35:51.818963: Pseudo dice [np.float32(0.5993)]
2026-06-18 11:35:51.819148: Epoch time: 45.32 s
2026-06-18 11:35:53.573620: 
2026-06-18 11:35:53.574140: Epoch 49
2026-06-18 11:35:53.574481: Current learning rate: 0.00822
2026-06-18 11:36:38.821823: train_loss -0.3188
2026-06-18 11:36:38.822308: val_loss -0.1906
2026-06-18 11:36:38.822449: Pseudo dice [np.float32(0.6676)]
2026-06-18 11:36:38.822622: Epoch time: 45.25 s
2026-06-18 11:36:41.086151: 
2026-06-18 11:36:41.086665: Epoch 50
2026-06-18 11:36:41.086970: Current learning rate: 0.00818
2026-06-18 11:37:26.230947: train_loss -0.3102
2026-06-18 11:37:26.231422: val_loss -0.1614
2026-06-18 11:37:26.231567: Pseudo dice [np.float32(0.6718)]
2026-06-18 11:37:26.231744: Epoch time: 45.15 s
2026-06-18 11:37:27.973969: 
2026-06-18 11:37:27.974460: Epoch 51
2026-06-18 11:37:27.974766: Current learning rate: 0.00814
2026-06-18 11:38:13.157095: train_loss -0.3205
2026-06-18 11:38:13.157778: val_loss -0.103
2026-06-18 11:38:13.157966: Pseudo dice [np.float32(0.6295)]
2026-06-18 11:38:13.158171: Epoch time: 45.19 s
2026-06-18 11:38:14.903592: 
2026-06-18 11:38:14.904188: Epoch 52
2026-06-18 11:38:14.904375: Current learning rate: 0.00811
2026-06-18 11:39:00.330650: train_loss -0.3177
2026-06-18 11:39:00.331221: val_loss -0.1556
2026-06-18 11:39:00.331404: Pseudo dice [np.float32(0.6522)]
2026-06-18 11:39:00.331603: Epoch time: 45.43 s
2026-06-18 11:39:02.462473: 
2026-06-18 11:39:02.462965: Epoch 53
2026-06-18 11:39:02.463225: Current learning rate: 0.00807
2026-06-18 11:39:47.742542: train_loss -0.3278
2026-06-18 11:39:47.743242: val_loss -0.1635
2026-06-18 11:39:47.743398: Pseudo dice [np.float32(0.6539)]
2026-06-18 11:39:47.743602: Epoch time: 45.28 s
2026-06-18 11:39:49.524374: 
2026-06-18 11:39:49.524829: Epoch 54
2026-06-18 11:39:49.525029: Current learning rate: 0.00803
2026-06-18 11:40:34.684426: train_loss -0.3297
2026-06-18 11:40:34.685282: val_loss -0.0356
2026-06-18 11:40:34.685444: Pseudo dice [np.float32(0.5816)]
2026-06-18 11:40:34.685626: Epoch time: 45.16 s
2026-06-18 11:40:36.466887: 
2026-06-18 11:40:36.467904: Epoch 55
2026-06-18 11:40:36.468239: Current learning rate: 0.008
2026-06-18 11:41:21.650914: train_loss -0.3288
2026-06-18 11:41:21.651480: val_loss -0.1727
2026-06-18 11:41:21.651644: Pseudo dice [np.float32(0.6591)]
2026-06-18 11:41:21.651822: Epoch time: 45.19 s
2026-06-18 11:41:23.397781: 
2026-06-18 11:41:23.398206: Epoch 56
2026-06-18 11:41:23.398388: Current learning rate: 0.00796
2026-06-18 11:42:08.457521: train_loss -0.3317
2026-06-18 11:42:08.458015: val_loss -0.1545
2026-06-18 11:42:08.458167: Pseudo dice [np.float32(0.6353)]
2026-06-18 11:42:08.458347: Epoch time: 45.06 s
2026-06-18 11:42:10.219588: 
2026-06-18 11:42:10.219931: Epoch 57
2026-06-18 11:42:10.220121: Current learning rate: 0.00792
2026-06-18 11:42:55.296039: train_loss -0.3253
2026-06-18 11:42:55.296674: val_loss -0.1089
2026-06-18 11:42:55.296843: Pseudo dice [np.float32(0.641)]
2026-06-18 11:42:55.297043: Epoch time: 45.08 s
2026-06-18 11:42:57.033179: 
2026-06-18 11:42:57.033667: Epoch 58
2026-06-18 11:42:57.034000: Current learning rate: 0.00789
2026-06-18 11:43:42.359029: train_loss -0.3286
2026-06-18 11:43:42.359555: val_loss -0.079
2026-06-18 11:43:42.359725: Pseudo dice [np.float32(0.614)]
2026-06-18 11:43:42.359925: Epoch time: 45.33 s
2026-06-18 11:43:44.122495: 
2026-06-18 11:43:44.122975: Epoch 59
2026-06-18 11:43:44.123146: Current learning rate: 0.00785
2026-06-18 11:44:29.362037: train_loss -0.3203
2026-06-18 11:44:29.362630: val_loss -0.0674
2026-06-18 11:44:29.362777: Pseudo dice [np.float32(0.611)]
2026-06-18 11:44:29.362963: Epoch time: 45.24 s
2026-06-18 11:44:31.110257: 
2026-06-18 11:44:31.110827: Epoch 60
2026-06-18 11:44:31.111076: Current learning rate: 0.00781
2026-06-18 11:45:16.270334: train_loss -0.331
2026-06-18 11:45:16.270869: val_loss -0.0754
2026-06-18 11:45:16.271019: Pseudo dice [np.float32(0.6291)]
2026-06-18 11:45:16.271189: Epoch time: 45.16 s
2026-06-18 11:45:18.378231: 
2026-06-18 11:45:18.378594: Epoch 61
2026-06-18 11:45:18.378760: Current learning rate: 0.00777
2026-06-18 11:46:03.697976: train_loss -0.3323
2026-06-18 11:46:03.698515: val_loss -0.1126
2026-06-18 11:46:03.698690: Pseudo dice [np.float32(0.6376)]
2026-06-18 11:46:03.698886: Epoch time: 45.32 s
2026-06-18 11:46:05.449499: 
2026-06-18 11:46:05.449904: Epoch 62
2026-06-18 11:46:05.450087: Current learning rate: 0.00774
2026-06-18 11:46:50.629195: train_loss -0.3395
2026-06-18 11:46:50.629704: val_loss 0.0022
2026-06-18 11:46:50.629872: Pseudo dice [np.float32(0.5706)]
2026-06-18 11:46:50.630062: Epoch time: 45.18 s
2026-06-18 11:46:52.392289: 
2026-06-18 11:46:52.392766: Epoch 63
2026-06-18 11:46:52.392979: Current learning rate: 0.0077
2026-06-18 11:47:37.719190: train_loss -0.34
2026-06-18 11:47:37.719712: val_loss -0.0464
2026-06-18 11:47:37.719882: Pseudo dice [np.float32(0.5885)]
2026-06-18 11:47:37.720061: Epoch time: 45.33 s
2026-06-18 11:47:39.497135: 
2026-06-18 11:47:39.497603: Epoch 64
2026-06-18 11:47:39.497775: Current learning rate: 0.00766
2026-06-18 11:48:24.607080: train_loss -0.3174
2026-06-18 11:48:24.607525: val_loss -0.1719
2026-06-18 11:48:24.607683: Pseudo dice [np.float32(0.6702)]
2026-06-18 11:48:24.607869: Epoch time: 45.11 s
2026-06-18 11:48:26.383883: 
2026-06-18 11:48:26.384357: Epoch 65
2026-06-18 11:48:26.384534: Current learning rate: 0.00763
2026-06-18 11:49:11.625164: train_loss -0.3177
2026-06-18 11:49:11.626260: val_loss -0.0662
2026-06-18 11:49:11.626417: Pseudo dice [np.float32(0.5963)]
2026-06-18 11:49:11.626581: Epoch time: 45.24 s
2026-06-18 11:49:13.396501: 
2026-06-18 11:49:13.396913: Epoch 66
2026-06-18 11:49:13.397206: Current learning rate: 0.00759
2026-06-18 11:49:58.581398: train_loss -0.324
2026-06-18 11:49:58.584415: val_loss -0.1153
2026-06-18 11:49:58.584580: Pseudo dice [np.float32(0.6321)]
2026-06-18 11:49:58.584762: Epoch time: 45.19 s
2026-06-18 11:50:00.374454: 
2026-06-18 11:50:00.374948: Epoch 67
2026-06-18 11:50:00.375169: Current learning rate: 0.00755
2026-06-18 11:50:45.527373: train_loss -0.3399
2026-06-18 11:50:45.528121: val_loss -0.1148
2026-06-18 11:50:45.528298: Pseudo dice [np.float32(0.6228)]
2026-06-18 11:50:45.528473: Epoch time: 45.16 s
2026-06-18 11:50:47.326275: 
2026-06-18 11:50:47.326897: Epoch 68
2026-06-18 11:50:47.327261: Current learning rate: 0.00751
2026-06-18 11:51:32.524105: train_loss -0.3353
2026-06-18 11:51:32.524694: val_loss -0.0142
2026-06-18 11:51:32.524866: Pseudo dice [np.float32(0.5728)]
2026-06-18 11:51:32.525044: Epoch time: 45.2 s
2026-06-18 11:51:34.321933: 
2026-06-18 11:51:34.322456: Epoch 69
2026-06-18 11:51:34.322794: Current learning rate: 0.00748
2026-06-18 11:52:19.541474: train_loss -0.3344
2026-06-18 11:52:19.541926: val_loss -0.091
2026-06-18 11:52:19.542068: Pseudo dice [np.float32(0.6189)]
2026-06-18 11:52:19.542240: Epoch time: 45.22 s
2026-06-18 11:52:21.742909: 
2026-06-18 11:52:21.743332: Epoch 70
2026-06-18 11:52:21.743519: Current learning rate: 0.00744
2026-06-18 11:53:06.960444: train_loss -0.3394
2026-06-18 11:53:06.961162: val_loss -0.0781
2026-06-18 11:53:06.961452: Pseudo dice [np.float32(0.6287)]
2026-06-18 11:53:06.961625: Epoch time: 45.22 s
2026-06-18 11:53:08.765691: 
2026-06-18 11:53:08.766135: Epoch 71
2026-06-18 11:53:08.766334: Current learning rate: 0.0074
2026-06-18 11:53:53.920932: train_loss -0.3331
2026-06-18 11:53:53.921472: val_loss -0.1261
2026-06-18 11:53:53.921656: Pseudo dice [np.float32(0.6357)]
2026-06-18 11:53:53.921839: Epoch time: 45.16 s
2026-06-18 11:53:55.698418: 
2026-06-18 11:53:55.698870: Epoch 72
2026-06-18 11:53:55.699049: Current learning rate: 0.00737
2026-06-18 11:54:40.772334: train_loss -0.3392
2026-06-18 11:54:40.772845: val_loss -0.17
2026-06-18 11:54:40.773015: Pseudo dice [np.float32(0.6607)]
2026-06-18 11:54:40.773194: Epoch time: 45.08 s
2026-06-18 11:54:42.561186: 
2026-06-18 11:54:42.561679: Epoch 73
2026-06-18 11:54:42.561868: Current learning rate: 0.00733
2026-06-18 11:55:27.507201: train_loss -0.335
2026-06-18 11:55:27.507692: val_loss -0.0879
2026-06-18 11:55:27.507864: Pseudo dice [np.float32(0.6215)]
2026-06-18 11:55:27.508054: Epoch time: 44.95 s
2026-06-18 11:55:29.291707: 
2026-06-18 11:55:29.292211: Epoch 74
2026-06-18 11:55:29.292399: Current learning rate: 0.00729
2026-06-18 11:56:14.379930: train_loss -0.3349
2026-06-18 11:56:14.380393: val_loss 0.0059
2026-06-18 11:56:14.380534: Pseudo dice [np.float32(0.5761)]
2026-06-18 11:56:14.380704: Epoch time: 45.09 s
2026-06-18 11:56:16.157695: 
2026-06-18 11:56:16.158082: Epoch 75
2026-06-18 11:56:16.158286: Current learning rate: 0.00725
2026-06-18 11:57:01.302371: train_loss -0.3368
2026-06-18 11:57:01.303132: val_loss -0.1489
2026-06-18 11:57:01.303274: Pseudo dice [np.float32(0.6482)]
2026-06-18 11:57:01.303446: Epoch time: 45.15 s
2026-06-18 11:57:03.102885: 
2026-06-18 11:57:03.103413: Epoch 76
2026-06-18 11:57:03.103768: Current learning rate: 0.00722
2026-06-18 11:57:48.200348: train_loss -0.34
2026-06-18 11:57:48.200896: val_loss -0.1559
2026-06-18 11:57:48.201069: Pseudo dice [np.float32(0.6394)]
2026-06-18 11:57:48.201254: Epoch time: 45.1 s
2026-06-18 11:57:50.001332: 
2026-06-18 11:57:50.001716: Epoch 77
2026-06-18 11:57:50.001905: Current learning rate: 0.00718
2026-06-18 11:58:35.026583: train_loss -0.3326
2026-06-18 11:58:35.027101: val_loss -0.0313
2026-06-18 11:58:35.027279: Pseudo dice [np.float32(0.5718)]
2026-06-18 11:58:35.027467: Epoch time: 45.03 s
2026-06-18 11:58:36.830765: 
2026-06-18 11:58:36.831540: Epoch 78
2026-06-18 11:58:36.831868: Current learning rate: 0.00714
2026-06-18 11:59:21.956672: train_loss -0.3475
2026-06-18 11:59:21.957374: val_loss -0.1229
2026-06-18 11:59:21.957542: Pseudo dice [np.float32(0.6353)]
2026-06-18 11:59:21.957720: Epoch time: 45.13 s
2026-06-18 11:59:24.205446: 
2026-06-18 11:59:24.205886: Epoch 79
2026-06-18 11:59:24.206079: Current learning rate: 0.0071
2026-06-18 12:00:09.458407: train_loss -0.3463
2026-06-18 12:00:09.458965: val_loss -0.0653
2026-06-18 12:00:09.459144: Pseudo dice [np.float32(0.6109)]
2026-06-18 12:00:09.459335: Epoch time: 45.26 s
2026-06-18 12:00:11.281048: 
2026-06-18 12:00:11.281482: Epoch 80
2026-06-18 12:00:11.281680: Current learning rate: 0.00707
2026-06-18 12:00:56.815180: train_loss -0.3386
2026-06-18 12:00:56.815730: val_loss -0.1887
2026-06-18 12:00:56.815890: Pseudo dice [np.float32(0.6645)]
2026-06-18 12:00:56.816067: Epoch time: 45.54 s
2026-06-18 12:00:58.635741: 
2026-06-18 12:00:58.636146: Epoch 81
2026-06-18 12:00:58.636328: Current learning rate: 0.00703
2026-06-18 12:01:43.956141: train_loss -0.3405
2026-06-18 12:01:43.956596: val_loss -0.1642
2026-06-18 12:01:43.956738: Pseudo dice [np.float32(0.6628)]
2026-06-18 12:01:43.956918: Epoch time: 45.32 s
2026-06-18 12:01:45.766790: 
2026-06-18 12:01:45.767256: Epoch 82
2026-06-18 12:01:45.767453: Current learning rate: 0.00699
2026-06-18 12:02:31.053405: train_loss -0.3287
2026-06-18 12:02:31.053957: val_loss -0.0925
2026-06-18 12:02:31.054106: Pseudo dice [np.float32(0.6226)]
2026-06-18 12:02:31.054287: Epoch time: 45.29 s
2026-06-18 12:02:32.826817: 
2026-06-18 12:02:32.827308: Epoch 83
2026-06-18 12:02:32.827606: Current learning rate: 0.00696
2026-06-18 12:03:18.259269: train_loss -0.3407
2026-06-18 12:03:18.259741: val_loss -0.0823
2026-06-18 12:03:18.259903: Pseudo dice [np.float32(0.6315)]
2026-06-18 12:03:18.260087: Epoch time: 45.44 s
2026-06-18 12:03:20.011391: 
2026-06-18 12:03:20.011813: Epoch 84
2026-06-18 12:03:20.011998: Current learning rate: 0.00692
2026-06-18 12:04:05.383627: train_loss -0.3417
2026-06-18 12:04:05.384223: val_loss -0.1059
2026-06-18 12:04:05.384365: Pseudo dice [np.float32(0.6272)]
2026-06-18 12:04:05.384543: Epoch time: 45.38 s
2026-06-18 12:04:07.157035: 
2026-06-18 12:04:07.157489: Epoch 85
2026-06-18 12:04:07.157695: Current learning rate: 0.00688
2026-06-18 12:04:52.372028: train_loss -0.3314
2026-06-18 12:04:52.372507: val_loss -0.0352
2026-06-18 12:04:52.372650: Pseudo dice [np.float32(0.5768)]
2026-06-18 12:04:52.372818: Epoch time: 45.22 s
2026-06-18 12:04:54.133238: 
2026-06-18 12:04:54.133591: Epoch 86
2026-06-18 12:04:54.133808: Current learning rate: 0.00684
2026-06-18 12:05:39.244484: train_loss -0.3366
2026-06-18 12:05:39.245162: val_loss -0.1679
2026-06-18 12:05:39.245369: Pseudo dice [np.float32(0.675)]
2026-06-18 12:05:39.245565: Epoch time: 45.11 s
2026-06-18 12:05:41.385820: 
2026-06-18 12:05:41.386273: Epoch 87
2026-06-18 12:05:41.386452: Current learning rate: 0.0068
2026-06-18 12:06:26.532547: train_loss -0.3435
2026-06-18 12:06:26.533294: val_loss -0.1812
2026-06-18 12:06:26.533435: Pseudo dice [np.float32(0.6686)]
2026-06-18 12:06:26.533624: Epoch time: 45.15 s
2026-06-18 12:06:28.290297: 
2026-06-18 12:06:28.290745: Epoch 88
2026-06-18 12:06:28.290974: Current learning rate: 0.00677
2026-06-18 12:07:13.637979: train_loss -0.3357
2026-06-18 12:07:13.638545: val_loss -0.1392
2026-06-18 12:07:13.638715: Pseudo dice [np.float32(0.6465)]
2026-06-18 12:07:13.638906: Epoch time: 45.35 s
2026-06-18 12:07:15.418694: 
2026-06-18 12:07:15.419247: Epoch 89
2026-06-18 12:07:15.419550: Current learning rate: 0.00673
2026-06-18 12:08:00.604137: train_loss -0.3468
2026-06-18 12:08:00.604804: val_loss -0.0688
2026-06-18 12:08:00.604959: Pseudo dice [np.float32(0.6213)]
2026-06-18 12:08:00.605130: Epoch time: 45.19 s
2026-06-18 12:08:02.381874: 
2026-06-18 12:08:02.382329: Epoch 90
2026-06-18 12:08:02.382543: Current learning rate: 0.00669
2026-06-18 12:08:47.431200: train_loss -0.342
2026-06-18 12:08:47.431715: val_loss -0.1383
2026-06-18 12:08:47.432525: Pseudo dice [np.float32(0.6567)]
2026-06-18 12:08:47.432705: Epoch time: 45.05 s
2026-06-18 12:08:49.200173: 
2026-06-18 12:08:49.200806: Epoch 91
2026-06-18 12:08:49.201120: Current learning rate: 0.00665
2026-06-18 12:09:34.475886: train_loss -0.3473
2026-06-18 12:09:34.476322: val_loss -0.1279
2026-06-18 12:09:34.476480: Pseudo dice [np.float32(0.6389)]
2026-06-18 12:09:34.476657: Epoch time: 45.28 s
2026-06-18 12:09:36.266654: 
2026-06-18 12:09:36.267274: Epoch 92
2026-06-18 12:09:36.267601: Current learning rate: 0.00662
2026-06-18 12:10:21.513636: train_loss -0.3294
2026-06-18 12:10:21.514254: val_loss -0.0746
2026-06-18 12:10:21.514417: Pseudo dice [np.float32(0.6165)]
2026-06-18 12:10:21.514594: Epoch time: 45.25 s
2026-06-18 12:10:23.289496: 
2026-06-18 12:10:23.289896: Epoch 93
2026-06-18 12:10:23.290198: Current learning rate: 0.00658
2026-06-18 12:11:08.459887: train_loss -0.3403
2026-06-18 12:11:08.460320: val_loss -0.0911
2026-06-18 12:11:08.460504: Pseudo dice [np.float32(0.6235)]
2026-06-18 12:11:08.460697: Epoch time: 45.17 s
2026-06-18 12:11:10.225087: 
2026-06-18 12:11:10.225690: Epoch 94
2026-06-18 12:11:10.226016: Current learning rate: 0.00654
2026-06-18 12:11:55.579930: train_loss -0.3366
2026-06-18 12:11:55.580416: val_loss -0.0611
2026-06-18 12:11:55.580593: Pseudo dice [np.float32(0.6113)]
2026-06-18 12:11:55.580783: Epoch time: 45.36 s
2026-06-18 12:11:57.360984: 
2026-06-18 12:11:57.361597: Epoch 95
2026-06-18 12:11:57.361908: Current learning rate: 0.0065
2026-06-18 12:12:42.687909: train_loss -0.3396
2026-06-18 12:12:42.688460: val_loss -0.0034
2026-06-18 12:12:42.688609: Pseudo dice [np.float32(0.5799)]
2026-06-18 12:12:42.688780: Epoch time: 45.33 s
2026-06-18 12:12:44.860528: 
2026-06-18 12:12:44.861272: Epoch 96
2026-06-18 12:12:44.861573: Current learning rate: 0.00647
2026-06-18 12:13:30.097092: train_loss -0.3419
2026-06-18 12:13:30.097739: val_loss -0.0709
2026-06-18 12:13:30.097912: Pseudo dice [np.float32(0.6253)]
2026-06-18 12:13:30.098100: Epoch time: 45.24 s
2026-06-18 12:13:31.877854: 
2026-06-18 12:13:31.878233: Epoch 97
2026-06-18 12:13:31.878410: Current learning rate: 0.00643
2026-06-18 12:14:16.855537: train_loss -0.348
2026-06-18 12:14:16.856013: val_loss -0.0248
2026-06-18 12:14:16.856163: Pseudo dice [np.float32(0.5973)]
2026-06-18 12:14:16.856327: Epoch time: 44.98 s
2026-06-18 12:14:18.627889: 
2026-06-18 12:14:18.628277: Epoch 98
2026-06-18 12:14:18.628463: Current learning rate: 0.00639
2026-06-18 12:15:03.656974: train_loss -0.3501
2026-06-18 12:15:03.657501: val_loss -0.0679
2026-06-18 12:15:03.657675: Pseudo dice [np.float32(0.6098)]
2026-06-18 12:15:03.657857: Epoch time: 45.03 s
2026-06-18 12:15:05.461672: 
2026-06-18 12:15:05.462232: Epoch 99
2026-06-18 12:15:05.462547: Current learning rate: 0.00635
2026-06-18 12:15:50.519789: train_loss -0.3388
2026-06-18 12:15:50.520394: val_loss -0.0745
2026-06-18 12:15:50.520565: Pseudo dice [np.float32(0.623)]
2026-06-18 12:15:50.520752: Epoch time: 45.06 s
2026-06-18 12:15:52.886940: 
2026-06-18 12:15:52.887344: Epoch 100
2026-06-18 12:15:52.887549: Current learning rate: 0.00631
2026-06-18 12:16:37.817752: train_loss -0.3397
2026-06-18 12:16:37.818348: val_loss -0.0948
2026-06-18 12:16:37.818513: Pseudo dice [np.float32(0.6337)]
2026-06-18 12:16:37.818694: Epoch time: 44.93 s
2026-06-18 12:16:39.599762: 
2026-06-18 12:16:39.600128: Epoch 101
2026-06-18 12:16:39.600304: Current learning rate: 0.00628
2026-06-18 12:17:24.895078: train_loss -0.3427
2026-06-18 12:17:24.895602: val_loss -0.0429
2026-06-18 12:17:24.895762: Pseudo dice [np.float32(0.6114)]
2026-06-18 12:17:24.895954: Epoch time: 45.3 s
2026-06-18 12:17:26.694967: 
2026-06-18 12:17:26.695501: Epoch 102
2026-06-18 12:17:26.695804: Current learning rate: 0.00624
2026-06-18 12:18:11.804176: train_loss -0.3542
2026-06-18 12:18:11.804704: val_loss -0.0638
2026-06-18 12:18:11.804843: Pseudo dice [np.float32(0.6212)]
2026-06-18 12:18:11.805026: Epoch time: 45.11 s
2026-06-18 12:18:13.573495: 
2026-06-18 12:18:13.573928: Epoch 103
2026-06-18 12:18:13.574119: Current learning rate: 0.0062
2026-06-18 12:18:58.759679: train_loss -0.3473
2026-06-18 12:18:58.760212: val_loss -0.0557
2026-06-18 12:18:58.760370: Pseudo dice [np.float32(0.608)]
2026-06-18 12:18:58.760552: Epoch time: 45.19 s
2026-06-18 12:19:00.542681: 
2026-06-18 12:19:00.543174: Epoch 104
2026-06-18 12:19:00.543464: Current learning rate: 0.00616
2026-06-18 12:19:45.736045: train_loss -0.3519
2026-06-18 12:19:45.736623: val_loss -0.0072
2026-06-18 12:19:45.736774: Pseudo dice [np.float32(0.5795)]
2026-06-18 12:19:45.736968: Epoch time: 45.2 s
2026-06-18 12:19:47.933812: 
2026-06-18 12:19:47.934307: Epoch 105
2026-06-18 12:19:47.934503: Current learning rate: 0.00612
2026-06-18 12:20:33.084002: train_loss -0.3536
2026-06-18 12:20:33.084721: val_loss -0.046
2026-06-18 12:20:33.084896: Pseudo dice [np.float32(0.603)]
2026-06-18 12:20:33.085077: Epoch time: 45.15 s
2026-06-18 12:20:34.915378: 
2026-06-18 12:20:34.915834: Epoch 106
2026-06-18 12:20:34.916131: Current learning rate: 0.00609
2026-06-18 12:21:20.108607: train_loss -0.3531
2026-06-18 12:21:20.109066: val_loss -0.039
2026-06-18 12:21:20.109230: Pseudo dice [np.float32(0.5975)]
2026-06-18 12:21:20.109454: Epoch time: 45.2 s
2026-06-18 12:21:21.909437: 
2026-06-18 12:21:21.909834: Epoch 107
2026-06-18 12:21:21.910220: Current learning rate: 0.00605
2026-06-18 12:22:07.305317: train_loss -0.3482
2026-06-18 12:22:07.305873: val_loss -0.1442
2026-06-18 12:22:07.306074: Pseudo dice [np.float32(0.6436)]
2026-06-18 12:22:07.306249: Epoch time: 45.4 s
2026-06-18 12:22:09.099358: 
2026-06-18 12:22:09.099684: Epoch 108
2026-06-18 12:22:09.099916: Current learning rate: 0.00601
2026-06-18 12:22:54.091829: train_loss -0.3488
2026-06-18 12:22:54.092379: val_loss -0.0881
2026-06-18 12:22:54.092524: Pseudo dice [np.float32(0.625)]
2026-06-18 12:22:54.092698: Epoch time: 45.0 s
2026-06-18 12:22:55.880719: 
2026-06-18 12:22:55.881224: Epoch 109
2026-06-18 12:22:55.881417: Current learning rate: 0.00597
2026-06-18 12:23:41.064681: train_loss -0.3507
2026-06-18 12:23:41.065281: val_loss -0.0871
2026-06-18 12:23:41.065447: Pseudo dice [np.float32(0.614)]
2026-06-18 12:23:41.065620: Epoch time: 45.19 s
2026-06-18 12:23:42.862764: 
2026-06-18 12:23:42.863415: Epoch 110
2026-06-18 12:23:42.863721: Current learning rate: 0.00593
2026-06-18 12:24:27.788117: train_loss -0.3394
2026-06-18 12:24:27.788813: val_loss 0.0108
2026-06-18 12:24:27.788991: Pseudo dice [np.float32(0.5682)]
2026-06-18 12:24:27.789192: Epoch time: 44.93 s
2026-06-18 12:24:29.564116: 
2026-06-18 12:24:29.564560: Epoch 111
2026-06-18 12:24:29.564896: Current learning rate: 0.0059
2026-06-18 12:25:14.738949: train_loss -0.3486
2026-06-18 12:25:14.739430: val_loss 0.0066
2026-06-18 12:25:14.739586: Pseudo dice [np.float32(0.5867)]
2026-06-18 12:25:14.739764: Epoch time: 45.18 s
2026-06-18 12:25:16.507770: 
2026-06-18 12:25:16.508129: Epoch 112
2026-06-18 12:25:16.508305: Current learning rate: 0.00586
2026-06-18 12:26:01.703260: train_loss -0.3523
2026-06-18 12:26:01.703774: val_loss -0.0558
2026-06-18 12:26:01.703935: Pseudo dice [np.float32(0.6188)]
2026-06-18 12:26:01.704107: Epoch time: 45.2 s
2026-06-18 12:26:03.479282: 
2026-06-18 12:26:03.479810: Epoch 113
2026-06-18 12:26:03.480168: Current learning rate: 0.00582
2026-06-18 12:26:48.788642: train_loss -0.3437
2026-06-18 12:26:48.789191: val_loss -0.0422
2026-06-18 12:26:48.789350: Pseudo dice [np.float32(0.5982)]
2026-06-18 12:26:48.789538: Epoch time: 45.31 s
2026-06-18 12:26:51.001925: 
2026-06-18 12:26:51.002548: Epoch 114
2026-06-18 12:26:51.002873: Current learning rate: 0.00578
2026-06-18 12:27:36.266931: train_loss -0.3502
2026-06-18 12:27:36.267408: val_loss 0.0438
2026-06-18 12:27:36.267560: Pseudo dice [np.float32(0.5638)]
2026-06-18 12:27:36.267734: Epoch time: 45.27 s
2026-06-18 12:27:38.047793: 
2026-06-18 12:27:38.048328: Epoch 115
2026-06-18 12:27:38.048512: Current learning rate: 0.00574
2026-06-18 12:28:23.341558: train_loss -0.3446
2026-06-18 12:28:23.342085: val_loss -0.0264
2026-06-18 12:28:23.342244: Pseudo dice [np.float32(0.6001)]
2026-06-18 12:28:23.343169: Epoch time: 45.3 s
2026-06-18 12:28:25.709088: 
2026-06-18 12:28:25.709625: Epoch 116
2026-06-18 12:28:25.709904: Current learning rate: 0.0057
2026-06-18 12:29:10.764746: train_loss -0.3511
2026-06-18 12:29:10.765235: val_loss -0.0402
2026-06-18 12:29:10.765378: Pseudo dice [np.float32(0.6072)]
2026-06-18 12:29:10.765544: Epoch time: 45.06 s
2026-06-18 12:29:12.570588: 
2026-06-18 12:29:12.571096: Epoch 117
2026-06-18 12:29:12.571268: Current learning rate: 0.00567
2026-06-18 12:29:57.837599: train_loss -0.3537
2026-06-18 12:29:57.838076: val_loss -0.0266
2026-06-18 12:29:57.838220: Pseudo dice [np.float32(0.5978)]
2026-06-18 12:29:57.838390: Epoch time: 45.27 s
2026-06-18 12:29:59.630918: 
2026-06-18 12:29:59.631397: Epoch 118
2026-06-18 12:29:59.631564: Current learning rate: 0.00563
2026-06-18 12:30:44.799084: train_loss -0.3517
2026-06-18 12:30:44.799669: val_loss -0.0543
2026-06-18 12:30:44.799878: Pseudo dice [np.float32(0.6094)]
2026-06-18 12:30:44.800073: Epoch time: 45.17 s
2026-06-18 12:30:46.594859: 
2026-06-18 12:30:46.595338: Epoch 119
2026-06-18 12:30:46.595521: Current learning rate: 0.00559
2026-06-18 12:31:31.845576: train_loss -0.3484
2026-06-18 12:31:31.846029: val_loss -0.0415
2026-06-18 12:31:31.846179: Pseudo dice [np.float32(0.6061)]
2026-06-18 12:31:31.846350: Epoch time: 45.25 s
2026-06-18 12:31:33.644940: 
2026-06-18 12:31:33.645486: Epoch 120
2026-06-18 12:31:33.645775: Current learning rate: 0.00555
2026-06-18 12:32:19.098845: train_loss -0.3463
2026-06-18 12:32:19.099472: val_loss -0.0321
2026-06-18 12:32:19.099617: Pseudo dice [np.float32(0.6076)]
2026-06-18 12:32:19.099813: Epoch time: 45.46 s
2026-06-18 12:32:20.906769: 
2026-06-18 12:32:20.907229: Epoch 121
2026-06-18 12:32:20.907400: Current learning rate: 0.00551
2026-06-18 12:33:06.203359: train_loss -0.3375
2026-06-18 12:33:06.203845: val_loss -0.0336
2026-06-18 12:33:06.204002: Pseudo dice [np.float32(0.5836)]
2026-06-18 12:33:06.204175: Epoch time: 45.3 s
2026-06-18 12:33:08.005436: 
2026-06-18 12:33:08.005995: Epoch 122
2026-06-18 12:33:08.006284: Current learning rate: 0.00547
2026-06-18 12:33:52.986671: train_loss -0.3399
2026-06-18 12:33:52.987233: val_loss -0.0536
2026-06-18 12:33:52.987380: Pseudo dice [np.float32(0.6076)]
2026-06-18 12:33:52.987559: Epoch time: 44.98 s
2026-06-18 12:33:55.183289: 
2026-06-18 12:33:55.183699: Epoch 123
2026-06-18 12:33:55.183876: Current learning rate: 0.00544
2026-06-18 12:34:40.245142: train_loss -0.3545
2026-06-18 12:34:40.245590: val_loss -0.0008
2026-06-18 12:34:40.245733: Pseudo dice [np.float32(0.5953)]
2026-06-18 12:34:40.245925: Epoch time: 45.06 s
2026-06-18 12:34:42.060589: 
2026-06-18 12:34:42.061130: Epoch 124
2026-06-18 12:34:42.061496: Current learning rate: 0.0054
2026-06-18 12:35:27.148494: train_loss -0.3494
2026-06-18 12:35:27.148919: val_loss 0.0509
2026-06-18 12:35:27.149067: Pseudo dice [np.float32(0.5683)]
2026-06-18 12:35:27.149235: Epoch time: 45.09 s
2026-06-18 12:35:28.970197: 
2026-06-18 12:35:28.970646: Epoch 125
2026-06-18 12:35:28.970857: Current learning rate: 0.00536
2026-06-18 12:36:14.172617: train_loss -0.3552
2026-06-18 12:36:14.173081: val_loss -0.0924
2026-06-18 12:36:14.173228: Pseudo dice [np.float32(0.6267)]
2026-06-18 12:36:14.173400: Epoch time: 45.21 s
2026-06-18 12:36:15.969756: 
2026-06-18 12:36:15.970283: Epoch 126
2026-06-18 12:36:15.970575: Current learning rate: 0.00532
2026-06-18 12:37:01.108028: train_loss -0.3526
2026-06-18 12:37:01.108488: val_loss -0.1133
2026-06-18 12:37:01.108631: Pseudo dice [np.float32(0.6471)]
2026-06-18 12:37:01.108800: Epoch time: 45.14 s
2026-06-18 12:37:02.918626: 
2026-06-18 12:37:02.918977: Epoch 127
2026-06-18 12:37:02.919185: Current learning rate: 0.00528
2026-06-18 12:37:48.073503: train_loss -0.3468
2026-06-18 12:37:48.074062: val_loss -0.1736
2026-06-18 12:37:48.074205: Pseudo dice [np.float32(0.6527)]
2026-06-18 12:37:48.074377: Epoch time: 45.16 s
2026-06-18 12:37:49.877133: 
2026-06-18 12:37:49.877574: Epoch 128
2026-06-18 12:37:49.877936: Current learning rate: 0.00524
2026-06-18 12:38:35.068265: train_loss -0.3521
2026-06-18 12:38:35.068784: val_loss 0.055
2026-06-18 12:38:35.068959: Pseudo dice [np.float32(0.5538)]
2026-06-18 12:38:35.069147: Epoch time: 45.19 s
2026-06-18 12:38:36.854031: 
2026-06-18 12:38:36.854649: Epoch 129
2026-06-18 12:38:36.854963: Current learning rate: 0.0052
2026-06-18 12:39:22.192067: train_loss -0.3488
2026-06-18 12:39:22.192523: val_loss 0.0545
2026-06-18 12:39:22.192687: Pseudo dice [np.float32(0.5462)]
2026-06-18 12:39:22.192870: Epoch time: 45.34 s
2026-06-18 12:39:23.968779: 
2026-06-18 12:39:23.969220: Epoch 130
2026-06-18 12:39:23.969528: Current learning rate: 0.00517
2026-06-18 12:40:09.330258: train_loss -0.3436
2026-06-18 12:40:09.330889: val_loss 0.0517
2026-06-18 12:40:09.331254: Pseudo dice [np.float32(0.5521)]
2026-06-18 12:40:09.331449: Epoch time: 45.36 s
2026-06-18 12:40:11.531426: 
2026-06-18 12:40:11.531854: Epoch 131
2026-06-18 12:40:11.532035: Current learning rate: 0.00513
2026-06-18 12:40:56.821269: train_loss -0.3528
2026-06-18 12:40:56.821997: val_loss -0.1199
2026-06-18 12:40:56.822156: Pseudo dice [np.float32(0.6516)]
2026-06-18 12:40:56.822324: Epoch time: 45.29 s
2026-06-18 12:40:58.633453: 
2026-06-18 12:40:58.633943: Epoch 132
2026-06-18 12:40:58.634147: Current learning rate: 0.00509
2026-06-18 12:41:43.955549: train_loss -0.3535
2026-06-18 12:41:43.956004: val_loss -0.0664
2026-06-18 12:41:43.956165: Pseudo dice [np.float32(0.6207)]
2026-06-18 12:41:43.956346: Epoch time: 45.33 s
2026-06-18 12:41:45.770086: 
2026-06-18 12:41:45.770584: Epoch 133
2026-06-18 12:41:45.770791: Current learning rate: 0.00505
2026-06-18 12:42:31.321304: train_loss -0.3367
2026-06-18 12:42:31.321800: val_loss -0.1471
2026-06-18 12:42:31.321970: Pseudo dice [np.float32(0.6524)]
2026-06-18 12:42:31.322150: Epoch time: 45.55 s
2026-06-18 12:42:33.103822: 
2026-06-18 12:42:33.104315: Epoch 134
2026-06-18 12:42:33.104533: Current learning rate: 0.00501
2026-06-18 12:43:18.608413: train_loss -0.3479
2026-06-18 12:43:18.609031: val_loss -0.0938
2026-06-18 12:43:18.609195: Pseudo dice [np.float32(0.6112)]
2026-06-18 12:43:18.609379: Epoch time: 45.51 s
2026-06-18 12:43:20.447434: 
2026-06-18 12:43:20.447908: Epoch 135
2026-06-18 12:43:20.448190: Current learning rate: 0.00497
2026-06-18 12:44:05.594831: train_loss -0.3505
2026-06-18 12:44:05.595393: val_loss -0.0901
2026-06-18 12:44:05.595541: Pseudo dice [np.float32(0.6243)]
2026-06-18 12:44:05.595708: Epoch time: 45.15 s
2026-06-18 12:44:07.392881: 
2026-06-18 12:44:07.393336: Epoch 136
2026-06-18 12:44:07.393517: Current learning rate: 0.00493
2026-06-18 12:44:53.017699: train_loss -0.3507
2026-06-18 12:44:53.018287: val_loss -0.032
2026-06-18 12:44:53.018453: Pseudo dice [np.float32(0.5871)]
2026-06-18 12:44:53.018640: Epoch time: 45.63 s
2026-06-18 12:44:54.798489: 
2026-06-18 12:44:54.798845: Epoch 137
2026-06-18 12:44:54.799083: Current learning rate: 0.00489
2026-06-18 12:45:40.132128: train_loss -0.3558
2026-06-18 12:45:40.132592: val_loss -0.0963
2026-06-18 12:45:40.132746: Pseudo dice [np.float32(0.6258)]
2026-06-18 12:45:40.132935: Epoch time: 45.34 s
2026-06-18 12:45:41.943242: 
2026-06-18 12:45:41.943726: Epoch 138
2026-06-18 12:45:41.944004: Current learning rate: 0.00485
2026-06-18 12:46:27.443064: train_loss -0.3517
2026-06-18 12:46:27.443531: val_loss -0.0184
2026-06-18 12:46:27.443675: Pseudo dice [np.float32(0.5927)]
2026-06-18 12:46:27.443845: Epoch time: 45.5 s
2026-06-18 12:46:29.234272: 
2026-06-18 12:46:29.234645: Epoch 139
2026-06-18 12:46:29.234811: Current learning rate: 0.00482
2026-06-18 12:47:14.372897: train_loss -0.3486
2026-06-18 12:47:14.373436: val_loss -0.099
2026-06-18 12:47:14.373600: Pseudo dice [np.float32(0.6245)]
2026-06-18 12:47:14.373779: Epoch time: 45.14 s
2026-06-18 12:47:16.571280: 
2026-06-18 12:47:16.571899: Epoch 140
2026-06-18 12:47:16.572201: Current learning rate: 0.00478
2026-06-18 12:48:01.849816: train_loss -0.3602
2026-06-18 12:48:01.850281: val_loss -0.0496
2026-06-18 12:48:01.850433: Pseudo dice [np.float32(0.5959)]
2026-06-18 12:48:01.851399: Epoch time: 45.28 s
2026-06-18 12:48:03.635847: 
2026-06-18 12:48:03.636380: Epoch 141
2026-06-18 12:48:03.636631: Current learning rate: 0.00474
2026-06-18 12:48:48.879677: train_loss -0.3542
2026-06-18 12:48:48.880261: val_loss -0.0141
2026-06-18 12:48:48.880408: Pseudo dice [np.float32(0.6008)]
2026-06-18 12:48:48.880580: Epoch time: 45.25 s
2026-06-18 12:48:50.674786: 
2026-06-18 12:48:50.675354: Epoch 142
2026-06-18 12:48:50.675661: Current learning rate: 0.0047
2026-06-18 12:49:35.856591: train_loss -0.352
2026-06-18 12:49:35.857347: val_loss -0.0802
2026-06-18 12:49:35.857498: Pseudo dice [np.float32(0.6214)]
2026-06-18 12:49:35.857671: Epoch time: 45.19 s
2026-06-18 12:49:37.660398: 
2026-06-18 12:49:37.660939: Epoch 143
2026-06-18 12:49:37.661143: Current learning rate: 0.00466
2026-06-18 12:50:22.950772: train_loss -0.3498
2026-06-18 12:50:22.951299: val_loss -0.1
2026-06-18 12:50:22.951457: Pseudo dice [np.float32(0.6291)]
2026-06-18 12:50:22.951642: Epoch time: 45.29 s
2026-06-18 12:50:24.767275: 
2026-06-18 12:50:24.767788: Epoch 144
2026-06-18 12:50:24.768101: Current learning rate: 0.00462
2026-06-18 12:51:09.834321: train_loss -0.351
2026-06-18 12:51:09.834888: val_loss -0.0514
2026-06-18 12:51:09.835068: Pseudo dice [np.float32(0.6068)]
2026-06-18 12:51:09.835267: Epoch time: 45.07 s
2026-06-18 12:51:11.627070: 
2026-06-18 12:51:11.627616: Epoch 145
2026-06-18 12:51:11.627963: Current learning rate: 0.00458
2026-06-18 12:51:56.746431: train_loss -0.3539
2026-06-18 12:51:56.746845: val_loss 0.0218
2026-06-18 12:51:56.747005: Pseudo dice [np.float32(0.5797)]
2026-06-18 12:51:56.747185: Epoch time: 45.12 s
2026-06-18 12:51:58.554479: 
2026-06-18 12:51:58.554950: Epoch 146
2026-06-18 12:51:58.555162: Current learning rate: 0.00454
2026-06-18 12:52:43.742523: train_loss -0.3473
2026-06-18 12:52:43.743148: val_loss -0.0971
2026-06-18 12:52:43.743307: Pseudo dice [np.float32(0.6217)]
2026-06-18 12:52:43.743488: Epoch time: 45.19 s
2026-06-18 12:52:45.567765: 
2026-06-18 12:52:45.568376: Epoch 147
2026-06-18 12:52:45.568697: Current learning rate: 0.0045
2026-06-18 12:53:30.668766: train_loss -0.3433
2026-06-18 12:53:30.669394: val_loss -0.1529
2026-06-18 12:53:30.669573: Pseudo dice [np.float32(0.6719)]
2026-06-18 12:53:30.669766: Epoch time: 45.1 s
2026-06-18 12:53:32.471543: 
2026-06-18 12:53:32.471981: Epoch 148
2026-06-18 12:53:32.472154: Current learning rate: 0.00446
2026-06-18 12:54:17.581019: train_loss -0.3509
2026-06-18 12:54:17.581359: val_loss -0.0684
2026-06-18 12:54:17.581508: Pseudo dice [np.float32(0.6252)]
2026-06-18 12:54:17.581673: Epoch time: 45.11 s
2026-06-18 12:54:19.865008: 
2026-06-18 12:54:19.865487: Epoch 149
2026-06-18 12:54:19.865673: Current learning rate: 0.00442
2026-06-18 12:55:05.031401: train_loss -0.3436
2026-06-18 12:55:05.031910: val_loss -0.0206
2026-06-18 12:55:05.032056: Pseudo dice [np.float32(0.5984)]
2026-06-18 12:55:05.032233: Epoch time: 45.17 s
2026-06-18 12:55:07.465478: 
2026-06-18 12:55:07.465989: Epoch 150
2026-06-18 12:55:07.466308: Current learning rate: 0.00438
2026-06-18 12:55:52.685318: train_loss -0.3484
2026-06-18 12:55:52.685809: val_loss -0.0826
2026-06-18 12:55:52.685959: Pseudo dice [np.float32(0.62)]
2026-06-18 12:55:52.686128: Epoch time: 45.22 s
2026-06-18 12:55:54.497541: 
2026-06-18 12:55:54.497965: Epoch 151
2026-06-18 12:55:54.498166: Current learning rate: 0.00434
2026-06-18 12:56:39.610437: train_loss -0.3523
2026-06-18 12:56:39.610991: val_loss -0.1019
2026-06-18 12:56:39.611145: Pseudo dice [np.float32(0.6296)]
2026-06-18 12:56:39.611327: Epoch time: 45.12 s
2026-06-18 12:56:41.420060: 
2026-06-18 12:56:41.420786: Epoch 152
2026-06-18 12:56:41.420980: Current learning rate: 0.0043
2026-06-18 12:57:26.563611: train_loss -0.3576
2026-06-18 12:57:26.564080: val_loss 0.0134
2026-06-18 12:57:26.564236: Pseudo dice [np.float32(0.5778)]
2026-06-18 12:57:26.564421: Epoch time: 45.15 s
2026-06-18 12:57:28.375952: 
2026-06-18 12:57:28.376358: Epoch 153
2026-06-18 12:57:28.376526: Current learning rate: 0.00427
2026-06-18 12:58:13.979057: train_loss -0.3516
2026-06-18 12:58:13.979476: val_loss -0.1154
2026-06-18 12:58:13.979617: Pseudo dice [np.float32(0.6372)]
2026-06-18 12:58:13.979789: Epoch time: 45.61 s
2026-06-18 12:58:15.819181: 
2026-06-18 12:58:15.819647: Epoch 154
2026-06-18 12:58:15.819957: Current learning rate: 0.00423
2026-06-18 12:59:01.274095: train_loss -0.3587
2026-06-18 12:59:01.274734: val_loss 0.1029
2026-06-18 12:59:01.274899: Pseudo dice [np.float32(0.5402)]
2026-06-18 12:59:01.275085: Epoch time: 45.46 s
2026-06-18 12:59:03.113757: 
2026-06-18 12:59:03.114335: Epoch 155
2026-06-18 12:59:03.114707: Current learning rate: 0.00419
2026-06-18 12:59:48.182768: train_loss -0.3566
2026-06-18 12:59:48.183234: val_loss -0.1177
2026-06-18 12:59:48.183392: Pseudo dice [np.float32(0.6354)]
2026-06-18 12:59:48.183570: Epoch time: 45.07 s
2026-06-18 12:59:50.023232: 
2026-06-18 12:59:50.023656: Epoch 156
2026-06-18 12:59:50.023939: Current learning rate: 0.00415
2026-06-18 13:00:35.182925: train_loss -0.3516
2026-06-18 13:00:35.183725: val_loss -0.0733
2026-06-18 13:00:35.183892: Pseudo dice [np.float32(0.625)]
2026-06-18 13:00:35.184079: Epoch time: 45.16 s
2026-06-18 13:00:37.031882: 
2026-06-18 13:00:37.032344: Epoch 157
2026-06-18 13:00:37.032616: Current learning rate: 0.00411
2026-06-18 13:01:22.730738: train_loss -0.3564
2026-06-18 13:01:22.731203: val_loss -0.0452
2026-06-18 13:01:22.731349: Pseudo dice [np.float32(0.6107)]
2026-06-18 13:01:22.731533: Epoch time: 45.7 s
2026-06-18 13:01:24.584788: 
2026-06-18 13:01:24.585317: Epoch 158
2026-06-18 13:01:24.585667: Current learning rate: 0.00407
2026-06-18 13:02:09.849478: train_loss -0.3522
2026-06-18 13:02:09.850037: val_loss -0.0201
2026-06-18 13:02:09.850186: Pseudo dice [np.float32(0.5807)]
2026-06-18 13:02:09.850357: Epoch time: 45.27 s
2026-06-18 13:02:11.680968: 
2026-06-18 13:02:11.681537: Epoch 159
2026-06-18 13:02:11.681733: Current learning rate: 0.00403
2026-06-18 13:02:56.828345: train_loss -0.3389
2026-06-18 13:02:56.828928: val_loss -0.0075
2026-06-18 13:02:56.829098: Pseudo dice [np.float32(0.6098)]
2026-06-18 13:02:56.829267: Epoch time: 45.15 s
2026-06-18 13:02:58.663776: 
2026-06-18 13:02:58.664281: Epoch 160
2026-06-18 13:02:58.664490: Current learning rate: 0.00399
2026-06-18 13:03:43.863010: train_loss -0.354
2026-06-18 13:03:43.863645: val_loss 0.0131
2026-06-18 13:03:43.863857: Pseudo dice [np.float32(0.5847)]
2026-06-18 13:03:43.864200: Epoch time: 45.2 s
2026-06-18 13:03:45.687012: 
2026-06-18 13:03:45.687415: Epoch 161
2026-06-18 13:03:45.687601: Current learning rate: 0.00395
2026-06-18 13:04:30.828550: train_loss -0.356
2026-06-18 13:04:30.828992: val_loss -0.0081
2026-06-18 13:04:30.829134: Pseudo dice [np.float32(0.5865)]
2026-06-18 13:04:30.829302: Epoch time: 45.14 s
2026-06-18 13:04:32.665362: 
2026-06-18 13:04:32.665918: Epoch 162
2026-06-18 13:04:32.666212: Current learning rate: 0.00391
2026-06-18 13:05:17.844393: train_loss -0.3582
2026-06-18 13:05:17.844906: val_loss -0.1108
2026-06-18 13:05:17.845063: Pseudo dice [np.float32(0.6374)]
2026-06-18 13:05:17.845248: Epoch time: 45.18 s
2026-06-18 13:05:19.681031: 
2026-06-18 13:05:19.681504: Epoch 163
2026-06-18 13:05:19.681686: Current learning rate: 0.00387
2026-06-18 13:06:04.792684: train_loss -0.3527
2026-06-18 13:06:04.793267: val_loss -0.0808
2026-06-18 13:06:04.793409: Pseudo dice [np.float32(0.6147)]
2026-06-18 13:06:04.793580: Epoch time: 45.11 s
2026-06-18 13:06:06.672554: 
2026-06-18 13:06:06.673059: Epoch 164
2026-06-18 13:06:06.673337: Current learning rate: 0.00383
2026-06-18 13:06:51.815054: train_loss -0.3581
2026-06-18 13:06:51.815638: val_loss -0.0473
2026-06-18 13:06:51.815794: Pseudo dice [np.float32(0.6177)]
2026-06-18 13:06:51.816040: Epoch time: 45.15 s
2026-06-18 13:06:53.654862: 
2026-06-18 13:06:53.655343: Epoch 165
2026-06-18 13:06:53.655706: Current learning rate: 0.00379
2026-06-18 13:07:38.908029: train_loss -0.3573
2026-06-18 13:07:38.908522: val_loss -0.0095
2026-06-18 13:07:38.908676: Pseudo dice [np.float32(0.5955)]
2026-06-18 13:07:38.908874: Epoch time: 45.26 s
2026-06-18 13:07:41.195181: 
2026-06-18 13:07:41.195719: Epoch 166
2026-06-18 13:07:41.195921: Current learning rate: 0.00375
2026-06-18 13:08:26.532424: train_loss -0.3538
2026-06-18 13:08:26.533032: val_loss -0.0805
2026-06-18 13:08:26.533206: Pseudo dice [np.float32(0.619)]
2026-06-18 13:08:26.533399: Epoch time: 45.34 s
2026-06-18 13:08:28.345499: 
2026-06-18 13:08:28.346075: Epoch 167
2026-06-18 13:08:28.346386: Current learning rate: 0.00371
2026-06-18 13:09:13.518249: train_loss -0.3411
2026-06-18 13:09:13.518970: val_loss -0.1138
2026-06-18 13:09:13.519135: Pseudo dice [np.float32(0.6423)]
2026-06-18 13:09:13.519327: Epoch time: 45.18 s
2026-06-18 13:09:15.331517: 
2026-06-18 13:09:15.331954: Epoch 168
2026-06-18 13:09:15.332170: Current learning rate: 0.00367
2026-06-18 13:10:00.376031: train_loss -0.3447
2026-06-18 13:10:00.376730: val_loss -0.0122
2026-06-18 13:10:00.376918: Pseudo dice [np.float32(0.5893)]
2026-06-18 13:10:00.377120: Epoch time: 45.05 s
2026-06-18 13:10:02.188596: 
2026-06-18 13:10:02.189104: Epoch 169
2026-06-18 13:10:02.189290: Current learning rate: 0.00363
2026-06-18 13:10:47.450166: train_loss -0.3517
2026-06-18 13:10:47.450676: val_loss -0.0738
2026-06-18 13:10:47.450861: Pseudo dice [np.float32(0.6216)]
2026-06-18 13:10:47.451064: Epoch time: 45.26 s
2026-06-18 13:10:49.292424: 
2026-06-18 13:10:49.292934: Epoch 170
2026-06-18 13:10:49.293240: Current learning rate: 0.00359
2026-06-18 13:11:34.357105: train_loss -0.3553
2026-06-18 13:11:34.357567: val_loss 0.0208
2026-06-18 13:11:34.357722: Pseudo dice [np.float32(0.5703)]
2026-06-18 13:11:34.357913: Epoch time: 45.07 s
2026-06-18 13:11:36.166318: 
2026-06-18 13:11:36.166729: Epoch 171
2026-06-18 13:11:36.166939: Current learning rate: 0.00355
2026-06-18 13:12:21.375573: train_loss -0.3608
2026-06-18 13:12:21.376106: val_loss -0.1146
2026-06-18 13:12:21.376250: Pseudo dice [np.float32(0.6345)]
2026-06-18 13:12:21.376425: Epoch time: 45.21 s
2026-06-18 13:12:23.195208: 
2026-06-18 13:12:23.195824: Epoch 172
2026-06-18 13:12:23.196171: Current learning rate: 0.00351
2026-06-18 13:13:08.336294: train_loss -0.3603
2026-06-18 13:13:08.336779: val_loss 0.0666
2026-06-18 13:13:08.336966: Pseudo dice [np.float32(0.5708)]
2026-06-18 13:13:08.337156: Epoch time: 45.14 s
2026-06-18 13:13:10.181429: 
2026-06-18 13:13:10.182083: Epoch 173
2026-06-18 13:13:10.182378: Current learning rate: 0.00346
2026-06-18 13:13:55.324088: train_loss -0.3569
2026-06-18 13:13:55.324777: val_loss -0.0526
2026-06-18 13:13:55.325072: Pseudo dice [np.float32(0.5941)]
2026-06-18 13:13:55.325266: Epoch time: 45.15 s
2026-06-18 13:13:57.907236: 
2026-06-18 13:13:57.908006: Epoch 174
2026-06-18 13:13:57.908237: Current learning rate: 0.00342
2026-06-18 13:14:43.116927: train_loss -0.3561
2026-06-18 13:14:43.117490: val_loss -0.1659
2026-06-18 13:14:43.117647: Pseudo dice [np.float32(0.6547)]
2026-06-18 13:14:43.117862: Epoch time: 45.21 s
2026-06-18 13:14:44.969547: 
2026-06-18 13:14:44.970505: Epoch 175
2026-06-18 13:14:44.971102: Current learning rate: 0.00338
2026-06-18 13:15:30.073308: train_loss -0.3595
2026-06-18 13:15:30.073862: val_loss -0.0414
2026-06-18 13:15:30.074028: Pseudo dice [np.float32(0.6012)]
2026-06-18 13:15:30.074244: Epoch time: 45.11 s
2026-06-18 13:15:31.932817: 
2026-06-18 13:15:31.933444: Epoch 176
2026-06-18 13:15:31.933752: Current learning rate: 0.00334
2026-06-18 13:16:17.046511: train_loss -0.3582
2026-06-18 13:16:17.047148: val_loss -0.0946
2026-06-18 13:16:17.047325: Pseudo dice [np.float32(0.6186)]
2026-06-18 13:16:17.047517: Epoch time: 45.12 s
2026-06-18 13:16:18.879946: 
2026-06-18 13:16:18.880441: Epoch 177
2026-06-18 13:16:18.880620: Current learning rate: 0.0033
2026-06-18 13:17:03.871195: train_loss -0.3571
2026-06-18 13:17:03.871809: val_loss -0.1562
2026-06-18 13:17:03.871982: Pseudo dice [np.float32(0.6553)]
2026-06-18 13:17:03.872166: Epoch time: 44.99 s
2026-06-18 13:17:05.739591: 
2026-06-18 13:17:05.739982: Epoch 178
2026-06-18 13:17:05.740182: Current learning rate: 0.00326
2026-06-18 13:17:50.877579: train_loss -0.358
2026-06-18 13:17:50.878141: val_loss -0.024
2026-06-18 13:17:50.878285: Pseudo dice [np.float32(0.5898)]
2026-06-18 13:17:50.878450: Epoch time: 45.14 s
2026-06-18 13:17:52.741436: 
2026-06-18 13:17:52.741974: Epoch 179
2026-06-18 13:17:52.742309: Current learning rate: 0.00322
2026-06-18 13:18:37.793564: train_loss -0.3583
2026-06-18 13:18:37.794039: val_loss 0.0154
2026-06-18 13:18:37.794185: Pseudo dice [np.float32(0.5828)]
2026-06-18 13:18:37.794358: Epoch time: 45.06 s
2026-06-18 13:18:39.634576: 
2026-06-18 13:18:39.634993: Epoch 180
2026-06-18 13:18:39.635316: Current learning rate: 0.00318
2026-06-18 13:19:24.743333: train_loss -0.3603
2026-06-18 13:19:24.743925: val_loss -0.0153
2026-06-18 13:19:24.744072: Pseudo dice [np.float32(0.5978)]
2026-06-18 13:19:24.744242: Epoch time: 45.11 s
2026-06-18 13:19:26.614141: 
2026-06-18 13:19:26.614895: Epoch 181
2026-06-18 13:19:26.615133: Current learning rate: 0.00314
2026-06-18 13:20:11.711124: train_loss -0.3577
2026-06-18 13:20:11.711738: val_loss -0.0904
2026-06-18 13:20:11.711892: Pseudo dice [np.float32(0.6201)]
2026-06-18 13:20:11.712101: Epoch time: 45.1 s
2026-06-18 13:20:13.599127: 
2026-06-18 13:20:13.599560: Epoch 182
2026-06-18 13:20:13.599761: Current learning rate: 0.0031
2026-06-18 13:20:58.834323: train_loss -0.3549
2026-06-18 13:20:58.835271: val_loss -0.0412
2026-06-18 13:20:58.835443: Pseudo dice [np.float32(0.6073)]
2026-06-18 13:20:58.835699: Epoch time: 45.24 s
2026-06-18 13:21:01.276925: 
2026-06-18 13:21:01.277627: Epoch 183
2026-06-18 13:21:01.277938: Current learning rate: 0.00306
2026-06-18 13:21:46.431408: train_loss -0.3624
2026-06-18 13:21:46.432038: val_loss -0.0695
2026-06-18 13:21:46.432187: Pseudo dice [np.float32(0.6291)]
2026-06-18 13:21:46.432357: Epoch time: 45.16 s
2026-06-18 13:21:48.265223: 
2026-06-18 13:21:48.265534: Epoch 184
2026-06-18 13:21:48.265708: Current learning rate: 0.00302
2026-06-18 13:22:33.290597: train_loss -0.3559
2026-06-18 13:22:33.291173: val_loss -0.0435
2026-06-18 13:22:33.291327: Pseudo dice [np.float32(0.6083)]
2026-06-18 13:22:33.294105: Epoch time: 45.03 s
2026-06-18 13:22:35.148062: 
2026-06-18 13:22:35.148546: Epoch 185
2026-06-18 13:22:35.148744: Current learning rate: 0.00297
2026-06-18 13:23:20.225888: train_loss -0.3562
2026-06-18 13:23:20.226479: val_loss -0.0453
2026-06-18 13:23:20.226650: Pseudo dice [np.float32(0.6086)]
2026-06-18 13:23:20.226826: Epoch time: 45.08 s
2026-06-18 13:23:22.080723: 
2026-06-18 13:23:22.081253: Epoch 186
2026-06-18 13:23:22.082071: Current learning rate: 0.00293
2026-06-18 13:24:07.791048: train_loss -0.3626
2026-06-18 13:24:07.791472: val_loss -0.0407
2026-06-18 13:24:07.791629: Pseudo dice [np.float32(0.6088)]
2026-06-18 13:24:07.791812: Epoch time: 45.71 s
2026-06-18 13:24:09.644605: 
2026-06-18 13:24:09.645102: Epoch 187
2026-06-18 13:24:09.645304: Current learning rate: 0.00289
2026-06-18 13:24:55.233974: train_loss -0.3601
2026-06-18 13:24:55.234444: val_loss -0.0441
2026-06-18 13:24:55.234592: Pseudo dice [np.float32(0.6123)]
2026-06-18 13:24:55.234765: Epoch time: 45.59 s
2026-06-18 13:24:57.062791: 
2026-06-18 13:24:57.063429: Epoch 188
2026-06-18 13:24:57.063757: Current learning rate: 0.00285
2026-06-18 13:25:42.502295: train_loss -0.3635
2026-06-18 13:25:42.502997: val_loss -0.0272
2026-06-18 13:25:42.503177: Pseudo dice [np.float32(0.6136)]
2026-06-18 13:25:42.503371: Epoch time: 45.44 s
2026-06-18 13:25:44.325414: 
2026-06-18 13:25:44.325807: Epoch 189
2026-06-18 13:25:44.325998: Current learning rate: 0.00281
2026-06-18 13:26:29.610801: train_loss -0.3588
2026-06-18 13:26:29.611250: val_loss -0.0907
2026-06-18 13:26:29.611390: Pseudo dice [np.float32(0.631)]
2026-06-18 13:26:29.611556: Epoch time: 45.29 s
2026-06-18 13:26:31.456844: 
2026-06-18 13:26:31.457377: Epoch 190
2026-06-18 13:26:31.457561: Current learning rate: 0.00277
2026-06-18 13:27:16.819170: train_loss -0.3574
2026-06-18 13:27:16.819593: val_loss 0.0608
2026-06-18 13:27:16.819736: Pseudo dice [np.float32(0.5701)]
2026-06-18 13:27:16.819916: Epoch time: 45.37 s
2026-06-18 13:27:19.130939: 
2026-06-18 13:27:19.131467: Epoch 191
2026-06-18 13:27:19.131676: Current learning rate: 0.00273
2026-06-18 13:28:04.320170: train_loss -0.3597
2026-06-18 13:28:04.320630: val_loss -0.0081
2026-06-18 13:28:04.320790: Pseudo dice [np.float32(0.5979)]
2026-06-18 13:28:04.320982: Epoch time: 45.19 s
2026-06-18 13:28:06.188861: 
2026-06-18 13:28:06.189441: Epoch 192
2026-06-18 13:28:06.189728: Current learning rate: 0.00268
2026-06-18 13:28:51.487305: train_loss -0.3608
2026-06-18 13:28:51.487837: val_loss 0.1404
2026-06-18 13:28:51.487994: Pseudo dice [np.float32(0.5359)]
2026-06-18 13:28:51.488169: Epoch time: 45.3 s
2026-06-18 13:28:53.358475: 
2026-06-18 13:28:53.359010: Epoch 193
2026-06-18 13:28:53.359357: Current learning rate: 0.00264
2026-06-18 13:29:38.555224: train_loss -0.3616
2026-06-18 13:29:38.555794: val_loss 0.0274
2026-06-18 13:29:38.555982: Pseudo dice [np.float32(0.5732)]
2026-06-18 13:29:38.556162: Epoch time: 45.2 s
2026-06-18 13:29:40.415088: 
2026-06-18 13:29:40.415540: Epoch 194
2026-06-18 13:29:40.415738: Current learning rate: 0.0026
2026-06-18 13:30:25.764274: train_loss -0.3612
2026-06-18 13:30:25.764780: val_loss -0.0934
2026-06-18 13:30:25.764947: Pseudo dice [np.float32(0.6343)]
2026-06-18 13:30:25.765138: Epoch time: 45.35 s
2026-06-18 13:30:27.628871: 
2026-06-18 13:30:27.629268: Epoch 195
2026-06-18 13:30:27.629577: Current learning rate: 0.00256
2026-06-18 13:31:12.712996: train_loss -0.3646
2026-06-18 13:31:12.714216: val_loss 0.0446
2026-06-18 13:31:12.717124: Pseudo dice [np.float32(0.5677)]
2026-06-18 13:31:12.717319: Epoch time: 45.09 s
2026-06-18 13:31:14.562701: 
2026-06-18 13:31:14.563296: Epoch 196
2026-06-18 13:31:14.563583: Current learning rate: 0.00252
2026-06-18 13:31:59.905906: train_loss -0.3573
2026-06-18 13:31:59.906450: val_loss -0.0002
2026-06-18 13:31:59.906622: Pseudo dice [np.float32(0.5942)]
2026-06-18 13:31:59.906814: Epoch time: 45.35 s
2026-06-18 13:32:01.771926: 
2026-06-18 13:32:01.772358: Epoch 197
2026-06-18 13:32:01.772660: Current learning rate: 0.00248
2026-06-18 13:32:46.715802: train_loss -0.3652
2026-06-18 13:32:46.716338: val_loss -0.0187
2026-06-18 13:32:46.716492: Pseudo dice [np.float32(0.606)]
2026-06-18 13:32:46.716684: Epoch time: 44.95 s
2026-06-18 13:32:48.557661: 
2026-06-18 13:32:48.558194: Epoch 198
2026-06-18 13:32:48.558499: Current learning rate: 0.00243
2026-06-18 13:33:33.787293: train_loss -0.3576
2026-06-18 13:33:33.787720: val_loss 0.0029
2026-06-18 13:33:33.787888: Pseudo dice [np.float32(0.5981)]
2026-06-18 13:33:33.788073: Epoch time: 45.23 s
2026-06-18 13:33:35.633922: 
2026-06-18 13:33:35.634432: Epoch 199
2026-06-18 13:33:35.634757: Current learning rate: 0.00239
2026-06-18 13:34:21.191356: train_loss -0.3566
2026-06-18 13:34:21.191907: val_loss -0.138
2026-06-18 13:34:21.192063: Pseudo dice [np.float32(0.6402)]
2026-06-18 13:34:21.192248: Epoch time: 45.56 s
2026-06-18 13:34:27.176259: 
2026-06-18 13:34:27.176771: Epoch 200
2026-06-18 13:34:27.177072: Current learning rate: 0.00235
2026-06-18 13:35:12.387704: train_loss -0.3585
2026-06-18 13:35:12.388164: val_loss -0.1081
2026-06-18 13:35:12.388313: Pseudo dice [np.float32(0.6433)]
2026-06-18 13:35:12.388482: Epoch time: 45.21 s
2026-06-18 13:35:14.228538: 
2026-06-18 13:35:14.229066: Epoch 201
2026-06-18 13:35:14.229325: Current learning rate: 0.00231
2026-06-18 13:35:59.530733: train_loss -0.3559
2026-06-18 13:35:59.531215: val_loss -0.01
2026-06-18 13:35:59.531368: Pseudo dice [np.float32(0.6063)]
2026-06-18 13:35:59.531538: Epoch time: 45.31 s
2026-06-18 13:36:01.402965: 
2026-06-18 13:36:01.403755: Epoch 202
2026-06-18 13:36:01.404177: Current learning rate: 0.00226
2026-06-18 13:36:46.845941: train_loss -0.3656
2026-06-18 13:36:46.846516: val_loss -0.0129
2026-06-18 13:36:46.846677: Pseudo dice [np.float32(0.6087)]
2026-06-18 13:36:46.846865: Epoch time: 45.45 s
2026-06-18 13:36:48.891225: 
2026-06-18 13:36:48.891900: Epoch 203
2026-06-18 13:36:48.892082: Current learning rate: 0.00222
2026-06-18 13:37:34.010749: train_loss -0.3682
2026-06-18 13:37:34.011595: val_loss -0.0268
2026-06-18 13:37:34.011764: Pseudo dice [np.float32(0.6226)]
2026-06-18 13:37:34.012037: Epoch time: 45.12 s
2026-06-18 13:37:35.906267: 
2026-06-18 13:37:35.906855: Epoch 204
2026-06-18 13:37:35.907162: Current learning rate: 0.00218
2026-06-18 13:38:21.283272: train_loss -0.3579
2026-06-18 13:38:21.283828: val_loss 0.0081
2026-06-18 13:38:21.284009: Pseudo dice [np.float32(0.5984)]
2026-06-18 13:38:21.284190: Epoch time: 45.38 s
2026-06-18 13:38:23.399056: 
2026-06-18 13:38:23.399568: Epoch 205
2026-06-18 13:38:23.399772: Current learning rate: 0.00214
2026-06-18 13:39:08.912806: train_loss -0.3615
2026-06-18 13:39:08.913395: val_loss -0.0885
2026-06-18 13:39:08.913554: Pseudo dice [np.float32(0.6396)]
2026-06-18 13:39:08.913732: Epoch time: 45.52 s
2026-06-18 13:39:10.704532: 
2026-06-18 13:39:10.705102: Epoch 206
2026-06-18 13:39:10.705424: Current learning rate: 0.00209
2026-06-18 13:39:55.990134: train_loss -0.3601
2026-06-18 13:39:55.990846: val_loss 0.0158
2026-06-18 13:39:55.991042: Pseudo dice [np.float32(0.5941)]
2026-06-18 13:39:55.991231: Epoch time: 45.29 s
2026-06-18 13:39:57.823379: 
2026-06-18 13:39:57.823876: Epoch 207
2026-06-18 13:39:57.824208: Current learning rate: 0.00205
2026-06-18 13:40:43.073169: train_loss -0.365
2026-06-18 13:40:43.073732: val_loss -0.0825
2026-06-18 13:40:43.073931: Pseudo dice [np.float32(0.628)]
2026-06-18 13:40:43.074104: Epoch time: 45.25 s
2026-06-18 13:40:45.245838: 
2026-06-18 13:40:45.246298: Epoch 208
2026-06-18 13:40:45.246486: Current learning rate: 0.00201
2026-06-18 13:41:30.375292: train_loss -0.3646
2026-06-18 13:41:30.375778: val_loss -0.0819
2026-06-18 13:41:30.375939: Pseudo dice [np.float32(0.627)]
2026-06-18 13:41:30.376110: Epoch time: 45.13 s
2026-06-18 13:41:32.170272: 
2026-06-18 13:41:32.170784: Epoch 209
2026-06-18 13:41:32.171096: Current learning rate: 0.00196
2026-06-18 13:42:17.213282: train_loss -0.3622
2026-06-18 13:42:17.213762: val_loss 0.049
2026-06-18 13:42:17.213914: Pseudo dice [np.float32(0.5716)]
2026-06-18 13:42:17.214088: Epoch time: 45.05 s
2026-06-18 13:42:19.020835: 
2026-06-18 13:42:19.021395: Epoch 210
2026-06-18 13:42:19.021686: Current learning rate: 0.00192
2026-06-18 13:43:04.124855: train_loss -0.3561
2026-06-18 13:43:04.125299: val_loss -0.0322
2026-06-18 13:43:04.125443: Pseudo dice [np.float32(0.61)]
2026-06-18 13:43:04.125619: Epoch time: 45.11 s
2026-06-18 13:43:05.915831: 
2026-06-18 13:43:05.916407: Epoch 211
2026-06-18 13:43:05.916609: Current learning rate: 0.00188
2026-06-18 13:43:51.171254: train_loss -0.3685
2026-06-18 13:43:51.171697: val_loss -0.1084
2026-06-18 13:43:51.171842: Pseudo dice [np.float32(0.6426)]
2026-06-18 13:43:51.172016: Epoch time: 45.26 s
2026-06-18 13:43:52.979825: 
2026-06-18 13:43:52.980407: Epoch 212
2026-06-18 13:43:52.980617: Current learning rate: 0.00184
2026-06-18 13:44:37.999549: train_loss -0.3693
2026-06-18 13:44:37.999971: val_loss -0.0499
2026-06-18 13:44:38.000108: Pseudo dice [np.float32(0.6025)]
2026-06-18 13:44:38.000442: Epoch time: 45.02 s
2026-06-18 13:44:39.819502: 
2026-06-18 13:44:39.819950: Epoch 213
2026-06-18 13:44:39.820223: Current learning rate: 0.00179
2026-06-18 13:45:24.978476: train_loss -0.3598
2026-06-18 13:45:24.978911: val_loss -0.0134
2026-06-18 13:45:24.979073: Pseudo dice [np.float32(0.5983)]
2026-06-18 13:45:24.979256: Epoch time: 45.16 s
2026-06-18 13:45:26.751624: 
2026-06-18 13:45:26.752079: Epoch 214
2026-06-18 13:45:26.752272: Current learning rate: 0.00175
2026-06-18 13:46:11.907130: train_loss -0.3525
2026-06-18 13:46:11.907602: val_loss -0.086
2026-06-18 13:46:11.907742: Pseudo dice [np.float32(0.6146)]
2026-06-18 13:46:11.907921: Epoch time: 45.16 s
2026-06-18 13:46:13.685555: 
2026-06-18 13:46:13.685982: Epoch 215
2026-06-18 13:46:13.686203: Current learning rate: 0.0017
2026-06-18 13:46:59.047212: train_loss -0.3586
2026-06-18 13:46:59.047841: val_loss -0.0587
2026-06-18 13:46:59.048028: Pseudo dice [np.float32(0.6265)]
2026-06-18 13:46:59.048217: Epoch time: 45.36 s
2026-06-18 13:47:00.837235: 
2026-06-18 13:47:00.838469: Epoch 216
2026-06-18 13:47:00.838814: Current learning rate: 0.00166
2026-06-18 13:47:46.080204: train_loss -0.3604
2026-06-18 13:47:46.080643: val_loss -0.0666
2026-06-18 13:47:46.080780: Pseudo dice [np.float32(0.6223)]
2026-06-18 13:47:46.080960: Epoch time: 45.25 s
2026-06-18 13:47:48.255960: 
2026-06-18 13:47:48.256382: Epoch 217
2026-06-18 13:47:48.256557: Current learning rate: 0.00162
2026-06-18 13:48:33.428211: train_loss -0.3697
2026-06-18 13:48:33.428671: val_loss -0.0712
2026-06-18 13:48:33.428826: Pseudo dice [np.float32(0.6282)]
2026-06-18 13:48:33.429027: Epoch time: 45.18 s
2026-06-18 13:48:35.206327: 
2026-06-18 13:48:35.206858: Epoch 218
2026-06-18 13:48:35.207162: Current learning rate: 0.00157
2026-06-18 13:49:20.310961: train_loss -0.3655
2026-06-18 13:49:20.311503: val_loss -0.0663
2026-06-18 13:49:20.311648: Pseudo dice [np.float32(0.6052)]
2026-06-18 13:49:20.311827: Epoch time: 45.11 s
2026-06-18 13:49:22.075250: 
2026-06-18 13:49:22.075730: Epoch 219
2026-06-18 13:49:22.075940: Current learning rate: 0.00153
2026-06-18 13:50:07.199746: train_loss -0.3746
2026-06-18 13:50:07.200267: val_loss -0.0139
2026-06-18 13:50:07.200428: Pseudo dice [np.float32(0.5908)]
2026-06-18 13:50:07.200617: Epoch time: 45.13 s
2026-06-18 13:50:08.994392: 
2026-06-18 13:50:08.994776: Epoch 220
2026-06-18 13:50:08.995039: Current learning rate: 0.00148
2026-06-18 13:50:54.044905: train_loss -0.3736
2026-06-18 13:50:54.045512: val_loss -0.0201
2026-06-18 13:50:54.045694: Pseudo dice [np.float32(0.5847)]
2026-06-18 13:50:54.045884: Epoch time: 45.05 s
2026-06-18 13:50:55.854009: 
2026-06-18 13:50:55.854481: Epoch 221
2026-06-18 13:50:55.854774: Current learning rate: 0.00144
2026-06-18 13:51:41.213132: train_loss -0.371
2026-06-18 13:51:41.213774: val_loss -0.0429
2026-06-18 13:51:41.213948: Pseudo dice [np.float32(0.5968)]
2026-06-18 13:51:41.214134: Epoch time: 45.36 s
2026-06-18 13:51:42.999946: 
2026-06-18 13:51:43.000522: Epoch 222
2026-06-18 13:51:43.000844: Current learning rate: 0.00139
2026-06-18 13:52:28.132876: train_loss -0.3768
2026-06-18 13:52:28.133373: val_loss -0.0532
2026-06-18 13:52:28.133528: Pseudo dice [np.float32(0.6121)]
2026-06-18 13:52:28.133714: Epoch time: 45.14 s
2026-06-18 13:52:29.918828: 
2026-06-18 13:52:29.919390: Epoch 223
2026-06-18 13:52:29.919703: Current learning rate: 0.00135
2026-06-18 13:53:15.296211: train_loss -0.3688
2026-06-18 13:53:15.296728: val_loss -0.0378
2026-06-18 13:53:15.296879: Pseudo dice [np.float32(0.6007)]
2026-06-18 13:53:15.297045: Epoch time: 45.38 s
2026-06-18 13:53:17.109283: 
2026-06-18 13:53:17.109839: Epoch 224
2026-06-18 13:53:17.110197: Current learning rate: 0.0013
2026-06-18 13:54:02.413676: train_loss -0.3702
2026-06-18 13:54:02.414480: val_loss -0.0808
2026-06-18 13:54:02.414626: Pseudo dice [np.float32(0.6114)]
2026-06-18 13:54:02.414793: Epoch time: 45.31 s
2026-06-18 13:54:04.207104: 
2026-06-18 13:54:04.207566: Epoch 225
2026-06-18 13:54:04.207902: Current learning rate: 0.00126
2026-06-18 13:54:49.557122: train_loss -0.3797
2026-06-18 13:54:49.557924: val_loss -0.0653
2026-06-18 13:54:49.558092: Pseudo dice [np.float32(0.6104)]
2026-06-18 13:54:49.558289: Epoch time: 45.35 s
2026-06-18 13:54:51.762462: 
2026-06-18 13:54:51.763009: Epoch 226
2026-06-18 13:54:51.763207: Current learning rate: 0.00121
2026-06-18 13:55:37.040008: train_loss -0.3792
2026-06-18 13:55:37.040473: val_loss -0.0525
2026-06-18 13:55:37.040632: Pseudo dice [np.float32(0.6078)]
2026-06-18 13:55:37.040816: Epoch time: 45.28 s
2026-06-18 13:55:38.848929: 
2026-06-18 13:55:38.849422: Epoch 227
2026-06-18 13:55:38.849727: Current learning rate: 0.00117
2026-06-18 13:56:24.224951: train_loss -0.3735
2026-06-18 13:56:24.225531: val_loss -1e-04
2026-06-18 13:56:24.225700: Pseudo dice [np.float32(0.5961)]
2026-06-18 13:56:24.225894: Epoch time: 45.38 s
2026-06-18 13:56:26.033593: 
2026-06-18 13:56:26.034035: Epoch 228
2026-06-18 13:56:26.034247: Current learning rate: 0.00112
2026-06-18 13:57:11.240659: train_loss -0.3724
2026-06-18 13:57:11.243804: val_loss 0.0382
2026-06-18 13:57:11.244000: Pseudo dice [np.float32(0.5535)]
2026-06-18 13:57:11.244184: Epoch time: 45.21 s
2026-06-18 13:57:13.022125: 
2026-06-18 13:57:13.022526: Epoch 229
2026-06-18 13:57:13.022707: Current learning rate: 0.00108
2026-06-18 13:57:58.239564: train_loss -0.3803
2026-06-18 13:57:58.240126: val_loss -0.0306
2026-06-18 13:57:58.240297: Pseudo dice [np.float32(0.5958)]
2026-06-18 13:57:58.240488: Epoch time: 45.22 s
2026-06-18 13:58:00.043148: 
2026-06-18 13:58:00.043474: Epoch 230
2026-06-18 13:58:00.043714: Current learning rate: 0.00103
2026-06-18 13:58:45.382677: train_loss -0.3877
2026-06-18 13:58:45.383195: val_loss -0.0021
2026-06-18 13:58:45.383365: Pseudo dice [np.float32(0.5824)]
2026-06-18 13:58:45.383551: Epoch time: 45.34 s
2026-06-18 13:58:47.151093: 
2026-06-18 13:58:47.151420: Epoch 231
2026-06-18 13:58:47.151618: Current learning rate: 0.00098
2026-06-18 13:59:32.651039: train_loss -0.3801
2026-06-18 13:59:32.651479: val_loss -0.0879
2026-06-18 13:59:32.651782: Pseudo dice [np.float32(0.6181)]
2026-06-18 13:59:32.651974: Epoch time: 45.5 s
2026-06-18 13:59:34.442128: 
2026-06-18 13:59:34.442557: Epoch 232
2026-06-18 13:59:34.442872: Current learning rate: 0.00094
2026-06-18 14:00:19.656822: train_loss -0.3813
2026-06-18 14:00:19.657257: val_loss -0.0077
2026-06-18 14:00:19.657399: Pseudo dice [np.float32(0.5982)]
2026-06-18 14:00:19.657563: Epoch time: 45.22 s
2026-06-18 14:00:21.452560: 
2026-06-18 14:00:21.453079: Epoch 233
2026-06-18 14:00:21.453390: Current learning rate: 0.00089
2026-06-18 14:01:06.840513: train_loss -0.3808
2026-06-18 14:01:06.841321: val_loss -0.0302
2026-06-18 14:01:06.841481: Pseudo dice [np.float32(0.5952)]
2026-06-18 14:01:06.841665: Epoch time: 45.39 s
2026-06-18 14:01:08.633394: 
2026-06-18 14:01:08.633888: Epoch 234
2026-06-18 14:01:08.634079: Current learning rate: 0.00084
2026-06-18 14:01:53.986739: train_loss -0.3882
2026-06-18 14:01:53.987324: val_loss -0.0048
2026-06-18 14:01:53.987464: Pseudo dice [np.float32(0.5868)]
2026-06-18 14:01:53.987632: Epoch time: 45.36 s
2026-06-18 14:01:56.306040: 
2026-06-18 14:01:56.306604: Epoch 235
2026-06-18 14:01:56.306917: Current learning rate: 0.00079
2026-06-18 14:02:41.636426: train_loss -0.3929
2026-06-18 14:02:41.637024: val_loss -0.0811
2026-06-18 14:02:41.637189: Pseudo dice [np.float32(0.6194)]
2026-06-18 14:02:41.637422: Epoch time: 45.33 s
2026-06-18 14:02:43.431088: 
2026-06-18 14:02:43.431738: Epoch 236
2026-06-18 14:02:43.432060: Current learning rate: 0.00075
2026-06-18 14:03:28.669152: train_loss -0.3874
2026-06-18 14:03:28.669746: val_loss 0.0201
2026-06-18 14:03:28.669898: Pseudo dice [np.float32(0.5822)]
2026-06-18 14:03:28.670065: Epoch time: 45.24 s
2026-06-18 14:03:30.474649: 
2026-06-18 14:03:30.475168: Epoch 237
2026-06-18 14:03:30.475358: Current learning rate: 0.0007
2026-06-18 14:04:15.619807: train_loss -0.3864
2026-06-18 14:04:15.620327: val_loss -0.0325
2026-06-18 14:04:15.620488: Pseudo dice [np.float32(0.6073)]
2026-06-18 14:04:15.620677: Epoch time: 45.15 s
2026-06-18 14:04:17.407137: 
2026-06-18 14:04:17.407615: Epoch 238
2026-06-18 14:04:17.407946: Current learning rate: 0.00065
2026-06-18 14:05:02.669885: train_loss -0.3869
2026-06-18 14:05:02.670406: val_loss -0.0022
2026-06-18 14:05:02.670574: Pseudo dice [np.float32(0.58)]
2026-06-18 14:05:02.670743: Epoch time: 45.27 s
2026-06-18 14:05:04.459337: 
2026-06-18 14:05:04.459618: Epoch 239
2026-06-18 14:05:04.459791: Current learning rate: 0.0006
2026-06-18 14:05:49.952186: train_loss -0.3817
2026-06-18 14:05:49.952695: val_loss -0.0075
2026-06-18 14:05:49.952859: Pseudo dice [np.float32(0.5851)]
2026-06-18 14:05:49.953039: Epoch time: 45.5 s
2026-06-18 14:05:51.765001: 
2026-06-18 14:05:51.765298: Epoch 240
2026-06-18 14:05:51.765512: Current learning rate: 0.00055
2026-06-18 14:06:37.017820: train_loss -0.3856
2026-06-18 14:06:37.018409: val_loss 0.0218
2026-06-18 14:06:37.018570: Pseudo dice [np.float32(0.5753)]
2026-06-18 14:06:37.018750: Epoch time: 45.26 s
2026-06-18 14:06:38.828963: 
2026-06-18 14:06:38.830225: Epoch 241
2026-06-18 14:06:38.830563: Current learning rate: 0.0005
2026-06-18 14:07:24.387761: train_loss -0.3853
2026-06-18 14:07:24.388370: val_loss 0.0209
2026-06-18 14:07:24.388523: Pseudo dice [np.float32(0.5863)]
2026-06-18 14:07:24.388692: Epoch time: 45.56 s
2026-06-18 14:07:26.191860: 
2026-06-18 14:07:26.192366: Epoch 242
2026-06-18 14:07:26.192663: Current learning rate: 0.00045
2026-06-18 14:08:11.412971: train_loss -0.39
2026-06-18 14:08:11.413451: val_loss 0.0118
2026-06-18 14:08:11.413597: Pseudo dice [np.float32(0.5842)]
2026-06-18 14:08:11.413778: Epoch time: 45.22 s
2026-06-18 14:08:13.237193: 
2026-06-18 14:08:13.237739: Epoch 243
2026-06-18 14:08:13.238027: Current learning rate: 0.0004
2026-06-18 14:08:58.657860: train_loss -0.3917
2026-06-18 14:08:58.658696: val_loss 0.0483
2026-06-18 14:08:58.658862: Pseudo dice [np.float32(0.5747)]
2026-06-18 14:08:58.659053: Epoch time: 45.42 s
2026-06-18 14:09:00.475677: 
2026-06-18 14:09:00.476115: Epoch 244
2026-06-18 14:09:00.476325: Current learning rate: 0.00035
2026-06-18 14:09:46.313221: train_loss -0.3922
2026-06-18 14:09:46.313988: val_loss 0.0516
2026-06-18 14:09:46.314147: Pseudo dice [np.float32(0.5782)]
2026-06-18 14:09:46.314342: Epoch time: 45.84 s
2026-06-18 14:09:48.167873: 
2026-06-18 14:09:48.169069: Epoch 245
2026-06-18 14:09:48.169300: Current learning rate: 0.0003
2026-06-18 14:10:33.373348: train_loss -0.3891
2026-06-18 14:10:33.373857: val_loss -0.0107
2026-06-18 14:10:33.374006: Pseudo dice [np.float32(0.5957)]
2026-06-18 14:10:33.374176: Epoch time: 45.21 s
2026-06-18 14:10:35.185713: 
2026-06-18 14:10:35.186163: Epoch 246
2026-06-18 14:10:35.186354: Current learning rate: 0.00024
2026-06-18 14:11:20.472590: train_loss -0.3933
2026-06-18 14:11:20.473207: val_loss -0.0074
2026-06-18 14:11:20.473356: Pseudo dice [np.float32(0.5841)]
2026-06-18 14:11:20.473527: Epoch time: 45.29 s
2026-06-18 14:11:22.291158: 
2026-06-18 14:11:22.291670: Epoch 247
2026-06-18 14:11:22.291866: Current learning rate: 0.00019
2026-06-18 14:12:07.947052: train_loss -0.3951
2026-06-18 14:12:07.947583: val_loss 0.0143
2026-06-18 14:12:07.947743: Pseudo dice [np.float32(0.5716)]
2026-06-18 14:12:07.947939: Epoch time: 45.66 s
2026-06-18 14:12:09.751874: 
2026-06-18 14:12:09.752377: Epoch 248
2026-06-18 14:12:09.752662: Current learning rate: 0.00013
2026-06-18 14:12:54.856385: train_loss -0.3901
2026-06-18 14:12:54.856935: val_loss -0.0133
2026-06-18 14:12:54.857088: Pseudo dice [np.float32(0.5907)]
2026-06-18 14:12:54.857261: Epoch time: 45.11 s
2026-06-18 14:12:56.674704: 
2026-06-18 14:12:56.675248: Epoch 249
2026-06-18 14:12:56.675548: Current learning rate: 7e-05
2026-06-18 14:13:42.040966: train_loss -0.3959
2026-06-18 14:13:42.042246: val_loss -0.0091
2026-06-18 14:13:42.042401: Pseudo dice [np.float32(0.5926)]
2026-06-18 14:13:42.042573: Epoch time: 45.37 s
2026-06-18 14:13:44.475073: Training done.
2026-06-18 14:13:44.866884: Using splits from existing split file: /gpfs/data/ravenlab/micmac/nnUNet_preprocessed/Dataset002_BinaryTask/splits_final.json
2026-06-18 14:13:44.867301: The split file contains 5 splits.
2026-06-18 14:13:44.867412: Desired fold for training: 3
2026-06-18 14:13:44.867507: This split has 12 training and 3 validation cases.
2026-06-18 14:13:44.867692: predicting 41759_42
2026-06-18 14:13:44.960220: 41759_42, shape torch.Size([1, 1, 1728, 2049]), rank 0
2026-06-18 14:13:52.116376: predicting 41759_49left
2026-06-18 14:13:52.225103: 41759_49left, shape torch.Size([1, 1, 2208, 2074]), rank 0
2026-06-18 14:13:53.820715: predicting 41759_63_claus
2026-06-18 14:13:53.920587: 41759_63_claus, shape torch.Size([1, 1, 2112, 2226]), rank 0
2026-06-18 14:14:42.824428: Validation complete
2026-06-18 14:14:42.824729: Mean Validation Dice:  0.6084446307869561
