Loading python/gpu/3.10.6-cuda12.9
  Loading requirement: cuda/12.9
Launching parallel training for 2D config, Fold 1 using 250-epoch trainer preset...

############################
INFO: You are using the old nnU-Net default plans. We have updated our recommendations. Please consider using those instead! Read more here: https://github.com/MIC-DKFZ/nnUNet/blob/master/documentation/resenc_presets.md
############################

Using device: cuda:0

#######################################################################
Please cite the following paper when using nnU-Net:
Isensee, F., Jaeger, P. F., Kohl, S. A., Petersen, J., & Maier-Hein, K. H. (2021). nnU-Net: a self-configuring method for deep learning-based biomedical image segmentation. Nature methods, 18(2), 203-211.
#######################################################################

2026-06-23 13:01:00.298591: do_dummy_2d_data_aug: False
2026-06-23 13:01:00.299116: Using splits from existing split file: /gpfs/data/ravenlab/micmac/nnUNet_preprocessed/Dataset002_BinaryTask/splits_final.json
2026-06-23 13:01:00.299447: The split file contains 5 splits.
2026-06-23 13:01:00.299549: Desired fold for training: 1
2026-06-23 13:01:00.299643: This split has 12 training and 3 validation cases.
using pin_memory on device 0
using pin_memory on device 0

This is the configuration used by this training:
Configuration name: 2d
 {'data_identifier': 'nnUNetPlans_2d', 'preprocessor_name': 'DefaultPreprocessor', 'batch_size': 2, 'patch_size': [1024, 1280], 'median_image_size_in_voxels': [2080.0, 2125.0], 'spacing': [1.0, 1.0], 'normalization_schemes': ['ZScoreNormalization'], 'use_mask_for_norm': [False], 'resampling_fn_data': 'resample_data_or_seg_to_shape', 'resampling_fn_seg': 'resample_data_or_seg_to_shape', 'resampling_fn_data_kwargs': {'is_seg': False, 'order': 3, 'order_z': 0, 'force_separate_z': None}, 'resampling_fn_seg_kwargs': {'is_seg': True, 'order': 1, 'order_z': 0, 'force_separate_z': None}, 'resampling_fn_probabilities': 'resample_data_or_seg_to_shape', 'resampling_fn_probabilities_kwargs': {'is_seg': False, 'order': 1, 'order_z': 0, 'force_separate_z': None}, 'architecture': {'network_class_name': 'dynamic_network_architectures.architectures.unet.PlainConvUNet', 'arch_kwargs': {'n_stages': 9, 'features_per_stage': [32, 64, 128, 256, 512, 512, 512, 512, 512], 'conv_op': 'torch.nn.modules.conv.Conv2d', 'kernel_sizes': [[3, 3], [3, 3], [3, 3], [3, 3], [3, 3], [3, 3], [3, 3], [3, 3], [3, 3]], 'strides': [[1, 1], [2, 2], [2, 2], [2, 2], [2, 2], [2, 2], [2, 2], [2, 2], [2, 2]], 'n_conv_per_stage': [2, 2, 2, 2, 2, 2, 2, 2, 2], 'n_conv_per_stage_decoder': [2, 2, 2, 2, 2, 2, 2, 2], 'conv_bias': True, 'norm_op': 'torch.nn.modules.instancenorm.InstanceNorm2d', 'norm_op_kwargs': {'eps': 1e-05, 'affine': True}, 'dropout_op': None, 'dropout_op_kwargs': None, 'nonlin': 'torch.nn.LeakyReLU', 'nonlin_kwargs': {'inplace': True}}, '_kw_requires_import': ['conv_op', 'norm_op', 'dropout_op', 'nonlin']}, 'batch_dice': True} 

These are the global plan.json settings:
 {'dataset_name': 'Dataset002_BinaryTask', 'plans_name': 'nnUNetPlans', 'original_median_spacing_after_transp': [999.0, 1.0, 1.0], 'original_median_shape_after_transp': [1, 2080, 2125], 'image_reader_writer': 'NaturalImage2DIO', 'transpose_forward': [0, 1, 2], 'transpose_backward': [0, 1, 2], 'experiment_planner_used': 'ExperimentPlanner', 'label_manager': 'LabelManager', 'foreground_intensity_properties_per_channel': {'0': {'max': 250.0, 'mean': 109.4693603515625, 'median': 108.0, 'min': 5.0, 'percentile_00_5': 30.0, 'percentile_99_5': 199.0, 'std': 36.45087814331055}}} 

2026-06-23 13:01:03.218261: Unable to plot network architecture:
2026-06-23 13:01:03.218432: No module named 'hiddenlayer'
2026-06-23 13:01:03.426674: 
2026-06-23 13:01:03.426948: Epoch 0
2026-06-23 13:01:03.427387: Current learning rate: 0.01
2026-06-23 13:03:11.671378: train_loss -0.0769
2026-06-23 13:03:11.671990: val_loss -0.0269
2026-06-23 13:03:11.672145: Pseudo dice [np.float32(0.612)]
2026-06-23 13:03:11.672317: Epoch time: 128.25 s
2026-06-23 13:03:11.672451: Yayy! New best EMA pseudo Dice: 0.6119999885559082
2026-06-23 13:03:14.087707: 
2026-06-23 13:03:14.088137: Epoch 1
2026-06-23 13:03:14.088318: Current learning rate: 0.00996
2026-06-23 13:03:58.735053: train_loss -0.1828
2026-06-23 13:03:58.735696: val_loss -0.1168
2026-06-23 13:03:58.735870: Pseudo dice [np.float32(0.6491)]
2026-06-23 13:03:58.736057: Epoch time: 44.65 s
2026-06-23 13:03:58.738297: Yayy! New best EMA pseudo Dice: 0.6157000064849854
2026-06-23 13:04:01.261761: 
2026-06-23 13:04:01.262328: Epoch 2
2026-06-23 13:04:01.262507: Current learning rate: 0.00993
2026-06-23 13:04:45.910428: train_loss -0.2102
2026-06-23 13:04:45.911020: val_loss -0.1258
2026-06-23 13:04:45.911170: Pseudo dice [np.float32(0.6706)]
2026-06-23 13:04:45.911336: Epoch time: 44.65 s
2026-06-23 13:04:45.911463: Yayy! New best EMA pseudo Dice: 0.6212000250816345
2026-06-23 13:04:49.420736: 
2026-06-23 13:04:49.421096: Epoch 3
2026-06-23 13:04:49.421272: Current learning rate: 0.00989
2026-06-23 13:05:34.209391: train_loss -0.2177
2026-06-23 13:05:34.209881: val_loss -0.1554
2026-06-23 13:05:34.210020: Pseudo dice [np.float32(0.6814)]
2026-06-23 13:05:34.210186: Epoch time: 44.79 s
2026-06-23 13:05:34.210317: Yayy! New best EMA pseudo Dice: 0.6272000074386597
2026-06-23 13:05:36.431623: 
2026-06-23 13:05:36.431959: Epoch 4
2026-06-23 13:05:36.432137: Current learning rate: 0.00986
2026-06-23 13:06:21.138352: train_loss -0.2218
2026-06-23 13:06:21.139078: val_loss -0.1586
2026-06-23 13:06:21.139223: Pseudo dice [np.float32(0.6731)]
2026-06-23 13:06:21.139401: Epoch time: 44.71 s
2026-06-23 13:06:21.139555: Yayy! New best EMA pseudo Dice: 0.6317999958992004
2026-06-23 13:06:23.462866: 
2026-06-23 13:06:23.463381: Epoch 5
2026-06-23 13:06:23.463702: Current learning rate: 0.00982
2026-06-23 13:07:08.156356: train_loss -0.2244
2026-06-23 13:07:08.156795: val_loss -0.1056
2026-06-23 13:07:08.156950: Pseudo dice [np.float32(0.6464)]
2026-06-23 13:07:08.157116: Epoch time: 44.7 s
2026-06-23 13:07:08.157242: Yayy! New best EMA pseudo Dice: 0.6331999897956848
2026-06-23 13:07:11.151352: 
2026-06-23 13:07:11.151845: Epoch 6
2026-06-23 13:07:11.152145: Current learning rate: 0.00978
2026-06-23 13:07:55.906837: train_loss -0.2264
2026-06-23 13:07:55.907446: val_loss -0.0994
2026-06-23 13:07:55.907591: Pseudo dice [np.float32(0.6397)]
2026-06-23 13:07:55.907764: Epoch time: 44.76 s
2026-06-23 13:07:55.907913: Yayy! New best EMA pseudo Dice: 0.633899986743927
2026-06-23 13:08:01.231066: 
2026-06-23 13:08:01.231570: Epoch 7
2026-06-23 13:08:01.231752: Current learning rate: 0.00975
2026-06-23 13:08:46.070331: train_loss -0.2352
2026-06-23 13:08:46.070907: val_loss -0.1641
2026-06-23 13:08:46.071052: Pseudo dice [np.float32(0.6519)]
2026-06-23 13:08:46.071220: Epoch time: 44.84 s
2026-06-23 13:08:46.071352: Yayy! New best EMA pseudo Dice: 0.635699987411499
2026-06-23 13:08:48.321377: 
2026-06-23 13:08:48.321858: Epoch 8
2026-06-23 13:08:48.322223: Current learning rate: 0.00971
2026-06-23 13:09:32.986741: train_loss -0.2429
2026-06-23 13:09:32.987207: val_loss -0.1682
2026-06-23 13:09:32.987346: Pseudo dice [np.float32(0.6637)]
2026-06-23 13:09:32.987509: Epoch time: 44.67 s
2026-06-23 13:09:32.987651: Yayy! New best EMA pseudo Dice: 0.6384999752044678
2026-06-23 13:09:35.687018: 
2026-06-23 13:09:35.687575: Epoch 9
2026-06-23 13:09:35.687841: Current learning rate: 0.00968
2026-06-23 13:10:20.576960: train_loss -0.2371
2026-06-23 13:10:20.577550: val_loss -0.19
2026-06-23 13:10:20.577694: Pseudo dice [np.float32(0.6677)]
2026-06-23 13:10:20.577878: Epoch time: 44.89 s
2026-06-23 13:10:20.578010: Yayy! New best EMA pseudo Dice: 0.6413999795913696
2026-06-23 13:10:22.817563: 
2026-06-23 13:10:22.818099: Epoch 10
2026-06-23 13:10:22.818389: Current learning rate: 0.00964
2026-06-23 13:11:07.675773: train_loss -0.2461
2026-06-23 13:11:07.676405: val_loss -0.1709
2026-06-23 13:11:07.676566: Pseudo dice [np.float32(0.6642)]
2026-06-23 13:11:07.676738: Epoch time: 44.86 s
2026-06-23 13:11:07.676873: Yayy! New best EMA pseudo Dice: 0.6437000036239624
2026-06-23 13:11:11.442500: 
2026-06-23 13:11:11.443020: Epoch 11
2026-06-23 13:11:11.443214: Current learning rate: 0.0096
2026-06-23 13:11:56.313199: train_loss -0.2512
2026-06-23 13:11:56.313766: val_loss -0.1063
2026-06-23 13:11:56.313923: Pseudo dice [np.float32(0.6225)]
2026-06-23 13:11:56.314091: Epoch time: 44.87 s
2026-06-23 13:11:58.047540: 
2026-06-23 13:11:58.047901: Epoch 12
2026-06-23 13:11:58.048187: Current learning rate: 0.00957
2026-06-23 13:12:42.833417: train_loss -0.2381
2026-06-23 13:12:42.833913: val_loss -0.1281
2026-06-23 13:12:42.834053: Pseudo dice [np.float32(0.6198)]
2026-06-23 13:12:42.834215: Epoch time: 44.79 s
2026-06-23 13:12:44.586269: 
2026-06-23 13:12:44.586845: Epoch 13
2026-06-23 13:12:44.587146: Current learning rate: 0.00953
2026-06-23 13:13:29.630553: train_loss -0.2545
2026-06-23 13:13:29.631396: val_loss -0.1307
2026-06-23 13:13:29.631549: Pseudo dice [np.float32(0.6458)]
2026-06-23 13:13:29.631721: Epoch time: 45.05 s
2026-06-23 13:13:31.359870: 
2026-06-23 13:13:31.360422: Epoch 14
2026-06-23 13:13:31.360718: Current learning rate: 0.00949
2026-06-23 13:14:16.229130: train_loss -0.2604
2026-06-23 13:14:16.229608: val_loss -0.167
2026-06-23 13:14:16.229757: Pseudo dice [np.float32(0.646)]
2026-06-23 13:14:16.229933: Epoch time: 44.87 s
2026-06-23 13:14:17.960409: 
2026-06-23 13:14:17.960778: Epoch 15
2026-06-23 13:14:17.960961: Current learning rate: 0.00946
2026-06-23 13:15:02.665459: train_loss -0.2587
2026-06-23 13:15:02.666013: val_loss -0.2329
2026-06-23 13:15:02.666169: Pseudo dice [np.float32(0.6905)]
2026-06-23 13:15:02.666333: Epoch time: 44.71 s
2026-06-23 13:15:02.666470: Yayy! New best EMA pseudo Dice: 0.6456000208854675
2026-06-23 13:15:05.777061: 
2026-06-23 13:15:05.777559: Epoch 16
2026-06-23 13:15:05.777786: Current learning rate: 0.00942
2026-06-23 13:15:50.690030: train_loss -0.2689
2026-06-23 13:15:50.690616: val_loss -0.1778
2026-06-23 13:15:50.690770: Pseudo dice [np.float32(0.6578)]
2026-06-23 13:15:50.690945: Epoch time: 44.92 s
2026-06-23 13:15:50.691076: Yayy! New best EMA pseudo Dice: 0.6467999815940857
2026-06-23 13:15:53.326510: 
2026-06-23 13:15:53.326835: Epoch 17
2026-06-23 13:15:53.327027: Current learning rate: 0.00939
2026-06-23 13:16:38.124383: train_loss -0.2668
2026-06-23 13:16:38.124963: val_loss -0.2252
2026-06-23 13:16:38.125118: Pseudo dice [np.float32(0.6884)]
2026-06-23 13:16:38.125288: Epoch time: 44.8 s
2026-06-23 13:16:38.125422: Yayy! New best EMA pseudo Dice: 0.6510000228881836
2026-06-23 13:16:40.396836: 
2026-06-23 13:16:40.397392: Epoch 18
2026-06-23 13:16:40.397681: Current learning rate: 0.00935
2026-06-23 13:17:25.418941: train_loss -0.2637
2026-06-23 13:17:25.419658: val_loss -0.2312
2026-06-23 13:17:25.419809: Pseudo dice [np.float32(0.6833)]
2026-06-23 13:17:25.419988: Epoch time: 45.03 s
2026-06-23 13:17:25.420125: Yayy! New best EMA pseudo Dice: 0.65420001745224
2026-06-23 13:17:30.112645: 
2026-06-23 13:17:30.113020: Epoch 19
2026-06-23 13:17:30.113216: Current learning rate: 0.00931
2026-06-23 13:18:14.804832: train_loss -0.2704
2026-06-23 13:18:14.805331: val_loss -0.2224
2026-06-23 13:18:14.805478: Pseudo dice [np.float32(0.6852)]
2026-06-23 13:18:14.805650: Epoch time: 44.7 s
2026-06-23 13:18:14.805780: Yayy! New best EMA pseudo Dice: 0.6572999954223633
2026-06-23 13:18:17.043434: 
2026-06-23 13:18:17.043959: Epoch 20
2026-06-23 13:18:17.044137: Current learning rate: 0.00928
2026-06-23 13:19:01.905753: train_loss -0.2883
2026-06-23 13:19:01.906279: val_loss -0.2017
2026-06-23 13:19:01.906427: Pseudo dice [np.float32(0.6895)]
2026-06-23 13:19:01.906594: Epoch time: 44.87 s
2026-06-23 13:19:01.906726: Yayy! New best EMA pseudo Dice: 0.6604999899864197
2026-06-23 13:19:04.184727: 
2026-06-23 13:19:04.185276: Epoch 21
2026-06-23 13:19:04.185462: Current learning rate: 0.00924
2026-06-23 13:19:48.929734: train_loss -0.2581
2026-06-23 13:19:48.930217: val_loss -0.1733
2026-06-23 13:19:48.930363: Pseudo dice [np.float32(0.6831)]
2026-06-23 13:19:48.930524: Epoch time: 44.75 s
2026-06-23 13:19:48.930656: Yayy! New best EMA pseudo Dice: 0.6628000140190125
2026-06-23 13:19:51.127348: 
2026-06-23 13:19:51.127862: Epoch 22
2026-06-23 13:19:51.128058: Current learning rate: 0.0092
2026-06-23 13:20:35.801297: train_loss -0.2742
2026-06-23 13:20:35.801928: val_loss -0.1828
2026-06-23 13:20:35.802078: Pseudo dice [np.float32(0.6648)]
2026-06-23 13:20:35.802245: Epoch time: 44.68 s
2026-06-23 13:20:35.802381: Yayy! New best EMA pseudo Dice: 0.6629999876022339
2026-06-23 13:20:38.020127: 
2026-06-23 13:20:38.020619: Epoch 23
2026-06-23 13:20:38.020916: Current learning rate: 0.00917
2026-06-23 13:21:22.736395: train_loss -0.2719
2026-06-23 13:21:22.736902: val_loss -0.2132
2026-06-23 13:21:22.737047: Pseudo dice [np.float32(0.6887)]
2026-06-23 13:21:22.737217: Epoch time: 44.72 s
2026-06-23 13:21:22.737351: Yayy! New best EMA pseudo Dice: 0.6656000018119812
2026-06-23 13:21:24.907392: 
2026-06-23 13:21:24.907754: Epoch 24
2026-06-23 13:21:24.907947: Current learning rate: 0.00913
2026-06-23 13:22:09.677722: train_loss -0.273
2026-06-23 13:22:09.678214: val_loss -0.2286
2026-06-23 13:22:09.678363: Pseudo dice [np.float32(0.677)]
2026-06-23 13:22:09.678535: Epoch time: 44.77 s
2026-06-23 13:22:09.678667: Yayy! New best EMA pseudo Dice: 0.666700005531311
2026-06-23 13:22:12.581796: 
2026-06-23 13:22:12.582393: Epoch 25
2026-06-23 13:22:12.582777: Current learning rate: 0.0091
2026-06-23 13:22:57.345140: train_loss -0.2897
2026-06-23 13:22:57.345702: val_loss -0.22
2026-06-23 13:22:57.345874: Pseudo dice [np.float32(0.6916)]
2026-06-23 13:22:57.346151: Epoch time: 44.77 s
2026-06-23 13:22:57.346290: Yayy! New best EMA pseudo Dice: 0.6692000031471252
2026-06-23 13:22:59.617591: 
2026-06-23 13:22:59.618054: Epoch 26
2026-06-23 13:22:59.618232: Current learning rate: 0.00906
2026-06-23 13:23:44.415859: train_loss -0.2923
2026-06-23 13:23:44.416432: val_loss -0.2261
2026-06-23 13:23:44.416571: Pseudo dice [np.float32(0.6937)]
2026-06-23 13:23:44.416735: Epoch time: 44.8 s
2026-06-23 13:23:44.416874: Yayy! New best EMA pseudo Dice: 0.6715999841690063
2026-06-23 13:23:47.289336: 
2026-06-23 13:23:47.289907: Epoch 27
2026-06-23 13:23:47.290127: Current learning rate: 0.00902
2026-06-23 13:24:32.224725: train_loss -0.2809
2026-06-23 13:24:32.225333: val_loss -0.2551
2026-06-23 13:24:32.225479: Pseudo dice [np.float32(0.7061)]
2026-06-23 13:24:32.225652: Epoch time: 44.94 s
2026-06-23 13:24:32.225781: Yayy! New best EMA pseudo Dice: 0.6751000285148621
2026-06-23 13:24:34.409723: 
2026-06-23 13:24:34.410345: Epoch 28
2026-06-23 13:24:34.410620: Current learning rate: 0.00899
2026-06-23 13:25:19.112029: train_loss -0.296
2026-06-23 13:25:19.112603: val_loss -0.2201
2026-06-23 13:25:19.112756: Pseudo dice [np.float32(0.6954)]
2026-06-23 13:25:19.112943: Epoch time: 44.71 s
2026-06-23 13:25:19.113073: Yayy! New best EMA pseudo Dice: 0.6771000027656555
2026-06-23 13:25:23.921364: 
2026-06-23 13:25:23.921814: Epoch 29
2026-06-23 13:25:23.922009: Current learning rate: 0.00895
2026-06-23 13:26:08.666018: train_loss -0.2865
2026-06-23 13:26:08.666621: val_loss -0.2398
2026-06-23 13:26:08.666780: Pseudo dice [np.float32(0.6921)]
2026-06-23 13:26:08.666965: Epoch time: 44.75 s
2026-06-23 13:26:08.667103: Yayy! New best EMA pseudo Dice: 0.678600013256073
2026-06-23 13:26:10.854424: 
2026-06-23 13:26:10.854770: Epoch 30
2026-06-23 13:26:10.854949: Current learning rate: 0.00891
2026-06-23 13:26:55.716630: train_loss -0.2635
2026-06-23 13:26:55.717198: val_loss -0.2439
2026-06-23 13:26:55.717367: Pseudo dice [np.float32(0.695)]
2026-06-23 13:26:55.717539: Epoch time: 44.87 s
2026-06-23 13:26:55.717668: Yayy! New best EMA pseudo Dice: 0.6802999973297119
2026-06-23 13:26:58.638942: 
2026-06-23 13:26:58.639432: Epoch 31
2026-06-23 13:26:58.639622: Current learning rate: 0.00888
2026-06-23 13:27:43.428272: train_loss -0.2583
2026-06-23 13:27:43.428738: val_loss -0.1668
2026-06-23 13:27:43.428889: Pseudo dice [np.float32(0.6633)]
2026-06-23 13:27:43.429059: Epoch time: 44.79 s
2026-06-23 13:27:45.158315: 
2026-06-23 13:27:45.158715: Epoch 32
2026-06-23 13:27:45.159021: Current learning rate: 0.00884
2026-06-23 13:28:29.830029: train_loss -0.2851
2026-06-23 13:28:29.830492: val_loss -0.2305
2026-06-23 13:28:29.830636: Pseudo dice [np.float32(0.6911)]
2026-06-23 13:28:29.830806: Epoch time: 44.68 s
2026-06-23 13:28:32.025885: 
2026-06-23 13:28:32.026391: Epoch 33
2026-06-23 13:28:32.026687: Current learning rate: 0.0088
2026-06-23 13:29:17.068118: train_loss -0.3014
2026-06-23 13:29:17.068733: val_loss -0.1892
2026-06-23 13:29:17.068893: Pseudo dice [np.float32(0.676)]
2026-06-23 13:29:17.069076: Epoch time: 45.05 s
2026-06-23 13:29:18.805177: 
2026-06-23 13:29:18.805714: Epoch 34
2026-06-23 13:29:18.805994: Current learning rate: 0.00877
2026-06-23 13:30:03.598689: train_loss -0.303
2026-06-23 13:30:03.599224: val_loss -0.201
2026-06-23 13:30:03.599366: Pseudo dice [np.float32(0.6776)]
2026-06-23 13:30:03.599533: Epoch time: 44.8 s
2026-06-23 13:30:05.368351: 
2026-06-23 13:30:05.368834: Epoch 35
2026-06-23 13:30:05.369146: Current learning rate: 0.00873
2026-06-23 13:30:50.232018: train_loss -0.3011
2026-06-23 13:30:50.232594: val_loss -0.2381
2026-06-23 13:30:50.232775: Pseudo dice [np.float32(0.6948)]
2026-06-23 13:30:50.232963: Epoch time: 44.87 s
2026-06-23 13:30:50.233104: Yayy! New best EMA pseudo Dice: 0.6808000206947327
2026-06-23 13:30:52.472577: 
2026-06-23 13:30:52.473572: Epoch 36
2026-06-23 13:30:52.473765: Current learning rate: 0.00869
2026-06-23 13:31:37.263225: train_loss -0.2837
2026-06-23 13:31:37.264010: val_loss -0.1833
2026-06-23 13:31:37.264194: Pseudo dice [np.float32(0.6617)]
2026-06-23 13:31:37.264377: Epoch time: 44.79 s
2026-06-23 13:31:39.021276: 
2026-06-23 13:31:39.021626: Epoch 37
2026-06-23 13:31:39.021806: Current learning rate: 0.00866
2026-06-23 13:32:23.717929: train_loss -0.3001
2026-06-23 13:32:23.718479: val_loss -0.2521
2026-06-23 13:32:23.718625: Pseudo dice [np.float32(0.7109)]
2026-06-23 13:32:23.718793: Epoch time: 44.7 s
2026-06-23 13:32:23.718936: Yayy! New best EMA pseudo Dice: 0.6820999979972839
2026-06-23 13:32:25.947100: 
2026-06-23 13:32:25.947582: Epoch 38
2026-06-23 13:32:25.947768: Current learning rate: 0.00862
2026-06-23 13:33:10.782757: train_loss -0.292
2026-06-23 13:33:10.783310: val_loss -0.1653
2026-06-23 13:33:10.783463: Pseudo dice [np.float32(0.664)]
2026-06-23 13:33:10.783685: Epoch time: 44.84 s
2026-06-23 13:33:12.538892: 
2026-06-23 13:33:12.539264: Epoch 39
2026-06-23 13:33:12.539444: Current learning rate: 0.00858
2026-06-23 13:33:57.513503: train_loss -0.2978
2026-06-23 13:33:57.513977: val_loss -0.2043
2026-06-23 13:33:57.514129: Pseudo dice [np.float32(0.6857)]
2026-06-23 13:33:57.514295: Epoch time: 44.98 s
2026-06-23 13:33:59.274112: 
2026-06-23 13:33:59.274460: Epoch 40
2026-06-23 13:33:59.274628: Current learning rate: 0.00855
2026-06-23 13:34:44.121475: train_loss -0.2994
2026-06-23 13:34:44.121987: val_loss -0.2307
2026-06-23 13:34:44.122139: Pseudo dice [np.float32(0.6917)]
2026-06-23 13:34:44.122313: Epoch time: 44.85 s
2026-06-23 13:34:45.886571: 
2026-06-23 13:34:45.886944: Epoch 41
2026-06-23 13:34:45.887233: Current learning rate: 0.00851
2026-06-23 13:35:30.582392: train_loss -0.2973
2026-06-23 13:35:30.582874: val_loss -0.2513
2026-06-23 13:35:30.583019: Pseudo dice [np.float32(0.6892)]
2026-06-23 13:35:30.583190: Epoch time: 44.7 s
2026-06-23 13:35:30.583324: Yayy! New best EMA pseudo Dice: 0.6826000213623047
2026-06-23 13:35:33.230983: 
2026-06-23 13:35:33.231427: Epoch 42
2026-06-23 13:35:33.231608: Current learning rate: 0.00847
2026-06-23 13:36:17.936720: train_loss -0.3118
2026-06-23 13:36:17.937302: val_loss -0.1914
2026-06-23 13:36:17.937476: Pseudo dice [np.float32(0.6694)]
2026-06-23 13:36:17.937651: Epoch time: 44.71 s
2026-06-23 13:36:19.691763: 
2026-06-23 13:36:19.692212: Epoch 43
2026-06-23 13:36:19.692508: Current learning rate: 0.00844
2026-06-23 13:37:04.480209: train_loss -0.3149
2026-06-23 13:37:04.480663: val_loss -0.2676
2026-06-23 13:37:04.480804: Pseudo dice [np.float32(0.7047)]
2026-06-23 13:37:04.480982: Epoch time: 44.79 s
2026-06-23 13:37:04.481106: Yayy! New best EMA pseudo Dice: 0.6836000084877014
2026-06-23 13:37:06.732140: 
2026-06-23 13:37:06.732628: Epoch 44
2026-06-23 13:37:06.732815: Current learning rate: 0.0084
2026-06-23 13:37:51.731196: train_loss -0.3061
2026-06-23 13:37:51.731658: val_loss -0.2555
2026-06-23 13:37:51.731794: Pseudo dice [np.float32(0.7169)]
2026-06-23 13:37:51.731975: Epoch time: 45.0 s
2026-06-23 13:37:51.732110: Yayy! New best EMA pseudo Dice: 0.6869999766349792
2026-06-23 13:37:54.182186: 
2026-06-23 13:37:54.182788: Epoch 45
2026-06-23 13:37:54.183014: Current learning rate: 0.00836
2026-06-23 13:38:39.251450: train_loss -0.3031
2026-06-23 13:38:39.252153: val_loss -0.2376
2026-06-23 13:38:39.252294: Pseudo dice [np.float32(0.706)]
2026-06-23 13:38:39.252464: Epoch time: 45.07 s
2026-06-23 13:38:39.252608: Yayy! New best EMA pseudo Dice: 0.6888999938964844
2026-06-23 13:38:41.459286: 
2026-06-23 13:38:41.459816: Epoch 46
2026-06-23 13:38:41.460108: Current learning rate: 0.00833
2026-06-23 13:39:26.291154: train_loss -0.3084
2026-06-23 13:39:26.291762: val_loss -0.2717
2026-06-23 13:39:26.291916: Pseudo dice [np.float32(0.7242)]
2026-06-23 13:39:26.292086: Epoch time: 44.84 s
2026-06-23 13:39:26.292217: Yayy! New best EMA pseudo Dice: 0.6923999786376953
2026-06-23 13:39:28.494339: 
2026-06-23 13:39:28.494844: Epoch 47
2026-06-23 13:39:28.495043: Current learning rate: 0.00829
2026-06-23 13:40:13.528553: train_loss -0.3106
2026-06-23 13:40:13.529178: val_loss -0.2105
2026-06-23 13:40:13.529345: Pseudo dice [np.float32(0.6984)]
2026-06-23 13:40:13.529522: Epoch time: 45.04 s
2026-06-23 13:40:13.529653: Yayy! New best EMA pseudo Dice: 0.6930000185966492
2026-06-23 13:40:15.735876: 
2026-06-23 13:40:15.736449: Epoch 48
2026-06-23 13:40:15.736735: Current learning rate: 0.00825
2026-06-23 13:41:00.615314: train_loss -0.3121
2026-06-23 13:41:00.615888: val_loss -0.228
2026-06-23 13:41:00.616039: Pseudo dice [np.float32(0.6807)]
2026-06-23 13:41:00.616204: Epoch time: 44.88 s
2026-06-23 13:41:02.352613: 
2026-06-23 13:41:02.353110: Epoch 49
2026-06-23 13:41:02.353382: Current learning rate: 0.00822
2026-06-23 13:41:47.323189: train_loss -0.3067
2026-06-23 13:41:47.323886: val_loss -0.2256
2026-06-23 13:41:47.324058: Pseudo dice [np.float32(0.6734)]
2026-06-23 13:41:47.324229: Epoch time: 44.97 s
2026-06-23 13:41:49.910814: 
2026-06-23 13:41:49.911306: Epoch 50
2026-06-23 13:41:49.911512: Current learning rate: 0.00818
2026-06-23 13:42:34.766436: train_loss -0.3077
2026-06-23 13:42:34.767018: val_loss -0.2259
2026-06-23 13:42:34.767170: Pseudo dice [np.float32(0.6743)]
2026-06-23 13:42:34.767336: Epoch time: 44.86 s
2026-06-23 13:42:36.508484: 
2026-06-23 13:42:36.508910: Epoch 51
2026-06-23 13:42:36.509090: Current learning rate: 0.00814
2026-06-23 13:43:21.482696: train_loss -0.3089
2026-06-23 13:43:21.483288: val_loss -0.2492
2026-06-23 13:43:21.483438: Pseudo dice [np.float32(0.6979)]
2026-06-23 13:43:21.483611: Epoch time: 44.98 s
2026-06-23 13:43:23.225057: 
2026-06-23 13:43:23.225477: Epoch 52
2026-06-23 13:43:23.225743: Current learning rate: 0.00811
2026-06-23 13:44:08.172280: train_loss -0.3126
2026-06-23 13:44:08.172797: val_loss -0.2723
2026-06-23 13:44:08.172951: Pseudo dice [np.float32(0.7066)]
2026-06-23 13:44:08.173118: Epoch time: 44.95 s
2026-06-23 13:44:09.910439: 
2026-06-23 13:44:09.910907: Epoch 53
2026-06-23 13:44:09.911247: Current learning rate: 0.00807
2026-06-23 13:44:55.012601: train_loss -0.322
2026-06-23 13:44:55.013159: val_loss -0.2631
2026-06-23 13:44:55.013308: Pseudo dice [np.float32(0.7208)]
2026-06-23 13:44:55.013484: Epoch time: 45.11 s
2026-06-23 13:44:55.013617: Yayy! New best EMA pseudo Dice: 0.6940000057220459
2026-06-23 13:44:57.239081: 
2026-06-23 13:44:57.239520: Epoch 54
2026-06-23 13:44:57.239725: Current learning rate: 0.00803
2026-06-23 13:45:42.039111: train_loss -0.3178
2026-06-23 13:45:42.039682: val_loss -0.2546
2026-06-23 13:45:42.039864: Pseudo dice [np.float32(0.7116)]
2026-06-23 13:45:42.040056: Epoch time: 44.8 s
2026-06-23 13:45:42.040204: Yayy! New best EMA pseudo Dice: 0.6958000063896179
2026-06-23 13:45:44.272218: 
2026-06-23 13:45:44.272655: Epoch 55
2026-06-23 13:45:44.272857: Current learning rate: 0.008
2026-06-23 13:46:29.054267: train_loss -0.3188
2026-06-23 13:46:29.054788: val_loss -0.2595
2026-06-23 13:46:29.054949: Pseudo dice [np.float32(0.7015)]
2026-06-23 13:46:29.055115: Epoch time: 44.79 s
2026-06-23 13:46:29.055256: Yayy! New best EMA pseudo Dice: 0.696399986743927
2026-06-23 13:46:32.543908: 
2026-06-23 13:46:32.544343: Epoch 56
2026-06-23 13:46:32.544534: Current learning rate: 0.00796
2026-06-23 13:47:17.250055: train_loss -0.3163
2026-06-23 13:47:17.250641: val_loss -0.2534
2026-06-23 13:47:17.250794: Pseudo dice [np.float32(0.6883)]
2026-06-23 13:47:17.250970: Epoch time: 44.71 s
2026-06-23 13:47:18.989634: 
2026-06-23 13:47:18.990029: Epoch 57
2026-06-23 13:47:18.990216: Current learning rate: 0.00792
2026-06-23 13:48:03.712050: train_loss -0.3226
2026-06-23 13:48:03.712533: val_loss -0.267
2026-06-23 13:48:03.712677: Pseudo dice [np.float32(0.6911)]
2026-06-23 13:48:03.712859: Epoch time: 44.73 s
2026-06-23 13:48:05.434213: 
2026-06-23 13:48:05.434774: Epoch 58
2026-06-23 13:48:05.434955: Current learning rate: 0.00789
2026-06-23 13:48:50.161555: train_loss -0.3104
2026-06-23 13:48:50.162185: val_loss -0.2301
2026-06-23 13:48:50.162333: Pseudo dice [np.float32(0.6937)]
2026-06-23 13:48:50.163021: Epoch time: 44.73 s
2026-06-23 13:48:52.303688: 
2026-06-23 13:48:52.304183: Epoch 59
2026-06-23 13:48:52.304461: Current learning rate: 0.00785
2026-06-23 13:49:37.105571: train_loss -0.3212
2026-06-23 13:49:37.106909: val_loss -0.2445
2026-06-23 13:49:37.107111: Pseudo dice [np.float32(0.6969)]
2026-06-23 13:49:37.107350: Epoch time: 44.81 s
2026-06-23 13:49:38.842431: 
2026-06-23 13:49:38.842891: Epoch 60
2026-06-23 13:49:38.843066: Current learning rate: 0.00781
2026-06-23 13:50:23.557360: train_loss -0.3136
2026-06-23 13:50:23.558076: val_loss -0.2457
2026-06-23 13:50:23.558220: Pseudo dice [np.float32(0.7006)]
2026-06-23 13:50:23.558397: Epoch time: 44.72 s
2026-06-23 13:50:25.297117: 
2026-06-23 13:50:25.297595: Epoch 61
2026-06-23 13:50:25.297789: Current learning rate: 0.00777
2026-06-23 13:51:10.165869: train_loss -0.3185
2026-06-23 13:51:10.166394: val_loss -0.2558
2026-06-23 13:51:10.166542: Pseudo dice [np.float32(0.707)]
2026-06-23 13:51:10.166713: Epoch time: 44.87 s
2026-06-23 13:51:10.166862: Yayy! New best EMA pseudo Dice: 0.6967999935150146
2026-06-23 13:51:12.442997: 
2026-06-23 13:51:12.443666: Epoch 62
2026-06-23 13:51:12.444010: Current learning rate: 0.00774
2026-06-23 13:51:57.435268: train_loss -0.3238
2026-06-23 13:51:57.435940: val_loss -0.2274
2026-06-23 13:51:57.436087: Pseudo dice [np.float32(0.6894)]
2026-06-23 13:51:57.436252: Epoch time: 45.0 s
2026-06-23 13:51:59.173614: 
2026-06-23 13:51:59.174077: Epoch 63
2026-06-23 13:51:59.174273: Current learning rate: 0.0077
2026-06-23 13:52:44.024898: train_loss -0.3265
2026-06-23 13:52:44.025431: val_loss -0.2523
2026-06-23 13:52:44.025582: Pseudo dice [np.float32(0.6982)]
2026-06-23 13:52:44.025749: Epoch time: 44.85 s
2026-06-23 13:52:45.757005: 
2026-06-23 13:52:45.757503: Epoch 64
2026-06-23 13:52:45.757781: Current learning rate: 0.00766
2026-06-23 13:53:30.678021: train_loss -0.3249
2026-06-23 13:53:30.681601: val_loss -0.2534
2026-06-23 13:53:30.681759: Pseudo dice [np.float32(0.7076)]
2026-06-23 13:53:30.681941: Epoch time: 44.92 s
2026-06-23 13:53:30.682079: Yayy! New best EMA pseudo Dice: 0.6973999738693237
2026-06-23 13:53:32.894604: 
2026-06-23 13:53:32.894962: Epoch 65
2026-06-23 13:53:32.895139: Current learning rate: 0.00763
2026-06-23 13:54:17.825477: train_loss -0.3229
2026-06-23 13:54:17.825986: val_loss -0.2482
2026-06-23 13:54:17.826128: Pseudo dice [np.float32(0.6891)]
2026-06-23 13:54:17.826294: Epoch time: 44.93 s
2026-06-23 13:54:19.577891: 
2026-06-23 13:54:19.578395: Epoch 66
2026-06-23 13:54:19.578580: Current learning rate: 0.00759
2026-06-23 13:55:04.363038: train_loss -0.3315
2026-06-23 13:55:04.363622: val_loss -0.2346
2026-06-23 13:55:04.363768: Pseudo dice [np.float32(0.7002)]
2026-06-23 13:55:04.363948: Epoch time: 44.79 s
2026-06-23 13:55:06.110795: 
2026-06-23 13:55:06.111270: Epoch 67
2026-06-23 13:55:06.111577: Current learning rate: 0.00755
2026-06-23 13:55:50.898983: train_loss -0.3317
2026-06-23 13:55:50.899580: val_loss -0.2553
2026-06-23 13:55:50.899743: Pseudo dice [np.float32(0.7063)]
2026-06-23 13:55:50.899927: Epoch time: 44.79 s
2026-06-23 13:55:50.900067: Yayy! New best EMA pseudo Dice: 0.6978999972343445
2026-06-23 13:55:53.641111: 
2026-06-23 13:55:53.641564: Epoch 68
2026-06-23 13:55:53.641750: Current learning rate: 0.00751
2026-06-23 13:56:38.537032: train_loss -0.324
2026-06-23 13:56:38.537628: val_loss -0.2185
2026-06-23 13:56:38.537802: Pseudo dice [np.float32(0.6809)]
2026-06-23 13:56:38.538011: Epoch time: 44.9 s
2026-06-23 13:56:40.299937: 
2026-06-23 13:56:40.300383: Epoch 69
2026-06-23 13:56:40.300586: Current learning rate: 0.00748
2026-06-23 13:57:25.127513: train_loss -0.324
2026-06-23 13:57:25.128011: val_loss -0.2031
2026-06-23 13:57:25.128163: Pseudo dice [np.float32(0.6796)]
2026-06-23 13:57:25.128328: Epoch time: 44.83 s
2026-06-23 13:57:26.891408: 
2026-06-23 13:57:26.891882: Epoch 70
2026-06-23 13:57:26.892158: Current learning rate: 0.00744
2026-06-23 13:58:11.690694: train_loss -0.3247
2026-06-23 13:58:11.691303: val_loss -0.2337
2026-06-23 13:58:11.691451: Pseudo dice [np.float32(0.6809)]
2026-06-23 13:58:11.691616: Epoch time: 44.8 s
2026-06-23 13:58:13.452298: 
2026-06-23 13:58:13.452744: Epoch 71
2026-06-23 13:58:13.452938: Current learning rate: 0.0074
2026-06-23 13:58:58.214471: train_loss -0.3233
2026-06-23 13:58:58.215143: val_loss -0.2691
2026-06-23 13:58:58.215312: Pseudo dice [np.float32(0.7046)]
2026-06-23 13:58:58.215488: Epoch time: 44.77 s
2026-06-23 13:58:59.971268: 
2026-06-23 13:58:59.971719: Epoch 72
2026-06-23 13:58:59.972030: Current learning rate: 0.00737
2026-06-23 13:59:44.702309: train_loss -0.3243
2026-06-23 13:59:44.703225: val_loss -0.2168
2026-06-23 13:59:44.703632: Pseudo dice [np.float32(0.6967)]
2026-06-23 13:59:44.703820: Epoch time: 44.73 s
2026-06-23 13:59:46.472765: 
2026-06-23 13:59:46.473197: Epoch 73
2026-06-23 13:59:46.473504: Current learning rate: 0.00733
2026-06-23 14:00:31.222721: train_loss -0.329
2026-06-23 14:00:31.223346: val_loss -0.2753
2026-06-23 14:00:31.223497: Pseudo dice [np.float32(0.715)]
2026-06-23 14:00:31.223673: Epoch time: 44.75 s
2026-06-23 14:00:32.986316: 
2026-06-23 14:00:32.986717: Epoch 74
2026-06-23 14:00:32.987025: Current learning rate: 0.00729
2026-06-23 14:01:17.982936: train_loss -0.3338
2026-06-23 14:01:17.983636: val_loss -0.2641
2026-06-23 14:01:17.983783: Pseudo dice [np.float32(0.6912)]
2026-06-23 14:01:17.983952: Epoch time: 45.0 s
2026-06-23 14:01:19.740835: 
2026-06-23 14:01:19.741334: Epoch 75
2026-06-23 14:01:19.741524: Current learning rate: 0.00725
2026-06-23 14:02:04.574578: train_loss -0.3358
2026-06-23 14:02:04.575053: val_loss -0.2607
2026-06-23 14:02:04.575206: Pseudo dice [np.float32(0.7019)]
2026-06-23 14:02:04.575378: Epoch time: 44.84 s
2026-06-23 14:02:06.748749: 
2026-06-23 14:02:06.749202: Epoch 76
2026-06-23 14:02:06.749384: Current learning rate: 0.00722
2026-06-23 14:02:51.663233: train_loss -0.3272
2026-06-23 14:02:51.663860: val_loss -0.2518
2026-06-23 14:02:51.664006: Pseudo dice [np.float32(0.7086)]
2026-06-23 14:02:51.664186: Epoch time: 44.92 s
2026-06-23 14:02:53.424818: 
2026-06-23 14:02:53.425449: Epoch 77
2026-06-23 14:02:53.425798: Current learning rate: 0.00718
2026-06-23 14:03:38.434099: train_loss -0.3348
2026-06-23 14:03:38.434635: val_loss -0.2251
2026-06-23 14:03:38.434787: Pseudo dice [np.float32(0.6962)]
2026-06-23 14:03:38.434971: Epoch time: 45.01 s
2026-06-23 14:03:40.241317: 
2026-06-23 14:03:40.241795: Epoch 78
2026-06-23 14:03:40.241984: Current learning rate: 0.00714
2026-06-23 14:04:25.176043: train_loss -0.3223
2026-06-23 14:04:25.176898: val_loss -0.2444
2026-06-23 14:04:25.177049: Pseudo dice [np.float32(0.7075)]
2026-06-23 14:04:25.177222: Epoch time: 44.94 s
2026-06-23 14:04:25.177353: Yayy! New best EMA pseudo Dice: 0.6987000107765198
2026-06-23 14:04:27.511356: 
2026-06-23 14:04:27.511708: Epoch 79
2026-06-23 14:04:27.511893: Current learning rate: 0.0071
2026-06-23 14:05:12.399047: train_loss -0.3301
2026-06-23 14:05:12.399576: val_loss -0.2292
2026-06-23 14:05:12.399721: Pseudo dice [np.float32(0.6882)]
2026-06-23 14:05:12.399909: Epoch time: 44.89 s
2026-06-23 14:05:14.202780: 
2026-06-23 14:05:14.203424: Epoch 80
2026-06-23 14:05:14.203615: Current learning rate: 0.00707
2026-06-23 14:05:58.992597: train_loss -0.3328
2026-06-23 14:05:58.993117: val_loss -0.2351
2026-06-23 14:05:58.993269: Pseudo dice [np.float32(0.7099)]
2026-06-23 14:05:58.993437: Epoch time: 44.79 s
2026-06-23 14:05:58.993565: Yayy! New best EMA pseudo Dice: 0.6988000273704529
2026-06-23 14:06:01.279150: 
2026-06-23 14:06:01.279665: Epoch 81
2026-06-23 14:06:01.279982: Current learning rate: 0.00703
2026-06-23 14:06:46.215911: train_loss -0.33
2026-06-23 14:06:46.216486: val_loss -0.1953
2026-06-23 14:06:46.216638: Pseudo dice [np.float32(0.6751)]
2026-06-23 14:06:46.216815: Epoch time: 44.94 s
2026-06-23 14:06:48.010846: 
2026-06-23 14:06:48.011186: Epoch 82
2026-06-23 14:06:48.011363: Current learning rate: 0.00699
2026-06-23 14:07:32.818656: train_loss -0.3262
2026-06-23 14:07:32.819380: val_loss -0.2415
2026-06-23 14:07:32.819536: Pseudo dice [np.float32(0.6987)]
2026-06-23 14:07:32.820397: Epoch time: 44.81 s
2026-06-23 14:07:34.606813: 
2026-06-23 14:07:34.607683: Epoch 83
2026-06-23 14:07:34.607954: Current learning rate: 0.00696
2026-06-23 14:08:19.490438: train_loss -0.3285
2026-06-23 14:08:19.491058: val_loss -0.2463
2026-06-23 14:08:19.491224: Pseudo dice [np.float32(0.699)]
2026-06-23 14:08:19.491399: Epoch time: 44.89 s
2026-06-23 14:08:21.231963: 
2026-06-23 14:08:21.232670: Epoch 84
2026-06-23 14:08:21.232879: Current learning rate: 0.00692
2026-06-23 14:09:06.135680: train_loss -0.2943
2026-06-23 14:09:06.136241: val_loss -0.258
2026-06-23 14:09:06.136390: Pseudo dice [np.float32(0.705)]
2026-06-23 14:09:06.136595: Epoch time: 44.91 s
2026-06-23 14:09:08.310802: 
2026-06-23 14:09:08.311162: Epoch 85
2026-06-23 14:09:08.311460: Current learning rate: 0.00688
2026-06-23 14:09:53.142241: train_loss -0.3099
2026-06-23 14:09:53.142872: val_loss -0.1996
2026-06-23 14:09:53.143017: Pseudo dice [np.float32(0.6662)]
2026-06-23 14:09:53.143188: Epoch time: 44.83 s
2026-06-23 14:09:54.875398: 
2026-06-23 14:09:54.876003: Epoch 86
2026-06-23 14:09:54.876358: Current learning rate: 0.00684
2026-06-23 14:10:39.716057: train_loss -0.3253
2026-06-23 14:10:39.716645: val_loss -0.2684
2026-06-23 14:10:39.716809: Pseudo dice [np.float32(0.698)]
2026-06-23 14:10:39.716990: Epoch time: 44.84 s
2026-06-23 14:10:41.446961: 
2026-06-23 14:10:41.447395: Epoch 87
2026-06-23 14:10:41.447577: Current learning rate: 0.0068
2026-06-23 14:11:26.178808: train_loss -0.3259
2026-06-23 14:11:26.179408: val_loss -0.2678
2026-06-23 14:11:26.179576: Pseudo dice [np.float32(0.7231)]
2026-06-23 14:11:26.179753: Epoch time: 44.73 s
2026-06-23 14:11:27.908114: 
2026-06-23 14:11:27.908370: Epoch 88
2026-06-23 14:11:27.908547: Current learning rate: 0.00677
2026-06-23 14:12:12.708506: train_loss -0.3203
2026-06-23 14:12:12.709090: val_loss -0.2741
2026-06-23 14:12:12.709236: Pseudo dice [np.float32(0.71)]
2026-06-23 14:12:12.709404: Epoch time: 44.8 s
2026-06-23 14:12:12.709539: Yayy! New best EMA pseudo Dice: 0.6990000009536743
2026-06-23 14:12:14.988169: 
2026-06-23 14:12:14.988696: Epoch 89
2026-06-23 14:12:14.989025: Current learning rate: 0.00673
2026-06-23 14:12:59.801008: train_loss -0.316
2026-06-23 14:12:59.801592: val_loss -0.2888
2026-06-23 14:12:59.801736: Pseudo dice [np.float32(0.7236)]
2026-06-23 14:12:59.801919: Epoch time: 44.82 s
2026-06-23 14:12:59.802048: Yayy! New best EMA pseudo Dice: 0.7013999819755554
2026-06-23 14:13:02.027407: 
2026-06-23 14:13:02.027881: Epoch 90
2026-06-23 14:13:02.028074: Current learning rate: 0.00669
2026-06-23 14:13:46.772526: train_loss -0.3272
2026-06-23 14:13:46.772996: val_loss -0.2451
2026-06-23 14:13:46.773135: Pseudo dice [np.float32(0.7039)]
2026-06-23 14:13:46.773301: Epoch time: 44.75 s
2026-06-23 14:13:46.773424: Yayy! New best EMA pseudo Dice: 0.70169997215271
2026-06-23 14:13:48.991828: 
2026-06-23 14:13:48.992306: Epoch 91
2026-06-23 14:13:48.992584: Current learning rate: 0.00665
2026-06-23 14:14:33.985504: train_loss -0.3336
2026-06-23 14:14:33.986000: val_loss -0.2618
2026-06-23 14:14:33.986139: Pseudo dice [np.float32(0.7029)]
2026-06-23 14:14:33.986307: Epoch time: 45.0 s
2026-06-23 14:14:33.986444: Yayy! New best EMA pseudo Dice: 0.7017999887466431
2026-06-23 14:14:36.372901: 
2026-06-23 14:14:36.373313: Epoch 92
2026-06-23 14:14:36.373519: Current learning rate: 0.00662
2026-06-23 14:15:21.224264: train_loss -0.3377
2026-06-23 14:15:21.224723: val_loss -0.2252
2026-06-23 14:15:21.224880: Pseudo dice [np.float32(0.691)]
2026-06-23 14:15:21.225054: Epoch time: 44.85 s
2026-06-23 14:15:23.390866: 
2026-06-23 14:15:23.391225: Epoch 93
2026-06-23 14:15:23.391397: Current learning rate: 0.00658
2026-06-23 14:16:08.190916: train_loss -0.3156
2026-06-23 14:16:08.191432: val_loss -0.2361
2026-06-23 14:16:08.191578: Pseudo dice [np.float32(0.6945)]
2026-06-23 14:16:08.191743: Epoch time: 44.8 s
2026-06-23 14:16:09.930959: 
2026-06-23 14:16:09.931419: Epoch 94
2026-06-23 14:16:09.931625: Current learning rate: 0.00654
2026-06-23 14:16:54.742756: train_loss -0.3021
2026-06-23 14:16:54.743388: val_loss -0.2176
2026-06-23 14:16:54.743532: Pseudo dice [np.float32(0.67)]
2026-06-23 14:16:54.743706: Epoch time: 44.81 s
2026-06-23 14:16:56.493639: 
2026-06-23 14:16:56.494145: Epoch 95
2026-06-23 14:16:56.494436: Current learning rate: 0.0065
2026-06-23 14:17:41.341869: train_loss -0.3207
2026-06-23 14:17:41.342366: val_loss -0.212
2026-06-23 14:17:41.342516: Pseudo dice [np.float32(0.6972)]
2026-06-23 14:17:41.342685: Epoch time: 44.85 s
2026-06-23 14:17:43.096632: 
2026-06-23 14:17:43.097107: Epoch 96
2026-06-23 14:17:43.097380: Current learning rate: 0.00647
2026-06-23 14:18:28.058563: train_loss -0.3334
2026-06-23 14:18:28.059072: val_loss -0.2172
2026-06-23 14:18:28.059215: Pseudo dice [np.float32(0.6802)]
2026-06-23 14:18:28.059381: Epoch time: 44.97 s
2026-06-23 14:18:29.826385: 
2026-06-23 14:18:29.826979: Epoch 97
2026-06-23 14:18:29.827187: Current learning rate: 0.00643
2026-06-23 14:19:14.590125: train_loss -0.3264
2026-06-23 14:19:14.590646: val_loss -0.2718
2026-06-23 14:19:14.590805: Pseudo dice [np.float32(0.7014)]
2026-06-23 14:19:14.590986: Epoch time: 44.77 s
2026-06-23 14:19:16.351243: 
2026-06-23 14:19:16.351778: Epoch 98
2026-06-23 14:19:16.352084: Current learning rate: 0.00639
2026-06-23 14:20:01.431606: train_loss -0.326
2026-06-23 14:20:01.432229: val_loss -0.2462
2026-06-23 14:20:01.432409: Pseudo dice [np.float32(0.7007)]
2026-06-23 14:20:01.432595: Epoch time: 45.08 s
2026-06-23 14:20:03.186712: 
2026-06-23 14:20:03.187369: Epoch 99
2026-06-23 14:20:03.187653: Current learning rate: 0.00635
2026-06-23 14:20:48.260803: train_loss -0.3282
2026-06-23 14:20:48.261273: val_loss -0.234
2026-06-23 14:20:48.261417: Pseudo dice [np.float32(0.6964)]
2026-06-23 14:20:48.261583: Epoch time: 45.08 s
2026-06-23 14:20:50.597517: 
2026-06-23 14:20:50.598021: Epoch 100
2026-06-23 14:20:50.598350: Current learning rate: 0.00631
2026-06-23 14:21:35.946157: train_loss -0.3307
2026-06-23 14:21:35.946688: val_loss -0.2446
2026-06-23 14:21:35.946841: Pseudo dice [np.float32(0.7035)]
2026-06-23 14:21:35.947019: Epoch time: 45.35 s
2026-06-23 14:21:37.697904: 
2026-06-23 14:21:37.698214: Epoch 101
2026-06-23 14:21:37.698397: Current learning rate: 0.00628
2026-06-23 14:22:22.614217: train_loss -0.3305
2026-06-23 14:22:22.614728: val_loss -0.2307
2026-06-23 14:22:22.614875: Pseudo dice [np.float32(0.6997)]
2026-06-23 14:22:22.615044: Epoch time: 44.92 s
2026-06-23 14:22:24.774622: 
2026-06-23 14:22:24.775112: Epoch 102
2026-06-23 14:22:24.775323: Current learning rate: 0.00624
2026-06-23 14:23:09.607181: train_loss -0.3303
2026-06-23 14:23:09.607732: val_loss -0.2702
2026-06-23 14:23:09.607887: Pseudo dice [np.float32(0.7196)]
2026-06-23 14:23:09.608059: Epoch time: 44.84 s
2026-06-23 14:23:11.413624: 
2026-06-23 14:23:11.414154: Epoch 103
2026-06-23 14:23:11.414451: Current learning rate: 0.0062
2026-06-23 14:23:56.341699: train_loss -0.3307
2026-06-23 14:23:56.342224: val_loss -0.2533
2026-06-23 14:23:56.342362: Pseudo dice [np.float32(0.7017)]
2026-06-23 14:23:56.342532: Epoch time: 44.93 s
2026-06-23 14:23:58.107020: 
2026-06-23 14:23:58.107560: Epoch 104
2026-06-23 14:23:58.107857: Current learning rate: 0.00616
2026-06-23 14:24:43.093693: train_loss -0.3331
2026-06-23 14:24:43.094329: val_loss -0.1904
2026-06-23 14:24:43.094484: Pseudo dice [np.float32(0.6876)]
2026-06-23 14:24:43.094654: Epoch time: 44.99 s
2026-06-23 14:24:44.872329: 
2026-06-23 14:24:44.872802: Epoch 105
2026-06-23 14:24:44.872993: Current learning rate: 0.00612
2026-06-23 14:25:30.110089: train_loss -0.3317
2026-06-23 14:25:30.110672: val_loss -0.2233
2026-06-23 14:25:30.110836: Pseudo dice [np.float32(0.6865)]
2026-06-23 14:25:30.111017: Epoch time: 45.24 s
2026-06-23 14:25:31.880726: 
2026-06-23 14:25:31.881055: Epoch 106
2026-06-23 14:25:31.881227: Current learning rate: 0.00609
2026-06-23 14:26:16.838488: train_loss -0.3303
2026-06-23 14:26:16.839143: val_loss -0.2607
2026-06-23 14:26:16.839296: Pseudo dice [np.float32(0.7119)]
2026-06-23 14:26:16.839469: Epoch time: 44.96 s
2026-06-23 14:26:18.612486: 
2026-06-23 14:26:18.613007: Epoch 107
2026-06-23 14:26:18.613308: Current learning rate: 0.00605
2026-06-23 14:27:03.643442: train_loss -0.3279
2026-06-23 14:27:03.643979: val_loss -0.2399
2026-06-23 14:27:03.644132: Pseudo dice [np.float32(0.6857)]
2026-06-23 14:27:03.644301: Epoch time: 45.03 s
2026-06-23 14:27:05.420596: 
2026-06-23 14:27:05.421101: Epoch 108
2026-06-23 14:27:05.421441: Current learning rate: 0.00601
2026-06-23 14:27:50.482860: train_loss -0.3383
2026-06-23 14:27:50.483330: val_loss -0.2007
2026-06-23 14:27:50.483535: Pseudo dice [np.float32(0.6726)]
2026-06-23 14:27:50.483705: Epoch time: 45.07 s
2026-06-23 14:27:52.258128: 
2026-06-23 14:27:52.258574: Epoch 109
2026-06-23 14:27:52.258765: Current learning rate: 0.00597
2026-06-23 14:28:37.184146: train_loss -0.3307
2026-06-23 14:28:37.184799: val_loss -0.1522
2026-06-23 14:28:37.184959: Pseudo dice [np.float32(0.6497)]
2026-06-23 14:28:37.185131: Epoch time: 44.93 s
2026-06-23 14:28:38.949627: 
2026-06-23 14:28:38.950052: Epoch 110
2026-06-23 14:28:38.950242: Current learning rate: 0.00593
2026-06-23 14:29:23.698427: train_loss -0.3313
2026-06-23 14:29:23.698860: val_loss -0.2438
2026-06-23 14:29:23.699006: Pseudo dice [np.float32(0.6994)]
2026-06-23 14:29:23.699184: Epoch time: 44.75 s
2026-06-23 14:29:25.895299: 
2026-06-23 14:29:25.895864: Epoch 111
2026-06-23 14:29:25.896153: Current learning rate: 0.0059
2026-06-23 14:30:10.684306: train_loss -0.3389
2026-06-23 14:30:10.685092: val_loss -0.2447
2026-06-23 14:30:10.685235: Pseudo dice [np.float32(0.708)]
2026-06-23 14:30:10.685405: Epoch time: 44.79 s
2026-06-23 14:30:12.436488: 
2026-06-23 14:30:12.436939: Epoch 112
2026-06-23 14:30:12.437230: Current learning rate: 0.00586
2026-06-23 14:30:57.261500: train_loss -0.3447
2026-06-23 14:30:57.262106: val_loss -0.255
2026-06-23 14:30:57.262252: Pseudo dice [np.float32(0.6975)]
2026-06-23 14:30:57.262428: Epoch time: 44.83 s
2026-06-23 14:30:58.994459: 
2026-06-23 14:30:58.994927: Epoch 113
2026-06-23 14:30:58.995115: Current learning rate: 0.00582
2026-06-23 14:31:43.775130: train_loss -0.3333
2026-06-23 14:31:43.775651: val_loss -0.2645
2026-06-23 14:31:43.775803: Pseudo dice [np.float32(0.7045)]
2026-06-23 14:31:43.775995: Epoch time: 44.78 s
2026-06-23 14:31:45.515173: 
2026-06-23 14:31:45.515685: Epoch 114
2026-06-23 14:31:45.515985: Current learning rate: 0.00578
2026-06-23 14:32:30.276177: train_loss -0.3425
2026-06-23 14:32:30.276729: val_loss -0.2558
2026-06-23 14:32:30.276891: Pseudo dice [np.float32(0.7005)]
2026-06-23 14:32:30.277068: Epoch time: 44.76 s
2026-06-23 14:32:32.018720: 
2026-06-23 14:32:32.019232: Epoch 115
2026-06-23 14:32:32.019584: Current learning rate: 0.00574
2026-06-23 14:33:17.213351: train_loss -0.3394
2026-06-23 14:33:17.213962: val_loss -0.2154
2026-06-23 14:33:17.214131: Pseudo dice [np.float32(0.7001)]
2026-06-23 14:33:17.214303: Epoch time: 45.2 s
2026-06-23 14:33:19.023426: 
2026-06-23 14:33:19.024001: Epoch 116
2026-06-23 14:33:19.024332: Current learning rate: 0.0057
2026-06-23 14:34:04.037744: train_loss -0.3327
2026-06-23 14:34:04.038258: val_loss -0.2495
2026-06-23 14:34:04.038404: Pseudo dice [np.float32(0.6969)]
2026-06-23 14:34:04.038572: Epoch time: 45.02 s
2026-06-23 14:34:05.854918: 
2026-06-23 14:34:05.855305: Epoch 117
2026-06-23 14:34:05.855491: Current learning rate: 0.00567
2026-06-23 14:34:50.765388: train_loss -0.3343
2026-06-23 14:34:50.765910: val_loss -0.2014
2026-06-23 14:34:50.766052: Pseudo dice [np.float32(0.679)]
2026-06-23 14:34:50.766219: Epoch time: 44.91 s
2026-06-23 14:34:52.532984: 
2026-06-23 14:34:52.533459: Epoch 118
2026-06-23 14:34:52.533667: Current learning rate: 0.00563
2026-06-23 14:35:37.463708: train_loss -0.3299
2026-06-23 14:35:37.467035: val_loss -0.2538
2026-06-23 14:35:37.467281: Pseudo dice [np.float32(0.7046)]
2026-06-23 14:35:37.467469: Epoch time: 44.93 s
2026-06-23 14:35:39.271723: 
2026-06-23 14:35:39.272287: Epoch 119
2026-06-23 14:35:39.272685: Current learning rate: 0.00559
2026-06-23 14:36:24.219670: train_loss -0.3401
2026-06-23 14:36:24.220177: val_loss -0.2331
2026-06-23 14:36:24.220320: Pseudo dice [np.float32(0.6968)]
2026-06-23 14:36:24.220488: Epoch time: 44.95 s
2026-06-23 14:36:26.446652: 
2026-06-23 14:36:26.447151: Epoch 120
2026-06-23 14:36:26.447337: Current learning rate: 0.00555
2026-06-23 14:37:11.342019: train_loss -0.3344
2026-06-23 14:37:11.342649: val_loss -0.2352
2026-06-23 14:37:11.342805: Pseudo dice [np.float32(0.7198)]
2026-06-23 14:37:11.342987: Epoch time: 44.9 s
2026-06-23 14:37:13.109908: 
2026-06-23 14:37:13.110418: Epoch 121
2026-06-23 14:37:13.110650: Current learning rate: 0.00551
2026-06-23 14:37:58.000535: train_loss -0.3375
2026-06-23 14:37:58.001125: val_loss -0.2732
2026-06-23 14:37:58.001273: Pseudo dice [np.float32(0.7162)]
2026-06-23 14:37:58.001441: Epoch time: 44.89 s
2026-06-23 14:37:59.767496: 
2026-06-23 14:37:59.768210: Epoch 122
2026-06-23 14:37:59.768396: Current learning rate: 0.00547
2026-06-23 14:38:44.647519: train_loss -0.3432
2026-06-23 14:38:44.648155: val_loss -0.2353
2026-06-23 14:38:44.648301: Pseudo dice [np.float32(0.6814)]
2026-06-23 14:38:44.648473: Epoch time: 44.88 s
2026-06-23 14:38:46.407539: 
2026-06-23 14:38:46.407951: Epoch 123
2026-06-23 14:38:46.408156: Current learning rate: 0.00544
2026-06-23 14:39:31.146401: train_loss -0.3394
2026-06-23 14:39:31.146982: val_loss -0.2448
2026-06-23 14:39:31.147132: Pseudo dice [np.float32(0.7028)]
2026-06-23 14:39:31.147298: Epoch time: 44.74 s
2026-06-23 14:39:32.918245: 
2026-06-23 14:39:32.918715: Epoch 124
2026-06-23 14:39:32.918943: Current learning rate: 0.0054
2026-06-23 14:40:17.696321: train_loss -0.333
2026-06-23 14:40:17.696870: val_loss -0.2482
2026-06-23 14:40:17.697019: Pseudo dice [np.float32(0.7093)]
2026-06-23 14:40:17.697187: Epoch time: 44.78 s
2026-06-23 14:40:19.466324: 
2026-06-23 14:40:19.466755: Epoch 125
2026-06-23 14:40:19.466993: Current learning rate: 0.00536
2026-06-23 14:41:04.163841: train_loss -0.3399
2026-06-23 14:41:04.164444: val_loss -0.2225
2026-06-23 14:41:04.164589: Pseudo dice [np.float32(0.7063)]
2026-06-23 14:41:04.164757: Epoch time: 44.7 s
2026-06-23 14:41:05.920364: 
2026-06-23 14:41:05.920809: Epoch 126
2026-06-23 14:41:05.920994: Current learning rate: 0.00532
2026-06-23 14:41:50.682058: train_loss -0.3489
2026-06-23 14:41:50.682616: val_loss -0.2485
2026-06-23 14:41:50.682760: Pseudo dice [np.float32(0.7044)]
2026-06-23 14:41:50.682933: Epoch time: 44.76 s
2026-06-23 14:41:52.442190: 
2026-06-23 14:41:52.442778: Epoch 127
2026-06-23 14:41:52.443071: Current learning rate: 0.00528
2026-06-23 14:42:37.246214: train_loss -0.3315
2026-06-23 14:42:37.246831: val_loss -0.2193
2026-06-23 14:42:37.246981: Pseudo dice [np.float32(0.6931)]
2026-06-23 14:42:37.247150: Epoch time: 44.81 s
2026-06-23 14:42:39.003559: 
2026-06-23 14:42:39.004067: Epoch 128
2026-06-23 14:42:39.004271: Current learning rate: 0.00524
2026-06-23 14:43:23.748016: train_loss -0.3397
2026-06-23 14:43:23.748444: val_loss -0.2488
2026-06-23 14:43:23.748584: Pseudo dice [np.float32(0.688)]
2026-06-23 14:43:23.748750: Epoch time: 44.75 s
2026-06-23 14:43:25.899189: 
2026-06-23 14:43:25.899628: Epoch 129
2026-06-23 14:43:25.899802: Current learning rate: 0.0052
2026-06-23 14:44:10.723811: train_loss -0.3398
2026-06-23 14:44:10.724773: val_loss -0.2349
2026-06-23 14:44:10.724943: Pseudo dice [np.float32(0.6893)]
2026-06-23 14:44:10.725134: Epoch time: 44.83 s
2026-06-23 14:44:12.525977: 
2026-06-23 14:44:12.526576: Epoch 130
2026-06-23 14:44:12.526787: Current learning rate: 0.00517
2026-06-23 14:44:57.222999: train_loss -0.3398
2026-06-23 14:44:57.223546: val_loss -0.2771
2026-06-23 14:44:57.223691: Pseudo dice [np.float32(0.7195)]
2026-06-23 14:44:57.223867: Epoch time: 44.7 s
2026-06-23 14:44:59.002549: 
2026-06-23 14:44:59.003172: Epoch 131
2026-06-23 14:44:59.003523: Current learning rate: 0.00513
2026-06-23 14:45:43.824662: train_loss -0.337
2026-06-23 14:45:43.825154: val_loss -0.2475
2026-06-23 14:45:43.825295: Pseudo dice [np.float32(0.7074)]
2026-06-23 14:45:43.825467: Epoch time: 44.83 s
2026-06-23 14:45:45.597420: 
2026-06-23 14:45:45.597966: Epoch 132
2026-06-23 14:45:45.598248: Current learning rate: 0.00509
2026-06-23 14:46:30.352735: train_loss -0.3415
2026-06-23 14:46:30.353343: val_loss -0.2069
2026-06-23 14:46:30.353483: Pseudo dice [np.float32(0.6773)]
2026-06-23 14:46:30.353648: Epoch time: 44.76 s
2026-06-23 14:46:32.123660: 
2026-06-23 14:46:32.124125: Epoch 133
2026-06-23 14:46:32.124400: Current learning rate: 0.00505
2026-06-23 14:47:16.943686: train_loss -0.3419
2026-06-23 14:47:16.944179: val_loss -0.2601
2026-06-23 14:47:16.944318: Pseudo dice [np.float32(0.7198)]
2026-06-23 14:47:16.944489: Epoch time: 44.82 s
2026-06-23 14:47:18.710861: 
2026-06-23 14:47:18.711283: Epoch 134
2026-06-23 14:47:18.711581: Current learning rate: 0.00501
2026-06-23 14:48:03.490055: train_loss -0.3419
2026-06-23 14:48:03.490712: val_loss -0.24
2026-06-23 14:48:03.490885: Pseudo dice [np.float32(0.7039)]
2026-06-23 14:48:03.491061: Epoch time: 44.78 s
2026-06-23 14:48:05.277039: 
2026-06-23 14:48:05.277509: Epoch 135
2026-06-23 14:48:05.277689: Current learning rate: 0.00497
2026-06-23 14:48:50.080580: train_loss -0.3334
2026-06-23 14:48:50.081036: val_loss -0.2665
2026-06-23 14:48:50.081182: Pseudo dice [np.float32(0.7121)]
2026-06-23 14:48:50.081357: Epoch time: 44.81 s
2026-06-23 14:48:50.081495: Yayy! New best EMA pseudo Dice: 0.7019000053405762
2026-06-23 14:48:53.948539: 
2026-06-23 14:48:53.949050: Epoch 136
2026-06-23 14:48:53.949250: Current learning rate: 0.00493
2026-06-23 14:49:38.708534: train_loss -0.3455
2026-06-23 14:49:38.709048: val_loss -0.2415
2026-06-23 14:49:38.709198: Pseudo dice [np.float32(0.7131)]
2026-06-23 14:49:38.709384: Epoch time: 44.76 s
2026-06-23 14:49:38.709527: Yayy! New best EMA pseudo Dice: 0.703000009059906
2026-06-23 14:49:40.990084: 
2026-06-23 14:49:40.990435: Epoch 137
2026-06-23 14:49:40.990619: Current learning rate: 0.00489
2026-06-23 14:50:25.747438: train_loss -0.3453
2026-06-23 14:50:25.748015: val_loss -0.2972
2026-06-23 14:50:25.748173: Pseudo dice [np.float32(0.7182)]
2026-06-23 14:50:25.748354: Epoch time: 44.76 s
2026-06-23 14:50:25.748487: Yayy! New best EMA pseudo Dice: 0.7045000195503235
2026-06-23 14:50:28.605688: 
2026-06-23 14:50:28.606204: Epoch 138
2026-06-23 14:50:28.606512: Current learning rate: 0.00485
2026-06-23 14:51:13.661324: train_loss -0.3343
2026-06-23 14:51:13.662001: val_loss -0.2326
2026-06-23 14:51:13.662180: Pseudo dice [np.float32(0.704)]
2026-06-23 14:51:13.662358: Epoch time: 45.06 s
2026-06-23 14:51:15.447160: 
2026-06-23 14:51:15.447663: Epoch 139
2026-06-23 14:51:15.447962: Current learning rate: 0.00482
2026-06-23 14:52:00.538500: train_loss -0.3299
2026-06-23 14:52:00.539208: val_loss -0.2352
2026-06-23 14:52:00.539383: Pseudo dice [np.float32(0.6912)]
2026-06-23 14:52:00.539553: Epoch time: 45.09 s
2026-06-23 14:52:02.328575: 
2026-06-23 14:52:02.329097: Epoch 140
2026-06-23 14:52:02.329392: Current learning rate: 0.00478
2026-06-23 14:52:47.211633: train_loss -0.3327
2026-06-23 14:52:47.212152: val_loss -0.2436
2026-06-23 14:52:47.212315: Pseudo dice [np.float32(0.692)]
2026-06-23 14:52:47.212522: Epoch time: 44.89 s
2026-06-23 14:52:48.999492: 
2026-06-23 14:52:48.999860: Epoch 141
2026-06-23 14:52:49.000042: Current learning rate: 0.00474
2026-06-23 14:53:33.677436: train_loss -0.3465
2026-06-23 14:53:33.680607: val_loss -0.2184
2026-06-23 14:53:33.680755: Pseudo dice [np.float32(0.6989)]
2026-06-23 14:53:33.680934: Epoch time: 44.68 s
2026-06-23 14:53:35.469570: 
2026-06-23 14:53:35.470111: Epoch 142
2026-06-23 14:53:35.470408: Current learning rate: 0.0047
2026-06-23 14:54:20.320275: train_loss -0.3351
2026-06-23 14:54:20.320900: val_loss -0.2437
2026-06-23 14:54:20.321050: Pseudo dice [np.float32(0.6998)]
2026-06-23 14:54:20.321224: Epoch time: 44.85 s
2026-06-23 14:54:22.099272: 
2026-06-23 14:54:22.099738: Epoch 143
2026-06-23 14:54:22.099919: Current learning rate: 0.00466
2026-06-23 14:55:06.788543: train_loss -0.3275
2026-06-23 14:55:06.789320: val_loss -0.2571
2026-06-23 14:55:06.789992: Pseudo dice [np.float32(0.7136)]
2026-06-23 14:55:06.790331: Epoch time: 44.69 s
2026-06-23 14:55:08.579284: 
2026-06-23 14:55:08.579865: Epoch 144
2026-06-23 14:55:08.580057: Current learning rate: 0.00462
2026-06-23 14:55:53.503682: train_loss -0.312
2026-06-23 14:55:53.504225: val_loss -0.184
2026-06-23 14:55:53.504387: Pseudo dice [np.float32(0.633)]
2026-06-23 14:55:53.504573: Epoch time: 44.93 s
2026-06-23 14:55:55.293553: 
2026-06-23 14:55:55.294127: Epoch 145
2026-06-23 14:55:55.294422: Current learning rate: 0.00458
2026-06-23 14:56:40.251888: train_loss -0.3199
2026-06-23 14:56:40.252478: val_loss -0.2231
2026-06-23 14:56:40.252651: Pseudo dice [np.float32(0.6869)]
2026-06-23 14:56:40.252825: Epoch time: 44.96 s
2026-06-23 14:56:42.466891: 
2026-06-23 14:56:42.467223: Epoch 146
2026-06-23 14:56:42.467402: Current learning rate: 0.00454
2026-06-23 14:57:27.266936: train_loss -0.3334
2026-06-23 14:57:27.267602: val_loss -0.2611
2026-06-23 14:57:27.267749: Pseudo dice [np.float32(0.7065)]
2026-06-23 14:57:27.267927: Epoch time: 44.8 s
2026-06-23 14:57:29.062884: 
2026-06-23 14:57:29.063380: Epoch 147
2026-06-23 14:57:29.063561: Current learning rate: 0.0045
2026-06-23 14:58:13.969170: train_loss -0.3365
2026-06-23 14:58:13.969701: val_loss -0.2676
2026-06-23 14:58:13.969862: Pseudo dice [np.float32(0.7075)]
2026-06-23 14:58:13.970041: Epoch time: 44.91 s
2026-06-23 14:58:15.753884: 
2026-06-23 14:58:15.754193: Epoch 148
2026-06-23 14:58:15.754368: Current learning rate: 0.00446
2026-06-23 14:59:00.838428: train_loss -0.3301
2026-06-23 14:59:00.838904: val_loss -0.2264
2026-06-23 14:59:00.839046: Pseudo dice [np.float32(0.6867)]
2026-06-23 14:59:00.839218: Epoch time: 45.09 s
2026-06-23 14:59:02.630217: 
2026-06-23 14:59:02.630742: Epoch 149
2026-06-23 14:59:02.630924: Current learning rate: 0.00442
2026-06-23 14:59:47.727178: train_loss -0.3388
2026-06-23 14:59:47.727753: val_loss -0.2555
2026-06-23 14:59:47.727907: Pseudo dice [np.float32(0.7177)]
2026-06-23 14:59:47.728086: Epoch time: 45.1 s
2026-06-23 14:59:50.058323: 
2026-06-23 14:59:50.058770: Epoch 150
2026-06-23 14:59:50.058944: Current learning rate: 0.00438
2026-06-23 15:00:34.791378: train_loss -0.3372
2026-06-23 15:00:34.792014: val_loss -0.2272
2026-06-23 15:00:34.792169: Pseudo dice [np.float32(0.6955)]
2026-06-23 15:00:34.792341: Epoch time: 44.74 s
2026-06-23 15:00:36.622287: 
2026-06-23 15:00:36.622709: Epoch 151
2026-06-23 15:00:36.623008: Current learning rate: 0.00434
2026-06-23 15:01:21.342598: train_loss -0.334
2026-06-23 15:01:21.343184: val_loss -0.2494
2026-06-23 15:01:21.343335: Pseudo dice [np.float32(0.7001)]
2026-06-23 15:01:21.343506: Epoch time: 44.72 s
2026-06-23 15:01:23.134594: 
2026-06-23 15:01:23.135033: Epoch 152
2026-06-23 15:01:23.135220: Current learning rate: 0.0043
2026-06-23 15:02:08.020184: train_loss -0.3429
2026-06-23 15:02:08.020634: val_loss -0.2223
2026-06-23 15:02:08.020773: Pseudo dice [np.float32(0.6992)]
2026-06-23 15:02:08.020953: Epoch time: 44.89 s
2026-06-23 15:02:09.803516: 
2026-06-23 15:02:09.803892: Epoch 153
2026-06-23 15:02:09.804176: Current learning rate: 0.00427
2026-06-23 15:02:54.676798: train_loss -0.3394
2026-06-23 15:02:54.677245: val_loss -0.2565
2026-06-23 15:02:54.677381: Pseudo dice [np.float32(0.7192)]
2026-06-23 15:02:54.677548: Epoch time: 44.88 s
2026-06-23 15:02:56.480521: 
2026-06-23 15:02:56.480924: Epoch 154
2026-06-23 15:02:56.481219: Current learning rate: 0.00423
2026-06-23 15:03:41.314099: train_loss -0.3361
2026-06-23 15:03:41.314785: val_loss -0.2901
2026-06-23 15:03:41.314980: Pseudo dice [np.float32(0.7241)]
2026-06-23 15:03:41.315164: Epoch time: 44.84 s
2026-06-23 15:03:43.597789: 
2026-06-23 15:03:43.598694: Epoch 155
2026-06-23 15:03:43.599113: Current learning rate: 0.00419
2026-06-23 15:04:28.496559: train_loss -0.3425
2026-06-23 15:04:28.497160: val_loss -0.1991
2026-06-23 15:04:28.497325: Pseudo dice [np.float32(0.685)]
2026-06-23 15:04:28.497491: Epoch time: 44.9 s
2026-06-23 15:04:30.327303: 
2026-06-23 15:04:30.327989: Epoch 156
2026-06-23 15:04:30.328311: Current learning rate: 0.00415
2026-06-23 15:05:15.223043: train_loss -0.3354
2026-06-23 15:05:15.223648: val_loss -0.2531
2026-06-23 15:05:15.223800: Pseudo dice [np.float32(0.7042)]
2026-06-23 15:05:15.223985: Epoch time: 44.9 s
2026-06-23 15:05:17.041291: 
2026-06-23 15:05:17.041826: Epoch 157
2026-06-23 15:05:17.042115: Current learning rate: 0.00411
2026-06-23 15:06:01.831701: train_loss -0.3384
2026-06-23 15:06:01.832402: val_loss -0.2393
2026-06-23 15:06:01.832572: Pseudo dice [np.float32(0.7048)]
2026-06-23 15:06:01.832740: Epoch time: 44.79 s
2026-06-23 15:06:03.637998: 
2026-06-23 15:06:03.638406: Epoch 158
2026-06-23 15:06:03.638604: Current learning rate: 0.00407
2026-06-23 15:06:48.395316: train_loss -0.3318
2026-06-23 15:06:48.395927: val_loss -0.2247
2026-06-23 15:06:48.396085: Pseudo dice [np.float32(0.7046)]
2026-06-23 15:06:48.396265: Epoch time: 44.76 s
2026-06-23 15:06:50.208606: 
2026-06-23 15:06:50.209216: Epoch 159
2026-06-23 15:06:50.209505: Current learning rate: 0.00403
2026-06-23 15:07:35.150116: train_loss -0.3333
2026-06-23 15:07:35.150669: val_loss -0.2403
2026-06-23 15:07:35.150825: Pseudo dice [np.float32(0.7075)]
2026-06-23 15:07:35.151002: Epoch time: 44.94 s
2026-06-23 15:07:36.964903: 
2026-06-23 15:07:36.965547: Epoch 160
2026-06-23 15:07:36.965725: Current learning rate: 0.00399
2026-06-23 15:08:21.728544: train_loss -0.3418
2026-06-23 15:08:21.729065: val_loss -0.2292
2026-06-23 15:08:21.729216: Pseudo dice [np.float32(0.701)]
2026-06-23 15:08:21.729390: Epoch time: 44.77 s
2026-06-23 15:08:23.534129: 
2026-06-23 15:08:23.534741: Epoch 161
2026-06-23 15:08:23.535048: Current learning rate: 0.00395
2026-06-23 15:09:08.438615: train_loss -0.3428
2026-06-23 15:09:08.439142: val_loss -0.2092
2026-06-23 15:09:08.439294: Pseudo dice [np.float32(0.6838)]
2026-06-23 15:09:08.439462: Epoch time: 44.91 s
2026-06-23 15:09:10.246804: 
2026-06-23 15:09:10.247354: Epoch 162
2026-06-23 15:09:10.247651: Current learning rate: 0.00391
2026-06-23 15:09:55.220337: train_loss -0.3391
2026-06-23 15:09:55.220907: val_loss -0.2424
2026-06-23 15:09:55.221071: Pseudo dice [np.float32(0.7132)]
2026-06-23 15:09:55.221241: Epoch time: 44.98 s
2026-06-23 15:09:57.477485: 
2026-06-23 15:09:57.477939: Epoch 163
2026-06-23 15:09:57.478237: Current learning rate: 0.00387
2026-06-23 15:10:42.354507: train_loss -0.3401
2026-06-23 15:10:42.355044: val_loss -0.2343
2026-06-23 15:10:42.355284: Pseudo dice [np.float32(0.6967)]
2026-06-23 15:10:42.355481: Epoch time: 44.88 s
2026-06-23 15:10:44.213334: 
2026-06-23 15:10:44.214043: Epoch 164
2026-06-23 15:10:44.214355: Current learning rate: 0.00383
2026-06-23 15:11:29.136994: train_loss -0.3403
2026-06-23 15:11:29.137585: val_loss -0.2066
2026-06-23 15:11:29.137727: Pseudo dice [np.float32(0.6782)]
2026-06-23 15:11:29.137908: Epoch time: 44.93 s
2026-06-23 15:11:30.919542: 
2026-06-23 15:11:30.920035: Epoch 165
2026-06-23 15:11:30.920242: Current learning rate: 0.00379
2026-06-23 15:12:15.819493: train_loss -0.3386
2026-06-23 15:12:15.820102: val_loss -0.2736
2026-06-23 15:12:15.820276: Pseudo dice [np.float32(0.7186)]
2026-06-23 15:12:15.820452: Epoch time: 44.9 s
2026-06-23 15:12:17.617182: 
2026-06-23 15:12:17.617718: Epoch 166
2026-06-23 15:12:17.617910: Current learning rate: 0.00375
2026-06-23 15:13:02.599443: train_loss -0.3402
2026-06-23 15:13:02.600061: val_loss -0.2656
2026-06-23 15:13:02.600220: Pseudo dice [np.float32(0.7006)]
2026-06-23 15:13:02.600403: Epoch time: 44.99 s
2026-06-23 15:13:04.393974: 
2026-06-23 15:13:04.394455: Epoch 167
2026-06-23 15:13:04.394635: Current learning rate: 0.00371
2026-06-23 15:13:49.350359: train_loss -0.3506
2026-06-23 15:13:49.350936: val_loss -0.2496
2026-06-23 15:13:49.351086: Pseudo dice [np.float32(0.7)]
2026-06-23 15:13:49.351266: Epoch time: 44.96 s
2026-06-23 15:13:51.153438: 
2026-06-23 15:13:51.153944: Epoch 168
2026-06-23 15:13:51.154238: Current learning rate: 0.00367
2026-06-23 15:14:36.172479: train_loss -0.343
2026-06-23 15:14:36.173008: val_loss -0.2026
2026-06-23 15:14:36.173152: Pseudo dice [np.float32(0.6869)]
2026-06-23 15:14:36.173326: Epoch time: 45.02 s
2026-06-23 15:14:37.971044: 
2026-06-23 15:14:37.971448: Epoch 169
2026-06-23 15:14:37.971631: Current learning rate: 0.00363
2026-06-23 15:15:22.721584: train_loss -0.3492
2026-06-23 15:15:22.722182: val_loss -0.218
2026-06-23 15:15:22.722325: Pseudo dice [np.float32(0.6963)]
2026-06-23 15:15:22.722507: Epoch time: 44.75 s
2026-06-23 15:15:24.525272: 
2026-06-23 15:15:24.525690: Epoch 170
2026-06-23 15:15:24.525884: Current learning rate: 0.00359
2026-06-23 15:16:09.534411: train_loss -0.3453
2026-06-23 15:16:09.534975: val_loss -0.2418
2026-06-23 15:16:09.535124: Pseudo dice [np.float32(0.696)]
2026-06-23 15:16:09.535296: Epoch time: 45.01 s
2026-06-23 15:16:11.333534: 
2026-06-23 15:16:11.333944: Epoch 171
2026-06-23 15:16:11.334132: Current learning rate: 0.00355
2026-06-23 15:16:56.397719: train_loss -0.3481
2026-06-23 15:16:56.398327: val_loss -0.2023
2026-06-23 15:16:56.398480: Pseudo dice [np.float32(0.6901)]
2026-06-23 15:16:56.398681: Epoch time: 45.07 s
2026-06-23 15:16:58.196714: 
2026-06-23 15:16:58.197237: Epoch 172
2026-06-23 15:16:58.197514: Current learning rate: 0.00351
2026-06-23 15:17:42.914498: train_loss -0.3456
2026-06-23 15:17:42.915027: val_loss -0.2696
2026-06-23 15:17:42.915175: Pseudo dice [np.float32(0.7091)]
2026-06-23 15:17:42.915342: Epoch time: 44.72 s
2026-06-23 15:17:44.705710: 
2026-06-23 15:17:44.706117: Epoch 173
2026-06-23 15:17:44.706301: Current learning rate: 0.00346
2026-06-23 15:18:29.609408: train_loss -0.3507
2026-06-23 15:18:29.609989: val_loss -0.2705
2026-06-23 15:18:29.610134: Pseudo dice [np.float32(0.7041)]
2026-06-23 15:18:29.610306: Epoch time: 44.91 s
2026-06-23 15:18:31.417766: 
2026-06-23 15:18:31.418250: Epoch 174
2026-06-23 15:18:31.418451: Current learning rate: 0.00342
2026-06-23 15:19:16.177304: train_loss -0.3394
2026-06-23 15:19:16.177913: val_loss -0.2331
2026-06-23 15:19:16.178061: Pseudo dice [np.float32(0.7063)]
2026-06-23 15:19:16.178230: Epoch time: 44.76 s
2026-06-23 15:19:17.976970: 
2026-06-23 15:19:17.977343: Epoch 175
2026-06-23 15:19:17.980121: Current learning rate: 0.00338
2026-06-23 15:20:02.718114: train_loss -0.3431
2026-06-23 15:20:02.718642: val_loss -0.2163
2026-06-23 15:20:02.718785: Pseudo dice [np.float32(0.693)]
2026-06-23 15:20:02.718967: Epoch time: 44.74 s
2026-06-23 15:20:04.514525: 
2026-06-23 15:20:04.515026: Epoch 176
2026-06-23 15:20:04.515258: Current learning rate: 0.00334
2026-06-23 15:20:49.260905: train_loss -0.3442
2026-06-23 15:20:49.261412: val_loss -0.2542
2026-06-23 15:20:49.261561: Pseudo dice [np.float32(0.7052)]
2026-06-23 15:20:49.261735: Epoch time: 44.75 s
2026-06-23 15:20:51.057896: 
2026-06-23 15:20:51.058256: Epoch 177
2026-06-23 15:20:51.058454: Current learning rate: 0.0033
2026-06-23 15:21:35.725899: train_loss -0.3433
2026-06-23 15:21:35.726407: val_loss -0.2617
2026-06-23 15:21:35.726559: Pseudo dice [np.float32(0.6984)]
2026-06-23 15:21:35.726724: Epoch time: 44.67 s
2026-06-23 15:21:37.522218: 
2026-06-23 15:21:37.522599: Epoch 178
2026-06-23 15:21:37.522785: Current learning rate: 0.00326
2026-06-23 15:22:22.389058: train_loss -0.3404
2026-06-23 15:22:22.389684: val_loss -0.2289
2026-06-23 15:22:22.389841: Pseudo dice [np.float32(0.693)]
2026-06-23 15:22:22.390026: Epoch time: 44.87 s
2026-06-23 15:22:24.197714: 
2026-06-23 15:22:24.198134: Epoch 179
2026-06-23 15:22:24.198318: Current learning rate: 0.00322
2026-06-23 15:23:08.990264: train_loss -0.3468
2026-06-23 15:23:08.990729: val_loss -0.24
2026-06-23 15:23:08.990880: Pseudo dice [np.float32(0.6934)]
2026-06-23 15:23:08.991046: Epoch time: 44.8 s
2026-06-23 15:23:11.228791: 
2026-06-23 15:23:11.229437: Epoch 180
2026-06-23 15:23:11.229769: Current learning rate: 0.00318
2026-06-23 15:23:56.179580: train_loss -0.3437
2026-06-23 15:23:56.180020: val_loss -0.2414
2026-06-23 15:23:56.180160: Pseudo dice [np.float32(0.701)]
2026-06-23 15:23:56.180325: Epoch time: 44.96 s
2026-06-23 15:23:57.993270: 
2026-06-23 15:23:57.993785: Epoch 181
2026-06-23 15:23:57.994088: Current learning rate: 0.00314
2026-06-23 15:24:42.806111: train_loss -0.3454
2026-06-23 15:24:42.807322: val_loss -0.2571
2026-06-23 15:24:42.807502: Pseudo dice [np.float32(0.7112)]
2026-06-23 15:24:42.807675: Epoch time: 44.82 s
2026-06-23 15:24:44.608449: 
2026-06-23 15:24:44.608977: Epoch 182
2026-06-23 15:24:44.609268: Current learning rate: 0.0031
2026-06-23 15:25:29.635386: train_loss -0.3468
2026-06-23 15:25:29.635931: val_loss -0.2372
2026-06-23 15:25:29.636076: Pseudo dice [np.float32(0.7058)]
2026-06-23 15:25:29.636250: Epoch time: 45.03 s
2026-06-23 15:25:31.443127: 
2026-06-23 15:25:31.443617: Epoch 183
2026-06-23 15:25:31.443795: Current learning rate: 0.00306
2026-06-23 15:26:16.464379: train_loss -0.3403
2026-06-23 15:26:16.464957: val_loss -0.2485
2026-06-23 15:26:16.465102: Pseudo dice [np.float32(0.6948)]
2026-06-23 15:26:16.465276: Epoch time: 45.02 s
2026-06-23 15:26:18.274146: 
2026-06-23 15:26:18.274625: Epoch 184
2026-06-23 15:26:18.274834: Current learning rate: 0.00302
2026-06-23 15:27:03.208117: train_loss -0.3412
2026-06-23 15:27:03.208607: val_loss -0.2402
2026-06-23 15:27:03.208757: Pseudo dice [np.float32(0.7006)]
2026-06-23 15:27:03.208941: Epoch time: 44.94 s
2026-06-23 15:27:05.015735: 
2026-06-23 15:27:05.016243: Epoch 185
2026-06-23 15:27:05.016430: Current learning rate: 0.00297
2026-06-23 15:27:50.012986: train_loss -0.3455
2026-06-23 15:27:50.013478: val_loss -0.2159
2026-06-23 15:27:50.013620: Pseudo dice [np.float32(0.6913)]
2026-06-23 15:27:50.013800: Epoch time: 45.0 s
2026-06-23 15:27:51.822219: 
2026-06-23 15:27:51.822599: Epoch 186
2026-06-23 15:27:51.822778: Current learning rate: 0.00293
2026-06-23 15:28:36.789293: train_loss -0.3436
2026-06-23 15:28:36.789825: val_loss -0.2269
2026-06-23 15:28:36.790037: Pseudo dice [np.float32(0.7038)]
2026-06-23 15:28:36.790205: Epoch time: 44.97 s
2026-06-23 15:28:38.587154: 
2026-06-23 15:28:38.587490: Epoch 187
2026-06-23 15:28:38.587671: Current learning rate: 0.00289
2026-06-23 15:29:23.604783: train_loss -0.3422
2026-06-23 15:29:23.605566: val_loss -0.2092
2026-06-23 15:29:23.605719: Pseudo dice [np.float32(0.7023)]
2026-06-23 15:29:23.605896: Epoch time: 45.02 s
2026-06-23 15:29:25.419521: 
2026-06-23 15:29:25.420022: Epoch 188
2026-06-23 15:29:25.420324: Current learning rate: 0.00285
2026-06-23 15:30:10.168961: train_loss -0.3464
2026-06-23 15:30:10.169457: val_loss -0.2691
2026-06-23 15:30:10.169606: Pseudo dice [np.float32(0.7051)]
2026-06-23 15:30:10.169779: Epoch time: 44.75 s
2026-06-23 15:30:12.408086: 
2026-06-23 15:30:12.408534: Epoch 189
2026-06-23 15:30:12.408722: Current learning rate: 0.00281
2026-06-23 15:30:57.119939: train_loss -0.351
2026-06-23 15:30:57.120492: val_loss -0.2564
2026-06-23 15:30:57.120654: Pseudo dice [np.float32(0.7025)]
2026-06-23 15:30:57.120838: Epoch time: 44.71 s
2026-06-23 15:30:58.922017: 
2026-06-23 15:30:58.922431: Epoch 190
2026-06-23 15:30:58.922616: Current learning rate: 0.00277
2026-06-23 15:31:43.827417: train_loss -0.342
2026-06-23 15:31:43.827928: val_loss -0.2169
2026-06-23 15:31:43.828075: Pseudo dice [np.float32(0.6956)]
2026-06-23 15:31:43.828247: Epoch time: 44.91 s
2026-06-23 15:31:45.645320: 
2026-06-23 15:31:45.645712: Epoch 191
2026-06-23 15:31:45.645905: Current learning rate: 0.00273
2026-06-23 15:32:30.542649: train_loss -0.3461
2026-06-23 15:32:30.543255: val_loss -0.2113
2026-06-23 15:32:30.543400: Pseudo dice [np.float32(0.6985)]
2026-06-23 15:32:30.543573: Epoch time: 44.9 s
2026-06-23 15:32:32.374586: 
2026-06-23 15:32:32.375109: Epoch 192
2026-06-23 15:32:32.375410: Current learning rate: 0.00268
2026-06-23 15:33:17.221213: train_loss -0.3342
2026-06-23 15:33:17.221879: val_loss -0.2502
2026-06-23 15:33:17.222026: Pseudo dice [np.float32(0.7065)]
2026-06-23 15:33:17.222194: Epoch time: 44.85 s
2026-06-23 15:33:19.038898: 
2026-06-23 15:33:19.039343: Epoch 193
2026-06-23 15:33:19.039537: Current learning rate: 0.00264
2026-06-23 15:34:03.872292: train_loss -0.3403
2026-06-23 15:34:03.872796: val_loss -0.2409
2026-06-23 15:34:03.872952: Pseudo dice [np.float32(0.709)]
2026-06-23 15:34:03.873122: Epoch time: 44.84 s
2026-06-23 15:34:05.697157: 
2026-06-23 15:34:05.697506: Epoch 194
2026-06-23 15:34:05.697680: Current learning rate: 0.0026
2026-06-23 15:34:50.766789: train_loss -0.3475
2026-06-23 15:34:50.767439: val_loss -0.2504
2026-06-23 15:34:50.767582: Pseudo dice [np.float32(0.7017)]
2026-06-23 15:34:50.767758: Epoch time: 45.07 s
2026-06-23 15:34:52.585420: 
2026-06-23 15:34:52.585924: Epoch 195
2026-06-23 15:34:52.586221: Current learning rate: 0.00256
2026-06-23 15:35:37.433371: train_loss -0.346
2026-06-23 15:35:37.433869: val_loss -0.2617
2026-06-23 15:35:37.434011: Pseudo dice [np.float32(0.7092)]
2026-06-23 15:35:37.434175: Epoch time: 44.85 s
2026-06-23 15:35:39.253592: 
2026-06-23 15:35:39.254101: Epoch 196
2026-06-23 15:35:39.254385: Current learning rate: 0.00252
2026-06-23 15:36:24.122806: train_loss -0.3464
2026-06-23 15:36:24.123375: val_loss -0.2507
2026-06-23 15:36:24.123521: Pseudo dice [np.float32(0.7167)]
2026-06-23 15:36:24.123692: Epoch time: 44.87 s
2026-06-23 15:36:26.362422: 
2026-06-23 15:36:26.362832: Epoch 197
2026-06-23 15:36:26.363009: Current learning rate: 0.00248
2026-06-23 15:37:11.097328: train_loss -0.3491
2026-06-23 15:37:11.097819: val_loss -0.2244
2026-06-23 15:37:11.097972: Pseudo dice [np.float32(0.6915)]
2026-06-23 15:37:11.098141: Epoch time: 44.74 s
2026-06-23 15:37:12.918490: 
2026-06-23 15:37:12.918947: Epoch 198
2026-06-23 15:37:12.919237: Current learning rate: 0.00243
2026-06-23 15:37:57.581380: train_loss -0.3462
2026-06-23 15:37:57.582020: val_loss -0.2492
2026-06-23 15:37:57.582165: Pseudo dice [np.float32(0.7069)]
2026-06-23 15:37:57.582343: Epoch time: 44.67 s
2026-06-23 15:37:59.410524: 
2026-06-23 15:37:59.411025: Epoch 199
2026-06-23 15:37:59.411323: Current learning rate: 0.00239
2026-06-23 15:38:44.120918: train_loss -0.3483
2026-06-23 15:38:44.121416: val_loss -0.2155
2026-06-23 15:38:44.121570: Pseudo dice [np.float32(0.6953)]
2026-06-23 15:38:44.121738: Epoch time: 44.71 s
2026-06-23 15:38:46.447946: 
2026-06-23 15:38:46.448375: Epoch 200
2026-06-23 15:38:46.448548: Current learning rate: 0.00235
2026-06-23 15:39:31.219493: train_loss -0.3412
2026-06-23 15:39:31.223629: val_loss -0.254
2026-06-23 15:39:31.223791: Pseudo dice [np.float32(0.7052)]
2026-06-23 15:39:31.223970: Epoch time: 44.77 s
2026-06-23 15:39:33.054169: 
2026-06-23 15:39:33.054725: Epoch 201
2026-06-23 15:39:33.055016: Current learning rate: 0.00231
2026-06-23 15:40:17.876942: train_loss -0.3433
2026-06-23 15:40:17.877580: val_loss -0.2229
2026-06-23 15:40:17.877730: Pseudo dice [np.float32(0.6937)]
2026-06-23 15:40:17.877909: Epoch time: 44.83 s
2026-06-23 15:40:19.721575: 
2026-06-23 15:40:19.722163: Epoch 202
2026-06-23 15:40:19.722435: Current learning rate: 0.00226
2026-06-23 15:41:04.660817: train_loss -0.3439
2026-06-23 15:41:04.661512: val_loss -0.2325
2026-06-23 15:41:04.661750: Pseudo dice [np.float32(0.7021)]
2026-06-23 15:41:04.662019: Epoch time: 44.94 s
2026-06-23 15:41:06.498173: 
2026-06-23 15:41:06.498590: Epoch 203
2026-06-23 15:41:06.498770: Current learning rate: 0.00222
2026-06-23 15:41:51.337139: train_loss -0.3481
2026-06-23 15:41:51.337752: val_loss -0.2502
2026-06-23 15:41:51.337916: Pseudo dice [np.float32(0.7034)]
2026-06-23 15:41:51.338096: Epoch time: 44.84 s
2026-06-23 15:41:53.184993: 
2026-06-23 15:41:53.185440: Epoch 204
2026-06-23 15:41:53.185625: Current learning rate: 0.00218
2026-06-23 15:42:38.167650: train_loss -0.3534
2026-06-23 15:42:38.168130: val_loss -0.2455
2026-06-23 15:42:38.168272: Pseudo dice [np.float32(0.7096)]
2026-06-23 15:42:38.168437: Epoch time: 44.99 s
2026-06-23 15:42:40.473213: 
2026-06-23 15:42:40.473555: Epoch 205
2026-06-23 15:42:40.473742: Current learning rate: 0.00214
2026-06-23 15:43:25.245225: train_loss -0.354
2026-06-23 15:43:25.245860: val_loss -0.2566
2026-06-23 15:43:25.246005: Pseudo dice [np.float32(0.7077)]
2026-06-23 15:43:25.246177: Epoch time: 44.77 s
2026-06-23 15:43:27.015814: 
2026-06-23 15:43:27.016415: Epoch 206
2026-06-23 15:43:27.016796: Current learning rate: 0.00209
2026-06-23 15:44:11.912604: train_loss -0.3521
2026-06-23 15:44:11.914111: val_loss -0.2559
2026-06-23 15:44:11.914319: Pseudo dice [np.float32(0.7041)]
2026-06-23 15:44:11.914521: Epoch time: 44.9 s
2026-06-23 15:44:13.732938: 
2026-06-23 15:44:13.734182: Epoch 207
2026-06-23 15:44:13.734949: Current learning rate: 0.00205
2026-06-23 15:44:58.535993: train_loss -0.3524
2026-06-23 15:44:58.539385: val_loss -0.2863
2026-06-23 15:44:58.539561: Pseudo dice [np.float32(0.7202)]
2026-06-23 15:44:58.539741: Epoch time: 44.81 s
2026-06-23 15:44:58.539921: Yayy! New best EMA pseudo Dice: 0.7049000263214111
2026-06-23 15:45:00.987313: 
2026-06-23 15:45:00.988022: Epoch 208
2026-06-23 15:45:00.988237: Current learning rate: 0.00201
2026-06-23 15:45:45.772540: train_loss -0.3492
2026-06-23 15:45:45.773090: val_loss -0.2397
2026-06-23 15:45:45.773238: Pseudo dice [np.float32(0.6956)]
2026-06-23 15:45:45.773422: Epoch time: 44.79 s
2026-06-23 15:45:47.553993: 
2026-06-23 15:45:47.554451: Epoch 209
2026-06-23 15:45:47.554635: Current learning rate: 0.00196
2026-06-23 15:46:32.374576: train_loss -0.3534
2026-06-23 15:46:32.375121: val_loss -0.2585
2026-06-23 15:46:32.375267: Pseudo dice [np.float32(0.6993)]
2026-06-23 15:46:32.375440: Epoch time: 44.82 s
2026-06-23 15:46:34.136301: 
2026-06-23 15:46:34.136918: Epoch 210
2026-06-23 15:46:34.137214: Current learning rate: 0.00192
2026-06-23 15:47:18.883618: train_loss -0.3483
2026-06-23 15:47:18.884077: val_loss -0.2613
2026-06-23 15:47:18.884224: Pseudo dice [np.float32(0.7051)]
2026-06-23 15:47:18.884401: Epoch time: 44.75 s
2026-06-23 15:47:20.651488: 
2026-06-23 15:47:20.651930: Epoch 211
2026-06-23 15:47:20.652125: Current learning rate: 0.00188
2026-06-23 15:48:05.475611: train_loss -0.3481
2026-06-23 15:48:05.476135: val_loss -0.2473
2026-06-23 15:48:05.476280: Pseudo dice [np.float32(0.7062)]
2026-06-23 15:48:05.476449: Epoch time: 44.83 s
2026-06-23 15:48:07.250269: 
2026-06-23 15:48:07.250759: Epoch 212
2026-06-23 15:48:07.251051: Current learning rate: 0.00184
2026-06-23 15:48:52.086917: train_loss -0.3554
2026-06-23 15:48:52.087413: val_loss -0.237
2026-06-23 15:48:52.087562: Pseudo dice [np.float32(0.7106)]
2026-06-23 15:48:52.087729: Epoch time: 44.84 s
2026-06-23 15:48:53.858765: 
2026-06-23 15:48:53.859315: Epoch 213
2026-06-23 15:48:53.859665: Current learning rate: 0.00179
2026-06-23 15:49:38.756647: train_loss -0.3476
2026-06-23 15:49:38.757218: val_loss -0.2124
2026-06-23 15:49:38.757383: Pseudo dice [np.float32(0.6933)]
2026-06-23 15:49:38.757571: Epoch time: 44.9 s
2026-06-23 15:49:40.945463: 
2026-06-23 15:49:40.945947: Epoch 214
2026-06-23 15:49:40.946131: Current learning rate: 0.00175
2026-06-23 15:50:25.761230: train_loss -0.3492
2026-06-23 15:50:25.761700: val_loss -0.2407
2026-06-23 15:50:25.761841: Pseudo dice [np.float32(0.7054)]
2026-06-23 15:50:25.762022: Epoch time: 44.82 s
2026-06-23 15:50:27.510175: 
2026-06-23 15:50:27.510647: Epoch 215
2026-06-23 15:50:27.510828: Current learning rate: 0.0017
2026-06-23 15:51:12.351655: train_loss -0.355
2026-06-23 15:51:12.352177: val_loss -0.2418
2026-06-23 15:51:12.352324: Pseudo dice [np.float32(0.7087)]
2026-06-23 15:51:12.352498: Epoch time: 44.84 s
2026-06-23 15:51:14.102496: 
2026-06-23 15:51:14.103013: Epoch 216
2026-06-23 15:51:14.103193: Current learning rate: 0.00166
2026-06-23 15:51:58.934918: train_loss -0.3519
2026-06-23 15:51:58.935493: val_loss -0.2754
2026-06-23 15:51:58.935640: Pseudo dice [np.float32(0.7132)]
2026-06-23 15:51:58.935810: Epoch time: 44.84 s
2026-06-23 15:51:58.935958: Yayy! New best EMA pseudo Dice: 0.7050999999046326
2026-06-23 15:52:01.160986: 
2026-06-23 15:52:01.161491: Epoch 217
2026-06-23 15:52:01.161679: Current learning rate: 0.00162
2026-06-23 15:52:45.883067: train_loss -0.3551
2026-06-23 15:52:45.884376: val_loss -0.2743
2026-06-23 15:52:45.884524: Pseudo dice [np.float32(0.7176)]
2026-06-23 15:52:45.884698: Epoch time: 44.72 s
2026-06-23 15:52:45.884841: Yayy! New best EMA pseudo Dice: 0.7063000202178955
2026-06-23 15:52:51.015356: 
2026-06-23 15:52:51.015905: Epoch 218
2026-06-23 15:52:51.016183: Current learning rate: 0.00157
2026-06-23 15:53:35.825598: train_loss -0.3505
2026-06-23 15:53:35.826416: val_loss -0.2308
2026-06-23 15:53:35.826613: Pseudo dice [np.float32(0.7039)]
2026-06-23 15:53:35.826800: Epoch time: 44.81 s
2026-06-23 15:53:37.585431: 
2026-06-23 15:53:37.585984: Epoch 219
2026-06-23 15:53:37.586275: Current learning rate: 0.00153
2026-06-23 15:54:22.598676: train_loss -0.358
2026-06-23 15:54:22.599239: val_loss -0.2437
2026-06-23 15:54:22.599399: Pseudo dice [np.float32(0.7038)]
2026-06-23 15:54:22.599584: Epoch time: 45.02 s
2026-06-23 15:54:24.354594: 
2026-06-23 15:54:24.355171: Epoch 220
2026-06-23 15:54:24.355469: Current learning rate: 0.00148
2026-06-23 15:55:09.319170: train_loss -0.3565
2026-06-23 15:55:09.319648: val_loss -0.2524
2026-06-23 15:55:09.319794: Pseudo dice [np.float32(0.715)]
2026-06-23 15:55:09.319973: Epoch time: 44.97 s
2026-06-23 15:55:09.320104: Yayy! New best EMA pseudo Dice: 0.7067999839782715
2026-06-23 15:55:11.610719: 
2026-06-23 15:55:11.611201: Epoch 221
2026-06-23 15:55:11.611387: Current learning rate: 0.00144
2026-06-23 15:55:56.497158: train_loss -0.3456
2026-06-23 15:55:56.497641: val_loss -0.2751
2026-06-23 15:55:56.497792: Pseudo dice [np.float32(0.7054)]
2026-06-23 15:55:56.497988: Epoch time: 44.89 s
2026-06-23 15:55:58.246565: 
2026-06-23 15:55:58.246893: Epoch 222
2026-06-23 15:55:58.247093: Current learning rate: 0.00139
2026-06-23 15:56:43.150684: train_loss -0.3509
2026-06-23 15:56:43.151196: val_loss -0.2581
2026-06-23 15:56:43.151348: Pseudo dice [np.float32(0.7145)]
2026-06-23 15:56:43.151521: Epoch time: 44.91 s
2026-06-23 15:56:43.151706: Yayy! New best EMA pseudo Dice: 0.7074000239372253
2026-06-23 15:56:45.823703: 
2026-06-23 15:56:45.824179: Epoch 223
2026-06-23 15:56:45.824372: Current learning rate: 0.00135
2026-06-23 15:57:30.805415: train_loss -0.3574
2026-06-23 15:57:30.806054: val_loss -0.2599
2026-06-23 15:57:30.806217: Pseudo dice [np.float32(0.7179)]
2026-06-23 15:57:30.806400: Epoch time: 44.98 s
2026-06-23 15:57:30.806543: Yayy! New best EMA pseudo Dice: 0.7085000276565552
2026-06-23 15:57:33.051260: 
2026-06-23 15:57:33.051726: Epoch 224
2026-06-23 15:57:33.051921: Current learning rate: 0.0013
2026-06-23 15:58:17.925870: train_loss -0.36
2026-06-23 15:58:17.926364: val_loss -0.2286
2026-06-23 15:58:17.926506: Pseudo dice [np.float32(0.6892)]
2026-06-23 15:58:17.926674: Epoch time: 44.88 s
2026-06-23 15:58:19.694629: 
2026-06-23 15:58:19.695039: Epoch 225
2026-06-23 15:58:19.695349: Current learning rate: 0.00126
2026-06-23 15:59:04.424908: train_loss -0.3516
2026-06-23 15:59:04.425477: val_loss -0.2631
2026-06-23 15:59:04.425619: Pseudo dice [np.float32(0.7092)]
2026-06-23 15:59:04.425788: Epoch time: 44.73 s
2026-06-23 15:59:06.163700: 
2026-06-23 15:59:06.164084: Epoch 226
2026-06-23 15:59:06.164367: Current learning rate: 0.00121
2026-06-23 15:59:51.085681: train_loss -0.3524
2026-06-23 15:59:51.086416: val_loss -0.2348
2026-06-23 15:59:51.086567: Pseudo dice [np.float32(0.7027)]
2026-06-23 15:59:51.086743: Epoch time: 44.93 s
2026-06-23 15:59:52.882780: 
2026-06-23 15:59:52.883760: Epoch 227
2026-06-23 15:59:52.884474: Current learning rate: 0.00117
2026-06-23 16:00:37.675481: train_loss -0.3492
2026-06-23 16:00:37.676068: val_loss -0.2697
2026-06-23 16:00:37.676227: Pseudo dice [np.float32(0.7189)]
2026-06-23 16:00:37.676406: Epoch time: 44.8 s
2026-06-23 16:00:39.424857: 
2026-06-23 16:00:39.425548: Epoch 228
2026-06-23 16:00:39.425734: Current learning rate: 0.00112
2026-06-23 16:01:24.397468: train_loss -0.3526
2026-06-23 16:01:24.398096: val_loss -0.2477
2026-06-23 16:01:24.398275: Pseudo dice [np.float32(0.7084)]
2026-06-23 16:01:24.398490: Epoch time: 44.98 s
2026-06-23 16:01:26.144678: 
2026-06-23 16:01:26.145200: Epoch 229
2026-06-23 16:01:26.145501: Current learning rate: 0.00108
2026-06-23 16:02:10.967015: train_loss -0.3596
2026-06-23 16:02:10.967530: val_loss -0.2282
2026-06-23 16:02:10.967680: Pseudo dice [np.float32(0.7062)]
2026-06-23 16:02:10.967877: Epoch time: 44.83 s
2026-06-23 16:02:12.717098: 
2026-06-23 16:02:12.717560: Epoch 230
2026-06-23 16:02:12.718529: Current learning rate: 0.00103
2026-06-23 16:02:57.597428: train_loss -0.343
2026-06-23 16:02:57.598319: val_loss -0.2168
2026-06-23 16:02:57.598535: Pseudo dice [np.float32(0.6991)]
2026-06-23 16:02:57.598728: Epoch time: 44.88 s
2026-06-23 16:02:59.346699: 
2026-06-23 16:02:59.347082: Epoch 231
2026-06-23 16:02:59.347259: Current learning rate: 0.00098
2026-06-23 16:03:44.228295: train_loss -0.3428
2026-06-23 16:03:44.228923: val_loss -0.239
2026-06-23 16:03:44.229069: Pseudo dice [np.float32(0.6972)]
2026-06-23 16:03:44.229240: Epoch time: 44.88 s
2026-06-23 16:03:46.742326: 
2026-06-23 16:03:46.743315: Epoch 232
2026-06-23 16:03:46.744146: Current learning rate: 0.00094
2026-06-23 16:04:31.755090: train_loss -0.3436
2026-06-23 16:04:31.755529: val_loss -0.2522
2026-06-23 16:04:31.755671: Pseudo dice [np.float32(0.7061)]
2026-06-23 16:04:31.755838: Epoch time: 45.02 s
2026-06-23 16:04:33.496583: 
2026-06-23 16:04:33.497269: Epoch 233
2026-06-23 16:04:33.497456: Current learning rate: 0.00089
2026-06-23 16:05:18.442730: train_loss -0.3456
2026-06-23 16:05:18.443277: val_loss -0.251
2026-06-23 16:05:18.443416: Pseudo dice [np.float32(0.7092)]
2026-06-23 16:05:18.443610: Epoch time: 44.95 s
2026-06-23 16:05:20.198933: 
2026-06-23 16:05:20.199454: Epoch 234
2026-06-23 16:05:20.199745: Current learning rate: 0.00084
2026-06-23 16:06:05.052216: train_loss -0.3572
2026-06-23 16:06:05.052871: val_loss -0.259
2026-06-23 16:06:05.053025: Pseudo dice [np.float32(0.7187)]
2026-06-23 16:06:05.053215: Epoch time: 44.86 s
2026-06-23 16:06:06.801070: 
2026-06-23 16:06:06.801639: Epoch 235
2026-06-23 16:06:06.801937: Current learning rate: 0.00079
2026-06-23 16:06:51.653241: train_loss -0.3521
2026-06-23 16:06:51.653813: val_loss -0.2201
2026-06-23 16:06:51.653968: Pseudo dice [np.float32(0.7062)]
2026-06-23 16:06:51.654143: Epoch time: 44.86 s
2026-06-23 16:06:53.400660: 
2026-06-23 16:06:53.401094: Epoch 236
2026-06-23 16:06:53.401278: Current learning rate: 0.00075
2026-06-23 16:07:38.332855: train_loss -0.3522
2026-06-23 16:07:38.333562: val_loss -0.2358
2026-06-23 16:07:38.333725: Pseudo dice [np.float32(0.6955)]
2026-06-23 16:07:38.333916: Epoch time: 44.94 s
2026-06-23 16:07:40.087016: 
2026-06-23 16:07:40.087376: Epoch 237
2026-06-23 16:07:40.087634: Current learning rate: 0.0007
2026-06-23 16:08:24.920608: train_loss -0.3548
2026-06-23 16:08:24.921128: val_loss -0.2255
2026-06-23 16:08:24.921283: Pseudo dice [np.float32(0.6997)]
2026-06-23 16:08:24.921455: Epoch time: 44.84 s
2026-06-23 16:08:26.670917: 
2026-06-23 16:08:26.671356: Epoch 238
2026-06-23 16:08:26.671588: Current learning rate: 0.00065
2026-06-23 16:09:11.639550: train_loss -0.3582
2026-06-23 16:09:11.640025: val_loss -0.2261
2026-06-23 16:09:11.640168: Pseudo dice [np.float32(0.7015)]
2026-06-23 16:09:11.640334: Epoch time: 44.97 s
2026-06-23 16:09:13.378936: 
2026-06-23 16:09:13.379256: Epoch 239
2026-06-23 16:09:13.379436: Current learning rate: 0.0006
2026-06-23 16:09:58.230911: train_loss -0.3594
2026-06-23 16:09:58.231446: val_loss -0.2467
2026-06-23 16:09:58.231593: Pseudo dice [np.float32(0.7035)]
2026-06-23 16:09:58.231763: Epoch time: 44.85 s
2026-06-23 16:09:59.995397: 
2026-06-23 16:09:59.995796: Epoch 240
2026-06-23 16:09:59.996007: Current learning rate: 0.00055
2026-06-23 16:10:44.852055: train_loss -0.3512
2026-06-23 16:10:44.852594: val_loss -0.2559
2026-06-23 16:10:44.852739: Pseudo dice [np.float32(0.7116)]
2026-06-23 16:10:44.852919: Epoch time: 44.86 s
2026-06-23 16:10:46.613136: 
2026-06-23 16:10:46.613647: Epoch 241
2026-06-23 16:10:46.613974: Current learning rate: 0.0005
2026-06-23 16:11:31.256207: train_loss -0.3538
2026-06-23 16:11:31.256640: val_loss -0.243
2026-06-23 16:11:31.256781: Pseudo dice [np.float32(0.7005)]
2026-06-23 16:11:31.256962: Epoch time: 44.65 s
2026-06-23 16:11:33.568615: 
2026-06-23 16:11:33.569173: Epoch 242
2026-06-23 16:11:33.569552: Current learning rate: 0.00045
2026-06-23 16:12:18.301133: train_loss -0.3524
2026-06-23 16:12:18.301762: val_loss -0.2259
2026-06-23 16:12:18.301931: Pseudo dice [np.float32(0.7017)]
2026-06-23 16:12:18.302107: Epoch time: 44.74 s
2026-06-23 16:12:20.068825: 
2026-06-23 16:12:20.069282: Epoch 243
2026-06-23 16:12:20.069497: Current learning rate: 0.0004
2026-06-23 16:13:04.862457: train_loss -0.3543
2026-06-23 16:13:04.863101: val_loss -0.2082
2026-06-23 16:13:04.863252: Pseudo dice [np.float32(0.6901)]
2026-06-23 16:13:04.863425: Epoch time: 44.8 s
2026-06-23 16:13:06.638728: 
2026-06-23 16:13:06.639166: Epoch 244
2026-06-23 16:13:06.639517: Current learning rate: 0.00035
2026-06-23 16:13:51.426410: train_loss -0.3529
2026-06-23 16:13:51.426931: val_loss -0.2176
2026-06-23 16:13:51.427076: Pseudo dice [np.float32(0.6929)]
2026-06-23 16:13:51.427242: Epoch time: 44.79 s
2026-06-23 16:13:53.195501: 
2026-06-23 16:13:53.196001: Epoch 245
2026-06-23 16:13:53.196283: Current learning rate: 0.0003
2026-06-23 16:14:38.061613: train_loss -0.3549
2026-06-23 16:14:38.062234: val_loss -0.2488
2026-06-23 16:14:38.062379: Pseudo dice [np.float32(0.6995)]
2026-06-23 16:14:38.062547: Epoch time: 44.87 s
2026-06-23 16:14:39.830371: 
2026-06-23 16:14:39.830872: Epoch 246
2026-06-23 16:14:39.831060: Current learning rate: 0.00024
2026-06-23 16:15:24.623448: train_loss -0.3514
2026-06-23 16:15:24.624046: val_loss -0.2362
2026-06-23 16:15:24.624192: Pseudo dice [np.float32(0.69)]
2026-06-23 16:15:24.624359: Epoch time: 44.8 s
2026-06-23 16:15:26.390513: 
2026-06-23 16:15:26.391027: Epoch 247
2026-06-23 16:15:26.391229: Current learning rate: 0.00019
2026-06-23 16:16:11.178561: train_loss -0.3549
2026-06-23 16:16:11.179418: val_loss -0.1989
2026-06-23 16:16:11.179584: Pseudo dice [np.float32(0.6883)]
2026-06-23 16:16:11.179754: Epoch time: 44.79 s
2026-06-23 16:16:12.952407: 
2026-06-23 16:16:12.952834: Epoch 248
2026-06-23 16:16:12.953020: Current learning rate: 0.00013
2026-06-23 16:16:57.753535: train_loss -0.3565
2026-06-23 16:16:57.754128: val_loss -0.2237
2026-06-23 16:16:57.754292: Pseudo dice [np.float32(0.6973)]
2026-06-23 16:16:57.754460: Epoch time: 44.8 s
2026-06-23 16:16:59.514055: 
2026-06-23 16:16:59.514486: Epoch 249
2026-06-23 16:16:59.514792: Current learning rate: 7e-05
2026-06-23 16:17:44.287961: train_loss -0.3504
2026-06-23 16:17:44.288592: val_loss -0.215
2026-06-23 16:17:44.288738: Pseudo dice [np.float32(0.6975)]
2026-06-23 16:17:44.288912: Epoch time: 44.78 s
2026-06-23 16:17:46.949205: Training done.
2026-06-23 16:17:47.380706: Using splits from existing split file: /gpfs/data/ravenlab/micmac/nnUNet_preprocessed/Dataset002_BinaryTask/splits_final.json
2026-06-23 16:17:47.381125: The split file contains 5 splits.
2026-06-23 16:17:47.381233: Desired fold for training: 1
2026-06-23 16:17:47.381320: This split has 12 training and 3 validation cases.
2026-06-23 16:17:47.381496: predicting 41759_34right
2026-06-23 16:17:47.421949: 41759_34right, shape torch.Size([1, 1, 2077, 2302]), rank 0
2026-06-23 16:17:54.835108: predicting 41759_46bundle
2026-06-23 16:17:54.903988: 41759_46bundle, shape torch.Size([1, 1, 2240, 2125]), rank 0
2026-06-23 16:17:56.633758: predicting 41759_48left
2026-06-23 16:17:56.670538: 41759_48left, shape torch.Size([1, 1, 1920, 2251]), rank 0
2026-06-23 16:18:20.577180: Validation complete
2026-06-23 16:18:20.577388: Mean Validation Dice:  0.6678053323434257
