Loading python/gpu/3.10.6-cuda12.9
  Loading requirement: cuda/12.9
Launching parallel training for 2D config, Fold 4 using 250-epoch trainer preset...

############################
INFO: You are using the old nnU-Net default plans. We have updated our recommendations. Please consider using those instead! Read more here: https://github.com/MIC-DKFZ/nnUNet/blob/master/documentation/resenc_presets.md
############################

Using device: cuda:0

#######################################################################
Please cite the following paper when using nnU-Net:
Isensee, F., Jaeger, P. F., Kohl, S. A., Petersen, J., & Maier-Hein, K. H. (2021). nnU-Net: a self-configuring method for deep learning-based biomedical image segmentation. Nature methods, 18(2), 203-211.
#######################################################################

2026-06-18 10:55:56.310421: do_dummy_2d_data_aug: False
2026-06-18 10:55:56.313681: Using splits from existing split file: /gpfs/data/ravenlab/micmac/nnUNet_preprocessed/Dataset002_BinaryTask/splits_final.json
2026-06-18 10:55:56.314182: The split file contains 5 splits.
2026-06-18 10:55:56.314283: Desired fold for training: 4
2026-06-18 10:55:56.314371: This split has 12 training and 3 validation cases.
using pin_memory on device 0
using pin_memory on device 0

This is the configuration used by this training:
Configuration name: 2d
 {'data_identifier': 'nnUNetPlans_2d', 'preprocessor_name': 'DefaultPreprocessor', 'batch_size': 2, 'patch_size': [1024, 1280], 'median_image_size_in_voxels': [2080.0, 2125.0], 'spacing': [1.0, 1.0], 'normalization_schemes': ['ZScoreNormalization'], 'use_mask_for_norm': [False], 'resampling_fn_data': 'resample_data_or_seg_to_shape', 'resampling_fn_seg': 'resample_data_or_seg_to_shape', 'resampling_fn_data_kwargs': {'is_seg': False, 'order': 3, 'order_z': 0, 'force_separate_z': None}, 'resampling_fn_seg_kwargs': {'is_seg': True, 'order': 1, 'order_z': 0, 'force_separate_z': None}, 'resampling_fn_probabilities': 'resample_data_or_seg_to_shape', 'resampling_fn_probabilities_kwargs': {'is_seg': False, 'order': 1, 'order_z': 0, 'force_separate_z': None}, 'architecture': {'network_class_name': 'dynamic_network_architectures.architectures.unet.PlainConvUNet', 'arch_kwargs': {'n_stages': 9, 'features_per_stage': [32, 64, 128, 256, 512, 512, 512, 512, 512], 'conv_op': 'torch.nn.modules.conv.Conv2d', 'kernel_sizes': [[3, 3], [3, 3], [3, 3], [3, 3], [3, 3], [3, 3], [3, 3], [3, 3], [3, 3]], 'strides': [[1, 1], [2, 2], [2, 2], [2, 2], [2, 2], [2, 2], [2, 2], [2, 2], [2, 2]], 'n_conv_per_stage': [2, 2, 2, 2, 2, 2, 2, 2, 2], 'n_conv_per_stage_decoder': [2, 2, 2, 2, 2, 2, 2, 2], 'conv_bias': True, 'norm_op': 'torch.nn.modules.instancenorm.InstanceNorm2d', 'norm_op_kwargs': {'eps': 1e-05, 'affine': True}, 'dropout_op': None, 'dropout_op_kwargs': None, 'nonlin': 'torch.nn.LeakyReLU', 'nonlin_kwargs': {'inplace': True}}, '_kw_requires_import': ['conv_op', 'norm_op', 'dropout_op', 'nonlin']}, 'batch_dice': True} 

These are the global plan.json settings:
 {'dataset_name': 'Dataset002_BinaryTask', 'plans_name': 'nnUNetPlans', 'original_median_spacing_after_transp': [999.0, 1.0, 1.0], 'original_median_shape_after_transp': [1, 2080, 2125], 'image_reader_writer': 'NaturalImage2DIO', 'transpose_forward': [0, 1, 2], 'transpose_backward': [0, 1, 2], 'experiment_planner_used': 'ExperimentPlanner', 'label_manager': 'LabelManager', 'foreground_intensity_properties_per_channel': {'0': {'max': 250.0, 'mean': 109.4693603515625, 'median': 108.0, 'min': 5.0, 'percentile_00_5': 30.0, 'percentile_99_5': 199.0, 'std': 36.45087814331055}}} 

2026-06-18 10:56:02.595951: Unable to plot network architecture:
2026-06-18 10:56:02.596132: No module named 'hiddenlayer'
2026-06-18 10:56:02.718964: 
2026-06-18 10:56:02.719137: Epoch 0
2026-06-18 10:56:02.719397: Current learning rate: 0.01
2026-06-18 10:58:07.209594: train_loss -0.0678
2026-06-18 10:58:07.210465: val_loss -0.1134
2026-06-18 10:58:07.210618: Pseudo dice [np.float32(0.6588)]
2026-06-18 10:58:07.210871: Epoch time: 124.49 s
2026-06-18 10:58:07.211034: Yayy! New best EMA pseudo Dice: 0.6588000059127808
2026-06-18 10:58:09.649314: 
2026-06-18 10:58:09.649768: Epoch 1
2026-06-18 10:58:09.650085: Current learning rate: 0.00996
2026-06-18 10:58:54.359058: train_loss -0.1624
2026-06-18 10:58:54.359969: val_loss -0.1437
2026-06-18 10:58:54.360128: Pseudo dice [np.float32(0.6701)]
2026-06-18 10:58:54.360395: Epoch time: 44.71 s
2026-06-18 10:58:54.363725: Yayy! New best EMA pseudo Dice: 0.6599000096321106
2026-06-18 10:58:56.598835: 
2026-06-18 10:58:56.599324: Epoch 2
2026-06-18 10:58:56.599491: Current learning rate: 0.00993
2026-06-18 10:59:41.300772: train_loss -0.1879
2026-06-18 10:59:41.301515: val_loss -0.1805
2026-06-18 10:59:41.301659: Pseudo dice [np.float32(0.6739)]
2026-06-18 10:59:41.301874: Epoch time: 44.71 s
2026-06-18 10:59:41.302003: Yayy! New best EMA pseudo Dice: 0.661300003528595
2026-06-18 10:59:43.634579: 
2026-06-18 10:59:43.635087: Epoch 3
2026-06-18 10:59:43.635269: Current learning rate: 0.00989
2026-06-18 11:00:28.378676: train_loss -0.1957
2026-06-18 11:00:28.379286: val_loss -0.1429
2026-06-18 11:00:28.379435: Pseudo dice [np.float32(0.6551)]
2026-06-18 11:00:28.379606: Epoch time: 44.75 s
2026-06-18 11:00:30.110236: 
2026-06-18 11:00:30.110729: Epoch 4
2026-06-18 11:00:30.111101: Current learning rate: 0.00986
2026-06-18 11:01:14.868335: train_loss -0.2164
2026-06-18 11:01:14.869066: val_loss -0.1794
2026-06-18 11:01:14.869210: Pseudo dice [np.float32(0.6843)]
2026-06-18 11:01:14.869383: Epoch time: 44.76 s
2026-06-18 11:01:14.869508: Yayy! New best EMA pseudo Dice: 0.663100004196167
2026-06-18 11:01:17.147008: 
2026-06-18 11:01:17.147467: Epoch 5
2026-06-18 11:01:17.147868: Current learning rate: 0.00982
2026-06-18 11:02:01.791661: train_loss -0.2164
2026-06-18 11:02:01.792183: val_loss -0.2298
2026-06-18 11:02:01.792347: Pseudo dice [np.float32(0.7088)]
2026-06-18 11:02:01.792527: Epoch time: 44.65 s
2026-06-18 11:02:01.792660: Yayy! New best EMA pseudo Dice: 0.6675999760627747
2026-06-18 11:02:04.022842: 
2026-06-18 11:02:04.023200: Epoch 6
2026-06-18 11:02:04.023382: Current learning rate: 0.00978
2026-06-18 11:02:48.830591: train_loss -0.2345
2026-06-18 11:02:48.832330: val_loss -0.1621
2026-06-18 11:02:48.832492: Pseudo dice [np.float32(0.6609)]
2026-06-18 11:02:48.832668: Epoch time: 44.81 s
2026-06-18 11:02:50.538044: 
2026-06-18 11:02:50.538436: Epoch 7
2026-06-18 11:02:50.538760: Current learning rate: 0.00975
2026-06-18 11:03:35.219285: train_loss -0.2252
2026-06-18 11:03:35.225101: val_loss -0.2096
2026-06-18 11:03:35.225506: Pseudo dice [np.float32(0.7085)]
2026-06-18 11:03:35.225812: Epoch time: 44.68 s
2026-06-18 11:03:35.226133: Yayy! New best EMA pseudo Dice: 0.6711000204086304
2026-06-18 11:03:37.544947: 
2026-06-18 11:03:37.545450: Epoch 8
2026-06-18 11:03:37.545630: Current learning rate: 0.00971
2026-06-18 11:04:22.374302: train_loss -0.2241
2026-06-18 11:04:22.375573: val_loss -0.1965
2026-06-18 11:04:22.375782: Pseudo dice [np.float32(0.6874)]
2026-06-18 11:04:22.376050: Epoch time: 44.83 s
2026-06-18 11:04:22.376316: Yayy! New best EMA pseudo Dice: 0.6726999878883362
2026-06-18 11:04:25.827345: 
2026-06-18 11:04:25.827770: Epoch 9
2026-06-18 11:04:25.828014: Current learning rate: 0.00968
2026-06-18 11:05:10.526392: train_loss -0.2335
2026-06-18 11:05:10.527009: val_loss -0.209
2026-06-18 11:05:10.527154: Pseudo dice [np.float32(0.7101)]
2026-06-18 11:05:10.527332: Epoch time: 44.7 s
2026-06-18 11:05:10.527461: Yayy! New best EMA pseudo Dice: 0.6765000224113464
2026-06-18 11:05:12.816764: 
2026-06-18 11:05:12.817301: Epoch 10
2026-06-18 11:05:12.817746: Current learning rate: 0.00964
2026-06-18 11:05:57.578765: train_loss -0.2414
2026-06-18 11:05:57.580151: val_loss -0.2555
2026-06-18 11:05:57.580314: Pseudo dice [np.float32(0.7302)]
2026-06-18 11:05:57.580493: Epoch time: 44.77 s
2026-06-18 11:05:57.580633: Yayy! New best EMA pseudo Dice: 0.6818000078201294
2026-06-18 11:05:59.815166: 
2026-06-18 11:05:59.815566: Epoch 11
2026-06-18 11:05:59.815892: Current learning rate: 0.0096
2026-06-18 11:06:44.560762: train_loss -0.2585
2026-06-18 11:06:44.561371: val_loss -0.1878
2026-06-18 11:06:44.561520: Pseudo dice [np.float32(0.6703)]
2026-06-18 11:06:44.561693: Epoch time: 44.75 s
2026-06-18 11:06:46.303728: 
2026-06-18 11:06:46.304158: Epoch 12
2026-06-18 11:06:46.304339: Current learning rate: 0.00957
2026-06-18 11:07:31.017831: train_loss -0.2426
2026-06-18 11:07:31.019281: val_loss -0.1919
2026-06-18 11:07:31.019426: Pseudo dice [np.float32(0.6739)]
2026-06-18 11:07:31.020241: Epoch time: 44.72 s
2026-06-18 11:07:32.739766: 
2026-06-18 11:07:32.740259: Epoch 13
2026-06-18 11:07:32.740463: Current learning rate: 0.00953
2026-06-18 11:08:17.468943: train_loss -0.2596
2026-06-18 11:08:17.469439: val_loss -0.2327
2026-06-18 11:08:17.469584: Pseudo dice [np.float32(0.7101)]
2026-06-18 11:08:17.469756: Epoch time: 44.73 s
2026-06-18 11:08:17.469892: Yayy! New best EMA pseudo Dice: 0.6830000281333923
2026-06-18 11:08:19.702716: 
2026-06-18 11:08:19.703120: Epoch 14
2026-06-18 11:08:19.703387: Current learning rate: 0.00949
2026-06-18 11:09:04.521963: train_loss -0.276
2026-06-18 11:09:04.522393: val_loss -0.237
2026-06-18 11:09:04.522531: Pseudo dice [np.float32(0.7128)]
2026-06-18 11:09:04.522702: Epoch time: 44.82 s
2026-06-18 11:09:04.522824: Yayy! New best EMA pseudo Dice: 0.6859999895095825
2026-06-18 11:09:06.751527: 
2026-06-18 11:09:06.751942: Epoch 15
2026-06-18 11:09:06.752126: Current learning rate: 0.00946
2026-06-18 11:09:51.538485: train_loss -0.2757
2026-06-18 11:09:51.539114: val_loss -0.1091
2026-06-18 11:09:51.539254: Pseudo dice [np.float32(0.6534)]
2026-06-18 11:09:51.539419: Epoch time: 44.79 s
2026-06-18 11:09:53.278894: 
2026-06-18 11:09:53.279288: Epoch 16
2026-06-18 11:09:53.279516: Current learning rate: 0.00942
2026-06-18 11:10:38.080792: train_loss -0.2597
2026-06-18 11:10:38.081218: val_loss -0.2297
2026-06-18 11:10:38.081355: Pseudo dice [np.float32(0.7095)]
2026-06-18 11:10:38.081521: Epoch time: 44.81 s
2026-06-18 11:10:40.263503: 
2026-06-18 11:10:40.264119: Epoch 17
2026-06-18 11:10:40.264390: Current learning rate: 0.00939
2026-06-18 11:11:25.009204: train_loss -0.2661
2026-06-18 11:11:25.009766: val_loss -0.1039
2026-06-18 11:11:25.009921: Pseudo dice [np.float32(0.6616)]
2026-06-18 11:11:25.010102: Epoch time: 44.75 s
2026-06-18 11:11:26.763790: 
2026-06-18 11:11:26.764246: Epoch 18
2026-06-18 11:11:26.764427: Current learning rate: 0.00935
2026-06-18 11:12:11.453371: train_loss -0.2789
2026-06-18 11:12:11.457261: val_loss -0.2443
2026-06-18 11:12:11.457407: Pseudo dice [np.float32(0.7157)]
2026-06-18 11:12:11.457587: Epoch time: 44.69 s
2026-06-18 11:12:11.457886: Yayy! New best EMA pseudo Dice: 0.6862999796867371
2026-06-18 11:12:13.709522: 
2026-06-18 11:12:13.709994: Epoch 19
2026-06-18 11:12:13.710204: Current learning rate: 0.00931
2026-06-18 11:12:58.488837: train_loss -0.2664
2026-06-18 11:12:58.489473: val_loss -0.1649
2026-06-18 11:12:58.489619: Pseudo dice [np.float32(0.6779)]
2026-06-18 11:12:58.489820: Epoch time: 44.78 s
2026-06-18 11:13:00.258813: 
2026-06-18 11:13:00.259298: Epoch 20
2026-06-18 11:13:00.259542: Current learning rate: 0.00928
2026-06-18 11:13:44.828401: train_loss -0.279
2026-06-18 11:13:44.828831: val_loss -0.2529
2026-06-18 11:13:44.828981: Pseudo dice [np.float32(0.7227)]
2026-06-18 11:13:44.829203: Epoch time: 44.57 s
2026-06-18 11:13:44.829340: Yayy! New best EMA pseudo Dice: 0.6891999840736389
2026-06-18 11:13:47.111537: 
2026-06-18 11:13:47.111923: Epoch 21
2026-06-18 11:13:47.112139: Current learning rate: 0.00924
2026-06-18 11:14:31.725585: train_loss -0.2739
2026-06-18 11:14:31.726038: val_loss -0.1693
2026-06-18 11:14:31.726182: Pseudo dice [np.float32(0.6748)]
2026-06-18 11:14:31.726352: Epoch time: 44.62 s
2026-06-18 11:14:33.449377: 
2026-06-18 11:14:33.449795: Epoch 22
2026-06-18 11:14:33.449978: Current learning rate: 0.0092
2026-06-18 11:15:18.091532: train_loss -0.274
2026-06-18 11:15:18.098493: val_loss -0.2292
2026-06-18 11:15:18.098660: Pseudo dice [np.float32(0.7215)]
2026-06-18 11:15:18.098829: Epoch time: 44.65 s
2026-06-18 11:15:18.098970: Yayy! New best EMA pseudo Dice: 0.691100001335144
2026-06-18 11:15:20.318495: 
2026-06-18 11:15:20.319076: Epoch 23
2026-06-18 11:15:20.319303: Current learning rate: 0.00917
2026-06-18 11:16:04.867132: train_loss -0.2655
2026-06-18 11:16:04.867764: val_loss -0.1617
2026-06-18 11:16:04.867943: Pseudo dice [np.float32(0.6576)]
2026-06-18 11:16:04.868456: Epoch time: 44.55 s
2026-06-18 11:16:06.575515: 
2026-06-18 11:16:06.575957: Epoch 24
2026-06-18 11:16:06.576133: Current learning rate: 0.00913
2026-06-18 11:16:51.386998: train_loss -0.2915
2026-06-18 11:16:51.387484: val_loss -0.2453
2026-06-18 11:16:51.387630: Pseudo dice [np.float32(0.7117)]
2026-06-18 11:16:51.387794: Epoch time: 44.81 s
2026-06-18 11:16:53.107583: 
2026-06-18 11:16:53.108060: Epoch 25
2026-06-18 11:16:53.108258: Current learning rate: 0.0091
2026-06-18 11:17:37.871582: train_loss -0.2919
2026-06-18 11:17:37.872010: val_loss -0.2513
2026-06-18 11:17:37.872163: Pseudo dice [np.float32(0.7137)]
2026-06-18 11:17:37.872328: Epoch time: 44.77 s
2026-06-18 11:17:37.872459: Yayy! New best EMA pseudo Dice: 0.6924999952316284
2026-06-18 11:17:40.524315: 
2026-06-18 11:17:40.524631: Epoch 26
2026-06-18 11:17:40.524863: Current learning rate: 0.00906
2026-06-18 11:18:25.335875: train_loss -0.2876
2026-06-18 11:18:25.336529: val_loss -0.2153
2026-06-18 11:18:25.336682: Pseudo dice [np.float32(0.7079)]
2026-06-18 11:18:25.336860: Epoch time: 44.81 s
2026-06-18 11:18:25.336992: Yayy! New best EMA pseudo Dice: 0.694100022315979
2026-06-18 11:18:27.555942: 
2026-06-18 11:18:27.556475: Epoch 27
2026-06-18 11:18:27.556717: Current learning rate: 0.00902
2026-06-18 11:19:12.228729: train_loss -0.2982
2026-06-18 11:19:12.229318: val_loss -0.1922
2026-06-18 11:19:12.229475: Pseudo dice [np.float32(0.6653)]
2026-06-18 11:19:12.229652: Epoch time: 44.68 s
2026-06-18 11:19:13.967489: 
2026-06-18 11:19:13.968048: Epoch 28
2026-06-18 11:19:13.968365: Current learning rate: 0.00899
2026-06-18 11:19:58.951044: train_loss -0.2891
2026-06-18 11:19:58.951703: val_loss -0.2515
2026-06-18 11:19:58.951846: Pseudo dice [np.float32(0.7241)]
2026-06-18 11:19:58.952025: Epoch time: 44.99 s
2026-06-18 11:19:58.952152: Yayy! New best EMA pseudo Dice: 0.6945000290870667
2026-06-18 11:20:01.868278: 
2026-06-18 11:20:01.868853: Epoch 29
2026-06-18 11:20:01.869143: Current learning rate: 0.00895
2026-06-18 11:20:46.826584: train_loss -0.3014
2026-06-18 11:20:46.827299: val_loss -0.223
2026-06-18 11:20:46.827450: Pseudo dice [np.float32(0.6978)]
2026-06-18 11:20:46.827621: Epoch time: 44.96 s
2026-06-18 11:20:46.827747: Yayy! New best EMA pseudo Dice: 0.6948000192642212
2026-06-18 11:20:49.069397: 
2026-06-18 11:20:49.069803: Epoch 30
2026-06-18 11:20:49.070018: Current learning rate: 0.00891
2026-06-18 11:21:33.871694: train_loss -0.2821
2026-06-18 11:21:33.872276: val_loss -0.1785
2026-06-18 11:21:33.872419: Pseudo dice [np.float32(0.6738)]
2026-06-18 11:21:33.872594: Epoch time: 44.81 s
2026-06-18 11:21:35.632306: 
2026-06-18 11:21:35.632821: Epoch 31
2026-06-18 11:21:35.633008: Current learning rate: 0.00888
2026-06-18 11:22:20.344304: train_loss -0.2928
2026-06-18 11:22:20.344800: val_loss -0.1684
2026-06-18 11:22:20.344966: Pseudo dice [np.float32(0.6646)]
2026-06-18 11:22:20.345142: Epoch time: 44.72 s
2026-06-18 11:22:22.095993: 
2026-06-18 11:22:22.096451: Epoch 32
2026-06-18 11:22:22.096631: Current learning rate: 0.00884
2026-06-18 11:23:06.787562: train_loss -0.2931
2026-06-18 11:23:06.787994: val_loss -0.0813
2026-06-18 11:23:06.788136: Pseudo dice [np.float32(0.6299)]
2026-06-18 11:23:06.788303: Epoch time: 44.69 s
2026-06-18 11:23:08.521175: 
2026-06-18 11:23:08.521621: Epoch 33
2026-06-18 11:23:08.521902: Current learning rate: 0.0088
2026-06-18 11:23:53.338337: train_loss -0.2943
2026-06-18 11:23:53.339945: val_loss -0.2465
2026-06-18 11:23:53.340088: Pseudo dice [np.float32(0.7219)]
2026-06-18 11:23:53.340257: Epoch time: 44.82 s
2026-06-18 11:23:55.438402: 
2026-06-18 11:23:55.438716: Epoch 34
2026-06-18 11:23:55.438953: Current learning rate: 0.00877
2026-06-18 11:24:40.154114: train_loss -0.293
2026-06-18 11:24:40.154644: val_loss -0.2249
2026-06-18 11:24:40.154785: Pseudo dice [np.float32(0.6929)]
2026-06-18 11:24:40.154963: Epoch time: 44.72 s
2026-06-18 11:24:41.888259: 
2026-06-18 11:24:41.888786: Epoch 35
2026-06-18 11:24:41.889754: Current learning rate: 0.00873
2026-06-18 11:25:26.594413: train_loss -0.2885
2026-06-18 11:25:26.594934: val_loss -0.2363
2026-06-18 11:25:26.595076: Pseudo dice [np.float32(0.6999)]
2026-06-18 11:25:26.595243: Epoch time: 44.71 s
2026-06-18 11:25:28.327101: 
2026-06-18 11:25:28.327513: Epoch 36
2026-06-18 11:25:28.327701: Current learning rate: 0.00869
2026-06-18 11:26:13.029410: train_loss -0.2983
2026-06-18 11:26:13.029903: val_loss -0.2448
2026-06-18 11:26:13.030056: Pseudo dice [np.float32(0.7129)]
2026-06-18 11:26:13.030221: Epoch time: 44.71 s
2026-06-18 11:26:14.772140: 
2026-06-18 11:26:14.772564: Epoch 37
2026-06-18 11:26:14.772833: Current learning rate: 0.00866
2026-06-18 11:26:59.420161: train_loss -0.299
2026-06-18 11:26:59.420696: val_loss -0.2541
2026-06-18 11:26:59.420834: Pseudo dice [np.float32(0.7096)]
2026-06-18 11:26:59.421012: Epoch time: 44.65 s
2026-06-18 11:27:01.162551: 
2026-06-18 11:27:01.162974: Epoch 38
2026-06-18 11:27:01.163152: Current learning rate: 0.00862
2026-06-18 11:27:45.858272: train_loss -0.295
2026-06-18 11:27:45.858793: val_loss -0.245
2026-06-18 11:27:45.858951: Pseudo dice [np.float32(0.7103)]
2026-06-18 11:27:45.859126: Epoch time: 44.7 s
2026-06-18 11:27:45.859253: Yayy! New best EMA pseudo Dice: 0.6952000260353088
2026-06-18 11:27:48.189011: 
2026-06-18 11:27:48.189481: Epoch 39
2026-06-18 11:27:48.189808: Current learning rate: 0.00858
2026-06-18 11:28:32.881785: train_loss -0.3068
2026-06-18 11:28:32.882246: val_loss -0.2604
2026-06-18 11:28:32.882385: Pseudo dice [np.float32(0.7178)]
2026-06-18 11:28:32.882555: Epoch time: 44.7 s
2026-06-18 11:28:32.882686: Yayy! New best EMA pseudo Dice: 0.6974999904632568
2026-06-18 11:28:35.223691: 
2026-06-18 11:28:35.224155: Epoch 40
2026-06-18 11:28:35.224389: Current learning rate: 0.00855
2026-06-18 11:29:20.087703: train_loss -0.2961
2026-06-18 11:29:20.088224: val_loss -0.1956
2026-06-18 11:29:20.088374: Pseudo dice [np.float32(0.6741)]
2026-06-18 11:29:20.088548: Epoch time: 44.87 s
2026-06-18 11:29:21.847774: 
2026-06-18 11:29:21.848239: Epoch 41
2026-06-18 11:29:21.848456: Current learning rate: 0.00851
2026-06-18 11:30:06.611648: train_loss -0.2914
2026-06-18 11:30:06.612142: val_loss -0.2508
2026-06-18 11:30:06.612289: Pseudo dice [np.float32(0.7118)]
2026-06-18 11:30:06.612458: Epoch time: 44.77 s
2026-06-18 11:30:08.318455: 
2026-06-18 11:30:08.318974: Epoch 42
2026-06-18 11:30:08.319274: Current learning rate: 0.00847
2026-06-18 11:30:52.993033: train_loss -0.2968
2026-06-18 11:30:52.993513: val_loss -0.2412
2026-06-18 11:30:52.993656: Pseudo dice [np.float32(0.7212)]
2026-06-18 11:30:52.993819: Epoch time: 44.68 s
2026-06-18 11:30:52.993950: Yayy! New best EMA pseudo Dice: 0.6991999745368958
2026-06-18 11:30:55.666659: 
2026-06-18 11:30:55.667220: Epoch 43
2026-06-18 11:30:55.667435: Current learning rate: 0.00844
2026-06-18 11:31:40.375266: train_loss -0.2916
2026-06-18 11:31:40.375735: val_loss -0.2412
2026-06-18 11:31:40.375891: Pseudo dice [np.float32(0.7028)]
2026-06-18 11:31:40.376063: Epoch time: 44.71 s
2026-06-18 11:31:40.376187: Yayy! New best EMA pseudo Dice: 0.6995999813079834
2026-06-18 11:31:42.684945: 
2026-06-18 11:31:42.685372: Epoch 44
2026-06-18 11:31:42.685548: Current learning rate: 0.0084
2026-06-18 11:32:27.428005: train_loss -0.3035
2026-06-18 11:32:27.428746: val_loss -0.1678
2026-06-18 11:32:27.428912: Pseudo dice [np.float32(0.6846)]
2026-06-18 11:32:27.429090: Epoch time: 44.75 s
2026-06-18 11:32:29.150941: 
2026-06-18 11:32:29.151463: Epoch 45
2026-06-18 11:32:29.151796: Current learning rate: 0.00836
2026-06-18 11:33:13.892075: train_loss -0.3091
2026-06-18 11:33:13.892637: val_loss -0.2533
2026-06-18 11:33:13.892801: Pseudo dice [np.float32(0.7201)]
2026-06-18 11:33:13.892990: Epoch time: 44.74 s
2026-06-18 11:33:13.893125: Yayy! New best EMA pseudo Dice: 0.7002999782562256
2026-06-18 11:33:16.801441: 
2026-06-18 11:33:16.801951: Epoch 46
2026-06-18 11:33:16.802155: Current learning rate: 0.00833
2026-06-18 11:34:01.720265: train_loss -0.3024
2026-06-18 11:34:01.720705: val_loss -0.2081
2026-06-18 11:34:01.720845: Pseudo dice [np.float32(0.6943)]
2026-06-18 11:34:01.721033: Epoch time: 44.92 s
2026-06-18 11:34:03.427029: 
2026-06-18 11:34:03.427330: Epoch 47
2026-06-18 11:34:03.427524: Current learning rate: 0.00829
2026-06-18 11:34:48.336190: train_loss -0.3055
2026-06-18 11:34:48.336753: val_loss -0.1804
2026-06-18 11:34:48.336935: Pseudo dice [np.float32(0.6912)]
2026-06-18 11:34:48.337105: Epoch time: 44.91 s
2026-06-18 11:34:50.051226: 
2026-06-18 11:34:50.051762: Epoch 48
2026-06-18 11:34:50.052078: Current learning rate: 0.00825
2026-06-18 11:35:34.902567: train_loss -0.3061
2026-06-18 11:35:34.903053: val_loss -0.2556
2026-06-18 11:35:34.903196: Pseudo dice [np.float32(0.7065)]
2026-06-18 11:35:34.903363: Epoch time: 44.85 s
2026-06-18 11:35:36.625419: 
2026-06-18 11:35:36.625723: Epoch 49
2026-06-18 11:35:36.625904: Current learning rate: 0.00822
2026-06-18 11:36:21.453720: train_loss -0.3041
2026-06-18 11:36:21.454347: val_loss -0.2301
2026-06-18 11:36:21.454530: Pseudo dice [np.float32(0.7009)]
2026-06-18 11:36:21.454712: Epoch time: 44.83 s
2026-06-18 11:36:23.683142: 
2026-06-18 11:36:23.683761: Epoch 50
2026-06-18 11:36:23.683938: Current learning rate: 0.00818
2026-06-18 11:37:08.418116: train_loss -0.3049
2026-06-18 11:37:08.418545: val_loss -0.2659
2026-06-18 11:37:08.418685: Pseudo dice [np.float32(0.7177)]
2026-06-18 11:37:08.418861: Epoch time: 44.74 s
2026-06-18 11:37:08.418995: Yayy! New best EMA pseudo Dice: 0.7014999985694885
2026-06-18 11:37:10.648010: 
2026-06-18 11:37:10.648615: Epoch 51
2026-06-18 11:37:10.648867: Current learning rate: 0.00814
2026-06-18 11:37:55.391652: train_loss -0.3023
2026-06-18 11:37:55.392242: val_loss -0.2391
2026-06-18 11:37:55.392392: Pseudo dice [np.float32(0.6961)]
2026-06-18 11:37:55.392562: Epoch time: 44.75 s
2026-06-18 11:37:57.515338: 
2026-06-18 11:37:57.515822: Epoch 52
2026-06-18 11:37:57.516016: Current learning rate: 0.00811
2026-06-18 11:38:42.383377: train_loss -0.3154
2026-06-18 11:38:42.383903: val_loss -0.1987
2026-06-18 11:38:42.384060: Pseudo dice [np.float32(0.6826)]
2026-06-18 11:38:42.384232: Epoch time: 44.87 s
2026-06-18 11:38:44.103745: 
2026-06-18 11:38:44.104210: Epoch 53
2026-06-18 11:38:44.104391: Current learning rate: 0.00807
2026-06-18 11:39:29.040570: train_loss -0.3144
2026-06-18 11:39:29.041010: val_loss -0.1975
2026-06-18 11:39:29.041146: Pseudo dice [np.float32(0.6798)]
2026-06-18 11:39:29.041315: Epoch time: 44.94 s
2026-06-18 11:39:30.781397: 
2026-06-18 11:39:30.781944: Epoch 54
2026-06-18 11:39:30.782278: Current learning rate: 0.00803
2026-06-18 11:40:15.587076: train_loss -0.3175
2026-06-18 11:40:15.588603: val_loss -0.2059
2026-06-18 11:40:15.588751: Pseudo dice [np.float32(0.689)]
2026-06-18 11:40:15.588928: Epoch time: 44.81 s
2026-06-18 11:40:17.316836: 
2026-06-18 11:40:17.317291: Epoch 55
2026-06-18 11:40:17.317465: Current learning rate: 0.008
2026-06-18 11:41:02.185668: train_loss -0.3126
2026-06-18 11:41:02.186546: val_loss -0.1342
2026-06-18 11:41:02.186695: Pseudo dice [np.float32(0.6466)]
2026-06-18 11:41:02.186876: Epoch time: 44.87 s
2026-06-18 11:41:03.918973: 
2026-06-18 11:41:03.919509: Epoch 56
2026-06-18 11:41:03.919822: Current learning rate: 0.00796
2026-06-18 11:41:48.800213: train_loss -0.3135
2026-06-18 11:41:48.800810: val_loss -0.2088
2026-06-18 11:41:48.800959: Pseudo dice [np.float32(0.6893)]
2026-06-18 11:41:48.801131: Epoch time: 44.88 s
2026-06-18 11:41:50.527647: 
2026-06-18 11:41:50.528050: Epoch 57
2026-06-18 11:41:50.528402: Current learning rate: 0.00792
2026-06-18 11:42:35.162943: train_loss -0.3123
2026-06-18 11:42:35.163526: val_loss -0.2377
2026-06-18 11:42:35.163670: Pseudo dice [np.float32(0.6961)]
2026-06-18 11:42:35.163846: Epoch time: 44.64 s
2026-06-18 11:42:36.868790: 
2026-06-18 11:42:36.869390: Epoch 58
2026-06-18 11:42:36.869755: Current learning rate: 0.00789
2026-06-18 11:43:21.557721: train_loss -0.3195
2026-06-18 11:43:21.558298: val_loss -0.1339
2026-06-18 11:43:21.558467: Pseudo dice [np.float32(0.6605)]
2026-06-18 11:43:21.558652: Epoch time: 44.69 s
2026-06-18 11:43:23.280479: 
2026-06-18 11:43:23.280946: Epoch 59
2026-06-18 11:43:23.281133: Current learning rate: 0.00785
2026-06-18 11:44:08.267326: train_loss -0.305
2026-06-18 11:44:08.267961: val_loss -0.2616
2026-06-18 11:44:08.268114: Pseudo dice [np.float32(0.7038)]
2026-06-18 11:44:08.268282: Epoch time: 44.99 s
2026-06-18 11:44:09.988951: 
2026-06-18 11:44:09.989274: Epoch 60
2026-06-18 11:44:09.989444: Current learning rate: 0.00781
2026-06-18 11:44:54.778154: train_loss -0.3159
2026-06-18 11:44:54.781470: val_loss -0.1704
2026-06-18 11:44:54.781616: Pseudo dice [np.float32(0.6894)]
2026-06-18 11:44:54.781786: Epoch time: 44.79 s
2026-06-18 11:44:56.909543: 
2026-06-18 11:44:56.909858: Epoch 61
2026-06-18 11:44:56.910036: Current learning rate: 0.00777
2026-06-18 11:45:41.607908: train_loss -0.3115
2026-06-18 11:45:41.608369: val_loss -0.2573
2026-06-18 11:45:41.608517: Pseudo dice [np.float32(0.7157)]
2026-06-18 11:45:41.608685: Epoch time: 44.7 s
2026-06-18 11:45:43.337343: 
2026-06-18 11:45:43.337832: Epoch 62
2026-06-18 11:45:43.338027: Current learning rate: 0.00774
2026-06-18 11:46:28.276127: train_loss -0.2905
2026-06-18 11:46:28.276762: val_loss -0.1598
2026-06-18 11:46:28.276934: Pseudo dice [np.float32(0.6927)]
2026-06-18 11:46:28.277113: Epoch time: 44.94 s
2026-06-18 11:46:30.663038: 
2026-06-18 11:46:30.663512: Epoch 63
2026-06-18 11:46:30.663696: Current learning rate: 0.0077
2026-06-18 11:47:15.511169: train_loss -0.3075
2026-06-18 11:47:15.511634: val_loss -0.2496
2026-06-18 11:47:15.511781: Pseudo dice [np.float32(0.7271)]
2026-06-18 11:47:15.511967: Epoch time: 44.85 s
2026-06-18 11:47:17.250910: 
2026-06-18 11:47:17.251379: Epoch 64
2026-06-18 11:47:17.251639: Current learning rate: 0.00766
2026-06-18 11:48:02.028298: train_loss -0.3069
2026-06-18 11:48:02.028900: val_loss -0.2519
2026-06-18 11:48:02.029062: Pseudo dice [np.float32(0.7291)]
2026-06-18 11:48:02.029230: Epoch time: 44.78 s
2026-06-18 11:48:03.749456: 
2026-06-18 11:48:03.749827: Epoch 65
2026-06-18 11:48:03.750014: Current learning rate: 0.00763
2026-06-18 11:48:48.462046: train_loss -0.3006
2026-06-18 11:48:48.462506: val_loss -0.265
2026-06-18 11:48:48.462650: Pseudo dice [np.float32(0.7302)]
2026-06-18 11:48:48.462821: Epoch time: 44.72 s
2026-06-18 11:48:48.462960: Yayy! New best EMA pseudo Dice: 0.7024000287055969
2026-06-18 11:48:51.034987: 
2026-06-18 11:48:51.035502: Epoch 66
2026-06-18 11:48:51.035828: Current learning rate: 0.00759
2026-06-18 11:49:35.854551: train_loss -0.3245
2026-06-18 11:49:35.855218: val_loss -0.22
2026-06-18 11:49:35.855364: Pseudo dice [np.float32(0.7031)]
2026-06-18 11:49:35.855546: Epoch time: 44.82 s
2026-06-18 11:49:35.855692: Yayy! New best EMA pseudo Dice: 0.7024999856948853
2026-06-18 11:49:38.132032: 
2026-06-18 11:49:38.132521: Epoch 67
2026-06-18 11:49:38.132759: Current learning rate: 0.00755
2026-06-18 11:50:22.783194: train_loss -0.3211
2026-06-18 11:50:22.783741: val_loss -0.1741
2026-06-18 11:50:22.783914: Pseudo dice [np.float32(0.6864)]
2026-06-18 11:50:22.784085: Epoch time: 44.65 s
2026-06-18 11:50:24.532460: 
2026-06-18 11:50:24.532831: Epoch 68
2026-06-18 11:50:24.533024: Current learning rate: 0.00751
2026-06-18 11:51:09.177457: train_loss -0.3141
2026-06-18 11:51:09.178428: val_loss -0.2457
2026-06-18 11:51:09.178579: Pseudo dice [np.float32(0.7013)]
2026-06-18 11:51:09.178779: Epoch time: 44.65 s
2026-06-18 11:51:10.936608: 
2026-06-18 11:51:10.937138: Epoch 69
2026-06-18 11:51:10.937428: Current learning rate: 0.00748
2026-06-18 11:51:55.685302: train_loss -0.3143
2026-06-18 11:51:55.685857: val_loss -0.27
2026-06-18 11:51:55.686050: Pseudo dice [np.float32(0.7272)]
2026-06-18 11:51:55.686238: Epoch time: 44.75 s
2026-06-18 11:51:55.686370: Yayy! New best EMA pseudo Dice: 0.7035999894142151
2026-06-18 11:51:58.351202: 
2026-06-18 11:51:58.351659: Epoch 70
2026-06-18 11:51:58.351882: Current learning rate: 0.00744
2026-06-18 11:52:43.001608: train_loss -0.3223
2026-06-18 11:52:43.002176: val_loss -0.2155
2026-06-18 11:52:43.002316: Pseudo dice [np.float32(0.6916)]
2026-06-18 11:52:43.002481: Epoch time: 44.65 s
2026-06-18 11:52:44.742381: 
2026-06-18 11:52:44.742809: Epoch 71
2026-06-18 11:52:44.743004: Current learning rate: 0.0074
2026-06-18 11:53:29.393235: train_loss -0.3199
2026-06-18 11:53:29.393826: val_loss -0.1991
2026-06-18 11:53:29.393984: Pseudo dice [np.float32(0.6902)]
2026-06-18 11:53:29.394152: Epoch time: 44.65 s
2026-06-18 11:53:31.140928: 
2026-06-18 11:53:31.141436: Epoch 72
2026-06-18 11:53:31.141735: Current learning rate: 0.00737
2026-06-18 11:54:15.800187: train_loss -0.33
2026-06-18 11:54:15.800657: val_loss -0.1912
2026-06-18 11:54:15.800797: Pseudo dice [np.float32(0.6757)]
2026-06-18 11:54:15.801024: Epoch time: 44.66 s
2026-06-18 11:54:17.556249: 
2026-06-18 11:54:17.556757: Epoch 73
2026-06-18 11:54:17.557122: Current learning rate: 0.00733
2026-06-18 11:55:02.294634: train_loss -0.3167
2026-06-18 11:55:02.295153: val_loss -0.2473
2026-06-18 11:55:02.295309: Pseudo dice [np.float32(0.7065)]
2026-06-18 11:55:02.295484: Epoch time: 44.74 s
2026-06-18 11:55:04.051553: 
2026-06-18 11:55:04.052072: Epoch 74
2026-06-18 11:55:04.052258: Current learning rate: 0.00729
2026-06-18 11:55:48.754822: train_loss -0.3207
2026-06-18 11:55:48.755290: val_loss -0.206
2026-06-18 11:55:48.755432: Pseudo dice [np.float32(0.702)]
2026-06-18 11:55:48.755597: Epoch time: 44.71 s
2026-06-18 11:55:50.509155: 
2026-06-18 11:55:50.509635: Epoch 75
2026-06-18 11:55:50.509993: Current learning rate: 0.00725
2026-06-18 11:56:35.215769: train_loss -0.3222
2026-06-18 11:56:35.216335: val_loss -0.1813
2026-06-18 11:56:35.216497: Pseudo dice [np.float32(0.6733)]
2026-06-18 11:56:35.216674: Epoch time: 44.71 s
2026-06-18 11:56:36.966081: 
2026-06-18 11:56:36.966489: Epoch 76
2026-06-18 11:56:36.966681: Current learning rate: 0.00722
2026-06-18 11:57:21.705232: train_loss -0.3266
2026-06-18 11:57:21.705862: val_loss -0.1908
2026-06-18 11:57:21.706008: Pseudo dice [np.float32(0.689)]
2026-06-18 11:57:21.706178: Epoch time: 44.74 s
2026-06-18 11:57:23.457505: 
2026-06-18 11:57:23.458076: Epoch 77
2026-06-18 11:57:23.458342: Current learning rate: 0.00718
2026-06-18 11:58:08.242296: train_loss -0.3258
2026-06-18 11:58:08.242893: val_loss -0.2023
2026-06-18 11:58:08.243053: Pseudo dice [np.float32(0.6889)]
2026-06-18 11:58:08.243222: Epoch time: 44.79 s
2026-06-18 11:58:10.011337: 
2026-06-18 11:58:10.011795: Epoch 78
2026-06-18 11:58:10.011986: Current learning rate: 0.00714
2026-06-18 11:58:54.711467: train_loss -0.3209
2026-06-18 11:58:54.711945: val_loss -0.1414
2026-06-18 11:58:54.712091: Pseudo dice [np.float32(0.6795)]
2026-06-18 11:58:54.712261: Epoch time: 44.7 s
2026-06-18 11:58:56.893548: 
2026-06-18 11:58:56.894029: Epoch 79
2026-06-18 11:58:56.894220: Current learning rate: 0.0071
2026-06-18 11:59:41.719784: train_loss -0.3146
2026-06-18 11:59:41.720293: val_loss -0.1786
2026-06-18 11:59:41.720465: Pseudo dice [np.float32(0.6562)]
2026-06-18 11:59:41.720636: Epoch time: 44.83 s
2026-06-18 11:59:43.500730: 
2026-06-18 11:59:43.501227: Epoch 80
2026-06-18 11:59:43.501564: Current learning rate: 0.00707
2026-06-18 12:00:28.261063: train_loss -0.3166
2026-06-18 12:00:28.261643: val_loss -0.1531
2026-06-18 12:00:28.261788: Pseudo dice [np.float32(0.6685)]
2026-06-18 12:00:28.261969: Epoch time: 44.76 s
2026-06-18 12:00:30.034569: 
2026-06-18 12:00:30.034936: Epoch 81
2026-06-18 12:00:30.035122: Current learning rate: 0.00703
2026-06-18 12:01:14.709821: train_loss -0.3126
2026-06-18 12:01:14.714496: val_loss -0.2528
2026-06-18 12:01:14.714648: Pseudo dice [np.float32(0.7062)]
2026-06-18 12:01:14.714817: Epoch time: 44.68 s
2026-06-18 12:01:16.482544: 
2026-06-18 12:01:16.482975: Epoch 82
2026-06-18 12:01:16.483150: Current learning rate: 0.00699
2026-06-18 12:02:01.173888: train_loss -0.314
2026-06-18 12:02:01.174311: val_loss -0.1322
2026-06-18 12:02:01.174448: Pseudo dice [np.float32(0.658)]
2026-06-18 12:02:01.174622: Epoch time: 44.69 s
2026-06-18 12:02:02.901733: 
2026-06-18 12:02:02.902220: Epoch 83
2026-06-18 12:02:02.902494: Current learning rate: 0.00696
2026-06-18 12:02:47.498658: train_loss -0.3233
2026-06-18 12:02:47.499374: val_loss -0.123
2026-06-18 12:02:47.499524: Pseudo dice [np.float32(0.655)]
2026-06-18 12:02:47.499692: Epoch time: 44.6 s
2026-06-18 12:02:49.219836: 
2026-06-18 12:02:49.220254: Epoch 84
2026-06-18 12:02:49.220457: Current learning rate: 0.00692
2026-06-18 12:03:33.991810: train_loss -0.3112
2026-06-18 12:03:33.992343: val_loss -0.2342
2026-06-18 12:03:33.992495: Pseudo dice [np.float32(0.6965)]
2026-06-18 12:03:33.992659: Epoch time: 44.78 s
2026-06-18 12:03:35.710535: 
2026-06-18 12:03:35.711014: Epoch 85
2026-06-18 12:03:35.711342: Current learning rate: 0.00688
2026-06-18 12:04:20.357475: train_loss -0.3234
2026-06-18 12:04:20.358201: val_loss -0.2512
2026-06-18 12:04:20.358352: Pseudo dice [np.float32(0.7167)]
2026-06-18 12:04:20.358526: Epoch time: 44.65 s
2026-06-18 12:04:22.082024: 
2026-06-18 12:04:22.082530: Epoch 86
2026-06-18 12:04:22.082834: Current learning rate: 0.00684
2026-06-18 12:05:06.814406: train_loss -0.3242
2026-06-18 12:05:06.815591: val_loss -0.1484
2026-06-18 12:05:06.815742: Pseudo dice [np.float32(0.6645)]
2026-06-18 12:05:06.815926: Epoch time: 44.74 s
2026-06-18 12:05:08.532110: 
2026-06-18 12:05:08.532590: Epoch 87
2026-06-18 12:05:08.532931: Current learning rate: 0.0068
2026-06-18 12:05:53.236269: train_loss -0.322
2026-06-18 12:05:53.236723: val_loss -0.2514
2026-06-18 12:05:53.236875: Pseudo dice [np.float32(0.7143)]
2026-06-18 12:05:53.237041: Epoch time: 44.71 s
2026-06-18 12:05:55.321081: 
2026-06-18 12:05:55.321568: Epoch 88
2026-06-18 12:05:55.321860: Current learning rate: 0.00677
2026-06-18 12:06:39.905447: train_loss -0.317
2026-06-18 12:06:39.906037: val_loss -0.1936
2026-06-18 12:06:39.906208: Pseudo dice [np.float32(0.6704)]
2026-06-18 12:06:39.906380: Epoch time: 44.59 s
2026-06-18 12:06:41.639345: 
2026-06-18 12:06:41.639764: Epoch 89
2026-06-18 12:06:41.639946: Current learning rate: 0.00673
2026-06-18 12:07:26.567389: train_loss -0.3267
2026-06-18 12:07:26.567857: val_loss -0.2626
2026-06-18 12:07:26.568018: Pseudo dice [np.float32(0.7061)]
2026-06-18 12:07:26.568191: Epoch time: 44.93 s
2026-06-18 12:07:28.291586: 
2026-06-18 12:07:28.292099: Epoch 90
2026-06-18 12:07:28.292445: Current learning rate: 0.00669
2026-06-18 12:08:13.165648: train_loss -0.3266
2026-06-18 12:08:13.166202: val_loss -0.2257
2026-06-18 12:08:13.166344: Pseudo dice [np.float32(0.6943)]
2026-06-18 12:08:13.166519: Epoch time: 44.88 s
2026-06-18 12:08:14.895458: 
2026-06-18 12:08:14.896055: Epoch 91
2026-06-18 12:08:14.896425: Current learning rate: 0.00665
2026-06-18 12:08:59.677424: train_loss -0.3249
2026-06-18 12:08:59.678002: val_loss -0.1232
2026-06-18 12:08:59.678154: Pseudo dice [np.float32(0.6477)]
2026-06-18 12:08:59.678321: Epoch time: 44.79 s
2026-06-18 12:09:01.412745: 
2026-06-18 12:09:01.413269: Epoch 92
2026-06-18 12:09:01.413486: Current learning rate: 0.00662
2026-06-18 12:09:46.117172: train_loss -0.3119
2026-06-18 12:09:46.117692: val_loss -0.1645
2026-06-18 12:09:46.117831: Pseudo dice [np.float32(0.6549)]
2026-06-18 12:09:46.118010: Epoch time: 44.71 s
2026-06-18 12:09:47.846486: 
2026-06-18 12:09:47.846935: Epoch 93
2026-06-18 12:09:47.847224: Current learning rate: 0.00658
2026-06-18 12:10:32.601373: train_loss -0.3108
2026-06-18 12:10:32.601883: val_loss -0.2299
2026-06-18 12:10:32.602031: Pseudo dice [np.float32(0.7142)]
2026-06-18 12:10:32.602198: Epoch time: 44.76 s
2026-06-18 12:10:34.341789: 
2026-06-18 12:10:34.342343: Epoch 94
2026-06-18 12:10:34.342630: Current learning rate: 0.00654
2026-06-18 12:11:19.021076: train_loss -0.3226
2026-06-18 12:11:19.021669: val_loss -0.2105
2026-06-18 12:11:19.022679: Pseudo dice [np.float32(0.6839)]
2026-06-18 12:11:19.022867: Epoch time: 44.68 s
2026-06-18 12:11:20.749634: 
2026-06-18 12:11:20.750006: Epoch 95
2026-06-18 12:11:20.750205: Current learning rate: 0.0065
2026-06-18 12:12:05.353723: train_loss -0.3224
2026-06-18 12:12:05.354212: val_loss -0.2464
2026-06-18 12:12:05.354352: Pseudo dice [np.float32(0.7096)]
2026-06-18 12:12:05.354527: Epoch time: 44.61 s
2026-06-18 12:12:07.082213: 
2026-06-18 12:12:07.082717: Epoch 96
2026-06-18 12:12:07.083036: Current learning rate: 0.00647
2026-06-18 12:12:51.760138: train_loss -0.3201
2026-06-18 12:12:51.760609: val_loss -0.2332
2026-06-18 12:12:51.760752: Pseudo dice [np.float32(0.6964)]
2026-06-18 12:12:51.760933: Epoch time: 44.68 s
2026-06-18 12:12:53.900228: 
2026-06-18 12:12:53.900724: Epoch 97
2026-06-18 12:12:53.900911: Current learning rate: 0.00643
2026-06-18 12:13:38.742229: train_loss -0.3051
2026-06-18 12:13:38.742776: val_loss -0.2492
2026-06-18 12:13:38.742933: Pseudo dice [np.float32(0.7121)]
2026-06-18 12:13:38.743098: Epoch time: 44.84 s
2026-06-18 12:13:40.481536: 
2026-06-18 12:13:40.481948: Epoch 98
2026-06-18 12:13:40.482131: Current learning rate: 0.00639
2026-06-18 12:14:25.137519: train_loss -0.3218
2026-06-18 12:14:25.137943: val_loss -0.2172
2026-06-18 12:14:25.138081: Pseudo dice [np.float32(0.6961)]
2026-06-18 12:14:25.138247: Epoch time: 44.66 s
2026-06-18 12:14:26.888514: 
2026-06-18 12:14:26.888969: Epoch 99
2026-06-18 12:14:26.889230: Current learning rate: 0.00635
2026-06-18 12:15:11.563377: train_loss -0.3246
2026-06-18 12:15:11.564009: val_loss -0.1458
2026-06-18 12:15:11.564155: Pseudo dice [np.float32(0.6632)]
2026-06-18 12:15:11.564330: Epoch time: 44.68 s
2026-06-18 12:15:13.820496: 
2026-06-18 12:15:13.821008: Epoch 100
2026-06-18 12:15:13.821309: Current learning rate: 0.00631
2026-06-18 12:15:58.659987: train_loss -0.323
2026-06-18 12:15:58.660409: val_loss -0.2247
2026-06-18 12:15:58.660553: Pseudo dice [np.float32(0.6959)]
2026-06-18 12:15:58.660715: Epoch time: 44.84 s
2026-06-18 12:16:00.404040: 
2026-06-18 12:16:00.404697: Epoch 101
2026-06-18 12:16:00.404889: Current learning rate: 0.00628
2026-06-18 12:16:45.039968: train_loss -0.3303
2026-06-18 12:16:45.040587: val_loss -0.1932
2026-06-18 12:16:45.040738: Pseudo dice [np.float32(0.6726)]
2026-06-18 12:16:45.040916: Epoch time: 44.64 s
2026-06-18 12:16:46.801210: 
2026-06-18 12:16:46.801634: Epoch 102
2026-06-18 12:16:46.801840: Current learning rate: 0.00624
2026-06-18 12:17:31.991676: train_loss -0.3207
2026-06-18 12:17:31.992096: val_loss -0.2268
2026-06-18 12:17:31.992238: Pseudo dice [np.float32(0.6991)]
2026-06-18 12:17:31.992404: Epoch time: 45.19 s
2026-06-18 12:17:33.753996: 
2026-06-18 12:17:33.754504: Epoch 103
2026-06-18 12:17:33.754801: Current learning rate: 0.0062
2026-06-18 12:18:18.563459: train_loss -0.3249
2026-06-18 12:18:18.564039: val_loss -0.1695
2026-06-18 12:18:18.564203: Pseudo dice [np.float32(0.671)]
2026-06-18 12:18:18.564389: Epoch time: 44.81 s
2026-06-18 12:18:20.321888: 
2026-06-18 12:18:20.322343: Epoch 104
2026-06-18 12:18:20.322529: Current learning rate: 0.00616
2026-06-18 12:19:04.969639: train_loss -0.3377
2026-06-18 12:19:04.970281: val_loss -0.2201
2026-06-18 12:19:04.970433: Pseudo dice [np.float32(0.6923)]
2026-06-18 12:19:04.970605: Epoch time: 44.65 s
2026-06-18 12:19:06.743563: 
2026-06-18 12:19:06.743995: Epoch 105
2026-06-18 12:19:06.744213: Current learning rate: 0.00612
2026-06-18 12:19:51.257061: train_loss -0.3207
2026-06-18 12:19:51.257653: val_loss -0.147
2026-06-18 12:19:51.257801: Pseudo dice [np.float32(0.684)]
2026-06-18 12:19:51.258003: Epoch time: 44.52 s
2026-06-18 12:19:53.032160: 
2026-06-18 12:19:53.032740: Epoch 106
2026-06-18 12:19:53.033041: Current learning rate: 0.00609
2026-06-18 12:20:38.021531: train_loss -0.3252
2026-06-18 12:20:38.022249: val_loss -0.2077
2026-06-18 12:20:38.022392: Pseudo dice [np.float32(0.6827)]
2026-06-18 12:20:38.022565: Epoch time: 44.99 s
2026-06-18 12:20:39.789678: 
2026-06-18 12:20:39.790274: Epoch 107
2026-06-18 12:20:39.790567: Current learning rate: 0.00605
2026-06-18 12:21:24.520240: train_loss -0.3156
2026-06-18 12:21:24.520750: val_loss -0.2174
2026-06-18 12:21:24.520926: Pseudo dice [np.float32(0.6906)]
2026-06-18 12:21:24.521101: Epoch time: 44.73 s
2026-06-18 12:21:26.296284: 
2026-06-18 12:21:26.296864: Epoch 108
2026-06-18 12:21:26.297174: Current learning rate: 0.00601
2026-06-18 12:22:10.937444: train_loss -0.3329
2026-06-18 12:22:10.937968: val_loss -0.113
2026-06-18 12:22:10.938114: Pseudo dice [np.float32(0.6522)]
2026-06-18 12:22:10.938298: Epoch time: 44.64 s
2026-06-18 12:22:12.701237: 
2026-06-18 12:22:12.701689: Epoch 109
2026-06-18 12:22:12.702005: Current learning rate: 0.00597
2026-06-18 12:22:57.172595: train_loss -0.3253
2026-06-18 12:22:57.173211: val_loss -0.2085
2026-06-18 12:22:57.173365: Pseudo dice [np.float32(0.6951)]
2026-06-18 12:22:57.173544: Epoch time: 44.47 s
2026-06-18 12:22:58.928775: 
2026-06-18 12:22:58.929305: Epoch 110
2026-06-18 12:22:58.929594: Current learning rate: 0.00593
2026-06-18 12:23:43.728870: train_loss -0.3334
2026-06-18 12:23:43.729342: val_loss -0.146
2026-06-18 12:23:43.729486: Pseudo dice [np.float32(0.661)]
2026-06-18 12:23:43.729657: Epoch time: 44.8 s
2026-06-18 12:23:45.509516: 
2026-06-18 12:23:45.510026: Epoch 111
2026-06-18 12:23:45.510327: Current learning rate: 0.0059
2026-06-18 12:24:30.046146: train_loss -0.33
2026-06-18 12:24:30.047394: val_loss -0.2137
2026-06-18 12:24:30.047576: Pseudo dice [np.float32(0.6976)]
2026-06-18 12:24:30.047749: Epoch time: 44.54 s
2026-06-18 12:24:31.797747: 
2026-06-18 12:24:31.798214: Epoch 112
2026-06-18 12:24:31.798490: Current learning rate: 0.00586
2026-06-18 12:25:16.352933: train_loss -0.3395
2026-06-18 12:25:16.353427: val_loss -0.2606
2026-06-18 12:25:16.353590: Pseudo dice [np.float32(0.7224)]
2026-06-18 12:25:16.353759: Epoch time: 44.56 s
2026-06-18 12:25:18.093757: 
2026-06-18 12:25:18.094286: Epoch 113
2026-06-18 12:25:18.094588: Current learning rate: 0.00582
2026-06-18 12:26:02.700520: train_loss -0.3357
2026-06-18 12:26:02.701130: val_loss -0.2123
2026-06-18 12:26:02.701281: Pseudo dice [np.float32(0.6946)]
2026-06-18 12:26:02.701455: Epoch time: 44.61 s
2026-06-18 12:26:04.439068: 
2026-06-18 12:26:04.439476: Epoch 114
2026-06-18 12:26:04.439681: Current learning rate: 0.00578
2026-06-18 12:26:49.098732: train_loss -0.3302
2026-06-18 12:26:49.099190: val_loss -0.2552
2026-06-18 12:26:49.099345: Pseudo dice [np.float32(0.7234)]
2026-06-18 12:26:49.099520: Epoch time: 44.66 s
2026-06-18 12:26:50.839846: 
2026-06-18 12:26:50.840199: Epoch 115
2026-06-18 12:26:50.840355: Current learning rate: 0.00574
2026-06-18 12:27:36.065548: train_loss -0.3401
2026-06-18 12:27:36.066131: val_loss -0.2585
2026-06-18 12:27:36.066297: Pseudo dice [np.float32(0.7174)]
2026-06-18 12:27:36.066470: Epoch time: 45.23 s
2026-06-18 12:27:37.862839: 
2026-06-18 12:27:37.863492: Epoch 116
2026-06-18 12:27:37.863799: Current learning rate: 0.0057
2026-06-18 12:28:22.521100: train_loss -0.3314
2026-06-18 12:28:22.521766: val_loss -0.2267
2026-06-18 12:28:22.521926: Pseudo dice [np.float32(0.7016)]
2026-06-18 12:28:22.522103: Epoch time: 44.66 s
2026-06-18 12:28:24.285447: 
2026-06-18 12:28:24.285922: Epoch 117
2026-06-18 12:28:24.286199: Current learning rate: 0.00567
2026-06-18 12:29:08.886181: train_loss -0.3352
2026-06-18 12:29:08.886742: val_loss -0.1726
2026-06-18 12:29:08.886917: Pseudo dice [np.float32(0.6675)]
2026-06-18 12:29:08.887100: Epoch time: 44.6 s
2026-06-18 12:29:10.653188: 
2026-06-18 12:29:10.653770: Epoch 118
2026-06-18 12:29:10.654070: Current learning rate: 0.00563
2026-06-18 12:29:55.237889: train_loss -0.3385
2026-06-18 12:29:55.238483: val_loss -0.2555
2026-06-18 12:29:55.238648: Pseudo dice [np.float32(0.704)]
2026-06-18 12:29:55.238816: Epoch time: 44.59 s
2026-06-18 12:29:57.003402: 
2026-06-18 12:29:57.004028: Epoch 119
2026-06-18 12:29:57.005024: Current learning rate: 0.00559
2026-06-18 12:30:41.697904: train_loss -0.3362
2026-06-18 12:30:41.698467: val_loss -0.1373
2026-06-18 12:30:41.698620: Pseudo dice [np.float32(0.6743)]
2026-06-18 12:30:41.698787: Epoch time: 44.7 s
2026-06-18 12:30:43.453998: 
2026-06-18 12:30:43.454479: Epoch 120
2026-06-18 12:30:43.454671: Current learning rate: 0.00555
2026-06-18 12:31:28.055503: train_loss -0.3348
2026-06-18 12:31:28.056060: val_loss -0.2618
2026-06-18 12:31:28.056211: Pseudo dice [np.float32(0.7154)]
2026-06-18 12:31:28.056372: Epoch time: 44.6 s
2026-06-18 12:31:29.821425: 
2026-06-18 12:31:29.821939: Epoch 121
2026-06-18 12:31:29.822272: Current learning rate: 0.00551
2026-06-18 12:32:14.501755: train_loss -0.342
2026-06-18 12:32:14.502193: val_loss -0.227
2026-06-18 12:32:14.502336: Pseudo dice [np.float32(0.701)]
2026-06-18 12:32:14.502510: Epoch time: 44.68 s
2026-06-18 12:32:16.262213: 
2026-06-18 12:32:16.262706: Epoch 122
2026-06-18 12:32:16.262888: Current learning rate: 0.00547
2026-06-18 12:33:01.127214: train_loss -0.3259
2026-06-18 12:33:01.127673: val_loss -0.2384
2026-06-18 12:33:01.127822: Pseudo dice [np.float32(0.6859)]
2026-06-18 12:33:01.127997: Epoch time: 44.87 s
2026-06-18 12:33:02.890364: 
2026-06-18 12:33:02.890881: Epoch 123
2026-06-18 12:33:02.891072: Current learning rate: 0.00544
2026-06-18 12:33:48.007063: train_loss -0.3371
2026-06-18 12:33:48.007496: val_loss -0.233
2026-06-18 12:33:48.007642: Pseudo dice [np.float32(0.7069)]
2026-06-18 12:33:48.007812: Epoch time: 45.12 s
2026-06-18 12:33:50.156144: 
2026-06-18 12:33:50.156640: Epoch 124
2026-06-18 12:33:50.156821: Current learning rate: 0.0054
2026-06-18 12:34:35.156070: train_loss -0.3251
2026-06-18 12:34:35.156651: val_loss -0.2204
2026-06-18 12:34:35.156800: Pseudo dice [np.float32(0.6901)]
2026-06-18 12:34:35.156981: Epoch time: 45.0 s
2026-06-18 12:34:36.932520: 
2026-06-18 12:34:36.933114: Epoch 125
2026-06-18 12:34:36.933419: Current learning rate: 0.00536
2026-06-18 12:35:21.761864: train_loss -0.3354
2026-06-18 12:35:21.762424: val_loss -0.2385
2026-06-18 12:35:21.762575: Pseudo dice [np.float32(0.6967)]
2026-06-18 12:35:21.762750: Epoch time: 44.83 s
2026-06-18 12:35:23.537615: 
2026-06-18 12:35:23.538051: Epoch 126
2026-06-18 12:35:23.538249: Current learning rate: 0.00532
2026-06-18 12:36:08.378914: train_loss -0.3306
2026-06-18 12:36:08.379496: val_loss -0.2675
2026-06-18 12:36:08.379657: Pseudo dice [np.float32(0.7136)]
2026-06-18 12:36:08.379835: Epoch time: 44.84 s
2026-06-18 12:36:10.147136: 
2026-06-18 12:36:10.147606: Epoch 127
2026-06-18 12:36:10.147805: Current learning rate: 0.00528
2026-06-18 12:36:54.877318: train_loss -0.3235
2026-06-18 12:36:54.877929: val_loss -0.196
2026-06-18 12:36:54.878073: Pseudo dice [np.float32(0.6759)]
2026-06-18 12:36:54.878239: Epoch time: 44.73 s
2026-06-18 12:36:56.649667: 
2026-06-18 12:36:56.650190: Epoch 128
2026-06-18 12:36:56.650375: Current learning rate: 0.00524
2026-06-18 12:37:41.482091: train_loss -0.3352
2026-06-18 12:37:41.482631: val_loss -0.1757
2026-06-18 12:37:41.482798: Pseudo dice [np.float32(0.6669)]
2026-06-18 12:37:41.482997: Epoch time: 44.84 s
2026-06-18 12:37:43.249789: 
2026-06-18 12:37:43.250190: Epoch 129
2026-06-18 12:37:43.250394: Current learning rate: 0.0052
2026-06-18 12:38:28.221209: train_loss -0.3264
2026-06-18 12:38:28.221823: val_loss -0.1838
2026-06-18 12:38:28.221976: Pseudo dice [np.float32(0.6774)]
2026-06-18 12:38:28.222154: Epoch time: 44.97 s
2026-06-18 12:38:29.991041: 
2026-06-18 12:38:29.991440: Epoch 130
2026-06-18 12:38:29.991750: Current learning rate: 0.00517
2026-06-18 12:39:14.885942: train_loss -0.3365
2026-06-18 12:39:14.886533: val_loss -0.2428
2026-06-18 12:39:14.886688: Pseudo dice [np.float32(0.6903)]
2026-06-18 12:39:14.886876: Epoch time: 44.9 s
2026-06-18 12:39:16.668638: 
2026-06-18 12:39:16.669106: Epoch 131
2026-06-18 12:39:16.669392: Current learning rate: 0.00513
2026-06-18 12:40:01.341097: train_loss -0.335
2026-06-18 12:40:01.342348: val_loss -0.243
2026-06-18 12:40:01.342498: Pseudo dice [np.float32(0.6916)]
2026-06-18 12:40:01.342665: Epoch time: 44.68 s
2026-06-18 12:40:03.121570: 
2026-06-18 12:40:03.122008: Epoch 132
2026-06-18 12:40:03.122277: Current learning rate: 0.00509
2026-06-18 12:40:47.844759: train_loss -0.3262
2026-06-18 12:40:47.845392: val_loss -0.1669
2026-06-18 12:40:47.845541: Pseudo dice [np.float32(0.6779)]
2026-06-18 12:40:47.845705: Epoch time: 44.73 s
2026-06-18 12:40:49.994828: 
2026-06-18 12:40:49.995331: Epoch 133
2026-06-18 12:40:49.995536: Current learning rate: 0.00505
2026-06-18 12:41:34.914832: train_loss -0.3364
2026-06-18 12:41:34.915391: val_loss -0.1461
2026-06-18 12:41:34.915543: Pseudo dice [np.float32(0.6681)]
2026-06-18 12:41:34.915748: Epoch time: 44.92 s
2026-06-18 12:41:36.691401: 
2026-06-18 12:41:36.691873: Epoch 134
2026-06-18 12:41:36.692058: Current learning rate: 0.00501
2026-06-18 12:42:21.571229: train_loss -0.3321
2026-06-18 12:42:21.571733: val_loss -0.2136
2026-06-18 12:42:21.571882: Pseudo dice [np.float32(0.6857)]
2026-06-18 12:42:21.572054: Epoch time: 44.88 s
2026-06-18 12:42:23.372941: 
2026-06-18 12:42:23.373525: Epoch 135
2026-06-18 12:42:23.373816: Current learning rate: 0.00497
2026-06-18 12:43:08.193441: train_loss -0.336
2026-06-18 12:43:08.194008: val_loss -0.202
2026-06-18 12:43:08.194149: Pseudo dice [np.float32(0.6981)]
2026-06-18 12:43:08.194315: Epoch time: 44.82 s
2026-06-18 12:43:09.996025: 
2026-06-18 12:43:09.996489: Epoch 136
2026-06-18 12:43:09.996664: Current learning rate: 0.00493
2026-06-18 12:43:54.752005: train_loss -0.3296
2026-06-18 12:43:54.752512: val_loss -0.2248
2026-06-18 12:43:54.753301: Pseudo dice [np.float32(0.6939)]
2026-06-18 12:43:54.753481: Epoch time: 44.76 s
2026-06-18 12:43:56.540693: 
2026-06-18 12:43:56.541281: Epoch 137
2026-06-18 12:43:56.541601: Current learning rate: 0.00489
2026-06-18 12:44:41.309660: train_loss -0.3191
2026-06-18 12:44:41.310111: val_loss -0.2233
2026-06-18 12:44:41.310252: Pseudo dice [np.float32(0.7012)]
2026-06-18 12:44:41.310416: Epoch time: 44.77 s
2026-06-18 12:44:43.106938: 
2026-06-18 12:44:43.107477: Epoch 138
2026-06-18 12:44:43.107857: Current learning rate: 0.00485
2026-06-18 12:45:27.772458: train_loss -0.338
2026-06-18 12:45:27.773038: val_loss -0.2551
2026-06-18 12:45:27.773182: Pseudo dice [np.float32(0.7147)]
2026-06-18 12:45:27.773348: Epoch time: 44.67 s
2026-06-18 12:45:29.560981: 
2026-06-18 12:45:29.561387: Epoch 139
2026-06-18 12:45:29.561563: Current learning rate: 0.00482
2026-06-18 12:46:14.310683: train_loss -0.3293
2026-06-18 12:46:14.311290: val_loss -0.2593
2026-06-18 12:46:14.311440: Pseudo dice [np.float32(0.703)]
2026-06-18 12:46:14.311611: Epoch time: 44.75 s
2026-06-18 12:46:16.105531: 
2026-06-18 12:46:16.105914: Epoch 140
2026-06-18 12:46:16.106112: Current learning rate: 0.00478
2026-06-18 12:47:00.896167: train_loss -0.3247
2026-06-18 12:47:00.896688: val_loss -0.2579
2026-06-18 12:47:00.896870: Pseudo dice [np.float32(0.6905)]
2026-06-18 12:47:00.897104: Epoch time: 44.79 s
2026-06-18 12:47:02.685602: 
2026-06-18 12:47:02.686129: Epoch 141
2026-06-18 12:47:02.686526: Current learning rate: 0.00474
2026-06-18 12:47:47.427611: train_loss -0.3344
2026-06-18 12:47:47.428038: val_loss -0.2585
2026-06-18 12:47:47.428185: Pseudo dice [np.float32(0.7045)]
2026-06-18 12:47:47.428350: Epoch time: 44.75 s
2026-06-18 12:47:49.599560: 
2026-06-18 12:47:49.600067: Epoch 142
2026-06-18 12:47:49.600333: Current learning rate: 0.0047
2026-06-18 12:48:34.226084: train_loss -0.3324
2026-06-18 12:48:34.226651: val_loss -0.2466
2026-06-18 12:48:34.226794: Pseudo dice [np.float32(0.7021)]
2026-06-18 12:48:34.226969: Epoch time: 44.63 s
2026-06-18 12:48:36.765148: 
2026-06-18 12:48:36.765656: Epoch 143
2026-06-18 12:48:36.765864: Current learning rate: 0.00466
2026-06-18 12:49:21.576657: train_loss -0.3325
2026-06-18 12:49:21.577122: val_loss -0.2021
2026-06-18 12:49:21.577264: Pseudo dice [np.float32(0.6724)]
2026-06-18 12:49:21.584090: Epoch time: 44.81 s
2026-06-18 12:49:23.371834: 
2026-06-18 12:49:23.372410: Epoch 144
2026-06-18 12:49:23.372739: Current learning rate: 0.00462
2026-06-18 12:50:08.212437: train_loss -0.338
2026-06-18 12:50:08.213169: val_loss -0.2236
2026-06-18 12:50:08.213333: Pseudo dice [np.float32(0.6924)]
2026-06-18 12:50:08.213501: Epoch time: 44.84 s
2026-06-18 12:50:10.002489: 
2026-06-18 12:50:10.002915: Epoch 145
2026-06-18 12:50:10.003213: Current learning rate: 0.00458
2026-06-18 12:50:54.643428: train_loss -0.3414
2026-06-18 12:50:54.643932: val_loss -0.1119
2026-06-18 12:50:54.644085: Pseudo dice [np.float32(0.6622)]
2026-06-18 12:50:54.644258: Epoch time: 44.64 s
2026-06-18 12:50:56.436086: 
2026-06-18 12:50:56.436554: Epoch 146
2026-06-18 12:50:56.436863: Current learning rate: 0.00454
2026-06-18 12:51:41.174909: train_loss -0.3372
2026-06-18 12:51:41.175299: val_loss -0.2375
2026-06-18 12:51:41.175441: Pseudo dice [np.float32(0.698)]
2026-06-18 12:51:41.175600: Epoch time: 44.74 s
2026-06-18 12:51:42.978384: 
2026-06-18 12:51:42.978824: Epoch 147
2026-06-18 12:51:42.979137: Current learning rate: 0.0045
2026-06-18 12:52:27.656726: train_loss -0.3333
2026-06-18 12:52:27.657184: val_loss -0.2005
2026-06-18 12:52:27.657331: Pseudo dice [np.float32(0.679)]
2026-06-18 12:52:27.657506: Epoch time: 44.68 s
2026-06-18 12:52:29.447135: 
2026-06-18 12:52:29.447607: Epoch 148
2026-06-18 12:52:29.447788: Current learning rate: 0.00446
2026-06-18 12:53:14.048870: train_loss -0.3227
2026-06-18 12:53:14.049374: val_loss -0.2176
2026-06-18 12:53:14.049515: Pseudo dice [np.float32(0.6933)]
2026-06-18 12:53:14.049691: Epoch time: 44.6 s
2026-06-18 12:53:15.841344: 
2026-06-18 12:53:15.841775: Epoch 149
2026-06-18 12:53:15.841957: Current learning rate: 0.00442
2026-06-18 12:54:00.660400: train_loss -0.3309
2026-06-18 12:54:00.661119: val_loss -0.2077
2026-06-18 12:54:00.661269: Pseudo dice [np.float32(0.6739)]
2026-06-18 12:54:00.661445: Epoch time: 44.82 s
2026-06-18 12:54:03.038166: 
2026-06-18 12:54:03.038660: Epoch 150
2026-06-18 12:54:03.038962: Current learning rate: 0.00438
2026-06-18 12:54:47.822024: train_loss -0.3408
2026-06-18 12:54:47.822479: val_loss -0.2383
2026-06-18 12:54:47.822627: Pseudo dice [np.float32(0.6951)]
2026-06-18 12:54:47.822789: Epoch time: 44.79 s
2026-06-18 12:54:49.995499: 
2026-06-18 12:54:49.996091: Epoch 151
2026-06-18 12:54:49.996390: Current learning rate: 0.00434
2026-06-18 12:55:34.666745: train_loss -0.3377
2026-06-18 12:55:34.667413: val_loss -0.1941
2026-06-18 12:55:34.667578: Pseudo dice [np.float32(0.681)]
2026-06-18 12:55:34.667750: Epoch time: 44.67 s
2026-06-18 12:55:36.467921: 
2026-06-18 12:55:36.468428: Epoch 152
2026-06-18 12:55:36.468620: Current learning rate: 0.0043
2026-06-18 12:56:21.327316: train_loss -0.3304
2026-06-18 12:56:21.327784: val_loss -0.2067
2026-06-18 12:56:21.327937: Pseudo dice [np.float32(0.6939)]
2026-06-18 12:56:21.328103: Epoch time: 44.86 s
2026-06-18 12:56:23.120180: 
2026-06-18 12:56:23.120616: Epoch 153
2026-06-18 12:56:23.120795: Current learning rate: 0.00427
2026-06-18 12:57:07.972707: train_loss -0.3431
2026-06-18 12:57:07.973172: val_loss -0.2647
2026-06-18 12:57:07.973313: Pseudo dice [np.float32(0.7235)]
2026-06-18 12:57:07.973479: Epoch time: 44.86 s
2026-06-18 12:57:09.799590: 
2026-06-18 12:57:09.800235: Epoch 154
2026-06-18 12:57:09.800558: Current learning rate: 0.00423
2026-06-18 12:57:54.815941: train_loss -0.3377
2026-06-18 12:57:54.816394: val_loss -0.1308
2026-06-18 12:57:54.816536: Pseudo dice [np.float32(0.6837)]
2026-06-18 12:57:54.816715: Epoch time: 45.02 s
2026-06-18 12:57:56.662415: 
2026-06-18 12:57:56.663031: Epoch 155
2026-06-18 12:57:56.663370: Current learning rate: 0.00419
2026-06-18 12:58:41.524195: train_loss -0.3304
2026-06-18 12:58:41.524720: val_loss -0.2211
2026-06-18 12:58:41.524879: Pseudo dice [np.float32(0.6819)]
2026-06-18 12:58:41.525045: Epoch time: 44.87 s
2026-06-18 12:58:43.348666: 
2026-06-18 12:58:43.349400: Epoch 156
2026-06-18 12:58:43.349685: Current learning rate: 0.00415
2026-06-18 12:59:28.066256: train_loss -0.3319
2026-06-18 12:59:28.066773: val_loss -0.1322
2026-06-18 12:59:28.066925: Pseudo dice [np.float32(0.6741)]
2026-06-18 12:59:28.067092: Epoch time: 44.72 s
2026-06-18 12:59:29.893239: 
2026-06-18 12:59:29.893704: Epoch 157
2026-06-18 12:59:29.894057: Current learning rate: 0.00411
2026-06-18 13:00:14.547564: train_loss -0.3367
2026-06-18 13:00:14.548008: val_loss -0.2542
2026-06-18 13:00:14.548160: Pseudo dice [np.float32(0.7008)]
2026-06-18 13:00:14.548341: Epoch time: 44.66 s
2026-06-18 13:00:16.375144: 
2026-06-18 13:00:16.375585: Epoch 158
2026-06-18 13:00:16.375892: Current learning rate: 0.00407
2026-06-18 13:01:01.044244: train_loss -0.3403
2026-06-18 13:01:01.044728: val_loss -0.2497
2026-06-18 13:01:01.044875: Pseudo dice [np.float32(0.6995)]
2026-06-18 13:01:01.045046: Epoch time: 44.67 s
2026-06-18 13:01:02.867763: 
2026-06-18 13:01:02.868239: Epoch 159
2026-06-18 13:01:02.868433: Current learning rate: 0.00403
2026-06-18 13:01:47.367476: train_loss -0.3362
2026-06-18 13:01:47.368067: val_loss -0.1692
2026-06-18 13:01:47.368210: Pseudo dice [np.float32(0.6486)]
2026-06-18 13:01:47.368386: Epoch time: 44.5 s
2026-06-18 13:01:49.613378: 
2026-06-18 13:01:49.613831: Epoch 160
2026-06-18 13:01:49.614041: Current learning rate: 0.00399
2026-06-18 13:02:34.155441: train_loss -0.3399
2026-06-18 13:02:34.156076: val_loss -0.1825
2026-06-18 13:02:34.156228: Pseudo dice [np.float32(0.6829)]
2026-06-18 13:02:34.156399: Epoch time: 44.55 s
2026-06-18 13:02:35.978452: 
2026-06-18 13:02:35.978970: Epoch 161
2026-06-18 13:02:35.979269: Current learning rate: 0.00395
2026-06-18 13:03:20.520958: train_loss -0.3401
2026-06-18 13:03:20.521522: val_loss -0.2214
2026-06-18 13:03:20.521666: Pseudo dice [np.float32(0.702)]
2026-06-18 13:03:20.522564: Epoch time: 44.55 s
2026-06-18 13:03:22.351726: 
2026-06-18 13:03:22.352176: Epoch 162
2026-06-18 13:03:22.352360: Current learning rate: 0.00391
2026-06-18 13:04:06.895758: train_loss -0.3443
2026-06-18 13:04:06.896334: val_loss -0.2303
2026-06-18 13:04:06.896480: Pseudo dice [np.float32(0.6946)]
2026-06-18 13:04:06.896651: Epoch time: 44.55 s
2026-06-18 13:04:08.718551: 
2026-06-18 13:04:08.719054: Epoch 163
2026-06-18 13:04:08.719362: Current learning rate: 0.00387
2026-06-18 13:04:53.237775: train_loss -0.333
2026-06-18 13:04:53.238353: val_loss -0.2161
2026-06-18 13:04:53.238674: Pseudo dice [np.float32(0.6862)]
2026-06-18 13:04:53.238890: Epoch time: 44.52 s
2026-06-18 13:04:56.539380: 
2026-06-18 13:04:56.540051: Epoch 164
2026-06-18 13:04:56.540403: Current learning rate: 0.00383
2026-06-18 13:05:41.165214: train_loss -0.3426
2026-06-18 13:05:41.165802: val_loss -0.1609
2026-06-18 13:05:41.165959: Pseudo dice [np.float32(0.6576)]
2026-06-18 13:05:41.166132: Epoch time: 44.63 s
2026-06-18 13:05:42.965792: 
2026-06-18 13:05:42.966253: Epoch 165
2026-06-18 13:05:42.966638: Current learning rate: 0.00379
2026-06-18 13:06:27.555999: train_loss -0.3336
2026-06-18 13:06:27.556870: val_loss -0.2227
2026-06-18 13:06:27.557118: Pseudo dice [np.float32(0.6838)]
2026-06-18 13:06:27.557418: Epoch time: 44.59 s
2026-06-18 13:06:29.361094: 
2026-06-18 13:06:29.361615: Epoch 166
2026-06-18 13:06:29.361915: Current learning rate: 0.00375
2026-06-18 13:07:14.137150: train_loss -0.3308
2026-06-18 13:07:14.137605: val_loss -0.2096
2026-06-18 13:07:14.137755: Pseudo dice [np.float32(0.6747)]
2026-06-18 13:07:14.137927: Epoch time: 44.78 s
2026-06-18 13:07:15.937766: 
2026-06-18 13:07:15.938320: Epoch 167
2026-06-18 13:07:15.938734: Current learning rate: 0.00371
2026-06-18 13:08:00.724868: train_loss -0.3273
2026-06-18 13:08:00.725426: val_loss -0.1934
2026-06-18 13:08:00.725573: Pseudo dice [np.float32(0.6961)]
2026-06-18 13:08:00.725745: Epoch time: 44.79 s
2026-06-18 13:08:02.938176: 
2026-06-18 13:08:02.938545: Epoch 168
2026-06-18 13:08:02.938721: Current learning rate: 0.00367
2026-06-18 13:08:47.811744: train_loss -0.3296
2026-06-18 13:08:47.812264: val_loss -0.1683
2026-06-18 13:08:47.812409: Pseudo dice [np.float32(0.6612)]
2026-06-18 13:08:47.812581: Epoch time: 44.88 s
2026-06-18 13:08:49.630007: 
2026-06-18 13:08:49.630464: Epoch 169
2026-06-18 13:08:49.630811: Current learning rate: 0.00363
2026-06-18 13:09:34.477318: train_loss -0.3481
2026-06-18 13:09:34.477872: val_loss -0.1836
2026-06-18 13:09:34.478018: Pseudo dice [np.float32(0.678)]
2026-06-18 13:09:34.478185: Epoch time: 44.85 s
2026-06-18 13:09:36.289135: 
2026-06-18 13:09:36.289557: Epoch 170
2026-06-18 13:09:36.289743: Current learning rate: 0.00359
2026-06-18 13:10:20.762824: train_loss -0.3419
2026-06-18 13:10:20.763345: val_loss -0.1915
2026-06-18 13:10:20.763502: Pseudo dice [np.float32(0.6653)]
2026-06-18 13:10:20.763679: Epoch time: 44.48 s
2026-06-18 13:10:22.586320: 
2026-06-18 13:10:22.586838: Epoch 171
2026-06-18 13:10:22.587055: Current learning rate: 0.00355
2026-06-18 13:11:07.243726: train_loss -0.3445
2026-06-18 13:11:07.244326: val_loss -0.2339
2026-06-18 13:11:07.244464: Pseudo dice [np.float32(0.697)]
2026-06-18 13:11:07.244629: Epoch time: 44.66 s
2026-06-18 13:11:09.054037: 
2026-06-18 13:11:09.054394: Epoch 172
2026-06-18 13:11:09.054607: Current learning rate: 0.00351
2026-06-18 13:11:53.712684: train_loss -0.3391
2026-06-18 13:11:53.713334: val_loss -0.2428
2026-06-18 13:11:53.713522: Pseudo dice [np.float32(0.6848)]
2026-06-18 13:11:53.713701: Epoch time: 44.66 s
2026-06-18 13:11:55.576332: 
2026-06-18 13:11:55.576777: Epoch 173
2026-06-18 13:11:55.577207: Current learning rate: 0.00346
2026-06-18 13:12:40.305912: train_loss -0.3446
2026-06-18 13:12:40.306409: val_loss -0.231
2026-06-18 13:12:40.306550: Pseudo dice [np.float32(0.6801)]
2026-06-18 13:12:40.306723: Epoch time: 44.73 s
2026-06-18 13:12:42.130543: 
2026-06-18 13:12:42.130921: Epoch 174
2026-06-18 13:12:42.131218: Current learning rate: 0.00342
2026-06-18 13:13:26.713675: train_loss -0.3433
2026-06-18 13:13:26.714330: val_loss -0.2055
2026-06-18 13:13:26.714744: Pseudo dice [np.float32(0.6916)]
2026-06-18 13:13:26.714933: Epoch time: 44.59 s
2026-06-18 13:13:28.531251: 
2026-06-18 13:13:28.531740: Epoch 175
2026-06-18 13:13:28.531962: Current learning rate: 0.00338
2026-06-18 13:14:13.074256: train_loss -0.3439
2026-06-18 13:14:13.074677: val_loss -0.2509
2026-06-18 13:14:13.074822: Pseudo dice [np.float32(0.7019)]
2026-06-18 13:14:13.075003: Epoch time: 44.55 s
2026-06-18 13:14:14.886941: 
2026-06-18 13:14:14.887451: Epoch 176
2026-06-18 13:14:14.887633: Current learning rate: 0.00334
2026-06-18 13:14:59.446735: train_loss -0.3428
2026-06-18 13:14:59.447240: val_loss -0.1586
2026-06-18 13:14:59.447390: Pseudo dice [np.float32(0.6748)]
2026-06-18 13:14:59.447567: Epoch time: 44.56 s
2026-06-18 13:15:01.654796: 
2026-06-18 13:15:01.655340: Epoch 177
2026-06-18 13:15:01.655636: Current learning rate: 0.0033
2026-06-18 13:15:46.249586: train_loss -0.3483
2026-06-18 13:15:46.250064: val_loss -0.2115
2026-06-18 13:15:46.250213: Pseudo dice [np.float32(0.6873)]
2026-06-18 13:15:46.250377: Epoch time: 44.6 s
2026-06-18 13:15:48.078132: 
2026-06-18 13:15:48.078748: Epoch 178
2026-06-18 13:15:48.079061: Current learning rate: 0.00326
2026-06-18 13:16:32.686025: train_loss -0.3484
2026-06-18 13:16:32.686549: val_loss -0.2379
2026-06-18 13:16:32.686692: Pseudo dice [np.float32(0.6934)]
2026-06-18 13:16:32.686869: Epoch time: 44.61 s
2026-06-18 13:16:34.508611: 
2026-06-18 13:16:34.509144: Epoch 179
2026-06-18 13:16:34.509435: Current learning rate: 0.00322
2026-06-18 13:17:19.025840: train_loss -0.3403
2026-06-18 13:17:19.026328: val_loss -0.2713
2026-06-18 13:17:19.026482: Pseudo dice [np.float32(0.7066)]
2026-06-18 13:17:19.026651: Epoch time: 44.52 s
2026-06-18 13:17:20.859315: 
2026-06-18 13:17:20.859887: Epoch 180
2026-06-18 13:17:20.860203: Current learning rate: 0.00318
2026-06-18 13:18:05.700761: train_loss -0.3441
2026-06-18 13:18:05.701359: val_loss -0.1674
2026-06-18 13:18:05.721316: Pseudo dice [np.float32(0.6595)]
2026-06-18 13:18:05.721605: Epoch time: 44.84 s
2026-06-18 13:18:07.541214: 
2026-06-18 13:18:07.541728: Epoch 181
2026-06-18 13:18:07.542080: Current learning rate: 0.00314
2026-06-18 13:18:52.106450: train_loss -0.3376
2026-06-18 13:18:52.106956: val_loss -0.2612
2026-06-18 13:18:52.107108: Pseudo dice [np.float32(0.7289)]
2026-06-18 13:18:52.107273: Epoch time: 44.57 s
2026-06-18 13:18:53.934072: 
2026-06-18 13:18:53.934610: Epoch 182
2026-06-18 13:18:53.934826: Current learning rate: 0.0031
2026-06-18 13:19:38.554875: train_loss -0.3395
2026-06-18 13:19:38.555489: val_loss -0.2154
2026-06-18 13:19:38.555662: Pseudo dice [np.float32(0.6965)]
2026-06-18 13:19:38.555836: Epoch time: 44.62 s
2026-06-18 13:19:40.392077: 
2026-06-18 13:19:40.392577: Epoch 183
2026-06-18 13:19:40.392844: Current learning rate: 0.00306
2026-06-18 13:20:25.076323: train_loss -0.3431
2026-06-18 13:20:25.076990: val_loss -0.2038
2026-06-18 13:20:25.077147: Pseudo dice [np.float32(0.6776)]
2026-06-18 13:20:25.077321: Epoch time: 44.69 s
2026-06-18 13:20:27.195247: 
2026-06-18 13:20:27.195800: Epoch 184
2026-06-18 13:20:27.196159: Current learning rate: 0.00302
2026-06-18 13:21:11.794576: train_loss -0.344
2026-06-18 13:21:11.795036: val_loss -0.2115
2026-06-18 13:21:11.795175: Pseudo dice [np.float32(0.69)]
2026-06-18 13:21:11.795340: Epoch time: 44.6 s
2026-06-18 13:21:13.621790: 
2026-06-18 13:21:13.622297: Epoch 185
2026-06-18 13:21:13.622638: Current learning rate: 0.00297
2026-06-18 13:21:58.577056: train_loss -0.3405
2026-06-18 13:21:58.577580: val_loss -0.2413
2026-06-18 13:21:58.577721: Pseudo dice [np.float32(0.7084)]
2026-06-18 13:21:58.577897: Epoch time: 44.96 s
2026-06-18 13:22:00.403551: 
2026-06-18 13:22:00.403903: Epoch 186
2026-06-18 13:22:00.404089: Current learning rate: 0.00293
2026-06-18 13:22:45.105628: train_loss -0.341
2026-06-18 13:22:45.106112: val_loss -0.1909
2026-06-18 13:22:45.106258: Pseudo dice [np.float32(0.6574)]
2026-06-18 13:22:45.107243: Epoch time: 44.71 s
2026-06-18 13:22:46.939076: 
2026-06-18 13:22:46.939484: Epoch 187
2026-06-18 13:22:46.939773: Current learning rate: 0.00289
2026-06-18 13:23:31.679411: train_loss -0.3405
2026-06-18 13:23:31.679889: val_loss -0.2101
2026-06-18 13:23:31.680033: Pseudo dice [np.float32(0.6914)]
2026-06-18 13:23:31.680204: Epoch time: 44.74 s
2026-06-18 13:23:33.508197: 
2026-06-18 13:23:33.508692: Epoch 188
2026-06-18 13:23:33.509011: Current learning rate: 0.00285
2026-06-18 13:24:18.278326: train_loss -0.3438
2026-06-18 13:24:18.278833: val_loss -0.2247
2026-06-18 13:24:18.279006: Pseudo dice [np.float32(0.7012)]
2026-06-18 13:24:18.279183: Epoch time: 44.77 s
2026-06-18 13:24:20.108405: 
2026-06-18 13:24:20.108882: Epoch 189
2026-06-18 13:24:20.109196: Current learning rate: 0.00281
2026-06-18 13:25:05.025745: train_loss -0.3456
2026-06-18 13:25:05.026267: val_loss -0.2354
2026-06-18 13:25:05.026411: Pseudo dice [np.float32(0.6844)]
2026-06-18 13:25:05.026583: Epoch time: 44.92 s
2026-06-18 13:25:06.861790: 
2026-06-18 13:25:06.862389: Epoch 190
2026-06-18 13:25:06.862689: Current learning rate: 0.00277
2026-06-18 13:25:51.865374: train_loss -0.3438
2026-06-18 13:25:51.865949: val_loss -0.2446
2026-06-18 13:25:51.866102: Pseudo dice [np.float32(0.7073)]
2026-06-18 13:25:51.866270: Epoch time: 45.01 s
2026-06-18 13:25:53.693823: 
2026-06-18 13:25:53.694404: Epoch 191
2026-06-18 13:25:53.694714: Current learning rate: 0.00273
2026-06-18 13:26:38.305637: train_loss -0.3499
2026-06-18 13:26:38.306135: val_loss -0.2434
2026-06-18 13:26:38.306278: Pseudo dice [np.float32(0.7058)]
2026-06-18 13:26:38.306453: Epoch time: 44.62 s
2026-06-18 13:26:40.143869: 
2026-06-18 13:26:40.144328: Epoch 192
2026-06-18 13:26:40.144519: Current learning rate: 0.00268
2026-06-18 13:27:24.837825: train_loss -0.3368
2026-06-18 13:27:24.838550: val_loss -0.2122
2026-06-18 13:27:24.839000: Pseudo dice [np.float32(0.6854)]
2026-06-18 13:27:24.839189: Epoch time: 44.7 s
2026-06-18 13:27:26.675763: 
2026-06-18 13:27:26.676211: Epoch 193
2026-06-18 13:27:26.676421: Current learning rate: 0.00264
2026-06-18 13:28:11.362216: train_loss -0.3472
2026-06-18 13:28:11.362638: val_loss -0.2209
2026-06-18 13:28:11.362797: Pseudo dice [np.float32(0.688)]
2026-06-18 13:28:11.363069: Epoch time: 44.69 s
2026-06-18 13:28:13.577091: 
2026-06-18 13:28:13.577731: Epoch 194
2026-06-18 13:28:13.578028: Current learning rate: 0.0026
2026-06-18 13:28:58.401979: train_loss -0.3402
2026-06-18 13:28:58.402469: val_loss -0.1847
2026-06-18 13:28:58.402620: Pseudo dice [np.float32(0.6822)]
2026-06-18 13:28:58.402788: Epoch time: 44.83 s
2026-06-18 13:29:00.231908: 
2026-06-18 13:29:00.232374: Epoch 195
2026-06-18 13:29:00.232548: Current learning rate: 0.00256
2026-06-18 13:29:45.028280: train_loss -0.3435
2026-06-18 13:29:45.028669: val_loss -0.1804
2026-06-18 13:29:45.028805: Pseudo dice [np.float32(0.6632)]
2026-06-18 13:29:45.028984: Epoch time: 44.8 s
2026-06-18 13:29:46.906835: 
2026-06-18 13:29:46.907213: Epoch 196
2026-06-18 13:29:46.908015: Current learning rate: 0.00252
2026-06-18 13:30:31.651937: train_loss -0.3422
2026-06-18 13:30:31.652597: val_loss -0.1561
2026-06-18 13:30:31.652737: Pseudo dice [np.float32(0.6656)]
2026-06-18 13:30:31.652920: Epoch time: 44.75 s
2026-06-18 13:30:33.495328: 
2026-06-18 13:30:33.495818: Epoch 197
2026-06-18 13:30:33.496005: Current learning rate: 0.00248
2026-06-18 13:31:18.307820: train_loss -0.3434
2026-06-18 13:31:18.308269: val_loss -0.1805
2026-06-18 13:31:18.308418: Pseudo dice [np.float32(0.6821)]
2026-06-18 13:31:18.308588: Epoch time: 44.82 s
2026-06-18 13:31:20.145440: 
2026-06-18 13:31:20.145955: Epoch 198
2026-06-18 13:31:20.146139: Current learning rate: 0.00243
2026-06-18 13:32:04.826963: train_loss -0.3368
2026-06-18 13:32:04.827465: val_loss -0.1657
2026-06-18 13:32:04.827631: Pseudo dice [np.float32(0.6554)]
2026-06-18 13:32:04.827800: Epoch time: 44.68 s
2026-06-18 13:32:06.663505: 
2026-06-18 13:32:06.663885: Epoch 199
2026-06-18 13:32:06.664071: Current learning rate: 0.00239
2026-06-18 13:32:51.315888: train_loss -0.3341
2026-06-18 13:32:51.316364: val_loss -0.2383
2026-06-18 13:32:51.316507: Pseudo dice [np.float32(0.7087)]
2026-06-18 13:32:51.316675: Epoch time: 44.66 s
2026-06-18 13:32:53.750780: 
2026-06-18 13:32:53.751343: Epoch 200
2026-06-18 13:32:53.751653: Current learning rate: 0.00235
2026-06-18 13:33:38.554865: train_loss -0.3449
2026-06-18 13:33:38.555404: val_loss -0.2083
2026-06-18 13:33:38.555549: Pseudo dice [np.float32(0.685)]
2026-06-18 13:33:38.555720: Epoch time: 44.81 s
2026-06-18 13:33:40.407479: 
2026-06-18 13:33:40.407996: Epoch 201
2026-06-18 13:33:40.408280: Current learning rate: 0.00231
2026-06-18 13:34:25.158494: train_loss -0.3552
2026-06-18 13:34:25.159061: val_loss -0.1737
2026-06-18 13:34:25.159212: Pseudo dice [np.float32(0.6849)]
2026-06-18 13:34:25.159374: Epoch time: 44.75 s
2026-06-18 13:34:26.996937: 
2026-06-18 13:34:26.997356: Epoch 202
2026-06-18 13:34:26.997521: Current learning rate: 0.00226
2026-06-18 13:35:11.893715: train_loss -0.3434
2026-06-18 13:35:11.894293: val_loss -0.172
2026-06-18 13:35:11.894441: Pseudo dice [np.float32(0.67)]
2026-06-18 13:35:11.894610: Epoch time: 44.9 s
2026-06-18 13:35:13.747274: 
2026-06-18 13:35:13.747705: Epoch 203
2026-06-18 13:35:13.747979: Current learning rate: 0.00222
2026-06-18 13:35:58.487373: train_loss -0.3526
2026-06-18 13:35:58.487924: val_loss -0.1629
2026-06-18 13:35:58.488078: Pseudo dice [np.float32(0.6721)]
2026-06-18 13:35:58.488248: Epoch time: 44.74 s
2026-06-18 13:36:00.340725: 
2026-06-18 13:36:00.341292: Epoch 204
2026-06-18 13:36:00.341585: Current learning rate: 0.00218
2026-06-18 13:36:45.191424: train_loss -0.3544
2026-06-18 13:36:45.192027: val_loss -0.1632
2026-06-18 13:36:45.192212: Pseudo dice [np.float32(0.6686)]
2026-06-18 13:36:45.192409: Epoch time: 44.85 s
2026-06-18 13:36:47.037732: 
2026-06-18 13:36:47.038168: Epoch 205
2026-06-18 13:36:47.038329: Current learning rate: 0.00214
2026-06-18 13:37:31.792003: train_loss -0.3474
2026-06-18 13:37:31.792646: val_loss -0.1637
2026-06-18 13:37:31.792794: Pseudo dice [np.float32(0.653)]
2026-06-18 13:37:31.792967: Epoch time: 44.76 s
2026-06-18 13:37:33.587002: 
2026-06-18 13:37:33.587456: Epoch 206
2026-06-18 13:37:33.587632: Current learning rate: 0.00209
2026-06-18 13:38:18.490820: train_loss -0.3526
2026-06-18 13:38:18.491417: val_loss -0.2186
2026-06-18 13:38:18.491588: Pseudo dice [np.float32(0.6969)]
2026-06-18 13:38:18.491761: Epoch time: 44.91 s
2026-06-18 13:38:20.290790: 
2026-06-18 13:38:20.291239: Epoch 207
2026-06-18 13:38:20.291465: Current learning rate: 0.00205
2026-06-18 13:39:05.151057: train_loss -0.3501
2026-06-18 13:39:05.151551: val_loss -0.1675
2026-06-18 13:39:05.151697: Pseudo dice [np.float32(0.6671)]
2026-06-18 13:39:05.151871: Epoch time: 44.86 s
2026-06-18 13:39:06.957412: 
2026-06-18 13:39:06.958023: Epoch 208
2026-06-18 13:39:06.958420: Current learning rate: 0.00201
2026-06-18 13:39:51.679376: train_loss -0.3433
2026-06-18 13:39:51.679827: val_loss -0.2128
2026-06-18 13:39:51.680033: Pseudo dice [np.float32(0.6995)]
2026-06-18 13:39:51.680202: Epoch time: 44.73 s
2026-06-18 13:39:53.471588: 
2026-06-18 13:39:53.472151: Epoch 209
2026-06-18 13:39:53.472462: Current learning rate: 0.00196
2026-06-18 13:40:38.271798: train_loss -0.3502
2026-06-18 13:40:38.272378: val_loss -0.2613
2026-06-18 13:40:38.272674: Pseudo dice [np.float32(0.7038)]
2026-06-18 13:40:38.272920: Epoch time: 44.8 s
2026-06-18 13:40:40.069188: 
2026-06-18 13:40:40.069638: Epoch 210
2026-06-18 13:40:40.069949: Current learning rate: 0.00192
2026-06-18 13:41:24.866392: train_loss -0.3476
2026-06-18 13:41:24.866874: val_loss -0.1904
2026-06-18 13:41:24.867026: Pseudo dice [np.float32(0.6896)]
2026-06-18 13:41:24.867199: Epoch time: 44.8 s
2026-06-18 13:41:27.091911: 
2026-06-18 13:41:27.092517: Epoch 211
2026-06-18 13:41:27.092876: Current learning rate: 0.00188
2026-06-18 13:42:12.061182: train_loss -0.3472
2026-06-18 13:42:12.061608: val_loss -0.2145
2026-06-18 13:42:12.061752: Pseudo dice [np.float32(0.6883)]
2026-06-18 13:42:12.062661: Epoch time: 44.97 s
2026-06-18 13:42:13.844385: 
2026-06-18 13:42:13.844941: Epoch 212
2026-06-18 13:42:13.845236: Current learning rate: 0.00184
2026-06-18 13:42:58.574869: train_loss -0.3509
2026-06-18 13:42:58.575344: val_loss -0.2312
2026-06-18 13:42:58.575489: Pseudo dice [np.float32(0.6934)]
2026-06-18 13:42:58.575655: Epoch time: 44.73 s
2026-06-18 13:43:00.363545: 
2026-06-18 13:43:00.363980: Epoch 213
2026-06-18 13:43:00.364167: Current learning rate: 0.00179
2026-06-18 13:43:45.118753: train_loss -0.3401
2026-06-18 13:43:45.119244: val_loss -0.2041
2026-06-18 13:43:45.119392: Pseudo dice [np.float32(0.6894)]
2026-06-18 13:43:45.119566: Epoch time: 44.76 s
2026-06-18 13:43:46.891092: 
2026-06-18 13:43:46.891578: Epoch 214
2026-06-18 13:43:46.891759: Current learning rate: 0.00175
2026-06-18 13:44:31.380947: train_loss -0.3452
2026-06-18 13:44:31.381357: val_loss -0.1931
2026-06-18 13:44:31.381496: Pseudo dice [np.float32(0.6713)]
2026-06-18 13:44:31.381659: Epoch time: 44.49 s
2026-06-18 13:44:33.145392: 
2026-06-18 13:44:33.145996: Epoch 215
2026-06-18 13:44:33.146288: Current learning rate: 0.0017
2026-06-18 13:45:17.693708: train_loss -0.3437
2026-06-18 13:45:17.694175: val_loss -0.1826
2026-06-18 13:45:17.694323: Pseudo dice [np.float32(0.6675)]
2026-06-18 13:45:17.694494: Epoch time: 44.55 s
2026-06-18 13:45:19.467055: 
2026-06-18 13:45:19.467615: Epoch 216
2026-06-18 13:45:19.467902: Current learning rate: 0.00166
2026-06-18 13:46:04.061463: train_loss -0.3444
2026-06-18 13:46:04.061977: val_loss -0.2165
2026-06-18 13:46:04.062114: Pseudo dice [np.float32(0.6936)]
2026-06-18 13:46:04.062283: Epoch time: 44.6 s
2026-06-18 13:46:05.884744: 
2026-06-18 13:46:05.885255: Epoch 217
2026-06-18 13:46:05.885474: Current learning rate: 0.00162
2026-06-18 13:46:50.616138: train_loss -0.3511
2026-06-18 13:46:50.616770: val_loss -0.2278
2026-06-18 13:46:50.616970: Pseudo dice [np.float32(0.6908)]
2026-06-18 13:46:50.617181: Epoch time: 44.73 s
2026-06-18 13:46:52.395245: 
2026-06-18 13:46:52.395749: Epoch 218
2026-06-18 13:46:52.396055: Current learning rate: 0.00157
2026-06-18 13:47:37.202151: train_loss -0.3503
2026-06-18 13:47:37.202621: val_loss -0.2097
2026-06-18 13:47:37.202774: Pseudo dice [np.float32(0.6799)]
2026-06-18 13:47:37.202954: Epoch time: 44.81 s
2026-06-18 13:47:38.983701: 
2026-06-18 13:47:38.984210: Epoch 219
2026-06-18 13:47:38.984517: Current learning rate: 0.00153
2026-06-18 13:48:23.872716: train_loss -0.3453
2026-06-18 13:48:23.873305: val_loss -0.2297
2026-06-18 13:48:23.873460: Pseudo dice [np.float32(0.7061)]
2026-06-18 13:48:23.873628: Epoch time: 44.89 s
2026-06-18 13:48:25.643480: 
2026-06-18 13:48:25.643900: Epoch 220
2026-06-18 13:48:25.644112: Current learning rate: 0.00148
2026-06-18 13:49:10.443040: train_loss -0.3432
2026-06-18 13:49:10.443656: val_loss -0.2129
2026-06-18 13:49:10.443801: Pseudo dice [np.float32(0.6996)]
2026-06-18 13:49:10.443976: Epoch time: 44.8 s
2026-06-18 13:49:12.612590: 
2026-06-18 13:49:12.613173: Epoch 221
2026-06-18 13:49:12.613461: Current learning rate: 0.00144
2026-06-18 13:49:57.243652: train_loss -0.3512
2026-06-18 13:49:57.244254: val_loss -0.2352
2026-06-18 13:49:57.244410: Pseudo dice [np.float32(0.7081)]
2026-06-18 13:49:57.244581: Epoch time: 44.63 s
2026-06-18 13:49:59.012995: 
2026-06-18 13:49:59.013540: Epoch 222
2026-06-18 13:49:59.013841: Current learning rate: 0.00139
2026-06-18 13:50:43.593840: train_loss -0.3492
2026-06-18 13:50:43.594423: val_loss -0.2086
2026-06-18 13:50:43.594572: Pseudo dice [np.float32(0.6986)]
2026-06-18 13:50:43.594738: Epoch time: 44.58 s
2026-06-18 13:50:45.365592: 
2026-06-18 13:50:45.366077: Epoch 223
2026-06-18 13:50:45.366290: Current learning rate: 0.00135
2026-06-18 13:51:29.910524: train_loss -0.3494
2026-06-18 13:51:29.911113: val_loss -0.1734
2026-06-18 13:51:29.911285: Pseudo dice [np.float32(0.6768)]
2026-06-18 13:51:29.911452: Epoch time: 44.55 s
2026-06-18 13:51:31.680799: 
2026-06-18 13:51:31.681216: Epoch 224
2026-06-18 13:51:31.681527: Current learning rate: 0.0013
2026-06-18 13:52:16.281437: train_loss -0.35
2026-06-18 13:52:16.281934: val_loss -0.2234
2026-06-18 13:52:16.282076: Pseudo dice [np.float32(0.6995)]
2026-06-18 13:52:16.282241: Epoch time: 44.6 s
2026-06-18 13:52:18.067760: 
2026-06-18 13:52:18.068285: Epoch 225
2026-06-18 13:52:18.068507: Current learning rate: 0.00126
2026-06-18 13:53:02.738799: train_loss -0.3446
2026-06-18 13:53:02.739353: val_loss -0.2403
2026-06-18 13:53:02.739504: Pseudo dice [np.float32(0.7036)]
2026-06-18 13:53:02.739673: Epoch time: 44.67 s
2026-06-18 13:53:04.507981: 
2026-06-18 13:53:04.508317: Epoch 226
2026-06-18 13:53:04.508499: Current learning rate: 0.00121
2026-06-18 13:53:49.421152: train_loss -0.3471
2026-06-18 13:53:49.421739: val_loss -0.2221
2026-06-18 13:53:49.421925: Pseudo dice [np.float32(0.6934)]
2026-06-18 13:53:49.422102: Epoch time: 44.92 s
2026-06-18 13:53:51.191679: 
2026-06-18 13:53:51.192159: Epoch 227
2026-06-18 13:53:51.192378: Current learning rate: 0.00117
2026-06-18 13:54:35.890614: train_loss -0.3464
2026-06-18 13:54:35.891194: val_loss -0.2217
2026-06-18 13:54:35.891344: Pseudo dice [np.float32(0.694)]
2026-06-18 13:54:35.891511: Epoch time: 44.7 s
2026-06-18 13:54:37.662855: 
2026-06-18 13:54:37.663447: Epoch 228
2026-06-18 13:54:37.663767: Current learning rate: 0.00112
2026-06-18 13:55:22.548831: train_loss -0.3491
2026-06-18 13:55:22.549373: val_loss -0.1964
2026-06-18 13:55:22.549515: Pseudo dice [np.float32(0.6769)]
2026-06-18 13:55:22.549681: Epoch time: 44.89 s
2026-06-18 13:55:24.338046: 
2026-06-18 13:55:24.338477: Epoch 229
2026-06-18 13:55:24.338866: Current learning rate: 0.00108
2026-06-18 13:56:09.214928: train_loss -0.3496
2026-06-18 13:56:09.215391: val_loss -0.2023
2026-06-18 13:56:09.215553: Pseudo dice [np.float32(0.6862)]
2026-06-18 13:56:09.215724: Epoch time: 44.88 s
2026-06-18 13:56:11.381388: 
2026-06-18 13:56:11.381889: Epoch 230
2026-06-18 13:56:11.382087: Current learning rate: 0.00103
2026-06-18 13:56:56.187243: train_loss -0.35
2026-06-18 13:56:56.187751: val_loss -0.2263
2026-06-18 13:56:56.187916: Pseudo dice [np.float32(0.7)]
2026-06-18 13:56:56.188087: Epoch time: 44.81 s
2026-06-18 13:56:57.962572: 
2026-06-18 13:56:57.963143: Epoch 231
2026-06-18 13:56:57.963403: Current learning rate: 0.00098
2026-06-18 13:57:42.794432: train_loss -0.3436
2026-06-18 13:57:42.794814: val_loss -0.1891
2026-06-18 13:57:42.794973: Pseudo dice [np.float32(0.6811)]
2026-06-18 13:57:42.795135: Epoch time: 44.84 s
2026-06-18 13:57:44.567096: 
2026-06-18 13:57:44.567705: Epoch 232
2026-06-18 13:57:44.568049: Current learning rate: 0.00094
2026-06-18 13:58:29.459229: train_loss -0.3444
2026-06-18 13:58:29.459754: val_loss -0.2213
2026-06-18 13:58:29.459908: Pseudo dice [np.float32(0.6855)]
2026-06-18 13:58:29.460079: Epoch time: 44.9 s
2026-06-18 13:58:31.246255: 
2026-06-18 13:58:31.246697: Epoch 233
2026-06-18 13:58:31.246981: Current learning rate: 0.00089
2026-06-18 13:59:16.283402: train_loss -0.3517
2026-06-18 13:59:16.284014: val_loss -0.2414
2026-06-18 13:59:16.284158: Pseudo dice [np.float32(0.7087)]
2026-06-18 13:59:16.284326: Epoch time: 45.04 s
2026-06-18 13:59:18.062284: 
2026-06-18 13:59:18.062756: Epoch 234
2026-06-18 13:59:18.063036: Current learning rate: 0.00084
2026-06-18 14:00:03.012388: train_loss -0.3537
2026-06-18 14:00:03.013014: val_loss -0.1912
2026-06-18 14:00:03.013161: Pseudo dice [np.float32(0.6918)]
2026-06-18 14:00:03.013331: Epoch time: 44.95 s
2026-06-18 14:00:04.797425: 
2026-06-18 14:00:04.798058: Epoch 235
2026-06-18 14:00:04.798389: Current learning rate: 0.00079
2026-06-18 14:00:49.692880: train_loss -0.3515
2026-06-18 14:00:49.693318: val_loss -0.2241
2026-06-18 14:00:49.693463: Pseudo dice [np.float32(0.6966)]
2026-06-18 14:00:49.693639: Epoch time: 44.9 s
2026-06-18 14:00:51.465836: 
2026-06-18 14:00:51.466405: Epoch 236
2026-06-18 14:00:51.466696: Current learning rate: 0.00075
2026-06-18 14:01:36.290488: train_loss -0.3487
2026-06-18 14:01:36.291057: val_loss -0.2293
2026-06-18 14:01:36.291208: Pseudo dice [np.float32(0.7024)]
2026-06-18 14:01:36.291374: Epoch time: 44.83 s
2026-06-18 14:01:38.066696: 
2026-06-18 14:01:38.067171: Epoch 237
2026-06-18 14:01:38.067361: Current learning rate: 0.0007
2026-06-18 14:02:22.989672: train_loss -0.3379
2026-06-18 14:02:22.990254: val_loss -0.2204
2026-06-18 14:02:22.990403: Pseudo dice [np.float32(0.6974)]
2026-06-18 14:02:22.990573: Epoch time: 44.93 s
2026-06-18 14:02:24.760463: 
2026-06-18 14:02:24.761068: Epoch 238
2026-06-18 14:02:24.761362: Current learning rate: 0.00065
2026-06-18 14:03:09.557971: train_loss -0.3497
2026-06-18 14:03:09.558412: val_loss -0.2444
2026-06-18 14:03:09.558560: Pseudo dice [np.float32(0.7017)]
2026-06-18 14:03:09.558729: Epoch time: 44.8 s
2026-06-18 14:03:11.339738: 
2026-06-18 14:03:11.340168: Epoch 239
2026-06-18 14:03:11.340373: Current learning rate: 0.0006
2026-06-18 14:03:56.034811: train_loss -0.3497
2026-06-18 14:03:56.035338: val_loss -0.2579
2026-06-18 14:03:56.035482: Pseudo dice [np.float32(0.7033)]
2026-06-18 14:03:56.035652: Epoch time: 44.7 s
2026-06-18 14:03:58.220596: 
2026-06-18 14:03:58.221148: Epoch 240
2026-06-18 14:03:58.221349: Current learning rate: 0.00055
2026-06-18 14:04:42.996176: train_loss -0.3454
2026-06-18 14:04:42.996846: val_loss -0.2334
2026-06-18 14:04:42.997003: Pseudo dice [np.float32(0.7019)]
2026-06-18 14:04:42.997182: Epoch time: 44.78 s
2026-06-18 14:04:44.798708: 
2026-06-18 14:04:44.799215: Epoch 241
2026-06-18 14:04:44.799442: Current learning rate: 0.0005
2026-06-18 14:05:29.659686: train_loss -0.3503
2026-06-18 14:05:29.660206: val_loss -0.1924
2026-06-18 14:05:29.660354: Pseudo dice [np.float32(0.6849)]
2026-06-18 14:05:29.660528: Epoch time: 44.86 s
2026-06-18 14:05:31.449927: 
2026-06-18 14:05:31.450362: Epoch 242
2026-06-18 14:05:31.450619: Current learning rate: 0.00045
2026-06-18 14:06:16.275988: train_loss -0.3522
2026-06-18 14:06:16.276613: val_loss -0.1618
2026-06-18 14:06:16.276759: Pseudo dice [np.float32(0.6729)]
2026-06-18 14:06:16.276943: Epoch time: 44.83 s
2026-06-18 14:06:18.082696: 
2026-06-18 14:06:18.083171: Epoch 243
2026-06-18 14:06:18.083448: Current learning rate: 0.0004
2026-06-18 14:07:02.974333: train_loss -0.3486
2026-06-18 14:07:02.974819: val_loss -0.22
2026-06-18 14:07:02.974966: Pseudo dice [np.float32(0.6953)]
2026-06-18 14:07:02.975146: Epoch time: 44.89 s
2026-06-18 14:07:04.766473: 
2026-06-18 14:07:04.766963: Epoch 244
2026-06-18 14:07:04.767148: Current learning rate: 0.00035
2026-06-18 14:07:49.650872: train_loss -0.3562
2026-06-18 14:07:49.651452: val_loss -0.2
2026-06-18 14:07:49.651599: Pseudo dice [np.float32(0.6896)]
2026-06-18 14:07:49.651771: Epoch time: 44.89 s
2026-06-18 14:07:51.447117: 
2026-06-18 14:07:51.447573: Epoch 245
2026-06-18 14:07:51.447808: Current learning rate: 0.0003
2026-06-18 14:08:36.424959: train_loss -0.3543
2026-06-18 14:08:36.425494: val_loss -0.2058
2026-06-18 14:08:36.425641: Pseudo dice [np.float32(0.6855)]
2026-06-18 14:08:36.425816: Epoch time: 44.98 s
2026-06-18 14:08:38.232574: 
2026-06-18 14:08:38.233049: Epoch 246
2026-06-18 14:08:38.233340: Current learning rate: 0.00024
2026-06-18 14:09:23.210078: train_loss -0.3514
2026-06-18 14:09:23.210722: val_loss -0.1871
2026-06-18 14:09:23.210884: Pseudo dice [np.float32(0.6828)]
2026-06-18 14:09:23.211056: Epoch time: 44.98 s
2026-06-18 14:09:25.012126: 
2026-06-18 14:09:25.012634: Epoch 247
2026-06-18 14:09:25.012975: Current learning rate: 0.00019
2026-06-18 14:10:09.941606: train_loss -0.3542
2026-06-18 14:10:09.942125: val_loss -0.1846
2026-06-18 14:10:09.942269: Pseudo dice [np.float32(0.6744)]
2026-06-18 14:10:09.942442: Epoch time: 44.93 s
2026-06-18 14:10:11.743769: 
2026-06-18 14:10:11.744328: Epoch 248
2026-06-18 14:10:11.744657: Current learning rate: 0.00013
2026-06-18 14:10:56.571522: train_loss -0.345
2026-06-18 14:10:56.572385: val_loss -0.2155
2026-06-18 14:10:56.572531: Pseudo dice [np.float32(0.6922)]
2026-06-18 14:10:56.572701: Epoch time: 44.83 s
2026-06-18 14:10:58.784498: 
2026-06-18 14:10:58.784905: Epoch 249
2026-06-18 14:10:58.785086: Current learning rate: 7e-05
2026-06-18 14:11:43.652746: train_loss -0.3448
2026-06-18 14:11:43.653322: val_loss -0.2116
2026-06-18 14:11:43.653476: Pseudo dice [np.float32(0.6868)]
2026-06-18 14:11:43.653656: Epoch time: 44.87 s
2026-06-18 14:11:46.157952: Training done.
2026-06-18 14:11:46.272936: Using splits from existing split file: /gpfs/data/ravenlab/micmac/nnUNet_preprocessed/Dataset002_BinaryTask/splits_final.json
2026-06-18 14:11:46.273335: The split file contains 5 splits.
2026-06-18 14:11:46.273438: Desired fold for training: 4
2026-06-18 14:11:46.273527: This split has 12 training and 3 validation cases.
2026-06-18 14:11:46.273715: predicting 41759_14left
2026-06-18 14:11:46.288174: 41759_14left, shape torch.Size([1, 1, 1120, 1796]), rank 0
2026-06-18 14:11:56.763607: predicting 41759_22left
2026-06-18 14:11:56.809869: 41759_22left, shape torch.Size([1, 1, 1984, 2353]), rank 0
2026-06-18 14:11:57.872923: predicting 41759_45_caudate
2026-06-18 14:11:57.895866: 41759_45_caudate, shape torch.Size([1, 1, 1824, 1543]), rank 0
2026-06-18 14:13:09.774023: Validation complete
2026-06-18 14:13:09.775002: Mean Validation Dice:  0.6743567769738082
