Loading python/gpu/3.10.6-cuda12.9
  Loading requirement: cuda/12.9
Launching parallel training for 2D config, Fold 2 using 250-epoch trainer preset...

############################
INFO: You are using the old nnU-Net default plans. We have updated our recommendations. Please consider using those instead! Read more here: https://github.com/MIC-DKFZ/nnUNet/blob/master/documentation/resenc_presets.md
############################

Using device: cuda:0

#######################################################################
Please cite the following paper when using nnU-Net:
Isensee, F., Jaeger, P. F., Kohl, S. A., Petersen, J., & Maier-Hein, K. H. (2021). nnU-Net: a self-configuring method for deep learning-based biomedical image segmentation. Nature methods, 18(2), 203-211.
#######################################################################

2026-06-23 13:01:00.295139: do_dummy_2d_data_aug: False
2026-06-23 13:01:00.296049: Using splits from existing split file: /gpfs/data/ravenlab/micmac/nnUNet_preprocessed/Dataset002_BinaryTask/splits_final.json
2026-06-23 13:01:00.296482: The split file contains 5 splits.
2026-06-23 13:01:00.296593: Desired fold for training: 2
2026-06-23 13:01:00.296688: This split has 12 training and 3 validation cases.
using pin_memory on device 0
using pin_memory on device 0

This is the configuration used by this training:
Configuration name: 2d
 {'data_identifier': 'nnUNetPlans_2d', 'preprocessor_name': 'DefaultPreprocessor', 'batch_size': 2, 'patch_size': [1024, 1280], 'median_image_size_in_voxels': [2080.0, 2125.0], 'spacing': [1.0, 1.0], 'normalization_schemes': ['ZScoreNormalization'], 'use_mask_for_norm': [False], 'resampling_fn_data': 'resample_data_or_seg_to_shape', 'resampling_fn_seg': 'resample_data_or_seg_to_shape', 'resampling_fn_data_kwargs': {'is_seg': False, 'order': 3, 'order_z': 0, 'force_separate_z': None}, 'resampling_fn_seg_kwargs': {'is_seg': True, 'order': 1, 'order_z': 0, 'force_separate_z': None}, 'resampling_fn_probabilities': 'resample_data_or_seg_to_shape', 'resampling_fn_probabilities_kwargs': {'is_seg': False, 'order': 1, 'order_z': 0, 'force_separate_z': None}, 'architecture': {'network_class_name': 'dynamic_network_architectures.architectures.unet.PlainConvUNet', 'arch_kwargs': {'n_stages': 9, 'features_per_stage': [32, 64, 128, 256, 512, 512, 512, 512, 512], 'conv_op': 'torch.nn.modules.conv.Conv2d', 'kernel_sizes': [[3, 3], [3, 3], [3, 3], [3, 3], [3, 3], [3, 3], [3, 3], [3, 3], [3, 3]], 'strides': [[1, 1], [2, 2], [2, 2], [2, 2], [2, 2], [2, 2], [2, 2], [2, 2], [2, 2]], 'n_conv_per_stage': [2, 2, 2, 2, 2, 2, 2, 2, 2], 'n_conv_per_stage_decoder': [2, 2, 2, 2, 2, 2, 2, 2], 'conv_bias': True, 'norm_op': 'torch.nn.modules.instancenorm.InstanceNorm2d', 'norm_op_kwargs': {'eps': 1e-05, 'affine': True}, 'dropout_op': None, 'dropout_op_kwargs': None, 'nonlin': 'torch.nn.LeakyReLU', 'nonlin_kwargs': {'inplace': True}}, '_kw_requires_import': ['conv_op', 'norm_op', 'dropout_op', 'nonlin']}, 'batch_dice': True} 

These are the global plan.json settings:
 {'dataset_name': 'Dataset002_BinaryTask', 'plans_name': 'nnUNetPlans', 'original_median_spacing_after_transp': [999.0, 1.0, 1.0], 'original_median_shape_after_transp': [1, 2080, 2125], 'image_reader_writer': 'NaturalImage2DIO', 'transpose_forward': [0, 1, 2], 'transpose_backward': [0, 1, 2], 'experiment_planner_used': 'ExperimentPlanner', 'label_manager': 'LabelManager', 'foreground_intensity_properties_per_channel': {'0': {'max': 250.0, 'mean': 109.4693603515625, 'median': 108.0, 'min': 5.0, 'percentile_00_5': 30.0, 'percentile_99_5': 199.0, 'std': 36.45087814331055}}} 

2026-06-23 13:01:03.054000: Unable to plot network architecture:
2026-06-23 13:01:03.054194: No module named 'hiddenlayer'
2026-06-23 13:01:03.250033: 
2026-06-23 13:01:03.250219: Epoch 0
2026-06-23 13:01:03.250507: Current learning rate: 0.01
2026-06-23 13:03:13.711990: train_loss -0.0736
2026-06-23 13:03:13.713028: val_loss -0.0696
2026-06-23 13:03:13.713252: Pseudo dice [np.float32(0.6101)]
2026-06-23 13:03:13.713550: Epoch time: 130.46 s
2026-06-23 13:03:13.713696: Yayy! New best EMA pseudo Dice: 0.6100999712944031
2026-06-23 13:03:16.122178: 
2026-06-23 13:03:16.122622: Epoch 1
2026-06-23 13:03:16.122806: Current learning rate: 0.00996
2026-06-23 13:04:00.982303: train_loss -0.1825
2026-06-23 13:04:00.983316: val_loss -0.0972
2026-06-23 13:04:00.983514: Pseudo dice [np.float32(0.5898)]
2026-06-23 13:04:00.983822: Epoch time: 44.86 s
2026-06-23 13:04:02.723354: 
2026-06-23 13:04:02.723963: Epoch 2
2026-06-23 13:04:02.724254: Current learning rate: 0.00993
2026-06-23 13:04:47.346963: train_loss -0.208
2026-06-23 13:04:47.347649: val_loss -0.1105
2026-06-23 13:04:47.347844: Pseudo dice [np.float32(0.5828)]
2026-06-23 13:04:47.348030: Epoch time: 44.63 s
2026-06-23 13:04:49.134970: 
2026-06-23 13:04:49.135434: Epoch 3
2026-06-23 13:04:49.135752: Current learning rate: 0.00989
2026-06-23 13:05:33.850146: train_loss -0.2181
2026-06-23 13:05:33.851389: val_loss -0.1215
2026-06-23 13:05:33.851566: Pseudo dice [np.float32(0.6067)]
2026-06-23 13:05:33.851819: Epoch time: 44.72 s
2026-06-23 13:05:35.623630: 
2026-06-23 13:05:35.624136: Epoch 4
2026-06-23 13:05:35.624449: Current learning rate: 0.00986
2026-06-23 13:06:20.247210: train_loss -0.23
2026-06-23 13:06:20.247934: val_loss -0.1322
2026-06-23 13:06:20.248089: Pseudo dice [np.float32(0.5934)]
2026-06-23 13:06:20.248310: Epoch time: 44.63 s
2026-06-23 13:06:22.039866: 
2026-06-23 13:06:22.040371: Epoch 5
2026-06-23 13:06:22.040552: Current learning rate: 0.00982
2026-06-23 13:07:06.722436: train_loss -0.2464
2026-06-23 13:07:06.723429: val_loss -0.1418
2026-06-23 13:07:06.723597: Pseudo dice [np.float32(0.6051)]
2026-06-23 13:07:06.723867: Epoch time: 44.69 s
2026-06-23 13:07:08.458875: 
2026-06-23 13:07:08.459372: Epoch 6
2026-06-23 13:07:08.459633: Current learning rate: 0.00978
2026-06-23 13:07:53.277167: train_loss -0.2544
2026-06-23 13:07:53.277660: val_loss -0.1254
2026-06-23 13:07:53.277810: Pseudo dice [np.float32(0.6072)]
2026-06-23 13:07:53.278009: Epoch time: 44.82 s
2026-06-23 13:07:55.009120: 
2026-06-23 13:07:55.009711: Epoch 7
2026-06-23 13:07:55.009918: Current learning rate: 0.00975
2026-06-23 13:08:39.766268: train_loss -0.2529
2026-06-23 13:08:39.767026: val_loss -0.1847
2026-06-23 13:08:39.767171: Pseudo dice [np.float32(0.6127)]
2026-06-23 13:08:39.767426: Epoch time: 44.76 s
2026-06-23 13:08:41.539799: 
2026-06-23 13:08:41.540410: Epoch 8
2026-06-23 13:08:41.540823: Current learning rate: 0.00971
2026-06-23 13:09:26.340614: train_loss -0.2606
2026-06-23 13:09:26.341174: val_loss -0.1433
2026-06-23 13:09:26.341323: Pseudo dice [np.float32(0.589)]
2026-06-23 13:09:26.341491: Epoch time: 44.81 s
2026-06-23 13:09:28.121981: 
2026-06-23 13:09:28.122364: Epoch 9
2026-06-23 13:09:28.122547: Current learning rate: 0.00968
2026-06-23 13:10:13.213593: train_loss -0.2803
2026-06-23 13:10:13.214071: val_loss -0.1375
2026-06-23 13:10:13.214287: Pseudo dice [np.float32(0.609)]
2026-06-23 13:10:13.214460: Epoch time: 45.09 s
2026-06-23 13:10:14.918486: 
2026-06-23 13:10:14.918913: Epoch 10
2026-06-23 13:10:14.919094: Current learning rate: 0.00964
2026-06-23 13:10:59.651752: train_loss -0.2724
2026-06-23 13:10:59.652323: val_loss -0.1388
2026-06-23 13:10:59.652468: Pseudo dice [np.float32(0.6087)]
2026-06-23 13:10:59.652645: Epoch time: 44.74 s
2026-06-23 13:11:01.366719: 
2026-06-23 13:11:01.367167: Epoch 11
2026-06-23 13:11:01.367345: Current learning rate: 0.0096
2026-06-23 13:11:46.196294: train_loss -0.2926
2026-06-23 13:11:46.196795: val_loss -0.1228
2026-06-23 13:11:46.196965: Pseudo dice [np.float32(0.5811)]
2026-06-23 13:11:46.197149: Epoch time: 44.83 s
2026-06-23 13:11:47.934378: 
2026-06-23 13:11:47.934898: Epoch 12
2026-06-23 13:11:47.935086: Current learning rate: 0.00957
2026-06-23 13:12:32.606253: train_loss -0.2835
2026-06-23 13:12:32.606802: val_loss -0.1182
2026-06-23 13:12:32.606965: Pseudo dice [np.float32(0.6093)]
2026-06-23 13:12:32.607140: Epoch time: 44.68 s
2026-06-23 13:12:34.331283: 
2026-06-23 13:12:34.331684: Epoch 13
2026-06-23 13:12:34.331861: Current learning rate: 0.00953
2026-06-23 13:13:19.142550: train_loss -0.2851
2026-06-23 13:13:19.143426: val_loss -0.1295
2026-06-23 13:13:19.143575: Pseudo dice [np.float32(0.5997)]
2026-06-23 13:13:19.143745: Epoch time: 44.81 s
2026-06-23 13:13:20.861511: 
2026-06-23 13:13:20.862039: Epoch 14
2026-06-23 13:13:20.862241: Current learning rate: 0.00949
2026-06-23 13:14:05.612980: train_loss -0.2943
2026-06-23 13:14:05.613518: val_loss -0.1314
2026-06-23 13:14:05.613666: Pseudo dice [np.float32(0.6051)]
2026-06-23 13:14:05.613837: Epoch time: 44.75 s
2026-06-23 13:14:07.369988: 
2026-06-23 13:14:07.370635: Epoch 15
2026-06-23 13:14:07.370949: Current learning rate: 0.00946
2026-06-23 13:14:52.185708: train_loss -0.2949
2026-06-23 13:14:52.186235: val_loss -0.0874
2026-06-23 13:14:52.186377: Pseudo dice [np.float32(0.5938)]
2026-06-23 13:14:52.186545: Epoch time: 44.82 s
2026-06-23 13:14:53.941923: 
2026-06-23 13:14:53.942586: Epoch 16
2026-06-23 13:14:53.942894: Current learning rate: 0.00942
2026-06-23 13:15:38.900227: train_loss -0.3026
2026-06-23 13:15:38.900757: val_loss -0.1309
2026-06-23 13:15:38.900917: Pseudo dice [np.float32(0.5898)]
2026-06-23 13:15:38.901088: Epoch time: 44.96 s
2026-06-23 13:15:40.668840: 
2026-06-23 13:15:40.669253: Epoch 17
2026-06-23 13:15:40.669460: Current learning rate: 0.00939
2026-06-23 13:16:25.365086: train_loss -0.3008
2026-06-23 13:16:25.365672: val_loss -0.0582
2026-06-23 13:16:25.365820: Pseudo dice [np.float32(0.5889)]
2026-06-23 13:16:25.366004: Epoch time: 44.7 s
2026-06-23 13:16:27.506096: 
2026-06-23 13:16:27.506498: Epoch 18
2026-06-23 13:16:27.506778: Current learning rate: 0.00935
2026-06-23 13:17:12.251542: train_loss -0.3043
2026-06-23 13:17:12.252100: val_loss -0.0992
2026-06-23 13:17:12.252271: Pseudo dice [np.float32(0.5857)]
2026-06-23 13:17:12.252450: Epoch time: 44.75 s
2026-06-23 13:17:14.028237: 
2026-06-23 13:17:14.028761: Epoch 19
2026-06-23 13:17:14.029062: Current learning rate: 0.00931
2026-06-23 13:17:58.739919: train_loss -0.2951
2026-06-23 13:17:58.740437: val_loss -0.1129
2026-06-23 13:17:58.740593: Pseudo dice [np.float32(0.5917)]
2026-06-23 13:17:58.740770: Epoch time: 44.72 s
2026-06-23 13:18:00.530735: 
2026-06-23 13:18:00.531308: Epoch 20
2026-06-23 13:18:00.531574: Current learning rate: 0.00928
2026-06-23 13:18:45.345474: train_loss -0.2979
2026-06-23 13:18:45.346086: val_loss -0.1284
2026-06-23 13:18:45.346232: Pseudo dice [np.float32(0.5867)]
2026-06-23 13:18:45.346403: Epoch time: 44.82 s
2026-06-23 13:18:47.159948: 
2026-06-23 13:18:47.160438: Epoch 21
2026-06-23 13:18:47.160742: Current learning rate: 0.00924
2026-06-23 13:19:31.880302: train_loss -0.3086
2026-06-23 13:19:31.880859: val_loss -0.1421
2026-06-23 13:19:31.881009: Pseudo dice [np.float32(0.6005)]
2026-06-23 13:19:31.881186: Epoch time: 44.72 s
2026-06-23 13:19:33.614863: 
2026-06-23 13:19:33.615385: Epoch 22
2026-06-23 13:19:33.615576: Current learning rate: 0.0092
2026-06-23 13:20:18.270717: train_loss -0.3084
2026-06-23 13:20:18.271214: val_loss -0.1262
2026-06-23 13:20:18.271372: Pseudo dice [np.float32(0.6028)]
2026-06-23 13:20:18.271551: Epoch time: 44.66 s
2026-06-23 13:20:20.013743: 
2026-06-23 13:20:20.014293: Epoch 23
2026-06-23 13:20:20.014609: Current learning rate: 0.00917
2026-06-23 13:21:04.832700: train_loss -0.2996
2026-06-23 13:21:04.833255: val_loss -0.0048
2026-06-23 13:21:04.833418: Pseudo dice [np.float32(0.553)]
2026-06-23 13:21:04.833601: Epoch time: 44.82 s
2026-06-23 13:21:06.544565: 
2026-06-23 13:21:06.545093: Epoch 24
2026-06-23 13:21:06.545282: Current learning rate: 0.00913
2026-06-23 13:21:51.339942: train_loss -0.3015
2026-06-23 13:21:51.340472: val_loss -0.0834
2026-06-23 13:21:51.340622: Pseudo dice [np.float32(0.5959)]
2026-06-23 13:21:51.340803: Epoch time: 44.8 s
2026-06-23 13:21:53.058605: 
2026-06-23 13:21:53.059221: Epoch 25
2026-06-23 13:21:53.059396: Current learning rate: 0.0091
2026-06-23 13:22:38.108535: train_loss -0.2977
2026-06-23 13:22:38.109097: val_loss -0.0428
2026-06-23 13:22:38.109264: Pseudo dice [np.float32(0.5841)]
2026-06-23 13:22:38.109440: Epoch time: 45.05 s
2026-06-23 13:22:39.831400: 
2026-06-23 13:22:39.831822: Epoch 26
2026-06-23 13:22:39.832010: Current learning rate: 0.00906
2026-06-23 13:23:24.669920: train_loss -0.3024
2026-06-23 13:23:24.670575: val_loss -0.0991
2026-06-23 13:23:24.670762: Pseudo dice [np.float32(0.6067)]
2026-06-23 13:23:24.670966: Epoch time: 44.84 s
2026-06-23 13:23:27.004919: 
2026-06-23 13:23:27.005429: Epoch 27
2026-06-23 13:23:27.005634: Current learning rate: 0.00902
2026-06-23 13:24:11.827450: train_loss -0.3104
2026-06-23 13:24:11.828037: val_loss -0.1233
2026-06-23 13:24:11.828196: Pseudo dice [np.float32(0.5862)]
2026-06-23 13:24:11.828370: Epoch time: 44.83 s
2026-06-23 13:24:13.568270: 
2026-06-23 13:24:13.568720: Epoch 28
2026-06-23 13:24:13.569037: Current learning rate: 0.00899
2026-06-23 13:24:58.408507: train_loss -0.3058
2026-06-23 13:24:58.409010: val_loss -0.1049
2026-06-23 13:24:58.409153: Pseudo dice [np.float32(0.5787)]
2026-06-23 13:24:58.409323: Epoch time: 44.84 s
2026-06-23 13:25:00.151606: 
2026-06-23 13:25:00.152277: Epoch 29
2026-06-23 13:25:00.152571: Current learning rate: 0.00895
2026-06-23 13:25:44.909388: train_loss -0.3019
2026-06-23 13:25:44.909966: val_loss -0.1359
2026-06-23 13:25:44.910116: Pseudo dice [np.float32(0.5994)]
2026-06-23 13:25:44.910297: Epoch time: 44.76 s
2026-06-23 13:25:46.658738: 
2026-06-23 13:25:46.659255: Epoch 30
2026-06-23 13:25:46.659533: Current learning rate: 0.00891
2026-06-23 13:26:31.509477: train_loss -0.2996
2026-06-23 13:26:31.510129: val_loss -0.0923
2026-06-23 13:26:31.510270: Pseudo dice [np.float32(0.6012)]
2026-06-23 13:26:31.510442: Epoch time: 44.85 s
2026-06-23 13:26:33.260409: 
2026-06-23 13:26:33.260946: Epoch 31
2026-06-23 13:26:33.261169: Current learning rate: 0.00888
2026-06-23 13:27:18.148485: train_loss -0.3137
2026-06-23 13:27:18.149089: val_loss -0.1082
2026-06-23 13:27:18.149236: Pseudo dice [np.float32(0.596)]
2026-06-23 13:27:18.149407: Epoch time: 44.89 s
2026-06-23 13:27:19.895167: 
2026-06-23 13:27:19.895595: Epoch 32
2026-06-23 13:27:19.895819: Current learning rate: 0.00884
2026-06-23 13:28:04.642637: train_loss -0.3195
2026-06-23 13:28:04.643124: val_loss -0.0936
2026-06-23 13:28:04.643273: Pseudo dice [np.float32(0.5885)]
2026-06-23 13:28:04.643443: Epoch time: 44.75 s
2026-06-23 13:28:06.396230: 
2026-06-23 13:28:06.396691: Epoch 33
2026-06-23 13:28:06.396985: Current learning rate: 0.0088
2026-06-23 13:28:51.182955: train_loss -0.3172
2026-06-23 13:28:51.183451: val_loss -0.1471
2026-06-23 13:28:51.183592: Pseudo dice [np.float32(0.6082)]
2026-06-23 13:28:51.183761: Epoch time: 44.79 s
2026-06-23 13:28:52.943319: 
2026-06-23 13:28:52.943870: Epoch 34
2026-06-23 13:28:52.944053: Current learning rate: 0.00877
2026-06-23 13:29:37.689890: train_loss -0.3245
2026-06-23 13:29:37.690394: val_loss -0.0833
2026-06-23 13:29:37.690540: Pseudo dice [np.float32(0.5891)]
2026-06-23 13:29:37.690722: Epoch time: 44.75 s
2026-06-23 13:29:39.453352: 
2026-06-23 13:29:39.453804: Epoch 35
2026-06-23 13:29:39.454013: Current learning rate: 0.00873
2026-06-23 13:30:24.219394: train_loss -0.3168
2026-06-23 13:30:24.219837: val_loss -0.1155
2026-06-23 13:30:24.219984: Pseudo dice [np.float32(0.6031)]
2026-06-23 13:30:24.220151: Epoch time: 44.77 s
2026-06-23 13:30:26.456430: 
2026-06-23 13:30:26.456921: Epoch 36
2026-06-23 13:30:26.457135: Current learning rate: 0.00869
2026-06-23 13:31:11.201303: train_loss -0.3216
2026-06-23 13:31:11.201797: val_loss -0.0627
2026-06-23 13:31:11.201949: Pseudo dice [np.float32(0.5773)]
2026-06-23 13:31:11.202121: Epoch time: 44.75 s
2026-06-23 13:31:12.969818: 
2026-06-23 13:31:12.970321: Epoch 37
2026-06-23 13:31:12.970613: Current learning rate: 0.00866
2026-06-23 13:31:57.741311: train_loss -0.3257
2026-06-23 13:31:57.741996: val_loss -0.0445
2026-06-23 13:31:57.742190: Pseudo dice [np.float32(0.5661)]
2026-06-23 13:31:57.742410: Epoch time: 44.77 s
2026-06-23 13:31:59.537206: 
2026-06-23 13:31:59.537893: Epoch 38
2026-06-23 13:31:59.538104: Current learning rate: 0.00862
2026-06-23 13:32:44.318746: train_loss -0.3185
2026-06-23 13:32:44.319621: val_loss -0.1049
2026-06-23 13:32:44.319792: Pseudo dice [np.float32(0.5852)]
2026-06-23 13:32:44.320069: Epoch time: 44.78 s
2026-06-23 13:32:46.139950: 
2026-06-23 13:32:46.140466: Epoch 39
2026-06-23 13:32:46.140680: Current learning rate: 0.00858
2026-06-23 13:33:30.900107: train_loss -0.3214
2026-06-23 13:33:30.903976: val_loss -0.1152
2026-06-23 13:33:30.904143: Pseudo dice [np.float32(0.6015)]
2026-06-23 13:33:30.904367: Epoch time: 44.76 s
2026-06-23 13:33:32.704732: 
2026-06-23 13:33:32.705259: Epoch 40
2026-06-23 13:33:32.705463: Current learning rate: 0.00855
2026-06-23 13:34:17.484601: train_loss -0.3314
2026-06-23 13:34:17.485218: val_loss -0.0455
2026-06-23 13:34:17.485383: Pseudo dice [np.float32(0.5779)]
2026-06-23 13:34:17.485626: Epoch time: 44.78 s
2026-06-23 13:34:19.290674: 
2026-06-23 13:34:19.291091: Epoch 41
2026-06-23 13:34:19.291288: Current learning rate: 0.00851
2026-06-23 13:35:04.126999: train_loss -0.3105
2026-06-23 13:35:04.127505: val_loss -0.0793
2026-06-23 13:35:04.127649: Pseudo dice [np.float32(0.5877)]
2026-06-23 13:35:04.127819: Epoch time: 44.84 s
2026-06-23 13:35:05.865573: 
2026-06-23 13:35:05.866153: Epoch 42
2026-06-23 13:35:05.866433: Current learning rate: 0.00847
2026-06-23 13:35:50.599082: train_loss -0.318
2026-06-23 13:35:50.600636: val_loss -0.0812
2026-06-23 13:35:50.600823: Pseudo dice [np.float32(0.6)]
2026-06-23 13:35:50.601016: Epoch time: 44.74 s
2026-06-23 13:35:52.350467: 
2026-06-23 13:35:52.351252: Epoch 43
2026-06-23 13:35:52.351967: Current learning rate: 0.00844
2026-06-23 13:36:37.226345: train_loss -0.3136
2026-06-23 13:36:37.226985: val_loss -0.1294
2026-06-23 13:36:37.227140: Pseudo dice [np.float32(0.5997)]
2026-06-23 13:36:37.227340: Epoch time: 44.88 s
2026-06-23 13:36:39.385140: 
2026-06-23 13:36:39.385533: Epoch 44
2026-06-23 13:36:39.385837: Current learning rate: 0.0084
2026-06-23 13:37:24.112612: train_loss -0.3196
2026-06-23 13:37:24.113381: val_loss -0.1059
2026-06-23 13:37:24.113533: Pseudo dice [np.float32(0.5835)]
2026-06-23 13:37:24.113760: Epoch time: 44.73 s
2026-06-23 13:37:25.859788: 
2026-06-23 13:37:25.860182: Epoch 45
2026-06-23 13:37:25.860358: Current learning rate: 0.00836
2026-06-23 13:38:10.560138: train_loss -0.3166
2026-06-23 13:38:10.560908: val_loss -0.0483
2026-06-23 13:38:10.561058: Pseudo dice [np.float32(0.565)]
2026-06-23 13:38:10.561229: Epoch time: 44.7 s
2026-06-23 13:38:12.308196: 
2026-06-23 13:38:12.308792: Epoch 46
2026-06-23 13:38:12.309100: Current learning rate: 0.00833
2026-06-23 13:38:56.935998: train_loss -0.3183
2026-06-23 13:38:56.936570: val_loss -0.128
2026-06-23 13:38:56.936722: Pseudo dice [np.float32(0.598)]
2026-06-23 13:38:56.936922: Epoch time: 44.63 s
2026-06-23 13:38:58.679883: 
2026-06-23 13:38:58.680432: Epoch 47
2026-06-23 13:38:58.680614: Current learning rate: 0.00829
2026-06-23 13:39:43.350834: train_loss -0.3243
2026-06-23 13:39:43.351554: val_loss -0.1156
2026-06-23 13:39:43.351731: Pseudo dice [np.float32(0.594)]
2026-06-23 13:39:43.351914: Epoch time: 44.67 s
2026-06-23 13:39:45.096165: 
2026-06-23 13:39:45.096687: Epoch 48
2026-06-23 13:39:45.096997: Current learning rate: 0.00825
2026-06-23 13:40:29.712130: train_loss -0.3252
2026-06-23 13:40:29.712761: val_loss -0.1193
2026-06-23 13:40:29.712915: Pseudo dice [np.float32(0.5922)]
2026-06-23 13:40:29.713091: Epoch time: 44.62 s
2026-06-23 13:40:31.475001: 
2026-06-23 13:40:31.475539: Epoch 49
2026-06-23 13:40:31.475816: Current learning rate: 0.00822
2026-06-23 13:41:16.178856: train_loss -0.3244
2026-06-23 13:41:16.179553: val_loss -0.0285
2026-06-23 13:41:16.179704: Pseudo dice [np.float32(0.5668)]
2026-06-23 13:41:16.179881: Epoch time: 44.71 s
2026-06-23 13:41:18.459236: 
2026-06-23 13:41:18.459837: Epoch 50
2026-06-23 13:41:18.460139: Current learning rate: 0.00818
2026-06-23 13:42:03.324917: train_loss -0.3281
2026-06-23 13:42:03.325407: val_loss -0.0622
2026-06-23 13:42:03.325554: Pseudo dice [np.float32(0.5525)]
2026-06-23 13:42:03.325728: Epoch time: 44.87 s
2026-06-23 13:42:05.101192: 
2026-06-23 13:42:05.101665: Epoch 51
2026-06-23 13:42:05.101940: Current learning rate: 0.00814
2026-06-23 13:42:49.842137: train_loss -0.3256
2026-06-23 13:42:49.842658: val_loss -0.1118
2026-06-23 13:42:49.842803: Pseudo dice [np.float32(0.5844)]
2026-06-23 13:42:49.842981: Epoch time: 44.74 s
2026-06-23 13:42:51.610599: 
2026-06-23 13:42:51.611256: Epoch 52
2026-06-23 13:42:51.611516: Current learning rate: 0.00811
2026-06-23 13:43:36.328463: train_loss -0.3239
2026-06-23 13:43:36.329238: val_loss -0.0936
2026-06-23 13:43:36.329399: Pseudo dice [np.float32(0.5866)]
2026-06-23 13:43:36.329578: Epoch time: 44.72 s
2026-06-23 13:43:38.724533: 
2026-06-23 13:43:38.725424: Epoch 53
2026-06-23 13:43:38.725682: Current learning rate: 0.00807
2026-06-23 13:44:23.494444: train_loss -0.3256
2026-06-23 13:44:23.495249: val_loss -0.085
2026-06-23 13:44:23.495398: Pseudo dice [np.float32(0.5705)]
2026-06-23 13:44:23.495613: Epoch time: 44.77 s
2026-06-23 13:44:25.279705: 
2026-06-23 13:44:25.280183: Epoch 54
2026-06-23 13:44:25.280596: Current learning rate: 0.00803
2026-06-23 13:45:10.023461: train_loss -0.331
2026-06-23 13:45:10.023955: val_loss -0.0907
2026-06-23 13:45:10.024106: Pseudo dice [np.float32(0.5705)]
2026-06-23 13:45:10.024302: Epoch time: 44.75 s
2026-06-23 13:45:11.826437: 
2026-06-23 13:45:11.827236: Epoch 55
2026-06-23 13:45:11.827774: Current learning rate: 0.008
2026-06-23 13:45:56.672867: train_loss -0.3279
2026-06-23 13:45:56.673497: val_loss -0.0996
2026-06-23 13:45:56.673649: Pseudo dice [np.float32(0.5919)]
2026-06-23 13:45:56.673878: Epoch time: 44.85 s
2026-06-23 13:45:58.484680: 
2026-06-23 13:45:58.485265: Epoch 56
2026-06-23 13:45:58.485596: Current learning rate: 0.00796
2026-06-23 13:46:43.262280: train_loss -0.3301
2026-06-23 13:46:43.262781: val_loss -0.0971
2026-06-23 13:46:43.262937: Pseudo dice [np.float32(0.5817)]
2026-06-23 13:46:43.263120: Epoch time: 44.78 s
2026-06-23 13:46:45.044415: 
2026-06-23 13:46:45.044988: Epoch 57
2026-06-23 13:46:45.045281: Current learning rate: 0.00792
2026-06-23 13:47:29.841591: train_loss -0.3199
2026-06-23 13:47:29.842164: val_loss -0.1097
2026-06-23 13:47:29.842310: Pseudo dice [np.float32(0.59)]
2026-06-23 13:47:29.842480: Epoch time: 44.8 s
2026-06-23 13:47:31.606350: 
2026-06-23 13:47:31.606877: Epoch 58
2026-06-23 13:47:31.607105: Current learning rate: 0.00789
2026-06-23 13:48:16.428052: train_loss -0.3244
2026-06-23 13:48:16.428538: val_loss -0.1029
2026-06-23 13:48:16.428683: Pseudo dice [np.float32(0.5788)]
2026-06-23 13:48:16.428862: Epoch time: 44.82 s
2026-06-23 13:48:18.201786: 
2026-06-23 13:48:18.202264: Epoch 59
2026-06-23 13:48:18.202552: Current learning rate: 0.00785
2026-06-23 13:49:02.956083: train_loss -0.3252
2026-06-23 13:49:02.956659: val_loss -0.0806
2026-06-23 13:49:02.956806: Pseudo dice [np.float32(0.5865)]
2026-06-23 13:49:02.956995: Epoch time: 44.76 s
2026-06-23 13:49:04.730415: 
2026-06-23 13:49:04.730971: Epoch 60
2026-06-23 13:49:04.731242: Current learning rate: 0.00781
2026-06-23 13:49:49.721072: train_loss -0.332
2026-06-23 13:49:49.721570: val_loss -0.1102
2026-06-23 13:49:49.721717: Pseudo dice [np.float32(0.5927)]
2026-06-23 13:49:49.721899: Epoch time: 44.99 s
2026-06-23 13:49:51.498928: 
2026-06-23 13:49:51.499396: Epoch 61
2026-06-23 13:49:51.499578: Current learning rate: 0.00777
2026-06-23 13:50:36.293085: train_loss -0.3299
2026-06-23 13:50:36.293832: val_loss -0.124
2026-06-23 13:50:36.294200: Pseudo dice [np.float32(0.6037)]
2026-06-23 13:50:36.294406: Epoch time: 44.8 s
2026-06-23 13:50:38.552747: 
2026-06-23 13:50:38.553427: Epoch 62
2026-06-23 13:50:38.553706: Current learning rate: 0.00774
2026-06-23 13:51:23.256039: train_loss -0.3268
2026-06-23 13:51:23.256840: val_loss -0.1117
2026-06-23 13:51:23.257104: Pseudo dice [np.float32(0.6073)]
2026-06-23 13:51:23.257500: Epoch time: 44.71 s
2026-06-23 13:51:25.030008: 
2026-06-23 13:51:25.030494: Epoch 63
2026-06-23 13:51:25.030693: Current learning rate: 0.0077
2026-06-23 13:52:09.901690: train_loss -0.3259
2026-06-23 13:52:09.902271: val_loss -0.103
2026-06-23 13:52:09.902427: Pseudo dice [np.float32(0.5926)]
2026-06-23 13:52:09.902604: Epoch time: 44.87 s
2026-06-23 13:52:11.668197: 
2026-06-23 13:52:11.668678: Epoch 64
2026-06-23 13:52:11.669031: Current learning rate: 0.00766
2026-06-23 13:52:56.477742: train_loss -0.332
2026-06-23 13:52:56.478442: val_loss -0.128
2026-06-23 13:52:56.478609: Pseudo dice [np.float32(0.6281)]
2026-06-23 13:52:56.478794: Epoch time: 44.81 s
2026-06-23 13:52:58.277286: 
2026-06-23 13:52:58.277980: Epoch 65
2026-06-23 13:52:58.278608: Current learning rate: 0.00763
2026-06-23 13:53:43.180284: train_loss -0.3244
2026-06-23 13:53:43.180972: val_loss -0.1097
2026-06-23 13:53:43.181137: Pseudo dice [np.float32(0.6032)]
2026-06-23 13:53:43.181318: Epoch time: 44.91 s
2026-06-23 13:53:44.967772: 
2026-06-23 13:53:44.968388: Epoch 66
2026-06-23 13:53:44.968801: Current learning rate: 0.00759
2026-06-23 13:54:29.835886: train_loss -0.3264
2026-06-23 13:54:29.836392: val_loss -0.1174
2026-06-23 13:54:29.836531: Pseudo dice [np.float32(0.5787)]
2026-06-23 13:54:29.836698: Epoch time: 44.87 s
2026-06-23 13:54:31.629269: 
2026-06-23 13:54:31.629799: Epoch 67
2026-06-23 13:54:31.630155: Current learning rate: 0.00755
2026-06-23 13:55:16.435347: train_loss -0.3285
2026-06-23 13:55:16.435939: val_loss -0.0559
2026-06-23 13:55:16.436773: Pseudo dice [np.float32(0.5594)]
2026-06-23 13:55:16.436981: Epoch time: 44.81 s
2026-06-23 13:55:18.232132: 
2026-06-23 13:55:18.232666: Epoch 68
2026-06-23 13:55:18.232859: Current learning rate: 0.00751
2026-06-23 13:56:03.004946: train_loss -0.3276
2026-06-23 13:56:03.005444: val_loss -0.0999
2026-06-23 13:56:03.005586: Pseudo dice [np.float32(0.5864)]
2026-06-23 13:56:03.005763: Epoch time: 44.78 s
2026-06-23 13:56:04.800027: 
2026-06-23 13:56:04.800623: Epoch 69
2026-06-23 13:56:04.800969: Current learning rate: 0.00748
2026-06-23 13:56:49.566460: train_loss -0.3329
2026-06-23 13:56:49.567087: val_loss -0.1015
2026-06-23 13:56:49.567239: Pseudo dice [np.float32(0.6114)]
2026-06-23 13:56:49.567422: Epoch time: 44.77 s
2026-06-23 13:56:51.798573: 
2026-06-23 13:56:51.799047: Epoch 70
2026-06-23 13:56:51.799219: Current learning rate: 0.00744
2026-06-23 13:57:36.588362: train_loss -0.3265
2026-06-23 13:57:36.589005: val_loss -0.0366
2026-06-23 13:57:36.589157: Pseudo dice [np.float32(0.5529)]
2026-06-23 13:57:36.589336: Epoch time: 44.79 s
2026-06-23 13:57:38.415033: 
2026-06-23 13:57:38.415449: Epoch 71
2026-06-23 13:57:38.415756: Current learning rate: 0.0074
2026-06-23 13:58:23.366305: train_loss -0.3323
2026-06-23 13:58:23.366969: val_loss -0.1003
2026-06-23 13:58:23.367115: Pseudo dice [np.float32(0.5729)]
2026-06-23 13:58:23.367288: Epoch time: 44.96 s
2026-06-23 13:58:25.185296: 
2026-06-23 13:58:25.185784: Epoch 72
2026-06-23 13:58:25.185979: Current learning rate: 0.00737
2026-06-23 13:59:10.002257: train_loss -0.3328
2026-06-23 13:59:10.002797: val_loss -0.09
2026-06-23 13:59:10.002962: Pseudo dice [np.float32(0.5688)]
2026-06-23 13:59:10.003139: Epoch time: 44.82 s
2026-06-23 13:59:11.798466: 
2026-06-23 13:59:11.799073: Epoch 73
2026-06-23 13:59:11.799250: Current learning rate: 0.00733
2026-06-23 13:59:56.630400: train_loss -0.3322
2026-06-23 13:59:56.631046: val_loss -0.0948
2026-06-23 13:59:56.631195: Pseudo dice [np.float32(0.5743)]
2026-06-23 13:59:56.631375: Epoch time: 44.84 s
2026-06-23 13:59:58.442637: 
2026-06-23 13:59:58.443094: Epoch 74
2026-06-23 13:59:58.443293: Current learning rate: 0.00729
2026-06-23 14:00:43.236287: train_loss -0.3339
2026-06-23 14:00:43.236945: val_loss -0.1071
2026-06-23 14:00:43.237094: Pseudo dice [np.float32(0.5914)]
2026-06-23 14:00:43.237319: Epoch time: 44.8 s
2026-06-23 14:00:45.059486: 
2026-06-23 14:00:45.060454: Epoch 75
2026-06-23 14:00:45.061279: Current learning rate: 0.00725
2026-06-23 14:01:29.771398: train_loss -0.3302
2026-06-23 14:01:29.772031: val_loss 0.0371
2026-06-23 14:01:29.772193: Pseudo dice [np.float32(0.5351)]
2026-06-23 14:01:29.772400: Epoch time: 44.72 s
2026-06-23 14:01:31.564013: 
2026-06-23 14:01:31.564725: Epoch 76
2026-06-23 14:01:31.565064: Current learning rate: 0.00722
2026-06-23 14:02:16.251906: train_loss -0.3382
2026-06-23 14:02:16.252794: val_loss -0.022
2026-06-23 14:02:16.252959: Pseudo dice [np.float32(0.5529)]
2026-06-23 14:02:16.253200: Epoch time: 44.69 s
2026-06-23 14:02:18.025002: 
2026-06-23 14:02:18.025303: Epoch 77
2026-06-23 14:02:18.025491: Current learning rate: 0.00718
2026-06-23 14:03:02.803493: train_loss -0.3406
2026-06-23 14:03:02.803984: val_loss 0.0049
2026-06-23 14:03:02.804130: Pseudo dice [np.float32(0.5525)]
2026-06-23 14:03:02.804306: Epoch time: 44.78 s
2026-06-23 14:03:04.597064: 
2026-06-23 14:03:04.597640: Epoch 78
2026-06-23 14:03:04.597936: Current learning rate: 0.00714
2026-06-23 14:03:49.238476: train_loss -0.3336
2026-06-23 14:03:49.239066: val_loss -0.0376
2026-06-23 14:03:49.239233: Pseudo dice [np.float32(0.5548)]
2026-06-23 14:03:49.239416: Epoch time: 44.64 s
2026-06-23 14:03:51.483636: 
2026-06-23 14:03:51.484228: Epoch 79
2026-06-23 14:03:51.484519: Current learning rate: 0.0071
2026-06-23 14:04:36.307317: train_loss -0.3235
2026-06-23 14:04:36.307862: val_loss -0.1911
2026-06-23 14:04:36.308021: Pseudo dice [np.float32(0.6271)]
2026-06-23 14:04:36.308198: Epoch time: 44.83 s
2026-06-23 14:04:38.120879: 
2026-06-23 14:04:38.121445: Epoch 80
2026-06-23 14:04:38.121725: Current learning rate: 0.00707
2026-06-23 14:05:22.930326: train_loss -0.3165
2026-06-23 14:05:22.930902: val_loss -0.0483
2026-06-23 14:05:22.931065: Pseudo dice [np.float32(0.5611)]
2026-06-23 14:05:22.931247: Epoch time: 44.81 s
2026-06-23 14:05:24.750047: 
2026-06-23 14:05:24.750601: Epoch 81
2026-06-23 14:05:24.750885: Current learning rate: 0.00703
2026-06-23 14:06:09.592709: train_loss -0.332
2026-06-23 14:06:09.593258: val_loss -0.1472
2026-06-23 14:06:09.593401: Pseudo dice [np.float32(0.5957)]
2026-06-23 14:06:09.593572: Epoch time: 44.85 s
2026-06-23 14:06:11.401066: 
2026-06-23 14:06:11.401592: Epoch 82
2026-06-23 14:06:11.401866: Current learning rate: 0.00699
2026-06-23 14:06:56.243425: train_loss -0.3376
2026-06-23 14:06:56.243915: val_loss -0.0486
2026-06-23 14:06:56.244065: Pseudo dice [np.float32(0.5758)]
2026-06-23 14:06:56.244246: Epoch time: 44.85 s
2026-06-23 14:06:57.992882: 
2026-06-23 14:06:57.993307: Epoch 83
2026-06-23 14:06:57.993507: Current learning rate: 0.00696
2026-06-23 14:07:42.884040: train_loss -0.3313
2026-06-23 14:07:42.884760: val_loss -0.1442
2026-06-23 14:07:42.884921: Pseudo dice [np.float32(0.6191)]
2026-06-23 14:07:42.885094: Epoch time: 44.89 s
2026-06-23 14:07:44.632361: 
2026-06-23 14:07:44.632866: Epoch 84
2026-06-23 14:07:44.633049: Current learning rate: 0.00692
2026-06-23 14:08:29.361943: train_loss -0.3263
2026-06-23 14:08:29.362546: val_loss -0.0782
2026-06-23 14:08:29.362695: Pseudo dice [np.float32(0.5788)]
2026-06-23 14:08:29.362873: Epoch time: 44.73 s
2026-06-23 14:08:31.120818: 
2026-06-23 14:08:31.121328: Epoch 85
2026-06-23 14:08:31.121524: Current learning rate: 0.00688
2026-06-23 14:09:16.001421: train_loss -0.3387
2026-06-23 14:09:16.001944: val_loss -0.1212
2026-06-23 14:09:16.002100: Pseudo dice [np.float32(0.601)]
2026-06-23 14:09:16.002588: Epoch time: 44.88 s
2026-06-23 14:09:17.760257: 
2026-06-23 14:09:17.760761: Epoch 86
2026-06-23 14:09:17.761117: Current learning rate: 0.00684
2026-06-23 14:10:02.612341: train_loss -0.3353
2026-06-23 14:10:02.612988: val_loss -0.0625
2026-06-23 14:10:02.613145: Pseudo dice [np.float32(0.5706)]
2026-06-23 14:10:02.613318: Epoch time: 44.86 s
2026-06-23 14:10:04.845274: 
2026-06-23 14:10:04.845749: Epoch 87
2026-06-23 14:10:04.845931: Current learning rate: 0.0068
2026-06-23 14:10:49.723726: train_loss -0.3342
2026-06-23 14:10:49.724273: val_loss -0.0331
2026-06-23 14:10:49.724423: Pseudo dice [np.float32(0.582)]
2026-06-23 14:10:49.724593: Epoch time: 44.88 s
2026-06-23 14:10:51.474630: 
2026-06-23 14:10:51.475040: Epoch 88
2026-06-23 14:10:51.475210: Current learning rate: 0.00677
2026-06-23 14:11:36.363919: train_loss -0.3288
2026-06-23 14:11:36.364514: val_loss -0.0846
2026-06-23 14:11:36.364665: Pseudo dice [np.float32(0.6067)]
2026-06-23 14:11:36.364836: Epoch time: 44.89 s
2026-06-23 14:11:38.123089: 
2026-06-23 14:11:38.123705: Epoch 89
2026-06-23 14:11:38.124073: Current learning rate: 0.00673
2026-06-23 14:12:22.995344: train_loss -0.3335
2026-06-23 14:12:22.995868: val_loss -0.0559
2026-06-23 14:12:22.996019: Pseudo dice [np.float32(0.5621)]
2026-06-23 14:12:22.996197: Epoch time: 44.88 s
2026-06-23 14:12:24.756226: 
2026-06-23 14:12:24.756672: Epoch 90
2026-06-23 14:12:24.756866: Current learning rate: 0.00669
2026-06-23 14:13:09.580242: train_loss -0.3365
2026-06-23 14:13:09.580879: val_loss -0.0785
2026-06-23 14:13:09.581033: Pseudo dice [np.float32(0.5741)]
2026-06-23 14:13:09.581208: Epoch time: 44.83 s
2026-06-23 14:13:11.333905: 
2026-06-23 14:13:11.334285: Epoch 91
2026-06-23 14:13:11.334456: Current learning rate: 0.00665
2026-06-23 14:13:56.228250: train_loss -0.3354
2026-06-23 14:13:56.228744: val_loss -0.1027
2026-06-23 14:13:56.228896: Pseudo dice [np.float32(0.5972)]
2026-06-23 14:13:56.229074: Epoch time: 44.9 s
2026-06-23 14:13:58.000277: 
2026-06-23 14:13:58.000808: Epoch 92
2026-06-23 14:13:58.001097: Current learning rate: 0.00662
2026-06-23 14:14:42.734540: train_loss -0.3389
2026-06-23 14:14:42.735147: val_loss -0.0739
2026-06-23 14:14:42.735296: Pseudo dice [np.float32(0.5869)]
2026-06-23 14:14:42.736140: Epoch time: 44.74 s
2026-06-23 14:14:44.506786: 
2026-06-23 14:14:44.507261: Epoch 93
2026-06-23 14:14:44.507438: Current learning rate: 0.00658
2026-06-23 14:15:29.311353: train_loss -0.3384
2026-06-23 14:15:29.311946: val_loss -0.1629
2026-06-23 14:15:29.312099: Pseudo dice [np.float32(0.6175)]
2026-06-23 14:15:29.312269: Epoch time: 44.81 s
2026-06-23 14:15:31.074553: 
2026-06-23 14:15:31.074968: Epoch 94
2026-06-23 14:15:31.075170: Current learning rate: 0.00654
2026-06-23 14:16:15.782284: train_loss -0.3348
2026-06-23 14:16:15.783047: val_loss -0.1735
2026-06-23 14:16:15.783203: Pseudo dice [np.float32(0.6314)]
2026-06-23 14:16:15.783378: Epoch time: 44.71 s
2026-06-23 14:16:17.579248: 
2026-06-23 14:16:17.579971: Epoch 95
2026-06-23 14:16:17.580311: Current learning rate: 0.0065
2026-06-23 14:17:02.532531: train_loss -0.318
2026-06-23 14:17:02.533072: val_loss -0.0795
2026-06-23 14:17:02.533219: Pseudo dice [np.float32(0.5822)]
2026-06-23 14:17:02.533400: Epoch time: 44.96 s
2026-06-23 14:17:04.737637: 
2026-06-23 14:17:04.738220: Epoch 96
2026-06-23 14:17:04.738423: Current learning rate: 0.00647
2026-06-23 14:17:49.552653: train_loss -0.3273
2026-06-23 14:17:49.553180: val_loss -0.0419
2026-06-23 14:17:49.553328: Pseudo dice [np.float32(0.5674)]
2026-06-23 14:17:49.553503: Epoch time: 44.82 s
2026-06-23 14:17:51.337944: 
2026-06-23 14:17:51.338493: Epoch 97
2026-06-23 14:17:51.338672: Current learning rate: 0.00643
2026-06-23 14:18:36.367744: train_loss -0.3255
2026-06-23 14:18:36.368418: val_loss -0.0759
2026-06-23 14:18:36.368566: Pseudo dice [np.float32(0.5793)]
2026-06-23 14:18:36.368749: Epoch time: 45.03 s
2026-06-23 14:18:38.148055: 
2026-06-23 14:18:38.148603: Epoch 98
2026-06-23 14:18:38.148881: Current learning rate: 0.00639
2026-06-23 14:19:22.918402: train_loss -0.3294
2026-06-23 14:19:22.918837: val_loss -0.0829
2026-06-23 14:19:22.918990: Pseudo dice [np.float32(0.5885)]
2026-06-23 14:19:22.919165: Epoch time: 44.77 s
2026-06-23 14:19:24.700725: 
2026-06-23 14:19:24.701236: Epoch 99
2026-06-23 14:19:24.701499: Current learning rate: 0.00635
2026-06-23 14:20:09.531873: train_loss -0.3332
2026-06-23 14:20:09.532466: val_loss -0.0711
2026-06-23 14:20:09.532633: Pseudo dice [np.float32(0.578)]
2026-06-23 14:20:09.532824: Epoch time: 44.83 s
2026-06-23 14:20:11.828068: 
2026-06-23 14:20:11.828659: Epoch 100
2026-06-23 14:20:11.828948: Current learning rate: 0.00631
2026-06-23 14:20:56.625033: train_loss -0.333
2026-06-23 14:20:56.625534: val_loss -0.0757
2026-06-23 14:20:56.625675: Pseudo dice [np.float32(0.576)]
2026-06-23 14:20:56.625846: Epoch time: 44.8 s
2026-06-23 14:20:58.394597: 
2026-06-23 14:20:58.395030: Epoch 101
2026-06-23 14:20:58.395206: Current learning rate: 0.00628
2026-06-23 14:21:43.265321: train_loss -0.3357
2026-06-23 14:21:43.265873: val_loss -0.0584
2026-06-23 14:21:43.266017: Pseudo dice [np.float32(0.5729)]
2026-06-23 14:21:43.266189: Epoch time: 44.87 s
2026-06-23 14:21:45.039807: 
2026-06-23 14:21:45.040388: Epoch 102
2026-06-23 14:21:45.040691: Current learning rate: 0.00624
2026-06-23 14:22:29.870589: train_loss -0.3348
2026-06-23 14:22:29.871121: val_loss -0.1162
2026-06-23 14:22:29.871269: Pseudo dice [np.float32(0.5963)]
2026-06-23 14:22:29.871446: Epoch time: 44.83 s
2026-06-23 14:22:31.655758: 
2026-06-23 14:22:31.656306: Epoch 103
2026-06-23 14:22:31.656594: Current learning rate: 0.0062
2026-06-23 14:23:16.484369: train_loss -0.3306
2026-06-23 14:23:16.484872: val_loss -0.1362
2026-06-23 14:23:16.485020: Pseudo dice [np.float32(0.6113)]
2026-06-23 14:23:16.485196: Epoch time: 44.83 s
2026-06-23 14:23:18.269897: 
2026-06-23 14:23:18.270335: Epoch 104
2026-06-23 14:23:18.270519: Current learning rate: 0.00616
2026-06-23 14:24:03.244834: train_loss -0.3331
2026-06-23 14:24:03.245469: val_loss -0.0542
2026-06-23 14:24:03.245626: Pseudo dice [np.float32(0.5722)]
2026-06-23 14:24:03.245797: Epoch time: 44.98 s
2026-06-23 14:24:05.530287: 
2026-06-23 14:24:05.530843: Epoch 105
2026-06-23 14:24:05.531043: Current learning rate: 0.00612
2026-06-23 14:24:50.228657: train_loss -0.3325
2026-06-23 14:24:50.229274: val_loss -0.0958
2026-06-23 14:24:50.229422: Pseudo dice [np.float32(0.5966)]
2026-06-23 14:24:50.229595: Epoch time: 44.7 s
2026-06-23 14:24:52.021768: 
2026-06-23 14:24:52.022275: Epoch 106
2026-06-23 14:24:52.022560: Current learning rate: 0.00609
2026-06-23 14:25:36.857108: train_loss -0.3355
2026-06-23 14:25:36.857638: val_loss -0.0235
2026-06-23 14:25:36.857804: Pseudo dice [np.float32(0.5464)]
2026-06-23 14:25:36.858008: Epoch time: 44.84 s
2026-06-23 14:25:38.660086: 
2026-06-23 14:25:38.660644: Epoch 107
2026-06-23 14:25:38.660837: Current learning rate: 0.00605
2026-06-23 14:26:23.447600: train_loss -0.3361
2026-06-23 14:26:23.448155: val_loss -0.0769
2026-06-23 14:26:23.448303: Pseudo dice [np.float32(0.5793)]
2026-06-23 14:26:23.448482: Epoch time: 44.79 s
2026-06-23 14:26:25.244562: 
2026-06-23 14:26:25.245056: Epoch 108
2026-06-23 14:26:25.245445: Current learning rate: 0.00601
2026-06-23 14:27:10.190915: train_loss -0.3304
2026-06-23 14:27:10.191293: val_loss -0.0985
2026-06-23 14:27:10.191432: Pseudo dice [np.float32(0.5852)]
2026-06-23 14:27:10.191604: Epoch time: 44.95 s
2026-06-23 14:27:11.990279: 
2026-06-23 14:27:11.990837: Epoch 109
2026-06-23 14:27:11.991112: Current learning rate: 0.00597
2026-06-23 14:27:56.796516: train_loss -0.3423
2026-06-23 14:27:56.797133: val_loss -0.0783
2026-06-23 14:27:56.797296: Pseudo dice [np.float32(0.5776)]
2026-06-23 14:27:56.797475: Epoch time: 44.81 s
2026-06-23 14:27:58.590100: 
2026-06-23 14:27:58.590520: Epoch 110
2026-06-23 14:27:58.590700: Current learning rate: 0.00593
2026-06-23 14:28:43.495362: train_loss -0.3361
2026-06-23 14:28:43.495889: val_loss -0.0724
2026-06-23 14:28:43.496039: Pseudo dice [np.float32(0.5825)]
2026-06-23 14:28:43.496213: Epoch time: 44.91 s
2026-06-23 14:28:45.293333: 
2026-06-23 14:28:45.293831: Epoch 111
2026-06-23 14:28:45.294019: Current learning rate: 0.0059
2026-06-23 14:29:30.244113: train_loss -0.3328
2026-06-23 14:29:30.244738: val_loss -0.1385
2026-06-23 14:29:30.244905: Pseudo dice [np.float32(0.6048)]
2026-06-23 14:29:30.245082: Epoch time: 44.95 s
2026-06-23 14:29:32.016891: 
2026-06-23 14:29:32.017575: Epoch 112
2026-06-23 14:29:32.017909: Current learning rate: 0.00586
2026-06-23 14:30:17.123471: train_loss -0.3351
2026-06-23 14:30:17.124111: val_loss -0.1587
2026-06-23 14:30:17.124300: Pseudo dice [np.float32(0.6129)]
2026-06-23 14:30:17.124486: Epoch time: 45.11 s
2026-06-23 14:30:18.885882: 
2026-06-23 14:30:18.886358: Epoch 113
2026-06-23 14:30:18.886700: Current learning rate: 0.00582
2026-06-23 14:31:03.775949: train_loss -0.3328
2026-06-23 14:31:03.776549: val_loss -0.0728
2026-06-23 14:31:03.776712: Pseudo dice [np.float32(0.5747)]
2026-06-23 14:31:03.776896: Epoch time: 44.89 s
2026-06-23 14:31:06.015701: 
2026-06-23 14:31:06.016304: Epoch 114
2026-06-23 14:31:06.016598: Current learning rate: 0.00578
2026-06-23 14:31:50.993345: train_loss -0.3403
2026-06-23 14:31:50.993891: val_loss -0.1203
2026-06-23 14:31:50.994040: Pseudo dice [np.float32(0.5937)]
2026-06-23 14:31:50.994216: Epoch time: 44.98 s
2026-06-23 14:31:52.760579: 
2026-06-23 14:31:52.760963: Epoch 115
2026-06-23 14:31:52.761136: Current learning rate: 0.00574
2026-06-23 14:32:37.581096: train_loss -0.3475
2026-06-23 14:32:37.581690: val_loss -0.1256
2026-06-23 14:32:37.581862: Pseudo dice [np.float32(0.6089)]
2026-06-23 14:32:37.582046: Epoch time: 44.82 s
2026-06-23 14:32:39.373013: 
2026-06-23 14:32:39.373551: Epoch 116
2026-06-23 14:32:39.373860: Current learning rate: 0.0057
2026-06-23 14:33:24.155838: train_loss -0.3305
2026-06-23 14:33:24.156446: val_loss -0.0411
2026-06-23 14:33:24.156599: Pseudo dice [np.float32(0.5563)]
2026-06-23 14:33:24.156776: Epoch time: 44.79 s
2026-06-23 14:33:25.934153: 
2026-06-23 14:33:25.934627: Epoch 117
2026-06-23 14:33:25.934987: Current learning rate: 0.00567
2026-06-23 14:34:10.783118: train_loss -0.3324
2026-06-23 14:34:10.783617: val_loss -0.0393
2026-06-23 14:34:10.783759: Pseudo dice [np.float32(0.5604)]
2026-06-23 14:34:10.784643: Epoch time: 44.85 s
2026-06-23 14:34:12.562733: 
2026-06-23 14:34:12.563131: Epoch 118
2026-06-23 14:34:12.563309: Current learning rate: 0.00563
2026-06-23 14:34:57.379331: train_loss -0.3377
2026-06-23 14:34:57.379941: val_loss -0.1426
2026-06-23 14:34:57.380096: Pseudo dice [np.float32(0.6018)]
2026-06-23 14:34:57.380274: Epoch time: 44.82 s
2026-06-23 14:34:59.206909: 
2026-06-23 14:34:59.207366: Epoch 119
2026-06-23 14:34:59.207548: Current learning rate: 0.00559
2026-06-23 14:35:43.930162: train_loss -0.331
2026-06-23 14:35:43.930844: val_loss -0.1237
2026-06-23 14:35:43.931015: Pseudo dice [np.float32(0.6009)]
2026-06-23 14:35:43.931189: Epoch time: 44.73 s
2026-06-23 14:35:45.711965: 
2026-06-23 14:35:45.712343: Epoch 120
2026-06-23 14:35:45.712550: Current learning rate: 0.00555
2026-06-23 14:36:30.582720: train_loss -0.3347
2026-06-23 14:36:30.583236: val_loss -0.1351
2026-06-23 14:36:30.583382: Pseudo dice [np.float32(0.6182)]
2026-06-23 14:36:30.583555: Epoch time: 44.87 s
2026-06-23 14:36:32.365304: 
2026-06-23 14:36:32.365717: Epoch 121
2026-06-23 14:36:32.365904: Current learning rate: 0.00551
2026-06-23 14:37:17.115222: train_loss -0.3432
2026-06-23 14:37:17.116482: val_loss -0.122
2026-06-23 14:37:17.117222: Pseudo dice [np.float32(0.6005)]
2026-06-23 14:37:17.117429: Epoch time: 44.75 s
2026-06-23 14:37:18.892807: 
2026-06-23 14:37:18.893404: Epoch 122
2026-06-23 14:37:18.893712: Current learning rate: 0.00547
2026-06-23 14:38:03.731590: train_loss -0.3336
2026-06-23 14:38:03.732127: val_loss -0.0535
2026-06-23 14:38:03.732276: Pseudo dice [np.float32(0.5802)]
2026-06-23 14:38:03.732465: Epoch time: 44.84 s
2026-06-23 14:38:05.965675: 
2026-06-23 14:38:05.966136: Epoch 123
2026-06-23 14:38:05.966312: Current learning rate: 0.00544
2026-06-23 14:38:50.808484: train_loss -0.3326
2026-06-23 14:38:50.809056: val_loss -0.0673
2026-06-23 14:38:50.809221: Pseudo dice [np.float32(0.5916)]
2026-06-23 14:38:50.809425: Epoch time: 44.85 s
2026-06-23 14:38:52.614967: 
2026-06-23 14:38:52.615672: Epoch 124
2026-06-23 14:38:52.615869: Current learning rate: 0.0054
2026-06-23 14:39:37.671780: train_loss -0.333
2026-06-23 14:39:37.672313: val_loss -0.0702
2026-06-23 14:39:37.672460: Pseudo dice [np.float32(0.5947)]
2026-06-23 14:39:37.672634: Epoch time: 45.06 s
2026-06-23 14:39:39.461517: 
2026-06-23 14:39:39.461999: Epoch 125
2026-06-23 14:39:39.462206: Current learning rate: 0.00536
2026-06-23 14:40:24.268017: train_loss -0.3403
2026-06-23 14:40:24.268668: val_loss -0.1175
2026-06-23 14:40:24.268842: Pseudo dice [np.float32(0.6042)]
2026-06-23 14:40:24.269033: Epoch time: 44.81 s
2026-06-23 14:40:26.058233: 
2026-06-23 14:40:26.058734: Epoch 126
2026-06-23 14:40:26.058935: Current learning rate: 0.00532
2026-06-23 14:41:10.902577: train_loss -0.3409
2026-06-23 14:41:10.903093: val_loss -0.1202
2026-06-23 14:41:10.903237: Pseudo dice [np.float32(0.5958)]
2026-06-23 14:41:10.903407: Epoch time: 44.85 s
2026-06-23 14:41:12.690148: 
2026-06-23 14:41:12.690689: Epoch 127
2026-06-23 14:41:12.690990: Current learning rate: 0.00528
2026-06-23 14:41:57.612471: train_loss -0.3456
2026-06-23 14:41:57.612922: val_loss -0.1117
2026-06-23 14:41:57.613061: Pseudo dice [np.float32(0.5866)]
2026-06-23 14:41:57.613230: Epoch time: 44.93 s
2026-06-23 14:41:59.398852: 
2026-06-23 14:41:59.399375: Epoch 128
2026-06-23 14:41:59.399663: Current learning rate: 0.00524
2026-06-23 14:42:44.363732: train_loss -0.3404
2026-06-23 14:42:44.364199: val_loss -0.0512
2026-06-23 14:42:44.364344: Pseudo dice [np.float32(0.5692)]
2026-06-23 14:42:44.364520: Epoch time: 44.97 s
2026-06-23 14:42:46.146306: 
2026-06-23 14:42:46.146830: Epoch 129
2026-06-23 14:42:46.147023: Current learning rate: 0.0052
2026-06-23 14:43:31.111020: train_loss -0.3465
2026-06-23 14:43:31.111509: val_loss -0.1004
2026-06-23 14:43:31.111656: Pseudo dice [np.float32(0.6043)]
2026-06-23 14:43:31.111828: Epoch time: 44.97 s
2026-06-23 14:43:32.916652: 
2026-06-23 14:43:32.917138: Epoch 130
2026-06-23 14:43:32.917406: Current learning rate: 0.00517
2026-06-23 14:44:17.523686: train_loss -0.35
2026-06-23 14:44:17.524293: val_loss -0.0582
2026-06-23 14:44:17.524442: Pseudo dice [np.float32(0.5672)]
2026-06-23 14:44:17.524621: Epoch time: 44.61 s
2026-06-23 14:44:19.329494: 
2026-06-23 14:44:19.330015: Epoch 131
2026-06-23 14:44:19.330413: Current learning rate: 0.00513
2026-06-23 14:45:04.220664: train_loss -0.3464
2026-06-23 14:45:04.221341: val_loss -0.1326
2026-06-23 14:45:04.221491: Pseudo dice [np.float32(0.6028)]
2026-06-23 14:45:04.221657: Epoch time: 44.89 s
2026-06-23 14:45:06.431824: 
2026-06-23 14:45:06.432338: Epoch 132
2026-06-23 14:45:06.432611: Current learning rate: 0.00509
2026-06-23 14:45:51.186761: train_loss -0.3449
2026-06-23 14:45:51.187299: val_loss -0.1002
2026-06-23 14:45:51.187449: Pseudo dice [np.float32(0.5954)]
2026-06-23 14:45:51.187623: Epoch time: 44.76 s
2026-06-23 14:45:52.993080: 
2026-06-23 14:45:52.993664: Epoch 133
2026-06-23 14:45:52.993845: Current learning rate: 0.00505
2026-06-23 14:46:37.760571: train_loss -0.3439
2026-06-23 14:46:37.761248: val_loss -0.1128
2026-06-23 14:46:37.761403: Pseudo dice [np.float32(0.6041)]
2026-06-23 14:46:37.761580: Epoch time: 44.77 s
2026-06-23 14:46:39.578984: 
2026-06-23 14:46:39.579552: Epoch 134
2026-06-23 14:46:39.579863: Current learning rate: 0.00501
2026-06-23 14:47:24.457449: train_loss -0.3432
2026-06-23 14:47:24.458093: val_loss -0.1105
2026-06-23 14:47:24.458258: Pseudo dice [np.float32(0.5903)]
2026-06-23 14:47:24.458429: Epoch time: 44.88 s
2026-06-23 14:47:26.267379: 
2026-06-23 14:47:26.267847: Epoch 135
2026-06-23 14:47:26.268116: Current learning rate: 0.00497
2026-06-23 14:48:11.079798: train_loss -0.342
2026-06-23 14:48:11.080436: val_loss -0.1398
2026-06-23 14:48:11.080596: Pseudo dice [np.float32(0.6057)]
2026-06-23 14:48:11.080777: Epoch time: 44.82 s
2026-06-23 14:48:12.893520: 
2026-06-23 14:48:12.894038: Epoch 136
2026-06-23 14:48:12.894303: Current learning rate: 0.00493
2026-06-23 14:48:57.624232: train_loss -0.3495
2026-06-23 14:48:57.624765: val_loss -0.0822
2026-06-23 14:48:57.624952: Pseudo dice [np.float32(0.5972)]
2026-06-23 14:48:57.625129: Epoch time: 44.73 s
2026-06-23 14:48:59.428639: 
2026-06-23 14:48:59.429244: Epoch 137
2026-06-23 14:48:59.429539: Current learning rate: 0.00489
2026-06-23 14:49:44.344870: train_loss -0.3456
2026-06-23 14:49:44.345419: val_loss -0.106
2026-06-23 14:49:44.345578: Pseudo dice [np.float32(0.5845)]
2026-06-23 14:49:44.345762: Epoch time: 44.92 s
2026-06-23 14:49:46.142561: 
2026-06-23 14:49:46.143079: Epoch 138
2026-06-23 14:49:46.143275: Current learning rate: 0.00485
2026-06-23 14:50:31.156501: train_loss -0.3395
2026-06-23 14:50:31.157082: val_loss -0.1356
2026-06-23 14:50:31.157230: Pseudo dice [np.float32(0.6087)]
2026-06-23 14:50:31.157406: Epoch time: 45.02 s
2026-06-23 14:50:32.965935: 
2026-06-23 14:50:32.966311: Epoch 139
2026-06-23 14:50:32.966487: Current learning rate: 0.00482
2026-06-23 14:51:17.730952: train_loss -0.3453
2026-06-23 14:51:17.731525: val_loss -0.1444
2026-06-23 14:51:17.731691: Pseudo dice [np.float32(0.5965)]
2026-06-23 14:51:17.731874: Epoch time: 44.77 s
2026-06-23 14:51:19.991073: 
2026-06-23 14:51:19.991758: Epoch 140
2026-06-23 14:51:19.992088: Current learning rate: 0.00478
2026-06-23 14:52:04.800803: train_loss -0.3429
2026-06-23 14:52:04.801414: val_loss -0.0772
2026-06-23 14:52:04.801562: Pseudo dice [np.float32(0.5716)]
2026-06-23 14:52:04.801739: Epoch time: 44.81 s
2026-06-23 14:52:06.607555: 
2026-06-23 14:52:06.607968: Epoch 141
2026-06-23 14:52:06.608138: Current learning rate: 0.00474
2026-06-23 14:52:51.560295: train_loss -0.3373
2026-06-23 14:52:51.560878: val_loss -0.0452
2026-06-23 14:52:51.561046: Pseudo dice [np.float32(0.5724)]
2026-06-23 14:52:51.561230: Epoch time: 44.96 s
2026-06-23 14:52:53.372611: 
2026-06-23 14:52:53.373132: Epoch 142
2026-06-23 14:52:53.373417: Current learning rate: 0.0047
2026-06-23 14:53:38.183924: train_loss -0.3413
2026-06-23 14:53:38.184442: val_loss -0.0045
2026-06-23 14:53:38.184594: Pseudo dice [np.float32(0.5466)]
2026-06-23 14:53:38.185477: Epoch time: 44.81 s
2026-06-23 14:53:39.998093: 
2026-06-23 14:53:39.998650: Epoch 143
2026-06-23 14:53:39.998949: Current learning rate: 0.00466
2026-06-23 14:54:24.878019: train_loss -0.3369
2026-06-23 14:54:24.878599: val_loss -0.063
2026-06-23 14:54:24.878751: Pseudo dice [np.float32(0.5601)]
2026-06-23 14:54:24.878933: Epoch time: 44.88 s
2026-06-23 14:54:26.694542: 
2026-06-23 14:54:26.695088: Epoch 144
2026-06-23 14:54:26.695374: Current learning rate: 0.00462
2026-06-23 14:55:11.564960: train_loss -0.3459
2026-06-23 14:55:11.565501: val_loss -0.1209
2026-06-23 14:55:11.565651: Pseudo dice [np.float32(0.594)]
2026-06-23 14:55:11.565821: Epoch time: 44.87 s
2026-06-23 14:55:13.369520: 
2026-06-23 14:55:13.370118: Epoch 145
2026-06-23 14:55:13.370315: Current learning rate: 0.00458
2026-06-23 14:55:58.136377: train_loss -0.3374
2026-06-23 14:55:58.136899: val_loss -0.0603
2026-06-23 14:55:58.137045: Pseudo dice [np.float32(0.5667)]
2026-06-23 14:55:58.137228: Epoch time: 44.77 s
2026-06-23 14:55:59.943230: 
2026-06-23 14:55:59.943740: Epoch 146
2026-06-23 14:55:59.944009: Current learning rate: 0.00454
2026-06-23 14:56:44.870655: train_loss -0.3467
2026-06-23 14:56:44.871295: val_loss -0.0195
2026-06-23 14:56:44.871436: Pseudo dice [np.float32(0.5571)]
2026-06-23 14:56:44.871608: Epoch time: 44.93 s
2026-06-23 14:56:46.694480: 
2026-06-23 14:56:46.695074: Epoch 147
2026-06-23 14:56:46.695375: Current learning rate: 0.0045
2026-06-23 14:57:31.551473: train_loss -0.348
2026-06-23 14:57:31.551976: val_loss -0.1159
2026-06-23 14:57:31.552116: Pseudo dice [np.float32(0.5961)]
2026-06-23 14:57:31.552289: Epoch time: 44.86 s
2026-06-23 14:57:33.368453: 
2026-06-23 14:57:33.368986: Epoch 148
2026-06-23 14:57:33.369266: Current learning rate: 0.00446
2026-06-23 14:58:18.248180: train_loss -0.3416
2026-06-23 14:58:18.248602: val_loss -0.0977
2026-06-23 14:58:18.248742: Pseudo dice [np.float32(0.5986)]
2026-06-23 14:58:18.248936: Epoch time: 44.88 s
2026-06-23 14:58:20.565171: 
2026-06-23 14:58:20.565672: Epoch 149
2026-06-23 14:58:20.565857: Current learning rate: 0.00442
2026-06-23 14:59:05.409729: train_loss -0.3481
2026-06-23 14:59:05.410463: val_loss -0.079
2026-06-23 14:59:05.410611: Pseudo dice [np.float32(0.5784)]
2026-06-23 14:59:05.410794: Epoch time: 44.85 s
2026-06-23 14:59:07.750082: 
2026-06-23 14:59:07.750726: Epoch 150
2026-06-23 14:59:07.750919: Current learning rate: 0.00438
2026-06-23 14:59:52.631806: train_loss -0.3394
2026-06-23 14:59:52.632469: val_loss 0.0068
2026-06-23 14:59:52.632618: Pseudo dice [np.float32(0.538)]
2026-06-23 14:59:52.633027: Epoch time: 44.88 s
2026-06-23 14:59:54.460612: 
2026-06-23 14:59:54.461233: Epoch 151
2026-06-23 14:59:54.461522: Current learning rate: 0.00434
2026-06-23 15:00:39.247090: train_loss -0.3386
2026-06-23 15:00:39.247648: val_loss -0.0566
2026-06-23 15:00:39.247793: Pseudo dice [np.float32(0.5624)]
2026-06-23 15:00:39.247981: Epoch time: 44.79 s
2026-06-23 15:00:41.061388: 
2026-06-23 15:00:41.061924: Epoch 152
2026-06-23 15:00:41.062219: Current learning rate: 0.0043
2026-06-23 15:01:25.930627: train_loss -0.3524
2026-06-23 15:01:25.931234: val_loss -0.1004
2026-06-23 15:01:25.931387: Pseudo dice [np.float32(0.5977)]
2026-06-23 15:01:25.931574: Epoch time: 44.87 s
2026-06-23 15:01:27.738177: 
2026-06-23 15:01:27.738896: Epoch 153
2026-06-23 15:01:27.739192: Current learning rate: 0.00427
2026-06-23 15:02:12.564210: train_loss -0.3438
2026-06-23 15:02:12.564883: val_loss -0.0966
2026-06-23 15:02:12.565044: Pseudo dice [np.float32(0.5889)]
2026-06-23 15:02:12.565223: Epoch time: 44.83 s
2026-06-23 15:02:14.398669: 
2026-06-23 15:02:14.399192: Epoch 154
2026-06-23 15:02:14.399498: Current learning rate: 0.00423
2026-06-23 15:02:59.420328: train_loss -0.3436
2026-06-23 15:02:59.421012: val_loss -0.0536
2026-06-23 15:02:59.421160: Pseudo dice [np.float32(0.5731)]
2026-06-23 15:02:59.421330: Epoch time: 45.03 s
2026-06-23 15:03:01.273190: 
2026-06-23 15:03:01.273739: Epoch 155
2026-06-23 15:03:01.274029: Current learning rate: 0.00419
2026-06-23 15:03:46.112707: train_loss -0.3404
2026-06-23 15:03:46.113474: val_loss -0.0527
2026-06-23 15:03:46.113683: Pseudo dice [np.float32(0.5689)]
2026-06-23 15:03:46.113878: Epoch time: 44.84 s
2026-06-23 15:03:47.972543: 
2026-06-23 15:03:47.973011: Epoch 156
2026-06-23 15:03:47.973594: Current learning rate: 0.00415
2026-06-23 15:04:32.897085: train_loss -0.3381
2026-06-23 15:04:32.897810: val_loss -0.07
2026-06-23 15:04:32.897986: Pseudo dice [np.float32(0.569)]
2026-06-23 15:04:32.898165: Epoch time: 44.93 s
2026-06-23 15:04:35.197153: 
2026-06-23 15:04:35.197757: Epoch 157
2026-06-23 15:04:35.198172: Current learning rate: 0.00411
2026-06-23 15:05:20.057275: train_loss -0.3472
2026-06-23 15:05:20.057863: val_loss -0.057
2026-06-23 15:05:20.058031: Pseudo dice [np.float32(0.5678)]
2026-06-23 15:05:20.058213: Epoch time: 44.86 s
2026-06-23 15:05:21.898377: 
2026-06-23 15:05:21.899000: Epoch 158
2026-06-23 15:05:21.899328: Current learning rate: 0.00407
2026-06-23 15:06:06.759521: train_loss -0.3427
2026-06-23 15:06:06.760237: val_loss -0.1084
2026-06-23 15:06:06.760381: Pseudo dice [np.float32(0.5976)]
2026-06-23 15:06:06.760555: Epoch time: 44.86 s
2026-06-23 15:06:08.602047: 
2026-06-23 15:06:08.602595: Epoch 159
2026-06-23 15:06:08.602905: Current learning rate: 0.00403
2026-06-23 15:06:53.433711: train_loss -0.3417
2026-06-23 15:06:53.434329: val_loss -0.0416
2026-06-23 15:06:53.434628: Pseudo dice [np.float32(0.5688)]
2026-06-23 15:06:53.434963: Epoch time: 44.84 s
2026-06-23 15:06:55.305212: 
2026-06-23 15:06:55.305879: Epoch 160
2026-06-23 15:06:55.306220: Current learning rate: 0.00399
2026-06-23 15:07:40.029025: train_loss -0.3497
2026-06-23 15:07:40.029636: val_loss -0.058
2026-06-23 15:07:40.029784: Pseudo dice [np.float32(0.5738)]
2026-06-23 15:07:40.029976: Epoch time: 44.73 s
2026-06-23 15:07:41.856428: 
2026-06-23 15:07:41.856956: Epoch 161
2026-06-23 15:07:41.857188: Current learning rate: 0.00395
2026-06-23 15:08:26.712562: train_loss -0.3518
2026-06-23 15:08:26.713130: val_loss -0.0892
2026-06-23 15:08:26.713310: Pseudo dice [np.float32(0.5878)]
2026-06-23 15:08:26.713509: Epoch time: 44.86 s
2026-06-23 15:08:28.548580: 
2026-06-23 15:08:28.549043: Epoch 162
2026-06-23 15:08:28.549217: Current learning rate: 0.00391
2026-06-23 15:09:13.351971: train_loss -0.3452
2026-06-23 15:09:13.352680: val_loss -0.1011
2026-06-23 15:09:13.352834: Pseudo dice [np.float32(0.5876)]
2026-06-23 15:09:13.353016: Epoch time: 44.81 s
2026-06-23 15:09:15.195139: 
2026-06-23 15:09:15.195703: Epoch 163
2026-06-23 15:09:15.195904: Current learning rate: 0.00387
2026-06-23 15:09:59.868688: train_loss -0.3478
2026-06-23 15:09:59.869545: val_loss -0.0576
2026-06-23 15:09:59.869792: Pseudo dice [np.float32(0.5736)]
2026-06-23 15:09:59.870066: Epoch time: 44.68 s
2026-06-23 15:10:01.760942: 
2026-06-23 15:10:01.761431: Epoch 164
2026-06-23 15:10:01.761721: Current learning rate: 0.00383
2026-06-23 15:10:46.548718: train_loss -0.3493
2026-06-23 15:10:46.549218: val_loss -0.0533
2026-06-23 15:10:46.549362: Pseudo dice [np.float32(0.5646)]
2026-06-23 15:10:46.549540: Epoch time: 44.79 s
2026-06-23 15:10:48.827704: 
2026-06-23 15:10:48.828325: Epoch 165
2026-06-23 15:10:48.828614: Current learning rate: 0.00379
2026-06-23 15:11:33.623373: train_loss -0.3443
2026-06-23 15:11:33.624089: val_loss -0.0056
2026-06-23 15:11:33.624233: Pseudo dice [np.float32(0.5651)]
2026-06-23 15:11:33.624411: Epoch time: 44.8 s
2026-06-23 15:11:35.435568: 
2026-06-23 15:11:35.436174: Epoch 166
2026-06-23 15:11:35.436480: Current learning rate: 0.00375
2026-06-23 15:12:20.414694: train_loss -0.3402
2026-06-23 15:12:20.415225: val_loss -0.0936
2026-06-23 15:12:20.415374: Pseudo dice [np.float32(0.575)]
2026-06-23 15:12:20.415544: Epoch time: 44.98 s
2026-06-23 15:12:22.225119: 
2026-06-23 15:12:22.225769: Epoch 167
2026-06-23 15:12:22.226106: Current learning rate: 0.00371
2026-06-23 15:13:06.929855: train_loss -0.3439
2026-06-23 15:13:06.930585: val_loss -0.0009
2026-06-23 15:13:06.930732: Pseudo dice [np.float32(0.5463)]
2026-06-23 15:13:06.930916: Epoch time: 44.71 s
2026-06-23 15:13:08.791186: 
2026-06-23 15:13:08.791715: Epoch 168
2026-06-23 15:13:08.791915: Current learning rate: 0.00367
2026-06-23 15:13:53.692190: train_loss -0.3476
2026-06-23 15:13:53.692881: val_loss -0.1293
2026-06-23 15:13:53.693037: Pseudo dice [np.float32(0.6076)]
2026-06-23 15:13:53.693207: Epoch time: 44.9 s
2026-06-23 15:13:55.520446: 
2026-06-23 15:13:55.521026: Epoch 169
2026-06-23 15:13:55.521229: Current learning rate: 0.00363
2026-06-23 15:14:40.341887: train_loss -0.3433
2026-06-23 15:14:40.342366: val_loss -0.0468
2026-06-23 15:14:40.342509: Pseudo dice [np.float32(0.5608)]
2026-06-23 15:14:40.342686: Epoch time: 44.82 s
2026-06-23 15:14:42.179111: 
2026-06-23 15:14:42.179650: Epoch 170
2026-06-23 15:14:42.179950: Current learning rate: 0.00359
2026-06-23 15:15:27.038856: train_loss -0.3459
2026-06-23 15:15:27.039432: val_loss -0.0128
2026-06-23 15:15:27.039633: Pseudo dice [np.float32(0.5364)]
2026-06-23 15:15:27.039814: Epoch time: 44.86 s
2026-06-23 15:15:28.869248: 
2026-06-23 15:15:28.869785: Epoch 171
2026-06-23 15:15:28.870076: Current learning rate: 0.00355
2026-06-23 15:16:13.688908: train_loss -0.3482
2026-06-23 15:16:13.689488: val_loss -0.0505
2026-06-23 15:16:13.689654: Pseudo dice [np.float32(0.5671)]
2026-06-23 15:16:13.689827: Epoch time: 44.82 s
2026-06-23 15:16:15.527119: 
2026-06-23 15:16:15.527592: Epoch 172
2026-06-23 15:16:15.527788: Current learning rate: 0.00351
2026-06-23 15:17:00.396111: train_loss -0.346
2026-06-23 15:17:00.396638: val_loss -0.0434
2026-06-23 15:17:00.396783: Pseudo dice [np.float32(0.567)]
2026-06-23 15:17:00.396953: Epoch time: 44.87 s
2026-06-23 15:17:02.241501: 
2026-06-23 15:17:02.242064: Epoch 173
2026-06-23 15:17:02.242352: Current learning rate: 0.00346
2026-06-23 15:17:47.131219: train_loss -0.3474
2026-06-23 15:17:47.131737: val_loss -0.0378
2026-06-23 15:17:47.131888: Pseudo dice [np.float32(0.5543)]
2026-06-23 15:17:47.132055: Epoch time: 44.89 s
2026-06-23 15:17:49.429868: 
2026-06-23 15:17:49.430440: Epoch 174
2026-06-23 15:17:49.430631: Current learning rate: 0.00342
2026-06-23 15:18:34.286061: train_loss -0.3498
2026-06-23 15:18:34.286627: val_loss -0.0467
2026-06-23 15:18:34.286780: Pseudo dice [np.float32(0.5669)]
2026-06-23 15:18:34.286969: Epoch time: 44.86 s
2026-06-23 15:18:36.121156: 
2026-06-23 15:18:36.121759: Epoch 175
2026-06-23 15:18:36.122110: Current learning rate: 0.00338
2026-06-23 15:19:20.980370: train_loss -0.3451
2026-06-23 15:19:20.980869: val_loss -0.054
2026-06-23 15:19:20.981010: Pseudo dice [np.float32(0.5627)]
2026-06-23 15:19:20.981188: Epoch time: 44.86 s
2026-06-23 15:19:22.822524: 
2026-06-23 15:19:22.823055: Epoch 176
2026-06-23 15:19:22.823242: Current learning rate: 0.00334
2026-06-23 15:20:07.634796: train_loss -0.3434
2026-06-23 15:20:07.635393: val_loss -0.0551
2026-06-23 15:20:07.635547: Pseudo dice [np.float32(0.5744)]
2026-06-23 15:20:07.635725: Epoch time: 44.82 s
2026-06-23 15:20:09.469772: 
2026-06-23 15:20:09.470238: Epoch 177
2026-06-23 15:20:09.470428: Current learning rate: 0.0033
2026-06-23 15:20:54.288069: train_loss -0.3518
2026-06-23 15:20:54.288746: val_loss -0.0843
2026-06-23 15:20:54.288910: Pseudo dice [np.float32(0.5812)]
2026-06-23 15:20:54.289089: Epoch time: 44.82 s
2026-06-23 15:20:56.125836: 
2026-06-23 15:20:56.126490: Epoch 178
2026-06-23 15:20:56.126786: Current learning rate: 0.00326
2026-06-23 15:21:40.860918: train_loss -0.3471
2026-06-23 15:21:40.861398: val_loss -0.0773
2026-06-23 15:21:40.861545: Pseudo dice [np.float32(0.5861)]
2026-06-23 15:21:40.861718: Epoch time: 44.74 s
2026-06-23 15:21:42.726434: 
2026-06-23 15:21:42.726895: Epoch 179
2026-06-23 15:21:42.727224: Current learning rate: 0.00322
2026-06-23 15:22:27.548702: train_loss -0.3524
2026-06-23 15:22:27.549391: val_loss -0.0285
2026-06-23 15:22:27.549562: Pseudo dice [np.float32(0.5478)]
2026-06-23 15:22:27.549747: Epoch time: 44.83 s
2026-06-23 15:22:29.395200: 
2026-06-23 15:22:29.395805: Epoch 180
2026-06-23 15:22:29.396028: Current learning rate: 0.00318
2026-06-23 15:23:14.098396: train_loss -0.3499
2026-06-23 15:23:14.098995: val_loss -0.0734
2026-06-23 15:23:14.099139: Pseudo dice [np.float32(0.5769)]
2026-06-23 15:23:14.099312: Epoch time: 44.71 s
2026-06-23 15:23:15.937194: 
2026-06-23 15:23:15.937728: Epoch 181
2026-06-23 15:23:15.938036: Current learning rate: 0.00314
2026-06-23 15:24:00.701274: train_loss -0.3446
2026-06-23 15:24:00.701860: val_loss -0.0481
2026-06-23 15:24:00.702010: Pseudo dice [np.float32(0.5709)]
2026-06-23 15:24:00.702186: Epoch time: 44.77 s
2026-06-23 15:24:03.004917: 
2026-06-23 15:24:03.005436: Epoch 182
2026-06-23 15:24:03.005717: Current learning rate: 0.0031
2026-06-23 15:24:47.788373: train_loss -0.3436
2026-06-23 15:24:47.789019: val_loss -0.0418
2026-06-23 15:24:47.789176: Pseudo dice [np.float32(0.5613)]
2026-06-23 15:24:47.789356: Epoch time: 44.79 s
2026-06-23 15:24:49.633285: 
2026-06-23 15:24:49.633894: Epoch 183
2026-06-23 15:24:49.634190: Current learning rate: 0.00306
2026-06-23 15:25:34.489841: train_loss -0.3427
2026-06-23 15:25:34.490324: val_loss -0.0888
2026-06-23 15:25:34.490468: Pseudo dice [np.float32(0.5941)]
2026-06-23 15:25:34.490640: Epoch time: 44.86 s
2026-06-23 15:25:36.331555: 
2026-06-23 15:25:36.332136: Epoch 184
2026-06-23 15:25:36.332341: Current learning rate: 0.00302
2026-06-23 15:26:21.134953: train_loss -0.3524
2026-06-23 15:26:21.135589: val_loss -0.0497
2026-06-23 15:26:21.135732: Pseudo dice [np.float32(0.5757)]
2026-06-23 15:26:21.135912: Epoch time: 44.81 s
2026-06-23 15:26:22.963792: 
2026-06-23 15:26:22.964180: Epoch 185
2026-06-23 15:26:22.964385: Current learning rate: 0.00297
2026-06-23 15:27:07.796812: train_loss -0.36
2026-06-23 15:27:07.797403: val_loss -0.049
2026-06-23 15:27:07.797554: Pseudo dice [np.float32(0.5741)]
2026-06-23 15:27:07.797729: Epoch time: 44.84 s
2026-06-23 15:27:09.642093: 
2026-06-23 15:27:09.642550: Epoch 186
2026-06-23 15:27:09.642755: Current learning rate: 0.00293
2026-06-23 15:27:54.455773: train_loss -0.3551
2026-06-23 15:27:54.456252: val_loss -0.0583
2026-06-23 15:27:54.456392: Pseudo dice [np.float32(0.5691)]
2026-06-23 15:27:54.458210: Epoch time: 44.82 s
2026-06-23 15:27:56.295341: 
2026-06-23 15:27:56.295863: Epoch 187
2026-06-23 15:27:56.296160: Current learning rate: 0.00289
2026-06-23 15:28:41.135639: train_loss -0.344
2026-06-23 15:28:41.136122: val_loss -0.0723
2026-06-23 15:28:41.136279: Pseudo dice [np.float32(0.5772)]
2026-06-23 15:28:41.136451: Epoch time: 44.84 s
2026-06-23 15:28:42.985582: 
2026-06-23 15:28:42.986106: Epoch 188
2026-06-23 15:28:42.986371: Current learning rate: 0.00285
2026-06-23 15:29:27.867363: train_loss -0.3469
2026-06-23 15:29:27.867986: val_loss -0.0973
2026-06-23 15:29:27.868142: Pseudo dice [np.float32(0.5986)]
2026-06-23 15:29:27.868318: Epoch time: 44.89 s
2026-06-23 15:29:29.732122: 
2026-06-23 15:29:29.732666: Epoch 189
2026-06-23 15:29:29.733013: Current learning rate: 0.00281
2026-06-23 15:30:14.645599: train_loss -0.3439
2026-06-23 15:30:14.646132: val_loss -0.1248
2026-06-23 15:30:14.646287: Pseudo dice [np.float32(0.6)]
2026-06-23 15:30:14.646456: Epoch time: 44.92 s
2026-06-23 15:30:16.480507: 
2026-06-23 15:30:16.481128: Epoch 190
2026-06-23 15:30:16.481473: Current learning rate: 0.00277
2026-06-23 15:31:01.472316: train_loss -0.3531
2026-06-23 15:31:01.472884: val_loss -0.0517
2026-06-23 15:31:01.473058: Pseudo dice [np.float32(0.5641)]
2026-06-23 15:31:01.473238: Epoch time: 45.0 s
2026-06-23 15:31:03.828462: 
2026-06-23 15:31:03.829212: Epoch 191
2026-06-23 15:31:03.829451: Current learning rate: 0.00273
2026-06-23 15:31:48.700335: train_loss -0.353
2026-06-23 15:31:48.700818: val_loss -0.0686
2026-06-23 15:31:48.701205: Pseudo dice [np.float32(0.5735)]
2026-06-23 15:31:48.701407: Epoch time: 44.88 s
2026-06-23 15:31:50.556384: 
2026-06-23 15:31:50.556810: Epoch 192
2026-06-23 15:31:50.556995: Current learning rate: 0.00268
2026-06-23 15:32:35.449981: train_loss -0.3548
2026-06-23 15:32:35.450570: val_loss -0.0611
2026-06-23 15:32:35.450733: Pseudo dice [np.float32(0.5668)]
2026-06-23 15:32:35.450919: Epoch time: 44.9 s
2026-06-23 15:32:37.306548: 
2026-06-23 15:32:37.307038: Epoch 193
2026-06-23 15:32:37.307220: Current learning rate: 0.00264
2026-06-23 15:33:22.221358: train_loss -0.3488
2026-06-23 15:33:22.221908: val_loss -0.0373
2026-06-23 15:33:22.222053: Pseudo dice [np.float32(0.5694)]
2026-06-23 15:33:22.222231: Epoch time: 44.92 s
2026-06-23 15:33:24.076903: 
2026-06-23 15:33:24.077353: Epoch 194
2026-06-23 15:33:24.077547: Current learning rate: 0.0026
2026-06-23 15:34:08.909619: train_loss -0.3494
2026-06-23 15:34:08.910193: val_loss -0.0125
2026-06-23 15:34:08.910350: Pseudo dice [np.float32(0.5581)]
2026-06-23 15:34:08.910541: Epoch time: 44.84 s
2026-06-23 15:34:10.758229: 
2026-06-23 15:34:10.758661: Epoch 195
2026-06-23 15:34:10.758893: Current learning rate: 0.00256
2026-06-23 15:34:55.694433: train_loss -0.3476
2026-06-23 15:34:55.695050: val_loss -0.0414
2026-06-23 15:34:55.695218: Pseudo dice [np.float32(0.5596)]
2026-06-23 15:34:55.695397: Epoch time: 44.94 s
2026-06-23 15:34:57.543176: 
2026-06-23 15:34:57.543557: Epoch 196
2026-06-23 15:34:57.543862: Current learning rate: 0.00252
2026-06-23 15:35:42.205527: train_loss -0.3508
2026-06-23 15:35:42.206256: val_loss -0.0718
2026-06-23 15:35:42.206425: Pseudo dice [np.float32(0.5738)]
2026-06-23 15:35:42.206609: Epoch time: 44.67 s
2026-06-23 15:35:44.061041: 
2026-06-23 15:35:44.061550: Epoch 197
2026-06-23 15:35:44.061865: Current learning rate: 0.00248
2026-06-23 15:36:28.813271: train_loss -0.342
2026-06-23 15:36:28.813820: val_loss -0.0886
2026-06-23 15:36:28.813979: Pseudo dice [np.float32(0.5769)]
2026-06-23 15:36:28.814145: Epoch time: 44.76 s
2026-06-23 15:36:30.661924: 
2026-06-23 15:36:30.662451: Epoch 198
2026-06-23 15:36:30.662753: Current learning rate: 0.00243
2026-06-23 15:37:15.538528: train_loss -0.349
2026-06-23 15:37:15.539027: val_loss -0.0563
2026-06-23 15:37:15.539176: Pseudo dice [np.float32(0.5703)]
2026-06-23 15:37:15.539351: Epoch time: 44.88 s
2026-06-23 15:37:17.831841: 
2026-06-23 15:37:17.832414: Epoch 199
2026-06-23 15:37:17.832669: Current learning rate: 0.00239
2026-06-23 15:38:02.784178: train_loss -0.3475
2026-06-23 15:38:02.784663: val_loss -0.0654
2026-06-23 15:38:02.784809: Pseudo dice [np.float32(0.573)]
2026-06-23 15:38:02.784996: Epoch time: 44.96 s
2026-06-23 15:38:05.161459: 
2026-06-23 15:38:05.161779: Epoch 200
2026-06-23 15:38:05.161974: Current learning rate: 0.00235
2026-06-23 15:38:50.082535: train_loss -0.35
2026-06-23 15:38:50.082982: val_loss -0.077
2026-06-23 15:38:50.083132: Pseudo dice [np.float32(0.5929)]
2026-06-23 15:38:50.083303: Epoch time: 44.92 s
2026-06-23 15:38:51.945381: 
2026-06-23 15:38:51.945963: Epoch 201
2026-06-23 15:38:51.946160: Current learning rate: 0.00231
2026-06-23 15:39:36.784141: train_loss -0.3527
2026-06-23 15:39:36.784724: val_loss -0.0005
2026-06-23 15:39:36.784877: Pseudo dice [np.float32(0.5495)]
2026-06-23 15:39:36.785055: Epoch time: 44.84 s
2026-06-23 15:39:38.641048: 
2026-06-23 15:39:38.641587: Epoch 202
2026-06-23 15:39:38.641794: Current learning rate: 0.00226
2026-06-23 15:40:23.358602: train_loss -0.3481
2026-06-23 15:40:23.359149: val_loss -0.0494
2026-06-23 15:40:23.359295: Pseudo dice [np.float32(0.5736)]
2026-06-23 15:40:23.359463: Epoch time: 44.72 s
2026-06-23 15:40:25.214145: 
2026-06-23 15:40:25.214817: Epoch 203
2026-06-23 15:40:25.215119: Current learning rate: 0.00222
2026-06-23 15:41:10.041583: train_loss -0.3491
2026-06-23 15:41:10.042125: val_loss -0.0648
2026-06-23 15:41:10.042268: Pseudo dice [np.float32(0.5777)]
2026-06-23 15:41:10.042440: Epoch time: 44.83 s
2026-06-23 15:41:11.911094: 
2026-06-23 15:41:11.911607: Epoch 204
2026-06-23 15:41:11.911904: Current learning rate: 0.00218
2026-06-23 15:41:56.824096: train_loss -0.3452
2026-06-23 15:41:56.824635: val_loss -0.0358
2026-06-23 15:41:56.824788: Pseudo dice [np.float32(0.5686)]
2026-06-23 15:41:56.824971: Epoch time: 44.92 s
2026-06-23 15:41:58.683923: 
2026-06-23 15:41:58.684400: Epoch 205
2026-06-23 15:41:58.684605: Current learning rate: 0.00214
2026-06-23 15:42:43.597948: train_loss -0.3464
2026-06-23 15:42:43.598502: val_loss -0.0632
2026-06-23 15:42:43.598650: Pseudo dice [np.float32(0.5754)]
2026-06-23 15:42:43.598823: Epoch time: 44.92 s
2026-06-23 15:42:45.432315: 
2026-06-23 15:42:45.432738: Epoch 206
2026-06-23 15:42:45.432927: Current learning rate: 0.00209
2026-06-23 15:43:30.448081: train_loss -0.3452
2026-06-23 15:43:30.448622: val_loss -0.0915
2026-06-23 15:43:30.448767: Pseudo dice [np.float32(0.5962)]
2026-06-23 15:43:30.448952: Epoch time: 45.02 s
2026-06-23 15:43:32.769442: 
2026-06-23 15:43:32.770015: Epoch 207
2026-06-23 15:43:32.770302: Current learning rate: 0.00205
2026-06-23 15:44:17.627500: train_loss -0.3508
2026-06-23 15:44:17.628095: val_loss -0.0487
2026-06-23 15:44:17.628267: Pseudo dice [np.float32(0.5764)]
2026-06-23 15:44:17.628448: Epoch time: 44.86 s
2026-06-23 15:44:19.444040: 
2026-06-23 15:44:19.444511: Epoch 208
2026-06-23 15:44:19.444711: Current learning rate: 0.00201
2026-06-23 15:45:04.242222: train_loss -0.3514
2026-06-23 15:45:04.242898: val_loss -0.0397
2026-06-23 15:45:04.243045: Pseudo dice [np.float32(0.5703)]
2026-06-23 15:45:04.243222: Epoch time: 44.8 s
2026-06-23 15:45:06.042202: 
2026-06-23 15:45:06.042763: Epoch 209
2026-06-23 15:45:06.043156: Current learning rate: 0.00196
2026-06-23 15:45:50.785836: train_loss -0.3513
2026-06-23 15:45:50.786442: val_loss -0.089
2026-06-23 15:45:50.786589: Pseudo dice [np.float32(0.5889)]
2026-06-23 15:45:50.786767: Epoch time: 44.75 s
2026-06-23 15:45:52.588187: 
2026-06-23 15:45:52.588865: Epoch 210
2026-06-23 15:45:52.589158: Current learning rate: 0.00192
2026-06-23 15:46:37.623140: train_loss -0.3508
2026-06-23 15:46:37.623581: val_loss -0.0683
2026-06-23 15:46:37.623810: Pseudo dice [np.float32(0.5846)]
2026-06-23 15:46:37.624068: Epoch time: 45.04 s
2026-06-23 15:46:39.430914: 
2026-06-23 15:46:39.431592: Epoch 211
2026-06-23 15:46:39.431938: Current learning rate: 0.00188
2026-06-23 15:47:24.429121: train_loss -0.3542
2026-06-23 15:47:24.429818: val_loss -0.1045
2026-06-23 15:47:24.429986: Pseudo dice [np.float32(0.5945)]
2026-06-23 15:47:24.430168: Epoch time: 45.0 s
2026-06-23 15:47:26.244537: 
2026-06-23 15:47:26.245061: Epoch 212
2026-06-23 15:47:26.245382: Current learning rate: 0.00184
2026-06-23 15:48:11.154928: train_loss -0.3468
2026-06-23 15:48:11.155535: val_loss -0.0616
2026-06-23 15:48:11.155679: Pseudo dice [np.float32(0.5768)]
2026-06-23 15:48:11.155873: Epoch time: 44.91 s
2026-06-23 15:48:12.978647: 
2026-06-23 15:48:12.979191: Epoch 213
2026-06-23 15:48:12.979406: Current learning rate: 0.00179
2026-06-23 15:48:57.733700: train_loss -0.3519
2026-06-23 15:48:57.734188: val_loss -0.0485
2026-06-23 15:48:57.734333: Pseudo dice [np.float32(0.5751)]
2026-06-23 15:48:57.734505: Epoch time: 44.76 s
2026-06-23 15:48:59.539831: 
2026-06-23 15:48:59.540278: Epoch 214
2026-06-23 15:48:59.540468: Current learning rate: 0.00175
2026-06-23 15:49:44.448276: train_loss -0.3551
2026-06-23 15:49:44.448810: val_loss -0.1034
2026-06-23 15:49:44.448971: Pseudo dice [np.float32(0.595)]
2026-06-23 15:49:44.449142: Epoch time: 44.91 s
2026-06-23 15:49:46.237103: 
2026-06-23 15:49:46.237483: Epoch 215
2026-06-23 15:49:46.237700: Current learning rate: 0.0017
2026-06-23 15:50:31.048552: train_loss -0.3556
2026-06-23 15:50:31.049134: val_loss -0.041
2026-06-23 15:50:31.049281: Pseudo dice [np.float32(0.5714)]
2026-06-23 15:50:31.049452: Epoch time: 44.81 s
2026-06-23 15:50:33.264644: 
2026-06-23 15:50:33.265214: Epoch 216
2026-06-23 15:50:33.265419: Current learning rate: 0.00166
2026-06-23 15:51:18.034702: train_loss -0.3529
2026-06-23 15:51:18.035374: val_loss -0.0811
2026-06-23 15:51:18.035546: Pseudo dice [np.float32(0.5808)]
2026-06-23 15:51:18.035721: Epoch time: 44.77 s
2026-06-23 15:51:20.207922: 
2026-06-23 15:51:20.208426: Epoch 217
2026-06-23 15:51:20.208736: Current learning rate: 0.00162
2026-06-23 15:52:05.048025: train_loss -0.3507
2026-06-23 15:52:05.048550: val_loss -0.0964
2026-06-23 15:52:05.048698: Pseudo dice [np.float32(0.5949)]
2026-06-23 15:52:05.048883: Epoch time: 44.84 s
2026-06-23 15:52:06.838710: 
2026-06-23 15:52:06.840182: Epoch 218
2026-06-23 15:52:06.840594: Current learning rate: 0.00157
2026-06-23 15:52:51.613869: train_loss -0.3473
2026-06-23 15:52:51.614329: val_loss 0.0035
2026-06-23 15:52:51.614475: Pseudo dice [np.float32(0.546)]
2026-06-23 15:52:51.614645: Epoch time: 44.78 s
2026-06-23 15:52:53.398802: 
2026-06-23 15:52:53.399426: Epoch 219
2026-06-23 15:52:53.399615: Current learning rate: 0.00153
2026-06-23 15:53:38.151898: train_loss -0.3506
2026-06-23 15:53:38.152391: val_loss -0.0385
2026-06-23 15:53:38.152541: Pseudo dice [np.float32(0.5601)]
2026-06-23 15:53:38.152722: Epoch time: 44.76 s
2026-06-23 15:53:39.929680: 
2026-06-23 15:53:39.930128: Epoch 220
2026-06-23 15:53:39.930302: Current learning rate: 0.00148
2026-06-23 15:54:24.826587: train_loss -0.3472
2026-06-23 15:54:24.827100: val_loss -0.0696
2026-06-23 15:54:24.827241: Pseudo dice [np.float32(0.5814)]
2026-06-23 15:54:24.827409: Epoch time: 44.9 s
2026-06-23 15:54:26.617658: 
2026-06-23 15:54:26.618224: Epoch 221
2026-06-23 15:54:26.618548: Current learning rate: 0.00144
2026-06-23 15:55:11.385379: train_loss -0.3519
2026-06-23 15:55:11.385802: val_loss -0.0355
2026-06-23 15:55:11.385955: Pseudo dice [np.float32(0.5645)]
2026-06-23 15:55:11.386129: Epoch time: 44.77 s
2026-06-23 15:55:13.185406: 
2026-06-23 15:55:13.186095: Epoch 222
2026-06-23 15:55:13.186397: Current learning rate: 0.00139
2026-06-23 15:55:57.882213: train_loss -0.3493
2026-06-23 15:55:57.882716: val_loss -0.0797
2026-06-23 15:55:57.882875: Pseudo dice [np.float32(0.573)]
2026-06-23 15:55:57.883048: Epoch time: 44.7 s
2026-06-23 15:55:59.668578: 
2026-06-23 15:55:59.669020: Epoch 223
2026-06-23 15:55:59.669205: Current learning rate: 0.00135
2026-06-23 15:56:44.629272: train_loss -0.3535
2026-06-23 15:56:44.629828: val_loss -0.0457
2026-06-23 15:56:44.630000: Pseudo dice [np.float32(0.5612)]
2026-06-23 15:56:44.630175: Epoch time: 44.96 s
2026-06-23 15:56:46.412058: 
2026-06-23 15:56:46.412448: Epoch 224
2026-06-23 15:56:46.412722: Current learning rate: 0.0013
2026-06-23 15:57:31.292950: train_loss -0.3524
2026-06-23 15:57:31.294206: val_loss 0.0158
2026-06-23 15:57:31.294385: Pseudo dice [np.float32(0.5469)]
2026-06-23 15:57:31.294559: Epoch time: 44.88 s
2026-06-23 15:57:33.073225: 
2026-06-23 15:57:33.073698: Epoch 225
2026-06-23 15:57:33.073888: Current learning rate: 0.00126
2026-06-23 15:58:18.228234: train_loss -0.3475
2026-06-23 15:58:18.228878: val_loss -0.0349
2026-06-23 15:58:18.229024: Pseudo dice [np.float32(0.5665)]
2026-06-23 15:58:18.229190: Epoch time: 45.16 s
2026-06-23 15:58:20.017395: 
2026-06-23 15:58:20.017946: Epoch 226
2026-06-23 15:58:20.018147: Current learning rate: 0.00121
2026-06-23 15:59:04.720278: train_loss -0.3516
2026-06-23 15:59:04.720935: val_loss -0.0966
2026-06-23 15:59:04.721090: Pseudo dice [np.float32(0.5942)]
2026-06-23 15:59:04.721266: Epoch time: 44.71 s
2026-06-23 15:59:06.502648: 
2026-06-23 15:59:06.503255: Epoch 227
2026-06-23 15:59:06.503555: Current learning rate: 0.00117
2026-06-23 15:59:51.430602: train_loss -0.3497
2026-06-23 15:59:51.431212: val_loss -0.0648
2026-06-23 15:59:51.431358: Pseudo dice [np.float32(0.5778)]
2026-06-23 15:59:51.431531: Epoch time: 44.93 s
2026-06-23 15:59:53.226840: 
2026-06-23 15:59:53.227374: Epoch 228
2026-06-23 15:59:53.227655: Current learning rate: 0.00112
2026-06-23 16:00:38.044795: train_loss -0.3541
2026-06-23 16:00:38.045282: val_loss -0.0319
2026-06-23 16:00:38.045433: Pseudo dice [np.float32(0.5689)]
2026-06-23 16:00:38.045603: Epoch time: 44.82 s
2026-06-23 16:00:39.828264: 
2026-06-23 16:00:39.828763: Epoch 229
2026-06-23 16:00:39.829037: Current learning rate: 0.00108
2026-06-23 16:01:24.618164: train_loss -0.3593
2026-06-23 16:01:24.618714: val_loss -0.0762
2026-06-23 16:01:24.618892: Pseudo dice [np.float32(0.5752)]
2026-06-23 16:01:24.619075: Epoch time: 44.79 s
2026-06-23 16:01:26.399073: 
2026-06-23 16:01:26.399568: Epoch 230
2026-06-23 16:01:26.399755: Current learning rate: 0.00103
2026-06-23 16:02:11.261955: train_loss -0.3593
2026-06-23 16:02:11.262557: val_loss -0.0548
2026-06-23 16:02:11.262706: Pseudo dice [np.float32(0.5695)]
2026-06-23 16:02:11.262888: Epoch time: 44.87 s
2026-06-23 16:02:13.041387: 
2026-06-23 16:02:13.041795: Epoch 231
2026-06-23 16:02:13.042003: Current learning rate: 0.00098
2026-06-23 16:02:57.850805: train_loss -0.3605
2026-06-23 16:02:57.851328: val_loss -0.059
2026-06-23 16:02:57.851473: Pseudo dice [np.float32(0.5738)]
2026-06-23 16:02:57.851653: Epoch time: 44.81 s
2026-06-23 16:02:59.632300: 
2026-06-23 16:02:59.632829: Epoch 232
2026-06-23 16:02:59.633138: Current learning rate: 0.00094
2026-06-23 16:03:44.515893: train_loss -0.3606
2026-06-23 16:03:44.516338: val_loss -0.0456
2026-06-23 16:03:44.516483: Pseudo dice [np.float32(0.5815)]
2026-06-23 16:03:44.516653: Epoch time: 44.89 s
2026-06-23 16:03:46.300642: 
2026-06-23 16:03:46.301112: Epoch 233
2026-06-23 16:03:46.301294: Current learning rate: 0.00089
2026-06-23 16:04:31.169085: train_loss -0.3614
2026-06-23 16:04:31.169556: val_loss -0.0212
2026-06-23 16:04:31.169757: Pseudo dice [np.float32(0.5618)]
2026-06-23 16:04:31.169938: Epoch time: 44.87 s
2026-06-23 16:04:32.959433: 
2026-06-23 16:04:32.959859: Epoch 234
2026-06-23 16:04:32.960038: Current learning rate: 0.00084
2026-06-23 16:05:17.979511: train_loss -0.3579
2026-06-23 16:05:17.980080: val_loss -0.0439
2026-06-23 16:05:17.980244: Pseudo dice [np.float32(0.5669)]
2026-06-23 16:05:17.980427: Epoch time: 45.02 s
2026-06-23 16:05:20.213878: 
2026-06-23 16:05:20.214479: Epoch 235
2026-06-23 16:05:20.214669: Current learning rate: 0.00079
2026-06-23 16:06:05.092772: train_loss -0.364
2026-06-23 16:06:05.093439: val_loss -0.0896
2026-06-23 16:06:05.093588: Pseudo dice [np.float32(0.5897)]
2026-06-23 16:06:05.093761: Epoch time: 44.88 s
2026-06-23 16:06:06.872343: 
2026-06-23 16:06:06.872865: Epoch 236
2026-06-23 16:06:06.873161: Current learning rate: 0.00075
2026-06-23 16:06:51.726165: train_loss -0.364
2026-06-23 16:06:51.726686: val_loss -0.0504
2026-06-23 16:06:51.726832: Pseudo dice [np.float32(0.5585)]
2026-06-23 16:06:51.727018: Epoch time: 44.86 s
2026-06-23 16:06:53.508097: 
2026-06-23 16:06:53.508676: Epoch 237
2026-06-23 16:06:53.508871: Current learning rate: 0.0007
2026-06-23 16:07:38.327839: train_loss -0.3619
2026-06-23 16:07:38.328345: val_loss -0.0024
2026-06-23 16:07:38.328489: Pseudo dice [np.float32(0.5412)]
2026-06-23 16:07:38.328674: Epoch time: 44.82 s
2026-06-23 16:07:40.113726: 
2026-06-23 16:07:40.114264: Epoch 238
2026-06-23 16:07:40.114562: Current learning rate: 0.00065
2026-06-23 16:08:24.968016: train_loss -0.3649
2026-06-23 16:08:24.968596: val_loss -0.0844
2026-06-23 16:08:24.968739: Pseudo dice [np.float32(0.5864)]
2026-06-23 16:08:24.968928: Epoch time: 44.86 s
2026-06-23 16:08:26.755931: 
2026-06-23 16:08:26.756451: Epoch 239
2026-06-23 16:08:26.756713: Current learning rate: 0.0006
2026-06-23 16:09:11.560200: train_loss -0.3706
2026-06-23 16:09:11.560758: val_loss -0.0405
2026-06-23 16:09:11.560914: Pseudo dice [np.float32(0.5759)]
2026-06-23 16:09:11.561090: Epoch time: 44.81 s
2026-06-23 16:09:13.359655: 
2026-06-23 16:09:13.360259: Epoch 240
2026-06-23 16:09:13.360533: Current learning rate: 0.00055
2026-06-23 16:09:58.232506: train_loss -0.3728
2026-06-23 16:09:58.233027: val_loss -0.0729
2026-06-23 16:09:58.233168: Pseudo dice [np.float32(0.5837)]
2026-06-23 16:09:58.233334: Epoch time: 44.88 s
2026-06-23 16:10:00.008225: 
2026-06-23 16:10:00.008753: Epoch 241
2026-06-23 16:10:00.009033: Current learning rate: 0.0005
2026-06-23 16:10:44.910338: train_loss -0.3673
2026-06-23 16:10:44.910854: val_loss -0.0555
2026-06-23 16:10:44.911006: Pseudo dice [np.float32(0.5748)]
2026-06-23 16:10:44.911182: Epoch time: 44.91 s
2026-06-23 16:10:46.677895: 
2026-06-23 16:10:46.678462: Epoch 242
2026-06-23 16:10:46.678766: Current learning rate: 0.00045
2026-06-23 16:11:31.520645: train_loss -0.3764
2026-06-23 16:11:31.521199: val_loss -0.0535
2026-06-23 16:11:31.521352: Pseudo dice [np.float32(0.5784)]
2026-06-23 16:11:31.521528: Epoch time: 44.85 s
2026-06-23 16:11:33.283912: 
2026-06-23 16:11:33.284398: Epoch 243
2026-06-23 16:11:33.284925: Current learning rate: 0.0004
2026-06-23 16:12:18.051203: train_loss -0.3748
2026-06-23 16:12:18.051806: val_loss -0.0807
2026-06-23 16:12:18.051970: Pseudo dice [np.float32(0.5891)]
2026-06-23 16:12:18.052145: Epoch time: 44.77 s
2026-06-23 16:12:20.260211: 
2026-06-23 16:12:20.260768: Epoch 244
2026-06-23 16:12:20.261109: Current learning rate: 0.00035
2026-06-23 16:13:05.017889: train_loss -0.3735
2026-06-23 16:13:05.018395: val_loss -0.0574
2026-06-23 16:13:05.018561: Pseudo dice [np.float32(0.5727)]
2026-06-23 16:13:05.018728: Epoch time: 44.76 s
2026-06-23 16:13:06.784059: 
2026-06-23 16:13:06.784620: Epoch 245
2026-06-23 16:13:06.784944: Current learning rate: 0.0003
2026-06-23 16:13:51.558065: train_loss -0.3843
2026-06-23 16:13:51.558668: val_loss -0.0574
2026-06-23 16:13:51.558841: Pseudo dice [np.float32(0.5732)]
2026-06-23 16:13:51.559030: Epoch time: 44.78 s
2026-06-23 16:13:53.333952: 
2026-06-23 16:13:53.334473: Epoch 246
2026-06-23 16:13:53.334659: Current learning rate: 0.00024
2026-06-23 16:14:38.038924: train_loss -0.3781
2026-06-23 16:14:38.039513: val_loss -0.0586
2026-06-23 16:14:38.039663: Pseudo dice [np.float32(0.5894)]
2026-06-23 16:14:38.039842: Epoch time: 44.71 s
2026-06-23 16:14:39.810635: 
2026-06-23 16:14:39.811033: Epoch 247
2026-06-23 16:14:39.811279: Current learning rate: 0.00019
2026-06-23 16:15:24.699286: train_loss -0.3773
2026-06-23 16:15:24.699990: val_loss -0.0652
2026-06-23 16:15:24.700171: Pseudo dice [np.float32(0.5881)]
2026-06-23 16:15:24.700351: Epoch time: 44.89 s
2026-06-23 16:15:26.470656: 
2026-06-23 16:15:26.471130: Epoch 248
2026-06-23 16:15:26.471315: Current learning rate: 0.00013
2026-06-23 16:16:11.310574: train_loss -0.3814
2026-06-23 16:16:11.311122: val_loss -0.0587
2026-06-23 16:16:11.311268: Pseudo dice [np.float32(0.58)]
2026-06-23 16:16:11.311437: Epoch time: 44.84 s
2026-06-23 16:16:13.090872: 
2026-06-23 16:16:13.091408: Epoch 249
2026-06-23 16:16:13.091635: Current learning rate: 7e-05
2026-06-23 16:16:58.060825: train_loss -0.3754
2026-06-23 16:16:58.061587: val_loss -0.0723
2026-06-23 16:16:58.061732: Pseudo dice [np.float32(0.577)]
2026-06-23 16:16:58.061908: Epoch time: 44.97 s
2026-06-23 16:17:00.499088: Training done.
2026-06-23 16:17:00.930688: Using splits from existing split file: /gpfs/data/ravenlab/micmac/nnUNet_preprocessed/Dataset002_BinaryTask/splits_final.json
2026-06-23 16:17:00.931670: The split file contains 5 splits.
2026-06-23 16:17:00.931790: Desired fold for training: 2
2026-06-23 16:17:00.931890: This split has 12 training and 3 validation cases.
2026-06-23 16:17:00.932093: predicting 41759_51
2026-06-23 16:17:00.966145: 41759_51, shape torch.Size([1, 1, 2176, 2201]), rank 0
2026-06-23 16:17:08.747737: predicting 41759_62_claus
2026-06-23 16:17:08.798035: 41759_62_claus, shape torch.Size([1, 1, 2240, 2251]), rank 0
2026-06-23 16:17:10.217133: predicting 41759_64_claus
2026-06-23 16:17:10.254894: 41759_64_claus, shape torch.Size([1, 1, 2112, 2100]), rank 0
2026-06-23 16:17:36.797798: Validation complete
2026-06-23 16:17:36.798025: Mean Validation Dice:  0.5698558009640451
