Loading python/gpu/3.10.6-cuda12.9
  Loading requirement: cuda/12.9
Launching parallel training for 2D config, Fold 0 using 250-epoch trainer preset...

############################
INFO: You are using the old nnU-Net default plans. We have updated our recommendations. Please consider using those instead! Read more here: https://github.com/MIC-DKFZ/nnUNet/blob/master/documentation/resenc_presets.md
############################

Using device: cuda:0

#######################################################################
Please cite the following paper when using nnU-Net:
Isensee, F., Jaeger, P. F., Kohl, S. A., Petersen, J., & Maier-Hein, K. H. (2021). nnU-Net: a self-configuring method for deep learning-based biomedical image segmentation. Nature methods, 18(2), 203-211.
#######################################################################

2026-06-23 13:01:00.280464: do_dummy_2d_data_aug: False
2026-06-23 13:01:00.281448: Using splits from existing split file: /gpfs/data/ravenlab/micmac/nnUNet_preprocessed/Dataset002_BinaryTask/splits_final.json
2026-06-23 13:01:00.282267: The split file contains 5 splits.
2026-06-23 13:01:00.282370: Desired fold for training: 0
2026-06-23 13:01:00.282460: This split has 12 training and 3 validation cases.
using pin_memory on device 0
using pin_memory on device 0

This is the configuration used by this training:
Configuration name: 2d
 {'data_identifier': 'nnUNetPlans_2d', 'preprocessor_name': 'DefaultPreprocessor', 'batch_size': 2, 'patch_size': [1024, 1280], 'median_image_size_in_voxels': [2080.0, 2125.0], 'spacing': [1.0, 1.0], 'normalization_schemes': ['ZScoreNormalization'], 'use_mask_for_norm': [False], 'resampling_fn_data': 'resample_data_or_seg_to_shape', 'resampling_fn_seg': 'resample_data_or_seg_to_shape', 'resampling_fn_data_kwargs': {'is_seg': False, 'order': 3, 'order_z': 0, 'force_separate_z': None}, 'resampling_fn_seg_kwargs': {'is_seg': True, 'order': 1, 'order_z': 0, 'force_separate_z': None}, 'resampling_fn_probabilities': 'resample_data_or_seg_to_shape', 'resampling_fn_probabilities_kwargs': {'is_seg': False, 'order': 1, 'order_z': 0, 'force_separate_z': None}, 'architecture': {'network_class_name': 'dynamic_network_architectures.architectures.unet.PlainConvUNet', 'arch_kwargs': {'n_stages': 9, 'features_per_stage': [32, 64, 128, 256, 512, 512, 512, 512, 512], 'conv_op': 'torch.nn.modules.conv.Conv2d', 'kernel_sizes': [[3, 3], [3, 3], [3, 3], [3, 3], [3, 3], [3, 3], [3, 3], [3, 3], [3, 3]], 'strides': [[1, 1], [2, 2], [2, 2], [2, 2], [2, 2], [2, 2], [2, 2], [2, 2], [2, 2]], 'n_conv_per_stage': [2, 2, 2, 2, 2, 2, 2, 2, 2], 'n_conv_per_stage_decoder': [2, 2, 2, 2, 2, 2, 2, 2], 'conv_bias': True, 'norm_op': 'torch.nn.modules.instancenorm.InstanceNorm2d', 'norm_op_kwargs': {'eps': 1e-05, 'affine': True}, 'dropout_op': None, 'dropout_op_kwargs': None, 'nonlin': 'torch.nn.LeakyReLU', 'nonlin_kwargs': {'inplace': True}}, '_kw_requires_import': ['conv_op', 'norm_op', 'dropout_op', 'nonlin']}, 'batch_dice': True} 

These are the global plan.json settings:
 {'dataset_name': 'Dataset002_BinaryTask', 'plans_name': 'nnUNetPlans', 'original_median_spacing_after_transp': [999.0, 1.0, 1.0], 'original_median_shape_after_transp': [1, 2080, 2125], 'image_reader_writer': 'NaturalImage2DIO', 'transpose_forward': [0, 1, 2], 'transpose_backward': [0, 1, 2], 'experiment_planner_used': 'ExperimentPlanner', 'label_manager': 'LabelManager', 'foreground_intensity_properties_per_channel': {'0': {'max': 250.0, 'mean': 109.4693603515625, 'median': 108.0, 'min': 5.0, 'percentile_00_5': 30.0, 'percentile_99_5': 199.0, 'std': 36.45087814331055}}} 

2026-06-23 13:01:03.549132: Unable to plot network architecture:
2026-06-23 13:01:03.549324: No module named 'hiddenlayer'
2026-06-23 13:01:03.585742: 
2026-06-23 13:01:03.585976: Epoch 0
2026-06-23 13:01:03.586312: Current learning rate: 0.01
2026-06-23 13:03:13.760683: train_loss -0.0461
2026-06-23 13:03:13.761348: val_loss -0.171
2026-06-23 13:03:13.761540: Pseudo dice [np.float32(0.6739)]
2026-06-23 13:03:13.761711: Epoch time: 130.18 s
2026-06-23 13:03:13.761839: Yayy! New best EMA pseudo Dice: 0.6739000082015991
2026-06-23 13:03:16.102304: 
2026-06-23 13:03:16.102662: Epoch 1
2026-06-23 13:03:16.102858: Current learning rate: 0.00996
2026-06-23 13:04:01.553621: train_loss -0.141
2026-06-23 13:04:01.554207: val_loss -0.1995
2026-06-23 13:04:01.554357: Pseudo dice [np.float32(0.6784)]
2026-06-23 13:04:01.554583: Epoch time: 45.45 s
2026-06-23 13:04:01.556216: Yayy! New best EMA pseudo Dice: 0.6743000149726868
2026-06-23 13:04:03.861015: 
2026-06-23 13:04:03.861564: Epoch 2
2026-06-23 13:04:03.861821: Current learning rate: 0.00993
2026-06-23 13:04:49.216869: train_loss -0.1856
2026-06-23 13:04:49.217465: val_loss -0.2209
2026-06-23 13:04:49.217642: Pseudo dice [np.float32(0.6889)]
2026-06-23 13:04:49.217811: Epoch time: 45.36 s
2026-06-23 13:04:49.217951: Yayy! New best EMA pseudo Dice: 0.6758000254631042
2026-06-23 13:04:51.518088: 
2026-06-23 13:04:51.518770: Epoch 3
2026-06-23 13:04:51.519114: Current learning rate: 0.00989
2026-06-23 13:05:36.788829: train_loss -0.1987
2026-06-23 13:05:36.789470: val_loss -0.2453
2026-06-23 13:05:36.789669: Pseudo dice [np.float32(0.6826)]
2026-06-23 13:05:36.789841: Epoch time: 45.27 s
2026-06-23 13:05:36.789979: Yayy! New best EMA pseudo Dice: 0.6765000224113464
2026-06-23 13:05:39.025473: 
2026-06-23 13:05:39.025964: Epoch 4
2026-06-23 13:05:39.026245: Current learning rate: 0.00986
2026-06-23 13:06:24.184764: train_loss -0.2063
2026-06-23 13:06:24.185391: val_loss -0.2639
2026-06-23 13:06:24.185542: Pseudo dice [np.float32(0.7003)]
2026-06-23 13:06:24.185713: Epoch time: 45.16 s
2026-06-23 13:06:24.185857: Yayy! New best EMA pseudo Dice: 0.6789000034332275
2026-06-23 13:06:26.452474: 
2026-06-23 13:06:26.452798: Epoch 5
2026-06-23 13:06:26.453002: Current learning rate: 0.00982
2026-06-23 13:07:11.801877: train_loss -0.2131
2026-06-23 13:07:11.802459: val_loss -0.2565
2026-06-23 13:07:11.802604: Pseudo dice [np.float32(0.7053)]
2026-06-23 13:07:11.802774: Epoch time: 45.35 s
2026-06-23 13:07:11.802911: Yayy! New best EMA pseudo Dice: 0.6815000176429749
2026-06-23 13:07:13.994167: 
2026-06-23 13:07:13.994591: Epoch 6
2026-06-23 13:07:13.994896: Current learning rate: 0.00978
2026-06-23 13:07:59.286023: train_loss -0.2234
2026-06-23 13:07:59.286481: val_loss -0.2841
2026-06-23 13:07:59.286642: Pseudo dice [np.float32(0.7054)]
2026-06-23 13:07:59.286813: Epoch time: 45.3 s
2026-06-23 13:07:59.286948: Yayy! New best EMA pseudo Dice: 0.683899998664856
2026-06-23 13:08:01.536315: 
2026-06-23 13:08:01.536786: Epoch 7
2026-06-23 13:08:01.536967: Current learning rate: 0.00975
2026-06-23 13:08:46.686836: train_loss -0.2281
2026-06-23 13:08:46.687349: val_loss -0.2581
2026-06-23 13:08:46.687500: Pseudo dice [np.float32(0.6867)]
2026-06-23 13:08:46.687684: Epoch time: 45.15 s
2026-06-23 13:08:46.687821: Yayy! New best EMA pseudo Dice: 0.6841999888420105
2026-06-23 13:08:48.974302: 
2026-06-23 13:08:48.974740: Epoch 8
2026-06-23 13:08:48.975016: Current learning rate: 0.00971
2026-06-23 13:09:34.054336: train_loss -0.227
2026-06-23 13:09:34.054820: val_loss -0.1724
2026-06-23 13:09:34.054972: Pseudo dice [np.float32(0.6431)]
2026-06-23 13:09:34.055137: Epoch time: 45.08 s
2026-06-23 13:09:36.164885: 
2026-06-23 13:09:36.165399: Epoch 9
2026-06-23 13:09:36.165691: Current learning rate: 0.00968
2026-06-23 13:10:21.259500: train_loss -0.2352
2026-06-23 13:10:21.260202: val_loss -0.2834
2026-06-23 13:10:21.260408: Pseudo dice [np.float32(0.6997)]
2026-06-23 13:10:21.260606: Epoch time: 45.1 s
2026-06-23 13:10:22.958476: 
2026-06-23 13:10:22.958946: Epoch 10
2026-06-23 13:10:22.959219: Current learning rate: 0.00964
2026-06-23 13:11:08.160612: train_loss -0.2426
2026-06-23 13:11:08.164039: val_loss -0.2912
2026-06-23 13:11:08.164197: Pseudo dice [np.float32(0.7003)]
2026-06-23 13:11:08.164365: Epoch time: 45.21 s
2026-06-23 13:11:09.909213: 
2026-06-23 13:11:09.909710: Epoch 11
2026-06-23 13:11:09.909927: Current learning rate: 0.0096
2026-06-23 13:11:55.073684: train_loss -0.2525
2026-06-23 13:11:55.074269: val_loss -0.2664
2026-06-23 13:11:55.074414: Pseudo dice [np.float32(0.6821)]
2026-06-23 13:11:55.074587: Epoch time: 45.17 s
2026-06-23 13:11:56.845160: 
2026-06-23 13:11:56.845743: Epoch 12
2026-06-23 13:11:56.846036: Current learning rate: 0.00957
2026-06-23 13:12:41.878776: train_loss -0.2412
2026-06-23 13:12:41.879210: val_loss -0.2734
2026-06-23 13:12:41.879352: Pseudo dice [np.float32(0.7033)]
2026-06-23 13:12:41.879519: Epoch time: 45.04 s
2026-06-23 13:12:41.879646: Yayy! New best EMA pseudo Dice: 0.6855999827384949
2026-06-23 13:12:44.146840: 
2026-06-23 13:12:44.147186: Epoch 13
2026-06-23 13:12:44.147367: Current learning rate: 0.00953
2026-06-23 13:13:29.411607: train_loss -0.249
2026-06-23 13:13:29.412454: val_loss -0.306
2026-06-23 13:13:29.412606: Pseudo dice [np.float32(0.7381)]
2026-06-23 13:13:29.412769: Epoch time: 45.27 s
2026-06-23 13:13:29.412906: Yayy! New best EMA pseudo Dice: 0.6909000277519226
2026-06-23 13:13:31.676086: 
2026-06-23 13:13:31.676519: Epoch 14
2026-06-23 13:13:31.676688: Current learning rate: 0.00949
2026-06-23 13:14:16.792153: train_loss -0.2649
2026-06-23 13:14:16.792777: val_loss -0.3268
2026-06-23 13:14:16.792934: Pseudo dice [np.float32(0.7432)]
2026-06-23 13:14:16.793102: Epoch time: 45.12 s
2026-06-23 13:14:16.793226: Yayy! New best EMA pseudo Dice: 0.6960999965667725
2026-06-23 13:14:19.054497: 
2026-06-23 13:14:19.054942: Epoch 15
2026-06-23 13:14:19.055224: Current learning rate: 0.00946
2026-06-23 13:15:04.316521: train_loss -0.2547
2026-06-23 13:15:04.317067: val_loss -0.284
2026-06-23 13:15:04.317222: Pseudo dice [np.float32(0.7189)]
2026-06-23 13:15:04.317385: Epoch time: 45.27 s
2026-06-23 13:15:04.317515: Yayy! New best EMA pseudo Dice: 0.6984000205993652
2026-06-23 13:15:06.593559: 
2026-06-23 13:15:06.593996: Epoch 16
2026-06-23 13:15:06.594170: Current learning rate: 0.00942
2026-06-23 13:15:51.730840: train_loss -0.2651
2026-06-23 13:15:51.731385: val_loss -0.241
2026-06-23 13:15:51.731540: Pseudo dice [np.float32(0.658)]
2026-06-23 13:15:51.731703: Epoch time: 45.14 s
2026-06-23 13:15:53.830087: 
2026-06-23 13:15:53.830508: Epoch 17
2026-06-23 13:15:53.830678: Current learning rate: 0.00939
2026-06-23 13:16:38.987224: train_loss -0.2711
2026-06-23 13:16:38.987881: val_loss -0.347
2026-06-23 13:16:38.988034: Pseudo dice [np.float32(0.7537)]
2026-06-23 13:16:38.988226: Epoch time: 45.16 s
2026-06-23 13:16:38.988354: Yayy! New best EMA pseudo Dice: 0.7002999782562256
2026-06-23 13:16:41.240520: 
2026-06-23 13:16:41.240946: Epoch 18
2026-06-23 13:16:41.241124: Current learning rate: 0.00935
2026-06-23 13:17:26.464780: train_loss -0.2761
2026-06-23 13:17:26.465525: val_loss -0.2569
2026-06-23 13:17:26.465677: Pseudo dice [np.float32(0.6988)]
2026-06-23 13:17:26.465857: Epoch time: 45.23 s
2026-06-23 13:17:28.228086: 
2026-06-23 13:17:28.228560: Epoch 19
2026-06-23 13:17:28.228770: Current learning rate: 0.00931
2026-06-23 13:18:13.326780: train_loss -0.2875
2026-06-23 13:18:13.327360: val_loss -0.3028
2026-06-23 13:18:13.327499: Pseudo dice [np.float32(0.7119)]
2026-06-23 13:18:13.327667: Epoch time: 45.1 s
2026-06-23 13:18:13.327791: Yayy! New best EMA pseudo Dice: 0.7013000249862671
2026-06-23 13:18:15.591745: 
2026-06-23 13:18:15.592244: Epoch 20
2026-06-23 13:18:15.592530: Current learning rate: 0.00928
2026-06-23 13:19:00.592478: train_loss -0.2869
2026-06-23 13:19:00.593011: val_loss -0.33
2026-06-23 13:19:00.593153: Pseudo dice [np.float32(0.7312)]
2026-06-23 13:19:00.593313: Epoch time: 45.0 s
2026-06-23 13:19:00.593442: Yayy! New best EMA pseudo Dice: 0.7042999863624573
2026-06-23 13:19:02.840599: 
2026-06-23 13:19:02.841118: Epoch 21
2026-06-23 13:19:02.841419: Current learning rate: 0.00924
2026-06-23 13:19:47.956647: train_loss -0.286
2026-06-23 13:19:47.957221: val_loss -0.2889
2026-06-23 13:19:47.957371: Pseudo dice [np.float32(0.7148)]
2026-06-23 13:19:47.957540: Epoch time: 45.12 s
2026-06-23 13:19:47.957670: Yayy! New best EMA pseudo Dice: 0.7053999900817871
2026-06-23 13:19:50.143783: 
2026-06-23 13:19:50.144204: Epoch 22
2026-06-23 13:19:50.144378: Current learning rate: 0.0092
2026-06-23 13:20:35.085800: train_loss -0.2741
2026-06-23 13:20:35.086473: val_loss -0.2383
2026-06-23 13:20:35.086651: Pseudo dice [np.float32(0.6548)]
2026-06-23 13:20:35.086828: Epoch time: 44.95 s
2026-06-23 13:20:36.812855: 
2026-06-23 13:20:36.813441: Epoch 23
2026-06-23 13:20:36.813706: Current learning rate: 0.00917
2026-06-23 13:21:21.865760: train_loss -0.279
2026-06-23 13:21:21.866240: val_loss -0.2757
2026-06-23 13:21:21.866382: Pseudo dice [np.float32(0.7136)]
2026-06-23 13:21:21.866548: Epoch time: 45.06 s
2026-06-23 13:21:23.581113: 
2026-06-23 13:21:23.581515: Epoch 24
2026-06-23 13:21:23.581691: Current learning rate: 0.00913
2026-06-23 13:22:08.709472: train_loss -0.2758
2026-06-23 13:22:08.710071: val_loss -0.3027
2026-06-23 13:22:08.710221: Pseudo dice [np.float32(0.7101)]
2026-06-23 13:22:08.710391: Epoch time: 45.13 s
2026-06-23 13:22:10.420487: 
2026-06-23 13:22:10.420899: Epoch 25
2026-06-23 13:22:10.421067: Current learning rate: 0.0091
2026-06-23 13:22:55.346654: train_loss -0.2942
2026-06-23 13:22:55.347344: val_loss -0.2924
2026-06-23 13:22:55.347517: Pseudo dice [np.float32(0.7229)]
2026-06-23 13:22:55.347689: Epoch time: 44.93 s
2026-06-23 13:22:57.449084: 
2026-06-23 13:22:57.449507: Epoch 26
2026-06-23 13:22:57.449690: Current learning rate: 0.00906
2026-06-23 13:23:42.647245: train_loss -0.2855
2026-06-23 13:23:42.647825: val_loss -0.3112
2026-06-23 13:23:42.647982: Pseudo dice [np.float32(0.7248)]
2026-06-23 13:23:42.648147: Epoch time: 45.2 s
2026-06-23 13:23:42.648277: Yayy! New best EMA pseudo Dice: 0.7064999938011169
2026-06-23 13:23:44.847387: 
2026-06-23 13:23:44.847793: Epoch 27
2026-06-23 13:23:44.847972: Current learning rate: 0.00902
2026-06-23 13:24:29.852099: train_loss -0.3008
2026-06-23 13:24:29.852648: val_loss -0.2752
2026-06-23 13:24:29.852793: Pseudo dice [np.float32(0.7004)]
2026-06-23 13:24:29.852968: Epoch time: 45.01 s
2026-06-23 13:24:31.583513: 
2026-06-23 13:24:31.583991: Epoch 28
2026-06-23 13:24:31.584228: Current learning rate: 0.00899
2026-06-23 13:25:16.760732: train_loss -0.285
2026-06-23 13:25:16.761313: val_loss -0.3253
2026-06-23 13:25:16.761453: Pseudo dice [np.float32(0.7384)]
2026-06-23 13:25:16.761617: Epoch time: 45.18 s
2026-06-23 13:25:16.761746: Yayy! New best EMA pseudo Dice: 0.7092000246047974
2026-06-23 13:25:18.953528: 
2026-06-23 13:25:18.954008: Epoch 29
2026-06-23 13:25:18.954289: Current learning rate: 0.00895
2026-06-23 13:26:04.101277: train_loss -0.2887
2026-06-23 13:26:04.101792: val_loss -0.2827
2026-06-23 13:26:04.101942: Pseudo dice [np.float32(0.6947)]
2026-06-23 13:26:04.102113: Epoch time: 45.15 s
2026-06-23 13:26:05.904647: 
2026-06-23 13:26:05.905008: Epoch 30
2026-06-23 13:26:05.905189: Current learning rate: 0.00891
2026-06-23 13:26:51.218073: train_loss -0.2933
2026-06-23 13:26:51.218730: val_loss -0.2845
2026-06-23 13:26:51.218903: Pseudo dice [np.float32(0.7064)]
2026-06-23 13:26:51.219108: Epoch time: 45.32 s
2026-06-23 13:26:52.985983: 
2026-06-23 13:26:52.986347: Epoch 31
2026-06-23 13:26:52.986614: Current learning rate: 0.00888
2026-06-23 13:27:38.215395: train_loss -0.3107
2026-06-23 13:27:38.215829: val_loss -0.3085
2026-06-23 13:27:38.216221: Pseudo dice [np.float32(0.7194)]
2026-06-23 13:27:38.216434: Epoch time: 45.23 s
2026-06-23 13:27:39.980046: 
2026-06-23 13:27:39.980584: Epoch 32
2026-06-23 13:27:39.980862: Current learning rate: 0.00884
2026-06-23 13:28:25.138318: train_loss -0.3087
2026-06-23 13:28:25.138887: val_loss -0.3243
2026-06-23 13:28:25.139055: Pseudo dice [np.float32(0.7333)]
2026-06-23 13:28:25.139227: Epoch time: 45.16 s
2026-06-23 13:28:25.139357: Yayy! New best EMA pseudo Dice: 0.7111999988555908
2026-06-23 13:28:27.374357: 
2026-06-23 13:28:27.374985: Epoch 33
2026-06-23 13:28:27.375264: Current learning rate: 0.0088
2026-06-23 13:29:12.533313: train_loss -0.3069
2026-06-23 13:29:12.533911: val_loss -0.3233
2026-06-23 13:29:12.534062: Pseudo dice [np.float32(0.7454)]
2026-06-23 13:29:12.534244: Epoch time: 45.16 s
2026-06-23 13:29:12.534370: Yayy! New best EMA pseudo Dice: 0.7146000266075134
2026-06-23 13:29:15.154807: 
2026-06-23 13:29:15.155176: Epoch 34
2026-06-23 13:29:15.155373: Current learning rate: 0.00877
2026-06-23 13:30:00.407845: train_loss -0.3016
2026-06-23 13:30:00.411426: val_loss -0.2938
2026-06-23 13:30:00.411593: Pseudo dice [np.float32(0.7166)]
2026-06-23 13:30:00.411764: Epoch time: 45.26 s
2026-06-23 13:30:00.411902: Yayy! New best EMA pseudo Dice: 0.7148000001907349
2026-06-23 13:30:02.725398: 
2026-06-23 13:30:02.725766: Epoch 35
2026-06-23 13:30:02.726095: Current learning rate: 0.00873
2026-06-23 13:30:47.992976: train_loss -0.2948
2026-06-23 13:30:47.993623: val_loss -0.3387
2026-06-23 13:30:47.993777: Pseudo dice [np.float32(0.7366)]
2026-06-23 13:30:47.993953: Epoch time: 45.27 s
2026-06-23 13:30:47.994080: Yayy! New best EMA pseudo Dice: 0.7170000076293945
2026-06-23 13:30:50.225261: 
2026-06-23 13:30:50.225729: Epoch 36
2026-06-23 13:30:50.225920: Current learning rate: 0.00869
2026-06-23 13:31:35.481933: train_loss -0.307
2026-06-23 13:31:35.482410: val_loss -0.322
2026-06-23 13:31:35.482549: Pseudo dice [np.float32(0.7353)]
2026-06-23 13:31:35.482716: Epoch time: 45.26 s
2026-06-23 13:31:35.482858: Yayy! New best EMA pseudo Dice: 0.7189000248908997
2026-06-23 13:31:37.789245: 
2026-06-23 13:31:37.789766: Epoch 37
2026-06-23 13:31:37.790976: Current learning rate: 0.00866
2026-06-23 13:32:23.140352: train_loss -0.2889
2026-06-23 13:32:23.140862: val_loss -0.2307
2026-06-23 13:32:23.141005: Pseudo dice [np.float32(0.6705)]
2026-06-23 13:32:23.141181: Epoch time: 45.35 s
2026-06-23 13:32:24.921292: 
2026-06-23 13:32:24.921643: Epoch 38
2026-06-23 13:32:24.921811: Current learning rate: 0.00862
2026-06-23 13:33:10.197766: train_loss -0.2827
2026-06-23 13:33:10.198301: val_loss -0.3115
2026-06-23 13:33:10.198452: Pseudo dice [np.float32(0.7284)]
2026-06-23 13:33:10.198620: Epoch time: 45.28 s
2026-06-23 13:33:11.969897: 
2026-06-23 13:33:11.970277: Epoch 39
2026-06-23 13:33:11.970447: Current learning rate: 0.00858
2026-06-23 13:33:57.093046: train_loss -0.3077
2026-06-23 13:33:57.093664: val_loss -0.2594
2026-06-23 13:33:57.093822: Pseudo dice [np.float32(0.7059)]
2026-06-23 13:33:57.094005: Epoch time: 45.13 s
2026-06-23 13:33:58.879683: 
2026-06-23 13:33:58.880211: Epoch 40
2026-06-23 13:33:58.880488: Current learning rate: 0.00855
2026-06-23 13:34:43.837233: train_loss -0.3113
2026-06-23 13:34:43.837951: val_loss -0.3072
2026-06-23 13:34:43.838101: Pseudo dice [np.float32(0.7336)]
2026-06-23 13:34:43.838271: Epoch time: 44.96 s
2026-06-23 13:34:45.647738: 
2026-06-23 13:34:45.648327: Epoch 41
2026-06-23 13:34:45.648622: Current learning rate: 0.00851
2026-06-23 13:35:30.579141: train_loss -0.3088
2026-06-23 13:35:30.579678: val_loss -0.2903
2026-06-23 13:35:30.579824: Pseudo dice [np.float32(0.6932)]
2026-06-23 13:35:30.579998: Epoch time: 44.93 s
2026-06-23 13:35:32.306276: 
2026-06-23 13:35:32.306653: Epoch 42
2026-06-23 13:35:32.306838: Current learning rate: 0.00847
2026-06-23 13:36:17.328809: train_loss -0.3101
2026-06-23 13:36:17.329533: val_loss -0.2673
2026-06-23 13:36:17.329699: Pseudo dice [np.float32(0.7075)]
2026-06-23 13:36:17.329886: Epoch time: 45.03 s
2026-06-23 13:36:19.797535: 
2026-06-23 13:36:19.798012: Epoch 43
2026-06-23 13:36:19.798305: Current learning rate: 0.00844
2026-06-23 13:37:04.813629: train_loss -0.3071
2026-06-23 13:37:04.814237: val_loss -0.2972
2026-06-23 13:37:04.814394: Pseudo dice [np.float32(0.719)]
2026-06-23 13:37:04.814594: Epoch time: 45.02 s
2026-06-23 13:37:06.570078: 
2026-06-23 13:37:06.570743: Epoch 44
2026-06-23 13:37:06.571061: Current learning rate: 0.0084
2026-06-23 13:37:51.697469: train_loss -0.3045
2026-06-23 13:37:51.698084: val_loss -0.2746
2026-06-23 13:37:51.698231: Pseudo dice [np.float32(0.6948)]
2026-06-23 13:37:51.698404: Epoch time: 45.13 s
2026-06-23 13:37:53.460490: 
2026-06-23 13:37:53.460965: Epoch 45
2026-06-23 13:37:53.461275: Current learning rate: 0.00836
2026-06-23 13:38:38.723541: train_loss -0.3094
2026-06-23 13:38:38.724048: val_loss -0.3011
2026-06-23 13:38:38.724192: Pseudo dice [np.float32(0.7223)]
2026-06-23 13:38:38.724360: Epoch time: 45.27 s
2026-06-23 13:38:40.477113: 
2026-06-23 13:38:40.477611: Epoch 46
2026-06-23 13:38:40.477892: Current learning rate: 0.00833
2026-06-23 13:39:25.760127: train_loss -0.3025
2026-06-23 13:39:25.760743: val_loss -0.2817
2026-06-23 13:39:25.760896: Pseudo dice [np.float32(0.7205)]
2026-06-23 13:39:25.761068: Epoch time: 45.29 s
2026-06-23 13:39:27.509833: 
2026-06-23 13:39:27.510304: Epoch 47
2026-06-23 13:39:27.510487: Current learning rate: 0.00829
2026-06-23 13:40:12.844053: train_loss -0.3079
2026-06-23 13:40:12.844565: val_loss -0.3103
2026-06-23 13:40:12.844741: Pseudo dice [np.float32(0.7166)]
2026-06-23 13:40:12.844929: Epoch time: 45.34 s
2026-06-23 13:40:14.592648: 
2026-06-23 13:40:14.593146: Epoch 48
2026-06-23 13:40:14.593411: Current learning rate: 0.00825
2026-06-23 13:40:59.823139: train_loss -0.3142
2026-06-23 13:40:59.823638: val_loss -0.3178
2026-06-23 13:40:59.823775: Pseudo dice [np.float32(0.7292)]
2026-06-23 13:40:59.823956: Epoch time: 45.23 s
2026-06-23 13:41:01.582792: 
2026-06-23 13:41:01.583148: Epoch 49
2026-06-23 13:41:01.583465: Current learning rate: 0.00822
2026-06-23 13:41:46.771235: train_loss -0.319
2026-06-23 13:41:46.771762: val_loss -0.2949
2026-06-23 13:41:46.771916: Pseudo dice [np.float32(0.7334)]
2026-06-23 13:41:46.772085: Epoch time: 45.19 s
2026-06-23 13:41:49.073899: 
2026-06-23 13:41:49.074345: Epoch 50
2026-06-23 13:41:49.074550: Current learning rate: 0.00818
2026-06-23 13:42:34.362108: train_loss -0.3143
2026-06-23 13:42:34.362600: val_loss -0.3026
2026-06-23 13:42:34.362749: Pseudo dice [np.float32(0.7085)]
2026-06-23 13:42:34.362923: Epoch time: 45.29 s
2026-06-23 13:42:36.118161: 
2026-06-23 13:42:36.118645: Epoch 51
2026-06-23 13:42:36.118822: Current learning rate: 0.00814
2026-06-23 13:43:21.826611: train_loss -0.3097
2026-06-23 13:43:21.827164: val_loss -0.2856
2026-06-23 13:43:21.827316: Pseudo dice [np.float32(0.7061)]
2026-06-23 13:43:21.827482: Epoch time: 45.71 s
2026-06-23 13:43:23.578333: 
2026-06-23 13:43:23.578874: Epoch 52
2026-06-23 13:43:23.579224: Current learning rate: 0.00811
2026-06-23 13:44:08.825912: train_loss -0.3044
2026-06-23 13:44:08.826537: val_loss -0.2726
2026-06-23 13:44:08.826689: Pseudo dice [np.float32(0.6894)]
2026-06-23 13:44:08.826868: Epoch time: 45.25 s
2026-06-23 13:44:10.583116: 
2026-06-23 13:44:10.583531: Epoch 53
2026-06-23 13:44:10.583833: Current learning rate: 0.00807
2026-06-23 13:44:55.637141: train_loss -0.3173
2026-06-23 13:44:55.637713: val_loss -0.3375
2026-06-23 13:44:55.637866: Pseudo dice [np.float32(0.741)]
2026-06-23 13:44:55.638033: Epoch time: 45.06 s
2026-06-23 13:44:57.402782: 
2026-06-23 13:44:57.403262: Epoch 54
2026-06-23 13:44:57.403524: Current learning rate: 0.00803
2026-06-23 13:45:42.473238: train_loss -0.3058
2026-06-23 13:45:42.473998: val_loss -0.2949
2026-06-23 13:45:42.474157: Pseudo dice [np.float32(0.7131)]
2026-06-23 13:45:42.474341: Epoch time: 45.07 s
2026-06-23 13:45:44.267992: 
2026-06-23 13:45:44.268530: Epoch 55
2026-06-23 13:45:44.268832: Current learning rate: 0.008
2026-06-23 13:46:29.372663: train_loss -0.3084
2026-06-23 13:46:29.373121: val_loss -0.2794
2026-06-23 13:46:29.373264: Pseudo dice [np.float32(0.705)]
2026-06-23 13:46:29.373433: Epoch time: 45.11 s
2026-06-23 13:46:31.134287: 
2026-06-23 13:46:31.134694: Epoch 56
2026-06-23 13:46:31.134901: Current learning rate: 0.00796
2026-06-23 13:47:16.173937: train_loss -0.3052
2026-06-23 13:47:16.174708: val_loss -0.2506
2026-06-23 13:47:16.174946: Pseudo dice [np.float32(0.7032)]
2026-06-23 13:47:16.175158: Epoch time: 45.04 s
2026-06-23 13:47:17.941549: 
2026-06-23 13:47:17.942074: Epoch 57
2026-06-23 13:47:17.942477: Current learning rate: 0.00792
2026-06-23 13:48:03.145683: train_loss -0.3139
2026-06-23 13:48:03.146213: val_loss -0.2839
2026-06-23 13:48:03.146355: Pseudo dice [np.float32(0.7144)]
2026-06-23 13:48:03.146523: Epoch time: 45.21 s
2026-06-23 13:48:04.881794: 
2026-06-23 13:48:04.882157: Epoch 58
2026-06-23 13:48:04.882362: Current learning rate: 0.00789
2026-06-23 13:48:50.081666: train_loss -0.3147
2026-06-23 13:48:50.082357: val_loss -0.2689
2026-06-23 13:48:50.082510: Pseudo dice [np.float32(0.7067)]
2026-06-23 13:48:50.082687: Epoch time: 45.2 s
2026-06-23 13:48:51.826231: 
2026-06-23 13:48:51.826580: Epoch 59
2026-06-23 13:48:51.826763: Current learning rate: 0.00785
2026-06-23 13:49:36.967606: train_loss -0.3073
2026-06-23 13:49:36.968143: val_loss -0.2364
2026-06-23 13:49:36.968290: Pseudo dice [np.float32(0.6901)]
2026-06-23 13:49:36.968461: Epoch time: 45.14 s
2026-06-23 13:49:39.191234: 
2026-06-23 13:49:39.191652: Epoch 60
2026-06-23 13:49:39.191900: Current learning rate: 0.00781
2026-06-23 13:50:24.386065: train_loss -0.2975
2026-06-23 13:50:24.386854: val_loss -0.2953
2026-06-23 13:50:24.387014: Pseudo dice [np.float32(0.7205)]
2026-06-23 13:50:24.387181: Epoch time: 45.2 s
2026-06-23 13:50:26.139814: 
2026-06-23 13:50:26.140353: Epoch 61
2026-06-23 13:50:26.140621: Current learning rate: 0.00777
2026-06-23 13:51:11.314673: train_loss -0.3121
2026-06-23 13:51:11.315285: val_loss -0.2922
2026-06-23 13:51:11.315430: Pseudo dice [np.float32(0.718)]
2026-06-23 13:51:11.315601: Epoch time: 45.18 s
2026-06-23 13:51:13.071031: 
2026-06-23 13:51:13.071567: Epoch 62
2026-06-23 13:51:13.071797: Current learning rate: 0.00774
2026-06-23 13:51:58.397792: train_loss -0.3162
2026-06-23 13:51:58.398490: val_loss -0.2522
2026-06-23 13:51:58.398661: Pseudo dice [np.float32(0.7038)]
2026-06-23 13:51:58.398839: Epoch time: 45.33 s
2026-06-23 13:52:00.146708: 
2026-06-23 13:52:00.147233: Epoch 63
2026-06-23 13:52:00.147528: Current learning rate: 0.0077
2026-06-23 13:52:45.206080: train_loss -0.3296
2026-06-23 13:52:45.206628: val_loss -0.2662
2026-06-23 13:52:45.206776: Pseudo dice [np.float32(0.7076)]
2026-06-23 13:52:45.206965: Epoch time: 45.06 s
2026-06-23 13:52:46.960098: 
2026-06-23 13:52:46.960709: Epoch 64
2026-06-23 13:52:46.961004: Current learning rate: 0.00766
2026-06-23 13:53:32.078204: train_loss -0.324
2026-06-23 13:53:32.078741: val_loss -0.2762
2026-06-23 13:53:32.079176: Pseudo dice [np.float32(0.7003)]
2026-06-23 13:53:32.079450: Epoch time: 45.12 s
2026-06-23 13:53:33.829430: 
2026-06-23 13:53:33.829914: Epoch 65
2026-06-23 13:53:33.830109: Current learning rate: 0.00763
2026-06-23 13:54:18.977328: train_loss -0.3164
2026-06-23 13:54:18.977984: val_loss -0.2502
2026-06-23 13:54:18.978127: Pseudo dice [np.float32(0.7047)]
2026-06-23 13:54:18.978301: Epoch time: 45.15 s
2026-06-23 13:54:20.754109: 
2026-06-23 13:54:20.754531: Epoch 66
2026-06-23 13:54:20.754824: Current learning rate: 0.00759
2026-06-23 13:55:05.825682: train_loss -0.3275
2026-06-23 13:55:05.826190: val_loss -0.2493
2026-06-23 13:55:05.826339: Pseudo dice [np.float32(0.6874)]
2026-06-23 13:55:05.826511: Epoch time: 45.07 s
2026-06-23 13:55:07.588137: 
2026-06-23 13:55:07.588607: Epoch 67
2026-06-23 13:55:07.588903: Current learning rate: 0.00755
2026-06-23 13:55:52.647376: train_loss -0.3195
2026-06-23 13:55:52.648025: val_loss -0.2907
2026-06-23 13:55:52.648169: Pseudo dice [np.float32(0.7132)]
2026-06-23 13:55:52.648337: Epoch time: 45.06 s
2026-06-23 13:55:54.421589: 
2026-06-23 13:55:54.422165: Epoch 68
2026-06-23 13:55:54.422439: Current learning rate: 0.00751
2026-06-23 13:56:39.543355: train_loss -0.3213
2026-06-23 13:56:39.543913: val_loss -0.2912
2026-06-23 13:56:39.544059: Pseudo dice [np.float32(0.7227)]
2026-06-23 13:56:39.544230: Epoch time: 45.13 s
2026-06-23 13:56:41.738753: 
2026-06-23 13:56:41.739144: Epoch 69
2026-06-23 13:56:41.739335: Current learning rate: 0.00748
2026-06-23 13:57:27.005692: train_loss -0.3258
2026-06-23 13:57:27.006297: val_loss -0.2647
2026-06-23 13:57:27.006449: Pseudo dice [np.float32(0.7079)]
2026-06-23 13:57:27.006617: Epoch time: 45.27 s
2026-06-23 13:57:28.779209: 
2026-06-23 13:57:28.779670: Epoch 70
2026-06-23 13:57:28.779877: Current learning rate: 0.00744
2026-06-23 13:58:13.759743: train_loss -0.3199
2026-06-23 13:58:13.760478: val_loss -0.2933
2026-06-23 13:58:13.760621: Pseudo dice [np.float32(0.7121)]
2026-06-23 13:58:13.760785: Epoch time: 44.98 s
2026-06-23 13:58:15.525339: 
2026-06-23 13:58:15.525759: Epoch 71
2026-06-23 13:58:15.525945: Current learning rate: 0.0074
2026-06-23 13:59:00.691645: train_loss -0.3177
2026-06-23 13:59:00.692227: val_loss -0.2892
2026-06-23 13:59:00.692370: Pseudo dice [np.float32(0.7074)]
2026-06-23 13:59:00.692542: Epoch time: 45.17 s
2026-06-23 13:59:02.459268: 
2026-06-23 13:59:02.459802: Epoch 72
2026-06-23 13:59:02.460087: Current learning rate: 0.00737
2026-06-23 13:59:47.625907: train_loss -0.3261
2026-06-23 13:59:47.626411: val_loss -0.2845
2026-06-23 13:59:47.626560: Pseudo dice [np.float32(0.7112)]
2026-06-23 13:59:47.626731: Epoch time: 45.17 s
2026-06-23 13:59:49.399183: 
2026-06-23 13:59:49.399747: Epoch 73
2026-06-23 13:59:49.399941: Current learning rate: 0.00733
2026-06-23 14:00:34.549823: train_loss -0.3226
2026-06-23 14:00:34.550441: val_loss -0.2621
2026-06-23 14:00:34.550591: Pseudo dice [np.float32(0.7022)]
2026-06-23 14:00:34.550759: Epoch time: 45.15 s
2026-06-23 14:00:36.333728: 
2026-06-23 14:00:36.334157: Epoch 74
2026-06-23 14:00:36.334355: Current learning rate: 0.00729
2026-06-23 14:01:21.449392: train_loss -0.3273
2026-06-23 14:01:21.449934: val_loss -0.2693
2026-06-23 14:01:21.450085: Pseudo dice [np.float32(0.7068)]
2026-06-23 14:01:21.450261: Epoch time: 45.12 s
2026-06-23 14:01:23.221853: 
2026-06-23 14:01:23.222303: Epoch 75
2026-06-23 14:01:23.222645: Current learning rate: 0.00725
2026-06-23 14:02:08.321691: train_loss -0.3281
2026-06-23 14:02:08.322325: val_loss -0.312
2026-06-23 14:02:08.322482: Pseudo dice [np.float32(0.7201)]
2026-06-23 14:02:08.322647: Epoch time: 45.1 s
2026-06-23 14:02:10.134001: 
2026-06-23 14:02:10.134596: Epoch 76
2026-06-23 14:02:10.134981: Current learning rate: 0.00722
2026-06-23 14:02:55.298828: train_loss -0.331
2026-06-23 14:02:55.299369: val_loss -0.2463
2026-06-23 14:02:55.299519: Pseudo dice [np.float32(0.7024)]
2026-06-23 14:02:55.299689: Epoch time: 45.17 s
2026-06-23 14:02:57.084140: 
2026-06-23 14:02:57.084682: Epoch 77
2026-06-23 14:02:57.084894: Current learning rate: 0.00718
2026-06-23 14:03:42.351907: train_loss -0.3246
2026-06-23 14:03:42.352551: val_loss -0.2555
2026-06-23 14:03:42.352705: Pseudo dice [np.float32(0.698)]
2026-06-23 14:03:42.352883: Epoch time: 45.27 s
2026-06-23 14:03:44.588648: 
2026-06-23 14:03:44.589165: Epoch 78
2026-06-23 14:03:44.589409: Current learning rate: 0.00714
2026-06-23 14:04:29.633935: train_loss -0.3229
2026-06-23 14:04:29.634457: val_loss -0.2733
2026-06-23 14:04:29.634604: Pseudo dice [np.float32(0.7038)]
2026-06-23 14:04:29.634775: Epoch time: 45.05 s
2026-06-23 14:04:31.431611: 
2026-06-23 14:04:31.431950: Epoch 79
2026-06-23 14:04:31.432121: Current learning rate: 0.0071
2026-06-23 14:05:16.700169: train_loss -0.3173
2026-06-23 14:05:16.700664: val_loss -0.2702
2026-06-23 14:05:16.700810: Pseudo dice [np.float32(0.7087)]
2026-06-23 14:05:16.700993: Epoch time: 45.27 s
2026-06-23 14:05:18.500015: 
2026-06-23 14:05:18.500427: Epoch 80
2026-06-23 14:05:18.500728: Current learning rate: 0.00707
2026-06-23 14:06:03.903619: train_loss -0.3254
2026-06-23 14:06:03.904131: val_loss -0.2679
2026-06-23 14:06:03.904272: Pseudo dice [np.float32(0.6966)]
2026-06-23 14:06:03.904438: Epoch time: 45.41 s
2026-06-23 14:06:05.701306: 
2026-06-23 14:06:05.701815: Epoch 81
2026-06-23 14:06:05.702003: Current learning rate: 0.00703
2026-06-23 14:06:50.857346: train_loss -0.3252
2026-06-23 14:06:50.858291: val_loss -0.2507
2026-06-23 14:06:50.858838: Pseudo dice [np.float32(0.6897)]
2026-06-23 14:06:50.859138: Epoch time: 45.16 s
2026-06-23 14:06:52.668510: 
2026-06-23 14:06:52.668948: Epoch 82
2026-06-23 14:06:52.669210: Current learning rate: 0.00699
2026-06-23 14:07:37.867733: train_loss -0.3259
2026-06-23 14:07:37.868493: val_loss -0.2644
2026-06-23 14:07:37.868650: Pseudo dice [np.float32(0.6972)]
2026-06-23 14:07:37.868819: Epoch time: 45.2 s
2026-06-23 14:07:39.614707: 
2026-06-23 14:07:39.615187: Epoch 83
2026-06-23 14:07:39.615438: Current learning rate: 0.00696
2026-06-23 14:08:24.775807: train_loss -0.3279
2026-06-23 14:08:24.776399: val_loss -0.2943
2026-06-23 14:08:24.776562: Pseudo dice [np.float32(0.7014)]
2026-06-23 14:08:24.776741: Epoch time: 45.16 s
2026-06-23 14:08:26.512734: 
2026-06-23 14:08:26.513188: Epoch 84
2026-06-23 14:08:26.513391: Current learning rate: 0.00692
2026-06-23 14:09:11.664064: train_loss -0.3286
2026-06-23 14:09:11.664545: val_loss -0.2814
2026-06-23 14:09:11.664736: Pseudo dice [np.float32(0.6976)]
2026-06-23 14:09:11.664914: Epoch time: 45.15 s
2026-06-23 14:09:13.403664: 
2026-06-23 14:09:13.404187: Epoch 85
2026-06-23 14:09:13.404484: Current learning rate: 0.00688
2026-06-23 14:09:58.430394: train_loss -0.3328
2026-06-23 14:09:58.431304: val_loss -0.2457
2026-06-23 14:09:58.431468: Pseudo dice [np.float32(0.6909)]
2026-06-23 14:09:58.431674: Epoch time: 45.03 s
2026-06-23 14:10:00.595076: 
2026-06-23 14:10:00.595608: Epoch 86
2026-06-23 14:10:00.595912: Current learning rate: 0.00684
2026-06-23 14:10:45.778944: train_loss -0.328
2026-06-23 14:10:45.779488: val_loss -0.3042
2026-06-23 14:10:45.779640: Pseudo dice [np.float32(0.7258)]
2026-06-23 14:10:45.779805: Epoch time: 45.19 s
2026-06-23 14:10:47.526685: 
2026-06-23 14:10:47.527180: Epoch 87
2026-06-23 14:10:47.527443: Current learning rate: 0.0068
2026-06-23 14:11:32.677575: train_loss -0.3276
2026-06-23 14:11:32.678110: val_loss -0.2889
2026-06-23 14:11:32.678249: Pseudo dice [np.float32(0.7061)]
2026-06-23 14:11:32.678417: Epoch time: 45.15 s
2026-06-23 14:11:34.412799: 
2026-06-23 14:11:34.413386: Epoch 88
2026-06-23 14:11:34.413667: Current learning rate: 0.00677
2026-06-23 14:12:19.314567: train_loss -0.3247
2026-06-23 14:12:19.315141: val_loss -0.2859
2026-06-23 14:12:19.315283: Pseudo dice [np.float32(0.7092)]
2026-06-23 14:12:19.315449: Epoch time: 44.91 s
2026-06-23 14:12:21.053439: 
2026-06-23 14:12:21.054115: Epoch 89
2026-06-23 14:12:21.054308: Current learning rate: 0.00673
2026-06-23 14:13:06.182197: train_loss -0.3262
2026-06-23 14:13:06.182699: val_loss -0.3022
2026-06-23 14:13:06.182891: Pseudo dice [np.float32(0.7188)]
2026-06-23 14:13:06.183070: Epoch time: 45.13 s
2026-06-23 14:13:07.924200: 
2026-06-23 14:13:07.924699: Epoch 90
2026-06-23 14:13:07.924896: Current learning rate: 0.00669
2026-06-23 14:13:53.042525: train_loss -0.3325
2026-06-23 14:13:53.043305: val_loss -0.2772
2026-06-23 14:13:53.043464: Pseudo dice [np.float32(0.7223)]
2026-06-23 14:13:53.043637: Epoch time: 45.12 s
2026-06-23 14:13:54.787036: 
2026-06-23 14:13:54.787487: Epoch 91
2026-06-23 14:13:54.787671: Current learning rate: 0.00665
2026-06-23 14:14:39.811882: train_loss -0.314
2026-06-23 14:14:39.812511: val_loss -0.2584
2026-06-23 14:14:39.812680: Pseudo dice [np.float32(0.6964)]
2026-06-23 14:14:39.812855: Epoch time: 45.03 s
2026-06-23 14:14:41.554143: 
2026-06-23 14:14:41.554674: Epoch 92
2026-06-23 14:14:41.554845: Current learning rate: 0.00662
2026-06-23 14:15:26.862328: train_loss -0.3245
2026-06-23 14:15:26.863001: val_loss -0.227
2026-06-23 14:15:26.863145: Pseudo dice [np.float32(0.6847)]
2026-06-23 14:15:26.863310: Epoch time: 45.31 s
2026-06-23 14:15:28.617170: 
2026-06-23 14:15:28.617734: Epoch 93
2026-06-23 14:15:28.618061: Current learning rate: 0.00658
2026-06-23 14:16:13.832749: train_loss -0.3189
2026-06-23 14:16:13.833227: val_loss -0.2538
2026-06-23 14:16:13.833377: Pseudo dice [np.float32(0.6883)]
2026-06-23 14:16:13.833545: Epoch time: 45.22 s
2026-06-23 14:16:15.580023: 
2026-06-23 14:16:15.580503: Epoch 94
2026-06-23 14:16:15.580675: Current learning rate: 0.00654
2026-06-23 14:17:00.664403: train_loss -0.3308
2026-06-23 14:17:00.664969: val_loss -0.2881
2026-06-23 14:17:00.665140: Pseudo dice [np.float32(0.7104)]
2026-06-23 14:17:00.665324: Epoch time: 45.09 s
2026-06-23 14:17:02.856753: 
2026-06-23 14:17:02.857263: Epoch 95
2026-06-23 14:17:02.857564: Current learning rate: 0.0065
2026-06-23 14:17:47.929970: train_loss -0.327
2026-06-23 14:17:47.930527: val_loss -0.3144
2026-06-23 14:17:47.930674: Pseudo dice [np.float32(0.7424)]
2026-06-23 14:17:47.930842: Epoch time: 45.08 s
2026-06-23 14:17:49.680727: 
2026-06-23 14:17:49.681277: Epoch 96
2026-06-23 14:17:49.681565: Current learning rate: 0.00647
2026-06-23 14:18:34.807751: train_loss -0.3407
2026-06-23 14:18:34.808264: val_loss -0.274
2026-06-23 14:18:34.808407: Pseudo dice [np.float32(0.715)]
2026-06-23 14:18:34.808575: Epoch time: 45.13 s
2026-06-23 14:18:36.573348: 
2026-06-23 14:18:36.573924: Epoch 97
2026-06-23 14:18:36.574198: Current learning rate: 0.00643
2026-06-23 14:19:21.824730: train_loss -0.3372
2026-06-23 14:19:21.825258: val_loss -0.2485
2026-06-23 14:19:21.825406: Pseudo dice [np.float32(0.7005)]
2026-06-23 14:19:21.825579: Epoch time: 45.25 s
2026-06-23 14:19:23.595367: 
2026-06-23 14:19:23.595864: Epoch 98
2026-06-23 14:19:23.596156: Current learning rate: 0.00639
2026-06-23 14:20:08.631236: train_loss -0.326
2026-06-23 14:20:08.634803: val_loss -0.2763
2026-06-23 14:20:08.634961: Pseudo dice [np.float32(0.7079)]
2026-06-23 14:20:08.635128: Epoch time: 45.04 s
2026-06-23 14:20:10.449392: 
2026-06-23 14:20:10.449874: Epoch 99
2026-06-23 14:20:10.450205: Current learning rate: 0.00635
2026-06-23 14:20:55.712352: train_loss -0.3266
2026-06-23 14:20:55.712942: val_loss -0.2842
2026-06-23 14:20:55.713086: Pseudo dice [np.float32(0.7117)]
2026-06-23 14:20:55.713259: Epoch time: 45.27 s
2026-06-23 14:20:58.016086: 
2026-06-23 14:20:58.016651: Epoch 100
2026-06-23 14:20:58.017004: Current learning rate: 0.00631
2026-06-23 14:21:43.359943: train_loss -0.326
2026-06-23 14:21:43.360427: val_loss -0.264
2026-06-23 14:21:43.360570: Pseudo dice [np.float32(0.6881)]
2026-06-23 14:21:43.360738: Epoch time: 45.35 s
2026-06-23 14:21:45.117079: 
2026-06-23 14:21:45.117598: Epoch 101
2026-06-23 14:21:45.117781: Current learning rate: 0.00628
2026-06-23 14:22:30.163781: train_loss -0.3244
2026-06-23 14:22:30.164321: val_loss -0.2699
2026-06-23 14:22:30.164501: Pseudo dice [np.float32(0.7065)]
2026-06-23 14:22:30.164760: Epoch time: 45.05 s
2026-06-23 14:22:31.953025: 
2026-06-23 14:22:31.953513: Epoch 102
2026-06-23 14:22:31.953918: Current learning rate: 0.00624
2026-06-23 14:23:17.120792: train_loss -0.3204
2026-06-23 14:23:17.122284: val_loss -0.2563
2026-06-23 14:23:17.122458: Pseudo dice [np.float32(0.7027)]
2026-06-23 14:23:17.122629: Epoch time: 45.17 s
2026-06-23 14:23:18.937271: 
2026-06-23 14:23:18.938036: Epoch 103
2026-06-23 14:23:18.938283: Current learning rate: 0.0062
2026-06-23 14:24:04.276351: train_loss -0.324
2026-06-23 14:24:04.276920: val_loss -0.2568
2026-06-23 14:24:04.277154: Pseudo dice [np.float32(0.7008)]
2026-06-23 14:24:04.277587: Epoch time: 45.34 s
2026-06-23 14:24:06.441054: 
2026-06-23 14:24:06.442017: Epoch 104
2026-06-23 14:24:06.442586: Current learning rate: 0.00616
2026-06-23 14:24:51.618640: train_loss -0.3121
2026-06-23 14:24:51.619281: val_loss -0.2753
2026-06-23 14:24:51.619435: Pseudo dice [np.float32(0.6962)]
2026-06-23 14:24:51.619615: Epoch time: 45.18 s
2026-06-23 14:24:53.397116: 
2026-06-23 14:24:53.397723: Epoch 105
2026-06-23 14:24:53.398024: Current learning rate: 0.00612
2026-06-23 14:25:38.592270: train_loss -0.3269
2026-06-23 14:25:38.592772: val_loss -0.2856
2026-06-23 14:25:38.592921: Pseudo dice [np.float32(0.715)]
2026-06-23 14:25:38.593092: Epoch time: 45.2 s
2026-06-23 14:25:40.362686: 
2026-06-23 14:25:40.363213: Epoch 106
2026-06-23 14:25:40.363421: Current learning rate: 0.00609
2026-06-23 14:26:25.497701: train_loss -0.3278
2026-06-23 14:26:25.498225: val_loss -0.2363
2026-06-23 14:26:25.498374: Pseudo dice [np.float32(0.6851)]
2026-06-23 14:26:25.498542: Epoch time: 45.14 s
2026-06-23 14:26:27.269808: 
2026-06-23 14:26:27.270433: Epoch 107
2026-06-23 14:26:27.270733: Current learning rate: 0.00605
2026-06-23 14:27:12.418970: train_loss -0.3335
2026-06-23 14:27:12.419585: val_loss -0.2573
2026-06-23 14:27:12.419729: Pseudo dice [np.float32(0.7067)]
2026-06-23 14:27:12.419907: Epoch time: 45.15 s
2026-06-23 14:27:14.187855: 
2026-06-23 14:27:14.188346: Epoch 108
2026-06-23 14:27:14.188536: Current learning rate: 0.00601
2026-06-23 14:27:59.270207: train_loss -0.3215
2026-06-23 14:27:59.270698: val_loss -0.2922
2026-06-23 14:27:59.270869: Pseudo dice [np.float32(0.7137)]
2026-06-23 14:27:59.271046: Epoch time: 45.09 s
2026-06-23 14:28:01.048557: 
2026-06-23 14:28:01.049007: Epoch 109
2026-06-23 14:28:01.049182: Current learning rate: 0.00597
2026-06-23 14:28:46.176785: train_loss -0.3336
2026-06-23 14:28:46.177364: val_loss -0.2792
2026-06-23 14:28:46.177518: Pseudo dice [np.float32(0.706)]
2026-06-23 14:28:46.177684: Epoch time: 45.13 s
2026-06-23 14:28:47.950267: 
2026-06-23 14:28:47.950605: Epoch 110
2026-06-23 14:28:47.950857: Current learning rate: 0.00593
2026-06-23 14:29:32.915325: train_loss -0.3366
2026-06-23 14:29:32.915906: val_loss -0.2558
2026-06-23 14:29:32.916049: Pseudo dice [np.float32(0.6947)]
2026-06-23 14:29:32.916212: Epoch time: 44.97 s
2026-06-23 14:29:34.693434: 
2026-06-23 14:29:34.693985: Epoch 111
2026-06-23 14:29:34.694166: Current learning rate: 0.0059
2026-06-23 14:30:19.745307: train_loss -0.3319
2026-06-23 14:30:19.745996: val_loss -0.2659
2026-06-23 14:30:19.746147: Pseudo dice [np.float32(0.6909)]
2026-06-23 14:30:19.746318: Epoch time: 45.06 s
2026-06-23 14:30:21.490668: 
2026-06-23 14:30:21.491186: Epoch 112
2026-06-23 14:30:21.491410: Current learning rate: 0.00586
2026-06-23 14:31:06.811680: train_loss -0.3246
2026-06-23 14:31:06.812784: val_loss -0.3322
2026-06-23 14:31:06.812951: Pseudo dice [np.float32(0.7323)]
2026-06-23 14:31:06.813119: Epoch time: 45.32 s
2026-06-23 14:31:09.020582: 
2026-06-23 14:31:09.021078: Epoch 113
2026-06-23 14:31:09.021261: Current learning rate: 0.00582
2026-06-23 14:31:54.027477: train_loss -0.3311
2026-06-23 14:31:54.028053: val_loss -0.3063
2026-06-23 14:31:54.028229: Pseudo dice [np.float32(0.7118)]
2026-06-23 14:31:54.028410: Epoch time: 45.01 s
2026-06-23 14:31:55.775521: 
2026-06-23 14:31:55.775869: Epoch 114
2026-06-23 14:31:55.776043: Current learning rate: 0.00578
2026-06-23 14:32:41.160620: train_loss -0.3322
2026-06-23 14:32:41.161203: val_loss -0.3068
2026-06-23 14:32:41.161349: Pseudo dice [np.float32(0.7296)]
2026-06-23 14:32:41.161549: Epoch time: 45.39 s
2026-06-23 14:32:42.908072: 
2026-06-23 14:32:42.908682: Epoch 115
2026-06-23 14:32:42.908976: Current learning rate: 0.00574
2026-06-23 14:33:28.401615: train_loss -0.3342
2026-06-23 14:33:28.402134: val_loss -0.316
2026-06-23 14:33:28.402284: Pseudo dice [np.float32(0.7288)]
2026-06-23 14:33:28.402453: Epoch time: 45.5 s
2026-06-23 14:33:30.161435: 
2026-06-23 14:33:30.162004: Epoch 116
2026-06-23 14:33:30.162205: Current learning rate: 0.0057
2026-06-23 14:34:15.239861: train_loss -0.3374
2026-06-23 14:34:15.240408: val_loss -0.248
2026-06-23 14:34:15.240558: Pseudo dice [np.float32(0.6992)]
2026-06-23 14:34:15.240735: Epoch time: 45.08 s
2026-06-23 14:34:16.998124: 
2026-06-23 14:34:16.998559: Epoch 117
2026-06-23 14:34:16.998737: Current learning rate: 0.00567
2026-06-23 14:35:02.283118: train_loss -0.339
2026-06-23 14:35:02.283618: val_loss -0.2979
2026-06-23 14:35:02.283762: Pseudo dice [np.float32(0.7266)]
2026-06-23 14:35:02.283934: Epoch time: 45.29 s
2026-06-23 14:35:04.037423: 
2026-06-23 14:35:04.037896: Epoch 118
2026-06-23 14:35:04.038120: Current learning rate: 0.00563
2026-06-23 14:35:49.188919: train_loss -0.3284
2026-06-23 14:35:49.189452: val_loss -0.3291
2026-06-23 14:35:49.189599: Pseudo dice [np.float32(0.7314)]
2026-06-23 14:35:49.189771: Epoch time: 45.15 s
2026-06-23 14:35:50.950320: 
2026-06-23 14:35:50.950756: Epoch 119
2026-06-23 14:35:50.950975: Current learning rate: 0.00559
2026-06-23 14:36:36.058194: train_loss -0.3348
2026-06-23 14:36:36.058687: val_loss -0.2765
2026-06-23 14:36:36.058829: Pseudo dice [np.float32(0.7021)]
2026-06-23 14:36:36.059009: Epoch time: 45.11 s
2026-06-23 14:36:37.821844: 
2026-06-23 14:36:37.822271: Epoch 120
2026-06-23 14:36:37.822480: Current learning rate: 0.00555
2026-06-23 14:37:23.117718: train_loss -0.3328
2026-06-23 14:37:23.118236: val_loss -0.307
2026-06-23 14:37:23.118378: Pseudo dice [np.float32(0.7272)]
2026-06-23 14:37:23.118542: Epoch time: 45.3 s
2026-06-23 14:37:24.889284: 
2026-06-23 14:37:24.889637: Epoch 121
2026-06-23 14:37:24.889818: Current learning rate: 0.00551
2026-06-23 14:38:09.994177: train_loss -0.3282
2026-06-23 14:38:09.994750: val_loss -0.296
2026-06-23 14:38:09.995096: Pseudo dice [np.float32(0.7114)]
2026-06-23 14:38:09.995280: Epoch time: 45.11 s
2026-06-23 14:38:12.258270: 
2026-06-23 14:38:12.258811: Epoch 122
2026-06-23 14:38:12.259145: Current learning rate: 0.00547
2026-06-23 14:38:57.287276: train_loss -0.3348
2026-06-23 14:38:57.287943: val_loss -0.2851
2026-06-23 14:38:57.288089: Pseudo dice [np.float32(0.7045)]
2026-06-23 14:38:57.288257: Epoch time: 45.03 s
2026-06-23 14:38:59.043877: 
2026-06-23 14:38:59.044233: Epoch 123
2026-06-23 14:38:59.044414: Current learning rate: 0.00544
2026-06-23 14:39:44.123930: train_loss -0.338
2026-06-23 14:39:44.124598: val_loss -0.2645
2026-06-23 14:39:44.124740: Pseudo dice [np.float32(0.7014)]
2026-06-23 14:39:44.124916: Epoch time: 45.08 s
2026-06-23 14:39:45.885222: 
2026-06-23 14:39:45.885700: Epoch 124
2026-06-23 14:39:45.886003: Current learning rate: 0.0054
2026-06-23 14:40:31.003044: train_loss -0.3399
2026-06-23 14:40:31.003994: val_loss -0.2835
2026-06-23 14:40:31.004157: Pseudo dice [np.float32(0.7047)]
2026-06-23 14:40:31.004328: Epoch time: 45.12 s
2026-06-23 14:40:32.785637: 
2026-06-23 14:40:32.786097: Epoch 125
2026-06-23 14:40:32.786278: Current learning rate: 0.00536
2026-06-23 14:41:18.040745: train_loss -0.3289
2026-06-23 14:41:18.041324: val_loss -0.3081
2026-06-23 14:41:18.041470: Pseudo dice [np.float32(0.7254)]
2026-06-23 14:41:18.041642: Epoch time: 45.26 s
2026-06-23 14:41:19.801722: 
2026-06-23 14:41:19.802126: Epoch 126
2026-06-23 14:41:19.802420: Current learning rate: 0.00532
2026-06-23 14:42:04.995364: train_loss -0.3315
2026-06-23 14:42:04.995916: val_loss -0.2751
2026-06-23 14:42:04.996085: Pseudo dice [np.float32(0.7114)]
2026-06-23 14:42:04.996260: Epoch time: 45.2 s
2026-06-23 14:42:06.763136: 
2026-06-23 14:42:06.763493: Epoch 127
2026-06-23 14:42:06.763703: Current learning rate: 0.00528
2026-06-23 14:42:52.037133: train_loss -0.3315
2026-06-23 14:42:52.037644: val_loss -0.2732
2026-06-23 14:42:52.037790: Pseudo dice [np.float32(0.704)]
2026-06-23 14:42:52.037967: Epoch time: 45.28 s
2026-06-23 14:42:53.811197: 
2026-06-23 14:42:53.811684: Epoch 128
2026-06-23 14:42:53.811885: Current learning rate: 0.00524
2026-06-23 14:43:38.818086: train_loss -0.3393
2026-06-23 14:43:38.818593: val_loss -0.3142
2026-06-23 14:43:38.818737: Pseudo dice [np.float32(0.7237)]
2026-06-23 14:43:38.818922: Epoch time: 45.01 s
2026-06-23 14:43:40.614013: 
2026-06-23 14:43:40.614570: Epoch 129
2026-06-23 14:43:40.614878: Current learning rate: 0.0052
2026-06-23 14:44:25.756875: train_loss -0.3232
2026-06-23 14:44:25.757363: val_loss -0.2669
2026-06-23 14:44:25.757503: Pseudo dice [np.float32(0.7005)]
2026-06-23 14:44:25.757673: Epoch time: 45.15 s
2026-06-23 14:44:27.520110: 
2026-06-23 14:44:27.520390: Epoch 130
2026-06-23 14:44:27.520562: Current learning rate: 0.00517
2026-06-23 14:45:12.543134: train_loss -0.3229
2026-06-23 14:45:12.543697: val_loss -0.2641
2026-06-23 14:45:12.543874: Pseudo dice [np.float32(0.6938)]
2026-06-23 14:45:12.544068: Epoch time: 45.03 s
2026-06-23 14:45:14.732908: 
2026-06-23 14:45:14.733422: Epoch 131
2026-06-23 14:45:14.733618: Current learning rate: 0.00513
2026-06-23 14:45:59.723314: train_loss -0.3472
2026-06-23 14:45:59.723869: val_loss -0.3193
2026-06-23 14:45:59.724039: Pseudo dice [np.float32(0.7252)]
2026-06-23 14:45:59.724212: Epoch time: 44.99 s
2026-06-23 14:46:01.496524: 
2026-06-23 14:46:01.497081: Epoch 132
2026-06-23 14:46:01.497373: Current learning rate: 0.00509
2026-06-23 14:46:46.645298: train_loss -0.3276
2026-06-23 14:46:46.645877: val_loss -0.2648
2026-06-23 14:46:46.646021: Pseudo dice [np.float32(0.7056)]
2026-06-23 14:46:46.646193: Epoch time: 45.15 s
2026-06-23 14:46:48.421259: 
2026-06-23 14:46:48.421819: Epoch 133
2026-06-23 14:46:48.422137: Current learning rate: 0.00505
2026-06-23 14:47:33.433923: train_loss -0.3257
2026-06-23 14:47:33.434530: val_loss -0.2675
2026-06-23 14:47:33.434717: Pseudo dice [np.float32(0.6915)]
2026-06-23 14:47:33.434909: Epoch time: 45.02 s
2026-06-23 14:47:35.206385: 
2026-06-23 14:47:35.206814: Epoch 134
2026-06-23 14:47:35.207159: Current learning rate: 0.00501
2026-06-23 14:48:20.372288: train_loss -0.3337
2026-06-23 14:48:20.372798: val_loss -0.27
2026-06-23 14:48:20.372954: Pseudo dice [np.float32(0.6936)]
2026-06-23 14:48:20.373129: Epoch time: 45.17 s
2026-06-23 14:48:22.171665: 
2026-06-23 14:48:22.172252: Epoch 135
2026-06-23 14:48:22.172525: Current learning rate: 0.00497
2026-06-23 14:49:07.295424: train_loss -0.3315
2026-06-23 14:49:07.296164: val_loss -0.292
2026-06-23 14:49:07.296325: Pseudo dice [np.float32(0.7121)]
2026-06-23 14:49:07.296498: Epoch time: 45.13 s
2026-06-23 14:49:09.088777: 
2026-06-23 14:49:09.089279: Epoch 136
2026-06-23 14:49:09.089458: Current learning rate: 0.00493
2026-06-23 14:49:54.339499: train_loss -0.3339
2026-06-23 14:49:54.340257: val_loss -0.2625
2026-06-23 14:49:54.340407: Pseudo dice [np.float32(0.71)]
2026-06-23 14:49:54.340571: Epoch time: 45.25 s
2026-06-23 14:49:56.138226: 
2026-06-23 14:49:56.138675: Epoch 137
2026-06-23 14:49:56.138928: Current learning rate: 0.00489
2026-06-23 14:50:41.247362: train_loss -0.3392
2026-06-23 14:50:41.248527: val_loss -0.2731
2026-06-23 14:50:41.248790: Pseudo dice [np.float32(0.7134)]
2026-06-23 14:50:41.248970: Epoch time: 45.11 s
2026-06-23 14:50:43.029583: 
2026-06-23 14:50:43.030015: Epoch 138
2026-06-23 14:50:43.030194: Current learning rate: 0.00485
2026-06-23 14:51:28.138289: train_loss -0.3287
2026-06-23 14:51:28.139029: val_loss -0.297
2026-06-23 14:51:28.139184: Pseudo dice [np.float32(0.7108)]
2026-06-23 14:51:28.139354: Epoch time: 45.11 s
2026-06-23 14:51:30.376382: 
2026-06-23 14:51:30.376970: Epoch 139
2026-06-23 14:51:30.377175: Current learning rate: 0.00482
2026-06-23 14:52:15.588026: train_loss -0.3368
2026-06-23 14:52:15.588542: val_loss -0.3081
2026-06-23 14:52:15.588694: Pseudo dice [np.float32(0.7085)]
2026-06-23 14:52:15.588882: Epoch time: 45.21 s
2026-06-23 14:52:17.381950: 
2026-06-23 14:52:17.382505: Epoch 140
2026-06-23 14:52:17.382865: Current learning rate: 0.00478
2026-06-23 14:53:02.394305: train_loss -0.3414
2026-06-23 14:53:02.394995: val_loss -0.2819
2026-06-23 14:53:02.395143: Pseudo dice [np.float32(0.7145)]
2026-06-23 14:53:02.395321: Epoch time: 45.02 s
2026-06-23 14:53:04.224550: 
2026-06-23 14:53:04.225002: Epoch 141
2026-06-23 14:53:04.225181: Current learning rate: 0.00474
2026-06-23 14:53:49.422543: train_loss -0.3376
2026-06-23 14:53:49.423084: val_loss -0.2676
2026-06-23 14:53:49.423222: Pseudo dice [np.float32(0.7034)]
2026-06-23 14:53:49.423392: Epoch time: 45.2 s
2026-06-23 14:53:51.250545: 
2026-06-23 14:53:51.250979: Epoch 142
2026-06-23 14:53:51.251284: Current learning rate: 0.0047
2026-06-23 14:54:36.360041: train_loss -0.3394
2026-06-23 14:54:36.360529: val_loss -0.3013
2026-06-23 14:54:36.360666: Pseudo dice [np.float32(0.7223)]
2026-06-23 14:54:36.360831: Epoch time: 45.11 s
2026-06-23 14:54:38.153610: 
2026-06-23 14:54:38.154089: Epoch 143
2026-06-23 14:54:38.154273: Current learning rate: 0.00466
2026-06-23 14:55:23.149420: train_loss -0.3348
2026-06-23 14:55:23.150165: val_loss -0.2772
2026-06-23 14:55:23.150575: Pseudo dice [np.float32(0.7114)]
2026-06-23 14:55:23.150929: Epoch time: 45.0 s
2026-06-23 14:55:24.939924: 
2026-06-23 14:55:24.940453: Epoch 144
2026-06-23 14:55:24.940645: Current learning rate: 0.00462
2026-06-23 14:56:10.221810: train_loss -0.2968
2026-06-23 14:56:10.222343: val_loss -0.2655
2026-06-23 14:56:10.222483: Pseudo dice [np.float32(0.7055)]
2026-06-23 14:56:10.222655: Epoch time: 45.29 s
2026-06-23 14:56:12.017597: 
2026-06-23 14:56:12.017968: Epoch 145
2026-06-23 14:56:12.018257: Current learning rate: 0.00458
2026-06-23 14:56:57.173941: train_loss -0.3285
2026-06-23 14:56:57.174445: val_loss -0.2768
2026-06-23 14:56:57.174588: Pseudo dice [np.float32(0.7033)]
2026-06-23 14:56:57.174752: Epoch time: 45.16 s
2026-06-23 14:56:58.965470: 
2026-06-23 14:56:58.965953: Epoch 146
2026-06-23 14:56:58.966231: Current learning rate: 0.00454
2026-06-23 14:57:43.940337: train_loss -0.3303
2026-06-23 14:57:43.940838: val_loss -0.2691
2026-06-23 14:57:43.940990: Pseudo dice [np.float32(0.7073)]
2026-06-23 14:57:43.941262: Epoch time: 44.98 s
2026-06-23 14:57:45.768740: 
2026-06-23 14:57:45.769340: Epoch 147
2026-06-23 14:57:45.769705: Current learning rate: 0.0045
2026-06-23 14:58:30.814559: train_loss -0.3333
2026-06-23 14:58:30.815053: val_loss -0.2828
2026-06-23 14:58:30.815195: Pseudo dice [np.float32(0.7211)]
2026-06-23 14:58:30.815368: Epoch time: 45.05 s
2026-06-23 14:58:33.111454: 
2026-06-23 14:58:33.111899: Epoch 148
2026-06-23 14:58:33.112081: Current learning rate: 0.00446
2026-06-23 14:59:18.111347: train_loss -0.3238
2026-06-23 14:59:18.111871: val_loss -0.2502
2026-06-23 14:59:18.112021: Pseudo dice [np.float32(0.6937)]
2026-06-23 14:59:18.112191: Epoch time: 45.0 s
2026-06-23 14:59:19.910038: 
2026-06-23 14:59:19.910610: Epoch 149
2026-06-23 14:59:19.910924: Current learning rate: 0.00442
2026-06-23 15:00:05: train_loss -0.3233
2026-06-23 15:00:05.000636: val_loss -0.2818
2026-06-23 15:00:05.000799: Pseudo dice [np.float32(0.7119)]
2026-06-23 15:00:05.000980: Epoch time: 45.09 s
2026-06-23 15:00:07.351404: 
2026-06-23 15:00:07.351960: Epoch 150
2026-06-23 15:00:07.352280: Current learning rate: 0.00438
2026-06-23 15:00:52.638994: train_loss -0.3263
2026-06-23 15:00:52.639454: val_loss -0.2913
2026-06-23 15:00:52.639596: Pseudo dice [np.float32(0.7249)]
2026-06-23 15:00:52.639768: Epoch time: 45.29 s
2026-06-23 15:00:54.428128: 
2026-06-23 15:00:54.428680: Epoch 151
2026-06-23 15:00:54.428876: Current learning rate: 0.00434
2026-06-23 15:01:39.447576: train_loss -0.341
2026-06-23 15:01:39.448193: val_loss -0.2994
2026-06-23 15:01:39.448339: Pseudo dice [np.float32(0.7173)]
2026-06-23 15:01:39.448514: Epoch time: 45.02 s
2026-06-23 15:01:41.242868: 
2026-06-23 15:01:41.243363: Epoch 152
2026-06-23 15:01:41.243643: Current learning rate: 0.0043
2026-06-23 15:02:26.473804: train_loss -0.3365
2026-06-23 15:02:26.474361: val_loss -0.2639
2026-06-23 15:02:26.474511: Pseudo dice [np.float32(0.7097)]
2026-06-23 15:02:26.474684: Epoch time: 45.23 s
2026-06-23 15:02:28.265558: 
2026-06-23 15:02:28.266128: Epoch 153
2026-06-23 15:02:28.266415: Current learning rate: 0.00427
2026-06-23 15:03:13.517026: train_loss -0.3324
2026-06-23 15:03:13.517699: val_loss -0.257
2026-06-23 15:03:13.517861: Pseudo dice [np.float32(0.7045)]
2026-06-23 15:03:13.518031: Epoch time: 45.25 s
2026-06-23 15:03:15.328050: 
2026-06-23 15:03:15.328470: Epoch 154
2026-06-23 15:03:15.328667: Current learning rate: 0.00423
2026-06-23 15:04:00.442725: train_loss -0.3362
2026-06-23 15:04:00.443281: val_loss -0.2851
2026-06-23 15:04:00.443427: Pseudo dice [np.float32(0.7149)]
2026-06-23 15:04:00.443599: Epoch time: 45.12 s
2026-06-23 15:04:02.251185: 
2026-06-23 15:04:02.251539: Epoch 155
2026-06-23 15:04:02.251718: Current learning rate: 0.00419
2026-06-23 15:04:47.609805: train_loss -0.344
2026-06-23 15:04:47.610260: val_loss -0.2725
2026-06-23 15:04:47.610405: Pseudo dice [np.float32(0.7034)]
2026-06-23 15:04:47.610577: Epoch time: 45.36 s
2026-06-23 15:04:49.849635: 
2026-06-23 15:04:49.850180: Epoch 156
2026-06-23 15:04:49.850372: Current learning rate: 0.00415
2026-06-23 15:05:35.067549: train_loss -0.3129
2026-06-23 15:05:35.068077: val_loss -0.2849
2026-06-23 15:05:35.068223: Pseudo dice [np.float32(0.7099)]
2026-06-23 15:05:35.068397: Epoch time: 45.22 s
2026-06-23 15:05:36.882972: 
2026-06-23 15:05:36.883529: Epoch 157
2026-06-23 15:05:36.883865: Current learning rate: 0.00411
2026-06-23 15:06:22.031088: train_loss -0.3233
2026-06-23 15:06:22.031861: val_loss -0.3077
2026-06-23 15:06:22.032017: Pseudo dice [np.float32(0.7115)]
2026-06-23 15:06:22.032208: Epoch time: 45.15 s
2026-06-23 15:06:23.883303: 
2026-06-23 15:06:23.883766: Epoch 158
2026-06-23 15:06:23.883958: Current learning rate: 0.00407
2026-06-23 15:07:09.318024: train_loss -0.3353
2026-06-23 15:07:09.318672: val_loss -0.2751
2026-06-23 15:07:09.318816: Pseudo dice [np.float32(0.7161)]
2026-06-23 15:07:09.319020: Epoch time: 45.44 s
2026-06-23 15:07:11.140203: 
2026-06-23 15:07:11.140705: Epoch 159
2026-06-23 15:07:11.141152: Current learning rate: 0.00403
2026-06-23 15:07:56.492012: train_loss -0.3383
2026-06-23 15:07:56.492521: val_loss -0.2797
2026-06-23 15:07:56.492668: Pseudo dice [np.float32(0.7078)]
2026-06-23 15:07:56.492845: Epoch time: 45.36 s
2026-06-23 15:07:58.305670: 
2026-06-23 15:07:58.306191: Epoch 160
2026-06-23 15:07:58.306369: Current learning rate: 0.00399
2026-06-23 15:08:43.549602: train_loss -0.3347
2026-06-23 15:08:43.550081: val_loss -0.3058
2026-06-23 15:08:43.550228: Pseudo dice [np.float32(0.7299)]
2026-06-23 15:08:43.550400: Epoch time: 45.25 s
2026-06-23 15:08:45.362533: 
2026-06-23 15:08:45.363020: Epoch 161
2026-06-23 15:08:45.363234: Current learning rate: 0.00395
2026-06-23 15:09:30.858018: train_loss -0.3425
2026-06-23 15:09:30.858668: val_loss -0.2731
2026-06-23 15:09:30.858821: Pseudo dice [np.float32(0.7103)]
2026-06-23 15:09:30.859003: Epoch time: 45.5 s
2026-06-23 15:09:32.671764: 
2026-06-23 15:09:32.672124: Epoch 162
2026-06-23 15:09:32.672297: Current learning rate: 0.00391
2026-06-23 15:10:18.008961: train_loss -0.3405
2026-06-23 15:10:18.009462: val_loss -0.2778
2026-06-23 15:10:18.010236: Pseudo dice [np.float32(0.7153)]
2026-06-23 15:10:18.010426: Epoch time: 45.34 s
2026-06-23 15:10:19.824412: 
2026-06-23 15:10:19.824924: Epoch 163
2026-06-23 15:10:19.825230: Current learning rate: 0.00387
2026-06-23 15:11:05.264440: train_loss -0.3345
2026-06-23 15:11:05.264941: val_loss -0.2803
2026-06-23 15:11:05.265090: Pseudo dice [np.float32(0.718)]
2026-06-23 15:11:05.265257: Epoch time: 45.45 s
2026-06-23 15:11:07.509856: 
2026-06-23 15:11:07.510195: Epoch 164
2026-06-23 15:11:07.510364: Current learning rate: 0.00383
2026-06-23 15:11:52.729810: train_loss -0.3335
2026-06-23 15:11:52.730433: val_loss -0.2628
2026-06-23 15:11:52.730582: Pseudo dice [np.float32(0.71)]
2026-06-23 15:11:52.730752: Epoch time: 45.22 s
2026-06-23 15:11:54.514448: 
2026-06-23 15:11:54.514824: Epoch 165
2026-06-23 15:11:54.515003: Current learning rate: 0.00379
2026-06-23 15:12:39.800458: train_loss -0.3434
2026-06-23 15:12:39.801083: val_loss -0.3098
2026-06-23 15:12:39.801243: Pseudo dice [np.float32(0.7278)]
2026-06-23 15:12:39.801419: Epoch time: 45.29 s
2026-06-23 15:12:41.590688: 
2026-06-23 15:12:41.591146: Epoch 166
2026-06-23 15:12:41.591362: Current learning rate: 0.00375
2026-06-23 15:13:26.777665: train_loss -0.3402
2026-06-23 15:13:26.778229: val_loss -0.2863
2026-06-23 15:13:26.778375: Pseudo dice [np.float32(0.7129)]
2026-06-23 15:13:26.778541: Epoch time: 45.19 s
2026-06-23 15:13:28.561894: 
2026-06-23 15:13:28.562349: Epoch 167
2026-06-23 15:13:28.562623: Current learning rate: 0.00371
2026-06-23 15:14:13.729779: train_loss -0.3329
2026-06-23 15:14:13.730425: val_loss -0.2875
2026-06-23 15:14:13.730572: Pseudo dice [np.float32(0.7193)]
2026-06-23 15:14:13.730739: Epoch time: 45.17 s
2026-06-23 15:14:15.532092: 
2026-06-23 15:14:15.532513: Epoch 168
2026-06-23 15:14:15.532792: Current learning rate: 0.00367
2026-06-23 15:15:00.573607: train_loss -0.341
2026-06-23 15:15:00.574123: val_loss -0.27
2026-06-23 15:15:00.574271: Pseudo dice [np.float32(0.7024)]
2026-06-23 15:15:00.574437: Epoch time: 45.04 s
2026-06-23 15:15:02.380271: 
2026-06-23 15:15:02.380894: Epoch 169
2026-06-23 15:15:02.381164: Current learning rate: 0.00363
2026-06-23 15:15:47.726609: train_loss -0.3369
2026-06-23 15:15:47.727093: val_loss -0.2725
2026-06-23 15:15:47.727241: Pseudo dice [np.float32(0.7088)]
2026-06-23 15:15:47.727410: Epoch time: 45.35 s
2026-06-23 15:15:49.526610: 
2026-06-23 15:15:49.527175: Epoch 170
2026-06-23 15:15:49.527462: Current learning rate: 0.00359
2026-06-23 15:16:34.544270: train_loss -0.3412
2026-06-23 15:16:34.544797: val_loss -0.2695
2026-06-23 15:16:34.544957: Pseudo dice [np.float32(0.7018)]
2026-06-23 15:16:34.545127: Epoch time: 45.02 s
2026-06-23 15:16:36.360459: 
2026-06-23 15:16:36.360903: Epoch 171
2026-06-23 15:16:36.361196: Current learning rate: 0.00355
2026-06-23 15:17:21.518029: train_loss -0.3389
2026-06-23 15:17:21.518550: val_loss -0.313
2026-06-23 15:17:21.518704: Pseudo dice [np.float32(0.7263)]
2026-06-23 15:17:21.518895: Epoch time: 45.16 s
2026-06-23 15:17:23.313140: 
2026-06-23 15:17:23.313604: Epoch 172
2026-06-23 15:17:23.313792: Current learning rate: 0.00351
2026-06-23 15:18:08.485889: train_loss -0.3328
2026-06-23 15:18:08.486307: val_loss -0.2854
2026-06-23 15:18:08.486447: Pseudo dice [np.float32(0.7137)]
2026-06-23 15:18:08.486611: Epoch time: 45.18 s
2026-06-23 15:18:10.716314: 
2026-06-23 15:18:10.716887: Epoch 173
2026-06-23 15:18:10.717084: Current learning rate: 0.00346
2026-06-23 15:18:55.916193: train_loss -0.3338
2026-06-23 15:18:55.916713: val_loss -0.3149
2026-06-23 15:18:55.916877: Pseudo dice [np.float32(0.7279)]
2026-06-23 15:18:55.917048: Epoch time: 45.2 s
2026-06-23 15:18:57.721464: 
2026-06-23 15:18:57.722125: Epoch 174
2026-06-23 15:18:57.722452: Current learning rate: 0.00342
2026-06-23 15:19:42.965549: train_loss -0.3354
2026-06-23 15:19:42.966020: val_loss -0.2776
2026-06-23 15:19:42.966166: Pseudo dice [np.float32(0.7022)]
2026-06-23 15:19:42.966331: Epoch time: 45.25 s
2026-06-23 15:19:44.756774: 
2026-06-23 15:19:44.757288: Epoch 175
2026-06-23 15:19:44.757467: Current learning rate: 0.00338
2026-06-23 15:20:29.957364: train_loss -0.3409
2026-06-23 15:20:29.957909: val_loss -0.287
2026-06-23 15:20:29.958080: Pseudo dice [np.float32(0.7127)]
2026-06-23 15:20:29.958257: Epoch time: 45.2 s
2026-06-23 15:20:31.760950: 
2026-06-23 15:20:31.761605: Epoch 176
2026-06-23 15:20:31.761903: Current learning rate: 0.00334
2026-06-23 15:21:16.932832: train_loss -0.3485
2026-06-23 15:21:16.933424: val_loss -0.275
2026-06-23 15:21:16.933567: Pseudo dice [np.float32(0.7143)]
2026-06-23 15:21:16.933734: Epoch time: 45.18 s
2026-06-23 15:21:18.741617: 
2026-06-23 15:21:18.742100: Epoch 177
2026-06-23 15:21:18.742285: Current learning rate: 0.0033
2026-06-23 15:22:04.117786: train_loss -0.3361
2026-06-23 15:22:04.118316: val_loss -0.2786
2026-06-23 15:22:04.118457: Pseudo dice [np.float32(0.7202)]
2026-06-23 15:22:04.118630: Epoch time: 45.38 s
2026-06-23 15:22:05.971786: 
2026-06-23 15:22:05.972321: Epoch 178
2026-06-23 15:22:05.972614: Current learning rate: 0.00326
2026-06-23 15:22:51.021305: train_loss -0.3409
2026-06-23 15:22:51.021861: val_loss -0.2994
2026-06-23 15:22:51.022011: Pseudo dice [np.float32(0.7139)]
2026-06-23 15:22:51.022177: Epoch time: 45.05 s
2026-06-23 15:22:52.840545: 
2026-06-23 15:22:52.840929: Epoch 179
2026-06-23 15:22:52.841209: Current learning rate: 0.00322
2026-06-23 15:23:37.934681: train_loss -0.3402
2026-06-23 15:23:37.935303: val_loss -0.2605
2026-06-23 15:23:37.935443: Pseudo dice [np.float32(0.7037)]
2026-06-23 15:23:37.935607: Epoch time: 45.1 s
2026-06-23 15:23:39.739293: 
2026-06-23 15:23:39.739668: Epoch 180
2026-06-23 15:23:39.739951: Current learning rate: 0.00318
2026-06-23 15:24:24.969223: train_loss -0.3454
2026-06-23 15:24:24.969692: val_loss -0.2894
2026-06-23 15:24:24.969834: Pseudo dice [np.float32(0.7205)]
2026-06-23 15:24:24.970014: Epoch time: 45.23 s
2026-06-23 15:24:27.591212: 
2026-06-23 15:24:27.592320: Epoch 181
2026-06-23 15:24:27.593125: Current learning rate: 0.00314
2026-06-23 15:25:12.814539: train_loss -0.3489
2026-06-23 15:25:12.815161: val_loss -0.2854
2026-06-23 15:25:12.816884: Pseudo dice [np.float32(0.7088)]
2026-06-23 15:25:12.817150: Epoch time: 45.23 s
2026-06-23 15:25:14.652651: 
2026-06-23 15:25:14.653518: Epoch 182
2026-06-23 15:25:14.653791: Current learning rate: 0.0031
2026-06-23 15:25:59.758923: train_loss -0.3431
2026-06-23 15:25:59.759400: val_loss -0.2775
2026-06-23 15:25:59.759544: Pseudo dice [np.float32(0.7162)]
2026-06-23 15:25:59.759712: Epoch time: 45.11 s
2026-06-23 15:26:01.577592: 
2026-06-23 15:26:01.577988: Epoch 183
2026-06-23 15:26:01.578169: Current learning rate: 0.00306
2026-06-23 15:26:46.602894: train_loss -0.3534
2026-06-23 15:26:46.603553: val_loss -0.2933
2026-06-23 15:26:46.603723: Pseudo dice [np.float32(0.7188)]
2026-06-23 15:26:46.603915: Epoch time: 45.03 s
2026-06-23 15:26:48.418027: 
2026-06-23 15:26:48.418480: Epoch 184
2026-06-23 15:26:48.418661: Current learning rate: 0.00302
2026-06-23 15:27:33.340698: train_loss -0.349
2026-06-23 15:27:33.341405: val_loss -0.3074
2026-06-23 15:27:33.341550: Pseudo dice [np.float32(0.7353)]
2026-06-23 15:27:33.341717: Epoch time: 44.93 s
2026-06-23 15:27:35.146836: 
2026-06-23 15:27:35.147454: Epoch 185
2026-06-23 15:27:35.147767: Current learning rate: 0.00297
2026-06-23 15:28:20.225003: train_loss -0.3502
2026-06-23 15:28:20.225627: val_loss -0.2544
2026-06-23 15:28:20.225771: Pseudo dice [np.float32(0.7056)]
2026-06-23 15:28:20.225948: Epoch time: 45.08 s
2026-06-23 15:28:22.033054: 
2026-06-23 15:28:22.033392: Epoch 186
2026-06-23 15:28:22.033616: Current learning rate: 0.00293
2026-06-23 15:29:07.257941: train_loss -0.3474
2026-06-23 15:29:07.258458: val_loss -0.3051
2026-06-23 15:29:07.258607: Pseudo dice [np.float32(0.7184)]
2026-06-23 15:29:07.258769: Epoch time: 45.23 s
2026-06-23 15:29:09.069185: 
2026-06-23 15:29:09.069649: Epoch 187
2026-06-23 15:29:09.069920: Current learning rate: 0.00289
2026-06-23 15:29:54.295587: train_loss -0.3454
2026-06-23 15:29:54.296264: val_loss -0.2824
2026-06-23 15:29:54.297113: Pseudo dice [np.float32(0.7181)]
2026-06-23 15:29:54.297301: Epoch time: 45.23 s
2026-06-23 15:29:56.099885: 
2026-06-23 15:29:56.100363: Epoch 188
2026-06-23 15:29:56.100656: Current learning rate: 0.00285
2026-06-23 15:30:41.276908: train_loss -0.3431
2026-06-23 15:30:41.279108: val_loss -0.2892
2026-06-23 15:30:41.279265: Pseudo dice [np.float32(0.7224)]
2026-06-23 15:30:41.279438: Epoch time: 45.18 s
2026-06-23 15:30:43.095062: 
2026-06-23 15:30:43.095623: Epoch 189
2026-06-23 15:30:43.095806: Current learning rate: 0.00281
2026-06-23 15:31:28.202133: train_loss -0.3439
2026-06-23 15:31:28.202618: val_loss -0.3044
2026-06-23 15:31:28.202766: Pseudo dice [np.float32(0.7226)]
2026-06-23 15:31:28.202947: Epoch time: 45.11 s
2026-06-23 15:31:30.540881: 
2026-06-23 15:31:30.541414: Epoch 190
2026-06-23 15:31:30.541600: Current learning rate: 0.00277
2026-06-23 15:32:15.733539: train_loss -0.3458
2026-06-23 15:32:15.734238: val_loss -0.2534
2026-06-23 15:32:15.734400: Pseudo dice [np.float32(0.7094)]
2026-06-23 15:32:15.734586: Epoch time: 45.2 s
2026-06-23 15:32:17.585128: 
2026-06-23 15:32:17.585616: Epoch 191
2026-06-23 15:32:17.585919: Current learning rate: 0.00273
2026-06-23 15:33:02.748740: train_loss -0.3457
2026-06-23 15:33:02.749745: val_loss -0.2725
2026-06-23 15:33:02.749939: Pseudo dice [np.float32(0.705)]
2026-06-23 15:33:02.750159: Epoch time: 45.17 s
2026-06-23 15:33:04.621407: 
2026-06-23 15:33:04.622129: Epoch 192
2026-06-23 15:33:04.622415: Current learning rate: 0.00268
2026-06-23 15:33:49.734762: train_loss -0.348
2026-06-23 15:33:49.735300: val_loss -0.2938
2026-06-23 15:33:49.735448: Pseudo dice [np.float32(0.7061)]
2026-06-23 15:33:49.735635: Epoch time: 45.12 s
2026-06-23 15:33:51.589451: 
2026-06-23 15:33:51.589914: Epoch 193
2026-06-23 15:33:51.590132: Current learning rate: 0.00264
2026-06-23 15:34:36.908263: train_loss -0.3412
2026-06-23 15:34:36.909030: val_loss -0.2797
2026-06-23 15:34:36.909193: Pseudo dice [np.float32(0.7126)]
2026-06-23 15:34:36.909407: Epoch time: 45.32 s
2026-06-23 15:34:38.743782: 
2026-06-23 15:34:38.744297: Epoch 194
2026-06-23 15:34:38.744474: Current learning rate: 0.0026
2026-06-23 15:35:23.860615: train_loss -0.3435
2026-06-23 15:35:23.861341: val_loss -0.2792
2026-06-23 15:35:23.861491: Pseudo dice [np.float32(0.7051)]
2026-06-23 15:35:23.861667: Epoch time: 45.12 s
2026-06-23 15:35:25.686537: 
2026-06-23 15:35:25.687110: Epoch 195
2026-06-23 15:35:25.687403: Current learning rate: 0.00256
2026-06-23 15:36:10.791488: train_loss -0.3461
2026-06-23 15:36:10.792011: val_loss -0.2773
2026-06-23 15:36:10.792162: Pseudo dice [np.float32(0.7107)]
2026-06-23 15:36:10.792331: Epoch time: 45.11 s
2026-06-23 15:36:12.621515: 
2026-06-23 15:36:12.621970: Epoch 196
2026-06-23 15:36:12.622269: Current learning rate: 0.00252
2026-06-23 15:36:57.920046: train_loss -0.346
2026-06-23 15:36:57.920487: val_loss -0.2975
2026-06-23 15:36:57.920629: Pseudo dice [np.float32(0.7283)]
2026-06-23 15:36:57.920796: Epoch time: 45.3 s
2026-06-23 15:36:59.749494: 
2026-06-23 15:36:59.749971: Epoch 197
2026-06-23 15:36:59.750251: Current learning rate: 0.00248
2026-06-23 15:37:44.790553: train_loss -0.3405
2026-06-23 15:37:44.791092: val_loss -0.2841
2026-06-23 15:37:44.791268: Pseudo dice [np.float32(0.7182)]
2026-06-23 15:37:44.791442: Epoch time: 45.04 s
2026-06-23 15:37:47.192506: 
2026-06-23 15:37:47.192942: Epoch 198
2026-06-23 15:37:47.193129: Current learning rate: 0.00243
2026-06-23 15:38:32.468472: train_loss -0.3386
2026-06-23 15:38:32.469100: val_loss -0.2984
2026-06-23 15:38:32.469244: Pseudo dice [np.float32(0.7238)]
2026-06-23 15:38:32.469414: Epoch time: 45.28 s
2026-06-23 15:38:34.296530: 
2026-06-23 15:38:34.297045: Epoch 199
2026-06-23 15:38:34.297345: Current learning rate: 0.00239
2026-06-23 15:39:19.492934: train_loss -0.3394
2026-06-23 15:39:19.493505: val_loss -0.2696
2026-06-23 15:39:19.493649: Pseudo dice [np.float32(0.7097)]
2026-06-23 15:39:19.493815: Epoch time: 45.2 s
2026-06-23 15:39:21.873124: 
2026-06-23 15:39:21.873667: Epoch 200
2026-06-23 15:39:21.873991: Current learning rate: 0.00235
2026-06-23 15:40:07.224104: train_loss -0.3435
2026-06-23 15:40:07.224771: val_loss -0.2897
2026-06-23 15:40:07.225070: Pseudo dice [np.float32(0.7129)]
2026-06-23 15:40:07.225264: Epoch time: 45.35 s
2026-06-23 15:40:09.063231: 
2026-06-23 15:40:09.063760: Epoch 201
2026-06-23 15:40:09.064054: Current learning rate: 0.00231
2026-06-23 15:40:54.277125: train_loss -0.3422
2026-06-23 15:40:54.277649: val_loss -0.2781
2026-06-23 15:40:54.277814: Pseudo dice [np.float32(0.7225)]
2026-06-23 15:40:54.278073: Epoch time: 45.22 s
2026-06-23 15:40:56.105694: 
2026-06-23 15:40:56.106050: Epoch 202
2026-06-23 15:40:56.106231: Current learning rate: 0.00226
2026-06-23 15:41:41.534612: train_loss -0.3365
2026-06-23 15:41:41.535121: val_loss -0.2799
2026-06-23 15:41:41.535265: Pseudo dice [np.float32(0.7215)]
2026-06-23 15:41:41.535438: Epoch time: 45.43 s
2026-06-23 15:41:43.367811: 
2026-06-23 15:41:43.368322: Epoch 203
2026-06-23 15:41:43.368537: Current learning rate: 0.00222
2026-06-23 15:42:28.868817: train_loss -0.3353
2026-06-23 15:42:28.869591: val_loss -0.27
2026-06-23 15:42:28.869745: Pseudo dice [np.float32(0.7122)]
2026-06-23 15:42:28.869928: Epoch time: 45.5 s
2026-06-23 15:42:30.709419: 
2026-06-23 15:42:30.709972: Epoch 204
2026-06-23 15:42:30.710231: Current learning rate: 0.00218
2026-06-23 15:43:15.892345: train_loss -0.3415
2026-06-23 15:43:15.892802: val_loss -0.2566
2026-06-23 15:43:15.892955: Pseudo dice [np.float32(0.7045)]
2026-06-23 15:43:15.893127: Epoch time: 45.19 s
2026-06-23 15:43:17.728415: 
2026-06-23 15:43:17.728863: Epoch 205
2026-06-23 15:43:17.729050: Current learning rate: 0.00214
2026-06-23 15:44:02.811780: train_loss -0.346
2026-06-23 15:44:02.812381: val_loss -0.2579
2026-06-23 15:44:02.812529: Pseudo dice [np.float32(0.7022)]
2026-06-23 15:44:02.812696: Epoch time: 45.09 s
2026-06-23 15:44:04.588617: 
2026-06-23 15:44:04.588989: Epoch 206
2026-06-23 15:44:04.589167: Current learning rate: 0.00209
2026-06-23 15:44:49.650013: train_loss -0.3439
2026-06-23 15:44:49.650528: val_loss -0.2715
2026-06-23 15:44:49.650673: Pseudo dice [np.float32(0.7034)]
2026-06-23 15:44:49.650837: Epoch time: 45.06 s
2026-06-23 15:44:51.874648: 
2026-06-23 15:44:51.875123: Epoch 207
2026-06-23 15:44:51.875338: Current learning rate: 0.00205
2026-06-23 15:45:37.040098: train_loss -0.3431
2026-06-23 15:45:37.040789: val_loss -0.2455
2026-06-23 15:45:37.040947: Pseudo dice [np.float32(0.7012)]
2026-06-23 15:45:37.041118: Epoch time: 45.17 s
2026-06-23 15:45:38.812567: 
2026-06-23 15:45:38.813017: Epoch 208
2026-06-23 15:45:38.813208: Current learning rate: 0.00201
2026-06-23 15:46:23.927296: train_loss -0.349
2026-06-23 15:46:23.927854: val_loss -0.2647
2026-06-23 15:46:23.928022: Pseudo dice [np.float32(0.7038)]
2026-06-23 15:46:23.928192: Epoch time: 45.12 s
2026-06-23 15:46:25.696522: 
2026-06-23 15:46:25.696965: Epoch 209
2026-06-23 15:46:25.697153: Current learning rate: 0.00196
2026-06-23 15:47:10.857296: train_loss -0.3403
2026-06-23 15:47:10.858112: val_loss -0.2939
2026-06-23 15:47:10.858260: Pseudo dice [np.float32(0.7208)]
2026-06-23 15:47:10.858437: Epoch time: 45.16 s
2026-06-23 15:47:12.641696: 
2026-06-23 15:47:12.642094: Epoch 210
2026-06-23 15:47:12.642397: Current learning rate: 0.00192
2026-06-23 15:47:57.686630: train_loss -0.3377
2026-06-23 15:47:57.687099: val_loss -0.286
2026-06-23 15:47:57.687248: Pseudo dice [np.float32(0.7134)]
2026-06-23 15:47:57.687416: Epoch time: 45.05 s
2026-06-23 15:47:59.464108: 
2026-06-23 15:47:59.464572: Epoch 211
2026-06-23 15:47:59.464765: Current learning rate: 0.00188
2026-06-23 15:48:44.437367: train_loss -0.3419
2026-06-23 15:48:44.437902: val_loss -0.2703
2026-06-23 15:48:44.438066: Pseudo dice [np.float32(0.709)]
2026-06-23 15:48:44.438235: Epoch time: 44.98 s
2026-06-23 15:48:46.204029: 
2026-06-23 15:48:46.204420: Epoch 212
2026-06-23 15:48:46.204606: Current learning rate: 0.00184
2026-06-23 15:49:31.414845: train_loss -0.3484
2026-06-23 15:49:31.415368: val_loss -0.2741
2026-06-23 15:49:31.415511: Pseudo dice [np.float32(0.7108)]
2026-06-23 15:49:31.416362: Epoch time: 45.21 s
2026-06-23 15:49:33.185163: 
2026-06-23 15:49:33.185670: Epoch 213
2026-06-23 15:49:33.185948: Current learning rate: 0.00179
2026-06-23 15:50:18.305610: train_loss -0.3469
2026-06-23 15:50:18.306338: val_loss -0.2727
2026-06-23 15:50:18.306502: Pseudo dice [np.float32(0.7061)]
2026-06-23 15:50:18.306683: Epoch time: 45.12 s
2026-06-23 15:50:20.062173: 
2026-06-23 15:50:20.062644: Epoch 214
2026-06-23 15:50:20.062808: Current learning rate: 0.00175
2026-06-23 15:51:05.632116: train_loss -0.3497
2026-06-23 15:51:05.632698: val_loss -0.2931
2026-06-23 15:51:05.632864: Pseudo dice [np.float32(0.7213)]
2026-06-23 15:51:05.633035: Epoch time: 45.57 s
2026-06-23 15:51:07.392939: 
2026-06-23 15:51:07.393471: Epoch 215
2026-06-23 15:51:07.393705: Current learning rate: 0.0017
2026-06-23 15:51:53.103421: train_loss -0.3433
2026-06-23 15:51:53.104213: val_loss -0.2897
2026-06-23 15:51:53.104371: Pseudo dice [np.float32(0.7144)]
2026-06-23 15:51:53.104542: Epoch time: 45.71 s
2026-06-23 15:51:55.302355: 
2026-06-23 15:51:55.302797: Epoch 216
2026-06-23 15:51:55.303083: Current learning rate: 0.00166
2026-06-23 15:52:40.442819: train_loss -0.3491
2026-06-23 15:52:40.443350: val_loss -0.2468
2026-06-23 15:52:40.443494: Pseudo dice [np.float32(0.6982)]
2026-06-23 15:52:40.443659: Epoch time: 45.14 s
2026-06-23 15:52:42.196351: 
2026-06-23 15:52:42.196925: Epoch 217
2026-06-23 15:52:42.197160: Current learning rate: 0.00162
2026-06-23 15:53:27.336080: train_loss -0.3488
2026-06-23 15:53:27.336665: val_loss -0.2934
2026-06-23 15:53:27.336809: Pseudo dice [np.float32(0.7192)]
2026-06-23 15:53:27.336990: Epoch time: 45.14 s
2026-06-23 15:53:29.088486: 
2026-06-23 15:53:29.088887: Epoch 218
2026-06-23 15:53:29.089166: Current learning rate: 0.00157
2026-06-23 15:54:14.314333: train_loss -0.3481
2026-06-23 15:54:14.314881: val_loss -0.2724
2026-06-23 15:54:14.315036: Pseudo dice [np.float32(0.7092)]
2026-06-23 15:54:14.315198: Epoch time: 45.23 s
2026-06-23 15:54:16.065640: 
2026-06-23 15:54:16.066091: Epoch 219
2026-06-23 15:54:16.066276: Current learning rate: 0.00153
2026-06-23 15:55:01.383494: train_loss -0.344
2026-06-23 15:55:01.384245: val_loss -0.2936
2026-06-23 15:55:01.384394: Pseudo dice [np.float32(0.7202)]
2026-06-23 15:55:01.384563: Epoch time: 45.32 s
2026-06-23 15:55:03.135385: 
2026-06-23 15:55:03.135902: Epoch 220
2026-06-23 15:55:03.136189: Current learning rate: 0.00148
2026-06-23 15:55:48.405166: train_loss -0.349
2026-06-23 15:55:48.405685: val_loss -0.2765
2026-06-23 15:55:48.405828: Pseudo dice [np.float32(0.7081)]
2026-06-23 15:55:48.406000: Epoch time: 45.27 s
2026-06-23 15:55:50.155005: 
2026-06-23 15:55:50.155392: Epoch 221
2026-06-23 15:55:50.155568: Current learning rate: 0.00144
2026-06-23 15:56:35.313735: train_loss -0.349
2026-06-23 15:56:35.314357: val_loss -0.2731
2026-06-23 15:56:35.314507: Pseudo dice [np.float32(0.7089)]
2026-06-23 15:56:35.314677: Epoch time: 45.16 s
2026-06-23 15:56:37.063978: 
2026-06-23 15:56:37.064555: Epoch 222
2026-06-23 15:56:37.064890: Current learning rate: 0.00139
2026-06-23 15:57:22.213014: train_loss -0.3464
2026-06-23 15:57:22.213579: val_loss -0.3028
2026-06-23 15:57:22.213730: Pseudo dice [np.float32(0.7256)]
2026-06-23 15:57:22.213904: Epoch time: 45.15 s
2026-06-23 15:57:23.966994: 
2026-06-23 15:57:23.967403: Epoch 223
2026-06-23 15:57:23.967584: Current learning rate: 0.00135
2026-06-23 15:58:09.230696: train_loss -0.3469
2026-06-23 15:58:09.231266: val_loss -0.2374
2026-06-23 15:58:09.231411: Pseudo dice [np.float32(0.6929)]
2026-06-23 15:58:09.231569: Epoch time: 45.27 s
2026-06-23 15:58:10.996083: 
2026-06-23 15:58:10.996575: Epoch 224
2026-06-23 15:58:10.996763: Current learning rate: 0.0013
2026-06-23 15:58:56.001025: train_loss -0.3506
2026-06-23 15:58:56.001655: val_loss -0.2645
2026-06-23 15:58:56.001955: Pseudo dice [np.float32(0.711)]
2026-06-23 15:58:56.002132: Epoch time: 45.01 s
2026-06-23 15:58:58.249665: 
2026-06-23 15:58:58.250342: Epoch 225
2026-06-23 15:58:58.250558: Current learning rate: 0.00126
2026-06-23 15:59:43.353431: train_loss -0.3479
2026-06-23 15:59:43.353956: val_loss -0.2642
2026-06-23 15:59:43.354106: Pseudo dice [np.float32(0.7015)]
2026-06-23 15:59:43.354279: Epoch time: 45.11 s
2026-06-23 15:59:45.116920: 
2026-06-23 15:59:45.117479: Epoch 226
2026-06-23 15:59:45.117757: Current learning rate: 0.00121
2026-06-23 16:00:30.155811: train_loss -0.3435
2026-06-23 16:00:30.156317: val_loss -0.2897
2026-06-23 16:00:30.156469: Pseudo dice [np.float32(0.7256)]
2026-06-23 16:00:30.156643: Epoch time: 45.04 s
2026-06-23 16:00:31.906986: 
2026-06-23 16:00:31.907473: Epoch 227
2026-06-23 16:00:31.907661: Current learning rate: 0.00117
2026-06-23 16:01:17.195980: train_loss -0.352
2026-06-23 16:01:17.196617: val_loss -0.2879
2026-06-23 16:01:17.196774: Pseudo dice [np.float32(0.7166)]
2026-06-23 16:01:17.196963: Epoch time: 45.29 s
2026-06-23 16:01:18.949089: 
2026-06-23 16:01:18.949608: Epoch 228
2026-06-23 16:01:18.949887: Current learning rate: 0.00112
2026-06-23 16:02:04.218788: train_loss -0.344
2026-06-23 16:02:04.219332: val_loss -0.2943
2026-06-23 16:02:04.219496: Pseudo dice [np.float32(0.7145)]
2026-06-23 16:02:04.219667: Epoch time: 45.27 s
2026-06-23 16:02:05.968248: 
2026-06-23 16:02:05.968628: Epoch 229
2026-06-23 16:02:05.968806: Current learning rate: 0.00108
2026-06-23 16:02:51.082902: train_loss -0.3427
2026-06-23 16:02:51.083419: val_loss -0.29
2026-06-23 16:02:51.083565: Pseudo dice [np.float32(0.7121)]
2026-06-23 16:02:51.083745: Epoch time: 45.12 s
2026-06-23 16:02:52.836346: 
2026-06-23 16:02:52.836667: Epoch 230
2026-06-23 16:02:52.836869: Current learning rate: 0.00103
2026-06-23 16:03:38.051935: train_loss -0.348
2026-06-23 16:03:38.052477: val_loss -0.2773
2026-06-23 16:03:38.052619: Pseudo dice [np.float32(0.7135)]
2026-06-23 16:03:38.052787: Epoch time: 45.22 s
2026-06-23 16:03:39.804262: 
2026-06-23 16:03:39.804719: Epoch 231
2026-06-23 16:03:39.804901: Current learning rate: 0.00098
2026-06-23 16:04:25.117780: train_loss -0.3469
2026-06-23 16:04:25.118289: val_loss -0.2834
2026-06-23 16:04:25.118442: Pseudo dice [np.float32(0.718)]
2026-06-23 16:04:25.118605: Epoch time: 45.32 s
2026-06-23 16:04:26.882021: 
2026-06-23 16:04:26.882637: Epoch 232
2026-06-23 16:04:26.882832: Current learning rate: 0.00094
2026-06-23 16:05:12.097954: train_loss -0.347
2026-06-23 16:05:12.098387: val_loss -0.304
2026-06-23 16:05:12.098526: Pseudo dice [np.float32(0.7179)]
2026-06-23 16:05:12.098685: Epoch time: 45.22 s
2026-06-23 16:05:13.853717: 
2026-06-23 16:05:13.854202: Epoch 233
2026-06-23 16:05:13.854524: Current learning rate: 0.00089
2026-06-23 16:05:59.221656: train_loss -0.346
2026-06-23 16:05:59.222112: val_loss -0.284
2026-06-23 16:05:59.222255: Pseudo dice [np.float32(0.7053)]
2026-06-23 16:05:59.222421: Epoch time: 45.37 s
2026-06-23 16:06:00.974233: 
2026-06-23 16:06:00.974684: Epoch 234
2026-06-23 16:06:00.974880: Current learning rate: 0.00084
2026-06-23 16:06:46.066658: train_loss -0.3441
2026-06-23 16:06:46.067211: val_loss -0.2789
2026-06-23 16:06:46.067354: Pseudo dice [np.float32(0.7162)]
2026-06-23 16:06:46.067525: Epoch time: 45.1 s
2026-06-23 16:06:48.271386: 
2026-06-23 16:06:48.271937: Epoch 235
2026-06-23 16:06:48.272131: Current learning rate: 0.00079
2026-06-23 16:07:33.400174: train_loss -0.3428
2026-06-23 16:07:33.400686: val_loss -0.2782
2026-06-23 16:07:33.400830: Pseudo dice [np.float32(0.7083)]
2026-06-23 16:07:33.401007: Epoch time: 45.13 s
2026-06-23 16:07:35.152315: 
2026-06-23 16:07:35.152765: Epoch 236
2026-06-23 16:07:35.153051: Current learning rate: 0.00075
2026-06-23 16:08:20.514876: train_loss -0.3473
2026-06-23 16:08:20.515346: val_loss -0.2854
2026-06-23 16:08:20.515491: Pseudo dice [np.float32(0.7149)]
2026-06-23 16:08:20.515659: Epoch time: 45.37 s
2026-06-23 16:08:22.269482: 
2026-06-23 16:08:22.270111: Epoch 237
2026-06-23 16:08:22.270419: Current learning rate: 0.0007
2026-06-23 16:09:07.373538: train_loss -0.3506
2026-06-23 16:09:07.374061: val_loss -0.2843
2026-06-23 16:09:07.374208: Pseudo dice [np.float32(0.7081)]
2026-06-23 16:09:07.375118: Epoch time: 45.11 s
2026-06-23 16:09:09.129081: 
2026-06-23 16:09:09.129531: Epoch 238
2026-06-23 16:09:09.129718: Current learning rate: 0.00065
2026-06-23 16:09:54.402583: train_loss -0.343
2026-06-23 16:09:54.403222: val_loss -0.2929
2026-06-23 16:09:54.403395: Pseudo dice [np.float32(0.7177)]
2026-06-23 16:09:54.403574: Epoch time: 45.28 s
2026-06-23 16:09:56.165042: 
2026-06-23 16:09:56.165505: Epoch 239
2026-06-23 16:09:56.165800: Current learning rate: 0.0006
2026-06-23 16:10:41.574495: train_loss -0.3477
2026-06-23 16:10:41.575049: val_loss -0.3013
2026-06-23 16:10:41.575198: Pseudo dice [np.float32(0.7244)]
2026-06-23 16:10:41.575367: Epoch time: 45.41 s
2026-06-23 16:10:43.345515: 
2026-06-23 16:10:43.346021: Epoch 240
2026-06-23 16:10:43.346313: Current learning rate: 0.00055
2026-06-23 16:11:29.154113: train_loss -0.3432
2026-06-23 16:11:29.154671: val_loss -0.2752
2026-06-23 16:11:29.154821: Pseudo dice [np.float32(0.7083)]
2026-06-23 16:11:29.154996: Epoch time: 45.81 s
2026-06-23 16:11:30.927191: 
2026-06-23 16:11:30.927756: Epoch 241
2026-06-23 16:11:30.928051: Current learning rate: 0.0005
2026-06-23 16:12:16.324493: train_loss -0.3436
2026-06-23 16:12:16.325096: val_loss -0.2989
2026-06-23 16:12:16.325257: Pseudo dice [np.float32(0.7228)]
2026-06-23 16:12:16.325425: Epoch time: 45.4 s
2026-06-23 16:12:18.097683: 
2026-06-23 16:12:18.098152: Epoch 242
2026-06-23 16:12:18.098338: Current learning rate: 0.00045
2026-06-23 16:13:03.302500: train_loss -0.3386
2026-06-23 16:13:03.303101: val_loss -0.2553
2026-06-23 16:13:03.303261: Pseudo dice [np.float32(0.7016)]
2026-06-23 16:13:03.303439: Epoch time: 45.21 s
2026-06-23 16:13:05.073164: 
2026-06-23 16:13:05.073525: Epoch 243
2026-06-23 16:13:05.073687: Current learning rate: 0.0004
2026-06-23 16:13:50.587933: train_loss -0.3525
2026-06-23 16:13:50.588539: val_loss -0.2688
2026-06-23 16:13:50.588710: Pseudo dice [np.float32(0.7051)]
2026-06-23 16:13:50.588938: Epoch time: 45.52 s
2026-06-23 16:13:52.802979: 
2026-06-23 16:13:52.803512: Epoch 244
2026-06-23 16:13:52.803812: Current learning rate: 0.00035
2026-06-23 16:14:38.188934: train_loss -0.3443
2026-06-23 16:14:38.192159: val_loss -0.2587
2026-06-23 16:14:38.192313: Pseudo dice [np.float32(0.7047)]
2026-06-23 16:14:38.192486: Epoch time: 45.39 s
2026-06-23 16:14:39.958157: 
2026-06-23 16:14:39.958591: Epoch 245
2026-06-23 16:14:39.958947: Current learning rate: 0.0003
2026-06-23 16:15:25.118697: train_loss -0.3456
2026-06-23 16:15:25.119237: val_loss -0.2805
2026-06-23 16:15:25.119400: Pseudo dice [np.float32(0.7046)]
2026-06-23 16:15:25.119567: Epoch time: 45.16 s
2026-06-23 16:15:26.882260: 
2026-06-23 16:15:26.882655: Epoch 246
2026-06-23 16:15:26.882856: Current learning rate: 0.00024
2026-06-23 16:16:12.066770: train_loss -0.3434
2026-06-23 16:16:12.067206: val_loss -0.2685
2026-06-23 16:16:12.067343: Pseudo dice [np.float32(0.7033)]
2026-06-23 16:16:12.067507: Epoch time: 45.19 s
2026-06-23 16:16:13.830837: 
2026-06-23 16:16:13.831386: Epoch 247
2026-06-23 16:16:13.831723: Current learning rate: 0.00019
2026-06-23 16:16:58.878775: train_loss -0.3464
2026-06-23 16:16:58.879356: val_loss -0.2741
2026-06-23 16:16:58.879502: Pseudo dice [np.float32(0.7084)]
2026-06-23 16:16:58.879673: Epoch time: 45.05 s
2026-06-23 16:17:00.638520: 
2026-06-23 16:17:00.638930: Epoch 248
2026-06-23 16:17:00.639117: Current learning rate: 0.00013
2026-06-23 16:17:45.614218: train_loss -0.3528
2026-06-23 16:17:45.614783: val_loss -0.2894
2026-06-23 16:17:45.614941: Pseudo dice [np.float32(0.7168)]
2026-06-23 16:17:45.615118: Epoch time: 44.98 s
2026-06-23 16:17:47.396745: 
2026-06-23 16:17:47.397161: Epoch 249
2026-06-23 16:17:47.397345: Current learning rate: 7e-05
2026-06-23 16:18:32.662404: train_loss -0.3486
2026-06-23 16:18:32.662903: val_loss -0.2741
2026-06-23 16:18:32.663049: Pseudo dice [np.float32(0.7075)]
2026-06-23 16:18:32.663215: Epoch time: 45.27 s
2026-06-23 16:18:35.102390: Training done.
2026-06-23 16:18:35.380014: Using splits from existing split file: /gpfs/data/ravenlab/micmac/nnUNet_preprocessed/Dataset002_BinaryTask/splits_final.json
2026-06-23 16:18:35.380713: The split file contains 5 splits.
2026-06-23 16:18:35.380832: Desired fold for training: 0
2026-06-23 16:18:35.380932: This split has 12 training and 3 validation cases.
2026-06-23 16:18:35.381117: predicting 41759_11right
2026-06-23 16:18:35.394758: 41759_11right, shape torch.Size([1, 1, 1055, 1543]), rank 0
2026-06-23 16:18:41.439657: predicting 41759_47left
2026-06-23 16:18:41.481061: 41759_47left, shape torch.Size([1, 1, 2016, 2201]), rank 0
2026-06-23 16:18:42.544569: predicting 41759_61_claus
2026-06-23 16:18:42.572434: 41759_61_claus, shape torch.Size([1, 1, 2077, 2024]), rank 0
2026-06-23 16:19:06.402147: Validation complete
2026-06-23 16:19:06.402299: Mean Validation Dice:  0.7025836918448324
