Loading python/gpu/3.10.6-cuda12.9
  Loading requirement: cuda/12.9
Launching parallel training for 2D config, Fold 3 using 250-epoch trainer preset...

############################
INFO: You are using the old nnU-Net default plans. We have updated our recommendations. Please consider using those instead! Read more here: https://github.com/MIC-DKFZ/nnUNet/blob/master/documentation/resenc_presets.md
############################

Using device: cuda:0

#######################################################################
Please cite the following paper when using nnU-Net:
Isensee, F., Jaeger, P. F., Kohl, S. A., Petersen, J., & Maier-Hein, K. H. (2021). nnU-Net: a self-configuring method for deep learning-based biomedical image segmentation. Nature methods, 18(2), 203-211.
#######################################################################

2026-06-23 19:16:14.930879: do_dummy_2d_data_aug: False
2026-06-23 19:16:14.932632: Using splits from existing split file: /gpfs/data/ravenlab/micmac/nnUNet_preprocessed/Dataset002_BinaryTask/splits_final.json
2026-06-23 19:16:14.933184: The split file contains 5 splits.
2026-06-23 19:16:14.933294: Desired fold for training: 3
2026-06-23 19:16:14.933385: This split has 12 training and 3 validation cases.
using pin_memory on device 0
using pin_memory on device 0

This is the configuration used by this training:
Configuration name: 2d
 {'data_identifier': 'nnUNetPlans_2d', 'preprocessor_name': 'DefaultPreprocessor', 'batch_size': 2, 'patch_size': [1024, 1280], 'median_image_size_in_voxels': [2080.0, 2125.0], 'spacing': [1.0, 1.0], 'normalization_schemes': ['ZScoreNormalization'], 'use_mask_for_norm': [False], 'resampling_fn_data': 'resample_data_or_seg_to_shape', 'resampling_fn_seg': 'resample_data_or_seg_to_shape', 'resampling_fn_data_kwargs': {'is_seg': False, 'order': 3, 'order_z': 0, 'force_separate_z': None}, 'resampling_fn_seg_kwargs': {'is_seg': True, 'order': 1, 'order_z': 0, 'force_separate_z': None}, 'resampling_fn_probabilities': 'resample_data_or_seg_to_shape', 'resampling_fn_probabilities_kwargs': {'is_seg': False, 'order': 1, 'order_z': 0, 'force_separate_z': None}, 'architecture': {'network_class_name': 'dynamic_network_architectures.architectures.unet.PlainConvUNet', 'arch_kwargs': {'n_stages': 9, 'features_per_stage': [32, 64, 128, 256, 512, 512, 512, 512, 512], 'conv_op': 'torch.nn.modules.conv.Conv2d', 'kernel_sizes': [[3, 3], [3, 3], [3, 3], [3, 3], [3, 3], [3, 3], [3, 3], [3, 3], [3, 3]], 'strides': [[1, 1], [2, 2], [2, 2], [2, 2], [2, 2], [2, 2], [2, 2], [2, 2], [2, 2]], 'n_conv_per_stage': [2, 2, 2, 2, 2, 2, 2, 2, 2], 'n_conv_per_stage_decoder': [2, 2, 2, 2, 2, 2, 2, 2], 'conv_bias': True, 'norm_op': 'torch.nn.modules.instancenorm.InstanceNorm2d', 'norm_op_kwargs': {'eps': 1e-05, 'affine': True}, 'dropout_op': None, 'dropout_op_kwargs': None, 'nonlin': 'torch.nn.LeakyReLU', 'nonlin_kwargs': {'inplace': True}}, '_kw_requires_import': ['conv_op', 'norm_op', 'dropout_op', 'nonlin']}, 'batch_dice': True} 

These are the global plan.json settings:
 {'dataset_name': 'Dataset002_BinaryTask', 'plans_name': 'nnUNetPlans', 'original_median_spacing_after_transp': [999.0, 1.0, 1.0], 'original_median_shape_after_transp': [1, 2080, 2125], 'image_reader_writer': 'NaturalImage2DIO', 'transpose_forward': [0, 1, 2], 'transpose_backward': [0, 1, 2], 'experiment_planner_used': 'ExperimentPlanner', 'label_manager': 'LabelManager', 'foreground_intensity_properties_per_channel': {'0': {'max': 250.0, 'mean': 109.4693603515625, 'median': 108.0, 'min': 5.0, 'percentile_00_5': 30.0, 'percentile_99_5': 199.0, 'std': 36.45087814331055}}} 

2026-06-23 19:16:17.767813: Unable to plot network architecture:
2026-06-23 19:16:17.767974: No module named 'hiddenlayer'
2026-06-23 19:16:18.106036: 
2026-06-23 19:16:18.106504: Epoch 0
2026-06-23 19:16:18.106879: Current learning rate: 0.01
2026-06-23 19:18:25.761898: train_loss -0.067
2026-06-23 19:18:25.762757: val_loss -0.0977
2026-06-23 19:18:25.762916: Pseudo dice [np.float32(0.639)]
2026-06-23 19:18:25.763144: Epoch time: 127.66 s
2026-06-23 19:18:25.763297: Yayy! New best EMA pseudo Dice: 0.6389999985694885
2026-06-23 19:18:28.466938: 
2026-06-23 19:18:28.467233: Epoch 1
2026-06-23 19:18:28.467405: Current learning rate: 0.00996
2026-06-23 19:19:13.879149: train_loss -0.1769
2026-06-23 19:19:13.879740: val_loss -0.1871
2026-06-23 19:19:13.879896: Pseudo dice [np.float32(0.6723)]
2026-06-23 19:19:13.880062: Epoch time: 45.42 s
2026-06-23 19:19:13.881702: Yayy! New best EMA pseudo Dice: 0.642300009727478
2026-06-23 19:19:16.014493: 
2026-06-23 19:19:16.014889: Epoch 2
2026-06-23 19:19:16.015077: Current learning rate: 0.00993
2026-06-23 19:20:00.868529: train_loss -0.1988
2026-06-23 19:20:00.868985: val_loss -0.1518
2026-06-23 19:20:00.869127: Pseudo dice [np.float32(0.6705)]
2026-06-23 19:20:00.869298: Epoch time: 44.86 s
2026-06-23 19:20:00.869421: Yayy! New best EMA pseudo Dice: 0.6452000141143799
2026-06-23 19:20:03.167080: 
2026-06-23 19:20:03.167542: Epoch 3
2026-06-23 19:20:03.167724: Current learning rate: 0.00989
2026-06-23 19:20:47.894302: train_loss -0.2065
2026-06-23 19:20:47.894792: val_loss -0.2203
2026-06-23 19:20:47.894940: Pseudo dice [np.float32(0.6881)]
2026-06-23 19:20:47.895109: Epoch time: 44.73 s
2026-06-23 19:20:47.895237: Yayy! New best EMA pseudo Dice: 0.6495000123977661
2026-06-23 19:20:50.178025: 
2026-06-23 19:20:50.178516: Epoch 4
2026-06-23 19:20:50.178700: Current learning rate: 0.00986
2026-06-23 19:21:35.040415: train_loss -0.2156
2026-06-23 19:21:35.040939: val_loss -0.1284
2026-06-23 19:21:35.041115: Pseudo dice [np.float32(0.6513)]
2026-06-23 19:21:35.041285: Epoch time: 44.87 s
2026-06-23 19:21:35.041460: Yayy! New best EMA pseudo Dice: 0.6496000289916992
2026-06-23 19:21:37.334822: 
2026-06-23 19:21:37.335326: Epoch 5
2026-06-23 19:21:37.335515: Current learning rate: 0.00982
2026-06-23 19:22:22.126538: train_loss -0.2214
2026-06-23 19:22:22.127187: val_loss -0.1282
2026-06-23 19:22:22.127485: Pseudo dice [np.float32(0.6483)]
2026-06-23 19:22:22.127764: Epoch time: 44.79 s
2026-06-23 19:22:23.852406: 
2026-06-23 19:22:23.852817: Epoch 6
2026-06-23 19:22:23.853001: Current learning rate: 0.00978
2026-06-23 19:23:08.584313: train_loss -0.2478
2026-06-23 19:23:08.584786: val_loss -0.1611
2026-06-23 19:23:08.584947: Pseudo dice [np.float32(0.6585)]
2026-06-23 19:23:08.585122: Epoch time: 44.73 s
2026-06-23 19:23:08.585250: Yayy! New best EMA pseudo Dice: 0.6503999829292297
2026-06-23 19:23:10.830141: 
2026-06-23 19:23:10.830662: Epoch 7
2026-06-23 19:23:10.830956: Current learning rate: 0.00975
2026-06-23 19:23:55.722718: train_loss -0.2357
2026-06-23 19:23:55.723377: val_loss -0.1581
2026-06-23 19:23:55.723537: Pseudo dice [np.float32(0.6616)]
2026-06-23 19:23:55.723706: Epoch time: 44.9 s
2026-06-23 19:23:55.723858: Yayy! New best EMA pseudo Dice: 0.6514999866485596
2026-06-23 19:23:57.906673: 
2026-06-23 19:23:57.907216: Epoch 8
2026-06-23 19:23:57.907506: Current learning rate: 0.00971
2026-06-23 19:24:42.875906: train_loss -0.2384
2026-06-23 19:24:42.876513: val_loss -0.1387
2026-06-23 19:24:42.876657: Pseudo dice [np.float32(0.6338)]
2026-06-23 19:24:42.876840: Epoch time: 44.97 s
2026-06-23 19:24:45.006509: 
2026-06-23 19:24:45.007015: Epoch 9
2026-06-23 19:24:45.007198: Current learning rate: 0.00968
2026-06-23 19:25:29.819845: train_loss -0.2674
2026-06-23 19:25:29.820412: val_loss -0.1763
2026-06-23 19:25:29.820575: Pseudo dice [np.float32(0.6447)]
2026-06-23 19:25:29.820751: Epoch time: 44.82 s
2026-06-23 19:25:31.534175: 
2026-06-23 19:25:31.534692: Epoch 10
2026-06-23 19:25:31.534899: Current learning rate: 0.00964
2026-06-23 19:26:16.192972: train_loss -0.2821
2026-06-23 19:26:16.193466: val_loss -0.1905
2026-06-23 19:26:16.193626: Pseudo dice [np.float32(0.6618)]
2026-06-23 19:26:16.193806: Epoch time: 44.66 s
2026-06-23 19:26:17.908836: 
2026-06-23 19:26:17.909251: Epoch 11
2026-06-23 19:26:17.909487: Current learning rate: 0.0096
2026-06-23 19:27:02.759164: train_loss -0.2836
2026-06-23 19:27:02.759705: val_loss -0.1555
2026-06-23 19:27:02.759868: Pseudo dice [np.float32(0.6552)]
2026-06-23 19:27:02.760035: Epoch time: 44.85 s
2026-06-23 19:27:04.471873: 
2026-06-23 19:27:04.472384: Epoch 12
2026-06-23 19:27:04.472646: Current learning rate: 0.00957
2026-06-23 19:27:49.370932: train_loss -0.2874
2026-06-23 19:27:49.371546: val_loss -0.1157
2026-06-23 19:27:49.371691: Pseudo dice [np.float32(0.6326)]
2026-06-23 19:27:49.371872: Epoch time: 44.9 s
2026-06-23 19:27:51.082715: 
2026-06-23 19:27:51.083135: Epoch 13
2026-06-23 19:27:51.083451: Current learning rate: 0.00953
2026-06-23 19:28:36.041517: train_loss -0.2724
2026-06-23 19:28:36.041953: val_loss -0.0582
2026-06-23 19:28:36.042095: Pseudo dice [np.float32(0.5935)]
2026-06-23 19:28:36.042267: Epoch time: 44.96 s
2026-06-23 19:28:37.732255: 
2026-06-23 19:28:37.732605: Epoch 14
2026-06-23 19:28:37.732768: Current learning rate: 0.00949
2026-06-23 19:29:22.610198: train_loss -0.2847
2026-06-23 19:29:22.610706: val_loss -0.1551
2026-06-23 19:29:22.610859: Pseudo dice [np.float32(0.6405)]
2026-06-23 19:29:22.611027: Epoch time: 44.88 s
2026-06-23 19:29:24.342835: 
2026-06-23 19:29:24.343281: Epoch 15
2026-06-23 19:29:24.343556: Current learning rate: 0.00946
2026-06-23 19:30:09.108348: train_loss -0.2872
2026-06-23 19:30:09.109018: val_loss -0.1647
2026-06-23 19:30:09.109173: Pseudo dice [np.float32(0.6565)]
2026-06-23 19:30:09.109345: Epoch time: 44.77 s
2026-06-23 19:30:10.833236: 
2026-06-23 19:30:10.833723: Epoch 16
2026-06-23 19:30:10.834022: Current learning rate: 0.00942
2026-06-23 19:30:55.499346: train_loss -0.2957
2026-06-23 19:30:55.499812: val_loss -0.18
2026-06-23 19:30:55.499958: Pseudo dice [np.float32(0.6562)]
2026-06-23 19:30:55.500123: Epoch time: 44.67 s
2026-06-23 19:30:57.231118: 
2026-06-23 19:30:57.231552: Epoch 17
2026-06-23 19:30:57.231736: Current learning rate: 0.00939
2026-06-23 19:31:41.887244: train_loss -0.2963
2026-06-23 19:31:41.887769: val_loss -0.1736
2026-06-23 19:31:41.887925: Pseudo dice [np.float32(0.661)]
2026-06-23 19:31:41.888094: Epoch time: 44.66 s
2026-06-23 19:31:44.081094: 
2026-06-23 19:31:44.081494: Epoch 18
2026-06-23 19:31:44.081670: Current learning rate: 0.00935
2026-06-23 19:32:28.852125: train_loss -0.3115
2026-06-23 19:32:28.852569: val_loss -0.1074
2026-06-23 19:32:28.852891: Pseudo dice [np.float32(0.6317)]
2026-06-23 19:32:28.853069: Epoch time: 44.77 s
2026-06-23 19:32:30.581015: 
2026-06-23 19:32:30.581370: Epoch 19
2026-06-23 19:32:30.581554: Current learning rate: 0.00931
2026-06-23 19:33:15.308874: train_loss -0.3026
2026-06-23 19:33:15.309384: val_loss -0.1534
2026-06-23 19:33:15.309528: Pseudo dice [np.float32(0.6399)]
2026-06-23 19:33:15.309695: Epoch time: 44.73 s
2026-06-23 19:33:17.046291: 
2026-06-23 19:33:17.046707: Epoch 20
2026-06-23 19:33:17.046900: Current learning rate: 0.00928
2026-06-23 19:34:01.855712: train_loss -0.3013
2026-06-23 19:34:01.856200: val_loss -0.1301
2026-06-23 19:34:01.856339: Pseudo dice [np.float32(0.6201)]
2026-06-23 19:34:01.856510: Epoch time: 44.81 s
2026-06-23 19:34:03.615288: 
2026-06-23 19:34:03.615825: Epoch 21
2026-06-23 19:34:03.616093: Current learning rate: 0.00924
2026-06-23 19:34:48.333456: train_loss -0.3121
2026-06-23 19:34:48.334008: val_loss -0.1111
2026-06-23 19:34:48.334149: Pseudo dice [np.float32(0.6343)]
2026-06-23 19:34:48.334314: Epoch time: 44.72 s
2026-06-23 19:34:50.046065: 
2026-06-23 19:34:50.046558: Epoch 22
2026-06-23 19:34:50.046855: Current learning rate: 0.0092
2026-06-23 19:35:34.954939: train_loss -0.3021
2026-06-23 19:35:34.955445: val_loss -0.1571
2026-06-23 19:35:34.955592: Pseudo dice [np.float32(0.64)]
2026-06-23 19:35:34.955756: Epoch time: 44.91 s
2026-06-23 19:35:36.650524: 
2026-06-23 19:35:36.650931: Epoch 23
2026-06-23 19:35:36.651110: Current learning rate: 0.00917
2026-06-23 19:36:21.433513: train_loss -0.3063
2026-06-23 19:36:21.433990: val_loss -0.1676
2026-06-23 19:36:21.434159: Pseudo dice [np.float32(0.6631)]
2026-06-23 19:36:21.434336: Epoch time: 44.79 s
2026-06-23 19:36:23.104397: 
2026-06-23 19:36:23.104834: Epoch 24
2026-06-23 19:36:23.105017: Current learning rate: 0.00913
2026-06-23 19:37:07.751424: train_loss -0.317
2026-06-23 19:37:07.751968: val_loss -0.1734
2026-06-23 19:37:07.752124: Pseudo dice [np.float32(0.6623)]
2026-06-23 19:37:07.752297: Epoch time: 44.65 s
2026-06-23 19:37:09.438354: 
2026-06-23 19:37:09.438709: Epoch 25
2026-06-23 19:37:09.438888: Current learning rate: 0.0091
2026-06-23 19:37:54.150343: train_loss -0.3165
2026-06-23 19:37:54.150816: val_loss -0.076
2026-06-23 19:37:54.150966: Pseudo dice [np.float32(0.6028)]
2026-06-23 19:37:54.151127: Epoch time: 44.71 s
2026-06-23 19:37:55.837282: 
2026-06-23 19:37:55.837787: Epoch 26
2026-06-23 19:37:55.837958: Current learning rate: 0.00906
2026-06-23 19:38:40.452380: train_loss -0.3048
2026-06-23 19:38:40.452805: val_loss -0.1431
2026-06-23 19:38:40.452948: Pseudo dice [np.float32(0.6285)]
2026-06-23 19:38:40.453110: Epoch time: 44.62 s
2026-06-23 19:38:42.556659: 
2026-06-23 19:38:42.557003: Epoch 27
2026-06-23 19:38:42.557233: Current learning rate: 0.00902
2026-06-23 19:39:27.277962: train_loss -0.3114
2026-06-23 19:39:27.278442: val_loss -0.0875
2026-06-23 19:39:27.278584: Pseudo dice [np.float32(0.6188)]
2026-06-23 19:39:27.278759: Epoch time: 44.72 s
2026-06-23 19:39:28.996269: 
2026-06-23 19:39:28.996811: Epoch 28
2026-06-23 19:39:28.997015: Current learning rate: 0.00899
2026-06-23 19:40:13.685454: train_loss -0.3115
2026-06-23 19:40:13.685892: val_loss -0.1015
2026-06-23 19:40:13.686035: Pseudo dice [np.float32(0.6309)]
2026-06-23 19:40:13.686207: Epoch time: 44.69 s
2026-06-23 19:40:15.383499: 
2026-06-23 19:40:15.383981: Epoch 29
2026-06-23 19:40:15.384286: Current learning rate: 0.00895
2026-06-23 19:41:00.163239: train_loss -0.3113
2026-06-23 19:41:00.163881: val_loss -0.1542
2026-06-23 19:41:00.164057: Pseudo dice [np.float32(0.6473)]
2026-06-23 19:41:00.164251: Epoch time: 44.78 s
2026-06-23 19:41:01.892054: 
2026-06-23 19:41:01.892538: Epoch 30
2026-06-23 19:41:01.892845: Current learning rate: 0.00891
2026-06-23 19:41:46.776731: train_loss -0.3206
2026-06-23 19:41:46.777331: val_loss -0.0936
2026-06-23 19:41:46.777481: Pseudo dice [np.float32(0.6128)]
2026-06-23 19:41:46.777653: Epoch time: 44.89 s
2026-06-23 19:41:48.505646: 
2026-06-23 19:41:48.506107: Epoch 31
2026-06-23 19:41:48.506397: Current learning rate: 0.00888
2026-06-23 19:42:33.518968: train_loss -0.3112
2026-06-23 19:42:33.519563: val_loss -0.1057
2026-06-23 19:42:33.519709: Pseudo dice [np.float32(0.6231)]
2026-06-23 19:42:33.519880: Epoch time: 45.02 s
2026-06-23 19:42:35.259093: 
2026-06-23 19:42:35.259567: Epoch 32
2026-06-23 19:42:35.259847: Current learning rate: 0.00884
2026-06-23 19:43:20.095979: train_loss -0.32
2026-06-23 19:43:20.096633: val_loss -0.0751
2026-06-23 19:43:20.096791: Pseudo dice [np.float32(0.5954)]
2026-06-23 19:43:20.096964: Epoch time: 44.84 s
2026-06-23 19:43:21.836490: 
2026-06-23 19:43:21.836875: Epoch 33
2026-06-23 19:43:21.837054: Current learning rate: 0.0088
2026-06-23 19:44:06.622948: train_loss -0.311
2026-06-23 19:44:06.623456: val_loss -0.1241
2026-06-23 19:44:06.623610: Pseudo dice [np.float32(0.6366)]
2026-06-23 19:44:06.623793: Epoch time: 44.79 s
2026-06-23 19:44:08.377994: 
2026-06-23 19:44:08.378470: Epoch 34
2026-06-23 19:44:08.378739: Current learning rate: 0.00877
2026-06-23 19:44:53.098308: train_loss -0.3223
2026-06-23 19:44:53.098767: val_loss -0.0902
2026-06-23 19:44:53.098925: Pseudo dice [np.float32(0.6154)]
2026-06-23 19:44:53.099090: Epoch time: 44.72 s
2026-06-23 19:44:54.845837: 
2026-06-23 19:44:54.846351: Epoch 35
2026-06-23 19:44:54.846641: Current learning rate: 0.00873
2026-06-23 19:45:39.771750: train_loss -0.3179
2026-06-23 19:45:39.772178: val_loss -0.0507
2026-06-23 19:45:39.772322: Pseudo dice [np.float32(0.589)]
2026-06-23 19:45:39.772481: Epoch time: 44.93 s
2026-06-23 19:45:41.897924: 
2026-06-23 19:45:41.898395: Epoch 36
2026-06-23 19:45:41.898694: Current learning rate: 0.00869
2026-06-23 19:46:26.696018: train_loss -0.3334
2026-06-23 19:46:26.696463: val_loss -0.1463
2026-06-23 19:46:26.696604: Pseudo dice [np.float32(0.635)]
2026-06-23 19:46:26.696787: Epoch time: 44.8 s
2026-06-23 19:46:28.435334: 
2026-06-23 19:46:28.435663: Epoch 37
2026-06-23 19:46:28.435895: Current learning rate: 0.00866
2026-06-23 19:47:13.122158: train_loss -0.3264
2026-06-23 19:47:13.122884: val_loss -0.1008
2026-06-23 19:47:13.123031: Pseudo dice [np.float32(0.626)]
2026-06-23 19:47:13.123205: Epoch time: 44.69 s
2026-06-23 19:47:14.871761: 
2026-06-23 19:47:14.872317: Epoch 38
2026-06-23 19:47:14.872508: Current learning rate: 0.00862
2026-06-23 19:47:59.884667: train_loss -0.3187
2026-06-23 19:47:59.885190: val_loss -0.145
2026-06-23 19:47:59.885337: Pseudo dice [np.float32(0.648)]
2026-06-23 19:47:59.885511: Epoch time: 45.02 s
2026-06-23 19:48:01.673600: 
2026-06-23 19:48:01.674100: Epoch 39
2026-06-23 19:48:01.674342: Current learning rate: 0.00858
2026-06-23 19:48:46.479512: train_loss -0.3182
2026-06-23 19:48:46.479988: val_loss -0.0881
2026-06-23 19:48:46.480132: Pseudo dice [np.float32(0.632)]
2026-06-23 19:48:46.480302: Epoch time: 44.81 s
2026-06-23 19:48:48.254234: 
2026-06-23 19:48:48.254609: Epoch 40
2026-06-23 19:48:48.254928: Current learning rate: 0.00855
2026-06-23 19:49:33.072772: train_loss -0.3138
2026-06-23 19:49:33.073357: val_loss -0.0619
2026-06-23 19:49:33.073502: Pseudo dice [np.float32(0.5971)]
2026-06-23 19:49:33.073663: Epoch time: 44.82 s
2026-06-23 19:49:34.842235: 
2026-06-23 19:49:34.843046: Epoch 41
2026-06-23 19:49:34.843238: Current learning rate: 0.00851
2026-06-23 19:50:19.903051: train_loss -0.3106
2026-06-23 19:50:19.903767: val_loss -0.1053
2026-06-23 19:50:19.903974: Pseudo dice [np.float32(0.6246)]
2026-06-23 19:50:19.904177: Epoch time: 45.06 s
2026-06-23 19:50:21.626964: 
2026-06-23 19:50:21.627370: Epoch 42
2026-06-23 19:50:21.627554: Current learning rate: 0.00847
2026-06-23 19:51:06.406959: train_loss -0.3282
2026-06-23 19:51:06.407479: val_loss -0.2075
2026-06-23 19:51:06.407628: Pseudo dice [np.float32(0.6594)]
2026-06-23 19:51:06.407803: Epoch time: 44.78 s
2026-06-23 19:51:08.145336: 
2026-06-23 19:51:08.145934: Epoch 43
2026-06-23 19:51:08.146225: Current learning rate: 0.00844
2026-06-23 19:51:52.974481: train_loss -0.3108
2026-06-23 19:51:52.975006: val_loss -0.0476
2026-06-23 19:51:52.975174: Pseudo dice [np.float32(0.6055)]
2026-06-23 19:51:52.975347: Epoch time: 44.83 s
2026-06-23 19:51:54.711625: 
2026-06-23 19:51:54.712018: Epoch 44
2026-06-23 19:51:54.712319: Current learning rate: 0.0084
2026-06-23 19:52:39.945073: train_loss -0.317
2026-06-23 19:52:39.945748: val_loss -0.1181
2026-06-23 19:52:39.945907: Pseudo dice [np.float32(0.6162)]
2026-06-23 19:52:39.946083: Epoch time: 45.24 s
2026-06-23 19:52:41.671654: 
2026-06-23 19:52:41.672360: Epoch 45
2026-06-23 19:52:41.672664: Current learning rate: 0.00836
2026-06-23 19:53:26.658737: train_loss -0.3202
2026-06-23 19:53:26.659379: val_loss -0.0389
2026-06-23 19:53:26.659523: Pseudo dice [np.float32(0.6097)]
2026-06-23 19:53:26.659689: Epoch time: 44.99 s
2026-06-23 19:53:28.386885: 
2026-06-23 19:53:28.387386: Epoch 46
2026-06-23 19:53:28.387621: Current learning rate: 0.00833
2026-06-23 19:54:13.299851: train_loss -0.3238
2026-06-23 19:54:13.300464: val_loss -0.1091
2026-06-23 19:54:13.300615: Pseudo dice [np.float32(0.6313)]
2026-06-23 19:54:13.300791: Epoch time: 44.92 s
2026-06-23 19:54:15.033330: 
2026-06-23 19:54:15.033865: Epoch 47
2026-06-23 19:54:15.034182: Current learning rate: 0.00829
2026-06-23 19:54:59.954427: train_loss -0.326
2026-06-23 19:54:59.955001: val_loss -0.0545
2026-06-23 19:54:59.955152: Pseudo dice [np.float32(0.6017)]
2026-06-23 19:54:59.955321: Epoch time: 44.92 s
2026-06-23 19:55:01.677051: 
2026-06-23 19:55:01.677490: Epoch 48
2026-06-23 19:55:01.677672: Current learning rate: 0.00825
2026-06-23 19:55:46.675121: train_loss -0.3251
2026-06-23 19:55:46.675750: val_loss -0.0565
2026-06-23 19:55:46.675902: Pseudo dice [np.float32(0.5982)]
2026-06-23 19:55:46.676064: Epoch time: 45.0 s
2026-06-23 19:55:48.405480: 
2026-06-23 19:55:48.405936: Epoch 49
2026-06-23 19:55:48.406227: Current learning rate: 0.00822
2026-06-23 19:56:33.312818: train_loss -0.3301
2026-06-23 19:56:33.313420: val_loss -0.047
2026-06-23 19:56:33.313559: Pseudo dice [np.float32(0.5879)]
2026-06-23 19:56:33.313723: Epoch time: 44.91 s
2026-06-23 19:56:35.508691: 
2026-06-23 19:56:35.509156: Epoch 50
2026-06-23 19:56:35.509338: Current learning rate: 0.00818
2026-06-23 19:57:20.440462: train_loss -0.3242
2026-06-23 19:57:20.441038: val_loss -0.0714
2026-06-23 19:57:20.441189: Pseudo dice [np.float32(0.5978)]
2026-06-23 19:57:20.441354: Epoch time: 44.93 s
2026-06-23 19:57:22.180607: 
2026-06-23 19:57:22.181157: Epoch 51
2026-06-23 19:57:22.181473: Current learning rate: 0.00814
2026-06-23 19:58:07.121667: train_loss -0.3383
2026-06-23 19:58:07.122607: val_loss -0.1172
2026-06-23 19:58:07.122792: Pseudo dice [np.float32(0.6447)]
2026-06-23 19:58:07.122968: Epoch time: 44.94 s
2026-06-23 19:58:08.892892: 
2026-06-23 19:58:08.893233: Epoch 52
2026-06-23 19:58:08.893484: Current learning rate: 0.00811
2026-06-23 19:58:53.669644: train_loss -0.3317
2026-06-23 19:58:53.670318: val_loss -0.1435
2026-06-23 19:58:53.670483: Pseudo dice [np.float32(0.6401)]
2026-06-23 19:58:53.670653: Epoch time: 44.78 s
2026-06-23 19:58:55.820035: 
2026-06-23 19:58:55.820507: Epoch 53
2026-06-23 19:58:55.820780: Current learning rate: 0.00807
2026-06-23 19:59:40.686710: train_loss -0.3075
2026-06-23 19:59:40.687398: val_loss -0.0546
2026-06-23 19:59:40.687545: Pseudo dice [np.float32(0.5926)]
2026-06-23 19:59:40.687725: Epoch time: 44.87 s
2026-06-23 19:59:42.464208: 
2026-06-23 19:59:42.464881: Epoch 54
2026-06-23 19:59:42.465470: Current learning rate: 0.00803
2026-06-23 20:00:27.328751: train_loss -0.3095
2026-06-23 20:00:27.329312: val_loss -0.092
2026-06-23 20:00:27.329488: Pseudo dice [np.float32(0.6337)]
2026-06-23 20:00:27.329661: Epoch time: 44.87 s
2026-06-23 20:00:29.094078: 
2026-06-23 20:00:29.094572: Epoch 55
2026-06-23 20:00:29.094748: Current learning rate: 0.008
2026-06-23 20:01:13.824067: train_loss -0.3295
2026-06-23 20:01:13.825497: val_loss -0.0495
2026-06-23 20:01:13.825649: Pseudo dice [np.float32(0.5964)]
2026-06-23 20:01:13.825911: Epoch time: 44.73 s
2026-06-23 20:01:15.604514: 
2026-06-23 20:01:15.605032: Epoch 56
2026-06-23 20:01:15.605402: Current learning rate: 0.00796
2026-06-23 20:02:00.349477: train_loss -0.332
2026-06-23 20:02:00.350085: val_loss -0.0982
2026-06-23 20:02:00.350237: Pseudo dice [np.float32(0.6049)]
2026-06-23 20:02:00.350405: Epoch time: 44.75 s
2026-06-23 20:02:02.120103: 
2026-06-23 20:02:02.120694: Epoch 57
2026-06-23 20:02:02.121002: Current learning rate: 0.00792
2026-06-23 20:02:46.935008: train_loss -0.3281
2026-06-23 20:02:46.935483: val_loss -0.0944
2026-06-23 20:02:46.935633: Pseudo dice [np.float32(0.6183)]
2026-06-23 20:02:46.935814: Epoch time: 44.82 s
2026-06-23 20:02:48.659779: 
2026-06-23 20:02:48.660214: Epoch 58
2026-06-23 20:02:48.660394: Current learning rate: 0.00789
2026-06-23 20:03:33.408886: train_loss -0.3169
2026-06-23 20:03:33.409343: val_loss -0.0411
2026-06-23 20:03:33.409497: Pseudo dice [np.float32(0.5859)]
2026-06-23 20:03:33.409661: Epoch time: 44.75 s
2026-06-23 20:03:35.157025: 
2026-06-23 20:03:35.157585: Epoch 59
2026-06-23 20:03:35.157905: Current learning rate: 0.00785
2026-06-23 20:04:19.927387: train_loss -0.3181
2026-06-23 20:04:19.927957: val_loss -0.1698
2026-06-23 20:04:19.928104: Pseudo dice [np.float32(0.6473)]
2026-06-23 20:04:19.928269: Epoch time: 44.77 s
2026-06-23 20:04:21.689381: 
2026-06-23 20:04:21.690011: Epoch 60
2026-06-23 20:04:21.690286: Current learning rate: 0.00781
2026-06-23 20:05:06.373322: train_loss -0.3303
2026-06-23 20:05:06.373905: val_loss -0.1459
2026-06-23 20:05:06.374061: Pseudo dice [np.float32(0.6466)]
2026-06-23 20:05:06.374232: Epoch time: 44.69 s
2026-06-23 20:05:08.116930: 
2026-06-23 20:05:08.117339: Epoch 61
2026-06-23 20:05:08.117512: Current learning rate: 0.00777
2026-06-23 20:05:52.799606: train_loss -0.3289
2026-06-23 20:05:52.800170: val_loss -0.0761
2026-06-23 20:05:52.800316: Pseudo dice [np.float32(0.6155)]
2026-06-23 20:05:52.800483: Epoch time: 44.69 s
2026-06-23 20:05:54.905290: 
2026-06-23 20:05:54.905687: Epoch 62
2026-06-23 20:05:54.905859: Current learning rate: 0.00774
2026-06-23 20:06:39.688123: train_loss -0.332
2026-06-23 20:06:39.688594: val_loss -0.1188
2026-06-23 20:06:39.688757: Pseudo dice [np.float32(0.6336)]
2026-06-23 20:06:39.688942: Epoch time: 44.79 s
2026-06-23 20:06:41.426411: 
2026-06-23 20:06:41.427011: Epoch 63
2026-06-23 20:06:41.427217: Current learning rate: 0.0077
2026-06-23 20:07:26.273134: train_loss -0.3408
2026-06-23 20:07:26.273719: val_loss -0.0753
2026-06-23 20:07:26.273874: Pseudo dice [np.float32(0.6056)]
2026-06-23 20:07:26.274047: Epoch time: 44.85 s
2026-06-23 20:07:28.029883: 
2026-06-23 20:07:28.030305: Epoch 64
2026-06-23 20:07:28.030484: Current learning rate: 0.00766
2026-06-23 20:08:12.866694: train_loss -0.3361
2026-06-23 20:08:12.867449: val_loss -0.084
2026-06-23 20:08:12.867595: Pseudo dice [np.float32(0.6235)]
2026-06-23 20:08:12.867761: Epoch time: 44.84 s
2026-06-23 20:08:14.624262: 
2026-06-23 20:08:14.624727: Epoch 65
2026-06-23 20:08:14.624914: Current learning rate: 0.00763
2026-06-23 20:08:59.412465: train_loss -0.3286
2026-06-23 20:08:59.413146: val_loss -0.1082
2026-06-23 20:08:59.413297: Pseudo dice [np.float32(0.6236)]
2026-06-23 20:08:59.413498: Epoch time: 44.79 s
2026-06-23 20:09:01.182646: 
2026-06-23 20:09:01.183473: Epoch 66
2026-06-23 20:09:01.184450: Current learning rate: 0.00759
2026-06-23 20:09:46.112906: train_loss -0.3333
2026-06-23 20:09:46.113573: val_loss -0.0832
2026-06-23 20:09:46.113723: Pseudo dice [np.float32(0.6242)]
2026-06-23 20:09:46.113910: Epoch time: 44.93 s
2026-06-23 20:09:47.890657: 
2026-06-23 20:09:47.891119: Epoch 67
2026-06-23 20:09:47.891299: Current learning rate: 0.00755
2026-06-23 20:10:32.740619: train_loss -0.3283
2026-06-23 20:10:32.741423: val_loss -0.1753
2026-06-23 20:10:32.741574: Pseudo dice [np.float32(0.6475)]
2026-06-23 20:10:32.741829: Epoch time: 44.85 s
2026-06-23 20:10:34.523656: 
2026-06-23 20:10:34.524060: Epoch 68
2026-06-23 20:10:34.524241: Current learning rate: 0.00751
2026-06-23 20:11:19.363052: train_loss -0.3386
2026-06-23 20:11:19.363574: val_loss -0.1882
2026-06-23 20:11:19.363723: Pseudo dice [np.float32(0.669)]
2026-06-23 20:11:19.363898: Epoch time: 44.84 s
2026-06-23 20:11:21.146507: 
2026-06-23 20:11:21.146904: Epoch 69
2026-06-23 20:11:21.147086: Current learning rate: 0.00748
2026-06-23 20:12:05.946792: train_loss -0.3285
2026-06-23 20:12:05.947360: val_loss -0.0269
2026-06-23 20:12:05.947521: Pseudo dice [np.float32(0.6182)]
2026-06-23 20:12:05.947687: Epoch time: 44.8 s
2026-06-23 20:12:07.722004: 
2026-06-23 20:12:07.722423: Epoch 70
2026-06-23 20:12:07.722595: Current learning rate: 0.00744
2026-06-23 20:12:52.511311: train_loss -0.3253
2026-06-23 20:12:52.511919: val_loss -0.0764
2026-06-23 20:12:52.512072: Pseudo dice [np.float32(0.6221)]
2026-06-23 20:12:52.512237: Epoch time: 44.79 s
2026-06-23 20:12:54.732744: 
2026-06-23 20:12:54.733191: Epoch 71
2026-06-23 20:12:54.733370: Current learning rate: 0.0074
2026-06-23 20:13:39.559085: train_loss -0.3328
2026-06-23 20:13:39.559648: val_loss -0.0684
2026-06-23 20:13:39.559817: Pseudo dice [np.float32(0.6105)]
2026-06-23 20:13:39.559996: Epoch time: 44.83 s
2026-06-23 20:13:41.335129: 
2026-06-23 20:13:41.335661: Epoch 72
2026-06-23 20:13:41.335953: Current learning rate: 0.00737
2026-06-23 20:14:26.138846: train_loss -0.3224
2026-06-23 20:14:26.139340: val_loss -0.0627
2026-06-23 20:14:26.139486: Pseudo dice [np.float32(0.6114)]
2026-06-23 20:14:26.139655: Epoch time: 44.81 s
2026-06-23 20:14:27.908359: 
2026-06-23 20:14:27.908841: Epoch 73
2026-06-23 20:14:27.909057: Current learning rate: 0.00733
2026-06-23 20:15:12.708498: train_loss -0.3341
2026-06-23 20:15:12.708974: val_loss -0.1623
2026-06-23 20:15:12.709120: Pseudo dice [np.float32(0.6623)]
2026-06-23 20:15:12.709287: Epoch time: 44.8 s
2026-06-23 20:15:14.495713: 
2026-06-23 20:15:14.496292: Epoch 74
2026-06-23 20:15:14.496590: Current learning rate: 0.00729
2026-06-23 20:15:59.388104: train_loss -0.3399
2026-06-23 20:15:59.388764: val_loss -0.0308
2026-06-23 20:15:59.388925: Pseudo dice [np.float32(0.5879)]
2026-06-23 20:15:59.389097: Epoch time: 44.9 s
2026-06-23 20:16:01.176416: 
2026-06-23 20:16:01.177121: Epoch 75
2026-06-23 20:16:01.177362: Current learning rate: 0.00725
2026-06-23 20:16:46.287138: train_loss -0.3183
2026-06-23 20:16:46.287703: val_loss -0.1082
2026-06-23 20:16:46.287878: Pseudo dice [np.float32(0.6373)]
2026-06-23 20:16:46.288051: Epoch time: 45.11 s
2026-06-23 20:16:48.052600: 
2026-06-23 20:16:48.053065: Epoch 76
2026-06-23 20:16:48.053260: Current learning rate: 0.00722
2026-06-23 20:17:33.011535: train_loss -0.3325
2026-06-23 20:17:33.012310: val_loss -0.0342
2026-06-23 20:17:33.012462: Pseudo dice [np.float32(0.5923)]
2026-06-23 20:17:33.012712: Epoch time: 44.96 s
2026-06-23 20:17:34.807034: 
2026-06-23 20:17:34.807549: Epoch 77
2026-06-23 20:17:34.807844: Current learning rate: 0.00718
2026-06-23 20:18:19.739236: train_loss -0.3369
2026-06-23 20:18:19.739860: val_loss -0.0987
2026-06-23 20:18:19.740021: Pseudo dice [np.float32(0.6268)]
2026-06-23 20:18:19.740194: Epoch time: 44.94 s
2026-06-23 20:18:21.560049: 
2026-06-23 20:18:21.560791: Epoch 78
2026-06-23 20:18:21.561039: Current learning rate: 0.00714
2026-06-23 20:19:06.406485: train_loss -0.336
2026-06-23 20:19:06.407073: val_loss -0.0418
2026-06-23 20:19:06.407239: Pseudo dice [np.float32(0.6174)]
2026-06-23 20:19:06.407414: Epoch time: 44.85 s
2026-06-23 20:19:08.666378: 
2026-06-23 20:19:08.667255: Epoch 79
2026-06-23 20:19:08.667435: Current learning rate: 0.0071
2026-06-23 20:19:53.662178: train_loss -0.3278
2026-06-23 20:19:53.662632: val_loss -0.1353
2026-06-23 20:19:53.662786: Pseudo dice [np.float32(0.6339)]
2026-06-23 20:19:53.662969: Epoch time: 45.0 s
2026-06-23 20:19:55.460056: 
2026-06-23 20:19:55.460582: Epoch 80
2026-06-23 20:19:55.460885: Current learning rate: 0.00707
2026-06-23 20:20:40.319292: train_loss -0.3459
2026-06-23 20:20:40.320149: val_loss -0.0996
2026-06-23 20:20:40.320305: Pseudo dice [np.float32(0.6342)]
2026-06-23 20:20:40.320481: Epoch time: 44.86 s
2026-06-23 20:20:42.124113: 
2026-06-23 20:20:42.124660: Epoch 81
2026-06-23 20:20:42.124966: Current learning rate: 0.00703
2026-06-23 20:21:26.958622: train_loss -0.3419
2026-06-23 20:21:26.959486: val_loss -0.0429
2026-06-23 20:21:26.959813: Pseudo dice [np.float32(0.6017)]
2026-06-23 20:21:26.960175: Epoch time: 44.84 s
2026-06-23 20:21:28.780235: 
2026-06-23 20:21:28.780761: Epoch 82
2026-06-23 20:21:28.781068: Current learning rate: 0.00699
2026-06-23 20:22:13.583058: train_loss -0.3366
2026-06-23 20:22:13.583718: val_loss -0.1164
2026-06-23 20:22:13.583881: Pseudo dice [np.float32(0.6357)]
2026-06-23 20:22:13.584057: Epoch time: 44.81 s
2026-06-23 20:22:15.320496: 
2026-06-23 20:22:15.321009: Epoch 83
2026-06-23 20:22:15.321320: Current learning rate: 0.00696
2026-06-23 20:23:00.158198: train_loss -0.3398
2026-06-23 20:23:00.158838: val_loss -0.0695
2026-06-23 20:23:00.158999: Pseudo dice [np.float32(0.6117)]
2026-06-23 20:23:00.159166: Epoch time: 44.84 s
2026-06-23 20:23:01.887227: 
2026-06-23 20:23:01.887585: Epoch 84
2026-06-23 20:23:01.887769: Current learning rate: 0.00692
2026-06-23 20:23:46.840665: train_loss -0.3452
2026-06-23 20:23:46.841130: val_loss -0.0798
2026-06-23 20:23:46.841277: Pseudo dice [np.float32(0.6188)]
2026-06-23 20:23:46.841442: Epoch time: 44.96 s
2026-06-23 20:23:48.584764: 
2026-06-23 20:23:48.585281: Epoch 85
2026-06-23 20:23:48.585462: Current learning rate: 0.00688
2026-06-23 20:24:33.496451: train_loss -0.3292
2026-06-23 20:24:33.496979: val_loss -0.2013
2026-06-23 20:24:33.497127: Pseudo dice [np.float32(0.6805)]
2026-06-23 20:24:33.497291: Epoch time: 44.91 s
2026-06-23 20:24:35.234873: 
2026-06-23 20:24:35.235391: Epoch 86
2026-06-23 20:24:35.235602: Current learning rate: 0.00684
2026-06-23 20:25:20.095472: train_loss -0.3289
2026-06-23 20:25:20.096056: val_loss -0.11
2026-06-23 20:25:20.096226: Pseudo dice [np.float32(0.6288)]
2026-06-23 20:25:20.096400: Epoch time: 44.86 s
2026-06-23 20:25:21.832386: 
2026-06-23 20:25:21.832819: Epoch 87
2026-06-23 20:25:21.833021: Current learning rate: 0.0068
2026-06-23 20:26:06.749745: train_loss -0.3353
2026-06-23 20:26:06.750302: val_loss -0.0329
2026-06-23 20:26:06.750493: Pseudo dice [np.float32(0.6003)]
2026-06-23 20:26:06.750674: Epoch time: 44.92 s
2026-06-23 20:26:08.892583: 
2026-06-23 20:26:08.893214: Epoch 88
2026-06-23 20:26:08.893521: Current learning rate: 0.00677
2026-06-23 20:26:53.685341: train_loss -0.3406
2026-06-23 20:26:53.685972: val_loss -0.0676
2026-06-23 20:26:53.686125: Pseudo dice [np.float32(0.6223)]
2026-06-23 20:26:53.686295: Epoch time: 44.8 s
2026-06-23 20:26:55.445786: 
2026-06-23 20:26:55.446344: Epoch 89
2026-06-23 20:26:55.446638: Current learning rate: 0.00673
2026-06-23 20:27:40.304032: train_loss -0.334
2026-06-23 20:27:40.304514: val_loss -0.0795
2026-06-23 20:27:40.304680: Pseudo dice [np.float32(0.6202)]
2026-06-23 20:27:40.304866: Epoch time: 44.86 s
2026-06-23 20:27:42.046556: 
2026-06-23 20:27:42.047166: Epoch 90
2026-06-23 20:27:42.047480: Current learning rate: 0.00669
2026-06-23 20:28:26.815506: train_loss -0.3436
2026-06-23 20:28:26.816014: val_loss -0.0319
2026-06-23 20:28:26.816163: Pseudo dice [np.float32(0.6027)]
2026-06-23 20:28:26.816337: Epoch time: 44.77 s
2026-06-23 20:28:28.578306: 
2026-06-23 20:28:28.578815: Epoch 91
2026-06-23 20:28:28.579122: Current learning rate: 0.00665
2026-06-23 20:29:13.418831: train_loss -0.3401
2026-06-23 20:29:13.419496: val_loss -0.0065
2026-06-23 20:29:13.419643: Pseudo dice [np.float32(0.5932)]
2026-06-23 20:29:13.419829: Epoch time: 44.84 s
2026-06-23 20:29:15.196311: 
2026-06-23 20:29:15.196696: Epoch 92
2026-06-23 20:29:15.196888: Current learning rate: 0.00662
2026-06-23 20:30:00.017592: train_loss -0.3368
2026-06-23 20:30:00.018315: val_loss -0.1029
2026-06-23 20:30:00.018468: Pseudo dice [np.float32(0.6362)]
2026-06-23 20:30:00.018642: Epoch time: 44.82 s
2026-06-23 20:30:01.771534: 
2026-06-23 20:30:01.771924: Epoch 93
2026-06-23 20:30:01.772141: Current learning rate: 0.00658
2026-06-23 20:30:46.737365: train_loss -0.3432
2026-06-23 20:30:46.738223: val_loss -0.099
2026-06-23 20:30:46.738379: Pseudo dice [np.float32(0.6336)]
2026-06-23 20:30:46.738550: Epoch time: 44.97 s
2026-06-23 20:30:48.504340: 
2026-06-23 20:30:48.504767: Epoch 94
2026-06-23 20:30:48.504953: Current learning rate: 0.00654
2026-06-23 20:31:33.233279: train_loss -0.3343
2026-06-23 20:31:33.233862: val_loss -0.1014
2026-06-23 20:31:33.234021: Pseudo dice [np.float32(0.6521)]
2026-06-23 20:31:33.234196: Epoch time: 44.73 s
2026-06-23 20:31:35.017588: 
2026-06-23 20:31:35.018064: Epoch 95
2026-06-23 20:31:35.018367: Current learning rate: 0.0065
2026-06-23 20:32:19.938742: train_loss -0.3364
2026-06-23 20:32:19.939458: val_loss -0.0478
2026-06-23 20:32:19.939688: Pseudo dice [np.float32(0.6044)]
2026-06-23 20:32:19.940125: Epoch time: 44.92 s
2026-06-23 20:32:21.699950: 
2026-06-23 20:32:21.700467: Epoch 96
2026-06-23 20:32:21.700684: Current learning rate: 0.00647
2026-06-23 20:33:06.693518: train_loss -0.3368
2026-06-23 20:33:06.694088: val_loss -0.0202
2026-06-23 20:33:06.694235: Pseudo dice [np.float32(0.581)]
2026-06-23 20:33:06.694402: Epoch time: 45.0 s
2026-06-23 20:33:08.963856: 
2026-06-23 20:33:08.964373: Epoch 97
2026-06-23 20:33:08.964672: Current learning rate: 0.00643
2026-06-23 20:33:53.791345: train_loss -0.3478
2026-06-23 20:33:53.791856: val_loss -0.0716
2026-06-23 20:33:53.792005: Pseudo dice [np.float32(0.6104)]
2026-06-23 20:33:53.792174: Epoch time: 44.83 s
2026-06-23 20:33:55.574511: 
2026-06-23 20:33:55.574981: Epoch 98
2026-06-23 20:33:55.575164: Current learning rate: 0.00639
2026-06-23 20:34:40.363008: train_loss -0.341
2026-06-23 20:34:40.363611: val_loss -0.033
2026-06-23 20:34:40.363757: Pseudo dice [np.float32(0.5938)]
2026-06-23 20:34:40.363935: Epoch time: 44.79 s
2026-06-23 20:34:42.161094: 
2026-06-23 20:34:42.161734: Epoch 99
2026-06-23 20:34:42.162046: Current learning rate: 0.00635
2026-06-23 20:35:27.085350: train_loss -0.3285
2026-06-23 20:35:27.086043: val_loss -0.1023
2026-06-23 20:35:27.086190: Pseudo dice [np.float32(0.638)]
2026-06-23 20:35:27.086369: Epoch time: 44.93 s
2026-06-23 20:35:29.317619: 
2026-06-23 20:35:29.318175: Epoch 100
2026-06-23 20:35:29.318471: Current learning rate: 0.00631
2026-06-23 20:36:14.106627: train_loss -0.3455
2026-06-23 20:36:14.107167: val_loss -0.0447
2026-06-23 20:36:14.107320: Pseudo dice [np.float32(0.604)]
2026-06-23 20:36:14.107490: Epoch time: 44.79 s
2026-06-23 20:36:15.909291: 
2026-06-23 20:36:15.909818: Epoch 101
2026-06-23 20:36:15.910163: Current learning rate: 0.00628
2026-06-23 20:37:00.834098: train_loss -0.3419
2026-06-23 20:37:00.834601: val_loss -0.0425
2026-06-23 20:37:00.834751: Pseudo dice [np.float32(0.6069)]
2026-06-23 20:37:00.834929: Epoch time: 44.93 s
2026-06-23 20:37:02.606413: 
2026-06-23 20:37:02.606830: Epoch 102
2026-06-23 20:37:02.607081: Current learning rate: 0.00624
2026-06-23 20:37:47.371099: train_loss -0.3427
2026-06-23 20:37:47.371694: val_loss -0.1127
2026-06-23 20:37:47.371850: Pseudo dice [np.float32(0.6288)]
2026-06-23 20:37:47.372022: Epoch time: 44.77 s
2026-06-23 20:37:49.171125: 
2026-06-23 20:37:49.171602: Epoch 103
2026-06-23 20:37:49.171788: Current learning rate: 0.0062
2026-06-23 20:38:34.127471: train_loss -0.3532
2026-06-23 20:38:34.128000: val_loss -0.0004
2026-06-23 20:38:34.128155: Pseudo dice [np.float32(0.5867)]
2026-06-23 20:38:34.128337: Epoch time: 44.96 s
2026-06-23 20:38:35.902494: 
2026-06-23 20:38:35.903099: Epoch 104
2026-06-23 20:38:35.903420: Current learning rate: 0.00616
2026-06-23 20:39:20.773675: train_loss -0.3399
2026-06-23 20:39:20.774277: val_loss -0.1598
2026-06-23 20:39:20.774443: Pseudo dice [np.float32(0.6555)]
2026-06-23 20:39:20.774621: Epoch time: 44.87 s
2026-06-23 20:39:22.575899: 
2026-06-23 20:39:22.576339: Epoch 105
2026-06-23 20:39:22.576521: Current learning rate: 0.00612
2026-06-23 20:40:07.321651: train_loss -0.3445
2026-06-23 20:40:07.322099: val_loss -0.152
2026-06-23 20:40:07.322244: Pseudo dice [np.float32(0.6573)]
2026-06-23 20:40:07.322417: Epoch time: 44.75 s
2026-06-23 20:40:09.522424: 
2026-06-23 20:40:09.523023: Epoch 106
2026-06-23 20:40:09.523304: Current learning rate: 0.00609
2026-06-23 20:40:54.327648: train_loss -0.3391
2026-06-23 20:40:54.328243: val_loss -0.0599
2026-06-23 20:40:54.328405: Pseudo dice [np.float32(0.6137)]
2026-06-23 20:40:54.328599: Epoch time: 44.81 s
2026-06-23 20:40:56.110398: 
2026-06-23 20:40:56.110902: Epoch 107
2026-06-23 20:40:56.111073: Current learning rate: 0.00605
2026-06-23 20:41:40.925343: train_loss -0.3491
2026-06-23 20:41:40.925914: val_loss 0.0016
2026-06-23 20:41:40.926064: Pseudo dice [np.float32(0.5858)]
2026-06-23 20:41:40.926241: Epoch time: 44.82 s
2026-06-23 20:41:42.723567: 
2026-06-23 20:41:42.724001: Epoch 108
2026-06-23 20:41:42.724187: Current learning rate: 0.00601
2026-06-23 20:42:27.479518: train_loss -0.3476
2026-06-23 20:42:27.479963: val_loss -0.1489
2026-06-23 20:42:27.480106: Pseudo dice [np.float32(0.6605)]
2026-06-23 20:42:27.480286: Epoch time: 44.76 s
2026-06-23 20:42:29.277035: 
2026-06-23 20:42:29.277462: Epoch 109
2026-06-23 20:42:29.277639: Current learning rate: 0.00597
2026-06-23 20:43:14.090348: train_loss -0.3437
2026-06-23 20:43:14.090942: val_loss -0.1112
2026-06-23 20:43:14.091111: Pseudo dice [np.float32(0.6377)]
2026-06-23 20:43:14.091290: Epoch time: 44.82 s
2026-06-23 20:43:15.889974: 
2026-06-23 20:43:15.890504: Epoch 110
2026-06-23 20:43:15.890810: Current learning rate: 0.00593
2026-06-23 20:44:00.601671: train_loss -0.3417
2026-06-23 20:44:00.602537: val_loss -0.0607
2026-06-23 20:44:00.602878: Pseudo dice [np.float32(0.6107)]
2026-06-23 20:44:00.603157: Epoch time: 44.72 s
2026-06-23 20:44:02.392757: 
2026-06-23 20:44:02.393256: Epoch 111
2026-06-23 20:44:02.393663: Current learning rate: 0.0059
2026-06-23 20:44:47.279273: train_loss -0.3394
2026-06-23 20:44:47.279820: val_loss -0.1898
2026-06-23 20:44:47.279994: Pseudo dice [np.float32(0.6643)]
2026-06-23 20:44:47.280172: Epoch time: 44.89 s
2026-06-23 20:44:49.050918: 
2026-06-23 20:44:49.051422: Epoch 112
2026-06-23 20:44:49.051723: Current learning rate: 0.00586
2026-06-23 20:45:34.036375: train_loss -0.3462
2026-06-23 20:45:34.036849: val_loss -0.0256
2026-06-23 20:45:34.036992: Pseudo dice [np.float32(0.603)]
2026-06-23 20:45:34.037160: Epoch time: 44.99 s
2026-06-23 20:45:35.799042: 
2026-06-23 20:45:35.799518: Epoch 113
2026-06-23 20:45:35.799701: Current learning rate: 0.00582
2026-06-23 20:46:20.572934: train_loss -0.3412
2026-06-23 20:46:20.573474: val_loss -0.1213
2026-06-23 20:46:20.573635: Pseudo dice [np.float32(0.6501)]
2026-06-23 20:46:20.573816: Epoch time: 44.78 s
2026-06-23 20:46:22.360641: 
2026-06-23 20:46:22.361096: Epoch 114
2026-06-23 20:46:22.361362: Current learning rate: 0.00578
2026-06-23 20:47:07.207898: train_loss -0.3357
2026-06-23 20:47:07.208638: val_loss -0.0884
2026-06-23 20:47:07.208829: Pseudo dice [np.float32(0.6107)]
2026-06-23 20:47:07.209014: Epoch time: 44.85 s
2026-06-23 20:47:09.445387: 
2026-06-23 20:47:09.445892: Epoch 115
2026-06-23 20:47:09.446066: Current learning rate: 0.00574
2026-06-23 20:47:54.298330: train_loss -0.351
2026-06-23 20:47:54.298960: val_loss -0.0446
2026-06-23 20:47:54.299115: Pseudo dice [np.float32(0.5986)]
2026-06-23 20:47:54.299289: Epoch time: 44.86 s
2026-06-23 20:47:56.089696: 
2026-06-23 20:47:56.090146: Epoch 116
2026-06-23 20:47:56.090439: Current learning rate: 0.0057
2026-06-23 20:48:40.851168: train_loss -0.3438
2026-06-23 20:48:40.851893: val_loss -0.0127
2026-06-23 20:48:40.852044: Pseudo dice [np.float32(0.5917)]
2026-06-23 20:48:40.852225: Epoch time: 44.76 s
2026-06-23 20:48:42.672288: 
2026-06-23 20:48:42.672942: Epoch 117
2026-06-23 20:48:42.673535: Current learning rate: 0.00567
2026-06-23 20:49:27.465426: train_loss -0.3452
2026-06-23 20:49:27.466029: val_loss -0.067
2026-06-23 20:49:27.466181: Pseudo dice [np.float32(0.6177)]
2026-06-23 20:49:27.466359: Epoch time: 44.8 s
2026-06-23 20:49:29.280221: 
2026-06-23 20:49:29.281002: Epoch 118
2026-06-23 20:49:29.281547: Current learning rate: 0.00563
2026-06-23 20:50:14.084970: train_loss -0.3491
2026-06-23 20:50:14.085900: val_loss -0.0627
2026-06-23 20:50:14.086098: Pseudo dice [np.float32(0.6202)]
2026-06-23 20:50:14.086286: Epoch time: 44.81 s
2026-06-23 20:50:15.891619: 
2026-06-23 20:50:15.892070: Epoch 119
2026-06-23 20:50:15.892408: Current learning rate: 0.00559
2026-06-23 20:51:00.690888: train_loss -0.3449
2026-06-23 20:51:00.691596: val_loss -0.1235
2026-06-23 20:51:00.691761: Pseudo dice [np.float32(0.6553)]
2026-06-23 20:51:00.691942: Epoch time: 44.8 s
2026-06-23 20:51:02.472750: 
2026-06-23 20:51:02.473204: Epoch 120
2026-06-23 20:51:02.473415: Current learning rate: 0.00555
2026-06-23 20:51:47.296883: train_loss -0.34
2026-06-23 20:51:47.297405: val_loss -0.0648
2026-06-23 20:51:47.297549: Pseudo dice [np.float32(0.6081)]
2026-06-23 20:51:47.297724: Epoch time: 44.83 s
2026-06-23 20:51:49.103807: 
2026-06-23 20:51:49.104932: Epoch 121
2026-06-23 20:51:49.105134: Current learning rate: 0.00551
2026-06-23 20:52:33.872174: train_loss -0.3437
2026-06-23 20:52:33.872671: val_loss -0.071
2026-06-23 20:52:33.872825: Pseudo dice [np.float32(0.617)]
2026-06-23 20:52:33.873000: Epoch time: 44.77 s
2026-06-23 20:52:35.663685: 
2026-06-23 20:52:35.664214: Epoch 122
2026-06-23 20:52:35.664494: Current learning rate: 0.00547
2026-06-23 20:53:20.589991: train_loss -0.3536
2026-06-23 20:53:20.590590: val_loss -0.0674
2026-06-23 20:53:20.590737: Pseudo dice [np.float32(0.6308)]
2026-06-23 20:53:20.590911: Epoch time: 44.93 s
2026-06-23 20:53:22.377422: 
2026-06-23 20:53:22.377944: Epoch 123
2026-06-23 20:53:22.378238: Current learning rate: 0.00544
2026-06-23 20:54:07.166748: train_loss -0.3504
2026-06-23 20:54:07.167455: val_loss -0.1037
2026-06-23 20:54:07.167635: Pseudo dice [np.float32(0.6274)]
2026-06-23 20:54:07.167833: Epoch time: 44.79 s
2026-06-23 20:54:09.353538: 
2026-06-23 20:54:09.354064: Epoch 124
2026-06-23 20:54:09.354357: Current learning rate: 0.0054
2026-06-23 20:54:54.106635: train_loss -0.3415
2026-06-23 20:54:54.107118: val_loss -0.1574
2026-06-23 20:54:54.107263: Pseudo dice [np.float32(0.6611)]
2026-06-23 20:54:54.107430: Epoch time: 44.76 s
2026-06-23 20:54:55.884341: 
2026-06-23 20:54:55.884909: Epoch 125
2026-06-23 20:54:55.885211: Current learning rate: 0.00536
2026-06-23 20:55:40.685134: train_loss -0.3537
2026-06-23 20:55:40.685593: val_loss -0.082
2026-06-23 20:55:40.685740: Pseudo dice [np.float32(0.6258)]
2026-06-23 20:55:40.685917: Epoch time: 44.8 s
2026-06-23 20:55:42.490283: 
2026-06-23 20:55:42.490821: Epoch 126
2026-06-23 20:55:42.491120: Current learning rate: 0.00532
2026-06-23 20:56:27.361471: train_loss -0.3447
2026-06-23 20:56:27.361935: val_loss -0.1689
2026-06-23 20:56:27.362082: Pseudo dice [np.float32(0.6684)]
2026-06-23 20:56:27.362252: Epoch time: 44.87 s
2026-06-23 20:56:29.173512: 
2026-06-23 20:56:29.173885: Epoch 127
2026-06-23 20:56:29.174076: Current learning rate: 0.00528
2026-06-23 20:57:14.107823: train_loss -0.3418
2026-06-23 20:57:14.108413: val_loss -0.1426
2026-06-23 20:57:14.108564: Pseudo dice [np.float32(0.6452)]
2026-06-23 20:57:14.108737: Epoch time: 44.94 s
2026-06-23 20:57:15.904142: 
2026-06-23 20:57:15.904745: Epoch 128
2026-06-23 20:57:15.904955: Current learning rate: 0.00524
2026-06-23 20:58:00.846495: train_loss -0.3458
2026-06-23 20:58:00.846889: val_loss -0.1078
2026-06-23 20:58:00.847025: Pseudo dice [np.float32(0.641)]
2026-06-23 20:58:00.847196: Epoch time: 44.95 s
2026-06-23 20:58:02.668945: 
2026-06-23 20:58:02.669536: Epoch 129
2026-06-23 20:58:02.669853: Current learning rate: 0.0052
2026-06-23 20:58:47.339051: train_loss -0.3506
2026-06-23 20:58:47.339633: val_loss -0.1102
2026-06-23 20:58:47.339783: Pseudo dice [np.float32(0.6305)]
2026-06-23 20:58:47.339964: Epoch time: 44.67 s
2026-06-23 20:58:49.153722: 
2026-06-23 20:58:49.154185: Epoch 130
2026-06-23 20:58:49.154522: Current learning rate: 0.00517
2026-06-23 20:59:34.059815: train_loss -0.3273
2026-06-23 20:59:34.060435: val_loss -0.0318
2026-06-23 20:59:34.060575: Pseudo dice [np.float32(0.6038)]
2026-06-23 20:59:34.060745: Epoch time: 44.91 s
2026-06-23 20:59:35.872892: 
2026-06-23 20:59:35.873408: Epoch 131
2026-06-23 20:59:35.873676: Current learning rate: 0.00513
2026-06-23 21:00:20.567735: train_loss -0.3361
2026-06-23 21:00:20.568259: val_loss -0.1403
2026-06-23 21:00:20.568406: Pseudo dice [np.float32(0.6537)]
2026-06-23 21:00:20.568578: Epoch time: 44.7 s
2026-06-23 21:00:22.374932: 
2026-06-23 21:00:22.375492: Epoch 132
2026-06-23 21:00:22.375834: Current learning rate: 0.00509
2026-06-23 21:01:07.689584: train_loss -0.3511
2026-06-23 21:01:07.690200: val_loss -0.0294
2026-06-23 21:01:07.690346: Pseudo dice [np.float32(0.6085)]
2026-06-23 21:01:07.690523: Epoch time: 45.32 s
2026-06-23 21:01:09.489949: 
2026-06-23 21:01:09.490535: Epoch 133
2026-06-23 21:01:09.490850: Current learning rate: 0.00505
2026-06-23 21:01:54.246815: train_loss -0.3478
2026-06-23 21:01:54.247332: val_loss -0.1705
2026-06-23 21:01:54.247499: Pseudo dice [np.float32(0.6509)]
2026-06-23 21:01:54.247675: Epoch time: 44.76 s
2026-06-23 21:01:56.059127: 
2026-06-23 21:01:56.059667: Epoch 134
2026-06-23 21:01:56.059965: Current learning rate: 0.00501
2026-06-23 21:02:40.840427: train_loss -0.3482
2026-06-23 21:02:40.840909: val_loss -0.0505
2026-06-23 21:02:40.841054: Pseudo dice [np.float32(0.6023)]
2026-06-23 21:02:40.841225: Epoch time: 44.78 s
2026-06-23 21:02:42.696425: 
2026-06-23 21:02:42.696880: Epoch 135
2026-06-23 21:02:42.697200: Current learning rate: 0.00497
2026-06-23 21:03:27.431465: train_loss -0.352
2026-06-23 21:03:27.431996: val_loss -0.0089
2026-06-23 21:03:27.432139: Pseudo dice [np.float32(0.6081)]
2026-06-23 21:03:27.432310: Epoch time: 44.74 s
2026-06-23 21:03:29.257108: 
2026-06-23 21:03:29.257640: Epoch 136
2026-06-23 21:03:29.257988: Current learning rate: 0.00493
2026-06-23 21:04:13.999443: train_loss -0.3562
2026-06-23 21:04:14.000083: val_loss -0.0644
2026-06-23 21:04:14.000230: Pseudo dice [np.float32(0.6244)]
2026-06-23 21:04:14.000406: Epoch time: 44.75 s
2026-06-23 21:04:15.820435: 
2026-06-23 21:04:15.820984: Epoch 137
2026-06-23 21:04:15.821281: Current learning rate: 0.00489
2026-06-23 21:05:00.634258: train_loss -0.3579
2026-06-23 21:05:00.634812: val_loss -0.1297
2026-06-23 21:05:00.634961: Pseudo dice [np.float32(0.6478)]
2026-06-23 21:05:00.635132: Epoch time: 44.82 s
2026-06-23 21:05:02.456501: 
2026-06-23 21:05:02.457135: Epoch 138
2026-06-23 21:05:02.457441: Current learning rate: 0.00485
2026-06-23 21:05:47.210667: train_loss -0.3481
2026-06-23 21:05:47.211165: val_loss 0.0616
2026-06-23 21:05:47.211315: Pseudo dice [np.float32(0.5573)]
2026-06-23 21:05:47.211496: Epoch time: 44.76 s
2026-06-23 21:05:48.987283: 
2026-06-23 21:05:48.987707: Epoch 139
2026-06-23 21:05:48.987906: Current learning rate: 0.00482
2026-06-23 21:06:33.858234: train_loss -0.3477
2026-06-23 21:06:33.858816: val_loss -0.0603
2026-06-23 21:06:33.858971: Pseudo dice [np.float32(0.624)]
2026-06-23 21:06:33.859150: Epoch time: 44.87 s
2026-06-23 21:06:35.645679: 
2026-06-23 21:06:35.646309: Epoch 140
2026-06-23 21:06:35.646650: Current learning rate: 0.00478
2026-06-23 21:07:20.387130: train_loss -0.346
2026-06-23 21:07:20.387870: val_loss -0.0591
2026-06-23 21:07:20.388088: Pseudo dice [np.float32(0.6099)]
2026-06-23 21:07:20.388268: Epoch time: 44.74 s
2026-06-23 21:07:22.620656: 
2026-06-23 21:07:22.621144: Epoch 141
2026-06-23 21:07:22.621313: Current learning rate: 0.00474
2026-06-23 21:08:07.448609: train_loss -0.3441
2026-06-23 21:08:07.455762: val_loss -0.0584
2026-06-23 21:08:07.455975: Pseudo dice [np.float32(0.6162)]
2026-06-23 21:08:07.456157: Epoch time: 44.83 s
2026-06-23 21:08:09.248387: 
2026-06-23 21:08:09.248883: Epoch 142
2026-06-23 21:08:09.249168: Current learning rate: 0.0047
2026-06-23 21:08:54.079913: train_loss -0.355
2026-06-23 21:08:54.080436: val_loss -0.1036
2026-06-23 21:08:54.080575: Pseudo dice [np.float32(0.646)]
2026-06-23 21:08:54.080750: Epoch time: 44.83 s
2026-06-23 21:08:55.856006: 
2026-06-23 21:08:55.856566: Epoch 143
2026-06-23 21:08:55.856905: Current learning rate: 0.00466
2026-06-23 21:09:40.879637: train_loss -0.3539
2026-06-23 21:09:40.880270: val_loss -0.0917
2026-06-23 21:09:40.880423: Pseudo dice [np.float32(0.6519)]
2026-06-23 21:09:40.880590: Epoch time: 45.03 s
2026-06-23 21:09:42.673824: 
2026-06-23 21:09:42.674348: Epoch 144
2026-06-23 21:09:42.674654: Current learning rate: 0.00462
2026-06-23 21:10:27.654562: train_loss -0.3353
2026-06-23 21:10:27.655077: val_loss -0.0463
2026-06-23 21:10:27.655234: Pseudo dice [np.float32(0.5865)]
2026-06-23 21:10:27.655406: Epoch time: 44.98 s
2026-06-23 21:10:29.434381: 
2026-06-23 21:10:29.434839: Epoch 145
2026-06-23 21:10:29.435157: Current learning rate: 0.00458
2026-06-23 21:11:14.407295: train_loss -0.3397
2026-06-23 21:11:14.407808: val_loss -0.0271
2026-06-23 21:11:14.407953: Pseudo dice [np.float32(0.6077)]
2026-06-23 21:11:14.408129: Epoch time: 44.98 s
2026-06-23 21:11:16.191475: 
2026-06-23 21:11:16.192002: Epoch 146
2026-06-23 21:11:16.192291: Current learning rate: 0.00454
2026-06-23 21:12:01.136231: train_loss -0.3469
2026-06-23 21:12:01.136733: val_loss -0.1753
2026-06-23 21:12:01.136905: Pseudo dice [np.float32(0.6694)]
2026-06-23 21:12:01.137071: Epoch time: 44.95 s
2026-06-23 21:12:02.935837: 
2026-06-23 21:12:02.936351: Epoch 147
2026-06-23 21:12:02.936669: Current learning rate: 0.0045
2026-06-23 21:12:47.975722: train_loss -0.3425
2026-06-23 21:12:47.976209: val_loss 0.0426
2026-06-23 21:12:47.976357: Pseudo dice [np.float32(0.5747)]
2026-06-23 21:12:47.976528: Epoch time: 45.04 s
2026-06-23 21:12:49.771839: 
2026-06-23 21:12:49.772365: Epoch 148
2026-06-23 21:12:49.772560: Current learning rate: 0.00446
2026-06-23 21:13:34.857856: train_loss -0.3419
2026-06-23 21:13:34.858221: val_loss -0.0794
2026-06-23 21:13:34.858366: Pseudo dice [np.float32(0.6316)]
2026-06-23 21:13:34.858533: Epoch time: 45.09 s
2026-06-23 21:13:36.651417: 
2026-06-23 21:13:36.651871: Epoch 149
2026-06-23 21:13:36.652060: Current learning rate: 0.00442
2026-06-23 21:14:21.752095: train_loss -0.3476
2026-06-23 21:14:21.752589: val_loss -0.0168
2026-06-23 21:14:21.752733: Pseudo dice [np.float32(0.6032)]
2026-06-23 21:14:21.752912: Epoch time: 45.1 s
2026-06-23 21:14:24.560983: 
2026-06-23 21:14:24.561519: Epoch 150
2026-06-23 21:14:24.561713: Current learning rate: 0.00438
2026-06-23 21:15:09.457568: train_loss -0.3515
2026-06-23 21:15:09.458060: val_loss -0.0486
2026-06-23 21:15:09.458207: Pseudo dice [np.float32(0.6105)]
2026-06-23 21:15:09.458376: Epoch time: 44.9 s
2026-06-23 21:15:11.250759: 
2026-06-23 21:15:11.251309: Epoch 151
2026-06-23 21:15:11.251543: Current learning rate: 0.00434
2026-06-23 21:15:56.236418: train_loss -0.3508
2026-06-23 21:15:56.237044: val_loss -0.0201
2026-06-23 21:15:56.237191: Pseudo dice [np.float32(0.5966)]
2026-06-23 21:15:56.237363: Epoch time: 44.99 s
2026-06-23 21:15:58.029963: 
2026-06-23 21:15:58.030392: Epoch 152
2026-06-23 21:15:58.030636: Current learning rate: 0.0043
2026-06-23 21:16:43.225349: train_loss -0.3535
2026-06-23 21:16:43.225945: val_loss -0.0184
2026-06-23 21:16:43.226098: Pseudo dice [np.float32(0.5939)]
2026-06-23 21:16:43.226274: Epoch time: 45.2 s
2026-06-23 21:16:45.024494: 
2026-06-23 21:16:45.024918: Epoch 153
2026-06-23 21:16:45.025093: Current learning rate: 0.00427
2026-06-23 21:17:30.029620: train_loss -0.354
2026-06-23 21:17:30.030177: val_loss -0.0831
2026-06-23 21:17:30.030341: Pseudo dice [np.float32(0.627)]
2026-06-23 21:17:30.030514: Epoch time: 45.01 s
2026-06-23 21:17:31.839460: 
2026-06-23 21:17:31.839915: Epoch 154
2026-06-23 21:17:31.840103: Current learning rate: 0.00423
2026-06-23 21:18:16.794031: train_loss -0.3443
2026-06-23 21:18:16.795351: val_loss -0.0734
2026-06-23 21:18:16.795521: Pseudo dice [np.float32(0.617)]
2026-06-23 21:18:16.795701: Epoch time: 44.96 s
2026-06-23 21:18:18.603257: 
2026-06-23 21:18:18.603634: Epoch 155
2026-06-23 21:18:18.603842: Current learning rate: 0.00419
2026-06-23 21:19:03.530788: train_loss -0.3567
2026-06-23 21:19:03.531397: val_loss -0.0708
2026-06-23 21:19:03.531704: Pseudo dice [np.float32(0.6184)]
2026-06-23 21:19:03.531960: Epoch time: 44.93 s
2026-06-23 21:19:05.338893: 
2026-06-23 21:19:05.339206: Epoch 156
2026-06-23 21:19:05.339393: Current learning rate: 0.00415
2026-06-23 21:19:50.153360: train_loss -0.3507
2026-06-23 21:19:50.153964: val_loss -0.1448
2026-06-23 21:19:50.154137: Pseudo dice [np.float32(0.6348)]
2026-06-23 21:19:50.154311: Epoch time: 44.82 s
2026-06-23 21:19:51.973466: 
2026-06-23 21:19:51.974052: Epoch 157
2026-06-23 21:19:51.974344: Current learning rate: 0.00411
2026-06-23 21:20:36.993419: train_loss -0.3553
2026-06-23 21:20:36.993853: val_loss -0.095
2026-06-23 21:20:36.993992: Pseudo dice [np.float32(0.6274)]
2026-06-23 21:20:36.994161: Epoch time: 45.02 s
2026-06-23 21:20:38.795153: 
2026-06-23 21:20:38.795668: Epoch 158
2026-06-23 21:20:38.796088: Current learning rate: 0.00407
2026-06-23 21:21:24.124240: train_loss -0.3576
2026-06-23 21:21:24.124754: val_loss -0.0738
2026-06-23 21:21:24.124920: Pseudo dice [np.float32(0.6186)]
2026-06-23 21:21:24.125098: Epoch time: 45.33 s
2026-06-23 21:21:26.364978: 
2026-06-23 21:21:26.365385: Epoch 159
2026-06-23 21:21:26.365563: Current learning rate: 0.00403
2026-06-23 21:22:11.292554: train_loss -0.359
2026-06-23 21:22:11.293165: val_loss 0.001
2026-06-23 21:22:11.293318: Pseudo dice [np.float32(0.5859)]
2026-06-23 21:22:11.293486: Epoch time: 44.93 s
2026-06-23 21:22:13.096872: 
2026-06-23 21:22:13.097278: Epoch 160
2026-06-23 21:22:13.097461: Current learning rate: 0.00399
2026-06-23 21:22:57.909398: train_loss -0.3567
2026-06-23 21:22:57.909903: val_loss -0.1307
2026-06-23 21:22:57.910053: Pseudo dice [np.float32(0.6524)]
2026-06-23 21:22:57.910221: Epoch time: 44.82 s
2026-06-23 21:22:59.740771: 
2026-06-23 21:22:59.741346: Epoch 161
2026-06-23 21:22:59.741620: Current learning rate: 0.00395
2026-06-23 21:23:44.694898: train_loss -0.3586
2026-06-23 21:23:44.695449: val_loss -0.0807
2026-06-23 21:23:44.695591: Pseudo dice [np.float32(0.6324)]
2026-06-23 21:23:44.695760: Epoch time: 44.96 s
2026-06-23 21:23:46.522408: 
2026-06-23 21:23:46.522955: Epoch 162
2026-06-23 21:23:46.523187: Current learning rate: 0.00391
2026-06-23 21:24:31.426305: train_loss -0.3574
2026-06-23 21:24:31.426812: val_loss -0.0745
2026-06-23 21:24:31.426962: Pseudo dice [np.float32(0.6333)]
2026-06-23 21:24:31.427135: Epoch time: 44.91 s
2026-06-23 21:24:33.250883: 
2026-06-23 21:24:33.251331: Epoch 163
2026-06-23 21:24:33.251548: Current learning rate: 0.00387
2026-06-23 21:25:18.036905: train_loss -0.355
2026-06-23 21:25:18.037636: val_loss -0.0993
2026-06-23 21:25:18.037794: Pseudo dice [np.float32(0.637)]
2026-06-23 21:25:18.037983: Epoch time: 44.79 s
2026-06-23 21:25:19.869683: 
2026-06-23 21:25:19.870166: Epoch 164
2026-06-23 21:25:19.870433: Current learning rate: 0.00383
2026-06-23 21:26:04.757208: train_loss -0.3535
2026-06-23 21:26:04.757709: val_loss 0.0658
2026-06-23 21:26:04.757868: Pseudo dice [np.float32(0.5612)]
2026-06-23 21:26:04.758041: Epoch time: 44.89 s
2026-06-23 21:26:06.546672: 
2026-06-23 21:26:06.547071: Epoch 165
2026-06-23 21:26:06.547307: Current learning rate: 0.00379
2026-06-23 21:26:51.515834: train_loss -0.35
2026-06-23 21:26:51.516367: val_loss -0.0703
2026-06-23 21:26:51.516519: Pseudo dice [np.float32(0.6178)]
2026-06-23 21:26:51.516689: Epoch time: 44.97 s
2026-06-23 21:26:53.316312: 
2026-06-23 21:26:53.316736: Epoch 166
2026-06-23 21:26:53.316927: Current learning rate: 0.00375
2026-06-23 21:27:38.259813: train_loss -0.3518
2026-06-23 21:27:38.261112: val_loss -0.1045
2026-06-23 21:27:38.261290: Pseudo dice [np.float32(0.6499)]
2026-06-23 21:27:38.261485: Epoch time: 44.95 s
2026-06-23 21:27:40.649412: 
2026-06-23 21:27:40.650319: Epoch 167
2026-06-23 21:27:40.650801: Current learning rate: 0.00371
2026-06-23 21:28:25.727847: train_loss -0.3491
2026-06-23 21:28:25.728423: val_loss -0.0789
2026-06-23 21:28:25.728578: Pseudo dice [np.float32(0.6106)]
2026-06-23 21:28:25.728746: Epoch time: 45.08 s
2026-06-23 21:28:27.556493: 
2026-06-23 21:28:27.557108: Epoch 168
2026-06-23 21:28:27.557652: Current learning rate: 0.00367
2026-06-23 21:29:12.471440: train_loss -0.3506
2026-06-23 21:29:12.472054: val_loss 0.0239
2026-06-23 21:29:12.472203: Pseudo dice [np.float32(0.5901)]
2026-06-23 21:29:12.472404: Epoch time: 44.92 s
2026-06-23 21:29:14.283847: 
2026-06-23 21:29:14.284415: Epoch 169
2026-06-23 21:29:14.284719: Current learning rate: 0.00363
2026-06-23 21:29:59.227202: train_loss -0.358
2026-06-23 21:29:59.227821: val_loss -0.0599
2026-06-23 21:29:59.228000: Pseudo dice [np.float32(0.6174)]
2026-06-23 21:29:59.228172: Epoch time: 44.95 s
2026-06-23 21:30:01.032640: 
2026-06-23 21:30:01.033025: Epoch 170
2026-06-23 21:30:01.033200: Current learning rate: 0.00359
2026-06-23 21:30:46.003503: train_loss -0.3494
2026-06-23 21:30:46.004141: val_loss -0.1638
2026-06-23 21:30:46.004348: Pseudo dice [np.float32(0.66)]
2026-06-23 21:30:46.004537: Epoch time: 44.97 s
2026-06-23 21:30:47.816805: 
2026-06-23 21:30:47.817219: Epoch 171
2026-06-23 21:30:47.817396: Current learning rate: 0.00355
2026-06-23 21:31:32.746071: train_loss -0.3467
2026-06-23 21:31:32.746526: val_loss -0.1073
2026-06-23 21:31:32.746669: Pseudo dice [np.float32(0.6357)]
2026-06-23 21:31:32.746848: Epoch time: 44.93 s
2026-06-23 21:31:34.567912: 
2026-06-23 21:31:34.568406: Epoch 172
2026-06-23 21:31:34.568681: Current learning rate: 0.00351
2026-06-23 21:32:19.401551: train_loss -0.3529
2026-06-23 21:32:19.401962: val_loss -0.0496
2026-06-23 21:32:19.402105: Pseudo dice [np.float32(0.6055)]
2026-06-23 21:32:19.402275: Epoch time: 44.84 s
2026-06-23 21:32:21.206846: 
2026-06-23 21:32:21.207425: Epoch 173
2026-06-23 21:32:21.207721: Current learning rate: 0.00346
2026-06-23 21:33:05.972038: train_loss -0.3513
2026-06-23 21:33:05.972528: val_loss -0.1427
2026-06-23 21:33:05.972672: Pseudo dice [np.float32(0.6451)]
2026-06-23 21:33:05.972846: Epoch time: 44.77 s
2026-06-23 21:33:07.799216: 
2026-06-23 21:33:07.799770: Epoch 174
2026-06-23 21:33:07.800092: Current learning rate: 0.00342
2026-06-23 21:33:52.524809: train_loss -0.3495
2026-06-23 21:33:52.525280: val_loss -0.0629
2026-06-23 21:33:52.525434: Pseudo dice [np.float32(0.625)]
2026-06-23 21:33:52.525604: Epoch time: 44.73 s
2026-06-23 21:33:54.327727: 
2026-06-23 21:33:54.328230: Epoch 175
2026-06-23 21:33:54.328525: Current learning rate: 0.00338
2026-06-23 21:34:39.117243: train_loss -0.3628
2026-06-23 21:34:39.117677: val_loss -0.1083
2026-06-23 21:34:39.117836: Pseudo dice [np.float32(0.6268)]
2026-06-23 21:34:39.118004: Epoch time: 44.79 s
2026-06-23 21:34:41.431796: 
2026-06-23 21:34:41.432359: Epoch 176
2026-06-23 21:34:41.432539: Current learning rate: 0.00334
2026-06-23 21:35:26.304856: train_loss -0.3513
2026-06-23 21:35:26.305567: val_loss -0.0445
2026-06-23 21:35:26.305734: Pseudo dice [np.float32(0.6083)]
2026-06-23 21:35:26.305927: Epoch time: 44.88 s
2026-06-23 21:35:28.107619: 
2026-06-23 21:35:28.108075: Epoch 177
2026-06-23 21:35:28.108256: Current learning rate: 0.0033
2026-06-23 21:36:13.220701: train_loss -0.3521
2026-06-23 21:36:13.221272: val_loss -0.0131
2026-06-23 21:36:13.221421: Pseudo dice [np.float32(0.5981)]
2026-06-23 21:36:13.221594: Epoch time: 45.12 s
2026-06-23 21:36:15.042980: 
2026-06-23 21:36:15.043425: Epoch 178
2026-06-23 21:36:15.043638: Current learning rate: 0.00326
2026-06-23 21:36:59.890650: train_loss -0.3514
2026-06-23 21:36:59.891145: val_loss -0.0887
2026-06-23 21:36:59.891294: Pseudo dice [np.float32(0.6212)]
2026-06-23 21:36:59.891466: Epoch time: 44.85 s
2026-06-23 21:37:01.721056: 
2026-06-23 21:37:01.721563: Epoch 179
2026-06-23 21:37:01.721736: Current learning rate: 0.00322
2026-06-23 21:37:46.626040: train_loss -0.3554
2026-06-23 21:37:46.626535: val_loss -0.1638
2026-06-23 21:37:46.626695: Pseudo dice [np.float32(0.6578)]
2026-06-23 21:37:46.626873: Epoch time: 44.91 s
2026-06-23 21:37:48.440157: 
2026-06-23 21:37:48.440458: Epoch 180
2026-06-23 21:37:48.440639: Current learning rate: 0.00318
2026-06-23 21:38:33.483816: train_loss -0.3578
2026-06-23 21:38:33.484461: val_loss -0.1363
2026-06-23 21:38:33.484616: Pseudo dice [np.float32(0.6512)]
2026-06-23 21:38:33.484792: Epoch time: 45.05 s
2026-06-23 21:38:35.307465: 
2026-06-23 21:38:35.307973: Epoch 181
2026-06-23 21:38:35.308161: Current learning rate: 0.00314
2026-06-23 21:39:20.186554: train_loss -0.3564
2026-06-23 21:39:20.187089: val_loss -0.1115
2026-06-23 21:39:20.187246: Pseudo dice [np.float32(0.635)]
2026-06-23 21:39:20.187426: Epoch time: 44.88 s
2026-06-23 21:39:22.010746: 
2026-06-23 21:39:22.011176: Epoch 182
2026-06-23 21:39:22.011347: Current learning rate: 0.0031
2026-06-23 21:40:07.030896: train_loss -0.3589
2026-06-23 21:40:07.031526: val_loss -0.0707
2026-06-23 21:40:07.031687: Pseudo dice [np.float32(0.6296)]
2026-06-23 21:40:07.031864: Epoch time: 45.02 s
2026-06-23 21:40:08.858729: 
2026-06-23 21:40:08.859231: Epoch 183
2026-06-23 21:40:08.859431: Current learning rate: 0.00306
2026-06-23 21:40:53.723419: train_loss -0.3596
2026-06-23 21:40:53.723959: val_loss -0.0128
2026-06-23 21:40:53.724114: Pseudo dice [np.float32(0.5966)]
2026-06-23 21:40:53.724291: Epoch time: 44.87 s
2026-06-23 21:40:55.546947: 
2026-06-23 21:40:55.547421: Epoch 184
2026-06-23 21:40:55.547616: Current learning rate: 0.00302
2026-06-23 21:41:40.353918: train_loss -0.3559
2026-06-23 21:41:40.354487: val_loss -0.0061
2026-06-23 21:41:40.354632: Pseudo dice [np.float32(0.5801)]
2026-06-23 21:41:40.354809: Epoch time: 44.81 s
2026-06-23 21:41:42.650856: 
2026-06-23 21:41:42.651287: Epoch 185
2026-06-23 21:41:42.651473: Current learning rate: 0.00297
2026-06-23 21:42:27.425070: train_loss -0.3501
2026-06-23 21:42:27.427153: val_loss -0.1613
2026-06-23 21:42:27.427375: Pseudo dice [np.float32(0.6664)]
2026-06-23 21:42:27.427551: Epoch time: 44.78 s
2026-06-23 21:42:29.244467: 
2026-06-23 21:42:29.245041: Epoch 186
2026-06-23 21:42:29.245424: Current learning rate: 0.00293
2026-06-23 21:43:14.214267: train_loss -0.3397
2026-06-23 21:43:14.214890: val_loss -0.1593
2026-06-23 21:43:14.215043: Pseudo dice [np.float32(0.6543)]
2026-06-23 21:43:14.215211: Epoch time: 44.97 s
2026-06-23 21:43:16.033369: 
2026-06-23 21:43:16.034031: Epoch 187
2026-06-23 21:43:16.034376: Current learning rate: 0.00289
2026-06-23 21:44:00.810174: train_loss -0.362
2026-06-23 21:44:00.811042: val_loss -0.1479
2026-06-23 21:44:00.811185: Pseudo dice [np.float32(0.6587)]
2026-06-23 21:44:00.811353: Epoch time: 44.78 s
2026-06-23 21:44:02.646084: 
2026-06-23 21:44:02.646499: Epoch 188
2026-06-23 21:44:02.646690: Current learning rate: 0.00285
2026-06-23 21:44:47.586668: train_loss -0.3609
2026-06-23 21:44:47.587293: val_loss -0.0845
2026-06-23 21:44:47.587511: Pseudo dice [np.float32(0.6321)]
2026-06-23 21:44:47.587886: Epoch time: 44.94 s
2026-06-23 21:44:49.409045: 
2026-06-23 21:44:49.409515: Epoch 189
2026-06-23 21:44:49.409692: Current learning rate: 0.00281
2026-06-23 21:45:34.384316: train_loss -0.3603
2026-06-23 21:45:34.384873: val_loss -0.1668
2026-06-23 21:45:34.385032: Pseudo dice [np.float32(0.6611)]
2026-06-23 21:45:34.385211: Epoch time: 44.98 s
2026-06-23 21:45:36.188845: 
2026-06-23 21:45:36.189240: Epoch 190
2026-06-23 21:45:36.189426: Current learning rate: 0.00277
2026-06-23 21:46:21.094549: train_loss -0.3535
2026-06-23 21:46:21.095118: val_loss -0.1729
2026-06-23 21:46:21.095264: Pseudo dice [np.float32(0.6719)]
2026-06-23 21:46:21.095434: Epoch time: 44.91 s
2026-06-23 21:46:22.915104: 
2026-06-23 21:46:22.915630: Epoch 191
2026-06-23 21:46:22.915936: Current learning rate: 0.00273
2026-06-23 21:47:07.781837: train_loss -0.3576
2026-06-23 21:47:07.782408: val_loss -0.1095
2026-06-23 21:47:07.783199: Pseudo dice [np.float32(0.6341)]
2026-06-23 21:47:07.783391: Epoch time: 44.87 s
2026-06-23 21:47:09.628226: 
2026-06-23 21:47:09.628767: Epoch 192
2026-06-23 21:47:09.628967: Current learning rate: 0.00268
2026-06-23 21:47:54.508667: train_loss -0.3501
2026-06-23 21:47:54.509170: val_loss -0.0495
2026-06-23 21:47:54.509319: Pseudo dice [np.float32(0.6126)]
2026-06-23 21:47:54.509484: Epoch time: 44.88 s
2026-06-23 21:47:56.783090: 
2026-06-23 21:47:56.783694: Epoch 193
2026-06-23 21:47:56.783918: Current learning rate: 0.00264
2026-06-23 21:48:41.797757: train_loss -0.3589
2026-06-23 21:48:41.798264: val_loss -0.0709
2026-06-23 21:48:41.798410: Pseudo dice [np.float32(0.6329)]
2026-06-23 21:48:41.798584: Epoch time: 45.02 s
2026-06-23 21:48:43.627808: 
2026-06-23 21:48:43.628334: Epoch 194
2026-06-23 21:48:43.628643: Current learning rate: 0.0026
2026-06-23 21:49:28.583791: train_loss -0.3608
2026-06-23 21:49:28.584357: val_loss 0.0108
2026-06-23 21:49:28.584506: Pseudo dice [np.float32(0.5903)]
2026-06-23 21:49:28.584686: Epoch time: 44.96 s
2026-06-23 21:49:30.400229: 
2026-06-23 21:49:30.400667: Epoch 195
2026-06-23 21:49:30.400851: Current learning rate: 0.00256
2026-06-23 21:50:15.325202: train_loss -0.3529
2026-06-23 21:50:15.325804: val_loss 0.0297
2026-06-23 21:50:15.325963: Pseudo dice [np.float32(0.5567)]
2026-06-23 21:50:15.326135: Epoch time: 44.93 s
2026-06-23 21:50:17.166677: 
2026-06-23 21:50:17.167149: Epoch 196
2026-06-23 21:50:17.167354: Current learning rate: 0.00252
2026-06-23 21:51:01.929787: train_loss -0.3627
2026-06-23 21:51:01.930244: val_loss -0.1128
2026-06-23 21:51:01.930397: Pseudo dice [np.float32(0.6437)]
2026-06-23 21:51:01.930564: Epoch time: 44.77 s
2026-06-23 21:51:03.767615: 
2026-06-23 21:51:03.768066: Epoch 197
2026-06-23 21:51:03.768361: Current learning rate: 0.00248
2026-06-23 21:51:48.725538: train_loss -0.3591
2026-06-23 21:51:48.726020: val_loss -0.0682
2026-06-23 21:51:48.726188: Pseudo dice [np.float32(0.6221)]
2026-06-23 21:51:48.726375: Epoch time: 44.96 s
2026-06-23 21:51:50.578769: 
2026-06-23 21:51:50.579339: Epoch 198
2026-06-23 21:51:50.579681: Current learning rate: 0.00243
2026-06-23 21:52:35.235357: train_loss -0.3625
2026-06-23 21:52:35.242919: val_loss -0.0411
2026-06-23 21:52:35.243188: Pseudo dice [np.float32(0.6022)]
2026-06-23 21:52:35.243369: Epoch time: 44.66 s
2026-06-23 21:52:37.082490: 
2026-06-23 21:52:37.082954: Epoch 199
2026-06-23 21:52:37.083237: Current learning rate: 0.00239
2026-06-23 21:53:21.927898: train_loss -0.3524
2026-06-23 21:53:21.928481: val_loss -0.1127
2026-06-23 21:53:21.928655: Pseudo dice [np.float32(0.6467)]
2026-06-23 21:53:21.928835: Epoch time: 44.85 s
2026-06-23 21:53:24.260545: 
2026-06-23 21:53:24.261080: Epoch 200
2026-06-23 21:53:24.261367: Current learning rate: 0.00235
2026-06-23 21:54:09.304861: train_loss -0.3599
2026-06-23 21:54:09.305426: val_loss -0.0945
2026-06-23 21:54:09.305573: Pseudo dice [np.float32(0.641)]
2026-06-23 21:54:09.305748: Epoch time: 45.05 s
2026-06-23 21:54:11.160860: 
2026-06-23 21:54:11.161344: Epoch 201
2026-06-23 21:54:11.161647: Current learning rate: 0.00231
2026-06-23 21:54:56.081576: train_loss -0.3517
2026-06-23 21:54:56.082048: val_loss -0.1463
2026-06-23 21:54:56.082202: Pseudo dice [np.float32(0.6565)]
2026-06-23 21:54:56.082374: Epoch time: 44.92 s
2026-06-23 21:54:58.422817: 
2026-06-23 21:54:58.423392: Epoch 202
2026-06-23 21:54:58.423588: Current learning rate: 0.00226
2026-06-23 21:55:43.246536: train_loss -0.3604
2026-06-23 21:55:43.247018: val_loss -0.0633
2026-06-23 21:55:43.247163: Pseudo dice [np.float32(0.6234)]
2026-06-23 21:55:43.247329: Epoch time: 44.83 s
2026-06-23 21:55:45.084342: 
2026-06-23 21:55:45.084788: Epoch 203
2026-06-23 21:55:45.084980: Current learning rate: 0.00222
2026-06-23 21:56:30.078565: train_loss -0.3671
2026-06-23 21:56:30.079664: val_loss -0.0138
2026-06-23 21:56:30.079832: Pseudo dice [np.float32(0.6008)]
2026-06-23 21:56:30.080004: Epoch time: 45.0 s
2026-06-23 21:56:31.929265: 
2026-06-23 21:56:31.929737: Epoch 204
2026-06-23 21:56:31.930030: Current learning rate: 0.00218
2026-06-23 21:57:16.808526: train_loss -0.3661
2026-06-23 21:57:16.809095: val_loss -0.0744
2026-06-23 21:57:16.809245: Pseudo dice [np.float32(0.6238)]
2026-06-23 21:57:16.809418: Epoch time: 44.88 s
2026-06-23 21:57:18.642388: 
2026-06-23 21:57:18.642828: Epoch 205
2026-06-23 21:57:18.643002: Current learning rate: 0.00214
2026-06-23 21:58:03.561996: train_loss -0.3523
2026-06-23 21:58:03.562485: val_loss -0.1664
2026-06-23 21:58:03.562629: Pseudo dice [np.float32(0.6734)]
2026-06-23 21:58:03.562808: Epoch time: 44.92 s
2026-06-23 21:58:05.342582: 
2026-06-23 21:58:05.342898: Epoch 206
2026-06-23 21:58:05.343076: Current learning rate: 0.00209
2026-06-23 21:58:50.144578: train_loss -0.3615
2026-06-23 21:58:50.145076: val_loss -0.0813
2026-06-23 21:58:50.145220: Pseudo dice [np.float32(0.6336)]
2026-06-23 21:58:50.145389: Epoch time: 44.8 s
2026-06-23 21:58:51.941981: 
2026-06-23 21:58:51.942375: Epoch 207
2026-06-23 21:58:51.942542: Current learning rate: 0.00205
2026-06-23 21:59:36.822696: train_loss -0.3608
2026-06-23 21:59:36.823198: val_loss -0.1132
2026-06-23 21:59:36.823344: Pseudo dice [np.float32(0.6411)]
2026-06-23 21:59:36.823512: Epoch time: 44.88 s
2026-06-23 21:59:38.611365: 
2026-06-23 21:59:38.611959: Epoch 208
2026-06-23 21:59:38.612343: Current learning rate: 0.00201
2026-06-23 22:00:23.514862: train_loss -0.3634
2026-06-23 22:00:23.515409: val_loss -0.0835
2026-06-23 22:00:23.515562: Pseudo dice [np.float32(0.6272)]
2026-06-23 22:00:23.515732: Epoch time: 44.91 s
2026-06-23 22:00:25.306164: 
2026-06-23 22:00:25.306666: Epoch 209
2026-06-23 22:00:25.306970: Current learning rate: 0.00196
2026-06-23 22:01:10.359237: train_loss -0.3619
2026-06-23 22:01:10.359734: val_loss -0.0989
2026-06-23 22:01:10.359890: Pseudo dice [np.float32(0.6247)]
2026-06-23 22:01:10.360065: Epoch time: 45.06 s
2026-06-23 22:01:12.148545: 
2026-06-23 22:01:12.148961: Epoch 210
2026-06-23 22:01:12.149158: Current learning rate: 0.00192
2026-06-23 22:01:56.887781: train_loss -0.3519
2026-06-23 22:01:56.888526: val_loss -0.0724
2026-06-23 22:01:56.888719: Pseudo dice [np.float32(0.631)]
2026-06-23 22:01:56.888908: Epoch time: 44.74 s
2026-06-23 22:01:59.370278: 
2026-06-23 22:01:59.371094: Epoch 211
2026-06-23 22:01:59.371514: Current learning rate: 0.00188
2026-06-23 22:02:44.300889: train_loss -0.3552
2026-06-23 22:02:44.301531: val_loss -0.0902
2026-06-23 22:02:44.301704: Pseudo dice [np.float32(0.6319)]
2026-06-23 22:02:44.301888: Epoch time: 44.93 s
2026-06-23 22:02:46.100819: 
2026-06-23 22:02:46.101599: Epoch 212
2026-06-23 22:02:46.101808: Current learning rate: 0.00184
2026-06-23 22:03:30.979704: train_loss -0.3547
2026-06-23 22:03:30.980373: val_loss -0.0567
2026-06-23 22:03:30.980521: Pseudo dice [np.float32(0.6083)]
2026-06-23 22:03:30.980717: Epoch time: 44.88 s
2026-06-23 22:03:32.804624: 
2026-06-23 22:03:32.805293: Epoch 213
2026-06-23 22:03:32.805641: Current learning rate: 0.00179
2026-06-23 22:04:17.778570: train_loss -0.3559
2026-06-23 22:04:17.779176: val_loss 0.0112
2026-06-23 22:04:17.779349: Pseudo dice [np.float32(0.5846)]
2026-06-23 22:04:17.779521: Epoch time: 44.98 s
2026-06-23 22:04:19.542923: 
2026-06-23 22:04:19.543485: Epoch 214
2026-06-23 22:04:19.543810: Current learning rate: 0.00175
2026-06-23 22:05:04.388341: train_loss -0.3607
2026-06-23 22:05:04.388921: val_loss -0.0614
2026-06-23 22:05:04.389089: Pseudo dice [np.float32(0.6098)]
2026-06-23 22:05:04.389259: Epoch time: 44.85 s
2026-06-23 22:05:06.175058: 
2026-06-23 22:05:06.175556: Epoch 215
2026-06-23 22:05:06.175838: Current learning rate: 0.0017
2026-06-23 22:05:50.935996: train_loss -0.3625
2026-06-23 22:05:50.936524: val_loss -0.1212
2026-06-23 22:05:50.936669: Pseudo dice [np.float32(0.6364)]
2026-06-23 22:05:50.936839: Epoch time: 44.76 s
2026-06-23 22:05:52.703159: 
2026-06-23 22:05:52.703596: Epoch 216
2026-06-23 22:05:52.703813: Current learning rate: 0.00166
2026-06-23 22:06:37.608397: train_loss -0.3619
2026-06-23 22:06:37.609103: val_loss 0.0227
2026-06-23 22:06:37.610047: Pseudo dice [np.float32(0.5873)]
2026-06-23 22:06:37.610241: Epoch time: 44.91 s
2026-06-23 22:06:39.391534: 
2026-06-23 22:06:39.391907: Epoch 217
2026-06-23 22:06:39.392096: Current learning rate: 0.00162
2026-06-23 22:07:24.216146: train_loss -0.359
2026-06-23 22:07:24.216917: val_loss -0.0117
2026-06-23 22:07:24.217068: Pseudo dice [np.float32(0.5951)]
2026-06-23 22:07:24.217241: Epoch time: 44.83 s
2026-06-23 22:07:25.997085: 
2026-06-23 22:07:25.997448: Epoch 218
2026-06-23 22:07:25.997736: Current learning rate: 0.00157
2026-06-23 22:08:11.050728: train_loss -0.3558
2026-06-23 22:08:11.051286: val_loss -0.0295
2026-06-23 22:08:11.051433: Pseudo dice [np.float32(0.6156)]
2026-06-23 22:08:11.051598: Epoch time: 45.06 s
2026-06-23 22:08:12.810425: 
2026-06-23 22:08:12.810729: Epoch 219
2026-06-23 22:08:12.810914: Current learning rate: 0.00153
2026-06-23 22:08:57.737962: train_loss -0.3669
2026-06-23 22:08:57.738490: val_loss -0.0541
2026-06-23 22:08:57.738654: Pseudo dice [np.float32(0.6144)]
2026-06-23 22:08:57.738833: Epoch time: 44.93 s
2026-06-23 22:09:00.021345: 
2026-06-23 22:09:00.021915: Epoch 220
2026-06-23 22:09:00.022089: Current learning rate: 0.00148
2026-06-23 22:09:45.104756: train_loss -0.3672
2026-06-23 22:09:45.105219: val_loss -0.0898
2026-06-23 22:09:45.105359: Pseudo dice [np.float32(0.6331)]
2026-06-23 22:09:45.105529: Epoch time: 45.09 s
2026-06-23 22:09:46.877340: 
2026-06-23 22:09:46.877862: Epoch 221
2026-06-23 22:09:46.878129: Current learning rate: 0.00144
2026-06-23 22:10:31.720731: train_loss -0.3585
2026-06-23 22:10:31.721376: val_loss -0.0768
2026-06-23 22:10:31.721525: Pseudo dice [np.float32(0.6204)]
2026-06-23 22:10:31.721704: Epoch time: 44.85 s
2026-06-23 22:10:33.489302: 
2026-06-23 22:10:33.489764: Epoch 222
2026-06-23 22:10:33.489961: Current learning rate: 0.00139
2026-06-23 22:11:18.434637: train_loss -0.3636
2026-06-23 22:11:18.435258: val_loss -0.079
2026-06-23 22:11:18.435420: Pseudo dice [np.float32(0.6177)]
2026-06-23 22:11:18.435602: Epoch time: 44.95 s
2026-06-23 22:11:20.209389: 
2026-06-23 22:11:20.209906: Epoch 223
2026-06-23 22:11:20.210248: Current learning rate: 0.00135
2026-06-23 22:12:05.116405: train_loss -0.3575
2026-06-23 22:12:05.116939: val_loss -0.0678
2026-06-23 22:12:05.117106: Pseudo dice [np.float32(0.6146)]
2026-06-23 22:12:05.117274: Epoch time: 44.91 s
2026-06-23 22:12:06.892469: 
2026-06-23 22:12:06.893000: Epoch 224
2026-06-23 22:12:06.893267: Current learning rate: 0.0013
2026-06-23 22:12:51.603605: train_loss -0.3595
2026-06-23 22:12:51.604222: val_loss 0.0173
2026-06-23 22:12:51.604371: Pseudo dice [np.float32(0.5877)]
2026-06-23 22:12:51.604534: Epoch time: 44.71 s
2026-06-23 22:12:53.377755: 
2026-06-23 22:12:53.378329: Epoch 225
2026-06-23 22:12:53.378655: Current learning rate: 0.00126
2026-06-23 22:13:38.219475: train_loss -0.3619
2026-06-23 22:13:38.219965: val_loss -0.0642
2026-06-23 22:13:38.220108: Pseudo dice [np.float32(0.6233)]
2026-06-23 22:13:38.220278: Epoch time: 44.85 s
2026-06-23 22:13:40.001868: 
2026-06-23 22:13:40.002430: Epoch 226
2026-06-23 22:13:40.002800: Current learning rate: 0.00121
2026-06-23 22:14:24.850435: train_loss -0.3594
2026-06-23 22:14:24.850902: val_loss -0.0446
2026-06-23 22:14:24.851052: Pseudo dice [np.float32(0.6089)]
2026-06-23 22:14:24.851220: Epoch time: 44.85 s
2026-06-23 22:14:26.621419: 
2026-06-23 22:14:26.622036: Epoch 227
2026-06-23 22:14:26.622342: Current learning rate: 0.00117
2026-06-23 22:15:11.541225: train_loss -0.3571
2026-06-23 22:15:11.541754: val_loss -0.0995
2026-06-23 22:15:11.541935: Pseudo dice [np.float32(0.6322)]
2026-06-23 22:15:11.542104: Epoch time: 44.92 s
2026-06-23 22:15:13.314070: 
2026-06-23 22:15:13.314553: Epoch 228
2026-06-23 22:15:13.314761: Current learning rate: 0.00112
2026-06-23 22:15:58.200459: train_loss -0.3635
2026-06-23 22:15:58.201050: val_loss -0.1046
2026-06-23 22:15:58.201195: Pseudo dice [np.float32(0.6294)]
2026-06-23 22:15:58.201360: Epoch time: 44.89 s
2026-06-23 22:16:00.502297: 
2026-06-23 22:16:00.502750: Epoch 229
2026-06-23 22:16:00.502948: Current learning rate: 0.00108
2026-06-23 22:16:45.337208: train_loss -0.3623
2026-06-23 22:16:45.337745: val_loss -0.0172
2026-06-23 22:16:45.337917: Pseudo dice [np.float32(0.6032)]
2026-06-23 22:16:45.338093: Epoch time: 44.84 s
2026-06-23 22:16:47.119077: 
2026-06-23 22:16:47.119578: Epoch 230
2026-06-23 22:16:47.119899: Current learning rate: 0.00103
2026-06-23 22:17:31.917192: train_loss -0.3591
2026-06-23 22:17:31.917769: val_loss -0.0573
2026-06-23 22:17:31.917945: Pseudo dice [np.float32(0.6169)]
2026-06-23 22:17:31.918125: Epoch time: 44.8 s
2026-06-23 22:17:33.681365: 
2026-06-23 22:17:33.681844: Epoch 231
2026-06-23 22:17:33.682139: Current learning rate: 0.00098
2026-06-23 22:18:18.416884: train_loss -0.3609
2026-06-23 22:18:18.417533: val_loss -0.0333
2026-06-23 22:18:18.417683: Pseudo dice [np.float32(0.5977)]
2026-06-23 22:18:18.417871: Epoch time: 44.74 s
2026-06-23 22:18:20.213362: 
2026-06-23 22:18:20.213763: Epoch 232
2026-06-23 22:18:20.214070: Current learning rate: 0.00094
2026-06-23 22:19:05.134574: train_loss -0.3638
2026-06-23 22:19:05.135077: val_loss -0.0408
2026-06-23 22:19:05.135221: Pseudo dice [np.float32(0.5948)]
2026-06-23 22:19:05.135386: Epoch time: 44.92 s
2026-06-23 22:19:06.914144: 
2026-06-23 22:19:06.914613: Epoch 233
2026-06-23 22:19:06.914921: Current learning rate: 0.00089
2026-06-23 22:19:52.016698: train_loss -0.3584
2026-06-23 22:19:52.017159: val_loss -0.0593
2026-06-23 22:19:52.017307: Pseudo dice [np.float32(0.6111)]
2026-06-23 22:19:52.017472: Epoch time: 45.11 s
2026-06-23 22:19:53.766919: 
2026-06-23 22:19:53.767304: Epoch 234
2026-06-23 22:19:53.767498: Current learning rate: 0.00084
2026-06-23 22:20:38.719624: train_loss -0.3634
2026-06-23 22:20:38.720143: val_loss 0.0092
2026-06-23 22:20:38.720309: Pseudo dice [np.float32(0.6024)]
2026-06-23 22:20:38.720477: Epoch time: 44.96 s
2026-06-23 22:20:40.499156: 
2026-06-23 22:20:40.499721: Epoch 235
2026-06-23 22:20:40.500037: Current learning rate: 0.00079
2026-06-23 22:21:25.678567: train_loss -0.359
2026-06-23 22:21:25.679099: val_loss -0.0279
2026-06-23 22:21:25.679257: Pseudo dice [np.float32(0.6135)]
2026-06-23 22:21:25.679427: Epoch time: 45.18 s
2026-06-23 22:21:27.451884: 
2026-06-23 22:21:27.452925: Epoch 236
2026-06-23 22:21:27.453275: Current learning rate: 0.00075
2026-06-23 22:22:12.758402: train_loss -0.3722
2026-06-23 22:22:12.758823: val_loss -0.0425
2026-06-23 22:22:12.758970: Pseudo dice [np.float32(0.6149)]
2026-06-23 22:22:12.759139: Epoch time: 45.31 s
2026-06-23 22:22:14.520236: 
2026-06-23 22:22:14.520873: Epoch 237
2026-06-23 22:22:14.521177: Current learning rate: 0.0007
2026-06-23 22:22:59.481894: train_loss -0.367
2026-06-23 22:22:59.482631: val_loss -0.0621
2026-06-23 22:22:59.482808: Pseudo dice [np.float32(0.6145)]
2026-06-23 22:22:59.482982: Epoch time: 44.97 s
2026-06-23 22:23:01.239908: 
2026-06-23 22:23:01.240442: Epoch 238
2026-06-23 22:23:01.240621: Current learning rate: 0.00065
2026-06-23 22:23:46.143581: train_loss -0.3645
2026-06-23 22:23:46.144060: val_loss -0.0871
2026-06-23 22:23:46.144199: Pseudo dice [np.float32(0.6382)]
2026-06-23 22:23:46.144369: Epoch time: 44.91 s
2026-06-23 22:23:48.357930: 
2026-06-23 22:23:48.358562: Epoch 239
2026-06-23 22:23:48.358861: Current learning rate: 0.0006
2026-06-23 22:24:33.237313: train_loss -0.3679
2026-06-23 22:24:33.237865: val_loss -0.0419
2026-06-23 22:24:33.238013: Pseudo dice [np.float32(0.6057)]
2026-06-23 22:24:33.238189: Epoch time: 44.88 s
2026-06-23 22:24:35.018854: 
2026-06-23 22:24:35.019433: Epoch 240
2026-06-23 22:24:35.019732: Current learning rate: 0.00055
2026-06-23 22:25:19.843765: train_loss -0.3592
2026-06-23 22:25:19.844287: val_loss -0.0478
2026-06-23 22:25:19.844431: Pseudo dice [np.float32(0.6184)]
2026-06-23 22:25:19.844597: Epoch time: 44.83 s
2026-06-23 22:25:21.629156: 
2026-06-23 22:25:21.629627: Epoch 241
2026-06-23 22:25:21.629842: Current learning rate: 0.0005
2026-06-23 22:26:06.358470: train_loss -0.3634
2026-06-23 22:26:06.359069: val_loss -0.1049
2026-06-23 22:26:06.359959: Pseudo dice [np.float32(0.6448)]
2026-06-23 22:26:06.360166: Epoch time: 44.73 s
2026-06-23 22:26:08.150034: 
2026-06-23 22:26:08.150581: Epoch 242
2026-06-23 22:26:08.150885: Current learning rate: 0.00045
2026-06-23 22:26:53.032706: train_loss -0.3652
2026-06-23 22:26:53.033302: val_loss -0.0914
2026-06-23 22:26:53.033448: Pseudo dice [np.float32(0.6263)]
2026-06-23 22:26:53.033614: Epoch time: 44.89 s
2026-06-23 22:26:54.840125: 
2026-06-23 22:26:54.840668: Epoch 243
2026-06-23 22:26:54.840973: Current learning rate: 0.0004
2026-06-23 22:27:39.836287: train_loss -0.3568
2026-06-23 22:27:39.836803: val_loss -0.0808
2026-06-23 22:27:39.836954: Pseudo dice [np.float32(0.618)]
2026-06-23 22:27:39.837122: Epoch time: 45.0 s
2026-06-23 22:27:41.639286: 
2026-06-23 22:27:41.639750: Epoch 244
2026-06-23 22:27:41.639936: Current learning rate: 0.00035
2026-06-23 22:28:26.480522: train_loss -0.3565
2026-06-23 22:28:26.481024: val_loss -0.045
2026-06-23 22:28:26.481167: Pseudo dice [np.float32(0.6135)]
2026-06-23 22:28:26.481339: Epoch time: 44.84 s
2026-06-23 22:28:28.277023: 
2026-06-23 22:28:28.277537: Epoch 245
2026-06-23 22:28:28.277819: Current learning rate: 0.0003
2026-06-23 22:29:13.107076: train_loss -0.363
2026-06-23 22:29:13.107661: val_loss 0.016
2026-06-23 22:29:13.107813: Pseudo dice [np.float32(0.5942)]
2026-06-23 22:29:13.107980: Epoch time: 44.83 s
2026-06-23 22:29:14.914311: 
2026-06-23 22:29:14.914835: Epoch 246
2026-06-23 22:29:14.915151: Current learning rate: 0.00024
2026-06-23 22:29:59.744343: train_loss -0.363
2026-06-23 22:29:59.744847: val_loss -0.0805
2026-06-23 22:29:59.744993: Pseudo dice [np.float32(0.6288)]
2026-06-23 22:29:59.745163: Epoch time: 44.83 s
2026-06-23 22:30:01.579902: 
2026-06-23 22:30:01.580521: Epoch 247
2026-06-23 22:30:01.580896: Current learning rate: 0.00019
2026-06-23 22:30:46.443435: train_loss -0.3584
2026-06-23 22:30:46.443930: val_loss -0.0869
2026-06-23 22:30:46.444079: Pseudo dice [np.float32(0.6237)]
2026-06-23 22:30:46.444251: Epoch time: 44.87 s
2026-06-23 22:30:48.704081: 
2026-06-23 22:30:48.704524: Epoch 248
2026-06-23 22:30:48.704718: Current learning rate: 0.00013
2026-06-23 22:31:33.393695: train_loss -0.3669
2026-06-23 22:31:33.394215: val_loss -0.0724
2026-06-23 22:31:33.394372: Pseudo dice [np.float32(0.6157)]
2026-06-23 22:31:33.394535: Epoch time: 44.69 s
2026-06-23 22:31:35.193547: 
2026-06-23 22:31:35.194112: Epoch 249
2026-06-23 22:31:35.194409: Current learning rate: 7e-05
2026-06-23 22:32:20.051369: train_loss -0.3613
2026-06-23 22:32:20.051907: val_loss -0.104
2026-06-23 22:32:20.052055: Pseudo dice [np.float32(0.6343)]
2026-06-23 22:32:20.052224: Epoch time: 44.86 s
2026-06-23 22:32:22.604532: Training done.
2026-06-23 22:32:22.891898: Using splits from existing split file: /gpfs/data/ravenlab/micmac/nnUNet_preprocessed/Dataset002_BinaryTask/splits_final.json
2026-06-23 22:32:22.893257: The split file contains 5 splits.
2026-06-23 22:32:22.893382: Desired fold for training: 3
2026-06-23 22:32:22.893484: This split has 12 training and 3 validation cases.
2026-06-23 22:32:22.893788: predicting 41759_42
2026-06-23 22:32:22.930336: 41759_42, shape torch.Size([1, 1, 1723, 2049]), rank 0
2026-06-23 22:32:30.069472: predicting 41759_49left
2026-06-23 22:32:30.233187: 41759_49left, shape torch.Size([1, 1, 2208, 2074]), rank 0
2026-06-23 22:32:31.683030: predicting 41759_63_claus
2026-06-23 22:32:31.775096: 41759_63_claus, shape torch.Size([1, 1, 2112, 2226]), rank 0
2026-06-23 22:32:59.517981: Validation complete
2026-06-23 22:32:59.518195: Mean Validation Dice:  0.6241650883775455
