/gpfs/data/ravenlab/micmac/scripts/microglia_thresholding.py:22: UserWarning: Input line 171 contained no data and will not be counted towards `max_rows=50000`.  This differs from the behaviour in NumPy <=1.22 which counted lines rather than rows.  If desired, the previous behaviour can be achieved by using `itertools.islice`.
Please see the 1.23 release notes for an example on how to do this.  If you wish to ignore this warning, use `warnings.filterwarnings`.  This warning is expected to be removed in the future and is given only once per `loadtxt` call.
  filenames = np.loadtxt(f'{in_dir}/scripts/microglia_filenames.txt',dtype=str)
/gpfs/scratch/karatb01/venv_all/lib/python3.10/site-packages/numpy/_core/fromnumeric.py:3860: RuntimeWarning: Mean of empty slice.
  return _methods._mean(a, axis=axis, dtype=dtype,
/gpfs/scratch/karatb01/venv_all/lib/python3.10/site-packages/numpy/_core/_methods.py:145: RuntimeWarning: invalid value encountered in scalar divide
  ret = ret.dtype.type(ret / rcount)
/gpfs/data/ravenlab/micmac/scripts/microglia_thresholding.py:100: DeprecationWarning: Conversion of an array with ndim > 0 to a scalar is deprecated, and will error in future. Ensure you extract a single element from your array before performing this operation. (Deprecated NumPy 1.25.)
  startx = int(xind*boxsize[0])
/gpfs/data/ravenlab/micmac/scripts/microglia_thresholding.py:101: DeprecationWarning: Conversion of an array with ndim > 0 to a scalar is deprecated, and will error in future. Ensure you extract a single element from your array before performing this operation. (Deprecated NumPy 1.25.)
  endx = int((xind+1) * boxsize[0])
/gpfs/data/ravenlab/micmac/scripts/microglia_thresholding.py:102: DeprecationWarning: Conversion of an array with ndim > 0 to a scalar is deprecated, and will error in future. Ensure you extract a single element from your array before performing this operation. (Deprecated NumPy 1.25.)
  starty = int(yind*boxsize[1])
/gpfs/data/ravenlab/micmac/scripts/microglia_thresholding.py:103: DeprecationWarning: Conversion of an array with ndim > 0 to a scalar is deprecated, and will error in future. Ensure you extract a single element from your array before performing this operation. (Deprecated NumPy 1.25.)
  endy = int((yind+1) * boxsize[1])
0.0
0.0058823529411764705
0.011764705882352941
0.01764705882352941
0.023529411764705882
0.029411764705882353
0.03529411764705882
0.041176470588235294
0.047058823529411764
0.052941176470588235
0.058823529411764705
0.06470588235294118
0.07058823529411765
0.07647058823529412
0.08235294117647059
0.08823529411764706
0.09411764705882353
0.1
0.10588235294117647
0.11176470588235295
0.11764705882352941
0.12352941176470589
0.12941176470588237
0.13529411764705881
0.1411764705882353
0.14705882352941177
0.15294117647058825
0.1588235294117647
0.16470588235294117
0.17058823529411765
0.17647058823529413
0.18235294117647058
0.18823529411764706
0.19411764705882353
0.2
0.20588235294117646
0.21176470588235294
0.21764705882352942
0.2235294117647059
0.22941176470588234
0.23529411764705882
0.2411764705882353
0.24705882352941178
0.2529411764705882
0.25882352941176473
0.2647058823529412
0.27058823529411763
0.27647058823529413
0.2823529411764706
0.28823529411764703
0.29411764705882354
0.3
0.3058823529411765
0.31176470588235294
0.3176470588235294
0.3235294117647059
0.32941176470588235
0.3352941176470588
0.3411764705882353
0.34705882352941175
0.35294117647058826
0.3588235294117647
0.36470588235294116
0.37058823529411766
0.3764705882352941
0.38235294117647056
0.38823529411764707
0.3941176470588235
0.4
0.40588235294117647
0.4117647058823529
0.4176470588235294
0.4235294117647059
0.4294117647058823
0.43529411764705883
0.4411764705882353
0.4470588235294118
0.45294117647058824
0.4588235294117647
0.4647058823529412
0.47058823529411764
0.4764705882352941
0.4823529411764706
0.48823529411764705
0.49411764705882355
0.5
0.5058823529411764
0.5117647058823529
0.5176470588235295
0.5235294117647059
0.5294117647058824
0.5352941176470588
0.5411764705882353
0.5470588235294118
0.5529411764705883
0.5588235294117647
0.5647058823529412
0.5705882352941176
0.5764705882352941
0.5823529411764706
0.5882352941176471
0.5941176470588235
0.6
0.6058823529411764
0.611764705882353
0.6176470588235294
0.6235294117647059
0.6294117647058823
0.6352941176470588
0.6411764705882353
0.6470588235294118
0.6529411764705882
0.6588235294117647
0.6647058823529411
0.6705882352941176
0.6764705882352942
0.6823529411764706
0.6882352941176471
0.6941176470588235
0.7
0.7058823529411765
0.711764705882353
0.7176470588235294
0.7235294117647059
0.7294117647058823
0.7352941176470589
0.7411764705882353
0.7470588235294118
0.7529411764705882
0.7588235294117647
0.7647058823529411
0.7705882352941177
0.7764705882352941
0.7823529411764706
0.788235294117647
0.7941176470588235
0.8
0.8058823529411765
0.8117647058823529
0.8176470588235294
0.8235294117647058
0.8294117647058824
0.8352941176470589
0.8411764705882353
0.8470588235294118
0.8529411764705882
0.8588235294117647
0.8647058823529412
0.8705882352941177
0.8764705882352941
0.8823529411764706
0.888235294117647
0.8941176470588236
0.9
0.9058823529411765
0.9117647058823529
0.9176470588235294
0.9235294117647059
0.9294117647058824
0.9352941176470588
0.9411764705882353
0.9470588235294117
0.9529411764705882
0.9588235294117647
0.9647058823529412
0.9705882352941176
0.9764705882352941
0.9823529411764705
0.9882352941176471
0.9941176470588236
