Loading python/gpu/3.10.6-cuda12.9
  Loading requirement: cuda/12.9

############################
INFO: You are using the old nnU-Net default plans. We have updated our recommendations. Please consider using those instead! Read more here: https://github.com/MIC-DKFZ/nnUNet/blob/master/documentation/resenc_presets.md
############################

Using device: cuda:0

#######################################################################
Please cite the following paper when using nnU-Net:
Isensee, F., Jaeger, P. F., Kohl, S. A., Petersen, J., & Maier-Hein, K. H. (2021). nnU-Net: a self-configuring method for deep learning-based biomedical image segmentation. Nature methods, 18(2), 203-211.
#######################################################################

2026-06-15 14:37:00.510630: do_dummy_2d_data_aug: False
2026-06-15 14:37:00.511237: Creating new 5-fold cross-validation split...
2026-06-15 14:37:00.515288: Desired fold for training: 0
2026-06-15 14:37:00.515430: This split has 8 training and 3 validation cases.
using pin_memory on device 0
/pytorch/aten/src/ATen/native/cuda/ScatterGatherKernel.cu:409: operator(): block: [336,0,0], thread: [96,0,0] Assertion `idx_dim >= 0 && idx_dim < index_size && "index out of bounds"` failed.
/pytorch/aten/src/ATen/native/cuda/ScatterGatherKernel.cu:409: operator(): block: [336,0,0], thread: [97,0,0] Assertion `idx_dim >= 0 && idx_dim < index_size && "index out of bounds"` failed.
/pytorch/aten/src/ATen/native/cuda/ScatterGatherKernel.cu:409: operator(): block: [336,0,0], thread: [98,0,0] Assertion `idx_dim >= 0 && idx_dim < index_size && "index out of bounds"` failed.
/pytorch/aten/src/ATen/native/cuda/ScatterGatherKernel.cu:409: operator(): block: [336,0,0], thread: [99,0,0] Assertion `idx_dim >= 0 && idx_dim < index_size && "index out of bounds"` failed.
/pytorch/aten/src/ATen/native/cuda/ScatterGatherKernel.cu:409: operator(): block: [336,0,0], thread: [100,0,0] Assertion `idx_dim >= 0 && idx_dim < index_size && "index out of bounds"` failed.
/pytorch/aten/src/ATen/native/cuda/ScatterGatherKernel.cu:409: operator(): block: [336,0,0], thread: [101,0,0] Assertion `idx_dim >= 0 && idx_dim < index_size && "index out of bounds"` failed.
/pytorch/aten/src/ATen/native/cuda/ScatterGatherKernel.cu:409: operator(): block: [336,0,0], thread: [102,0,0] Assertion `idx_dim >= 0 && idx_dim < index_size && "index out of bounds"` failed.
/pytorch/aten/src/ATen/native/cuda/ScatterGatherKernel.cu:409: operator(): block: [336,0,0], thread: [103,0,0] Assertion `idx_dim >= 0 && idx_dim < index_size && "index out of bounds"` failed.
/pytorch/aten/src/ATen/native/cuda/ScatterGatherKernel.cu:409: operator(): block: [336,0,0], thread: [104,0,0] Assertion `idx_dim >= 0 && idx_dim < index_size && "index out of bounds"` failed.
/pytorch/aten/src/ATen/native/cuda/ScatterGatherKernel.cu:409: operator(): block: [336,0,0], thread: [105,0,0] Assertion `idx_dim >= 0 && idx_dim < index_size && "index out of bounds"` failed.
/pytorch/aten/src/ATen/native/cuda/ScatterGatherKernel.cu:409: operator(): block: [336,0,0], thread: [106,0,0] Assertion `idx_dim >= 0 && idx_dim < index_size && "index out of bounds"` failed.
/pytorch/aten/src/ATen/native/cuda/ScatterGatherKernel.cu:409: operator(): block: [336,0,0], thread: [107,0,0] Assertion `idx_dim >= 0 && idx_dim < index_size && "index out of bounds"` failed.
/pytorch/aten/src/ATen/native/cuda/ScatterGatherKernel.cu:409: operator(): block: [336,0,0], thread: [108,0,0] Assertion `idx_dim >= 0 && idx_dim < index_size && "index out of bounds"` failed.
/pytorch/aten/src/ATen/native/cuda/ScatterGatherKernel.cu:409: operator(): block: [336,0,0], thread: [109,0,0] Assertion `idx_dim >= 0 && idx_dim < index_size && "index out of bounds"` failed.
/pytorch/aten/src/ATen/native/cuda/ScatterGatherKernel.cu:409: operator(): block: [336,0,0], thread: [110,0,0] Assertion `idx_dim >= 0 && idx_dim < index_size && "index out of bounds"` failed.
/pytorch/aten/src/ATen/native/cuda/ScatterGatherKernel.cu:409: operator(): block: [336,0,0], thread: [111,0,0] Assertion `idx_dim >= 0 && idx_dim < index_size && "index out of bounds"` failed.
/pytorch/aten/src/ATen/native/cuda/ScatterGatherKernel.cu:409: operator(): block: [336,0,0], thread: [112,0,0] Assertion `idx_dim >= 0 && idx_dim < index_size && "index out of bounds"` failed.
/pytorch/aten/src/ATen/native/cuda/ScatterGatherKernel.cu:409: operator(): block: [336,0,0], thread: [113,0,0] Assertion `idx_dim >= 0 && idx_dim < index_size && "index out of bounds"` failed.
/pytorch/aten/src/ATen/native/cuda/ScatterGatherKernel.cu:409: operator(): block: [336,0,0], thread: [114,0,0] Assertion `idx_dim >= 0 && idx_dim < index_size && "index out of bounds"` failed.
/pytorch/aten/src/ATen/native/cuda/ScatterGatherKernel.cu:409: operator(): block: [336,0,0], thread: [115,0,0] Assertion `idx_dim >= 0 && idx_dim < index_size && "index out of bounds"` failed.
/pytorch/aten/src/ATen/native/cuda/ScatterGatherKernel.cu:409: operator(): block: [336,0,0], thread: [116,0,0] Assertion `idx_dim >= 0 && idx_dim < index_size && "index out of bounds"` failed.
/pytorch/aten/src/ATen/native/cuda/ScatterGatherKernel.cu:409: operator(): block: [336,0,0], thread: [117,0,0] Assertion `idx_dim >= 0 && idx_dim < index_size && "index out of bounds"` failed.
/pytorch/aten/src/ATen/native/cuda/ScatterGatherKernel.cu:409: operator(): block: [336,0,0], thread: [118,0,0] Assertion `idx_dim >= 0 && idx_dim < index_size && "index out of bounds"` failed.
/pytorch/aten/src/ATen/native/cuda/ScatterGatherKernel.cu:409: operator(): block: [336,0,0], thread: [119,0,0] Assertion `idx_dim >= 0 && idx_dim < index_size && "index out of bounds"` failed.
/pytorch/aten/src/ATen/native/cuda/ScatterGatherKernel.cu:409: operator(): block: [336,0,0], thread: [120,0,0] Assertion `idx_dim >= 0 && idx_dim < index_size && "index out of bounds"` failed.
/pytorch/aten/src/ATen/native/cuda/ScatterGatherKernel.cu:409: operator(): block: [336,0,0], thread: [121,0,0] Assertion `idx_dim >= 0 && idx_dim < index_size && "index out of bounds"` failed.
/pytorch/aten/src/ATen/native/cuda/ScatterGatherKernel.cu:409: operator(): block: [336,0,0], thread: [122,0,0] Assertion `idx_dim >= 0 && idx_dim < index_size && "index out of bounds"` failed.
/pytorch/aten/src/ATen/native/cuda/ScatterGatherKernel.cu:409: operator(): block: [336,0,0], thread: [123,0,0] Assertion `idx_dim >= 0 && idx_dim < index_size && "index out of bounds"` failed.
/pytorch/aten/src/ATen/native/cuda/ScatterGatherKernel.cu:409: operator(): block: [336,0,0], thread: [124,0,0] Assertion `idx_dim >= 0 && idx_dim < index_size && "index out of bounds"` failed.
/pytorch/aten/src/ATen/native/cuda/ScatterGatherKernel.cu:409: operator(): block: [336,0,0], thread: [125,0,0] Assertion `idx_dim >= 0 && idx_dim < index_size && "index out of bounds"` failed.
/pytorch/aten/src/ATen/native/cuda/ScatterGatherKernel.cu:409: operator(): block: [336,0,0], thread: [126,0,0] Assertion `idx_dim >= 0 && idx_dim < index_size && "index out of bounds"` failed.
/pytorch/aten/src/ATen/native/cuda/ScatterGatherKernel.cu:409: operator(): block: [336,0,0], thread: [127,0,0] Assertion `idx_dim >= 0 && idx_dim < index_size && "index out of bounds"` failed.
/pytorch/aten/src/ATen/native/cuda/ScatterGatherKernel.cu:409: operator(): block: [336,0,0], thread: [0,0,0] Assertion `idx_dim >= 0 && idx_dim < index_size && "index out of bounds"` failed.
/pytorch/aten/src/ATen/native/cuda/ScatterGatherKernel.cu:409: operator(): block: [336,0,0], thread: [1,0,0] Assertion `idx_dim >= 0 && idx_dim < index_size && "index out of bounds"` failed.
/pytorch/aten/src/ATen/native/cuda/ScatterGatherKernel.cu:409: operator(): block: [336,0,0], thread: [2,0,0] Assertion `idx_dim >= 0 && idx_dim < index_size && "index out of bounds"` failed.
/pytorch/aten/src/ATen/native/cuda/ScatterGatherKernel.cu:409: operator(): block: [336,0,0], thread: [3,0,0] Assertion `idx_dim >= 0 && idx_dim < index_size && "index out of bounds"` failed.
/pytorch/aten/src/ATen/native/cuda/ScatterGatherKernel.cu:409: operator(): block: [336,0,0], thread: [4,0,0] Assertion `idx_dim >= 0 && idx_dim < index_size && "index out of bounds"` failed.
/pytorch/aten/src/ATen/native/cuda/ScatterGatherKernel.cu:409: operator(): block: [336,0,0], thread: [5,0,0] Assertion `idx_dim >= 0 && idx_dim < index_size && "index out of bounds"` failed.
/pytorch/aten/src/ATen/native/cuda/ScatterGatherKernel.cu:409: operator(): block: [336,0,0], thread: [6,0,0] Assertion `idx_dim >= 0 && idx_dim < index_size && "index out of bounds"` failed.
/pytorch/aten/src/ATen/native/cuda/ScatterGatherKernel.cu:409: operator(): block: [336,0,0], thread: [7,0,0] Assertion `idx_dim >= 0 && idx_dim < index_size && "index out of bounds"` failed.
/pytorch/aten/src/ATen/native/cuda/ScatterGatherKernel.cu:409: operator(): block: [336,0,0], thread: [8,0,0] Assertion `idx_dim >= 0 && idx_dim < index_size && "index out of bounds"` failed.
/pytorch/aten/src/ATen/native/cuda/ScatterGatherKernel.cu:409: operator(): block: [336,0,0], thread: [9,0,0] Assertion `idx_dim >= 0 && idx_dim < index_size && "index out of bounds"` failed.
/pytorch/aten/src/ATen/native/cuda/ScatterGatherKernel.cu:409: operator(): block: [336,0,0], thread: [10,0,0] Assertion `idx_dim >= 0 && idx_dim < index_size && "index out of bounds"` failed.
/pytorch/aten/src/ATen/native/cuda/ScatterGatherKernel.cu:409: operator(): block: [336,0,0], thread: [11,0,0] Assertion `idx_dim >= 0 && idx_dim < index_size && "index out of bounds"` failed.
/pytorch/aten/src/ATen/native/cuda/ScatterGatherKernel.cu:409: operator(): block: [336,0,0], thread: [12,0,0] Assertion `idx_dim >= 0 && idx_dim < index_size && "index out of bounds"` failed.
/pytorch/aten/src/ATen/native/cuda/ScatterGatherKernel.cu:409: operator(): block: [336,0,0], thread: [13,0,0] Assertion `idx_dim >= 0 && idx_dim < index_size && "index out of bounds"` failed.
/pytorch/aten/src/ATen/native/cuda/ScatterGatherKernel.cu:409: operator(): block: [336,0,0], thread: [14,0,0] Assertion `idx_dim >= 0 && idx_dim < index_size && "index out of bounds"` failed.
/pytorch/aten/src/ATen/native/cuda/ScatterGatherKernel.cu:409: operator(): block: [336,0,0], thread: [15,0,0] Assertion `idx_dim >= 0 && idx_dim < index_size && "index out of bounds"` failed.
/pytorch/aten/src/ATen/native/cuda/ScatterGatherKernel.cu:409: operator(): block: [336,0,0], thread: [16,0,0] Assertion `idx_dim >= 0 && idx_dim < index_size && "index out of bounds"` failed.
/pytorch/aten/src/ATen/native/cuda/ScatterGatherKernel.cu:409: operator(): block: [336,0,0], thread: [17,0,0] Assertion `idx_dim >= 0 && idx_dim < index_size && "index out of bounds"` failed.
/pytorch/aten/src/ATen/native/cuda/ScatterGatherKernel.cu:409: operator(): block: [336,0,0], thread: [18,0,0] Assertion `idx_dim >= 0 && idx_dim < index_size && "index out of bounds"` failed.
/pytorch/aten/src/ATen/native/cuda/ScatterGatherKernel.cu:409: operator(): block: [336,0,0], thread: [19,0,0] Assertion `idx_dim >= 0 && idx_dim < index_size && "index out of bounds"` failed.
/pytorch/aten/src/ATen/native/cuda/ScatterGatherKernel.cu:409: operator(): block: [336,0,0], thread: [20,0,0] Assertion `idx_dim >= 0 && idx_dim < index_size && "index out of bounds"` failed.
/pytorch/aten/src/ATen/native/cuda/ScatterGatherKernel.cu:409: operator(): block: [336,0,0], thread: [21,0,0] Assertion `idx_dim >= 0 && idx_dim < index_size && "index out of bounds"` failed.
/pytorch/aten/src/ATen/native/cuda/ScatterGatherKernel.cu:409: operator(): block: [336,0,0], thread: [22,0,0] Assertion `idx_dim >= 0 && idx_dim < index_size && "index out of bounds"` failed.
/pytorch/aten/src/ATen/native/cuda/ScatterGatherKernel.cu:409: operator(): block: [336,0,0], thread: [23,0,0] Assertion `idx_dim >= 0 && idx_dim < index_size && "index out of bounds"` failed.
/pytorch/aten/src/ATen/native/cuda/ScatterGatherKernel.cu:409: operator(): block: [336,0,0], thread: [24,0,0] Assertion `idx_dim >= 0 && idx_dim < index_size && "index out of bounds"` failed.
/pytorch/aten/src/ATen/native/cuda/ScatterGatherKernel.cu:409: operator(): block: [336,0,0], thread: [25,0,0] Assertion `idx_dim >= 0 && idx_dim < index_size && "index out of bounds"` failed.
/pytorch/aten/src/ATen/native/cuda/ScatterGatherKernel.cu:409: operator(): block: [336,0,0], thread: [26,0,0] Assertion `idx_dim >= 0 && idx_dim < index_size && "index out of bounds"` failed.
/pytorch/aten/src/ATen/native/cuda/ScatterGatherKernel.cu:409: operator(): block: [336,0,0], thread: [27,0,0] Assertion `idx_dim >= 0 && idx_dim < index_size && "index out of bounds"` failed.
/pytorch/aten/src/ATen/native/cuda/ScatterGatherKernel.cu:409: operator(): block: [336,0,0], thread: [28,0,0] Assertion `idx_dim >= 0 && idx_dim < index_size && "index out of bounds"` failed.
/pytorch/aten/src/ATen/native/cuda/ScatterGatherKernel.cu:409: operator(): block: [336,0,0], thread: [29,0,0] Assertion `idx_dim >= 0 && idx_dim < index_size && "index out of bounds"` failed.
/pytorch/aten/src/ATen/native/cuda/ScatterGatherKernel.cu:409: operator(): block: [336,0,0], thread: [30,0,0] Assertion `idx_dim >= 0 && idx_dim < index_size && "index out of bounds"` failed.
/pytorch/aten/src/ATen/native/cuda/ScatterGatherKernel.cu:409: operator(): block: [336,0,0], thread: [31,0,0] Assertion `idx_dim >= 0 && idx_dim < index_size && "index out of bounds"` failed.
using pin_memory on device 0

This is the configuration used by this training:
Configuration name: 2d
 {'data_identifier': 'nnUNetPlans_2d', 'preprocessor_name': 'DefaultPreprocessor', 'batch_size': 2, 'patch_size': [1024, 1280], 'median_image_size_in_voxels': [2080.0, 2100.0], 'spacing': [1.0, 1.0], 'normalization_schemes': ['ZScoreNormalization'], 'use_mask_for_norm': [False], 'resampling_fn_data': 'resample_data_or_seg_to_shape', 'resampling_fn_seg': 'resample_data_or_seg_to_shape', 'resampling_fn_data_kwargs': {'is_seg': False, 'order': 3, 'order_z': 0, 'force_separate_z': None}, 'resampling_fn_seg_kwargs': {'is_seg': True, 'order': 1, 'order_z': 0, 'force_separate_z': None}, 'resampling_fn_probabilities': 'resample_data_or_seg_to_shape', 'resampling_fn_probabilities_kwargs': {'is_seg': False, 'order': 1, 'order_z': 0, 'force_separate_z': None}, 'architecture': {'network_class_name': 'dynamic_network_architectures.architectures.unet.PlainConvUNet', 'arch_kwargs': {'n_stages': 9, 'features_per_stage': [32, 64, 128, 256, 512, 512, 512, 512, 512], 'conv_op': 'torch.nn.modules.conv.Conv2d', 'kernel_sizes': [[3, 3], [3, 3], [3, 3], [3, 3], [3, 3], [3, 3], [3, 3], [3, 3], [3, 3]], 'strides': [[1, 1], [2, 2], [2, 2], [2, 2], [2, 2], [2, 2], [2, 2], [2, 2], [2, 2]], 'n_conv_per_stage': [2, 2, 2, 2, 2, 2, 2, 2, 2], 'n_conv_per_stage_decoder': [2, 2, 2, 2, 2, 2, 2, 2], 'conv_bias': True, 'norm_op': 'torch.nn.modules.instancenorm.InstanceNorm2d', 'norm_op_kwargs': {'eps': 1e-05, 'affine': True}, 'dropout_op': None, 'dropout_op_kwargs': None, 'nonlin': 'torch.nn.LeakyReLU', 'nonlin_kwargs': {'inplace': True}}, '_kw_requires_import': ['conv_op', 'norm_op', 'dropout_op', 'nonlin']}, 'batch_dice': True} 

These are the global plan.json settings:
 {'dataset_name': 'Dataset002_BinaryTask', 'plans_name': 'nnUNetPlans', 'original_median_spacing_after_transp': [999.0, 1.0, 1.0], 'original_median_shape_after_transp': [1, 2080, 2100], 'image_reader_writer': 'NaturalImage2DIO', 'transpose_forward': [0, 1, 2], 'transpose_backward': [0, 1, 2], 'experiment_planner_used': 'ExperimentPlanner', 'label_manager': 'LabelManager', 'foreground_intensity_properties_per_channel': {'0': {'max': 252.0, 'mean': 118.82156372070312, 'median': 120.0, 'min': 5.0, 'percentile_00_5': 31.0, 'percentile_99_5': 203.0, 'std': 37.863521575927734}}} 

2026-06-15 14:37:03.184423: Unable to plot network architecture:
2026-06-15 14:37:03.184603: No module named 'hiddenlayer'
2026-06-15 14:37:03.462018: 
2026-06-15 14:37:03.462251: Epoch 0
2026-06-15 14:37:03.462639: Current learning rate: 0.01
Traceback (most recent call last):
  File "/gpfs/home/hn2589/.local/bin/nnUNetv2_train", line 7, in <module>
    sys.exit(run_training_entry())
  File "/gpfs/home/hn2589/nnUNet/nnunetv2/run/run_training.py", line 259, in run_training_entry
    run_training(args.dataset_name_or_id, args.configuration, args.fold, args.tr, args.p, args.pretrained_weights,
  File "/gpfs/home/hn2589/nnUNet/nnunetv2/run/run_training.py", line 200, in run_training
    nnunet_trainer.run_training()
  File "/gpfs/home/hn2589/nnUNet/nnunetv2/training/nnUNetTrainer/nnUNetTrainer.py", line 1433, in run_training
    val_outputs.append(self.validation_step(next(self.dataloader_val)))
  File "/gpfs/home/hn2589/nnUNet/nnunetv2/training/nnUNetTrainer/nnUNetTrainer.py", line 1097, in validation_step
    output_seg = output.argmax(1)[:, None]
torch.AcceleratorError: CUDA error: device-side assert triggered
Search for `cudaErrorAssert' in https://docs.nvidia.com/cuda/cuda-runtime-api/group__CUDART__TYPES.html for more information.
CUDA kernel errors might be asynchronously reported at some other API call, so the stacktrace below might be incorrect.
For debugging consider passing CUDA_LAUNCH_BLOCKING=1
Compile with `TORCH_USE_CUDA_DSA` to enable device-side assertions.

Exception in thread Thread-1 (results_loop):
Traceback (most recent call last):
  File "/gpfs/share/apps/python/gpu/3.10.6/lib/python3.10/threading.py", line 1016, in _bootstrap_inner
Exception in thread Thread-2 (results_loop):
Traceback (most recent call last):
  File "/gpfs/share/apps/python/gpu/3.10.6/lib/python3.10/threading.py", line 1016, in _bootstrap_inner
    self.run()
  File "/gpfs/share/apps/python/gpu/3.10.6/lib/python3.10/threading.py", line 953, in run
    self.run()
  File "/gpfs/share/apps/python/gpu/3.10.6/lib/python3.10/threading.py", line 953, in run
    self._target(*self._args, **self._kwargs)
  File "/gpfs/home/hn2589/.local/lib/python3.10/site-packages/batchgenerators/dataloading/nondet_multi_threaded_augmenter.py", line 131, in results_loop
    self._target(*self._args, **self._kwargs)
  File "/gpfs/home/hn2589/.local/lib/python3.10/site-packages/batchgenerators/dataloading/nondet_multi_threaded_augmenter.py", line 131, in results_loop
    raise e
    raise e
  File "/gpfs/home/hn2589/.local/lib/python3.10/site-packages/batchgenerators/dataloading/nondet_multi_threaded_augmenter.py", line 109, in results_loop
  File "/gpfs/home/hn2589/.local/lib/python3.10/site-packages/batchgenerators/dataloading/nondet_multi_threaded_augmenter.py", line 109, in results_loop
[W615 14:39:14.594856722 CachingHostAllocator.cpp:26] Warning: Exception in pinned allocator free(), rethrowing (function free)
terminate called after throwing an instance of 'c10::AcceleratorError'
  what():  CUDA error: device-side assert triggered
Search for `cudaErrorAssert' in https://docs.nvidia.com/cuda/cuda-runtime-api/group__CUDART__TYPES.html for more information.
CUDA kernel errors might be asynchronously reported at some other API call, so the stacktrace below might be incorrect.
For debugging consider passing CUDA_LAUNCH_BLOCKING=1
Compile with `TORCH_USE_CUDA_DSA` to enable device-side assertions.

Exception raised from currentStreamCaptureStatusMayInitCtx at /pytorch/c10/cuda/CUDAGraphsC10Utils.h:73 (most recent call first):
frame #0: c10::Error::Error(c10::SourceLocation, std::__cxx11::basic_string<char, std::char_traits<char>, std::allocator<char> >) + 0x9d (0x15545b009fad in /gpfs/home/hn2589/.local/lib/python3.10/site-packages/torch/lib/libc10.so)
frame #1: <unknown function> + 0x48c3d (0x15545b0e7c3d in /gpfs/home/hn2589/.local/lib/python3.10/site-packages/torch/lib/libc10_cuda.so)
frame #2: c10::cuda::c10_cuda_check_implementation(int, char const*, char const*, unsigned int, bool) + 0xa93 (0x15545b0e76b3 in /gpfs/home/hn2589/.local/lib/python3.10/site-packages/torch/lib/libc10_cuda.so)
frame #3: <unknown function> + 0x120c9e4 (0x15545c3469e4 in /gpfs/home/hn2589/.local/lib/python3.10/site-packages/torch/lib/libtorch_cuda.so)
frame #4: <unknown function> + 0x120ea52 (0x15545c348a52 in /gpfs/home/hn2589/.local/lib/python3.10/site-packages/torch/lib/libtorch_cuda.so)
frame #5: <unknown function> + 0x1208301 (0x15545c342301 in /gpfs/home/hn2589/.local/lib/python3.10/site-packages/torch/lib/libtorch_cuda.so)
frame #6: <unknown function> + 0x821b4 (0x15545afe71b4 in /gpfs/home/hn2589/.local/lib/python3.10/site-packages/torch/lib/libc10.so)
frame #7: c10::TensorImpl::~TensorImpl() + 0x9 (0x15545afe17c9 in /gpfs/home/hn2589/.local/lib/python3.10/site-packages/torch/lib/libc10.so)
frame #8: <unknown function> + 0x85115d (0x1554ac11d15d in /gpfs/home/hn2589/.local/lib/python3.10/site-packages/torch/lib/libtorch_python.so)
frame #9: <unknown function> + 0x8511f1 (0x1554ac11d1f1 in /gpfs/home/hn2589/.local/lib/python3.10/site-packages/torch/lib/libtorch_python.so)
<omitting python frames>
frame #24: __libc_start_main + 0xe5 (0x155553d45d85 in /lib64/libc.so.6)
frame #25: _start + 0x2e (0x4006ae in /gpfs/share/apps/python/gpu/3.10.6/bin/python3.10)

/cm/local/apps/slurm/var/spoold/slurmd.gn-0019/job24478101/slurm_script: line 26: 3101707 Aborted                 (core dumped) nnUNetv2_train 2 2d 0 -tr nnUNetTrainer_1epoch
