Launching parallel training for 2D config, Fold 0 using 250-epoch trainer preset...

############################
INFO: You are using the old nnU-Net default plans. We have updated our recommendations. Please consider using those instead! Read more here: https://github.com/MIC-DKFZ/nnUNet/blob/master/documentation/resenc_presets.md
############################

Using device: cuda:0

#######################################################################
Please cite the following paper when using nnU-Net:
Isensee, F., Jaeger, P. F., Kohl, S. A., Petersen, J., & Maier-Hein, K. H. (2021). nnU-Net: a self-configuring method for deep learning-based biomedical image segmentation. Nature methods, 18(2), 203-211.
#######################################################################

2026-06-12 11:02:15.128733: do_dummy_2d_data_aug: False
2026-06-12 11:02:15.129660: Using splits from existing split file: /gpfs/data/ravenlab/micmac/nnUNet_preprocessed/Dataset001_BinaryTask/splits_final.json
2026-06-12 11:02:15.130558: The split file contains 5 splits.
2026-06-12 11:02:15.130662: Desired fold for training: 0
2026-06-12 11:02:15.130751: This split has 8 training and 2 validation cases.
using pin_memory on device 0
using pin_memory on device 0

This is the configuration used by this training:
Configuration name: 2d
 {'data_identifier': 'nnUNetPlans_2d', 'preprocessor_name': 'DefaultPreprocessor', 'batch_size': 2, 'patch_size': [1024, 1536], 'median_image_size_in_voxels': [5082.0, 7637.0], 'spacing': [1.0, 1.0], 'normalization_schemes': ['ZScoreNormalization'], 'use_mask_for_norm': [True], 'resampling_fn_data': 'resample_data_or_seg_to_shape', 'resampling_fn_seg': 'resample_data_or_seg_to_shape', 'resampling_fn_data_kwargs': {'is_seg': False, 'order': 3, 'order_z': 0, 'force_separate_z': None}, 'resampling_fn_seg_kwargs': {'is_seg': True, 'order': 1, 'order_z': 0, 'force_separate_z': None}, 'resampling_fn_probabilities': 'resample_data_or_seg_to_shape', 'resampling_fn_probabilities_kwargs': {'is_seg': False, 'order': 1, 'order_z': 0, 'force_separate_z': None}, 'architecture': {'network_class_name': 'dynamic_network_architectures.architectures.unet.PlainConvUNet', 'arch_kwargs': {'n_stages': 9, 'features_per_stage': [32, 64, 128, 256, 512, 512, 512, 512, 512], 'conv_op': 'torch.nn.modules.conv.Conv2d', 'kernel_sizes': [[3, 3], [3, 3], [3, 3], [3, 3], [3, 3], [3, 3], [3, 3], [3, 3], [3, 3]], 'strides': [[1, 1], [2, 2], [2, 2], [2, 2], [2, 2], [2, 2], [2, 2], [2, 2], [2, 2]], 'n_conv_per_stage': [2, 2, 2, 2, 2, 2, 2, 2, 2], 'n_conv_per_stage_decoder': [2, 2, 2, 2, 2, 2, 2, 2], 'conv_bias': True, 'norm_op': 'torch.nn.modules.instancenorm.InstanceNorm2d', 'norm_op_kwargs': {'eps': 1e-05, 'affine': True}, 'dropout_op': None, 'dropout_op_kwargs': None, 'nonlin': 'torch.nn.LeakyReLU', 'nonlin_kwargs': {'inplace': True}}, '_kw_requires_import': ['conv_op', 'norm_op', 'dropout_op', 'nonlin']}, 'batch_dice': True} 

These are the global plan.json settings:
 {'dataset_name': 'Dataset001_BinaryTask', 'plans_name': 'nnUNetPlans', 'original_median_spacing_after_transp': [999.0, 1.0, 1.0], 'original_median_shape_after_transp': [1, 5082, 7637], 'image_reader_writer': 'NaturalImage2DIO', 'transpose_forward': [0, 1, 2], 'transpose_backward': [0, 1, 2], 'experiment_planner_used': 'ExperimentPlanner', 'label_manager': 'LabelManager', 'foreground_intensity_properties_per_channel': {'0': {'max': 252.0, 'mean': 125.24241638183594, 'median': 123.0, 'min': 0.0, 'percentile_00_5': 48.0, 'percentile_99_5': 214.0, 'std': 34.663818359375}}} 

2026-06-12 11:02:17.944427: Unable to plot network architecture:
2026-06-12 11:02:17.944607: No module named 'hiddenlayer'
2026-06-12 11:02:18.110185: 
2026-06-12 11:02:18.110417: Epoch 0
2026-06-12 11:02:18.110774: Current learning rate: 0.01
2026-06-12 11:04:33.189471: train_loss -0.1966
2026-06-12 11:04:33.192005: val_loss -0.3271
2026-06-12 11:04:33.192436: Pseudo dice [np.float32(0.7544)]
2026-06-12 11:04:33.192660: Epoch time: 135.08 s
2026-06-12 11:04:33.192807: Yayy! New best EMA pseudo Dice: 0.7544000148773193
2026-06-12 11:04:35.739438: 
2026-06-12 11:04:35.739806: Epoch 1
2026-06-12 11:04:35.739994: Current learning rate: 0.00996
2026-06-12 11:05:29.023067: train_loss -0.3786
2026-06-12 11:05:29.023736: val_loss -0.4753
2026-06-12 11:05:29.023904: Pseudo dice [np.float32(0.8229)]
2026-06-12 11:05:29.024080: Epoch time: 53.29 s
2026-06-12 11:05:29.026267: Yayy! New best EMA pseudo Dice: 0.7612000107765198
2026-06-12 11:05:31.221000: 
2026-06-12 11:05:31.221449: Epoch 2
2026-06-12 11:05:31.221642: Current learning rate: 0.00993
2026-06-12 11:06:24.880302: train_loss -0.4206
2026-06-12 11:06:24.881083: val_loss -0.4994
2026-06-12 11:06:24.881235: Pseudo dice [np.float32(0.8298)]
2026-06-12 11:06:24.881407: Epoch time: 53.66 s
2026-06-12 11:06:24.881535: Yayy! New best EMA pseudo Dice: 0.7681000232696533
2026-06-12 11:06:27.234041: 
2026-06-12 11:06:27.234569: Epoch 3
2026-06-12 11:06:27.234878: Current learning rate: 0.00989
2026-06-12 11:07:20.967219: train_loss -0.4284
2026-06-12 11:07:20.968012: val_loss -0.4913
2026-06-12 11:07:20.968179: Pseudo dice [np.float32(0.8191)]
2026-06-12 11:07:20.968348: Epoch time: 53.74 s
2026-06-12 11:07:20.968481: Yayy! New best EMA pseudo Dice: 0.7731999754905701
2026-06-12 11:07:23.185315: 
2026-06-12 11:07:23.185967: Epoch 4
2026-06-12 11:07:23.186193: Current learning rate: 0.00986
2026-06-12 11:08:16.878893: train_loss -0.4372
2026-06-12 11:08:16.879540: val_loss -0.5532
2026-06-12 11:08:16.879688: Pseudo dice [np.float32(0.8488)]
2026-06-12 11:08:16.879869: Epoch time: 53.7 s
2026-06-12 11:08:16.880005: Yayy! New best EMA pseudo Dice: 0.7807000279426575
2026-06-12 11:08:19.227093: 
2026-06-12 11:08:19.227627: Epoch 5
2026-06-12 11:08:19.227850: Current learning rate: 0.00982
2026-06-12 11:09:12.525934: train_loss -0.4658
2026-06-12 11:09:12.526771: val_loss -0.416
2026-06-12 11:09:12.526941: Pseudo dice [np.float32(0.7769)]
2026-06-12 11:09:12.527143: Epoch time: 53.3 s
2026-06-12 11:09:14.235444: 
2026-06-12 11:09:14.235859: Epoch 6
2026-06-12 11:09:14.236077: Current learning rate: 0.00978
2026-06-12 11:10:07.447670: train_loss -0.4649
2026-06-12 11:10:07.448356: val_loss -0.4842
2026-06-12 11:10:07.448519: Pseudo dice [np.float32(0.8073)]
2026-06-12 11:10:07.448689: Epoch time: 53.22 s
2026-06-12 11:10:07.448829: Yayy! New best EMA pseudo Dice: 0.7829999923706055
2026-06-12 11:10:09.663907: 
2026-06-12 11:10:09.664656: Epoch 7
2026-06-12 11:10:09.664970: Current learning rate: 0.00975
2026-06-12 11:11:02.574795: train_loss -0.4847
2026-06-12 11:11:02.575447: val_loss -0.5189
2026-06-12 11:11:02.575603: Pseudo dice [np.float32(0.8219)]
2026-06-12 11:11:02.575785: Epoch time: 52.91 s
2026-06-12 11:11:02.575925: Yayy! New best EMA pseudo Dice: 0.786899983882904
2026-06-12 11:11:04.850226: 
2026-06-12 11:11:04.850698: Epoch 8
2026-06-12 11:11:04.850899: Current learning rate: 0.00971
2026-06-12 11:11:58.073985: train_loss -0.4786
2026-06-12 11:11:58.074480: val_loss -0.4971
2026-06-12 11:11:58.074626: Pseudo dice [np.float32(0.8014)]
2026-06-12 11:11:58.074802: Epoch time: 53.23 s
2026-06-12 11:11:58.074936: Yayy! New best EMA pseudo Dice: 0.7883999943733215
2026-06-12 11:12:00.720523: 
2026-06-12 11:12:00.721055: Epoch 9
2026-06-12 11:12:00.721363: Current learning rate: 0.00968
2026-06-12 11:12:53.791113: train_loss -0.4754
2026-06-12 11:12:53.791623: val_loss -0.5637
2026-06-12 11:12:53.791806: Pseudo dice [np.float32(0.8582)]
2026-06-12 11:12:53.792039: Epoch time: 53.07 s
2026-06-12 11:12:53.792177: Yayy! New best EMA pseudo Dice: 0.7954000234603882
2026-06-12 11:12:55.937215: 
2026-06-12 11:12:55.937671: Epoch 10
2026-06-12 11:12:55.937907: Current learning rate: 0.00964
2026-06-12 11:13:49.118531: train_loss -0.4795
2026-06-12 11:13:49.119142: val_loss -0.5075
2026-06-12 11:13:49.119312: Pseudo dice [np.float32(0.8115)]
2026-06-12 11:13:49.119548: Epoch time: 53.18 s
2026-06-12 11:13:49.119718: Yayy! New best EMA pseudo Dice: 0.796999990940094
2026-06-12 11:13:51.325560: 
2026-06-12 11:13:51.326082: Epoch 11
2026-06-12 11:13:51.326299: Current learning rate: 0.0096
2026-06-12 11:14:44.473104: train_loss -0.4845
2026-06-12 11:14:44.473807: val_loss -0.4901
2026-06-12 11:14:44.473977: Pseudo dice [np.float32(0.815)]
2026-06-12 11:14:44.474146: Epoch time: 53.15 s
2026-06-12 11:14:44.474280: Yayy! New best EMA pseudo Dice: 0.798799991607666
2026-06-12 11:14:46.686427: 
2026-06-12 11:14:46.686888: Epoch 12
2026-06-12 11:14:46.687076: Current learning rate: 0.00957
2026-06-12 11:15:39.882355: train_loss -0.517
2026-06-12 11:15:39.882998: val_loss -0.4966
2026-06-12 11:15:39.883175: Pseudo dice [np.float32(0.7927)]
2026-06-12 11:15:39.883352: Epoch time: 53.2 s
2026-06-12 11:15:41.587047: 
2026-06-12 11:15:41.587451: Epoch 13
2026-06-12 11:15:41.587682: Current learning rate: 0.00953
2026-06-12 11:16:34.854208: train_loss -0.5201
2026-06-12 11:16:34.854778: val_loss -0.5712
2026-06-12 11:16:34.854942: Pseudo dice [np.float32(0.8524)]
2026-06-12 11:16:34.855113: Epoch time: 53.27 s
2026-06-12 11:16:34.855243: Yayy! New best EMA pseudo Dice: 0.803600013256073
2026-06-12 11:16:37.040650: 
2026-06-12 11:16:37.041116: Epoch 14
2026-06-12 11:16:37.041305: Current learning rate: 0.00949
2026-06-12 11:17:30.232672: train_loss -0.5225
2026-06-12 11:17:30.233163: val_loss -0.4777
2026-06-12 11:17:30.233311: Pseudo dice [np.float32(0.8138)]
2026-06-12 11:17:30.233825: Epoch time: 53.2 s
2026-06-12 11:17:30.233969: Yayy! New best EMA pseudo Dice: 0.8046000003814697
2026-06-12 11:17:32.517319: 
2026-06-12 11:17:32.517859: Epoch 15
2026-06-12 11:17:32.518151: Current learning rate: 0.00946
2026-06-12 11:18:25.750820: train_loss -0.5079
2026-06-12 11:18:25.751397: val_loss -0.4722
2026-06-12 11:18:25.751572: Pseudo dice [np.float32(0.8036)]
2026-06-12 11:18:25.751778: Epoch time: 53.24 s
2026-06-12 11:18:27.484587: 
2026-06-12 11:18:27.484985: Epoch 16
2026-06-12 11:18:27.485165: Current learning rate: 0.00942
2026-06-12 11:19:20.733553: train_loss -0.5251
2026-06-12 11:19:20.734081: val_loss -0.5234
2026-06-12 11:19:20.734228: Pseudo dice [np.float32(0.8077)]
2026-06-12 11:19:20.734397: Epoch time: 53.25 s
2026-06-12 11:19:20.734522: Yayy! New best EMA pseudo Dice: 0.8047999739646912
2026-06-12 11:19:23.425575: 
2026-06-12 11:19:23.426119: Epoch 17
2026-06-12 11:19:23.426425: Current learning rate: 0.00939
2026-06-12 11:20:16.908830: train_loss -0.5102
2026-06-12 11:20:16.909487: val_loss -0.3927
2026-06-12 11:20:16.909642: Pseudo dice [np.float32(0.7639)]
2026-06-12 11:20:16.909819: Epoch time: 53.49 s
2026-06-12 11:20:18.658720: 
2026-06-12 11:20:18.659433: Epoch 18
2026-06-12 11:20:18.659808: Current learning rate: 0.00935
2026-06-12 11:21:12.128313: train_loss -0.5331
2026-06-12 11:21:12.129030: val_loss -0.479
2026-06-12 11:21:12.129187: Pseudo dice [np.float32(0.7935)]
2026-06-12 11:21:12.129360: Epoch time: 53.47 s
2026-06-12 11:21:13.893420: 
2026-06-12 11:21:13.893944: Epoch 19
2026-06-12 11:21:13.894226: Current learning rate: 0.00931
2026-06-12 11:22:07.214226: train_loss -0.5376
2026-06-12 11:22:07.214823: val_loss -0.5201
2026-06-12 11:22:07.215086: Pseudo dice [np.float32(0.8112)]
2026-06-12 11:22:07.215554: Epoch time: 53.32 s
2026-06-12 11:22:08.992370: 
2026-06-12 11:22:08.992898: Epoch 20
2026-06-12 11:22:08.993191: Current learning rate: 0.00928
2026-06-12 11:23:02.636680: train_loss -0.516
2026-06-12 11:23:02.637202: val_loss -0.4491
2026-06-12 11:23:02.637350: Pseudo dice [np.float32(0.8106)]
2026-06-12 11:23:02.637518: Epoch time: 53.65 s
2026-06-12 11:23:04.417626: 
2026-06-12 11:23:04.418196: Epoch 21
2026-06-12 11:23:04.418487: Current learning rate: 0.00924
2026-06-12 11:23:58.006767: train_loss -0.5354
2026-06-12 11:23:58.007287: val_loss -0.5345
2026-06-12 11:23:58.007430: Pseudo dice [np.float32(0.8223)]
2026-06-12 11:23:58.007599: Epoch time: 53.59 s
2026-06-12 11:23:59.722640: 
2026-06-12 11:23:59.723013: Epoch 22
2026-06-12 11:23:59.723241: Current learning rate: 0.0092
2026-06-12 11:24:53.271473: train_loss -0.5022
2026-06-12 11:24:53.272391: val_loss -0.5068
2026-06-12 11:24:53.272589: Pseudo dice [np.float32(0.8088)]
2026-06-12 11:24:53.272786: Epoch time: 53.55 s
2026-06-12 11:24:55.016046: 
2026-06-12 11:24:55.016554: Epoch 23
2026-06-12 11:24:55.016762: Current learning rate: 0.00917
2026-06-12 11:25:48.553967: train_loss -0.5248
2026-06-12 11:25:48.554574: val_loss -0.5762
2026-06-12 11:25:48.554752: Pseudo dice [np.float32(0.858)]
2026-06-12 11:25:48.554947: Epoch time: 53.54 s
2026-06-12 11:25:48.555080: Yayy! New best EMA pseudo Dice: 0.8098999857902527
2026-06-12 11:25:50.759429: 
2026-06-12 11:25:50.759904: Epoch 24
2026-06-12 11:25:50.760103: Current learning rate: 0.00913
2026-06-12 11:26:44.488512: train_loss -0.5236
2026-06-12 11:26:44.489034: val_loss -0.504
2026-06-12 11:26:44.489183: Pseudo dice [np.float32(0.8174)]
2026-06-12 11:26:44.489367: Epoch time: 53.73 s
2026-06-12 11:26:44.489501: Yayy! New best EMA pseudo Dice: 0.810699999332428
2026-06-12 11:26:46.695950: 
2026-06-12 11:26:46.696445: Epoch 25
2026-06-12 11:26:46.696665: Current learning rate: 0.0091
2026-06-12 11:27:40.451942: train_loss -0.5071
2026-06-12 11:27:40.452507: val_loss -0.5822
2026-06-12 11:27:40.452691: Pseudo dice [np.float32(0.8479)]
2026-06-12 11:27:40.452957: Epoch time: 53.76 s
2026-06-12 11:27:40.453143: Yayy! New best EMA pseudo Dice: 0.8144000172615051
2026-06-12 11:27:43.125969: 
2026-06-12 11:27:43.126452: Epoch 26
2026-06-12 11:27:43.126772: Current learning rate: 0.00906
2026-06-12 11:28:36.745056: train_loss -0.5231
2026-06-12 11:28:36.745860: val_loss -0.5749
2026-06-12 11:28:36.746042: Pseudo dice [np.float32(0.85)]
2026-06-12 11:28:36.746213: Epoch time: 53.62 s
2026-06-12 11:28:36.746341: Yayy! New best EMA pseudo Dice: 0.8179000020027161
2026-06-12 11:28:38.980407: 
2026-06-12 11:28:38.980903: Epoch 27
2026-06-12 11:28:38.981189: Current learning rate: 0.00902
2026-06-12 11:29:32.711280: train_loss -0.5243
2026-06-12 11:29:32.711972: val_loss -0.5383
2026-06-12 11:29:32.712142: Pseudo dice [np.float32(0.8273)]
2026-06-12 11:29:32.712312: Epoch time: 53.73 s
2026-06-12 11:29:32.712440: Yayy! New best EMA pseudo Dice: 0.8188999891281128
2026-06-12 11:29:34.931813: 
2026-06-12 11:29:34.932410: Epoch 28
2026-06-12 11:29:34.932596: Current learning rate: 0.00899
2026-06-12 11:30:28.536621: train_loss -0.5558
2026-06-12 11:30:28.537176: val_loss -0.5416
2026-06-12 11:30:28.537326: Pseudo dice [np.float32(0.8198)]
2026-06-12 11:30:28.537492: Epoch time: 53.61 s
2026-06-12 11:30:28.537619: Yayy! New best EMA pseudo Dice: 0.8190000057220459
2026-06-12 11:30:30.749226: 
2026-06-12 11:30:30.749822: Epoch 29
2026-06-12 11:30:30.750151: Current learning rate: 0.00895
2026-06-12 11:31:24.502530: train_loss -0.5603
2026-06-12 11:31:24.503019: val_loss -0.5032
2026-06-12 11:31:24.503177: Pseudo dice [np.float32(0.8069)]
2026-06-12 11:31:24.503344: Epoch time: 53.76 s
2026-06-12 11:31:26.246916: 
2026-06-12 11:31:26.247435: Epoch 30
2026-06-12 11:31:26.247774: Current learning rate: 0.00891
2026-06-12 11:32:19.456598: train_loss -0.5486
2026-06-12 11:32:19.457219: val_loss -0.5032
2026-06-12 11:32:19.457368: Pseudo dice [np.float32(0.8075)]
2026-06-12 11:32:19.457534: Epoch time: 53.21 s
2026-06-12 11:32:21.197450: 
2026-06-12 11:32:21.197928: Epoch 31
2026-06-12 11:32:21.198237: Current learning rate: 0.00888
2026-06-12 11:33:14.785194: train_loss -0.5637
2026-06-12 11:33:14.785713: val_loss -0.4862
2026-06-12 11:33:14.785871: Pseudo dice [np.float32(0.7961)]
2026-06-12 11:33:14.786039: Epoch time: 53.59 s
2026-06-12 11:33:16.528187: 
2026-06-12 11:33:16.528701: Epoch 32
2026-06-12 11:33:16.529138: Current learning rate: 0.00884
2026-06-12 11:34:09.877007: train_loss -0.5742
2026-06-12 11:34:09.877557: val_loss -0.4436
2026-06-12 11:34:09.877706: Pseudo dice [np.float32(0.7895)]
2026-06-12 11:34:09.877883: Epoch time: 53.35 s
2026-06-12 11:34:11.621958: 
2026-06-12 11:34:11.622317: Epoch 33
2026-06-12 11:34:11.622508: Current learning rate: 0.0088
2026-06-12 11:35:05.104805: train_loss -0.5496
2026-06-12 11:35:05.105276: val_loss -0.4903
2026-06-12 11:35:05.105425: Pseudo dice [np.float32(0.8038)]
2026-06-12 11:35:05.105587: Epoch time: 53.49 s
2026-06-12 11:35:07.236292: 
2026-06-12 11:35:07.236708: Epoch 34
2026-06-12 11:35:07.236895: Current learning rate: 0.00877
2026-06-12 11:36:00.527445: train_loss -0.5457
2026-06-12 11:36:00.527932: val_loss -0.5432
2026-06-12 11:36:00.528078: Pseudo dice [np.float32(0.8237)]
2026-06-12 11:36:00.528242: Epoch time: 53.29 s
2026-06-12 11:36:02.293072: 
2026-06-12 11:36:02.293617: Epoch 35
2026-06-12 11:36:02.293942: Current learning rate: 0.00873
2026-06-12 11:36:55.743031: train_loss -0.5649
2026-06-12 11:36:55.743536: val_loss -0.5086
2026-06-12 11:36:55.743705: Pseudo dice [np.float32(0.796)]
2026-06-12 11:36:55.743951: Epoch time: 53.45 s
2026-06-12 11:36:57.509342: 
2026-06-12 11:36:57.509753: Epoch 36
2026-06-12 11:36:57.510003: Current learning rate: 0.00869
2026-06-12 11:37:50.625102: train_loss -0.5636
2026-06-12 11:37:50.625729: val_loss -0.4895
2026-06-12 11:37:50.625893: Pseudo dice [np.float32(0.7962)]
2026-06-12 11:37:50.626058: Epoch time: 53.12 s
2026-06-12 11:37:52.384849: 
2026-06-12 11:37:52.385358: Epoch 37
2026-06-12 11:37:52.385657: Current learning rate: 0.00866
2026-06-12 11:38:45.586313: train_loss -0.5805
2026-06-12 11:38:45.586912: val_loss -0.5101
2026-06-12 11:38:45.587065: Pseudo dice [np.float32(0.8031)]
2026-06-12 11:38:45.587277: Epoch time: 53.2 s
2026-06-12 11:38:47.347323: 
2026-06-12 11:38:47.347710: Epoch 38
2026-06-12 11:38:47.347898: Current learning rate: 0.00862
2026-06-12 11:39:40.572636: train_loss -0.5318
2026-06-12 11:39:40.573225: val_loss -0.3895
2026-06-12 11:39:40.573377: Pseudo dice [np.float32(0.7542)]
2026-06-12 11:39:40.573545: Epoch time: 53.23 s
2026-06-12 11:39:42.337159: 
2026-06-12 11:39:42.337512: Epoch 39
2026-06-12 11:39:42.337681: Current learning rate: 0.00858
2026-06-12 11:40:35.674400: train_loss -0.5778
2026-06-12 11:40:35.675011: val_loss -0.4458
2026-06-12 11:40:35.675160: Pseudo dice [np.float32(0.7869)]
2026-06-12 11:40:35.675330: Epoch time: 53.34 s
2026-06-12 11:40:37.461456: 
2026-06-12 11:40:37.461899: Epoch 40
2026-06-12 11:40:37.462133: Current learning rate: 0.00855
2026-06-12 11:41:30.651434: train_loss -0.5808
2026-06-12 11:41:30.652024: val_loss -0.3875
2026-06-12 11:41:30.652179: Pseudo dice [np.float32(0.7717)]
2026-06-12 11:41:30.652348: Epoch time: 53.19 s
2026-06-12 11:41:32.436509: 
2026-06-12 11:41:32.437015: Epoch 41
2026-06-12 11:41:32.437224: Current learning rate: 0.00851
2026-06-12 11:42:25.772014: train_loss -0.5761
2026-06-12 11:42:25.772660: val_loss -0.5609
2026-06-12 11:42:25.772819: Pseudo dice [np.float32(0.8394)]
2026-06-12 11:42:25.772990: Epoch time: 53.34 s
2026-06-12 11:42:27.871948: 
2026-06-12 11:42:27.872516: Epoch 42
2026-06-12 11:42:27.872842: Current learning rate: 0.00847
2026-06-12 11:43:21.168747: train_loss -0.542
2026-06-12 11:43:21.169278: val_loss -0.3693
2026-06-12 11:43:21.169433: Pseudo dice [np.float32(0.7558)]
2026-06-12 11:43:21.169608: Epoch time: 53.3 s
2026-06-12 11:43:22.919900: 
2026-06-12 11:43:22.920369: Epoch 43
2026-06-12 11:43:22.920560: Current learning rate: 0.00844
2026-06-12 11:44:16.073128: train_loss -0.5705
2026-06-12 11:44:16.073659: val_loss -0.3975
2026-06-12 11:44:16.074121: Pseudo dice [np.float32(0.7701)]
2026-06-12 11:44:16.074325: Epoch time: 53.16 s
2026-06-12 11:44:17.831758: 
2026-06-12 11:44:17.832336: Epoch 44
2026-06-12 11:44:17.832531: Current learning rate: 0.0084
2026-06-12 11:45:11.445640: train_loss -0.5699
2026-06-12 11:45:11.446256: val_loss -0.4089
2026-06-12 11:45:11.446403: Pseudo dice [np.float32(0.78)]
2026-06-12 11:45:11.446576: Epoch time: 53.62 s
2026-06-12 11:45:13.192507: 
2026-06-12 11:45:13.193077: Epoch 45
2026-06-12 11:45:13.193383: Current learning rate: 0.00836
2026-06-12 11:46:06.682545: train_loss -0.5844
2026-06-12 11:46:06.683078: val_loss -0.4553
2026-06-12 11:46:06.683251: Pseudo dice [np.float32(0.788)]
2026-06-12 11:46:06.683433: Epoch time: 53.49 s
2026-06-12 11:46:08.420064: 
2026-06-12 11:46:08.420608: Epoch 46
2026-06-12 11:46:08.420966: Current learning rate: 0.00833
2026-06-12 11:47:01.757894: train_loss -0.5994
2026-06-12 11:47:01.758350: val_loss -0.5424
2026-06-12 11:47:01.758491: Pseudo dice [np.float32(0.8203)]
2026-06-12 11:47:01.758654: Epoch time: 53.34 s
2026-06-12 11:47:03.491830: 
2026-06-12 11:47:03.492313: Epoch 47
2026-06-12 11:47:03.492498: Current learning rate: 0.00829
2026-06-12 11:47:56.971068: train_loss -0.5786
2026-06-12 11:47:56.971680: val_loss -0.5413
2026-06-12 11:47:56.971837: Pseudo dice [np.float32(0.8248)]
2026-06-12 11:47:56.972009: Epoch time: 53.48 s
2026-06-12 11:47:58.710237: 
2026-06-12 11:47:58.710691: Epoch 48
2026-06-12 11:47:58.710894: Current learning rate: 0.00825
2026-06-12 11:48:51.995614: train_loss -0.5933
2026-06-12 11:48:51.996021: val_loss -0.4153
2026-06-12 11:48:51.996162: Pseudo dice [np.float32(0.7915)]
2026-06-12 11:48:51.996330: Epoch time: 53.29 s
2026-06-12 11:48:53.742700: 
2026-06-12 11:48:53.743180: Epoch 49
2026-06-12 11:48:53.743533: Current learning rate: 0.00822
2026-06-12 11:49:47.007393: train_loss -0.5928
2026-06-12 11:49:47.007903: val_loss -0.5042
2026-06-12 11:49:47.008058: Pseudo dice [np.float32(0.8013)]
2026-06-12 11:49:47.008234: Epoch time: 53.27 s
2026-06-12 11:49:49.355967: 
2026-06-12 11:49:49.356566: Epoch 50
2026-06-12 11:49:49.356896: Current learning rate: 0.00818
2026-06-12 11:50:42.683306: train_loss -0.5863
2026-06-12 11:50:42.683988: val_loss -0.3629
2026-06-12 11:50:42.684134: Pseudo dice [np.float32(0.7674)]
2026-06-12 11:50:42.684309: Epoch time: 53.33 s
2026-06-12 11:50:44.821258: 
2026-06-12 11:50:44.821840: Epoch 51
2026-06-12 11:50:44.822029: Current learning rate: 0.00814
2026-06-12 11:51:38.290364: train_loss -0.6
2026-06-12 11:51:38.290863: val_loss -0.4668
2026-06-12 11:51:38.291008: Pseudo dice [np.float32(0.7814)]
2026-06-12 11:51:38.291180: Epoch time: 53.47 s
2026-06-12 11:51:40.153340: 
2026-06-12 11:51:40.153958: Epoch 52
2026-06-12 11:51:40.154266: Current learning rate: 0.00811
2026-06-12 11:52:33.987570: train_loss -0.5977
2026-06-12 11:52:33.988221: val_loss -0.4605
2026-06-12 11:52:33.988397: Pseudo dice [np.float32(0.7959)]
2026-06-12 11:52:33.988572: Epoch time: 53.84 s
2026-06-12 11:52:35.750459: 
2026-06-12 11:52:35.750984: Epoch 53
2026-06-12 11:52:35.751280: Current learning rate: 0.00807
2026-06-12 11:53:29.133882: train_loss -0.5974
2026-06-12 11:53:29.134448: val_loss -0.3402
2026-06-12 11:53:29.134598: Pseudo dice [np.float32(0.7536)]
2026-06-12 11:53:29.134779: Epoch time: 53.39 s
2026-06-12 11:53:30.899026: 
2026-06-12 11:53:30.899650: Epoch 54
2026-06-12 11:53:30.900005: Current learning rate: 0.00803
2026-06-12 11:54:24.171142: train_loss -0.5769
2026-06-12 11:54:24.171751: val_loss -0.4563
2026-06-12 11:54:24.171912: Pseudo dice [np.float32(0.7878)]
2026-06-12 11:54:24.172090: Epoch time: 53.28 s
2026-06-12 11:54:25.931547: 
2026-06-12 11:54:25.932046: Epoch 55
2026-06-12 11:54:25.932240: Current learning rate: 0.008
2026-06-12 11:55:19.205634: train_loss -0.585
2026-06-12 11:55:19.206096: val_loss -0.5591
2026-06-12 11:55:19.206242: Pseudo dice [np.float32(0.8197)]
2026-06-12 11:55:19.206402: Epoch time: 53.28 s
2026-06-12 11:55:20.988346: 
2026-06-12 11:55:20.988845: Epoch 56
2026-06-12 11:55:20.989705: Current learning rate: 0.00796
2026-06-12 11:56:14.396808: train_loss -0.5671
2026-06-12 11:56:14.397488: val_loss -0.5108
2026-06-12 11:56:14.397655: Pseudo dice [np.float32(0.8271)]
2026-06-12 11:56:14.397835: Epoch time: 53.41 s
2026-06-12 11:56:16.152292: 
2026-06-12 11:56:16.152715: Epoch 57
2026-06-12 11:56:16.153042: Current learning rate: 0.00792
2026-06-12 11:57:09.360462: train_loss -0.5912
2026-06-12 11:57:09.360979: val_loss -0.498
2026-06-12 11:57:09.361134: Pseudo dice [np.float32(0.8055)]
2026-06-12 11:57:09.361301: Epoch time: 53.21 s
2026-06-12 11:57:11.087843: 
2026-06-12 11:57:11.088307: Epoch 58
2026-06-12 11:57:11.088673: Current learning rate: 0.00789
2026-06-12 11:58:04.280918: train_loss -0.603
2026-06-12 11:58:04.281397: val_loss -0.4658
2026-06-12 11:58:04.281544: Pseudo dice [np.float32(0.7935)]
2026-06-12 11:58:04.281713: Epoch time: 53.2 s
2026-06-12 11:58:06.023577: 
2026-06-12 11:58:06.024120: Epoch 59
2026-06-12 11:58:06.024448: Current learning rate: 0.00785
2026-06-12 11:58:59.672422: train_loss -0.6002
2026-06-12 11:58:59.673151: val_loss -0.5036
2026-06-12 11:58:59.673311: Pseudo dice [np.float32(0.8081)]
2026-06-12 11:58:59.673485: Epoch time: 53.65 s
2026-06-12 11:59:01.419402: 
2026-06-12 11:59:01.419842: Epoch 60
2026-06-12 11:59:01.420127: Current learning rate: 0.00781
2026-06-12 11:59:54.798895: train_loss -0.6076
2026-06-12 11:59:54.799536: val_loss -0.5092
2026-06-12 11:59:54.799685: Pseudo dice [np.float32(0.8056)]
2026-06-12 11:59:54.799874: Epoch time: 53.38 s
2026-06-12 11:59:56.523032: 
2026-06-12 11:59:56.523433: Epoch 61
2026-06-12 11:59:56.523679: Current learning rate: 0.00777
2026-06-12 12:00:49.920906: train_loss -0.5989
2026-06-12 12:00:49.921348: val_loss -0.4922
2026-06-12 12:00:49.921503: Pseudo dice [np.float32(0.8004)]
2026-06-12 12:00:49.921681: Epoch time: 53.4 s
2026-06-12 12:00:51.643920: 
2026-06-12 12:00:51.644414: Epoch 62
2026-06-12 12:00:51.644707: Current learning rate: 0.00774
2026-06-12 12:01:44.909334: train_loss -0.6127
2026-06-12 12:01:44.909847: val_loss -0.5307
2026-06-12 12:01:44.910016: Pseudo dice [np.float32(0.8126)]
2026-06-12 12:01:44.910190: Epoch time: 53.27 s
2026-06-12 12:01:46.631127: 
2026-06-12 12:01:46.632206: Epoch 63
2026-06-12 12:01:46.632419: Current learning rate: 0.0077
2026-06-12 12:02:40.296903: train_loss -0.6063
2026-06-12 12:02:40.297392: val_loss -0.5316
2026-06-12 12:02:40.297539: Pseudo dice [np.float32(0.8172)]
2026-06-12 12:02:40.297702: Epoch time: 53.67 s
2026-06-12 12:02:42.017876: 
2026-06-12 12:02:42.018261: Epoch 64
2026-06-12 12:02:42.018518: Current learning rate: 0.00766
2026-06-12 12:03:35.580440: train_loss -0.6053
2026-06-12 12:03:35.580947: val_loss -0.499
2026-06-12 12:03:35.581092: Pseudo dice [np.float32(0.816)]
2026-06-12 12:03:35.581260: Epoch time: 53.57 s
2026-06-12 12:03:37.288512: 
2026-06-12 12:03:37.288797: Epoch 65
2026-06-12 12:03:37.288982: Current learning rate: 0.00763
2026-06-12 12:04:30.676557: train_loss -0.5953
2026-06-12 12:04:30.677140: val_loss -0.5713
2026-06-12 12:04:30.677287: Pseudo dice [np.float32(0.825)]
2026-06-12 12:04:30.677457: Epoch time: 53.39 s
2026-06-12 12:04:32.396532: 
2026-06-12 12:04:32.397037: Epoch 66
2026-06-12 12:04:32.397328: Current learning rate: 0.00759
2026-06-12 12:05:25.791824: train_loss -0.5933
2026-06-12 12:05:25.792321: val_loss -0.4618
2026-06-12 12:05:25.792468: Pseudo dice [np.float32(0.7842)]
2026-06-12 12:05:25.792638: Epoch time: 53.4 s
2026-06-12 12:05:27.522100: 
2026-06-12 12:05:27.522638: Epoch 67
2026-06-12 12:05:27.522840: Current learning rate: 0.00755
2026-06-12 12:06:20.908117: train_loss -0.6344
2026-06-12 12:06:20.908751: val_loss -0.4866
2026-06-12 12:06:20.908919: Pseudo dice [np.float32(0.8013)]
2026-06-12 12:06:20.909091: Epoch time: 53.39 s
2026-06-12 12:06:23.064889: 
2026-06-12 12:06:23.065406: Epoch 68
2026-06-12 12:06:23.065592: Current learning rate: 0.00751
2026-06-12 12:07:16.589841: train_loss -0.6205
2026-06-12 12:07:16.590451: val_loss -0.5014
2026-06-12 12:07:16.590597: Pseudo dice [np.float32(0.7999)]
2026-06-12 12:07:16.590778: Epoch time: 53.53 s
2026-06-12 12:07:18.360627: 
2026-06-12 12:07:18.361279: Epoch 69
2026-06-12 12:07:18.361474: Current learning rate: 0.00748
2026-06-12 12:08:11.671764: train_loss -0.6109
2026-06-12 12:08:11.672345: val_loss -0.4831
2026-06-12 12:08:11.672496: Pseudo dice [np.float32(0.8052)]
2026-06-12 12:08:11.672678: Epoch time: 53.31 s
2026-06-12 12:08:13.420626: 
2026-06-12 12:08:13.421374: Epoch 70
2026-06-12 12:08:13.421594: Current learning rate: 0.00744
2026-06-12 12:09:06.722736: train_loss -0.6085
2026-06-12 12:09:06.724856: val_loss -0.5268
2026-06-12 12:09:06.725089: Pseudo dice [np.float32(0.8147)]
2026-06-12 12:09:06.725292: Epoch time: 53.31 s
2026-06-12 12:09:08.464403: 
2026-06-12 12:09:08.464996: Epoch 71
2026-06-12 12:09:08.465334: Current learning rate: 0.0074
2026-06-12 12:10:01.734782: train_loss -0.618
2026-06-12 12:10:01.737192: val_loss -0.5054
2026-06-12 12:10:01.737371: Pseudo dice [np.float32(0.8046)]
2026-06-12 12:10:01.737560: Epoch time: 53.27 s
2026-06-12 12:10:03.475177: 
2026-06-12 12:10:03.475564: Epoch 72
2026-06-12 12:10:03.475745: Current learning rate: 0.00737
2026-06-12 12:10:56.885412: train_loss -0.6012
2026-06-12 12:10:56.886038: val_loss -0.5391
2026-06-12 12:10:56.886187: Pseudo dice [np.float32(0.821)]
2026-06-12 12:10:56.886355: Epoch time: 53.41 s
2026-06-12 12:10:58.635281: 
2026-06-12 12:10:58.635750: Epoch 73
2026-06-12 12:10:58.635947: Current learning rate: 0.00733
2026-06-12 12:11:51.868980: train_loss -0.6175
2026-06-12 12:11:51.869505: val_loss -0.488
2026-06-12 12:11:51.869650: Pseudo dice [np.float32(0.7983)]
2026-06-12 12:11:51.869833: Epoch time: 53.24 s
2026-06-12 12:11:53.615068: 
2026-06-12 12:11:53.615700: Epoch 74
2026-06-12 12:11:53.616007: Current learning rate: 0.00729
2026-06-12 12:12:47.120864: train_loss -0.6092
2026-06-12 12:12:47.121656: val_loss -0.4549
2026-06-12 12:12:47.122148: Pseudo dice [np.float32(0.785)]
2026-06-12 12:12:47.122337: Epoch time: 53.51 s
2026-06-12 12:12:48.880415: 
2026-06-12 12:12:48.881105: Epoch 75
2026-06-12 12:12:48.881436: Current learning rate: 0.00725
2026-06-12 12:13:42.552200: train_loss -0.6119
2026-06-12 12:13:42.552817: val_loss -0.5097
2026-06-12 12:13:42.552980: Pseudo dice [np.float32(0.8245)]
2026-06-12 12:13:42.553161: Epoch time: 53.68 s
2026-06-12 12:13:44.315567: 
2026-06-12 12:13:44.316015: Epoch 76
2026-06-12 12:13:44.316201: Current learning rate: 0.00722
2026-06-12 12:14:38.180085: train_loss -0.6106
2026-06-12 12:14:38.180630: val_loss -0.4423
2026-06-12 12:14:38.180795: Pseudo dice [np.float32(0.7948)]
2026-06-12 12:14:38.180969: Epoch time: 53.87 s
2026-06-12 12:14:40.358925: 
2026-06-12 12:14:40.359349: Epoch 77
2026-06-12 12:14:40.359538: Current learning rate: 0.00718
2026-06-12 12:15:34.035290: train_loss -0.6114
2026-06-12 12:15:34.035975: val_loss -0.4961
2026-06-12 12:15:34.036123: Pseudo dice [np.float32(0.8101)]
2026-06-12 12:15:34.036301: Epoch time: 53.68 s
2026-06-12 12:15:35.807104: 
2026-06-12 12:15:35.807699: Epoch 78
2026-06-12 12:15:35.808014: Current learning rate: 0.00714
2026-06-12 12:16:29.650573: train_loss -0.6189
2026-06-12 12:16:29.651259: val_loss -0.3373
2026-06-12 12:16:29.651417: Pseudo dice [np.float32(0.7537)]
2026-06-12 12:16:29.651591: Epoch time: 53.85 s
2026-06-12 12:16:31.436281: 
2026-06-12 12:16:31.436783: Epoch 79
2026-06-12 12:16:31.436981: Current learning rate: 0.0071
2026-06-12 12:17:24.779195: train_loss -0.5535
2026-06-12 12:17:24.779766: val_loss -0.5231
2026-06-12 12:17:24.779932: Pseudo dice [np.float32(0.8166)]
2026-06-12 12:17:24.780110: Epoch time: 53.35 s
2026-06-12 12:17:26.566814: 
2026-06-12 12:17:26.567374: Epoch 80
2026-06-12 12:17:26.567673: Current learning rate: 0.00707
2026-06-12 12:18:19.865308: train_loss -0.595
2026-06-12 12:18:19.865842: val_loss -0.4904
2026-06-12 12:18:19.865993: Pseudo dice [np.float32(0.7911)]
2026-06-12 12:18:19.866163: Epoch time: 53.3 s
2026-06-12 12:18:21.635208: 
2026-06-12 12:18:21.635680: Epoch 81
2026-06-12 12:18:21.635977: Current learning rate: 0.00703
2026-06-12 12:19:14.855152: train_loss -0.6284
2026-06-12 12:19:14.855794: val_loss -0.5653
2026-06-12 12:19:14.855946: Pseudo dice [np.float32(0.8267)]
2026-06-12 12:19:14.856120: Epoch time: 53.22 s
2026-06-12 12:19:16.629764: 
2026-06-12 12:19:16.630326: Epoch 82
2026-06-12 12:19:16.630542: Current learning rate: 0.00699
2026-06-12 12:20:09.972322: train_loss -0.6117
2026-06-12 12:20:09.972911: val_loss -0.5034
2026-06-12 12:20:09.973067: Pseudo dice [np.float32(0.7962)]
2026-06-12 12:20:09.973242: Epoch time: 53.35 s
2026-06-12 12:20:11.690013: 
2026-06-12 12:20:11.690565: Epoch 83
2026-06-12 12:20:11.690910: Current learning rate: 0.00696
2026-06-12 12:21:04.875199: train_loss -0.62
2026-06-12 12:21:04.875661: val_loss -0.4793
2026-06-12 12:21:04.875820: Pseudo dice [np.float32(0.7968)]
2026-06-12 12:21:04.875990: Epoch time: 53.19 s
2026-06-12 12:21:06.598450: 
2026-06-12 12:21:06.599012: Epoch 84
2026-06-12 12:21:06.599210: Current learning rate: 0.00692
2026-06-12 12:21:59.874799: train_loss -0.6341
2026-06-12 12:21:59.875360: val_loss -0.5342
2026-06-12 12:21:59.875540: Pseudo dice [np.float32(0.8105)]
2026-06-12 12:21:59.875708: Epoch time: 53.28 s
2026-06-12 12:22:01.596861: 
2026-06-12 12:22:01.597337: Epoch 85
2026-06-12 12:22:01.597536: Current learning rate: 0.00688
2026-06-12 12:22:54.927094: train_loss -0.6267
2026-06-12 12:22:54.927683: val_loss -0.4657
2026-06-12 12:22:54.927877: Pseudo dice [np.float32(0.7864)]
2026-06-12 12:22:54.928051: Epoch time: 53.33 s
2026-06-12 12:22:56.652075: 
2026-06-12 12:22:56.652545: Epoch 86
2026-06-12 12:22:56.652784: Current learning rate: 0.00684
2026-06-12 12:23:49.893300: train_loss -0.6108
2026-06-12 12:23:49.893872: val_loss -0.3933
2026-06-12 12:23:49.894037: Pseudo dice [np.float32(0.779)]
2026-06-12 12:23:49.894211: Epoch time: 53.24 s
2026-06-12 12:23:51.617156: 
2026-06-12 12:23:51.617722: Epoch 87
2026-06-12 12:23:51.618060: Current learning rate: 0.0068
2026-06-12 12:24:44.684723: train_loss -0.6108
2026-06-12 12:24:44.685265: val_loss -0.4976
2026-06-12 12:24:44.685435: Pseudo dice [np.float32(0.8102)]
2026-06-12 12:24:44.685614: Epoch time: 53.07 s
2026-06-12 12:24:46.391262: 
2026-06-12 12:24:46.391894: Epoch 88
2026-06-12 12:24:46.392982: Current learning rate: 0.00677
2026-06-12 12:25:39.456763: train_loss -0.6177
2026-06-12 12:25:39.457375: val_loss -0.5643
2026-06-12 12:25:39.457543: Pseudo dice [np.float32(0.8215)]
2026-06-12 12:25:39.457722: Epoch time: 53.07 s
2026-06-12 12:25:41.188629: 
2026-06-12 12:25:41.189155: Epoch 89
2026-06-12 12:25:41.189454: Current learning rate: 0.00673
2026-06-12 12:26:34.621839: train_loss -0.6121
2026-06-12 12:26:34.622359: val_loss -0.3956
2026-06-12 12:26:34.622526: Pseudo dice [np.float32(0.766)]
2026-06-12 12:26:34.622696: Epoch time: 53.44 s
2026-06-12 12:26:36.329512: 
2026-06-12 12:26:36.329988: Epoch 90
2026-06-12 12:26:36.330163: Current learning rate: 0.00669
2026-06-12 12:27:29.821916: train_loss -0.6259
2026-06-12 12:27:29.822560: val_loss -0.4909
2026-06-12 12:27:29.822714: Pseudo dice [np.float32(0.8038)]
2026-06-12 12:27:29.822921: Epoch time: 53.5 s
2026-06-12 12:27:31.558489: 
2026-06-12 12:27:31.559063: Epoch 91
2026-06-12 12:27:31.559269: Current learning rate: 0.00665
2026-06-12 12:28:24.936584: train_loss -0.6156
2026-06-12 12:28:24.937226: val_loss -0.5593
2026-06-12 12:28:24.937380: Pseudo dice [np.float32(0.8209)]
2026-06-12 12:28:24.937557: Epoch time: 53.38 s
2026-06-12 12:28:26.676158: 
2026-06-12 12:28:26.676852: Epoch 92
2026-06-12 12:28:26.677198: Current learning rate: 0.00662
2026-06-12 12:29:20.250751: train_loss -0.6031
2026-06-12 12:29:20.251213: val_loss -0.5029
2026-06-12 12:29:20.251358: Pseudo dice [np.float32(0.8088)]
2026-06-12 12:29:20.251525: Epoch time: 53.58 s
2026-06-12 12:29:21.978210: 
2026-06-12 12:29:21.978500: Epoch 93
2026-06-12 12:29:21.978675: Current learning rate: 0.00658
2026-06-12 12:30:15.671179: train_loss -0.6172
2026-06-12 12:30:15.671713: val_loss -0.4778
2026-06-12 12:30:15.671906: Pseudo dice [np.float32(0.7858)]
2026-06-12 12:30:15.672098: Epoch time: 53.7 s
2026-06-12 12:30:17.403218: 
2026-06-12 12:30:17.403687: Epoch 94
2026-06-12 12:30:17.404032: Current learning rate: 0.00654
2026-06-12 12:31:10.763121: train_loss -0.6362
2026-06-12 12:31:10.763724: val_loss -0.4544
2026-06-12 12:31:10.763903: Pseudo dice [np.float32(0.7937)]
2026-06-12 12:31:10.764107: Epoch time: 53.36 s
2026-06-12 12:31:12.831896: 
2026-06-12 12:31:12.832343: Epoch 95
2026-06-12 12:31:12.832510: Current learning rate: 0.0065
2026-06-12 12:32:06.218838: train_loss -0.627
2026-06-12 12:32:06.219339: val_loss -0.4425
2026-06-12 12:32:06.219488: Pseudo dice [np.float32(0.799)]
2026-06-12 12:32:06.219653: Epoch time: 53.39 s
2026-06-12 12:32:07.947193: 
2026-06-12 12:32:07.947726: Epoch 96
2026-06-12 12:32:07.948070: Current learning rate: 0.00647
2026-06-12 12:33:01.344183: train_loss -0.6372
2026-06-12 12:33:01.344679: val_loss -0.4954
2026-06-12 12:33:01.344843: Pseudo dice [np.float32(0.7867)]
2026-06-12 12:33:01.345019: Epoch time: 53.4 s
2026-06-12 12:33:03.072645: 
2026-06-12 12:33:03.073093: Epoch 97
2026-06-12 12:33:03.073274: Current learning rate: 0.00643
2026-06-12 12:33:56.686413: train_loss -0.6385
2026-06-12 12:33:56.687056: val_loss -0.4885
2026-06-12 12:33:56.687208: Pseudo dice [np.float32(0.8121)]
2026-06-12 12:33:56.687378: Epoch time: 53.62 s
2026-06-12 12:33:58.440106: 
2026-06-12 12:33:58.440542: Epoch 98
2026-06-12 12:33:58.440917: Current learning rate: 0.00639
2026-06-12 12:34:51.884710: train_loss -0.6368
2026-06-12 12:34:51.885293: val_loss -0.4896
2026-06-12 12:34:51.885438: Pseudo dice [np.float32(0.8047)]
2026-06-12 12:34:51.885612: Epoch time: 53.45 s
2026-06-12 12:34:53.640313: 
2026-06-12 12:34:53.640831: Epoch 99
2026-06-12 12:34:53.641137: Current learning rate: 0.00635
2026-06-12 12:35:47.145822: train_loss -0.6261
2026-06-12 12:35:47.146569: val_loss -0.5135
2026-06-12 12:35:47.146750: Pseudo dice [np.float32(0.8085)]
2026-06-12 12:35:47.146944: Epoch time: 53.51 s
2026-06-12 12:35:49.447363: 
2026-06-12 12:35:49.447971: Epoch 100
2026-06-12 12:35:49.448274: Current learning rate: 0.00631
2026-06-12 12:36:43.522239: train_loss -0.6356
2026-06-12 12:36:43.522888: val_loss -0.396
2026-06-12 12:36:43.523039: Pseudo dice [np.float32(0.7778)]
2026-06-12 12:36:43.523214: Epoch time: 54.08 s
2026-06-12 12:36:45.289648: 
2026-06-12 12:36:45.290285: Epoch 101
2026-06-12 12:36:45.290599: Current learning rate: 0.00628
2026-06-12 12:37:39.280971: train_loss -0.5982
2026-06-12 12:37:39.281601: val_loss -0.4406
2026-06-12 12:37:39.281771: Pseudo dice [np.float32(0.7812)]
2026-06-12 12:37:39.281950: Epoch time: 53.99 s
2026-06-12 12:37:41.050135: 
2026-06-12 12:37:41.050702: Epoch 102
2026-06-12 12:37:41.051052: Current learning rate: 0.00624
2026-06-12 12:38:35.518032: train_loss -0.6245
2026-06-12 12:38:35.518550: val_loss -0.3275
2026-06-12 12:38:35.518714: Pseudo dice [np.float32(0.7648)]
2026-06-12 12:38:35.518916: Epoch time: 54.47 s
2026-06-12 12:38:37.278136: 
2026-06-12 12:38:37.278519: Epoch 103
2026-06-12 12:38:37.278684: Current learning rate: 0.0062
2026-06-12 12:39:31.033073: train_loss -0.6172
2026-06-12 12:39:31.034028: val_loss -0.4868
2026-06-12 12:39:31.034215: Pseudo dice [np.float32(0.7981)]
2026-06-12 12:39:31.034410: Epoch time: 53.76 s
2026-06-12 12:39:33.434624: 
2026-06-12 12:39:33.435313: Epoch 104
2026-06-12 12:39:33.435616: Current learning rate: 0.00616
2026-06-12 12:40:27.094028: train_loss -0.6186
2026-06-12 12:40:27.094555: val_loss -0.4896
2026-06-12 12:40:27.094733: Pseudo dice [np.float32(0.8042)]
2026-06-12 12:40:27.095021: Epoch time: 53.66 s
2026-06-12 12:40:28.867552: 
2026-06-12 12:40:28.868592: Epoch 105
2026-06-12 12:40:28.869164: Current learning rate: 0.00612
2026-06-12 12:41:22.520437: train_loss -0.6189
2026-06-12 12:41:22.521187: val_loss -0.447
2026-06-12 12:41:22.521373: Pseudo dice [np.float32(0.7887)]
2026-06-12 12:41:22.521552: Epoch time: 53.66 s
2026-06-12 12:41:24.285694: 
2026-06-12 12:41:24.286494: Epoch 106
2026-06-12 12:41:24.286698: Current learning rate: 0.00609
2026-06-12 12:42:17.875510: train_loss -0.6339
2026-06-12 12:42:17.876186: val_loss -0.3629
2026-06-12 12:42:17.876342: Pseudo dice [np.float32(0.781)]
2026-06-12 12:42:17.876518: Epoch time: 53.59 s
2026-06-12 12:42:19.636552: 
2026-06-12 12:42:19.637060: Epoch 107
2026-06-12 12:42:19.637248: Current learning rate: 0.00605
2026-06-12 12:43:13.108007: train_loss -0.6278
2026-06-12 12:43:13.108676: val_loss -0.3588
2026-06-12 12:43:13.108845: Pseudo dice [np.float32(0.764)]
2026-06-12 12:43:13.109024: Epoch time: 53.47 s
2026-06-12 12:43:14.863547: 
2026-06-12 12:43:14.863976: Epoch 108
2026-06-12 12:43:14.864273: Current learning rate: 0.00601
2026-06-12 12:44:08.481670: train_loss -0.6256
2026-06-12 12:44:08.482112: val_loss -0.4058
2026-06-12 12:44:08.482255: Pseudo dice [np.float32(0.7781)]
2026-06-12 12:44:08.482422: Epoch time: 53.62 s
2026-06-12 12:44:10.231220: 
2026-06-12 12:44:10.231809: Epoch 109
2026-06-12 12:44:10.231992: Current learning rate: 0.00597
2026-06-12 12:45:03.538152: train_loss -0.6355
2026-06-12 12:45:03.538713: val_loss -0.4462
2026-06-12 12:45:03.538895: Pseudo dice [np.float32(0.7904)]
2026-06-12 12:45:03.539085: Epoch time: 53.31 s
2026-06-12 12:45:05.294494: 
2026-06-12 12:45:05.295013: Epoch 110
2026-06-12 12:45:05.295317: Current learning rate: 0.00593
2026-06-12 12:45:58.823636: train_loss -0.6533
2026-06-12 12:45:58.824108: val_loss -0.4597
2026-06-12 12:45:58.824263: Pseudo dice [np.float32(0.792)]
2026-06-12 12:45:58.824437: Epoch time: 53.53 s
2026-06-12 12:46:00.574823: 
2026-06-12 12:46:00.575402: Epoch 111
2026-06-12 12:46:00.575723: Current learning rate: 0.0059
2026-06-12 12:46:53.858580: train_loss -0.6352
2026-06-12 12:46:53.859105: val_loss -0.4711
2026-06-12 12:46:53.859251: Pseudo dice [np.float32(0.7889)]
2026-06-12 12:46:53.859423: Epoch time: 53.29 s
2026-06-12 12:46:55.597513: 
2026-06-12 12:46:55.598104: Epoch 112
2026-06-12 12:46:55.598442: Current learning rate: 0.00586
2026-06-12 12:47:48.890372: train_loss -0.634
2026-06-12 12:47:48.890845: val_loss -0.4548
2026-06-12 12:47:48.890990: Pseudo dice [np.float32(0.7831)]
2026-06-12 12:47:48.891169: Epoch time: 53.3 s
2026-06-12 12:47:51.059697: 
2026-06-12 12:47:51.060249: Epoch 113
2026-06-12 12:47:51.060447: Current learning rate: 0.00582
2026-06-12 12:48:44.386469: train_loss -0.628
2026-06-12 12:48:44.387018: val_loss -0.4521
2026-06-12 12:48:44.387167: Pseudo dice [np.float32(0.7903)]
2026-06-12 12:48:44.387341: Epoch time: 53.33 s
2026-06-12 12:48:46.128477: 
2026-06-12 12:48:46.128982: Epoch 114
2026-06-12 12:48:46.129194: Current learning rate: 0.00578
2026-06-12 12:49:39.467414: train_loss -0.6274
2026-06-12 12:49:39.468022: val_loss -0.5016
2026-06-12 12:49:39.468197: Pseudo dice [np.float32(0.8057)]
2026-06-12 12:49:39.468377: Epoch time: 53.34 s
2026-06-12 12:49:41.207485: 
2026-06-12 12:49:41.207992: Epoch 115
2026-06-12 12:49:41.208186: Current learning rate: 0.00574
2026-06-12 12:50:34.532943: train_loss -0.6234
2026-06-12 12:50:34.533429: val_loss -0.4605
2026-06-12 12:50:34.533579: Pseudo dice [np.float32(0.7955)]
2026-06-12 12:50:34.533748: Epoch time: 53.33 s
2026-06-12 12:50:36.280369: 
2026-06-12 12:50:36.280788: Epoch 116
2026-06-12 12:50:36.281080: Current learning rate: 0.0057
2026-06-12 12:51:29.516597: train_loss -0.6384
2026-06-12 12:51:29.517230: val_loss -0.3715
2026-06-12 12:51:29.517399: Pseudo dice [np.float32(0.768)]
2026-06-12 12:51:29.517569: Epoch time: 53.24 s
2026-06-12 12:51:31.257829: 
2026-06-12 12:51:31.258367: Epoch 117
2026-06-12 12:51:31.258685: Current learning rate: 0.00567
2026-06-12 12:52:24.551389: train_loss -0.6339
2026-06-12 12:52:24.551894: val_loss -0.3731
2026-06-12 12:52:24.552049: Pseudo dice [np.float32(0.7692)]
2026-06-12 12:52:24.552227: Epoch time: 53.3 s
2026-06-12 12:52:26.285700: 
2026-06-12 12:52:26.286258: Epoch 118
2026-06-12 12:52:26.286571: Current learning rate: 0.00563
2026-06-12 12:53:19.539910: train_loss -0.6348
2026-06-12 12:53:19.540843: val_loss -0.2986
2026-06-12 12:53:19.541022: Pseudo dice [np.float32(0.7608)]
2026-06-12 12:53:19.541193: Epoch time: 53.26 s
2026-06-12 12:53:21.297699: 
2026-06-12 12:53:21.298814: Epoch 119
2026-06-12 12:53:21.299134: Current learning rate: 0.00559
2026-06-12 12:54:14.488051: train_loss -0.6375
2026-06-12 12:54:14.488543: val_loss -0.4867
2026-06-12 12:54:14.488692: Pseudo dice [np.float32(0.7935)]
2026-06-12 12:54:14.488890: Epoch time: 53.19 s
2026-06-12 12:54:16.219228: 
2026-06-12 12:54:16.219795: Epoch 120
2026-06-12 12:54:16.219991: Current learning rate: 0.00555
2026-06-12 12:55:09.619586: train_loss -0.6484
2026-06-12 12:55:09.620060: val_loss -0.466
2026-06-12 12:55:09.620208: Pseudo dice [np.float32(0.796)]
2026-06-12 12:55:09.620381: Epoch time: 53.4 s
2026-06-12 12:55:11.714712: 
2026-06-12 12:55:11.715261: Epoch 121
2026-06-12 12:55:11.715491: Current learning rate: 0.00551
2026-06-12 12:56:05.077660: train_loss -0.6494
2026-06-12 12:56:05.078274: val_loss -0.3515
2026-06-12 12:56:05.078438: Pseudo dice [np.float32(0.7629)]
2026-06-12 12:56:05.078619: Epoch time: 53.37 s
2026-06-12 12:56:06.824590: 
2026-06-12 12:56:06.825070: Epoch 122
2026-06-12 12:56:06.825273: Current learning rate: 0.00547
2026-06-12 12:57:00.513365: train_loss -0.6333
2026-06-12 12:57:00.514189: val_loss -0.53
2026-06-12 12:57:00.514351: Pseudo dice [np.float32(0.8148)]
2026-06-12 12:57:00.514525: Epoch time: 53.69 s
2026-06-12 12:57:02.279113: 
2026-06-12 12:57:02.279849: Epoch 123
2026-06-12 12:57:02.280148: Current learning rate: 0.00544
2026-06-12 12:57:55.933138: train_loss -0.6351
2026-06-12 12:57:55.933586: val_loss -0.3816
2026-06-12 12:57:55.933731: Pseudo dice [np.float32(0.7771)]
2026-06-12 12:57:55.933908: Epoch time: 53.66 s
2026-06-12 12:57:57.719667: 
2026-06-12 12:57:57.720177: Epoch 124
2026-06-12 12:57:57.720478: Current learning rate: 0.0054
2026-06-12 12:58:51.407562: train_loss -0.6029
2026-06-12 12:58:51.408136: val_loss -0.4658
2026-06-12 12:58:51.408314: Pseudo dice [np.float32(0.785)]
2026-06-12 12:58:51.408521: Epoch time: 53.69 s
2026-06-12 12:58:53.168545: 
2026-06-12 12:58:53.169111: Epoch 125
2026-06-12 12:58:53.169329: Current learning rate: 0.00536
2026-06-12 12:59:46.715332: train_loss -0.6372
2026-06-12 12:59:46.715988: val_loss -0.4502
2026-06-12 12:59:46.716151: Pseudo dice [np.float32(0.7796)]
2026-06-12 12:59:46.716324: Epoch time: 53.55 s
2026-06-12 12:59:48.457620: 
2026-06-12 12:59:48.458063: Epoch 126
2026-06-12 12:59:48.458255: Current learning rate: 0.00532
2026-06-12 13:00:41.804305: train_loss -0.6406
2026-06-12 13:00:41.804868: val_loss -0.533
2026-06-12 13:00:41.805040: Pseudo dice [np.float32(0.8127)]
2026-06-12 13:00:41.805223: Epoch time: 53.35 s
2026-06-12 13:00:43.573485: 
2026-06-12 13:00:43.574326: Epoch 127
2026-06-12 13:00:43.575031: Current learning rate: 0.00528
2026-06-12 13:01:36.967793: train_loss -0.6588
2026-06-12 13:01:36.968481: val_loss -0.3567
2026-06-12 13:01:36.968632: Pseudo dice [np.float32(0.7693)]
2026-06-12 13:01:36.968816: Epoch time: 53.4 s
2026-06-12 13:01:38.727291: 
2026-06-12 13:01:38.728198: Epoch 128
2026-06-12 13:01:38.728749: Current learning rate: 0.00524
2026-06-12 13:02:31.981743: train_loss -0.6574
2026-06-12 13:02:31.982253: val_loss -0.4074
2026-06-12 13:02:31.982417: Pseudo dice [np.float32(0.7774)]
2026-06-12 13:02:31.982587: Epoch time: 53.26 s
2026-06-12 13:02:33.739684: 
2026-06-12 13:02:33.740192: Epoch 129
2026-06-12 13:02:33.740494: Current learning rate: 0.0052
2026-06-12 13:03:26.997864: train_loss -0.6622
2026-06-12 13:03:26.998505: val_loss -0.4763
2026-06-12 13:03:26.998652: Pseudo dice [np.float32(0.8)]
2026-06-12 13:03:26.998840: Epoch time: 53.26 s
2026-06-12 13:03:28.760134: 
2026-06-12 13:03:28.760887: Epoch 130
2026-06-12 13:03:28.761542: Current learning rate: 0.00517
2026-06-12 13:04:22.308397: train_loss -0.6637
2026-06-12 13:04:22.309137: val_loss -0.4752
2026-06-12 13:04:22.309312: Pseudo dice [np.float32(0.7975)]
2026-06-12 13:04:22.309562: Epoch time: 53.55 s
2026-06-12 13:04:24.076437: 
2026-06-12 13:04:24.076988: Epoch 131
2026-06-12 13:04:24.077209: Current learning rate: 0.00513
2026-06-12 13:05:17.258837: train_loss -0.6511
2026-06-12 13:05:17.259348: val_loss -0.4789
2026-06-12 13:05:17.259501: Pseudo dice [np.float32(0.802)]
2026-06-12 13:05:17.259666: Epoch time: 53.19 s
2026-06-12 13:05:19.020531: 
2026-06-12 13:05:19.021075: Epoch 132
2026-06-12 13:05:19.021365: Current learning rate: 0.00509
2026-06-12 13:06:12.298653: train_loss -0.6305
2026-06-12 13:06:12.299276: val_loss -0.4653
2026-06-12 13:06:12.299429: Pseudo dice [np.float32(0.7954)]
2026-06-12 13:06:12.299600: Epoch time: 53.28 s
2026-06-12 13:06:14.052587: 
2026-06-12 13:06:14.053078: Epoch 133
2026-06-12 13:06:14.053323: Current learning rate: 0.00505
2026-06-12 13:07:07.239496: train_loss -0.6489
2026-06-12 13:07:07.241691: val_loss -0.487
2026-06-12 13:07:07.241852: Pseudo dice [np.float32(0.8005)]
2026-06-12 13:07:07.242020: Epoch time: 53.19 s
2026-06-12 13:07:09.000932: 
2026-06-12 13:07:09.001407: Epoch 134
2026-06-12 13:07:09.001619: Current learning rate: 0.00501
2026-06-12 13:08:02.341328: train_loss -0.662
2026-06-12 13:08:02.341877: val_loss -0.4942
2026-06-12 13:08:02.342038: Pseudo dice [np.float32(0.8035)]
2026-06-12 13:08:02.342208: Epoch time: 53.34 s
2026-06-12 13:08:04.100507: 
2026-06-12 13:08:04.100843: Epoch 135
2026-06-12 13:08:04.101033: Current learning rate: 0.00497
2026-06-12 13:08:57.353155: train_loss -0.6521
2026-06-12 13:08:57.353776: val_loss -0.4871
2026-06-12 13:08:57.353929: Pseudo dice [np.float32(0.8022)]
2026-06-12 13:08:57.354102: Epoch time: 53.26 s
2026-06-12 13:08:59.111551: 
2026-06-12 13:08:59.111913: Epoch 136
2026-06-12 13:08:59.112103: Current learning rate: 0.00493
2026-06-12 13:09:52.460130: train_loss -0.6687
2026-06-12 13:09:52.460746: val_loss -0.4414
2026-06-12 13:09:52.460922: Pseudo dice [np.float32(0.7869)]
2026-06-12 13:09:52.461107: Epoch time: 53.35 s
2026-06-12 13:09:54.247643: 
2026-06-12 13:09:54.248043: Epoch 137
2026-06-12 13:09:54.248229: Current learning rate: 0.00489
2026-06-12 13:10:47.524794: train_loss -0.6644
2026-06-12 13:10:47.525364: val_loss -0.406
2026-06-12 13:10:47.525529: Pseudo dice [np.float32(0.7842)]
2026-06-12 13:10:47.525698: Epoch time: 53.28 s
2026-06-12 13:10:49.301224: 
2026-06-12 13:10:49.301800: Epoch 138
2026-06-12 13:10:49.302118: Current learning rate: 0.00485
2026-06-12 13:11:42.830710: train_loss -0.6439
2026-06-12 13:11:42.832398: val_loss -0.5324
2026-06-12 13:11:42.832566: Pseudo dice [np.float32(0.8171)]
2026-06-12 13:11:42.832748: Epoch time: 53.53 s
2026-06-12 13:11:45.211860: 
2026-06-12 13:11:45.212544: Epoch 139
2026-06-12 13:11:45.212779: Current learning rate: 0.00482
2026-06-12 13:12:38.654154: train_loss -0.6479
2026-06-12 13:12:38.654836: val_loss -0.4234
2026-06-12 13:12:38.654996: Pseudo dice [np.float32(0.7788)]
2026-06-12 13:12:38.655194: Epoch time: 53.45 s
2026-06-12 13:12:40.431253: 
2026-06-12 13:12:40.431825: Epoch 140
2026-06-12 13:12:40.432189: Current learning rate: 0.00478
2026-06-12 13:13:33.834797: train_loss -0.6574
2026-06-12 13:13:33.835260: val_loss -0.4549
2026-06-12 13:13:33.835411: Pseudo dice [np.float32(0.7972)]
2026-06-12 13:13:33.835578: Epoch time: 53.41 s
2026-06-12 13:13:35.611941: 
2026-06-12 13:13:35.612460: Epoch 141
2026-06-12 13:13:35.612653: Current learning rate: 0.00474
2026-06-12 13:14:28.861059: train_loss -0.6401
2026-06-12 13:14:28.861527: val_loss -0.4637
2026-06-12 13:14:28.861680: Pseudo dice [np.float32(0.7932)]
2026-06-12 13:14:28.861863: Epoch time: 53.25 s
2026-06-12 13:14:30.633378: 
2026-06-12 13:14:30.633818: Epoch 142
2026-06-12 13:14:30.634015: Current learning rate: 0.0047
2026-06-12 13:15:23.923173: train_loss -0.6573
2026-06-12 13:15:23.923661: val_loss -0.4494
2026-06-12 13:15:23.923812: Pseudo dice [np.float32(0.7957)]
2026-06-12 13:15:23.923978: Epoch time: 53.29 s
2026-06-12 13:15:25.699613: 
2026-06-12 13:15:25.700192: Epoch 143
2026-06-12 13:15:25.700505: Current learning rate: 0.00466
2026-06-12 13:16:19.034484: train_loss -0.6444
2026-06-12 13:16:19.035170: val_loss -0.4549
2026-06-12 13:16:19.035318: Pseudo dice [np.float32(0.7951)]
2026-06-12 13:16:19.035484: Epoch time: 53.34 s
2026-06-12 13:16:20.805574: 
2026-06-12 13:16:20.806106: Epoch 144
2026-06-12 13:16:20.806364: Current learning rate: 0.00462
2026-06-12 13:17:14.017278: train_loss -0.6705
2026-06-12 13:17:14.017824: val_loss -0.3743
2026-06-12 13:17:14.017977: Pseudo dice [np.float32(0.7805)]
2026-06-12 13:17:14.018143: Epoch time: 53.21 s
2026-06-12 13:17:15.794930: 
2026-06-12 13:17:15.795419: Epoch 145
2026-06-12 13:17:15.795623: Current learning rate: 0.00458
2026-06-12 13:18:09.165661: train_loss -0.6601
2026-06-12 13:18:09.166166: val_loss -0.4203
2026-06-12 13:18:09.166315: Pseudo dice [np.float32(0.7876)]
2026-06-12 13:18:09.166479: Epoch time: 53.37 s
2026-06-12 13:18:10.951620: 
2026-06-12 13:18:10.952035: Epoch 146
2026-06-12 13:18:10.952229: Current learning rate: 0.00454
2026-06-12 13:19:04.405135: train_loss -0.6652
2026-06-12 13:19:04.405605: val_loss -0.4435
2026-06-12 13:19:04.405749: Pseudo dice [np.float32(0.7934)]
2026-06-12 13:19:04.405929: Epoch time: 53.46 s
2026-06-12 13:19:06.193564: 
2026-06-12 13:19:06.194057: Epoch 147
2026-06-12 13:19:06.194255: Current learning rate: 0.0045
2026-06-12 13:19:59.787662: train_loss -0.6386
2026-06-12 13:19:59.788323: val_loss -0.343
2026-06-12 13:19:59.788469: Pseudo dice [np.float32(0.7589)]
2026-06-12 13:19:59.788633: Epoch time: 53.6 s
2026-06-12 13:20:02.082288: 
2026-06-12 13:20:02.082836: Epoch 148
2026-06-12 13:20:02.083039: Current learning rate: 0.00446
2026-06-12 13:20:55.674618: train_loss -0.6604
2026-06-12 13:20:55.675317: val_loss -0.4817
2026-06-12 13:20:55.675518: Pseudo dice [np.float32(0.8034)]
2026-06-12 13:20:55.675704: Epoch time: 53.6 s
2026-06-12 13:20:57.457439: 
2026-06-12 13:20:57.457854: Epoch 149
2026-06-12 13:20:57.458045: Current learning rate: 0.00442
2026-06-12 13:21:50.759568: train_loss -0.6633
2026-06-12 13:21:50.760072: val_loss -0.5454
2026-06-12 13:21:50.760218: Pseudo dice [np.float32(0.8191)]
2026-06-12 13:21:50.760384: Epoch time: 53.31 s
2026-06-12 13:21:53.133605: 
2026-06-12 13:21:53.134078: Epoch 150
2026-06-12 13:21:53.134389: Current learning rate: 0.00438
2026-06-12 13:22:46.479854: train_loss -0.6712
2026-06-12 13:22:46.480445: val_loss -0.3891
2026-06-12 13:22:46.480592: Pseudo dice [np.float32(0.7844)]
2026-06-12 13:22:46.480767: Epoch time: 53.35 s
2026-06-12 13:22:48.261986: 
2026-06-12 13:22:48.262515: Epoch 151
2026-06-12 13:22:48.262833: Current learning rate: 0.00434
2026-06-12 13:23:41.564157: train_loss -0.6744
2026-06-12 13:23:41.564690: val_loss -0.4374
2026-06-12 13:23:41.564859: Pseudo dice [np.float32(0.786)]
2026-06-12 13:23:41.565038: Epoch time: 53.31 s
2026-06-12 13:23:43.343698: 
2026-06-12 13:23:43.344247: Epoch 152
2026-06-12 13:23:43.344452: Current learning rate: 0.0043
2026-06-12 13:24:36.615397: train_loss -0.6625
2026-06-12 13:24:36.615972: val_loss -0.481
2026-06-12 13:24:36.616116: Pseudo dice [np.float32(0.8077)]
2026-06-12 13:24:36.616280: Epoch time: 53.27 s
2026-06-12 13:24:38.390433: 
2026-06-12 13:24:38.391066: Epoch 153
2026-06-12 13:24:38.391371: Current learning rate: 0.00427
2026-06-12 13:25:31.731670: train_loss -0.6471
2026-06-12 13:25:31.732250: val_loss -0.4605
2026-06-12 13:25:31.732404: Pseudo dice [np.float32(0.7939)]
2026-06-12 13:25:31.732575: Epoch time: 53.34 s
2026-06-12 13:25:33.526520: 
2026-06-12 13:25:33.527075: Epoch 154
2026-06-12 13:25:33.527378: Current learning rate: 0.00423
2026-06-12 13:26:26.814419: train_loss -0.6391
2026-06-12 13:26:26.815004: val_loss -0.4018
2026-06-12 13:26:26.815155: Pseudo dice [np.float32(0.7773)]
2026-06-12 13:26:26.815325: Epoch time: 53.29 s
2026-06-12 13:26:28.625302: 
2026-06-12 13:26:28.625793: Epoch 155
2026-06-12 13:26:28.626045: Current learning rate: 0.00419
2026-06-12 13:27:21.947099: train_loss -0.647
2026-06-12 13:27:21.947738: val_loss -0.4738
2026-06-12 13:27:21.947900: Pseudo dice [np.float32(0.7986)]
2026-06-12 13:27:21.948076: Epoch time: 53.33 s
2026-06-12 13:27:24.193686: 
2026-06-12 13:27:24.194149: Epoch 156
2026-06-12 13:27:24.194444: Current learning rate: 0.00415
2026-06-12 13:28:17.406984: train_loss -0.6641
2026-06-12 13:28:17.407513: val_loss -0.5728
2026-06-12 13:28:17.407674: Pseudo dice [np.float32(0.8292)]
2026-06-12 13:28:17.407890: Epoch time: 53.22 s
2026-06-12 13:28:19.208398: 
2026-06-12 13:28:19.208751: Epoch 157
2026-06-12 13:28:19.209032: Current learning rate: 0.00411
2026-06-12 13:29:12.443015: train_loss -0.6755
2026-06-12 13:29:12.443786: val_loss -0.433
2026-06-12 13:29:12.443952: Pseudo dice [np.float32(0.7956)]
2026-06-12 13:29:12.444126: Epoch time: 53.24 s
2026-06-12 13:29:14.247074: 
2026-06-12 13:29:14.247628: Epoch 158
2026-06-12 13:29:14.247945: Current learning rate: 0.00407
2026-06-12 13:30:07.473899: train_loss -0.6773
2026-06-12 13:30:07.474559: val_loss -0.443
2026-06-12 13:30:07.474721: Pseudo dice [np.float32(0.7872)]
2026-06-12 13:30:07.474897: Epoch time: 53.23 s
2026-06-12 13:30:09.282244: 
2026-06-12 13:30:09.282783: Epoch 159
2026-06-12 13:30:09.282972: Current learning rate: 0.00403
2026-06-12 13:31:02.511889: train_loss -0.6883
2026-06-12 13:31:02.512369: val_loss -0.4572
2026-06-12 13:31:02.512515: Pseudo dice [np.float32(0.7978)]
2026-06-12 13:31:02.512682: Epoch time: 53.23 s
2026-06-12 13:31:04.350234: 
2026-06-12 13:31:04.350786: Epoch 160
2026-06-12 13:31:04.351129: Current learning rate: 0.00399
2026-06-12 13:31:57.752004: train_loss -0.665
2026-06-12 13:31:57.755803: val_loss -0.3393
2026-06-12 13:31:57.755966: Pseudo dice [np.float32(0.7649)]
2026-06-12 13:31:57.756160: Epoch time: 53.41 s
2026-06-12 13:31:59.572230: 
2026-06-12 13:31:59.572689: Epoch 161
2026-06-12 13:31:59.572895: Current learning rate: 0.00395
2026-06-12 13:32:52.890500: train_loss -0.6725
2026-06-12 13:32:52.891038: val_loss -0.4782
2026-06-12 13:32:52.891180: Pseudo dice [np.float32(0.8039)]
2026-06-12 13:32:52.891345: Epoch time: 53.32 s
2026-06-12 13:32:54.711532: 
2026-06-12 13:32:54.712049: Epoch 162
2026-06-12 13:32:54.712249: Current learning rate: 0.00391
2026-06-12 13:33:47.999358: train_loss -0.6756
2026-06-12 13:33:47.999843: val_loss -0.4487
2026-06-12 13:33:47.999992: Pseudo dice [np.float32(0.7903)]
2026-06-12 13:33:48.000162: Epoch time: 53.29 s
2026-06-12 13:33:49.836020: 
2026-06-12 13:33:49.836526: Epoch 163
2026-06-12 13:33:49.836810: Current learning rate: 0.00387
2026-06-12 13:34:43.119387: train_loss -0.6768
2026-06-12 13:34:43.120532: val_loss -0.4282
2026-06-12 13:34:43.120683: Pseudo dice [np.float32(0.7891)]
2026-06-12 13:34:43.120900: Epoch time: 53.29 s
2026-06-12 13:34:44.943745: 
2026-06-12 13:34:44.944097: Epoch 164
2026-06-12 13:34:44.944518: Current learning rate: 0.00383
2026-06-12 13:35:38.272518: train_loss -0.6735
2026-06-12 13:35:38.273106: val_loss -0.3612
2026-06-12 13:35:38.273252: Pseudo dice [np.float32(0.7739)]
2026-06-12 13:35:38.273419: Epoch time: 53.33 s
2026-06-12 13:35:40.440697: 
2026-06-12 13:35:40.441239: Epoch 165
2026-06-12 13:35:40.441521: Current learning rate: 0.00379
2026-06-12 13:36:33.659307: train_loss -0.6723
2026-06-12 13:36:33.659917: val_loss -0.449
2026-06-12 13:36:33.660099: Pseudo dice [np.float32(0.7843)]
2026-06-12 13:36:33.660278: Epoch time: 53.22 s
2026-06-12 13:36:35.439068: 
2026-06-12 13:36:35.439536: Epoch 166
2026-06-12 13:36:35.439731: Current learning rate: 0.00375
2026-06-12 13:37:28.708012: train_loss -0.676
2026-06-12 13:37:28.708484: val_loss -0.4855
2026-06-12 13:37:28.708640: Pseudo dice [np.float32(0.8077)]
2026-06-12 13:37:28.708816: Epoch time: 53.27 s
2026-06-12 13:37:30.492815: 
2026-06-12 13:37:30.493327: Epoch 167
2026-06-12 13:37:30.493547: Current learning rate: 0.00371
2026-06-12 13:38:23.695292: train_loss -0.6736
2026-06-12 13:38:23.695704: val_loss -0.4109
2026-06-12 13:38:23.695858: Pseudo dice [np.float32(0.7825)]
2026-06-12 13:38:23.696025: Epoch time: 53.21 s
2026-06-12 13:38:25.488563: 
2026-06-12 13:38:25.489003: Epoch 168
2026-06-12 13:38:25.489300: Current learning rate: 0.00367
2026-06-12 13:39:19.107192: train_loss -0.6874
2026-06-12 13:39:19.107662: val_loss -0.3739
2026-06-12 13:39:19.107817: Pseudo dice [np.float32(0.7716)]
2026-06-12 13:39:19.107989: Epoch time: 53.62 s
2026-06-12 13:39:20.922422: 
2026-06-12 13:39:20.922991: Epoch 169
2026-06-12 13:39:20.923295: Current learning rate: 0.00363
2026-06-12 13:40:14.459945: train_loss -0.6641
2026-06-12 13:40:14.460602: val_loss -0.3907
2026-06-12 13:40:14.460834: Pseudo dice [np.float32(0.7726)]
2026-06-12 13:40:14.461030: Epoch time: 53.54 s
2026-06-12 13:40:16.300948: 
2026-06-12 13:40:16.301573: Epoch 170
2026-06-12 13:40:16.301847: Current learning rate: 0.00359
2026-06-12 13:41:09.978669: train_loss -0.6711
2026-06-12 13:41:09.979228: val_loss -0.4899
2026-06-12 13:41:09.979401: Pseudo dice [np.float32(0.8046)]
2026-06-12 13:41:09.979577: Epoch time: 53.68 s
2026-06-12 13:41:11.797107: 
2026-06-12 13:41:11.797550: Epoch 171
2026-06-12 13:41:11.797766: Current learning rate: 0.00355
2026-06-12 13:42:05.578519: train_loss -0.6799
2026-06-12 13:42:05.579061: val_loss -0.5394
2026-06-12 13:42:05.579204: Pseudo dice [np.float32(0.8142)]
2026-06-12 13:42:05.579371: Epoch time: 53.78 s
2026-06-12 13:42:07.389398: 
2026-06-12 13:42:07.389909: Epoch 172
2026-06-12 13:42:07.390222: Current learning rate: 0.00351
2026-06-12 13:43:00.835589: train_loss -0.6709
2026-06-12 13:43:00.836123: val_loss -0.4982
2026-06-12 13:43:00.836267: Pseudo dice [np.float32(0.8085)]
2026-06-12 13:43:00.836433: Epoch time: 53.45 s
2026-06-12 13:43:03.032058: 
2026-06-12 13:43:03.032753: Epoch 173
2026-06-12 13:43:03.032956: Current learning rate: 0.00346
2026-06-12 13:43:56.280795: train_loss -0.6869
2026-06-12 13:43:56.281376: val_loss -0.4731
2026-06-12 13:43:56.281553: Pseudo dice [np.float32(0.8019)]
2026-06-12 13:43:56.281729: Epoch time: 53.25 s
2026-06-12 13:43:58.082311: 
2026-06-12 13:43:58.083093: Epoch 174
2026-06-12 13:43:58.083338: Current learning rate: 0.00342
2026-06-12 13:44:51.345906: train_loss -0.6622
2026-06-12 13:44:51.346439: val_loss -0.5088
2026-06-12 13:44:51.346587: Pseudo dice [np.float32(0.8091)]
2026-06-12 13:44:51.346753: Epoch time: 53.27 s
2026-06-12 13:44:53.141847: 
2026-06-12 13:44:53.142393: Epoch 175
2026-06-12 13:44:53.142614: Current learning rate: 0.00338
2026-06-12 13:45:46.224311: train_loss -0.6735
2026-06-12 13:45:46.224930: val_loss -0.4629
2026-06-12 13:45:46.225079: Pseudo dice [np.float32(0.8018)]
2026-06-12 13:45:46.225244: Epoch time: 53.09 s
2026-06-12 13:45:48.020587: 
2026-06-12 13:45:48.021101: Epoch 176
2026-06-12 13:45:48.021290: Current learning rate: 0.00334
2026-06-12 13:46:41.182592: train_loss -0.67
2026-06-12 13:46:41.183097: val_loss -0.4548
2026-06-12 13:46:41.183240: Pseudo dice [np.float32(0.7923)]
2026-06-12 13:46:41.183413: Epoch time: 53.16 s
2026-06-12 13:46:42.985035: 
2026-06-12 13:46:42.985578: Epoch 177
2026-06-12 13:46:42.985888: Current learning rate: 0.0033
2026-06-12 13:47:36.150184: train_loss -0.679
2026-06-12 13:47:36.150728: val_loss -0.3751
2026-06-12 13:47:36.150910: Pseudo dice [np.float32(0.778)]
2026-06-12 13:47:36.151082: Epoch time: 53.17 s
2026-06-12 13:47:37.957752: 
2026-06-12 13:47:37.958325: Epoch 178
2026-06-12 13:47:37.958638: Current learning rate: 0.00326
2026-06-12 13:48:31.259413: train_loss -0.6843
2026-06-12 13:48:31.260018: val_loss -0.4127
2026-06-12 13:48:31.260179: Pseudo dice [np.float32(0.78)]
2026-06-12 13:48:31.260372: Epoch time: 53.3 s
2026-06-12 13:48:33.063684: 
2026-06-12 13:48:33.064102: Epoch 179
2026-06-12 13:48:33.064315: Current learning rate: 0.00322
2026-06-12 13:49:26.221493: train_loss -0.6853
2026-06-12 13:49:26.222022: val_loss -0.4081
2026-06-12 13:49:26.222163: Pseudo dice [np.float32(0.7839)]
2026-06-12 13:49:26.222329: Epoch time: 53.16 s
2026-06-12 13:49:28.024319: 
2026-06-12 13:49:28.024770: Epoch 180
2026-06-12 13:49:28.024960: Current learning rate: 0.00318
2026-06-12 13:50:21.268736: train_loss -0.6861
2026-06-12 13:50:21.269198: val_loss -0.4383
2026-06-12 13:50:21.269340: Pseudo dice [np.float32(0.7941)]
2026-06-12 13:50:21.269513: Epoch time: 53.25 s
2026-06-12 13:50:23.090329: 
2026-06-12 13:50:23.090859: Epoch 181
2026-06-12 13:50:23.091058: Current learning rate: 0.00314
2026-06-12 13:51:16.377614: train_loss -0.6716
2026-06-12 13:51:16.378217: val_loss -0.4078
2026-06-12 13:51:16.378376: Pseudo dice [np.float32(0.7875)]
2026-06-12 13:51:16.378541: Epoch time: 53.29 s
2026-06-12 13:51:18.625474: 
2026-06-12 13:51:18.626104: Epoch 182
2026-06-12 13:51:18.626418: Current learning rate: 0.0031
2026-06-12 13:52:11.965929: train_loss -0.6698
2026-06-12 13:52:11.966490: val_loss -0.3803
2026-06-12 13:52:11.966649: Pseudo dice [np.float32(0.7799)]
2026-06-12 13:52:11.966829: Epoch time: 53.34 s
2026-06-12 13:52:13.786801: 
2026-06-12 13:52:13.787252: Epoch 183
2026-06-12 13:52:13.787452: Current learning rate: 0.00306
2026-06-12 13:53:07.077648: train_loss -0.6793
2026-06-12 13:53:07.078222: val_loss -0.429
2026-06-12 13:53:07.078365: Pseudo dice [np.float32(0.7823)]
2026-06-12 13:53:07.078534: Epoch time: 53.29 s
2026-06-12 13:53:08.892171: 
2026-06-12 13:53:08.892669: Epoch 184
2026-06-12 13:53:08.892868: Current learning rate: 0.00302
2026-06-12 13:54:02.393459: train_loss -0.6846
2026-06-12 13:54:02.394110: val_loss -0.4639
2026-06-12 13:54:02.394265: Pseudo dice [np.float32(0.7921)]
2026-06-12 13:54:02.394440: Epoch time: 53.5 s
2026-06-12 13:54:04.241670: 
2026-06-12 13:54:04.242288: Epoch 185
2026-06-12 13:54:04.242659: Current learning rate: 0.00297
2026-06-12 13:54:57.601464: train_loss -0.6906
2026-06-12 13:54:57.602090: val_loss -0.4272
2026-06-12 13:54:57.602240: Pseudo dice [np.float32(0.7879)]
2026-06-12 13:54:57.602422: Epoch time: 53.36 s
2026-06-12 13:54:59.416626: 
2026-06-12 13:54:59.417160: Epoch 186
2026-06-12 13:54:59.417485: Current learning rate: 0.00293
2026-06-12 13:55:52.603878: train_loss -0.677
2026-06-12 13:55:52.604481: val_loss -0.3767
2026-06-12 13:55:52.604651: Pseudo dice [np.float32(0.7748)]
2026-06-12 13:55:52.604834: Epoch time: 53.19 s
2026-06-12 13:55:54.401469: 
2026-06-12 13:55:54.401923: Epoch 187
2026-06-12 13:55:54.402138: Current learning rate: 0.00289
2026-06-12 13:56:47.572274: train_loss -0.6791
2026-06-12 13:56:47.572870: val_loss -0.4349
2026-06-12 13:56:47.573015: Pseudo dice [np.float32(0.7846)]
2026-06-12 13:56:47.573180: Epoch time: 53.17 s
2026-06-12 13:56:49.382902: 
2026-06-12 13:56:49.383366: Epoch 188
2026-06-12 13:56:49.383602: Current learning rate: 0.00285
2026-06-12 13:57:42.625763: train_loss -0.6852
2026-06-12 13:57:42.626229: val_loss -0.4245
2026-06-12 13:57:42.627058: Pseudo dice [np.float32(0.7833)]
2026-06-12 13:57:42.627331: Epoch time: 53.25 s
2026-06-12 13:57:44.433119: 
2026-06-12 13:57:44.433685: Epoch 189
2026-06-12 13:57:44.434011: Current learning rate: 0.00281
2026-06-12 13:58:37.656623: train_loss -0.6919
2026-06-12 13:58:37.657176: val_loss -0.4496
2026-06-12 13:58:37.657321: Pseudo dice [np.float32(0.7992)]
2026-06-12 13:58:37.657491: Epoch time: 53.23 s
2026-06-12 13:58:39.876852: 
2026-06-12 13:58:39.877335: Epoch 190
2026-06-12 13:58:39.877537: Current learning rate: 0.00277
2026-06-12 13:59:33.035690: train_loss -0.6987
2026-06-12 13:59:33.036174: val_loss -0.4243
2026-06-12 13:59:33.036319: Pseudo dice [np.float32(0.7887)]
2026-06-12 13:59:33.036485: Epoch time: 53.16 s
2026-06-12 13:59:34.839633: 
2026-06-12 13:59:34.840211: Epoch 191
2026-06-12 13:59:34.840421: Current learning rate: 0.00273
2026-06-12 14:00:28.059460: train_loss -0.6917
2026-06-12 14:00:28.060081: val_loss -0.3844
2026-06-12 14:00:28.060234: Pseudo dice [np.float32(0.767)]
2026-06-12 14:00:28.060408: Epoch time: 53.22 s
2026-06-12 14:00:29.891109: 
2026-06-12 14:00:29.891767: Epoch 192
2026-06-12 14:00:29.892130: Current learning rate: 0.00268
2026-06-12 14:01:23.115102: train_loss -0.6812
2026-06-12 14:01:23.115559: val_loss -0.4157
2026-06-12 14:01:23.115707: Pseudo dice [np.float32(0.7874)]
2026-06-12 14:01:23.115889: Epoch time: 53.23 s
2026-06-12 14:01:24.923809: 
2026-06-12 14:01:24.924131: Epoch 193
2026-06-12 14:01:24.924308: Current learning rate: 0.00264
2026-06-12 14:02:18.205642: train_loss -0.6952
2026-06-12 14:02:18.206358: val_loss -0.4487
2026-06-12 14:02:18.206528: Pseudo dice [np.float32(0.7973)]
2026-06-12 14:02:18.206744: Epoch time: 53.28 s
2026-06-12 14:02:20.021880: 
2026-06-12 14:02:20.022285: Epoch 194
2026-06-12 14:02:20.022553: Current learning rate: 0.0026
2026-06-12 14:03:13.348371: train_loss -0.692
2026-06-12 14:03:13.348840: val_loss -0.4988
2026-06-12 14:03:13.348985: Pseudo dice [np.float32(0.8053)]
2026-06-12 14:03:13.349155: Epoch time: 53.33 s
2026-06-12 14:03:15.164316: 
2026-06-12 14:03:15.164903: Epoch 195
2026-06-12 14:03:15.165232: Current learning rate: 0.00256
2026-06-12 14:04:08.560197: train_loss -0.6896
2026-06-12 14:04:08.560608: val_loss -0.4183
2026-06-12 14:04:08.560749: Pseudo dice [np.float32(0.7845)]
2026-06-12 14:04:08.560925: Epoch time: 53.4 s
2026-06-12 14:04:10.384907: 
2026-06-12 14:04:10.385343: Epoch 196
2026-06-12 14:04:10.386166: Current learning rate: 0.00252
2026-06-12 14:05:03.617187: train_loss -0.6944
2026-06-12 14:05:03.617637: val_loss -0.4262
2026-06-12 14:05:03.617790: Pseudo dice [np.float32(0.7946)]
2026-06-12 14:05:03.617954: Epoch time: 53.24 s
2026-06-12 14:05:05.434746: 
2026-06-12 14:05:05.435180: Epoch 197
2026-06-12 14:05:05.435471: Current learning rate: 0.00248
2026-06-12 14:05:58.740531: train_loss -0.6949
2026-06-12 14:05:58.740967: val_loss -0.4226
2026-06-12 14:05:58.741117: Pseudo dice [np.float32(0.786)]
2026-06-12 14:05:58.741286: Epoch time: 53.31 s
2026-06-12 14:06:00.551389: 
2026-06-12 14:06:00.551890: Epoch 198
2026-06-12 14:06:00.552089: Current learning rate: 0.00243
2026-06-12 14:06:53.723872: train_loss -0.69
2026-06-12 14:06:53.724492: val_loss -0.3972
2026-06-12 14:06:53.724637: Pseudo dice [np.float32(0.7873)]
2026-06-12 14:06:53.724816: Epoch time: 53.18 s
2026-06-12 14:06:55.922021: 
2026-06-12 14:06:55.922616: Epoch 199
2026-06-12 14:06:55.922855: Current learning rate: 0.00239
2026-06-12 14:07:49.171855: train_loss -0.6971
2026-06-12 14:07:49.172503: val_loss -0.4774
2026-06-12 14:07:49.172657: Pseudo dice [np.float32(0.8015)]
2026-06-12 14:07:49.172838: Epoch time: 53.25 s
2026-06-12 14:07:51.547283: 
2026-06-12 14:07:51.547738: Epoch 200
2026-06-12 14:07:51.548025: Current learning rate: 0.00235
2026-06-12 14:08:44.676041: train_loss -0.6906
2026-06-12 14:08:44.676501: val_loss -0.4812
2026-06-12 14:08:44.676676: Pseudo dice [np.float32(0.8033)]
2026-06-12 14:08:44.676914: Epoch time: 53.13 s
2026-06-12 14:08:46.497109: 
2026-06-12 14:08:46.497510: Epoch 201
2026-06-12 14:08:46.497801: Current learning rate: 0.00231
2026-06-12 14:09:39.844328: train_loss -0.7025
2026-06-12 14:09:39.844726: val_loss -0.4922
2026-06-12 14:09:39.844950: Pseudo dice [np.float32(0.8046)]
2026-06-12 14:09:39.845119: Epoch time: 53.35 s
2026-06-12 14:09:41.672488: 
2026-06-12 14:09:41.672851: Epoch 202
2026-06-12 14:09:41.673104: Current learning rate: 0.00226
2026-06-12 14:10:34.926157: train_loss -0.6981
2026-06-12 14:10:34.926801: val_loss -0.4087
2026-06-12 14:10:34.926963: Pseudo dice [np.float32(0.7775)]
2026-06-12 14:10:34.927135: Epoch time: 53.26 s
2026-06-12 14:10:36.770271: 
2026-06-12 14:10:36.770923: Epoch 203
2026-06-12 14:10:36.771169: Current learning rate: 0.00222
2026-06-12 14:11:29.970463: train_loss -0.7044
2026-06-12 14:11:29.971071: val_loss -0.4403
2026-06-12 14:11:29.971218: Pseudo dice [np.float32(0.7863)]
2026-06-12 14:11:29.971396: Epoch time: 53.2 s
2026-06-12 14:11:31.796642: 
2026-06-12 14:11:31.797174: Epoch 204
2026-06-12 14:11:31.797461: Current learning rate: 0.00218
2026-06-12 14:12:24.952507: train_loss -0.703
2026-06-12 14:12:24.952981: val_loss -0.4481
2026-06-12 14:12:24.953126: Pseudo dice [np.float32(0.7939)]
2026-06-12 14:12:24.953291: Epoch time: 53.16 s
2026-06-12 14:12:26.779583: 
2026-06-12 14:12:26.780098: Epoch 205
2026-06-12 14:12:26.780292: Current learning rate: 0.00214
2026-06-12 14:13:19.956383: train_loss -0.6948
2026-06-12 14:13:19.956900: val_loss -0.4516
2026-06-12 14:13:19.957043: Pseudo dice [np.float32(0.7994)]
2026-06-12 14:13:19.957207: Epoch time: 53.18 s
2026-06-12 14:13:21.729135: 
2026-06-12 14:13:21.729662: Epoch 206
2026-06-12 14:13:21.729952: Current learning rate: 0.00209
2026-06-12 14:14:14.966883: train_loss -0.6865
2026-06-12 14:14:14.967347: val_loss -0.4314
2026-06-12 14:14:14.967504: Pseudo dice [np.float32(0.7813)]
2026-06-12 14:14:14.967676: Epoch time: 53.24 s
2026-06-12 14:14:17.088404: 
2026-06-12 14:14:17.088892: Epoch 207
2026-06-12 14:14:17.089074: Current learning rate: 0.00205
2026-06-12 14:15:10.314616: train_loss -0.6927
2026-06-12 14:15:10.315249: val_loss -0.48
2026-06-12 14:15:10.315400: Pseudo dice [np.float32(0.8041)]
2026-06-12 14:15:10.315576: Epoch time: 53.23 s
2026-06-12 14:15:12.079411: 
2026-06-12 14:15:12.079947: Epoch 208
2026-06-12 14:15:12.080162: Current learning rate: 0.00201
2026-06-12 14:16:05.364386: train_loss -0.7005
2026-06-12 14:16:05.364903: val_loss -0.456
2026-06-12 14:16:05.365047: Pseudo dice [np.float32(0.7949)]
2026-06-12 14:16:05.365220: Epoch time: 53.29 s
2026-06-12 14:16:07.132853: 
2026-06-12 14:16:07.133505: Epoch 209
2026-06-12 14:16:07.133792: Current learning rate: 0.00196
2026-06-12 14:17:00.358062: train_loss -0.6958
2026-06-12 14:17:00.358613: val_loss -0.4228
2026-06-12 14:17:00.358771: Pseudo dice [np.float32(0.7817)]
2026-06-12 14:17:00.358940: Epoch time: 53.23 s
2026-06-12 14:17:02.137720: 
2026-06-12 14:17:02.138197: Epoch 210
2026-06-12 14:17:02.138535: Current learning rate: 0.00192
2026-06-12 14:17:55.453851: train_loss -0.6897
2026-06-12 14:17:55.454494: val_loss -0.4911
2026-06-12 14:17:55.454645: Pseudo dice [np.float32(0.8052)]
2026-06-12 14:17:55.454826: Epoch time: 53.32 s
2026-06-12 14:17:57.231197: 
2026-06-12 14:17:57.231606: Epoch 211
2026-06-12 14:17:57.231888: Current learning rate: 0.00188
2026-06-12 14:18:50.404736: train_loss -0.7041
2026-06-12 14:18:50.405283: val_loss -0.3868
2026-06-12 14:18:50.405425: Pseudo dice [np.float32(0.7839)]
2026-06-12 14:18:50.405588: Epoch time: 53.18 s
2026-06-12 14:18:52.161478: 
2026-06-12 14:18:52.161962: Epoch 212
2026-06-12 14:18:52.162137: Current learning rate: 0.00184
2026-06-12 14:19:45.377094: train_loss -0.709
2026-06-12 14:19:45.377530: val_loss -0.4604
2026-06-12 14:19:45.377683: Pseudo dice [np.float32(0.7944)]
2026-06-12 14:19:45.377939: Epoch time: 53.22 s
2026-06-12 14:19:47.142997: 
2026-06-12 14:19:47.143584: Epoch 213
2026-06-12 14:19:47.143893: Current learning rate: 0.00179
2026-06-12 14:20:40.259921: train_loss -0.703
2026-06-12 14:20:40.260406: val_loss -0.4275
2026-06-12 14:20:40.261220: Pseudo dice [np.float32(0.7866)]
2026-06-12 14:20:40.261406: Epoch time: 53.12 s
2026-06-12 14:20:41.995587: 
2026-06-12 14:20:41.996062: Epoch 214
2026-06-12 14:20:41.996219: Current learning rate: 0.00175
2026-06-12 14:21:35.118584: train_loss -0.699
2026-06-12 14:21:35.119034: val_loss -0.4055
2026-06-12 14:21:35.119187: Pseudo dice [np.float32(0.7832)]
2026-06-12 14:21:35.119353: Epoch time: 53.13 s
2026-06-12 14:21:36.856477: 
2026-06-12 14:21:36.856927: Epoch 215
2026-06-12 14:21:36.857229: Current learning rate: 0.0017
2026-06-12 14:22:29.983596: train_loss -0.7009
2026-06-12 14:22:29.984296: val_loss -0.4257
2026-06-12 14:22:29.984452: Pseudo dice [np.float32(0.7845)]
2026-06-12 14:22:29.984622: Epoch time: 53.13 s
2026-06-12 14:22:32.098914: 
2026-06-12 14:22:32.099401: Epoch 216
2026-06-12 14:22:32.099610: Current learning rate: 0.00166
2026-06-12 14:23:25.284342: train_loss -0.7094
2026-06-12 14:23:25.285010: val_loss -0.4416
2026-06-12 14:23:25.285171: Pseudo dice [np.float32(0.797)]
2026-06-12 14:23:25.285344: Epoch time: 53.19 s
2026-06-12 14:23:27.020550: 
2026-06-12 14:23:27.020934: Epoch 217
2026-06-12 14:23:27.021100: Current learning rate: 0.00162
2026-06-12 14:24:20.304687: train_loss -0.6913
2026-06-12 14:24:20.305135: val_loss -0.4375
2026-06-12 14:24:20.305285: Pseudo dice [np.float32(0.788)]
2026-06-12 14:24:20.305452: Epoch time: 53.29 s
2026-06-12 14:24:22.043562: 
2026-06-12 14:24:22.043985: Epoch 218
2026-06-12 14:24:22.044265: Current learning rate: 0.00157
2026-06-12 14:25:15.267262: train_loss -0.6969
2026-06-12 14:25:15.267789: val_loss -0.4593
2026-06-12 14:25:15.267956: Pseudo dice [np.float32(0.8017)]
2026-06-12 14:25:15.268126: Epoch time: 53.23 s
2026-06-12 14:25:17.010490: 
2026-06-12 14:25:17.010962: Epoch 219
2026-06-12 14:25:17.011229: Current learning rate: 0.00153
2026-06-12 14:26:10.192352: train_loss -0.7003
2026-06-12 14:26:10.192793: val_loss -0.4027
2026-06-12 14:26:10.192943: Pseudo dice [np.float32(0.7841)]
2026-06-12 14:26:10.193109: Epoch time: 53.19 s
2026-06-12 14:26:11.937582: 
2026-06-12 14:26:11.938087: Epoch 220
2026-06-12 14:26:11.938279: Current learning rate: 0.00148
2026-06-12 14:27:05.149836: train_loss -0.7126
2026-06-12 14:27:05.150293: val_loss -0.4259
2026-06-12 14:27:05.150449: Pseudo dice [np.float32(0.788)]
2026-06-12 14:27:05.150617: Epoch time: 53.22 s
2026-06-12 14:27:06.883621: 
2026-06-12 14:27:06.884080: Epoch 221
2026-06-12 14:27:06.884254: Current learning rate: 0.00144
2026-06-12 14:28:00.042436: train_loss -0.705
2026-06-12 14:28:00.043013: val_loss -0.4518
2026-06-12 14:28:00.043177: Pseudo dice [np.float32(0.7998)]
2026-06-12 14:28:00.043350: Epoch time: 53.16 s
2026-06-12 14:28:01.783129: 
2026-06-12 14:28:01.783494: Epoch 222
2026-06-12 14:28:01.783696: Current learning rate: 0.00139
2026-06-12 14:28:55.072997: train_loss -0.7042
2026-06-12 14:28:55.073427: val_loss -0.4307
2026-06-12 14:28:55.073579: Pseudo dice [np.float32(0.7932)]
2026-06-12 14:28:55.073746: Epoch time: 53.29 s
2026-06-12 14:28:56.804959: 
2026-06-12 14:28:56.805461: Epoch 223
2026-06-12 14:28:56.805630: Current learning rate: 0.00135
2026-06-12 14:29:50.123155: train_loss -0.7093
2026-06-12 14:29:50.123642: val_loss -0.4566
2026-06-12 14:29:50.123827: Pseudo dice [np.float32(0.7978)]
2026-06-12 14:29:50.123993: Epoch time: 53.32 s
2026-06-12 14:29:51.860151: 
2026-06-12 14:29:51.860494: Epoch 224
2026-06-12 14:29:51.860657: Current learning rate: 0.0013
2026-06-12 14:30:45.086356: train_loss -0.704
2026-06-12 14:30:45.086809: val_loss -0.4399
2026-06-12 14:30:45.086960: Pseudo dice [np.float32(0.7918)]
2026-06-12 14:30:45.087132: Epoch time: 53.23 s
2026-06-12 14:30:46.821409: 
2026-06-12 14:30:46.821822: Epoch 225
2026-06-12 14:30:46.821994: Current learning rate: 0.00126
2026-06-12 14:31:40.052626: train_loss -0.7131
2026-06-12 14:31:40.053097: val_loss -0.3705
2026-06-12 14:31:40.053255: Pseudo dice [np.float32(0.7804)]
2026-06-12 14:31:40.053425: Epoch time: 53.23 s
2026-06-12 14:31:42.162773: 
2026-06-12 14:31:42.163264: Epoch 226
2026-06-12 14:31:42.163534: Current learning rate: 0.00121
2026-06-12 14:32:35.346949: train_loss -0.7068
2026-06-12 14:32:35.347461: val_loss -0.459
2026-06-12 14:32:35.347629: Pseudo dice [np.float32(0.7976)]
2026-06-12 14:32:35.347808: Epoch time: 53.19 s
2026-06-12 14:32:37.097116: 
2026-06-12 14:32:37.097641: Epoch 227
2026-06-12 14:32:37.098000: Current learning rate: 0.00117
2026-06-12 14:33:30.261420: train_loss -0.7051
2026-06-12 14:33:30.262182: val_loss -0.4085
2026-06-12 14:33:30.262334: Pseudo dice [np.float32(0.7876)]
2026-06-12 14:33:30.262506: Epoch time: 53.17 s
2026-06-12 14:33:32.018430: 
2026-06-12 14:33:32.018924: Epoch 228
2026-06-12 14:33:32.019314: Current learning rate: 0.00112
2026-06-12 14:34:25.228165: train_loss -0.7048
2026-06-12 14:34:25.228623: val_loss -0.4654
2026-06-12 14:34:25.228777: Pseudo dice [np.float32(0.796)]
2026-06-12 14:34:25.228943: Epoch time: 53.21 s
2026-06-12 14:34:26.981210: 
2026-06-12 14:34:26.981748: Epoch 229
2026-06-12 14:34:26.981960: Current learning rate: 0.00108
2026-06-12 14:35:20.213691: train_loss -0.7055
2026-06-12 14:35:20.214162: val_loss -0.4139
2026-06-12 14:35:20.214310: Pseudo dice [np.float32(0.7835)]
2026-06-12 14:35:20.214476: Epoch time: 53.24 s
2026-06-12 14:35:21.959095: 
2026-06-12 14:35:21.959556: Epoch 230
2026-06-12 14:35:21.959873: Current learning rate: 0.00103
2026-06-12 14:36:15.180414: train_loss -0.7133
2026-06-12 14:36:15.180893: val_loss -0.4001
2026-06-12 14:36:15.181045: Pseudo dice [np.float32(0.7808)]
2026-06-12 14:36:15.181237: Epoch time: 53.22 s
2026-06-12 14:36:16.919673: 
2026-06-12 14:36:16.920136: Epoch 231
2026-06-12 14:36:16.920352: Current learning rate: 0.00098
2026-06-12 14:37:10.092751: train_loss -0.706
2026-06-12 14:37:10.093207: val_loss -0.4366
2026-06-12 14:37:10.093353: Pseudo dice [np.float32(0.7915)]
2026-06-12 14:37:10.093516: Epoch time: 53.18 s
2026-06-12 14:37:11.836380: 
2026-06-12 14:37:11.836810: Epoch 232
2026-06-12 14:37:11.837134: Current learning rate: 0.00094
2026-06-12 14:38:05.073476: train_loss -0.7103
2026-06-12 14:38:05.073855: val_loss -0.4726
2026-06-12 14:38:05.074002: Pseudo dice [np.float32(0.7971)]
2026-06-12 14:38:05.074161: Epoch time: 53.24 s
2026-06-12 14:38:06.812542: 
2026-06-12 14:38:06.812910: Epoch 233
2026-06-12 14:38:06.813091: Current learning rate: 0.00089
2026-06-12 14:38:59.980196: train_loss -0.7167
2026-06-12 14:38:59.980702: val_loss -0.4458
2026-06-12 14:38:59.980859: Pseudo dice [np.float32(0.7899)]
2026-06-12 14:38:59.981025: Epoch time: 53.17 s
2026-06-12 14:39:01.724936: 
2026-06-12 14:39:01.725391: Epoch 234
2026-06-12 14:39:01.725565: Current learning rate: 0.00084
2026-06-12 14:39:54.951998: train_loss -0.7083
2026-06-12 14:39:54.952573: val_loss -0.4616
2026-06-12 14:39:54.952763: Pseudo dice [np.float32(0.7976)]
2026-06-12 14:39:54.952934: Epoch time: 53.23 s
2026-06-12 14:39:57.059941: 
2026-06-12 14:39:57.060448: Epoch 235
2026-06-12 14:39:57.060680: Current learning rate: 0.00079
2026-06-12 14:40:50.189056: train_loss -0.7124
2026-06-12 14:40:50.189522: val_loss -0.4764
2026-06-12 14:40:50.189670: Pseudo dice [np.float32(0.8008)]
2026-06-12 14:40:50.189843: Epoch time: 53.13 s
2026-06-12 14:40:51.924589: 
2026-06-12 14:40:51.925177: Epoch 236
2026-06-12 14:40:51.925472: Current learning rate: 0.00075
2026-06-12 14:41:45.242361: train_loss -0.7245
2026-06-12 14:41:45.242942: val_loss -0.4356
2026-06-12 14:41:45.243096: Pseudo dice [np.float32(0.7917)]
2026-06-12 14:41:45.243272: Epoch time: 53.32 s
2026-06-12 14:41:46.988405: 
2026-06-12 14:41:46.988911: Epoch 237
2026-06-12 14:41:46.989192: Current learning rate: 0.0007
2026-06-12 14:42:40.268086: train_loss -0.7114
2026-06-12 14:42:40.268495: val_loss -0.413
2026-06-12 14:42:40.268637: Pseudo dice [np.float32(0.7856)]
2026-06-12 14:42:40.268814: Epoch time: 53.28 s
2026-06-12 14:42:42.007508: 
2026-06-12 14:42:42.007977: Epoch 238
2026-06-12 14:42:42.008257: Current learning rate: 0.00065
2026-06-12 14:43:35.297360: train_loss -0.7068
2026-06-12 14:43:35.297971: val_loss -0.4544
2026-06-12 14:43:35.298176: Pseudo dice [np.float32(0.7977)]
2026-06-12 14:43:35.299002: Epoch time: 53.29 s
2026-06-12 14:43:37.041609: 
2026-06-12 14:43:37.041933: Epoch 239
2026-06-12 14:43:37.042100: Current learning rate: 0.0006
2026-06-12 14:44:30.702974: train_loss -0.7167
2026-06-12 14:44:30.703417: val_loss -0.4542
2026-06-12 14:44:30.703571: Pseudo dice [np.float32(0.8009)]
2026-06-12 14:44:30.703733: Epoch time: 53.66 s
2026-06-12 14:44:32.458963: 
2026-06-12 14:44:32.459438: Epoch 240
2026-06-12 14:44:32.459732: Current learning rate: 0.00055
2026-06-12 14:45:26.315152: train_loss -0.7182
2026-06-12 14:45:26.315721: val_loss -0.4325
2026-06-12 14:45:26.315922: Pseudo dice [np.float32(0.7932)]
2026-06-12 14:45:26.316100: Epoch time: 53.86 s
2026-06-12 14:45:28.078175: 
2026-06-12 14:45:28.078815: Epoch 241
2026-06-12 14:45:28.079037: Current learning rate: 0.0005
2026-06-12 14:46:21.929686: train_loss -0.7222
2026-06-12 14:46:21.930100: val_loss -0.4312
2026-06-12 14:46:21.930242: Pseudo dice [np.float32(0.7922)]
2026-06-12 14:46:21.930410: Epoch time: 53.86 s
2026-06-12 14:46:23.696920: 
2026-06-12 14:46:23.697375: Epoch 242
2026-06-12 14:46:23.697642: Current learning rate: 0.00045
2026-06-12 14:47:17.424681: train_loss -0.7171
2026-06-12 14:47:17.425187: val_loss -0.4295
2026-06-12 14:47:17.425335: Pseudo dice [np.float32(0.794)]
2026-06-12 14:47:17.425501: Epoch time: 53.73 s
2026-06-12 14:47:19.187031: 
2026-06-12 14:47:19.187441: Epoch 243
2026-06-12 14:47:19.187726: Current learning rate: 0.0004
2026-06-12 14:48:13.004285: train_loss -0.7125
2026-06-12 14:48:13.004829: val_loss -0.4246
2026-06-12 14:48:13.004997: Pseudo dice [np.float32(0.7915)]
2026-06-12 14:48:13.005186: Epoch time: 53.82 s
2026-06-12 14:48:15.157598: 
2026-06-12 14:48:15.158058: Epoch 244
2026-06-12 14:48:15.158250: Current learning rate: 0.00035
2026-06-12 14:49:08.796822: train_loss -0.7183
2026-06-12 14:49:08.797437: val_loss -0.421
2026-06-12 14:49:08.797601: Pseudo dice [np.float32(0.7913)]
2026-06-12 14:49:08.797789: Epoch time: 53.64 s
2026-06-12 14:49:10.562747: 
2026-06-12 14:49:10.563338: Epoch 245
2026-06-12 14:49:10.563624: Current learning rate: 0.0003
2026-06-12 14:50:04.478307: train_loss -0.7161
2026-06-12 14:50:04.478770: val_loss -0.4627
2026-06-12 14:50:04.478936: Pseudo dice [np.float32(0.7993)]
2026-06-12 14:50:04.479113: Epoch time: 53.92 s
2026-06-12 14:50:06.247128: 
2026-06-12 14:50:06.247584: Epoch 246
2026-06-12 14:50:06.247849: Current learning rate: 0.00024
2026-06-12 14:51:00.257851: train_loss -0.7204
2026-06-12 14:51:00.261600: val_loss -0.3942
2026-06-12 14:51:00.261777: Pseudo dice [np.float32(0.7836)]
2026-06-12 14:51:00.261954: Epoch time: 54.01 s
2026-06-12 14:51:02.032386: 
2026-06-12 14:51:02.032879: Epoch 247
2026-06-12 14:51:02.033052: Current learning rate: 0.00019
2026-06-12 14:51:55.774089: train_loss -0.7177
2026-06-12 14:51:55.774859: val_loss -0.4653
2026-06-12 14:51:55.775024: Pseudo dice [np.float32(0.7943)]
2026-06-12 14:51:55.775211: Epoch time: 53.74 s
2026-06-12 14:51:57.548870: 
2026-06-12 14:51:57.549367: Epoch 248
2026-06-12 14:51:57.549669: Current learning rate: 0.00013
2026-06-12 14:52:51.964117: train_loss -0.7133
2026-06-12 14:52:51.964555: val_loss -0.4176
2026-06-12 14:52:51.964699: Pseudo dice [np.float32(0.7774)]
2026-06-12 14:52:51.964879: Epoch time: 54.42 s
2026-06-12 14:52:53.733818: 
2026-06-12 14:52:53.734262: Epoch 249
2026-06-12 14:52:53.734453: Current learning rate: 7e-05
2026-06-12 14:53:47.829804: train_loss -0.7144
2026-06-12 14:53:47.830288: val_loss -0.4095
2026-06-12 14:53:47.830440: Pseudo dice [np.float32(0.7893)]
2026-06-12 14:53:47.830618: Epoch time: 54.1 s
2026-06-12 14:53:50.307448: Training done.
2026-06-12 14:53:50.464301: Using splits from existing split file: /gpfs/data/ravenlab/micmac/nnUNet_preprocessed/Dataset001_BinaryTask/splits_final.json
2026-06-12 14:53:50.464742: The split file contains 5 splits.
2026-06-12 14:53:50.464863: Desired fold for training: 0
2026-06-12 14:53:50.464963: This split has 8 training and 2 validation cases.
2026-06-12 14:53:50.465163: predicting 41759_G_070_slice_1_1
2026-06-12 14:53:51.078960: 41759_G_070_slice_1_1, shape torch.Size([1, 1, 10000, 10000]), rank 0
2026-06-12 14:54:31.574258: predicting 41759_G_140_slice_0_0
2026-06-12 14:54:31.626017: 41759_G_140_slice_0_0, shape torch.Size([1, 1, 1658, 6027]), rank 0
2026-06-12 14:54:50.823606: Validation complete
2026-06-12 14:54:50.823850: Mean Validation Dice:  0.7984454546851005
