Launching parallel training for 2D config, Fold 4 using 250-epoch trainer preset...

############################
INFO: You are using the old nnU-Net default plans. We have updated our recommendations. Please consider using those instead! Read more here: https://github.com/MIC-DKFZ/nnUNet/blob/master/documentation/resenc_presets.md
############################

Using device: cuda:0

#######################################################################
Please cite the following paper when using nnU-Net:
Isensee, F., Jaeger, P. F., Kohl, S. A., Petersen, J., & Maier-Hein, K. H. (2021). nnU-Net: a self-configuring method for deep learning-based biomedical image segmentation. Nature methods, 18(2), 203-211.
#######################################################################

2026-06-12 11:02:23.456634: do_dummy_2d_data_aug: False
2026-06-12 11:02:23.457445: Using splits from existing split file: /gpfs/data/ravenlab/micmac/nnUNet_preprocessed/Dataset001_BinaryTask/splits_final.json
2026-06-12 11:02:23.457766: The split file contains 5 splits.
2026-06-12 11:02:23.457861: Desired fold for training: 4
2026-06-12 11:02:23.457952: This split has 8 training and 2 validation cases.
using pin_memory on device 0
using pin_memory on device 0

This is the configuration used by this training:
Configuration name: 2d
 {'data_identifier': 'nnUNetPlans_2d', 'preprocessor_name': 'DefaultPreprocessor', 'batch_size': 2, 'patch_size': [1024, 1536], 'median_image_size_in_voxels': [5082.0, 7637.0], 'spacing': [1.0, 1.0], 'normalization_schemes': ['ZScoreNormalization'], 'use_mask_for_norm': [True], 'resampling_fn_data': 'resample_data_or_seg_to_shape', 'resampling_fn_seg': 'resample_data_or_seg_to_shape', 'resampling_fn_data_kwargs': {'is_seg': False, 'order': 3, 'order_z': 0, 'force_separate_z': None}, 'resampling_fn_seg_kwargs': {'is_seg': True, 'order': 1, 'order_z': 0, 'force_separate_z': None}, 'resampling_fn_probabilities': 'resample_data_or_seg_to_shape', 'resampling_fn_probabilities_kwargs': {'is_seg': False, 'order': 1, 'order_z': 0, 'force_separate_z': None}, 'architecture': {'network_class_name': 'dynamic_network_architectures.architectures.unet.PlainConvUNet', 'arch_kwargs': {'n_stages': 9, 'features_per_stage': [32, 64, 128, 256, 512, 512, 512, 512, 512], 'conv_op': 'torch.nn.modules.conv.Conv2d', 'kernel_sizes': [[3, 3], [3, 3], [3, 3], [3, 3], [3, 3], [3, 3], [3, 3], [3, 3], [3, 3]], 'strides': [[1, 1], [2, 2], [2, 2], [2, 2], [2, 2], [2, 2], [2, 2], [2, 2], [2, 2]], 'n_conv_per_stage': [2, 2, 2, 2, 2, 2, 2, 2, 2], 'n_conv_per_stage_decoder': [2, 2, 2, 2, 2, 2, 2, 2], 'conv_bias': True, 'norm_op': 'torch.nn.modules.instancenorm.InstanceNorm2d', 'norm_op_kwargs': {'eps': 1e-05, 'affine': True}, 'dropout_op': None, 'dropout_op_kwargs': None, 'nonlin': 'torch.nn.LeakyReLU', 'nonlin_kwargs': {'inplace': True}}, '_kw_requires_import': ['conv_op', 'norm_op', 'dropout_op', 'nonlin']}, 'batch_dice': True} 

These are the global plan.json settings:
 {'dataset_name': 'Dataset001_BinaryTask', 'plans_name': 'nnUNetPlans', 'original_median_spacing_after_transp': [999.0, 1.0, 1.0], 'original_median_shape_after_transp': [1, 5082, 7637], 'image_reader_writer': 'NaturalImage2DIO', 'transpose_forward': [0, 1, 2], 'transpose_backward': [0, 1, 2], 'experiment_planner_used': 'ExperimentPlanner', 'label_manager': 'LabelManager', 'foreground_intensity_properties_per_channel': {'0': {'max': 252.0, 'mean': 125.24241638183594, 'median': 123.0, 'min': 0.0, 'percentile_00_5': 48.0, 'percentile_99_5': 214.0, 'std': 34.663818359375}}} 

2026-06-12 11:02:27.995509: Unable to plot network architecture:
2026-06-12 11:02:27.995733: No module named 'hiddenlayer'
2026-06-12 11:02:28.151871: 
2026-06-12 11:02:28.152187: Epoch 0
2026-06-12 11:02:28.152655: Current learning rate: 0.01
2026-06-12 11:04:44.279103: train_loss -0.1994
2026-06-12 11:04:44.279705: val_loss -0.3365
2026-06-12 11:04:44.279853: Pseudo dice [np.float32(0.758)]
2026-06-12 11:04:44.280098: Epoch time: 136.13 s
2026-06-12 11:04:44.280242: Yayy! New best EMA pseudo Dice: 0.7580000162124634
2026-06-12 11:04:46.791018: 
2026-06-12 11:04:46.791660: Epoch 1
2026-06-12 11:04:46.792019: Current learning rate: 0.00996
2026-06-12 11:05:40.474300: train_loss -0.3747
2026-06-12 11:05:40.474838: val_loss -0.4537
2026-06-12 11:05:40.474991: Pseudo dice [np.float32(0.8001)]
2026-06-12 11:05:40.475153: Epoch time: 53.69 s
2026-06-12 11:05:40.477622: Yayy! New best EMA pseudo Dice: 0.7621999979019165
2026-06-12 11:05:42.751178: 
2026-06-12 11:05:42.751649: Epoch 2
2026-06-12 11:05:42.751841: Current learning rate: 0.00993
2026-06-12 11:06:36.106533: train_loss -0.4329
2026-06-12 11:06:36.107105: val_loss -0.4213
2026-06-12 11:06:36.107248: Pseudo dice [np.float32(0.7725)]
2026-06-12 11:06:36.107415: Epoch time: 53.36 s
2026-06-12 11:06:36.107563: Yayy! New best EMA pseudo Dice: 0.7633000016212463
2026-06-12 11:06:38.477555: 
2026-06-12 11:06:38.477965: Epoch 3
2026-06-12 11:06:38.478158: Current learning rate: 0.00989
2026-06-12 11:07:31.615142: train_loss -0.4687
2026-06-12 11:07:31.615703: val_loss -0.4401
2026-06-12 11:07:31.615856: Pseudo dice [np.float32(0.7721)]
2026-06-12 11:07:31.616026: Epoch time: 53.14 s
2026-06-12 11:07:31.616161: Yayy! New best EMA pseudo Dice: 0.7641000151634216
2026-06-12 11:07:33.937750: 
2026-06-12 11:07:33.938194: Epoch 4
2026-06-12 11:07:33.938469: Current learning rate: 0.00986
2026-06-12 11:08:27.281724: train_loss -0.4859
2026-06-12 11:08:27.282340: val_loss -0.4729
2026-06-12 11:08:27.282487: Pseudo dice [np.float32(0.7879)]
2026-06-12 11:08:27.282673: Epoch time: 53.35 s
2026-06-12 11:08:27.282817: Yayy! New best EMA pseudo Dice: 0.7664999961853027
2026-06-12 11:08:29.516062: 
2026-06-12 11:08:29.516469: Epoch 5
2026-06-12 11:08:29.516656: Current learning rate: 0.00982
2026-06-12 11:09:22.842906: train_loss -0.4945
2026-06-12 11:09:22.843519: val_loss -0.3493
2026-06-12 11:09:22.843679: Pseudo dice [np.float32(0.7432)]
2026-06-12 11:09:22.843852: Epoch time: 53.33 s
2026-06-12 11:09:24.575742: 
2026-06-12 11:09:24.576139: Epoch 6
2026-06-12 11:09:24.576326: Current learning rate: 0.00978
2026-06-12 11:10:17.879870: train_loss -0.4838
2026-06-12 11:10:17.880385: val_loss -0.3464
2026-06-12 11:10:17.880549: Pseudo dice [np.float32(0.7605)]
2026-06-12 11:10:17.880723: Epoch time: 53.31 s
2026-06-12 11:10:19.604548: 
2026-06-12 11:10:19.605036: Epoch 7
2026-06-12 11:10:19.605352: Current learning rate: 0.00975
2026-06-12 11:11:13.117743: train_loss -0.4884
2026-06-12 11:11:13.118472: val_loss -0.4183
2026-06-12 11:11:13.118676: Pseudo dice [np.float32(0.7609)]
2026-06-12 11:11:13.118872: Epoch time: 53.52 s
2026-06-12 11:11:14.869539: 
2026-06-12 11:11:14.870000: Epoch 8
2026-06-12 11:11:14.870183: Current learning rate: 0.00971
2026-06-12 11:12:08.020631: train_loss -0.5188
2026-06-12 11:12:08.021232: val_loss -0.4724
2026-06-12 11:12:08.021383: Pseudo dice [np.float32(0.7823)]
2026-06-12 11:12:08.021567: Epoch time: 53.15 s
2026-06-12 11:12:10.151254: 
2026-06-12 11:12:10.151705: Epoch 9
2026-06-12 11:12:10.151915: Current learning rate: 0.00968
2026-06-12 11:13:03.514931: train_loss -0.4927
2026-06-12 11:13:03.515418: val_loss -0.5061
2026-06-12 11:13:03.515574: Pseudo dice [np.float32(0.8114)]
2026-06-12 11:13:03.515746: Epoch time: 53.37 s
2026-06-12 11:13:03.515875: Yayy! New best EMA pseudo Dice: 0.7699999809265137
2026-06-12 11:13:05.807136: 
2026-06-12 11:13:05.807684: Epoch 10
2026-06-12 11:13:05.807996: Current learning rate: 0.00964
2026-06-12 11:13:58.997751: train_loss -0.5094
2026-06-12 11:13:58.998428: val_loss -0.4147
2026-06-12 11:13:58.998589: Pseudo dice [np.float32(0.7652)]
2026-06-12 11:13:58.998764: Epoch time: 53.19 s
2026-06-12 11:14:00.750243: 
2026-06-12 11:14:00.750664: Epoch 11
2026-06-12 11:14:00.750918: Current learning rate: 0.0096
2026-06-12 11:14:53.873089: train_loss -0.5183
2026-06-12 11:14:53.873818: val_loss -0.4299
2026-06-12 11:14:53.873972: Pseudo dice [np.float32(0.7623)]
2026-06-12 11:14:53.874142: Epoch time: 53.13 s
2026-06-12 11:14:55.634559: 
2026-06-12 11:14:55.635015: Epoch 12
2026-06-12 11:14:55.635205: Current learning rate: 0.00957
2026-06-12 11:15:48.823897: train_loss -0.515
2026-06-12 11:15:48.824454: val_loss -0.484
2026-06-12 11:15:48.824613: Pseudo dice [np.float32(0.7925)]
2026-06-12 11:15:48.824783: Epoch time: 53.19 s
2026-06-12 11:15:48.824916: Yayy! New best EMA pseudo Dice: 0.7712000012397766
2026-06-12 11:15:51.044455: 
2026-06-12 11:15:51.045034: Epoch 13
2026-06-12 11:15:51.045347: Current learning rate: 0.00953
2026-06-12 11:16:44.179005: train_loss -0.5158
2026-06-12 11:16:44.179498: val_loss -0.4581
2026-06-12 11:16:44.179657: Pseudo dice [np.float32(0.7781)]
2026-06-12 11:16:44.179833: Epoch time: 53.14 s
2026-06-12 11:16:44.179968: Yayy! New best EMA pseudo Dice: 0.7718999981880188
2026-06-12 11:16:47.505353: 
2026-06-12 11:16:47.505913: Epoch 14
2026-06-12 11:16:47.506231: Current learning rate: 0.00949
2026-06-12 11:17:40.677342: train_loss -0.5286
2026-06-12 11:17:40.677870: val_loss -0.4711
2026-06-12 11:17:40.678019: Pseudo dice [np.float32(0.7908)]
2026-06-12 11:17:40.678189: Epoch time: 53.18 s
2026-06-12 11:17:40.678324: Yayy! New best EMA pseudo Dice: 0.7738000154495239
2026-06-12 11:17:42.945984: 
2026-06-12 11:17:42.946442: Epoch 15
2026-06-12 11:17:42.946813: Current learning rate: 0.00946
2026-06-12 11:18:36.085083: train_loss -0.5471
2026-06-12 11:18:36.086003: val_loss -0.3857
2026-06-12 11:18:36.086165: Pseudo dice [np.float32(0.7661)]
2026-06-12 11:18:36.086337: Epoch time: 53.14 s
2026-06-12 11:18:37.865322: 
2026-06-12 11:18:37.865741: Epoch 16
2026-06-12 11:18:37.865914: Current learning rate: 0.00942
2026-06-12 11:19:30.914422: train_loss -0.5139
2026-06-12 11:19:30.914959: val_loss -0.4665
2026-06-12 11:19:30.915126: Pseudo dice [np.float32(0.7949)]
2026-06-12 11:19:30.915296: Epoch time: 53.05 s
2026-06-12 11:19:30.915444: Yayy! New best EMA pseudo Dice: 0.7752000093460083
2026-06-12 11:19:33.622658: 
2026-06-12 11:19:33.623260: Epoch 17
2026-06-12 11:19:33.623579: Current learning rate: 0.00939
2026-06-12 11:20:26.896547: train_loss -0.5305
2026-06-12 11:20:26.897252: val_loss -0.4333
2026-06-12 11:20:26.897401: Pseudo dice [np.float32(0.7756)]
2026-06-12 11:20:26.897578: Epoch time: 53.28 s
2026-06-12 11:20:26.897712: Yayy! New best EMA pseudo Dice: 0.7752000093460083
2026-06-12 11:20:29.164211: 
2026-06-12 11:20:29.164705: Epoch 18
2026-06-12 11:20:29.164890: Current learning rate: 0.00935
2026-06-12 11:21:22.420585: train_loss -0.5467
2026-06-12 11:21:22.421144: val_loss -0.3974
2026-06-12 11:21:22.421300: Pseudo dice [np.float32(0.7656)]
2026-06-12 11:21:22.421474: Epoch time: 53.26 s
2026-06-12 11:21:24.220273: 
2026-06-12 11:21:24.220632: Epoch 19
2026-06-12 11:21:24.220835: Current learning rate: 0.00931
2026-06-12 11:22:17.363633: train_loss -0.5322
2026-06-12 11:22:17.364183: val_loss -0.4596
2026-06-12 11:22:17.364335: Pseudo dice [np.float32(0.7633)]
2026-06-12 11:22:17.364509: Epoch time: 53.15 s
2026-06-12 11:22:19.168012: 
2026-06-12 11:22:19.168551: Epoch 20
2026-06-12 11:22:19.168848: Current learning rate: 0.00928
2026-06-12 11:23:12.616446: train_loss -0.5393
2026-06-12 11:23:12.617057: val_loss -0.4412
2026-06-12 11:23:12.617210: Pseudo dice [np.float32(0.767)]
2026-06-12 11:23:12.617385: Epoch time: 53.45 s
2026-06-12 11:23:14.427676: 
2026-06-12 11:23:14.428142: Epoch 21
2026-06-12 11:23:14.428331: Current learning rate: 0.00924
2026-06-12 11:24:07.578657: train_loss -0.5296
2026-06-12 11:24:07.579257: val_loss -0.4556
2026-06-12 11:24:07.579407: Pseudo dice [np.float32(0.7823)]
2026-06-12 11:24:07.579583: Epoch time: 53.15 s
2026-06-12 11:24:09.332483: 
2026-06-12 11:24:09.333067: Epoch 22
2026-06-12 11:24:09.333377: Current learning rate: 0.0092
2026-06-12 11:25:02.677445: train_loss -0.5409
2026-06-12 11:25:02.678042: val_loss -0.4429
2026-06-12 11:25:02.678195: Pseudo dice [np.float32(0.7745)]
2026-06-12 11:25:02.678364: Epoch time: 53.35 s
2026-06-12 11:25:04.444005: 
2026-06-12 11:25:04.444514: Epoch 23
2026-06-12 11:25:04.444719: Current learning rate: 0.00917
2026-06-12 11:25:57.531105: train_loss -0.5312
2026-06-12 11:25:57.531770: val_loss -0.4542
2026-06-12 11:25:57.531934: Pseudo dice [np.float32(0.7673)]
2026-06-12 11:25:57.532109: Epoch time: 53.09 s
2026-06-12 11:25:59.299703: 
2026-06-12 11:25:59.300106: Epoch 24
2026-06-12 11:25:59.300439: Current learning rate: 0.00913
2026-06-12 11:26:52.589822: train_loss -0.5562
2026-06-12 11:26:52.590353: val_loss -0.5014
2026-06-12 11:26:52.590503: Pseudo dice [np.float32(0.7945)]
2026-06-12 11:26:52.590681: Epoch time: 53.29 s
2026-06-12 11:26:54.328222: 
2026-06-12 11:26:54.328600: Epoch 25
2026-06-12 11:26:54.328828: Current learning rate: 0.0091
2026-06-12 11:27:47.461561: train_loss -0.5442
2026-06-12 11:27:47.462707: val_loss -0.5131
2026-06-12 11:27:47.462861: Pseudo dice [np.float32(0.8078)]
2026-06-12 11:27:47.463033: Epoch time: 53.14 s
2026-06-12 11:27:47.463175: Yayy! New best EMA pseudo Dice: 0.7784000039100647
2026-06-12 11:27:50.234138: 
2026-06-12 11:27:50.234657: Epoch 26
2026-06-12 11:27:50.234957: Current learning rate: 0.00906
2026-06-12 11:28:43.318872: train_loss -0.556
2026-06-12 11:28:43.319381: val_loss -0.4957
2026-06-12 11:28:43.319537: Pseudo dice [np.float32(0.7885)]
2026-06-12 11:28:43.319714: Epoch time: 53.09 s
2026-06-12 11:28:43.319845: Yayy! New best EMA pseudo Dice: 0.7793999910354614
2026-06-12 11:28:45.592434: 
2026-06-12 11:28:45.592997: Epoch 27
2026-06-12 11:28:45.593186: Current learning rate: 0.00902
2026-06-12 11:29:38.892012: train_loss -0.5745
2026-06-12 11:29:38.892783: val_loss -0.4642
2026-06-12 11:29:38.892939: Pseudo dice [np.float32(0.7947)]
2026-06-12 11:29:38.893110: Epoch time: 53.3 s
2026-06-12 11:29:38.893243: Yayy! New best EMA pseudo Dice: 0.7809000015258789
2026-06-12 11:29:41.161883: 
2026-06-12 11:29:41.162454: Epoch 28
2026-06-12 11:29:41.162691: Current learning rate: 0.00899
2026-06-12 11:30:34.426645: train_loss -0.5569
2026-06-12 11:30:34.427227: val_loss -0.5296
2026-06-12 11:30:34.427377: Pseudo dice [np.float32(0.811)]
2026-06-12 11:30:34.427561: Epoch time: 53.27 s
2026-06-12 11:30:34.427695: Yayy! New best EMA pseudo Dice: 0.7839999794960022
2026-06-12 11:30:36.682283: 
2026-06-12 11:30:36.682706: Epoch 29
2026-06-12 11:30:36.682891: Current learning rate: 0.00895
2026-06-12 11:31:29.952612: train_loss -0.5458
2026-06-12 11:31:29.953146: val_loss -0.4734
2026-06-12 11:31:29.953299: Pseudo dice [np.float32(0.7813)]
2026-06-12 11:31:29.953468: Epoch time: 53.27 s
2026-06-12 11:31:31.768145: 
2026-06-12 11:31:31.768700: Epoch 30
2026-06-12 11:31:31.768946: Current learning rate: 0.00891
2026-06-12 11:32:24.961356: train_loss -0.5716
2026-06-12 11:32:24.962067: val_loss -0.4908
2026-06-12 11:32:24.962220: Pseudo dice [np.float32(0.8034)]
2026-06-12 11:32:24.962396: Epoch time: 53.2 s
2026-06-12 11:32:24.962539: Yayy! New best EMA pseudo Dice: 0.7857000231742859
2026-06-12 11:32:27.225846: 
2026-06-12 11:32:27.226215: Epoch 31
2026-06-12 11:32:27.226500: Current learning rate: 0.00888
2026-06-12 11:33:20.360925: train_loss -0.5731
2026-06-12 11:33:20.361561: val_loss -0.5164
2026-06-12 11:33:20.361725: Pseudo dice [np.float32(0.8058)]
2026-06-12 11:33:20.361890: Epoch time: 53.14 s
2026-06-12 11:33:20.362025: Yayy! New best EMA pseudo Dice: 0.7876999974250793
2026-06-12 11:33:22.615586: 
2026-06-12 11:33:22.615974: Epoch 32
2026-06-12 11:33:22.616167: Current learning rate: 0.00884
2026-06-12 11:34:15.726465: train_loss -0.5646
2026-06-12 11:34:15.727097: val_loss -0.511
2026-06-12 11:34:15.727247: Pseudo dice [np.float32(0.798)]
2026-06-12 11:34:15.727414: Epoch time: 53.11 s
2026-06-12 11:34:15.727556: Yayy! New best EMA pseudo Dice: 0.7886999845504761
2026-06-12 11:34:18.370885: 
2026-06-12 11:34:18.371348: Epoch 33
2026-06-12 11:34:18.371659: Current learning rate: 0.0088
2026-06-12 11:35:11.564633: train_loss -0.576
2026-06-12 11:35:11.565232: val_loss -0.548
2026-06-12 11:35:11.565417: Pseudo dice [np.float32(0.8057)]
2026-06-12 11:35:11.565603: Epoch time: 53.2 s
2026-06-12 11:35:11.565740: Yayy! New best EMA pseudo Dice: 0.7904000282287598
2026-06-12 11:35:13.828909: 
2026-06-12 11:35:13.829341: Epoch 34
2026-06-12 11:35:13.829525: Current learning rate: 0.00877
2026-06-12 11:36:07.107268: train_loss -0.5727
2026-06-12 11:36:07.107885: val_loss -0.5198
2026-06-12 11:36:07.108032: Pseudo dice [np.float32(0.8048)]
2026-06-12 11:36:07.108201: Epoch time: 53.28 s
2026-06-12 11:36:07.108335: Yayy! New best EMA pseudo Dice: 0.7918000221252441
2026-06-12 11:36:09.411480: 
2026-06-12 11:36:09.412064: Epoch 35
2026-06-12 11:36:09.412363: Current learning rate: 0.00873
2026-06-12 11:37:02.737984: train_loss -0.5688
2026-06-12 11:37:02.738642: val_loss -0.4382
2026-06-12 11:37:02.738807: Pseudo dice [np.float32(0.7543)]
2026-06-12 11:37:02.738980: Epoch time: 53.33 s
2026-06-12 11:37:04.533436: 
2026-06-12 11:37:04.533895: Epoch 36
2026-06-12 11:37:04.534196: Current learning rate: 0.00869
2026-06-12 11:37:57.835081: train_loss -0.582
2026-06-12 11:37:57.835766: val_loss -0.5234
2026-06-12 11:37:57.835951: Pseudo dice [np.float32(0.8179)]
2026-06-12 11:37:57.836130: Epoch time: 53.3 s
2026-06-12 11:37:59.645345: 
2026-06-12 11:37:59.645803: Epoch 37
2026-06-12 11:37:59.646034: Current learning rate: 0.00866
2026-06-12 11:38:52.834858: train_loss -0.5648
2026-06-12 11:38:52.835461: val_loss -0.443
2026-06-12 11:38:52.835638: Pseudo dice [np.float32(0.7779)]
2026-06-12 11:38:52.835813: Epoch time: 53.19 s
2026-06-12 11:38:54.655856: 
2026-06-12 11:38:54.656281: Epoch 38
2026-06-12 11:38:54.656461: Current learning rate: 0.00862
2026-06-12 11:39:48.059666: train_loss -0.583
2026-06-12 11:39:48.060192: val_loss -0.5123
2026-06-12 11:39:48.060337: Pseudo dice [np.float32(0.8002)]
2026-06-12 11:39:48.060503: Epoch time: 53.41 s
2026-06-12 11:39:49.872695: 
2026-06-12 11:39:49.873030: Epoch 39
2026-06-12 11:39:49.873314: Current learning rate: 0.00858
2026-06-12 11:40:43.160899: train_loss -0.5853
2026-06-12 11:40:43.161479: val_loss -0.5103
2026-06-12 11:40:43.161636: Pseudo dice [np.float32(0.7982)]
2026-06-12 11:40:43.161813: Epoch time: 53.29 s
2026-06-12 11:40:44.984084: 
2026-06-12 11:40:44.984481: Epoch 40
2026-06-12 11:40:44.984686: Current learning rate: 0.00855
2026-06-12 11:41:38.264947: train_loss -0.5876
2026-06-12 11:41:38.265644: val_loss -0.5268
2026-06-12 11:41:38.265818: Pseudo dice [np.float32(0.8126)]
2026-06-12 11:41:38.266003: Epoch time: 53.28 s
2026-06-12 11:41:38.266132: Yayy! New best EMA pseudo Dice: 0.7936000227928162
2026-06-12 11:41:41.023592: 
2026-06-12 11:41:41.024108: Epoch 41
2026-06-12 11:41:41.024416: Current learning rate: 0.00851
2026-06-12 11:42:34.277622: train_loss -0.5755
2026-06-12 11:42:34.278301: val_loss -0.5399
2026-06-12 11:42:34.278481: Pseudo dice [np.float32(0.8155)]
2026-06-12 11:42:34.278670: Epoch time: 53.26 s
2026-06-12 11:42:34.278809: Yayy! New best EMA pseudo Dice: 0.795799970626831
2026-06-12 11:42:36.601852: 
2026-06-12 11:42:36.602320: Epoch 42
2026-06-12 11:42:36.602542: Current learning rate: 0.00847
2026-06-12 11:43:29.979561: train_loss -0.5913
2026-06-12 11:43:29.980124: val_loss -0.5638
2026-06-12 11:43:29.980291: Pseudo dice [np.float32(0.8285)]
2026-06-12 11:43:29.980471: Epoch time: 53.38 s
2026-06-12 11:43:29.980625: Yayy! New best EMA pseudo Dice: 0.7990999817848206
2026-06-12 11:43:32.222035: 
2026-06-12 11:43:32.222543: Epoch 43
2026-06-12 11:43:32.222737: Current learning rate: 0.00844
2026-06-12 11:44:25.610339: train_loss -0.5813
2026-06-12 11:44:25.611069: val_loss -0.4693
2026-06-12 11:44:25.611221: Pseudo dice [np.float32(0.7943)]
2026-06-12 11:44:25.611398: Epoch time: 53.39 s
2026-06-12 11:44:27.377523: 
2026-06-12 11:44:27.378144: Epoch 44
2026-06-12 11:44:27.378470: Current learning rate: 0.0084
2026-06-12 11:45:20.817247: train_loss -0.5932
2026-06-12 11:45:20.817928: val_loss -0.4817
2026-06-12 11:45:20.818092: Pseudo dice [np.float32(0.7886)]
2026-06-12 11:45:20.818261: Epoch time: 53.44 s
2026-06-12 11:45:22.584350: 
2026-06-12 11:45:22.584808: Epoch 45
2026-06-12 11:45:22.585059: Current learning rate: 0.00836
2026-06-12 11:46:15.938511: train_loss -0.58
2026-06-12 11:46:15.938998: val_loss -0.3886
2026-06-12 11:46:15.939152: Pseudo dice [np.float32(0.7649)]
2026-06-12 11:46:15.939318: Epoch time: 53.36 s
2026-06-12 11:46:17.702209: 
2026-06-12 11:46:17.702624: Epoch 46
2026-06-12 11:46:17.702927: Current learning rate: 0.00833
2026-06-12 11:47:10.933781: train_loss -0.5865
2026-06-12 11:47:10.934257: val_loss -0.4616
2026-06-12 11:47:10.934407: Pseudo dice [np.float32(0.7835)]
2026-06-12 11:47:10.934584: Epoch time: 53.23 s
2026-06-12 11:47:12.683078: 
2026-06-12 11:47:12.683497: Epoch 47
2026-06-12 11:47:12.683727: Current learning rate: 0.00829
2026-06-12 11:48:06.124468: train_loss -0.5899
2026-06-12 11:48:06.125125: val_loss -0.4561
2026-06-12 11:48:06.125279: Pseudo dice [np.float32(0.7872)]
2026-06-12 11:48:06.125449: Epoch time: 53.44 s
2026-06-12 11:48:07.868026: 
2026-06-12 11:48:07.868465: Epoch 48
2026-06-12 11:48:07.868744: Current learning rate: 0.00825
2026-06-12 11:49:01.189324: train_loss -0.5864
2026-06-12 11:49:01.189920: val_loss -0.5085
2026-06-12 11:49:01.190095: Pseudo dice [np.float32(0.8055)]
2026-06-12 11:49:01.190282: Epoch time: 53.32 s
2026-06-12 11:49:02.966809: 
2026-06-12 11:49:02.967257: Epoch 49
2026-06-12 11:49:02.967511: Current learning rate: 0.00822
2026-06-12 11:49:56.342544: train_loss -0.5963
2026-06-12 11:49:56.343227: val_loss -0.5118
2026-06-12 11:49:56.343382: Pseudo dice [np.float32(0.7992)]
2026-06-12 11:49:56.343558: Epoch time: 53.38 s
2026-06-12 11:49:59.062193: 
2026-06-12 11:49:59.062747: Epoch 50
2026-06-12 11:49:59.062944: Current learning rate: 0.00818
2026-06-12 11:50:52.261754: train_loss -0.5957
2026-06-12 11:50:52.262337: val_loss -0.5487
2026-06-12 11:50:52.262478: Pseudo dice [np.float32(0.8279)]
2026-06-12 11:50:52.262665: Epoch time: 53.2 s
2026-06-12 11:50:54.025582: 
2026-06-12 11:50:54.025989: Epoch 51
2026-06-12 11:50:54.026303: Current learning rate: 0.00814
2026-06-12 11:51:47.270627: train_loss -0.6029
2026-06-12 11:51:47.271285: val_loss -0.5776
2026-06-12 11:51:47.271460: Pseudo dice [np.float32(0.834)]
2026-06-12 11:51:47.271650: Epoch time: 53.25 s
2026-06-12 11:51:47.271793: Yayy! New best EMA pseudo Dice: 0.8014000058174133
2026-06-12 11:51:49.550237: 
2026-06-12 11:51:49.550692: Epoch 52
2026-06-12 11:51:49.550880: Current learning rate: 0.00811
2026-06-12 11:52:42.816871: train_loss -0.6015
2026-06-12 11:52:42.817549: val_loss -0.5172
2026-06-12 11:52:42.817702: Pseudo dice [np.float32(0.8058)]
2026-06-12 11:52:42.817885: Epoch time: 53.27 s
2026-06-12 11:52:42.818027: Yayy! New best EMA pseudo Dice: 0.8019000291824341
2026-06-12 11:52:45.077041: 
2026-06-12 11:52:45.077533: Epoch 53
2026-06-12 11:52:45.077821: Current learning rate: 0.00807
2026-06-12 11:53:38.454320: train_loss -0.6008
2026-06-12 11:53:38.454968: val_loss -0.4832
2026-06-12 11:53:38.455127: Pseudo dice [np.float32(0.8)]
2026-06-12 11:53:38.455327: Epoch time: 53.38 s
2026-06-12 11:53:40.226114: 
2026-06-12 11:53:40.226491: Epoch 54
2026-06-12 11:53:40.226687: Current learning rate: 0.00803
2026-06-12 11:54:33.790998: train_loss -0.5954
2026-06-12 11:54:33.791559: val_loss -0.4871
2026-06-12 11:54:33.791739: Pseudo dice [np.float32(0.8024)]
2026-06-12 11:54:33.791919: Epoch time: 53.57 s
2026-06-12 11:54:35.568006: 
2026-06-12 11:54:35.568452: Epoch 55
2026-06-12 11:54:35.568722: Current learning rate: 0.008
2026-06-12 11:55:28.897479: train_loss -0.6105
2026-06-12 11:55:28.898034: val_loss -0.5171
2026-06-12 11:55:28.898187: Pseudo dice [np.float32(0.8002)]
2026-06-12 11:55:28.898360: Epoch time: 53.33 s
2026-06-12 11:55:30.648796: 
2026-06-12 11:55:30.649314: Epoch 56
2026-06-12 11:55:30.649578: Current learning rate: 0.00796
2026-06-12 11:56:23.985691: train_loss -0.6062
2026-06-12 11:56:23.986312: val_loss -0.4513
2026-06-12 11:56:23.986509: Pseudo dice [np.float32(0.762)]
2026-06-12 11:56:23.986700: Epoch time: 53.34 s
2026-06-12 11:56:25.768760: 
2026-06-12 11:56:25.769318: Epoch 57
2026-06-12 11:56:25.769575: Current learning rate: 0.00792
2026-06-12 11:57:19.042292: train_loss -0.6033
2026-06-12 11:57:19.042864: val_loss -0.4839
2026-06-12 11:57:19.043016: Pseudo dice [np.float32(0.7861)]
2026-06-12 11:57:19.043195: Epoch time: 53.28 s
2026-06-12 11:57:20.777271: 
2026-06-12 11:57:20.777723: Epoch 58
2026-06-12 11:57:20.777994: Current learning rate: 0.00789
2026-06-12 11:58:14.136270: train_loss -0.6023
2026-06-12 11:58:14.136916: val_loss -0.6091
2026-06-12 11:58:14.137102: Pseudo dice [np.float32(0.8494)]
2026-06-12 11:58:14.137283: Epoch time: 53.36 s
2026-06-12 11:58:16.319063: 
2026-06-12 11:58:16.319487: Epoch 59
2026-06-12 11:58:16.319823: Current learning rate: 0.00785
2026-06-12 11:59:09.562642: train_loss -0.6018
2026-06-12 11:59:09.563158: val_loss -0.5747
2026-06-12 11:59:09.563332: Pseudo dice [np.float32(0.8297)]
2026-06-12 11:59:09.563515: Epoch time: 53.25 s
2026-06-12 11:59:09.563668: Yayy! New best EMA pseudo Dice: 0.8046000003814697
2026-06-12 11:59:11.883540: 
2026-06-12 11:59:11.884062: Epoch 60
2026-06-12 11:59:11.884404: Current learning rate: 0.00781
2026-06-12 12:00:05.307865: train_loss -0.5964
2026-06-12 12:00:05.308484: val_loss -0.4787
2026-06-12 12:00:05.308762: Pseudo dice [np.float32(0.7979)]
2026-06-12 12:00:05.308961: Epoch time: 53.43 s
2026-06-12 12:00:07.070163: 
2026-06-12 12:00:07.070725: Epoch 61
2026-06-12 12:00:07.071040: Current learning rate: 0.00777
2026-06-12 12:01:00.699459: train_loss -0.6137
2026-06-12 12:01:00.699998: val_loss -0.4454
2026-06-12 12:01:00.700851: Pseudo dice [np.float32(0.7924)]
2026-06-12 12:01:00.701047: Epoch time: 53.63 s
2026-06-12 12:01:02.446271: 
2026-06-12 12:01:02.446694: Epoch 62
2026-06-12 12:01:02.446877: Current learning rate: 0.00774
2026-06-12 12:01:55.946644: train_loss -0.5826
2026-06-12 12:01:55.947139: val_loss -0.5405
2026-06-12 12:01:55.947282: Pseudo dice [np.float32(0.813)]
2026-06-12 12:01:55.947454: Epoch time: 53.5 s
2026-06-12 12:01:57.692801: 
2026-06-12 12:01:57.693196: Epoch 63
2026-06-12 12:01:57.693387: Current learning rate: 0.0077
2026-06-12 12:02:51.222553: train_loss -0.5995
2026-06-12 12:02:51.223205: val_loss -0.509
2026-06-12 12:02:51.223358: Pseudo dice [np.float32(0.7961)]
2026-06-12 12:02:51.223546: Epoch time: 53.53 s
2026-06-12 12:02:52.963663: 
2026-06-12 12:02:52.964025: Epoch 64
2026-06-12 12:02:52.964213: Current learning rate: 0.00766
2026-06-12 12:03:46.874181: train_loss -0.6161
2026-06-12 12:03:46.874904: val_loss -0.5904
2026-06-12 12:03:46.875059: Pseudo dice [np.float32(0.8504)]
2026-06-12 12:03:46.875235: Epoch time: 53.91 s
2026-06-12 12:03:46.875372: Yayy! New best EMA pseudo Dice: 0.807699978351593
2026-06-12 12:03:49.113702: 
2026-06-12 12:03:49.114165: Epoch 65
2026-06-12 12:03:49.114422: Current learning rate: 0.00763
2026-06-12 12:04:42.702367: train_loss -0.603
2026-06-12 12:04:42.702894: val_loss -0.4748
2026-06-12 12:04:42.703057: Pseudo dice [np.float32(0.7857)]
2026-06-12 12:04:42.703243: Epoch time: 53.59 s
2026-06-12 12:04:44.452090: 
2026-06-12 12:04:44.452551: Epoch 66
2026-06-12 12:04:44.452748: Current learning rate: 0.00759
2026-06-12 12:05:37.826537: train_loss -0.6118
2026-06-12 12:05:37.827155: val_loss -0.4322
2026-06-12 12:05:37.827305: Pseudo dice [np.float32(0.7673)]
2026-06-12 12:05:37.827474: Epoch time: 53.38 s
2026-06-12 12:05:40.029411: 
2026-06-12 12:05:40.029959: Epoch 67
2026-06-12 12:05:40.030163: Current learning rate: 0.00755
2026-06-12 12:06:33.700943: train_loss -0.6067
2026-06-12 12:06:33.701538: val_loss -0.514
2026-06-12 12:06:33.701700: Pseudo dice [np.float32(0.8151)]
2026-06-12 12:06:33.701873: Epoch time: 53.67 s
2026-06-12 12:06:35.492163: 
2026-06-12 12:06:35.492657: Epoch 68
2026-06-12 12:06:35.492950: Current learning rate: 0.00751
2026-06-12 12:07:28.952880: train_loss -0.6066
2026-06-12 12:07:28.953702: val_loss -0.5257
2026-06-12 12:07:28.953856: Pseudo dice [np.float32(0.8067)]
2026-06-12 12:07:28.954022: Epoch time: 53.46 s
2026-06-12 12:07:30.732395: 
2026-06-12 12:07:30.732910: Epoch 69
2026-06-12 12:07:30.733106: Current learning rate: 0.00748
2026-06-12 12:08:24.263419: train_loss -0.6184
2026-06-12 12:08:24.264053: val_loss -0.5367
2026-06-12 12:08:24.264206: Pseudo dice [np.float32(0.8233)]
2026-06-12 12:08:24.264377: Epoch time: 53.53 s
2026-06-12 12:08:26.035752: 
2026-06-12 12:08:26.036288: Epoch 70
2026-06-12 12:08:26.036588: Current learning rate: 0.00744
2026-06-12 12:09:19.516300: train_loss -0.5943
2026-06-12 12:09:19.518932: val_loss -0.4994
2026-06-12 12:09:19.519138: Pseudo dice [np.float32(0.7896)]
2026-06-12 12:09:19.519323: Epoch time: 53.48 s
2026-06-12 12:09:21.284737: 
2026-06-12 12:09:21.285238: Epoch 71
2026-06-12 12:09:21.285571: Current learning rate: 0.0074
2026-06-12 12:10:14.946752: train_loss -0.6184
2026-06-12 12:10:14.947366: val_loss -0.4854
2026-06-12 12:10:14.947520: Pseudo dice [np.float32(0.803)]
2026-06-12 12:10:14.947706: Epoch time: 53.67 s
2026-06-12 12:10:16.725352: 
2026-06-12 12:10:16.725792: Epoch 72
2026-06-12 12:10:16.725980: Current learning rate: 0.00737
2026-06-12 12:11:09.916071: train_loss -0.613
2026-06-12 12:11:09.916717: val_loss -0.5995
2026-06-12 12:11:09.916893: Pseudo dice [np.float32(0.8543)]
2026-06-12 12:11:09.917071: Epoch time: 53.19 s
2026-06-12 12:11:09.917214: Yayy! New best EMA pseudo Dice: 0.8087999820709229
2026-06-12 12:11:12.199780: 
2026-06-12 12:11:12.200308: Epoch 73
2026-06-12 12:11:12.200645: Current learning rate: 0.00733
2026-06-12 12:12:05.658610: train_loss -0.6012
2026-06-12 12:12:05.659315: val_loss -0.5162
2026-06-12 12:12:05.659469: Pseudo dice [np.float32(0.8014)]
2026-06-12 12:12:05.659649: Epoch time: 53.46 s
2026-06-12 12:12:07.456624: 
2026-06-12 12:12:07.457133: Epoch 74
2026-06-12 12:12:07.457387: Current learning rate: 0.00729
2026-06-12 12:13:00.792267: train_loss -0.6091
2026-06-12 12:13:00.793101: val_loss -0.5294
2026-06-12 12:13:00.793258: Pseudo dice [np.float32(0.8072)]
2026-06-12 12:13:00.793437: Epoch time: 53.34 s
2026-06-12 12:13:03.044172: 
2026-06-12 12:13:03.044767: Epoch 75
2026-06-12 12:13:03.045023: Current learning rate: 0.00725
2026-06-12 12:13:56.566058: train_loss -0.5925
2026-06-12 12:13:56.566665: val_loss -0.5237
2026-06-12 12:13:56.566820: Pseudo dice [np.float32(0.8106)]
2026-06-12 12:13:56.566989: Epoch time: 53.52 s
2026-06-12 12:13:58.345621: 
2026-06-12 12:13:58.346174: Epoch 76
2026-06-12 12:13:58.346461: Current learning rate: 0.00722
2026-06-12 12:14:51.563257: train_loss -0.6239
2026-06-12 12:14:51.563811: val_loss -0.5206
2026-06-12 12:14:51.563983: Pseudo dice [np.float32(0.8036)]
2026-06-12 12:14:51.564185: Epoch time: 53.22 s
2026-06-12 12:14:53.330271: 
2026-06-12 12:14:53.330776: Epoch 77
2026-06-12 12:14:53.330957: Current learning rate: 0.00718
2026-06-12 12:15:46.599975: train_loss -0.6158
2026-06-12 12:15:46.600621: val_loss -0.5084
2026-06-12 12:15:46.600777: Pseudo dice [np.float32(0.8067)]
2026-06-12 12:15:46.600955: Epoch time: 53.27 s
2026-06-12 12:15:48.384470: 
2026-06-12 12:15:48.385021: Epoch 78
2026-06-12 12:15:48.385354: Current learning rate: 0.00714
2026-06-12 12:16:41.750961: train_loss -0.6076
2026-06-12 12:16:41.751567: val_loss -0.4981
2026-06-12 12:16:41.751715: Pseudo dice [np.float32(0.8015)]
2026-06-12 12:16:41.751888: Epoch time: 53.37 s
2026-06-12 12:16:43.541344: 
2026-06-12 12:16:43.541922: Epoch 79
2026-06-12 12:16:43.542216: Current learning rate: 0.0071
2026-06-12 12:17:36.778997: train_loss -0.6035
2026-06-12 12:17:36.779561: val_loss -0.5382
2026-06-12 12:17:36.779711: Pseudo dice [np.float32(0.8178)]
2026-06-12 12:17:36.779885: Epoch time: 53.24 s
2026-06-12 12:17:38.579749: 
2026-06-12 12:17:38.580116: Epoch 80
2026-06-12 12:17:38.580411: Current learning rate: 0.00707
2026-06-12 12:18:31.791175: train_loss -0.619
2026-06-12 12:18:31.791946: val_loss -0.462
2026-06-12 12:18:31.792150: Pseudo dice [np.float32(0.7775)]
2026-06-12 12:18:31.792334: Epoch time: 53.21 s
2026-06-12 12:18:33.588642: 
2026-06-12 12:18:33.589231: Epoch 81
2026-06-12 12:18:33.589559: Current learning rate: 0.00703
2026-06-12 12:19:27.080041: train_loss -0.635
2026-06-12 12:19:27.080568: val_loss -0.5102
2026-06-12 12:19:27.080719: Pseudo dice [np.float32(0.8205)]
2026-06-12 12:19:27.080892: Epoch time: 53.49 s
2026-06-12 12:19:28.883220: 
2026-06-12 12:19:28.883757: Epoch 82
2026-06-12 12:19:28.884066: Current learning rate: 0.00699
2026-06-12 12:20:22.154472: train_loss -0.6149
2026-06-12 12:20:22.155145: val_loss -0.5875
2026-06-12 12:20:22.155301: Pseudo dice [np.float32(0.8358)]
2026-06-12 12:20:22.155470: Epoch time: 53.27 s
2026-06-12 12:20:22.155613: Yayy! New best EMA pseudo Dice: 0.809499979019165
2026-06-12 12:20:24.396703: 
2026-06-12 12:20:24.397102: Epoch 83
2026-06-12 12:20:24.397300: Current learning rate: 0.00696
2026-06-12 12:21:17.761197: train_loss -0.6248
2026-06-12 12:21:17.761816: val_loss -0.5535
2026-06-12 12:21:17.761970: Pseudo dice [np.float32(0.8177)]
2026-06-12 12:21:17.762145: Epoch time: 53.37 s
2026-06-12 12:21:17.762274: Yayy! New best EMA pseudo Dice: 0.8102999925613403
2026-06-12 12:21:20.887943: 
2026-06-12 12:21:20.888367: Epoch 84
2026-06-12 12:21:20.888560: Current learning rate: 0.00692
2026-06-12 12:22:14.081551: train_loss -0.6127
2026-06-12 12:22:14.082101: val_loss -0.4943
2026-06-12 12:22:14.082259: Pseudo dice [np.float32(0.7967)]
2026-06-12 12:22:14.082432: Epoch time: 53.2 s
2026-06-12 12:22:15.820201: 
2026-06-12 12:22:15.820797: Epoch 85
2026-06-12 12:22:15.821100: Current learning rate: 0.00688
2026-06-12 12:23:09.365090: train_loss -0.6126
2026-06-12 12:23:09.365763: val_loss -0.3778
2026-06-12 12:23:09.365924: Pseudo dice [np.float32(0.7693)]
2026-06-12 12:23:09.366908: Epoch time: 53.55 s
2026-06-12 12:23:11.101279: 
2026-06-12 12:23:11.101730: Epoch 86
2026-06-12 12:23:11.101921: Current learning rate: 0.00684
2026-06-12 12:24:04.359159: train_loss -0.619
2026-06-12 12:24:04.359961: val_loss -0.4263
2026-06-12 12:24:04.360117: Pseudo dice [np.float32(0.7606)]
2026-06-12 12:24:04.360291: Epoch time: 53.26 s
2026-06-12 12:24:06.096742: 
2026-06-12 12:24:06.097317: Epoch 87
2026-06-12 12:24:06.097639: Current learning rate: 0.0068
2026-06-12 12:24:59.589201: train_loss -0.5968
2026-06-12 12:24:59.589857: val_loss -0.5213
2026-06-12 12:24:59.590030: Pseudo dice [np.float32(0.7993)]
2026-06-12 12:24:59.590214: Epoch time: 53.5 s
2026-06-12 12:25:01.333055: 
2026-06-12 12:25:01.333539: Epoch 88
2026-06-12 12:25:01.333759: Current learning rate: 0.00677
2026-06-12 12:25:54.602824: train_loss -0.6241
2026-06-12 12:25:54.603557: val_loss -0.5299
2026-06-12 12:25:54.603716: Pseudo dice [np.float32(0.8138)]
2026-06-12 12:25:54.603899: Epoch time: 53.27 s
2026-06-12 12:25:56.332222: 
2026-06-12 12:25:56.332705: Epoch 89
2026-06-12 12:25:56.333014: Current learning rate: 0.00673
2026-06-12 12:26:49.648040: train_loss -0.6035
2026-06-12 12:26:49.648694: val_loss -0.3707
2026-06-12 12:26:49.648853: Pseudo dice [np.float32(0.7683)]
2026-06-12 12:26:49.649028: Epoch time: 53.32 s
2026-06-12 12:26:51.398588: 
2026-06-12 12:26:51.399116: Epoch 90
2026-06-12 12:26:51.399410: Current learning rate: 0.00669
2026-06-12 12:27:44.763952: train_loss -0.6279
2026-06-12 12:27:44.764504: val_loss -0.4687
2026-06-12 12:27:44.764684: Pseudo dice [np.float32(0.7995)]
2026-06-12 12:27:44.764865: Epoch time: 53.37 s
2026-06-12 12:27:46.503679: 
2026-06-12 12:27:46.504269: Epoch 91
2026-06-12 12:27:46.504581: Current learning rate: 0.00665
2026-06-12 12:28:39.812217: train_loss -0.6331
2026-06-12 12:28:39.812896: val_loss -0.5819
2026-06-12 12:28:39.813058: Pseudo dice [np.float32(0.8402)]
2026-06-12 12:28:39.813234: Epoch time: 53.31 s
2026-06-12 12:28:41.558168: 
2026-06-12 12:28:41.558599: Epoch 92
2026-06-12 12:28:41.558787: Current learning rate: 0.00662
2026-06-12 12:29:34.843245: train_loss -0.6167
2026-06-12 12:29:34.843748: val_loss -0.4994
2026-06-12 12:29:34.843900: Pseudo dice [np.float32(0.8125)]
2026-06-12 12:29:34.844068: Epoch time: 53.29 s
2026-06-12 12:29:37.012421: 
2026-06-12 12:29:37.012872: Epoch 93
2026-06-12 12:29:37.013176: Current learning rate: 0.00658
2026-06-12 12:30:30.393572: train_loss -0.6137
2026-06-12 12:30:30.394217: val_loss -0.5132
2026-06-12 12:30:30.394370: Pseudo dice [np.float32(0.8078)]
2026-06-12 12:30:30.394552: Epoch time: 53.38 s
2026-06-12 12:30:32.150481: 
2026-06-12 12:30:32.151055: Epoch 94
2026-06-12 12:30:32.151259: Current learning rate: 0.00654
2026-06-12 12:31:25.557218: train_loss -0.6268
2026-06-12 12:31:25.557820: val_loss -0.448
2026-06-12 12:31:25.557972: Pseudo dice [np.float32(0.7884)]
2026-06-12 12:31:25.558144: Epoch time: 53.41 s
2026-06-12 12:31:27.308648: 
2026-06-12 12:31:27.309206: Epoch 95
2026-06-12 12:31:27.309499: Current learning rate: 0.0065
2026-06-12 12:32:20.604009: train_loss -0.6158
2026-06-12 12:32:20.604521: val_loss -0.5711
2026-06-12 12:32:20.604675: Pseudo dice [np.float32(0.8283)]
2026-06-12 12:32:20.604848: Epoch time: 53.3 s
2026-06-12 12:32:22.399568: 
2026-06-12 12:32:22.400134: Epoch 96
2026-06-12 12:32:22.400426: Current learning rate: 0.00647
2026-06-12 12:33:15.761132: train_loss -0.6249
2026-06-12 12:33:15.761776: val_loss -0.5646
2026-06-12 12:33:15.761925: Pseudo dice [np.float32(0.8352)]
2026-06-12 12:33:15.762099: Epoch time: 53.37 s
2026-06-12 12:33:17.538634: 
2026-06-12 12:33:17.539247: Epoch 97
2026-06-12 12:33:17.539466: Current learning rate: 0.00643
2026-06-12 12:34:10.894968: train_loss -0.643
2026-06-12 12:34:10.895625: val_loss -0.5277
2026-06-12 12:34:10.895777: Pseudo dice [np.float32(0.8058)]
2026-06-12 12:34:10.895949: Epoch time: 53.36 s
2026-06-12 12:34:12.652640: 
2026-06-12 12:34:12.653046: Epoch 98
2026-06-12 12:34:12.653234: Current learning rate: 0.00639
2026-06-12 12:35:06.264596: train_loss -0.6347
2026-06-12 12:35:06.265107: val_loss -0.4641
2026-06-12 12:35:06.265270: Pseudo dice [np.float32(0.788)]
2026-06-12 12:35:06.265439: Epoch time: 53.61 s
2026-06-12 12:35:08.029603: 
2026-06-12 12:35:08.030070: Epoch 99
2026-06-12 12:35:08.030273: Current learning rate: 0.00635
2026-06-12 12:36:01.662916: train_loss -0.6259
2026-06-12 12:36:01.663455: val_loss -0.5658
2026-06-12 12:36:01.663611: Pseudo dice [np.float32(0.8358)]
2026-06-12 12:36:01.663781: Epoch time: 53.64 s
2026-06-12 12:36:03.922103: 
2026-06-12 12:36:03.922627: Epoch 100
2026-06-12 12:36:03.922941: Current learning rate: 0.00631
2026-06-12 12:36:57.467808: train_loss -0.6352
2026-06-12 12:36:57.468378: val_loss -0.5015
2026-06-12 12:36:57.468535: Pseudo dice [np.float32(0.8089)]
2026-06-12 12:36:57.468710: Epoch time: 53.55 s
2026-06-12 12:36:59.236498: 
2026-06-12 12:36:59.236899: Epoch 101
2026-06-12 12:36:59.237204: Current learning rate: 0.00628
2026-06-12 12:37:52.756354: train_loss -0.6428
2026-06-12 12:37:52.756956: val_loss -0.5972
2026-06-12 12:37:52.757106: Pseudo dice [np.float32(0.8517)]
2026-06-12 12:37:52.757282: Epoch time: 53.52 s
2026-06-12 12:37:52.757410: Yayy! New best EMA pseudo Dice: 0.8131999969482422
2026-06-12 12:37:55.457191: 
2026-06-12 12:37:55.457783: Epoch 102
2026-06-12 12:37:55.458088: Current learning rate: 0.00624
2026-06-12 12:38:48.663658: train_loss -0.6537
2026-06-12 12:38:48.667763: val_loss -0.4865
2026-06-12 12:38:48.667920: Pseudo dice [np.float32(0.8026)]
2026-06-12 12:38:48.668103: Epoch time: 53.21 s
2026-06-12 12:38:50.447718: 
2026-06-12 12:38:50.448277: Epoch 103
2026-06-12 12:38:50.448592: Current learning rate: 0.0062
2026-06-12 12:39:43.968199: train_loss -0.6251
2026-06-12 12:39:43.968876: val_loss -0.5666
2026-06-12 12:39:43.969037: Pseudo dice [np.float32(0.8258)]
2026-06-12 12:39:43.969214: Epoch time: 53.52 s
2026-06-12 12:39:43.969347: Yayy! New best EMA pseudo Dice: 0.8134999871253967
2026-06-12 12:39:46.326504: 
2026-06-12 12:39:46.326976: Epoch 104
2026-06-12 12:39:46.327335: Current learning rate: 0.00616
2026-06-12 12:40:39.972011: train_loss -0.6256
2026-06-12 12:40:39.972634: val_loss -0.4977
2026-06-12 12:40:39.972794: Pseudo dice [np.float32(0.7938)]
2026-06-12 12:40:39.972962: Epoch time: 53.65 s
2026-06-12 12:40:41.755251: 
2026-06-12 12:40:41.755741: Epoch 105
2026-06-12 12:40:41.756077: Current learning rate: 0.00612
2026-06-12 12:41:35.299467: train_loss -0.6277
2026-06-12 12:41:35.300357: val_loss -0.4799
2026-06-12 12:41:35.300515: Pseudo dice [np.float32(0.7994)]
2026-06-12 12:41:35.300703: Epoch time: 53.55 s
2026-06-12 12:41:37.078252: 
2026-06-12 12:41:37.078863: Epoch 106
2026-06-12 12:41:37.079184: Current learning rate: 0.00609
2026-06-12 12:42:30.658045: train_loss -0.6411
2026-06-12 12:42:30.659129: val_loss -0.4125
2026-06-12 12:42:30.659303: Pseudo dice [np.float32(0.77)]
2026-06-12 12:42:30.659512: Epoch time: 53.58 s
2026-06-12 12:42:32.428158: 
2026-06-12 12:42:32.428599: Epoch 107
2026-06-12 12:42:32.428791: Current learning rate: 0.00605
2026-06-12 12:43:25.915400: train_loss -0.6409
2026-06-12 12:43:25.915960: val_loss -0.5271
2026-06-12 12:43:25.916109: Pseudo dice [np.float32(0.8157)]
2026-06-12 12:43:25.916288: Epoch time: 53.49 s
2026-06-12 12:43:27.689040: 
2026-06-12 12:43:27.689459: Epoch 108
2026-06-12 12:43:27.689777: Current learning rate: 0.00601
2026-06-12 12:44:21.264544: train_loss -0.614
2026-06-12 12:44:21.265062: val_loss -0.2848
2026-06-12 12:44:21.265210: Pseudo dice [np.float32(0.7232)]
2026-06-12 12:44:21.265382: Epoch time: 53.58 s
2026-06-12 12:44:23.046714: 
2026-06-12 12:44:23.047244: Epoch 109
2026-06-12 12:44:23.047501: Current learning rate: 0.00597
2026-06-12 12:45:16.647392: train_loss -0.6332
2026-06-12 12:45:16.647866: val_loss -0.5807
2026-06-12 12:45:16.648012: Pseudo dice [np.float32(0.8364)]
2026-06-12 12:45:16.648178: Epoch time: 53.6 s
2026-06-12 12:45:18.436204: 
2026-06-12 12:45:18.436692: Epoch 110
2026-06-12 12:45:18.436970: Current learning rate: 0.00593
2026-06-12 12:46:12.161850: train_loss -0.6433
2026-06-12 12:46:12.162314: val_loss -0.4229
2026-06-12 12:46:12.162461: Pseudo dice [np.float32(0.7775)]
2026-06-12 12:46:12.162646: Epoch time: 53.73 s
2026-06-12 12:46:14.472756: 
2026-06-12 12:46:14.473387: Epoch 111
2026-06-12 12:46:14.473722: Current learning rate: 0.0059
2026-06-12 12:47:08.083052: train_loss -0.6472
2026-06-12 12:47:08.083880: val_loss -0.4765
2026-06-12 12:47:08.084039: Pseudo dice [np.float32(0.8027)]
2026-06-12 12:47:08.084209: Epoch time: 53.61 s
2026-06-12 12:47:09.880552: 
2026-06-12 12:47:09.881069: Epoch 112
2026-06-12 12:47:09.881391: Current learning rate: 0.00586
2026-06-12 12:48:03.100171: train_loss -0.6429
2026-06-12 12:48:03.100900: val_loss -0.5339
2026-06-12 12:48:03.101055: Pseudo dice [np.float32(0.8116)]
2026-06-12 12:48:03.101229: Epoch time: 53.22 s
2026-06-12 12:48:04.863375: 
2026-06-12 12:48:04.863910: Epoch 113
2026-06-12 12:48:04.864155: Current learning rate: 0.00582
2026-06-12 12:48:58.223385: train_loss -0.647
2026-06-12 12:48:58.224083: val_loss -0.5557
2026-06-12 12:48:58.224234: Pseudo dice [np.float32(0.8284)]
2026-06-12 12:48:58.224404: Epoch time: 53.36 s
2026-06-12 12:48:59.979436: 
2026-06-12 12:48:59.980052: Epoch 114
2026-06-12 12:48:59.980370: Current learning rate: 0.00578
2026-06-12 12:49:53.278731: train_loss -0.6529
2026-06-12 12:49:53.279462: val_loss -0.2993
2026-06-12 12:49:53.279643: Pseudo dice [np.float32(0.7301)]
2026-06-12 12:49:53.279830: Epoch time: 53.3 s
2026-06-12 12:49:55.043155: 
2026-06-12 12:49:55.043784: Epoch 115
2026-06-12 12:49:55.044109: Current learning rate: 0.00574
2026-06-12 12:50:48.303488: train_loss -0.6516
2026-06-12 12:50:48.304191: val_loss -0.5232
2026-06-12 12:50:48.304349: Pseudo dice [np.float32(0.8104)]
2026-06-12 12:50:48.304521: Epoch time: 53.26 s
2026-06-12 12:50:50.097062: 
2026-06-12 12:50:50.097544: Epoch 116
2026-06-12 12:50:50.097744: Current learning rate: 0.0057
2026-06-12 12:51:43.382637: train_loss -0.6477
2026-06-12 12:51:43.383173: val_loss -0.4929
2026-06-12 12:51:43.383324: Pseudo dice [np.float32(0.7899)]
2026-06-12 12:51:43.383498: Epoch time: 53.29 s
2026-06-12 12:51:45.165176: 
2026-06-12 12:51:45.165707: Epoch 117
2026-06-12 12:51:45.166018: Current learning rate: 0.00567
2026-06-12 12:52:38.409285: train_loss -0.6112
2026-06-12 12:52:38.409957: val_loss -0.5448
2026-06-12 12:52:38.410129: Pseudo dice [np.float32(0.8143)]
2026-06-12 12:52:38.410306: Epoch time: 53.25 s
2026-06-12 12:52:40.192027: 
2026-06-12 12:52:40.192476: Epoch 118
2026-06-12 12:52:40.192690: Current learning rate: 0.00563
2026-06-12 12:53:33.435739: train_loss -0.6051
2026-06-12 12:53:33.436287: val_loss -0.5142
2026-06-12 12:53:33.436443: Pseudo dice [np.float32(0.803)]
2026-06-12 12:53:33.436623: Epoch time: 53.25 s
2026-06-12 12:53:35.241349: 
2026-06-12 12:53:35.242295: Epoch 119
2026-06-12 12:53:35.243054: Current learning rate: 0.00559
2026-06-12 12:54:28.622974: train_loss -0.6452
2026-06-12 12:54:28.623600: val_loss -0.5562
2026-06-12 12:54:28.623751: Pseudo dice [np.float32(0.8352)]
2026-06-12 12:54:28.623927: Epoch time: 53.39 s
2026-06-12 12:54:30.897049: 
2026-06-12 12:54:30.897890: Epoch 120
2026-06-12 12:54:30.898137: Current learning rate: 0.00555
2026-06-12 12:55:23.969972: train_loss -0.6427
2026-06-12 12:55:23.970520: val_loss -0.4814
2026-06-12 12:55:23.970687: Pseudo dice [np.float32(0.7835)]
2026-06-12 12:55:23.970863: Epoch time: 53.08 s
2026-06-12 12:55:25.763929: 
2026-06-12 12:55:25.764410: Epoch 121
2026-06-12 12:55:25.764722: Current learning rate: 0.00551
2026-06-12 12:56:19.008121: train_loss -0.6556
2026-06-12 12:56:19.009036: val_loss -0.5562
2026-06-12 12:56:19.009187: Pseudo dice [np.float32(0.8305)]
2026-06-12 12:56:19.009359: Epoch time: 53.25 s
2026-06-12 12:56:20.811080: 
2026-06-12 12:56:20.811648: Epoch 122
2026-06-12 12:56:20.811951: Current learning rate: 0.00547
2026-06-12 12:57:14.314902: train_loss -0.662
2026-06-12 12:57:14.315434: val_loss -0.5527
2026-06-12 12:57:14.315594: Pseudo dice [np.float32(0.8192)]
2026-06-12 12:57:14.315769: Epoch time: 53.51 s
2026-06-12 12:57:16.096641: 
2026-06-12 12:57:16.097123: Epoch 123
2026-06-12 12:57:16.097312: Current learning rate: 0.00544
2026-06-12 12:58:09.379731: train_loss -0.6458
2026-06-12 12:58:09.380233: val_loss -0.4842
2026-06-12 12:58:09.380381: Pseudo dice [np.float32(0.7976)]
2026-06-12 12:58:09.380566: Epoch time: 53.29 s
2026-06-12 12:58:11.171255: 
2026-06-12 12:58:11.171721: Epoch 124
2026-06-12 12:58:11.171923: Current learning rate: 0.0054
2026-06-12 12:59:04.592426: train_loss -0.6527
2026-06-12 12:59:04.593103: val_loss -0.4339
2026-06-12 12:59:04.593258: Pseudo dice [np.float32(0.7759)]
2026-06-12 12:59:04.593427: Epoch time: 53.42 s
2026-06-12 12:59:06.383191: 
2026-06-12 12:59:06.383719: Epoch 125
2026-06-12 12:59:06.384022: Current learning rate: 0.00536
2026-06-12 12:59:59.631190: train_loss -0.6499
2026-06-12 12:59:59.631805: val_loss -0.3273
2026-06-12 12:59:59.631963: Pseudo dice [np.float32(0.7614)]
2026-06-12 12:59:59.632137: Epoch time: 53.25 s
2026-06-12 13:00:01.418774: 
2026-06-12 13:00:01.419200: Epoch 126
2026-06-12 13:00:01.419497: Current learning rate: 0.00532
2026-06-12 13:00:54.707076: train_loss -0.6482
2026-06-12 13:00:54.707593: val_loss -0.5527
2026-06-12 13:00:54.707746: Pseudo dice [np.float32(0.8243)]
2026-06-12 13:00:54.707922: Epoch time: 53.29 s
2026-06-12 13:00:56.494009: 
2026-06-12 13:00:56.494494: Epoch 127
2026-06-12 13:00:56.494699: Current learning rate: 0.00528
2026-06-12 13:01:49.760646: train_loss -0.6525
2026-06-12 13:01:49.761215: val_loss -0.5338
2026-06-12 13:01:49.761368: Pseudo dice [np.float32(0.8152)]
2026-06-12 13:01:49.761555: Epoch time: 53.27 s
2026-06-12 13:01:51.554742: 
2026-06-12 13:01:51.555204: Epoch 128
2026-06-12 13:01:51.555405: Current learning rate: 0.00524
2026-06-12 13:02:44.916761: train_loss -0.6526
2026-06-12 13:02:44.917301: val_loss -0.5589
2026-06-12 13:02:44.917453: Pseudo dice [np.float32(0.8257)]
2026-06-12 13:02:44.917636: Epoch time: 53.37 s
2026-06-12 13:02:47.167993: 
2026-06-12 13:02:47.168380: Epoch 129
2026-06-12 13:02:47.168587: Current learning rate: 0.0052
2026-06-12 13:03:40.345429: train_loss -0.6514
2026-06-12 13:03:40.345938: val_loss -0.555
2026-06-12 13:03:40.346082: Pseudo dice [np.float32(0.8216)]
2026-06-12 13:03:40.346248: Epoch time: 53.18 s
2026-06-12 13:03:42.135588: 
2026-06-12 13:03:42.136179: Epoch 130
2026-06-12 13:03:42.136497: Current learning rate: 0.00517
2026-06-12 13:04:35.240250: train_loss -0.6677
2026-06-12 13:04:35.240780: val_loss -0.4409
2026-06-12 13:04:35.240941: Pseudo dice [np.float32(0.7863)]
2026-06-12 13:04:35.241119: Epoch time: 53.11 s
2026-06-12 13:04:37.045787: 
2026-06-12 13:04:37.046358: Epoch 131
2026-06-12 13:04:37.046705: Current learning rate: 0.00513
2026-06-12 13:05:30.256316: train_loss -0.6482
2026-06-12 13:05:30.256887: val_loss -0.5421
2026-06-12 13:05:30.257038: Pseudo dice [np.float32(0.8214)]
2026-06-12 13:05:30.257209: Epoch time: 53.21 s
2026-06-12 13:05:32.049761: 
2026-06-12 13:05:32.050249: Epoch 132
2026-06-12 13:05:32.050457: Current learning rate: 0.00509
2026-06-12 13:06:25.344691: train_loss -0.6495
2026-06-12 13:06:25.345229: val_loss -0.5433
2026-06-12 13:06:25.345387: Pseudo dice [np.float32(0.8261)]
2026-06-12 13:06:25.345576: Epoch time: 53.3 s
2026-06-12 13:06:27.141485: 
2026-06-12 13:06:27.141973: Epoch 133
2026-06-12 13:06:27.142157: Current learning rate: 0.00505
2026-06-12 13:07:20.512887: train_loss -0.6558
2026-06-12 13:07:20.513481: val_loss -0.5167
2026-06-12 13:07:20.513644: Pseudo dice [np.float32(0.803)]
2026-06-12 13:07:20.513820: Epoch time: 53.37 s
2026-06-12 13:07:22.321249: 
2026-06-12 13:07:22.321761: Epoch 134
2026-06-12 13:07:22.321958: Current learning rate: 0.00501
2026-06-12 13:08:15.722879: train_loss -0.657
2026-06-12 13:08:15.723379: val_loss -0.5317
2026-06-12 13:08:15.723525: Pseudo dice [np.float32(0.8161)]
2026-06-12 13:08:15.723712: Epoch time: 53.4 s
2026-06-12 13:08:17.543241: 
2026-06-12 13:08:17.543834: Epoch 135
2026-06-12 13:08:17.544175: Current learning rate: 0.00497
2026-06-12 13:09:11.333019: train_loss -0.6568
2026-06-12 13:09:11.333693: val_loss -0.453
2026-06-12 13:09:11.333851: Pseudo dice [np.float32(0.7894)]
2026-06-12 13:09:11.334024: Epoch time: 53.79 s
2026-06-12 13:09:13.152564: 
2026-06-12 13:09:13.152965: Epoch 136
2026-06-12 13:09:13.153285: Current learning rate: 0.00493
2026-06-12 13:10:06.640559: train_loss -0.6601
2026-06-12 13:10:06.641080: val_loss -0.4786
2026-06-12 13:10:06.641233: Pseudo dice [np.float32(0.7896)]
2026-06-12 13:10:06.641403: Epoch time: 53.49 s
2026-06-12 13:10:08.911196: 
2026-06-12 13:10:08.911680: Epoch 137
2026-06-12 13:10:08.911899: Current learning rate: 0.00489
2026-06-12 13:11:02.246890: train_loss -0.6541
2026-06-12 13:11:02.247582: val_loss -0.489
2026-06-12 13:11:02.247764: Pseudo dice [np.float32(0.7986)]
2026-06-12 13:11:02.247974: Epoch time: 53.34 s
2026-06-12 13:11:04.053737: 
2026-06-12 13:11:04.054226: Epoch 138
2026-06-12 13:11:04.054436: Current learning rate: 0.00485
2026-06-12 13:11:57.357647: train_loss -0.6425
2026-06-12 13:11:57.358269: val_loss -0.4444
2026-06-12 13:11:57.358443: Pseudo dice [np.float32(0.7793)]
2026-06-12 13:11:57.358667: Epoch time: 53.31 s
2026-06-12 13:11:59.189269: 
2026-06-12 13:11:59.189759: Epoch 139
2026-06-12 13:11:59.189957: Current learning rate: 0.00482
2026-06-12 13:12:52.787501: train_loss -0.608
2026-06-12 13:12:52.787997: val_loss -0.4346
2026-06-12 13:12:52.788145: Pseudo dice [np.float32(0.7708)]
2026-06-12 13:12:52.788320: Epoch time: 53.6 s
2026-06-12 13:12:54.598380: 
2026-06-12 13:12:54.598880: Epoch 140
2026-06-12 13:12:54.599071: Current learning rate: 0.00478
2026-06-12 13:13:48.095165: train_loss -0.6574
2026-06-12 13:13:48.095800: val_loss -0.5597
2026-06-12 13:13:48.095964: Pseudo dice [np.float32(0.8281)]
2026-06-12 13:13:48.096142: Epoch time: 53.5 s
2026-06-12 13:13:49.908368: 
2026-06-12 13:13:49.908763: Epoch 141
2026-06-12 13:13:49.908944: Current learning rate: 0.00474
2026-06-12 13:14:43.238900: train_loss -0.6748
2026-06-12 13:14:43.239547: val_loss -0.465
2026-06-12 13:14:43.239700: Pseudo dice [np.float32(0.7907)]
2026-06-12 13:14:43.239883: Epoch time: 53.33 s
2026-06-12 13:14:45.054695: 
2026-06-12 13:14:45.055188: Epoch 142
2026-06-12 13:14:45.055382: Current learning rate: 0.0047
2026-06-12 13:15:38.720668: train_loss -0.6655
2026-06-12 13:15:38.721296: val_loss -0.4022
2026-06-12 13:15:38.721470: Pseudo dice [np.float32(0.7641)]
2026-06-12 13:15:38.721669: Epoch time: 53.67 s
2026-06-12 13:15:40.543705: 
2026-06-12 13:15:40.544535: Epoch 143
2026-06-12 13:15:40.544777: Current learning rate: 0.00466
2026-06-12 13:16:33.787608: train_loss -0.6582
2026-06-12 13:16:33.788145: val_loss -0.3803
2026-06-12 13:16:33.788295: Pseudo dice [np.float32(0.778)]
2026-06-12 13:16:33.788461: Epoch time: 53.25 s
2026-06-12 13:16:35.593920: 
2026-06-12 13:16:35.594539: Epoch 144
2026-06-12 13:16:35.594843: Current learning rate: 0.00462
2026-06-12 13:17:28.896151: train_loss -0.6465
2026-06-12 13:17:28.896687: val_loss -0.4759
2026-06-12 13:17:28.896839: Pseudo dice [np.float32(0.8007)]
2026-06-12 13:17:28.897010: Epoch time: 53.31 s
2026-06-12 13:17:30.715310: 
2026-06-12 13:17:30.715817: Epoch 145
2026-06-12 13:17:30.716125: Current learning rate: 0.00458
2026-06-12 13:18:24.362046: train_loss -0.6541
2026-06-12 13:18:24.362567: val_loss -0.5065
2026-06-12 13:18:24.362719: Pseudo dice [np.float32(0.8098)]
2026-06-12 13:18:24.362890: Epoch time: 53.65 s
2026-06-12 13:18:26.642956: 
2026-06-12 13:18:26.643591: Epoch 146
2026-06-12 13:18:26.643875: Current learning rate: 0.00454
2026-06-12 13:19:20.028143: train_loss -0.6532
2026-06-12 13:19:20.028965: val_loss -0.4412
2026-06-12 13:19:20.029148: Pseudo dice [np.float32(0.7925)]
2026-06-12 13:19:20.029339: Epoch time: 53.39 s
2026-06-12 13:19:21.841084: 
2026-06-12 13:19:21.841756: Epoch 147
2026-06-12 13:19:21.842063: Current learning rate: 0.0045
2026-06-12 13:20:15.371835: train_loss -0.6561
2026-06-12 13:20:15.372467: val_loss -0.4552
2026-06-12 13:20:15.372634: Pseudo dice [np.float32(0.7894)]
2026-06-12 13:20:15.372816: Epoch time: 53.53 s
2026-06-12 13:20:17.184288: 
2026-06-12 13:20:17.184747: Epoch 148
2026-06-12 13:20:17.184936: Current learning rate: 0.00446
2026-06-12 13:21:10.429601: train_loss -0.6563
2026-06-12 13:21:10.430039: val_loss -0.5258
2026-06-12 13:21:10.430186: Pseudo dice [np.float32(0.8095)]
2026-06-12 13:21:10.430358: Epoch time: 53.25 s
2026-06-12 13:21:12.244189: 
2026-06-12 13:21:12.244689: Epoch 149
2026-06-12 13:21:12.244880: Current learning rate: 0.00442
2026-06-12 13:22:05.537832: train_loss -0.652
2026-06-12 13:22:05.538451: val_loss -0.465
2026-06-12 13:22:05.538617: Pseudo dice [np.float32(0.7884)]
2026-06-12 13:22:05.538793: Epoch time: 53.3 s
2026-06-12 13:22:07.929375: 
2026-06-12 13:22:07.929868: Epoch 150
2026-06-12 13:22:07.930059: Current learning rate: 0.00438
2026-06-12 13:23:01.318750: train_loss -0.6658
2026-06-12 13:23:01.323013: val_loss -0.5622
2026-06-12 13:23:01.323179: Pseudo dice [np.float32(0.8358)]
2026-06-12 13:23:01.323358: Epoch time: 53.39 s
2026-06-12 13:23:03.149501: 
2026-06-12 13:23:03.150017: Epoch 151
2026-06-12 13:23:03.150225: Current learning rate: 0.00434
2026-06-12 13:23:56.630136: train_loss -0.6642
2026-06-12 13:23:56.630774: val_loss -0.4282
2026-06-12 13:23:56.630928: Pseudo dice [np.float32(0.7764)]
2026-06-12 13:23:56.631100: Epoch time: 53.48 s
2026-06-12 13:23:58.448040: 
2026-06-12 13:23:58.448653: Epoch 152
2026-06-12 13:23:58.449024: Current learning rate: 0.0043
2026-06-12 13:24:52.100929: train_loss -0.6515
2026-06-12 13:24:52.101480: val_loss -0.5202
2026-06-12 13:24:52.101636: Pseudo dice [np.float32(0.8111)]
2026-06-12 13:24:52.101819: Epoch time: 53.66 s
2026-06-12 13:24:53.923743: 
2026-06-12 13:24:53.924247: Epoch 153
2026-06-12 13:24:53.924577: Current learning rate: 0.00427
2026-06-12 13:25:47.283962: train_loss -0.656
2026-06-12 13:25:47.284523: val_loss -0.4956
2026-06-12 13:25:47.284682: Pseudo dice [np.float32(0.808)]
2026-06-12 13:25:47.284857: Epoch time: 53.36 s
2026-06-12 13:25:49.621785: 
2026-06-12 13:25:49.622345: Epoch 154
2026-06-12 13:25:49.622689: Current learning rate: 0.00423
2026-06-12 13:26:42.967660: train_loss -0.6595
2026-06-12 13:26:42.968283: val_loss -0.4747
2026-06-12 13:26:42.968447: Pseudo dice [np.float32(0.7948)]
2026-06-12 13:26:42.968632: Epoch time: 53.35 s
2026-06-12 13:26:44.806620: 
2026-06-12 13:26:44.807179: Epoch 155
2026-06-12 13:26:44.807469: Current learning rate: 0.00419
2026-06-12 13:27:38.255335: train_loss -0.6588
2026-06-12 13:27:38.255910: val_loss -0.6031
2026-06-12 13:27:38.256053: Pseudo dice [np.float32(0.8478)]
2026-06-12 13:27:38.256222: Epoch time: 53.45 s
2026-06-12 13:27:40.119581: 
2026-06-12 13:27:40.120185: Epoch 156
2026-06-12 13:27:40.120495: Current learning rate: 0.00415
2026-06-12 13:28:33.447927: train_loss -0.6622
2026-06-12 13:28:33.448914: val_loss -0.5333
2026-06-12 13:28:33.449071: Pseudo dice [np.float32(0.8164)]
2026-06-12 13:28:33.449358: Epoch time: 53.33 s
2026-06-12 13:28:35.319554: 
2026-06-12 13:28:35.319995: Epoch 157
2026-06-12 13:28:35.320506: Current learning rate: 0.00411
2026-06-12 13:29:28.812900: train_loss -0.6698
2026-06-12 13:29:28.813423: val_loss -0.4572
2026-06-12 13:29:28.813582: Pseudo dice [np.float32(0.7943)]
2026-06-12 13:29:28.813757: Epoch time: 53.5 s
2026-06-12 13:29:30.652832: 
2026-06-12 13:29:30.653382: Epoch 158
2026-06-12 13:29:30.653580: Current learning rate: 0.00407
2026-06-12 13:30:23.957908: train_loss -0.6616
2026-06-12 13:30:23.958828: val_loss -0.5517
2026-06-12 13:30:23.958978: Pseudo dice [np.float32(0.8304)]
2026-06-12 13:30:23.959239: Epoch time: 53.31 s
2026-06-12 13:30:25.816820: 
2026-06-12 13:30:25.817266: Epoch 159
2026-06-12 13:30:25.817463: Current learning rate: 0.00403
2026-06-12 13:31:19.221582: train_loss -0.6701
2026-06-12 13:31:19.222130: val_loss -0.5916
2026-06-12 13:31:19.222278: Pseudo dice [np.float32(0.8364)]
2026-06-12 13:31:19.222463: Epoch time: 53.41 s
2026-06-12 13:31:21.050425: 
2026-06-12 13:31:21.050887: Epoch 160
2026-06-12 13:31:21.051082: Current learning rate: 0.00399
2026-06-12 13:32:14.464262: train_loss -0.6721
2026-06-12 13:32:14.465615: val_loss -0.4638
2026-06-12 13:32:14.465778: Pseudo dice [np.float32(0.7987)]
2026-06-12 13:32:14.465952: Epoch time: 53.42 s
2026-06-12 13:32:16.320923: 
2026-06-12 13:32:16.321435: Epoch 161
2026-06-12 13:32:16.321770: Current learning rate: 0.00395
2026-06-12 13:33:09.570342: train_loss -0.6527
2026-06-12 13:33:09.570862: val_loss -0.5384
2026-06-12 13:33:09.571019: Pseudo dice [np.float32(0.8271)]
2026-06-12 13:33:09.571193: Epoch time: 53.25 s
2026-06-12 13:33:11.404510: 
2026-06-12 13:33:11.405015: Epoch 162
2026-06-12 13:33:11.405218: Current learning rate: 0.00391
2026-06-12 13:34:04.692878: train_loss -0.6672
2026-06-12 13:34:04.693452: val_loss -0.5215
2026-06-12 13:34:04.693644: Pseudo dice [np.float32(0.8053)]
2026-06-12 13:34:04.693834: Epoch time: 53.29 s
2026-06-12 13:34:06.999222: 
2026-06-12 13:34:06.999711: Epoch 163
2026-06-12 13:34:06.999928: Current learning rate: 0.00387
2026-06-12 13:35:00.317052: train_loss -0.6609
2026-06-12 13:35:00.317675: val_loss -0.5106
2026-06-12 13:35:00.317861: Pseudo dice [np.float32(0.8063)]
2026-06-12 13:35:00.318040: Epoch time: 53.32 s
2026-06-12 13:35:02.159358: 
2026-06-12 13:35:02.160068: Epoch 164
2026-06-12 13:35:02.160393: Current learning rate: 0.00383
2026-06-12 13:35:55.549432: train_loss -0.6578
2026-06-12 13:35:55.549940: val_loss -0.4908
2026-06-12 13:35:55.550089: Pseudo dice [np.float32(0.7888)]
2026-06-12 13:35:55.550267: Epoch time: 53.39 s
2026-06-12 13:35:57.359321: 
2026-06-12 13:35:57.359720: Epoch 165
2026-06-12 13:35:57.359904: Current learning rate: 0.00379
2026-06-12 13:36:50.550932: train_loss -0.6763
2026-06-12 13:36:50.551708: val_loss -0.5094
2026-06-12 13:36:50.551867: Pseudo dice [np.float32(0.8048)]
2026-06-12 13:36:50.552041: Epoch time: 53.19 s
2026-06-12 13:36:52.409120: 
2026-06-12 13:36:52.409686: Epoch 166
2026-06-12 13:36:52.410007: Current learning rate: 0.00375
2026-06-12 13:37:45.729731: train_loss -0.6712
2026-06-12 13:37:45.730350: val_loss -0.5273
2026-06-12 13:37:45.730500: Pseudo dice [np.float32(0.8146)]
2026-06-12 13:37:45.730681: Epoch time: 53.32 s
2026-06-12 13:37:47.542823: 
2026-06-12 13:37:47.543174: Epoch 167
2026-06-12 13:37:47.543365: Current learning rate: 0.00371
2026-06-12 13:38:40.782136: train_loss -0.6815
2026-06-12 13:38:40.782683: val_loss -0.5372
2026-06-12 13:38:40.782835: Pseudo dice [np.float32(0.8147)]
2026-06-12 13:38:40.783008: Epoch time: 53.24 s
2026-06-12 13:38:42.612930: 
2026-06-12 13:38:42.613276: Epoch 168
2026-06-12 13:38:42.613467: Current learning rate: 0.00367
2026-06-12 13:39:36.194599: train_loss -0.6677
2026-06-12 13:39:36.195272: val_loss -0.5057
2026-06-12 13:39:36.195422: Pseudo dice [np.float32(0.7936)]
2026-06-12 13:39:36.195604: Epoch time: 53.58 s
2026-06-12 13:39:38.033500: 
2026-06-12 13:39:38.034070: Epoch 169
2026-06-12 13:39:38.034371: Current learning rate: 0.00363
2026-06-12 13:40:31.391845: train_loss -0.6633
2026-06-12 13:40:31.392548: val_loss -0.57
2026-06-12 13:40:31.392697: Pseudo dice [np.float32(0.8281)]
2026-06-12 13:40:31.392872: Epoch time: 53.36 s
2026-06-12 13:40:33.229144: 
2026-06-12 13:40:33.229692: Epoch 170
2026-06-12 13:40:33.229988: Current learning rate: 0.00359
2026-06-12 13:41:26.472065: train_loss -0.6633
2026-06-12 13:41:26.472605: val_loss -0.4974
2026-06-12 13:41:26.472759: Pseudo dice [np.float32(0.8143)]
2026-06-12 13:41:26.472934: Epoch time: 53.25 s
2026-06-12 13:41:28.767943: 
2026-06-12 13:41:28.768456: Epoch 171
2026-06-12 13:41:28.768664: Current learning rate: 0.00355
2026-06-12 13:42:22.180488: train_loss -0.6708
2026-06-12 13:42:22.181018: val_loss -0.5201
2026-06-12 13:42:22.181166: Pseudo dice [np.float32(0.821)]
2026-06-12 13:42:22.181334: Epoch time: 53.42 s
2026-06-12 13:42:24.014216: 
2026-06-12 13:42:24.014602: Epoch 172
2026-06-12 13:42:24.014797: Current learning rate: 0.00351
2026-06-12 13:43:17.165447: train_loss -0.6713
2026-06-12 13:43:17.165954: val_loss -0.5585
2026-06-12 13:43:17.166106: Pseudo dice [np.float32(0.8219)]
2026-06-12 13:43:17.166278: Epoch time: 53.15 s
2026-06-12 13:43:19.001488: 
2026-06-12 13:43:19.002060: Epoch 173
2026-06-12 13:43:19.002369: Current learning rate: 0.00346
2026-06-12 13:44:12.218031: train_loss -0.6826
2026-06-12 13:44:12.218715: val_loss -0.5103
2026-06-12 13:44:12.218863: Pseudo dice [np.float32(0.8101)]
2026-06-12 13:44:12.219039: Epoch time: 53.22 s
2026-06-12 13:44:14.048643: 
2026-06-12 13:44:14.049043: Epoch 174
2026-06-12 13:44:14.049303: Current learning rate: 0.00342
2026-06-12 13:45:07.295493: train_loss -0.6777
2026-06-12 13:45:07.295921: val_loss -0.5273
2026-06-12 13:45:07.296065: Pseudo dice [np.float32(0.8175)]
2026-06-12 13:45:07.296233: Epoch time: 53.25 s
2026-06-12 13:45:09.121822: 
2026-06-12 13:45:09.122203: Epoch 175
2026-06-12 13:45:09.122410: Current learning rate: 0.00338
2026-06-12 13:46:02.303312: train_loss -0.6725
2026-06-12 13:46:02.303838: val_loss -0.4758
2026-06-12 13:46:02.303992: Pseudo dice [np.float32(0.796)]
2026-06-12 13:46:02.304166: Epoch time: 53.18 s
2026-06-12 13:46:04.162823: 
2026-06-12 13:46:04.163295: Epoch 176
2026-06-12 13:46:04.163594: Current learning rate: 0.00334
2026-06-12 13:46:57.588925: train_loss -0.6833
2026-06-12 13:46:57.589487: val_loss -0.579
2026-06-12 13:46:57.589648: Pseudo dice [np.float32(0.8283)]
2026-06-12 13:46:57.589824: Epoch time: 53.43 s
2026-06-12 13:46:59.422307: 
2026-06-12 13:46:59.422925: Epoch 177
2026-06-12 13:46:59.423227: Current learning rate: 0.0033
2026-06-12 13:47:52.755147: train_loss -0.6749
2026-06-12 13:47:52.755833: val_loss -0.5035
2026-06-12 13:47:52.756034: Pseudo dice [np.float32(0.7978)]
2026-06-12 13:47:52.756215: Epoch time: 53.34 s
2026-06-12 13:47:54.598104: 
2026-06-12 13:47:54.598655: Epoch 178
2026-06-12 13:47:54.598973: Current learning rate: 0.00326
2026-06-12 13:48:47.944888: train_loss -0.6866
2026-06-12 13:48:47.945408: val_loss -0.4904
2026-06-12 13:48:47.945573: Pseudo dice [np.float32(0.7993)]
2026-06-12 13:48:47.945750: Epoch time: 53.35 s
2026-06-12 13:48:49.781772: 
2026-06-12 13:48:49.782254: Epoch 179
2026-06-12 13:48:49.782557: Current learning rate: 0.00322
2026-06-12 13:49:43.179331: train_loss -0.6849
2026-06-12 13:49:43.182996: val_loss -0.45
2026-06-12 13:49:43.183185: Pseudo dice [np.float32(0.7997)]
2026-06-12 13:49:43.183363: Epoch time: 53.4 s
2026-06-12 13:49:45.456058: 
2026-06-12 13:49:45.456514: Epoch 180
2026-06-12 13:49:45.456723: Current learning rate: 0.00318
2026-06-12 13:50:38.823497: train_loss -0.69
2026-06-12 13:50:38.824039: val_loss -0.5483
2026-06-12 13:50:38.824190: Pseudo dice [np.float32(0.8296)]
2026-06-12 13:50:38.824363: Epoch time: 53.37 s
2026-06-12 13:50:40.665669: 
2026-06-12 13:50:40.666291: Epoch 181
2026-06-12 13:50:40.666626: Current learning rate: 0.00314
2026-06-12 13:51:33.913022: train_loss -0.6859
2026-06-12 13:51:33.913548: val_loss -0.5206
2026-06-12 13:51:33.913693: Pseudo dice [np.float32(0.822)]
2026-06-12 13:51:33.913865: Epoch time: 53.25 s
2026-06-12 13:51:35.767524: 
2026-06-12 13:51:35.768166: Epoch 182
2026-06-12 13:51:35.768394: Current learning rate: 0.0031
2026-06-12 13:52:29.009688: train_loss -0.6819
2026-06-12 13:52:29.010244: val_loss -0.5786
2026-06-12 13:52:29.010424: Pseudo dice [np.float32(0.8325)]
2026-06-12 13:52:29.010617: Epoch time: 53.25 s
2026-06-12 13:52:29.010818: Yayy! New best EMA pseudo Dice: 0.8141000270843506
2026-06-12 13:52:31.456811: 
2026-06-12 13:52:31.457330: Epoch 183
2026-06-12 13:52:31.457583: Current learning rate: 0.00306
2026-06-12 13:53:25.016116: train_loss -0.6835
2026-06-12 13:53:25.016685: val_loss -0.5765
2026-06-12 13:53:25.016834: Pseudo dice [np.float32(0.8422)]
2026-06-12 13:53:25.017004: Epoch time: 53.56 s
2026-06-12 13:53:25.017133: Yayy! New best EMA pseudo Dice: 0.8169000148773193
2026-06-12 13:53:27.340534: 
2026-06-12 13:53:27.340951: Epoch 184
2026-06-12 13:53:27.341252: Current learning rate: 0.00302
2026-06-12 13:54:20.749245: train_loss -0.6846
2026-06-12 13:54:20.749853: val_loss -0.4938
2026-06-12 13:54:20.750009: Pseudo dice [np.float32(0.8017)]
2026-06-12 13:54:20.750177: Epoch time: 53.41 s
2026-06-12 13:54:22.596456: 
2026-06-12 13:54:22.597842: Epoch 185
2026-06-12 13:54:22.598171: Current learning rate: 0.00297
2026-06-12 13:55:16.156498: train_loss -0.6695
2026-06-12 13:55:16.157513: val_loss -0.5245
2026-06-12 13:55:16.157681: Pseudo dice [np.float32(0.8323)]
2026-06-12 13:55:16.157852: Epoch time: 53.56 s
2026-06-12 13:55:16.157989: Yayy! New best EMA pseudo Dice: 0.8170999884605408
2026-06-12 13:55:18.582525: 
2026-06-12 13:55:18.584032: Epoch 186
2026-06-12 13:55:18.584267: Current learning rate: 0.00293
2026-06-12 13:56:11.885775: train_loss -0.6681
2026-06-12 13:56:11.886411: val_loss -0.5396
2026-06-12 13:56:11.886566: Pseudo dice [np.float32(0.8167)]
2026-06-12 13:56:11.886741: Epoch time: 53.31 s
2026-06-12 13:56:13.728778: 
2026-06-12 13:56:13.729104: Epoch 187
2026-06-12 13:56:13.729289: Current learning rate: 0.00289
2026-06-12 13:57:07.122274: train_loss -0.67
2026-06-12 13:57:07.123127: val_loss -0.5158
2026-06-12 13:57:07.123298: Pseudo dice [np.float32(0.8149)]
2026-06-12 13:57:07.123584: Epoch time: 53.4 s
2026-06-12 13:57:09.445228: 
2026-06-12 13:57:09.445802: Epoch 188
2026-06-12 13:57:09.446087: Current learning rate: 0.00285
2026-06-12 13:58:02.709859: train_loss -0.6738
2026-06-12 13:58:02.710690: val_loss -0.4996
2026-06-12 13:58:02.710890: Pseudo dice [np.float32(0.8007)]
2026-06-12 13:58:02.711110: Epoch time: 53.27 s
2026-06-12 13:58:04.585450: 
2026-06-12 13:58:04.586404: Epoch 189
2026-06-12 13:58:04.587071: Current learning rate: 0.00281
2026-06-12 13:58:57.913390: train_loss -0.6773
2026-06-12 13:58:57.914102: val_loss -0.5114
2026-06-12 13:58:57.914256: Pseudo dice [np.float32(0.809)]
2026-06-12 13:58:57.914432: Epoch time: 53.33 s
2026-06-12 13:58:59.775982: 
2026-06-12 13:58:59.776779: Epoch 190
2026-06-12 13:58:59.776975: Current learning rate: 0.00277
2026-06-12 13:59:52.938411: train_loss -0.67
2026-06-12 13:59:52.939047: val_loss -0.5481
2026-06-12 13:59:52.939198: Pseudo dice [np.float32(0.8306)]
2026-06-12 13:59:52.939369: Epoch time: 53.17 s
2026-06-12 13:59:54.813270: 
2026-06-12 13:59:54.813747: Epoch 191
2026-06-12 13:59:54.814069: Current learning rate: 0.00273
2026-06-12 14:00:48.107477: train_loss -0.6841
2026-06-12 14:00:48.108153: val_loss -0.478
2026-06-12 14:00:48.108359: Pseudo dice [np.float32(0.7948)]
2026-06-12 14:00:48.108545: Epoch time: 53.3 s
2026-06-12 14:00:49.978383: 
2026-06-12 14:00:49.978941: Epoch 192
2026-06-12 14:00:49.979238: Current learning rate: 0.00268
2026-06-12 14:01:43.235612: train_loss -0.6804
2026-06-12 14:01:43.236158: val_loss -0.5021
2026-06-12 14:01:43.236306: Pseudo dice [np.float32(0.8003)]
2026-06-12 14:01:43.236480: Epoch time: 53.26 s
2026-06-12 14:01:45.097190: 
2026-06-12 14:01:45.097756: Epoch 193
2026-06-12 14:01:45.098061: Current learning rate: 0.00264
2026-06-12 14:02:38.322133: train_loss -0.6914
2026-06-12 14:02:38.322654: val_loss -0.5076
2026-06-12 14:02:38.322806: Pseudo dice [np.float32(0.8076)]
2026-06-12 14:02:38.322978: Epoch time: 53.23 s
2026-06-12 14:02:40.220374: 
2026-06-12 14:02:40.220902: Epoch 194
2026-06-12 14:02:40.221097: Current learning rate: 0.0026
2026-06-12 14:03:33.519700: train_loss -0.6923
2026-06-12 14:03:33.520303: val_loss -0.481
2026-06-12 14:03:33.520451: Pseudo dice [np.float32(0.806)]
2026-06-12 14:03:33.520633: Epoch time: 53.3 s
2026-06-12 14:03:35.368714: 
2026-06-12 14:03:35.369156: Epoch 195
2026-06-12 14:03:35.369362: Current learning rate: 0.00256
2026-06-12 14:04:28.550251: train_loss -0.6916
2026-06-12 14:04:28.550765: val_loss -0.489
2026-06-12 14:04:28.550917: Pseudo dice [np.float32(0.792)]
2026-06-12 14:04:28.551089: Epoch time: 53.18 s
2026-06-12 14:04:30.891935: 
2026-06-12 14:04:30.892458: Epoch 196
2026-06-12 14:04:30.892762: Current learning rate: 0.00252
2026-06-12 14:05:24.297183: train_loss -0.691
2026-06-12 14:05:24.297769: val_loss -0.5524
2026-06-12 14:05:24.297922: Pseudo dice [np.float32(0.8201)]
2026-06-12 14:05:24.298103: Epoch time: 53.41 s
2026-06-12 14:05:26.155949: 
2026-06-12 14:05:26.156383: Epoch 197
2026-06-12 14:05:26.156575: Current learning rate: 0.00248
2026-06-12 14:06:19.465347: train_loss -0.6932
2026-06-12 14:06:19.465885: val_loss -0.4908
2026-06-12 14:06:19.466033: Pseudo dice [np.float32(0.7994)]
2026-06-12 14:06:19.466206: Epoch time: 53.31 s
2026-06-12 14:06:21.341367: 
2026-06-12 14:06:21.341922: Epoch 198
2026-06-12 14:06:21.342227: Current learning rate: 0.00243
2026-06-12 14:07:14.541248: train_loss -0.6909
2026-06-12 14:07:14.541883: val_loss -0.491
2026-06-12 14:07:14.542041: Pseudo dice [np.float32(0.8033)]
2026-06-12 14:07:14.542226: Epoch time: 53.2 s
2026-06-12 14:07:16.414435: 
2026-06-12 14:07:16.414964: Epoch 199
2026-06-12 14:07:16.415152: Current learning rate: 0.00239
2026-06-12 14:08:09.906787: train_loss -0.6849
2026-06-12 14:08:09.907284: val_loss -0.4491
2026-06-12 14:08:09.907431: Pseudo dice [np.float32(0.7943)]
2026-06-12 14:08:09.907611: Epoch time: 53.5 s
2026-06-12 14:08:12.345352: 
2026-06-12 14:08:12.345743: Epoch 200
2026-06-12 14:08:12.345936: Current learning rate: 0.00235
2026-06-12 14:09:06.001036: train_loss -0.6879
2026-06-12 14:09:06.001683: val_loss -0.5641
2026-06-12 14:09:06.001840: Pseudo dice [np.float32(0.8391)]
2026-06-12 14:09:06.002016: Epoch time: 53.66 s
2026-06-12 14:09:07.874040: 
2026-06-12 14:09:07.874698: Epoch 201
2026-06-12 14:09:07.874909: Current learning rate: 0.00231
2026-06-12 14:10:01.205961: train_loss -0.6883
2026-06-12 14:10:01.206569: val_loss -0.4886
2026-06-12 14:10:01.206724: Pseudo dice [np.float32(0.7915)]
2026-06-12 14:10:01.206894: Epoch time: 53.34 s
2026-06-12 14:10:03.078064: 
2026-06-12 14:10:03.078661: Epoch 202
2026-06-12 14:10:03.078882: Current learning rate: 0.00226
2026-06-12 14:10:56.343894: train_loss -0.6956
2026-06-12 14:10:56.344430: val_loss -0.5088
2026-06-12 14:10:56.344598: Pseudo dice [np.float32(0.8087)]
2026-06-12 14:10:56.344772: Epoch time: 53.27 s
2026-06-12 14:10:58.256674: 
2026-06-12 14:10:58.257196: Epoch 203
2026-06-12 14:10:58.257389: Current learning rate: 0.00222
2026-06-12 14:11:51.451726: train_loss -0.6929
2026-06-12 14:11:51.452340: val_loss -0.5096
2026-06-12 14:11:51.452518: Pseudo dice [np.float32(0.81)]
2026-06-12 14:11:51.452718: Epoch time: 53.2 s
2026-06-12 14:11:53.773412: 
2026-06-12 14:11:53.773869: Epoch 204
2026-06-12 14:11:53.774042: Current learning rate: 0.00218
2026-06-12 14:12:46.938397: train_loss -0.6951
2026-06-12 14:12:46.939015: val_loss -0.5306
2026-06-12 14:12:46.939191: Pseudo dice [np.float32(0.8173)]
2026-06-12 14:12:46.939370: Epoch time: 53.17 s
2026-06-12 14:12:48.809779: 
2026-06-12 14:12:48.810285: Epoch 205
2026-06-12 14:12:48.810649: Current learning rate: 0.00214
2026-06-12 14:13:42.183320: train_loss -0.6915
2026-06-12 14:13:42.183885: val_loss -0.476
2026-06-12 14:13:42.184030: Pseudo dice [np.float32(0.7959)]
2026-06-12 14:13:42.184195: Epoch time: 53.38 s
2026-06-12 14:13:43.989768: 
2026-06-12 14:13:43.990337: Epoch 206
2026-06-12 14:13:43.990544: Current learning rate: 0.00209
2026-06-12 14:14:37.479469: train_loss -0.6856
2026-06-12 14:14:37.480063: val_loss -0.5191
2026-06-12 14:14:37.480212: Pseudo dice [np.float32(0.8051)]
2026-06-12 14:14:37.480379: Epoch time: 53.49 s
2026-06-12 14:14:39.275254: 
2026-06-12 14:14:39.275717: Epoch 207
2026-06-12 14:14:39.275918: Current learning rate: 0.00205
2026-06-12 14:15:32.427983: train_loss -0.6857
2026-06-12 14:15:32.428585: val_loss -0.556
2026-06-12 14:15:32.428731: Pseudo dice [np.float32(0.8327)]
2026-06-12 14:15:32.428947: Epoch time: 53.16 s
2026-06-12 14:15:34.233353: 
2026-06-12 14:15:34.233918: Epoch 208
2026-06-12 14:15:34.234131: Current learning rate: 0.00201
2026-06-12 14:16:27.512687: train_loss -0.6892
2026-06-12 14:16:27.513172: val_loss -0.5303
2026-06-12 14:16:27.513317: Pseudo dice [np.float32(0.82)]
2026-06-12 14:16:27.513484: Epoch time: 53.28 s
2026-06-12 14:16:29.308478: 
2026-06-12 14:16:29.309016: Epoch 209
2026-06-12 14:16:29.309313: Current learning rate: 0.00196
2026-06-12 14:17:22.788295: train_loss -0.6955
2026-06-12 14:17:22.788794: val_loss -0.4925
2026-06-12 14:17:22.788943: Pseudo dice [np.float32(0.8073)]
2026-06-12 14:17:22.789106: Epoch time: 53.48 s
2026-06-12 14:17:24.587656: 
2026-06-12 14:17:24.588261: Epoch 210
2026-06-12 14:17:24.588581: Current learning rate: 0.00192
2026-06-12 14:18:17.893606: train_loss -0.6879
2026-06-12 14:18:17.894248: val_loss -0.5539
2026-06-12 14:18:17.894405: Pseudo dice [np.float32(0.8276)]
2026-06-12 14:18:17.894591: Epoch time: 53.31 s
2026-06-12 14:18:19.694477: 
2026-06-12 14:18:19.694905: Epoch 211
2026-06-12 14:18:19.695118: Current learning rate: 0.00188
2026-06-12 14:19:12.957888: train_loss -0.7007
2026-06-12 14:19:12.958519: val_loss -0.5157
2026-06-12 14:19:12.959016: Pseudo dice [np.float32(0.8059)]
2026-06-12 14:19:12.959294: Epoch time: 53.27 s
2026-06-12 14:19:14.764377: 
2026-06-12 14:19:14.764764: Epoch 212
2026-06-12 14:19:14.764948: Current learning rate: 0.00184
2026-06-12 14:20:07.944739: train_loss -0.6898
2026-06-12 14:20:07.945323: val_loss -0.5035
2026-06-12 14:20:07.945467: Pseudo dice [np.float32(0.7968)]
2026-06-12 14:20:07.945649: Epoch time: 53.18 s
2026-06-12 14:20:10.170243: 
2026-06-12 14:20:10.170838: Epoch 213
2026-06-12 14:20:10.171141: Current learning rate: 0.00179
2026-06-12 14:21:03.637058: train_loss -0.6856
2026-06-12 14:21:03.637690: val_loss -0.5216
2026-06-12 14:21:03.637842: Pseudo dice [np.float32(0.8092)]
2026-06-12 14:21:03.638015: Epoch time: 53.47 s
2026-06-12 14:21:05.426968: 
2026-06-12 14:21:05.427589: Epoch 214
2026-06-12 14:21:05.427912: Current learning rate: 0.00175
2026-06-12 14:21:58.734084: train_loss -0.6948
2026-06-12 14:21:58.734743: val_loss -0.5072
2026-06-12 14:21:58.734893: Pseudo dice [np.float32(0.8037)]
2026-06-12 14:21:58.735062: Epoch time: 53.31 s
2026-06-12 14:22:00.508221: 
2026-06-12 14:22:00.508765: Epoch 215
2026-06-12 14:22:00.509013: Current learning rate: 0.0017
2026-06-12 14:22:54.002091: train_loss -0.6927
2026-06-12 14:22:54.002768: val_loss -0.4643
2026-06-12 14:22:54.002919: Pseudo dice [np.float32(0.7869)]
2026-06-12 14:22:54.003093: Epoch time: 53.5 s
2026-06-12 14:22:55.796171: 
2026-06-12 14:22:55.796893: Epoch 216
2026-06-12 14:22:55.797207: Current learning rate: 0.00166
2026-06-12 14:23:49.165837: train_loss -0.6999
2026-06-12 14:23:49.166452: val_loss -0.5075
2026-06-12 14:23:49.166610: Pseudo dice [np.float32(0.8047)]
2026-06-12 14:23:49.166782: Epoch time: 53.37 s
2026-06-12 14:23:50.956428: 
2026-06-12 14:23:50.957126: Epoch 217
2026-06-12 14:23:50.957438: Current learning rate: 0.00162
2026-06-12 14:24:44.384562: train_loss -0.6926
2026-06-12 14:24:44.385062: val_loss -0.5575
2026-06-12 14:24:44.385206: Pseudo dice [np.float32(0.8252)]
2026-06-12 14:24:44.385380: Epoch time: 53.43 s
2026-06-12 14:24:46.175694: 
2026-06-12 14:24:46.176101: Epoch 218
2026-06-12 14:24:46.176319: Current learning rate: 0.00157
2026-06-12 14:25:39.524264: train_loss -0.7014
2026-06-12 14:25:39.524756: val_loss -0.5355
2026-06-12 14:25:39.524901: Pseudo dice [np.float32(0.8189)]
2026-06-12 14:25:39.525069: Epoch time: 53.35 s
2026-06-12 14:25:41.324435: 
2026-06-12 14:25:41.324913: Epoch 219
2026-06-12 14:25:41.325297: Current learning rate: 0.00153
2026-06-12 14:26:34.731652: train_loss -0.7019
2026-06-12 14:26:34.732374: val_loss -0.5277
2026-06-12 14:26:34.732547: Pseudo dice [np.float32(0.8074)]
2026-06-12 14:26:34.732724: Epoch time: 53.41 s
2026-06-12 14:26:36.530277: 
2026-06-12 14:26:36.530872: Epoch 220
2026-06-12 14:26:36.531202: Current learning rate: 0.00148
2026-06-12 14:27:29.889099: train_loss -0.6979
2026-06-12 14:27:29.889752: val_loss -0.5218
2026-06-12 14:27:29.889901: Pseudo dice [np.float32(0.8117)]
2026-06-12 14:27:29.890069: Epoch time: 53.36 s
2026-06-12 14:27:31.684855: 
2026-06-12 14:27:31.685380: Epoch 221
2026-06-12 14:27:31.685704: Current learning rate: 0.00144
2026-06-12 14:28:25.104913: train_loss -0.6912
2026-06-12 14:28:25.105521: val_loss -0.4292
2026-06-12 14:28:25.105679: Pseudo dice [np.float32(0.7779)]
2026-06-12 14:28:25.105848: Epoch time: 53.42 s
2026-06-12 14:28:27.353352: 
2026-06-12 14:28:27.353883: Epoch 222
2026-06-12 14:28:27.354167: Current learning rate: 0.00139
2026-06-12 14:29:20.863151: train_loss -0.6967
2026-06-12 14:29:20.863750: val_loss -0.5202
2026-06-12 14:29:20.863904: Pseudo dice [np.float32(0.8112)]
2026-06-12 14:29:20.864078: Epoch time: 53.51 s
2026-06-12 14:29:22.661594: 
2026-06-12 14:29:22.662237: Epoch 223
2026-06-12 14:29:22.662566: Current learning rate: 0.00135
2026-06-12 14:30:15.996723: train_loss -0.6969
2026-06-12 14:30:15.997246: val_loss -0.5331
2026-06-12 14:30:15.997416: Pseudo dice [np.float32(0.8144)]
2026-06-12 14:30:15.997602: Epoch time: 53.34 s
2026-06-12 14:30:17.784358: 
2026-06-12 14:30:17.784794: Epoch 224
2026-06-12 14:30:17.785100: Current learning rate: 0.0013
2026-06-12 14:31:11.226481: train_loss -0.7016
2026-06-12 14:31:11.227116: val_loss -0.4913
2026-06-12 14:31:11.227268: Pseudo dice [np.float32(0.8078)]
2026-06-12 14:31:11.227442: Epoch time: 53.45 s
2026-06-12 14:31:13.027837: 
2026-06-12 14:31:13.028301: Epoch 225
2026-06-12 14:31:13.028503: Current learning rate: 0.00126
2026-06-12 14:32:06.301533: train_loss -0.698
2026-06-12 14:32:06.302013: val_loss -0.5303
2026-06-12 14:32:06.302155: Pseudo dice [np.float32(0.8165)]
2026-06-12 14:32:06.302327: Epoch time: 53.28 s
2026-06-12 14:32:08.093037: 
2026-06-12 14:32:08.093606: Epoch 226
2026-06-12 14:32:08.093811: Current learning rate: 0.00121
2026-06-12 14:33:01.446880: train_loss -0.6972
2026-06-12 14:33:01.447390: val_loss -0.5078
2026-06-12 14:33:01.447546: Pseudo dice [np.float32(0.8079)]
2026-06-12 14:33:01.447765: Epoch time: 53.36 s
2026-06-12 14:33:03.231192: 
2026-06-12 14:33:03.231756: Epoch 227
2026-06-12 14:33:03.232073: Current learning rate: 0.00117
2026-06-12 14:33:56.398673: train_loss -0.7068
2026-06-12 14:33:56.399129: val_loss -0.5068
2026-06-12 14:33:56.399271: Pseudo dice [np.float32(0.806)]
2026-06-12 14:33:56.399437: Epoch time: 53.17 s
2026-06-12 14:33:58.193347: 
2026-06-12 14:33:58.193923: Epoch 228
2026-06-12 14:33:58.194228: Current learning rate: 0.00112
2026-06-12 14:34:51.449233: train_loss -0.7025
2026-06-12 14:34:51.449996: val_loss -0.4528
2026-06-12 14:34:51.450172: Pseudo dice [np.float32(0.7835)]
2026-06-12 14:34:51.450344: Epoch time: 53.26 s
2026-06-12 14:34:53.242597: 
2026-06-12 14:34:53.243103: Epoch 229
2026-06-12 14:34:53.243419: Current learning rate: 0.00108
2026-06-12 14:35:46.448363: train_loss -0.6976
2026-06-12 14:35:46.448875: val_loss -0.5273
2026-06-12 14:35:46.449028: Pseudo dice [np.float32(0.8113)]
2026-06-12 14:35:46.449200: Epoch time: 53.21 s
2026-06-12 14:35:48.233725: 
2026-06-12 14:35:48.234262: Epoch 230
2026-06-12 14:35:48.234576: Current learning rate: 0.00103
2026-06-12 14:36:41.477946: train_loss -0.7028
2026-06-12 14:36:41.478483: val_loss -0.4857
2026-06-12 14:36:41.478637: Pseudo dice [np.float32(0.799)]
2026-06-12 14:36:41.478806: Epoch time: 53.25 s
2026-06-12 14:36:43.682730: 
2026-06-12 14:36:43.683339: Epoch 231
2026-06-12 14:36:43.683653: Current learning rate: 0.00098
2026-06-12 14:37:36.997906: train_loss -0.7018
2026-06-12 14:37:36.998550: val_loss -0.5135
2026-06-12 14:37:36.998705: Pseudo dice [np.float32(0.8072)]
2026-06-12 14:37:36.998882: Epoch time: 53.32 s
2026-06-12 14:37:38.786003: 
2026-06-12 14:37:38.786514: Epoch 232
2026-06-12 14:37:38.786821: Current learning rate: 0.00094
2026-06-12 14:38:31.987304: train_loss -0.709
2026-06-12 14:38:31.987797: val_loss -0.4874
2026-06-12 14:38:31.987946: Pseudo dice [np.float32(0.8008)]
2026-06-12 14:38:31.988117: Epoch time: 53.2 s
2026-06-12 14:38:33.775965: 
2026-06-12 14:38:33.776646: Epoch 233
2026-06-12 14:38:33.776956: Current learning rate: 0.00089
2026-06-12 14:39:27.147612: train_loss -0.6991
2026-06-12 14:39:27.148216: val_loss -0.4672
2026-06-12 14:39:27.148370: Pseudo dice [np.float32(0.793)]
2026-06-12 14:39:27.148546: Epoch time: 53.37 s
2026-06-12 14:39:28.950703: 
2026-06-12 14:39:28.951432: Epoch 234
2026-06-12 14:39:28.951770: Current learning rate: 0.00084
2026-06-12 14:40:22.419950: train_loss -0.7015
2026-06-12 14:40:22.423853: val_loss -0.5198
2026-06-12 14:40:22.424005: Pseudo dice [np.float32(0.7985)]
2026-06-12 14:40:22.424173: Epoch time: 53.47 s
2026-06-12 14:40:24.215208: 
2026-06-12 14:40:24.215667: Epoch 235
2026-06-12 14:40:24.215978: Current learning rate: 0.00079
2026-06-12 14:41:17.615385: train_loss -0.7075
2026-06-12 14:41:17.615934: val_loss -0.4693
2026-06-12 14:41:17.616097: Pseudo dice [np.float32(0.7922)]
2026-06-12 14:41:17.616276: Epoch time: 53.4 s
2026-06-12 14:41:19.409390: 
2026-06-12 14:41:19.409998: Epoch 236
2026-06-12 14:41:19.410344: Current learning rate: 0.00075
2026-06-12 14:42:12.777518: train_loss -0.7057
2026-06-12 14:42:12.778172: val_loss -0.5001
2026-06-12 14:42:12.778424: Pseudo dice [np.float32(0.8024)]
2026-06-12 14:42:12.778622: Epoch time: 53.37 s
2026-06-12 14:42:14.579869: 
2026-06-12 14:42:14.580458: Epoch 237
2026-06-12 14:42:14.580819: Current learning rate: 0.0007
2026-06-12 14:43:07.886513: train_loss -0.699
2026-06-12 14:43:07.887028: val_loss -0.5121
2026-06-12 14:43:07.887180: Pseudo dice [np.float32(0.8043)]
2026-06-12 14:43:07.887349: Epoch time: 53.31 s
2026-06-12 14:43:09.667328: 
2026-06-12 14:43:09.667610: Epoch 238
2026-06-12 14:43:09.667828: Current learning rate: 0.00065
2026-06-12 14:44:03.170325: train_loss -0.7042
2026-06-12 14:44:03.171002: val_loss -0.5023
2026-06-12 14:44:03.171175: Pseudo dice [np.float32(0.8028)]
2026-06-12 14:44:03.171347: Epoch time: 53.51 s
2026-06-12 14:44:04.953922: 
2026-06-12 14:44:04.954293: Epoch 239
2026-06-12 14:44:04.954481: Current learning rate: 0.0006
2026-06-12 14:44:58.088002: train_loss -0.6997
2026-06-12 14:44:58.088712: val_loss -0.5016
2026-06-12 14:44:58.088856: Pseudo dice [np.float32(0.8059)]
2026-06-12 14:44:58.089022: Epoch time: 53.14 s
2026-06-12 14:45:00.330434: 
2026-06-12 14:45:00.331073: Epoch 240
2026-06-12 14:45:00.331423: Current learning rate: 0.00055
2026-06-12 14:45:53.614929: train_loss -0.7086
2026-06-12 14:45:53.615489: val_loss -0.5305
2026-06-12 14:45:53.615654: Pseudo dice [np.float32(0.8117)]
2026-06-12 14:45:53.615825: Epoch time: 53.29 s
2026-06-12 14:45:55.425821: 
2026-06-12 14:45:55.426387: Epoch 241
2026-06-12 14:45:55.426696: Current learning rate: 0.0005
2026-06-12 14:46:48.563109: train_loss -0.7002
2026-06-12 14:46:48.563657: val_loss -0.5136
2026-06-12 14:46:48.563808: Pseudo dice [np.float32(0.8128)]
2026-06-12 14:46:48.563984: Epoch time: 53.14 s
2026-06-12 14:46:50.363898: 
2026-06-12 14:46:50.364465: Epoch 242
2026-06-12 14:46:50.364769: Current learning rate: 0.00045
2026-06-12 14:47:43.543641: train_loss -0.704
2026-06-12 14:47:43.544110: val_loss -0.5002
2026-06-12 14:47:43.544253: Pseudo dice [np.float32(0.8047)]
2026-06-12 14:47:43.544423: Epoch time: 53.18 s
2026-06-12 14:47:45.370803: 
2026-06-12 14:47:45.371309: Epoch 243
2026-06-12 14:47:45.371515: Current learning rate: 0.0004
2026-06-12 14:48:38.782898: train_loss -0.6994
2026-06-12 14:48:38.783416: val_loss -0.5338
2026-06-12 14:48:38.783573: Pseudo dice [np.float32(0.8164)]
2026-06-12 14:48:38.783739: Epoch time: 53.42 s
2026-06-12 14:48:40.598292: 
2026-06-12 14:48:40.598740: Epoch 244
2026-06-12 14:48:40.598924: Current learning rate: 0.00035
2026-06-12 14:49:33.764605: train_loss -0.7064
2026-06-12 14:49:33.766039: val_loss -0.5425
2026-06-12 14:49:33.766189: Pseudo dice [np.float32(0.8193)]
2026-06-12 14:49:33.766357: Epoch time: 53.17 s
2026-06-12 14:49:35.635081: 
2026-06-12 14:49:35.635972: Epoch 245
2026-06-12 14:49:35.636232: Current learning rate: 0.0003
2026-06-12 14:50:28.909264: train_loss -0.7091
2026-06-12 14:50:28.909929: val_loss -0.4945
2026-06-12 14:50:28.910086: Pseudo dice [np.float32(0.7974)]
2026-06-12 14:50:28.910271: Epoch time: 53.28 s
2026-06-12 14:50:30.734929: 
2026-06-12 14:50:30.735693: Epoch 246
2026-06-12 14:50:30.735876: Current learning rate: 0.00024
2026-06-12 14:51:23.946226: train_loss -0.7095
2026-06-12 14:51:23.946805: val_loss -0.4891
2026-06-12 14:51:23.946969: Pseudo dice [np.float32(0.8011)]
2026-06-12 14:51:23.947167: Epoch time: 53.21 s
2026-06-12 14:51:25.772464: 
2026-06-12 14:51:25.772935: Epoch 247
2026-06-12 14:51:25.773260: Current learning rate: 0.00019
2026-06-12 14:52:19.373677: train_loss -0.7076
2026-06-12 14:52:19.374189: val_loss -0.5276
2026-06-12 14:52:19.374331: Pseudo dice [np.float32(0.8134)]
2026-06-12 14:52:19.374500: Epoch time: 53.61 s
2026-06-12 14:52:21.204943: 
2026-06-12 14:52:21.205738: Epoch 248
2026-06-12 14:52:21.205989: Current learning rate: 0.00013
2026-06-12 14:53:14.652998: train_loss -0.7048
2026-06-12 14:53:14.653642: val_loss -0.5148
2026-06-12 14:53:14.653812: Pseudo dice [np.float32(0.8156)]
2026-06-12 14:53:14.653988: Epoch time: 53.45 s
2026-06-12 14:53:16.905103: 
2026-06-12 14:53:16.905886: Epoch 249
2026-06-12 14:53:16.906114: Current learning rate: 7e-05
2026-06-12 14:54:10.146736: train_loss -0.7097
2026-06-12 14:54:10.147279: val_loss -0.5554
2026-06-12 14:54:10.147440: Pseudo dice [np.float32(0.827)]
2026-06-12 14:54:10.147679: Epoch time: 53.24 s
2026-06-12 14:54:12.771085: Training done.
2026-06-12 14:54:12.903686: Using splits from existing split file: /gpfs/data/ravenlab/micmac/nnUNet_preprocessed/Dataset001_BinaryTask/splits_final.json
2026-06-12 14:54:12.904030: The split file contains 5 splits.
2026-06-12 14:54:12.904130: Desired fold for training: 4
2026-06-12 14:54:12.904220: This split has 8 training and 2 validation cases.
2026-06-12 14:54:12.904400: predicting 41759_G_090_slice_1_1
2026-06-12 14:54:14.059140: 41759_G_090_slice_1_1, shape torch.Size([1, 1, 10000, 10000]), rank 0
2026-06-12 14:54:57.029815: predicting 41759_G_120_slice_0_2
2026-06-12 14:54:57.074700: 41759_G_120_slice_0_2, shape torch.Size([1, 1, 1263, 6741]), rank 0
2026-06-12 14:55:15.373780: Validation complete
2026-06-12 14:55:15.373948: Mean Validation Dice:  0.8097671238534483
