Launching parallel training for 2D config, Fold 1 using 250-epoch trainer preset...

############################
INFO: You are using the old nnU-Net default plans. We have updated our recommendations. Please consider using those instead! Read more here: https://github.com/MIC-DKFZ/nnUNet/blob/master/documentation/resenc_presets.md
############################

Using device: cuda:0

#######################################################################
Please cite the following paper when using nnU-Net:
Isensee, F., Jaeger, P. F., Kohl, S. A., Petersen, J., & Maier-Hein, K. H. (2021). nnU-Net: a self-configuring method for deep learning-based biomedical image segmentation. Nature methods, 18(2), 203-211.
#######################################################################

2026-06-12 11:02:23.444843: do_dummy_2d_data_aug: False
2026-06-12 11:02:23.446302: Using splits from existing split file: /gpfs/data/ravenlab/micmac/nnUNet_preprocessed/Dataset001_BinaryTask/splits_final.json
2026-06-12 11:02:23.446810: The split file contains 5 splits.
2026-06-12 11:02:23.446912: Desired fold for training: 1
2026-06-12 11:02:23.446999: This split has 8 training and 2 validation cases.
using pin_memory on device 0
using pin_memory on device 0

This is the configuration used by this training:
Configuration name: 2d
 {'data_identifier': 'nnUNetPlans_2d', 'preprocessor_name': 'DefaultPreprocessor', 'batch_size': 2, 'patch_size': [1024, 1536], 'median_image_size_in_voxels': [5082.0, 7637.0], 'spacing': [1.0, 1.0], 'normalization_schemes': ['ZScoreNormalization'], 'use_mask_for_norm': [True], 'resampling_fn_data': 'resample_data_or_seg_to_shape', 'resampling_fn_seg': 'resample_data_or_seg_to_shape', 'resampling_fn_data_kwargs': {'is_seg': False, 'order': 3, 'order_z': 0, 'force_separate_z': None}, 'resampling_fn_seg_kwargs': {'is_seg': True, 'order': 1, 'order_z': 0, 'force_separate_z': None}, 'resampling_fn_probabilities': 'resample_data_or_seg_to_shape', 'resampling_fn_probabilities_kwargs': {'is_seg': False, 'order': 1, 'order_z': 0, 'force_separate_z': None}, 'architecture': {'network_class_name': 'dynamic_network_architectures.architectures.unet.PlainConvUNet', 'arch_kwargs': {'n_stages': 9, 'features_per_stage': [32, 64, 128, 256, 512, 512, 512, 512, 512], 'conv_op': 'torch.nn.modules.conv.Conv2d', 'kernel_sizes': [[3, 3], [3, 3], [3, 3], [3, 3], [3, 3], [3, 3], [3, 3], [3, 3], [3, 3]], 'strides': [[1, 1], [2, 2], [2, 2], [2, 2], [2, 2], [2, 2], [2, 2], [2, 2], [2, 2]], 'n_conv_per_stage': [2, 2, 2, 2, 2, 2, 2, 2, 2], 'n_conv_per_stage_decoder': [2, 2, 2, 2, 2, 2, 2, 2], 'conv_bias': True, 'norm_op': 'torch.nn.modules.instancenorm.InstanceNorm2d', 'norm_op_kwargs': {'eps': 1e-05, 'affine': True}, 'dropout_op': None, 'dropout_op_kwargs': None, 'nonlin': 'torch.nn.LeakyReLU', 'nonlin_kwargs': {'inplace': True}}, '_kw_requires_import': ['conv_op', 'norm_op', 'dropout_op', 'nonlin']}, 'batch_dice': True} 

These are the global plan.json settings:
 {'dataset_name': 'Dataset001_BinaryTask', 'plans_name': 'nnUNetPlans', 'original_median_spacing_after_transp': [999.0, 1.0, 1.0], 'original_median_shape_after_transp': [1, 5082, 7637], 'image_reader_writer': 'NaturalImage2DIO', 'transpose_forward': [0, 1, 2], 'transpose_backward': [0, 1, 2], 'experiment_planner_used': 'ExperimentPlanner', 'label_manager': 'LabelManager', 'foreground_intensity_properties_per_channel': {'0': {'max': 252.0, 'mean': 125.24241638183594, 'median': 123.0, 'min': 0.0, 'percentile_00_5': 48.0, 'percentile_99_5': 214.0, 'std': 34.663818359375}}} 

2026-06-12 11:02:30.665013: Unable to plot network architecture:
2026-06-12 11:02:30.665173: No module named 'hiddenlayer'
2026-06-12 11:02:30.776365: 
2026-06-12 11:02:30.776574: Epoch 0
2026-06-12 11:02:30.776863: Current learning rate: 0.01
2026-06-12 11:04:45.633976: train_loss -0.2345
2026-06-12 11:04:45.637989: val_loss -0.2649
2026-06-12 11:04:45.638207: Pseudo dice [np.float32(0.741)]
2026-06-12 11:04:45.638471: Epoch time: 134.86 s
2026-06-12 11:04:45.638640: Yayy! New best EMA pseudo Dice: 0.7409999966621399
2026-06-12 11:04:48.137496: 
2026-06-12 11:04:48.137931: Epoch 1
2026-06-12 11:04:48.138115: Current learning rate: 0.00996
2026-06-12 11:05:41.396352: train_loss -0.4019
2026-06-12 11:05:41.397114: val_loss -0.306
2026-06-12 11:05:41.397268: Pseudo dice [np.float32(0.7501)]
2026-06-12 11:05:41.397488: Epoch time: 53.26 s
2026-06-12 11:05:41.401906: Yayy! New best EMA pseudo Dice: 0.7419000267982483
2026-06-12 11:05:43.693934: 
2026-06-12 11:05:43.694913: Epoch 2
2026-06-12 11:05:43.695267: Current learning rate: 0.00993
2026-06-12 11:06:36.746049: train_loss -0.4374
2026-06-12 11:06:36.746768: val_loss -0.3426
2026-06-12 11:06:36.746949: Pseudo dice [np.float32(0.7532)]
2026-06-12 11:06:36.747128: Epoch time: 53.06 s
2026-06-12 11:06:36.747269: Yayy! New best EMA pseudo Dice: 0.7429999709129333
2026-06-12 11:06:39.084321: 
2026-06-12 11:06:39.084845: Epoch 3
2026-06-12 11:06:39.085137: Current learning rate: 0.00989
2026-06-12 11:07:32.220757: train_loss -0.4675
2026-06-12 11:07:32.221312: val_loss -0.3747
2026-06-12 11:07:32.221466: Pseudo dice [np.float32(0.7871)]
2026-06-12 11:07:32.221660: Epoch time: 53.14 s
2026-06-12 11:07:32.221793: Yayy! New best EMA pseudo Dice: 0.7473999857902527
2026-06-12 11:07:34.369949: 
2026-06-12 11:07:34.370377: Epoch 4
2026-06-12 11:07:34.370589: Current learning rate: 0.00986
2026-06-12 11:08:27.372969: train_loss -0.4783
2026-06-12 11:08:27.373629: val_loss -0.3822
2026-06-12 11:08:27.373778: Pseudo dice [np.float32(0.7666)]
2026-06-12 11:08:27.373988: Epoch time: 53.01 s
2026-06-12 11:08:27.374127: Yayy! New best EMA pseudo Dice: 0.7493000030517578
2026-06-12 11:08:29.604194: 
2026-06-12 11:08:29.604601: Epoch 5
2026-06-12 11:08:29.604812: Current learning rate: 0.00982
2026-06-12 11:09:22.775258: train_loss -0.4869
2026-06-12 11:09:22.775878: val_loss -0.3742
2026-06-12 11:09:22.776044: Pseudo dice [np.float32(0.7526)]
2026-06-12 11:09:22.776227: Epoch time: 53.17 s
2026-06-12 11:09:22.776358: Yayy! New best EMA pseudo Dice: 0.7497000098228455
2026-06-12 11:09:24.932480: 
2026-06-12 11:09:24.933054: Epoch 6
2026-06-12 11:09:24.933422: Current learning rate: 0.00978
2026-06-12 11:10:17.935791: train_loss -0.4724
2026-06-12 11:10:17.936287: val_loss -0.4052
2026-06-12 11:10:17.936435: Pseudo dice [np.float32(0.7726)]
2026-06-12 11:10:17.936618: Epoch time: 53.01 s
2026-06-12 11:10:17.936752: Yayy! New best EMA pseudo Dice: 0.7519999742507935
2026-06-12 11:10:20.167280: 
2026-06-12 11:10:20.167827: Epoch 7
2026-06-12 11:10:20.168046: Current learning rate: 0.00975
2026-06-12 11:11:13.223722: train_loss -0.5017
2026-06-12 11:11:13.224463: val_loss -0.4226
2026-06-12 11:11:13.224669: Pseudo dice [np.float32(0.7811)]
2026-06-12 11:11:13.224853: Epoch time: 53.06 s
2026-06-12 11:11:13.224989: Yayy! New best EMA pseudo Dice: 0.7548999786376953
2026-06-12 11:11:15.494859: 
2026-06-12 11:11:15.495229: Epoch 8
2026-06-12 11:11:15.495420: Current learning rate: 0.00971
2026-06-12 11:12:08.536683: train_loss -0.5049
2026-06-12 11:12:08.537254: val_loss -0.382
2026-06-12 11:12:08.537406: Pseudo dice [np.float32(0.7561)]
2026-06-12 11:12:08.537591: Epoch time: 53.05 s
2026-06-12 11:12:08.537729: Yayy! New best EMA pseudo Dice: 0.7549999952316284
2026-06-12 11:12:11.474443: 
2026-06-12 11:12:11.474949: Epoch 9
2026-06-12 11:12:11.475343: Current learning rate: 0.00968
2026-06-12 11:13:04.411281: train_loss -0.5092
2026-06-12 11:13:04.411913: val_loss -0.3161
2026-06-12 11:13:04.412070: Pseudo dice [np.float32(0.7372)]
2026-06-12 11:13:04.412286: Epoch time: 52.94 s
2026-06-12 11:13:06.140050: 
2026-06-12 11:13:06.140512: Epoch 10
2026-06-12 11:13:06.140723: Current learning rate: 0.00964
2026-06-12 11:13:59.085789: train_loss -0.5186
2026-06-12 11:13:59.086301: val_loss -0.2987
2026-06-12 11:13:59.086451: Pseudo dice [np.float32(0.7468)]
2026-06-12 11:13:59.086635: Epoch time: 52.95 s
2026-06-12 11:14:00.808790: 
2026-06-12 11:14:00.809244: Epoch 11
2026-06-12 11:14:00.809441: Current learning rate: 0.0096
2026-06-12 11:14:53.950665: train_loss -0.4939
2026-06-12 11:14:53.951235: val_loss -0.4216
2026-06-12 11:14:53.951417: Pseudo dice [np.float32(0.7831)]
2026-06-12 11:14:53.951683: Epoch time: 53.15 s
2026-06-12 11:14:53.951847: Yayy! New best EMA pseudo Dice: 0.7555999755859375
2026-06-12 11:14:56.208911: 
2026-06-12 11:14:56.209422: Epoch 12
2026-06-12 11:14:56.209781: Current learning rate: 0.00957
2026-06-12 11:15:49.250460: train_loss -0.5055
2026-06-12 11:15:49.250973: val_loss -0.3461
2026-06-12 11:15:49.251130: Pseudo dice [np.float32(0.7219)]
2026-06-12 11:15:49.251307: Epoch time: 53.04 s
2026-06-12 11:15:50.994747: 
2026-06-12 11:15:50.995142: Epoch 13
2026-06-12 11:15:50.995428: Current learning rate: 0.00953
2026-06-12 11:16:44.070843: train_loss -0.5187
2026-06-12 11:16:44.071488: val_loss -0.3655
2026-06-12 11:16:44.071647: Pseudo dice [np.float32(0.7619)]
2026-06-12 11:16:44.071825: Epoch time: 53.08 s
2026-06-12 11:16:45.798181: 
2026-06-12 11:16:45.798754: Epoch 14
2026-06-12 11:16:45.799055: Current learning rate: 0.00949
2026-06-12 11:17:38.782699: train_loss -0.5206
2026-06-12 11:17:38.783237: val_loss -0.3422
2026-06-12 11:17:38.783389: Pseudo dice [np.float32(0.7533)]
2026-06-12 11:17:38.783568: Epoch time: 52.99 s
2026-06-12 11:17:40.533716: 
2026-06-12 11:17:40.534196: Epoch 15
2026-06-12 11:17:40.535091: Current learning rate: 0.00946
2026-06-12 11:18:33.644564: train_loss -0.5141
2026-06-12 11:18:33.645325: val_loss -0.3404
2026-06-12 11:18:33.645493: Pseudo dice [np.float32(0.721)]
2026-06-12 11:18:33.645682: Epoch time: 53.11 s
2026-06-12 11:18:35.400716: 
2026-06-12 11:18:35.401118: Epoch 16
2026-06-12 11:18:35.401413: Current learning rate: 0.00942
2026-06-12 11:19:28.581083: train_loss -0.5375
2026-06-12 11:19:28.581644: val_loss -0.3057
2026-06-12 11:19:28.581804: Pseudo dice [np.float32(0.7237)]
2026-06-12 11:19:28.581980: Epoch time: 53.18 s
2026-06-12 11:19:30.355709: 
2026-06-12 11:19:30.356162: Epoch 17
2026-06-12 11:19:30.356364: Current learning rate: 0.00939
2026-06-12 11:20:23.406120: train_loss -0.5277
2026-06-12 11:20:23.406655: val_loss -0.381
2026-06-12 11:20:23.406862: Pseudo dice [np.float32(0.7509)]
2026-06-12 11:20:23.407047: Epoch time: 53.05 s
2026-06-12 11:20:25.608368: 
2026-06-12 11:20:25.608869: Epoch 18
2026-06-12 11:20:25.609049: Current learning rate: 0.00935
2026-06-12 11:21:18.935951: train_loss -0.5545
2026-06-12 11:21:18.936739: val_loss -0.3171
2026-06-12 11:21:18.936910: Pseudo dice [np.float32(0.752)]
2026-06-12 11:21:18.937094: Epoch time: 53.33 s
2026-06-12 11:21:20.720226: 
2026-06-12 11:21:20.720762: Epoch 19
2026-06-12 11:21:20.721052: Current learning rate: 0.00931
2026-06-12 11:22:13.801676: train_loss -0.5551
2026-06-12 11:22:13.802397: val_loss -0.317
2026-06-12 11:22:13.802564: Pseudo dice [np.float32(0.7423)]
2026-06-12 11:22:13.802749: Epoch time: 53.08 s
2026-06-12 11:22:15.587145: 
2026-06-12 11:22:15.587500: Epoch 20
2026-06-12 11:22:15.587709: Current learning rate: 0.00928
2026-06-12 11:23:08.684136: train_loss -0.5358
2026-06-12 11:23:08.684816: val_loss -0.2895
2026-06-12 11:23:08.684983: Pseudo dice [np.float32(0.7352)]
2026-06-12 11:23:08.685173: Epoch time: 53.1 s
2026-06-12 11:23:10.553305: 
2026-06-12 11:23:10.554324: Epoch 21
2026-06-12 11:23:10.555101: Current learning rate: 0.00924
2026-06-12 11:24:03.696877: train_loss -0.5552
2026-06-12 11:24:03.697625: val_loss -0.2711
2026-06-12 11:24:03.697794: Pseudo dice [np.float32(0.7305)]
2026-06-12 11:24:03.698009: Epoch time: 53.15 s
2026-06-12 11:24:05.433141: 
2026-06-12 11:24:05.433663: Epoch 22
2026-06-12 11:24:05.433854: Current learning rate: 0.0092
2026-06-12 11:24:58.437241: train_loss -0.5529
2026-06-12 11:24:58.438596: val_loss -0.2924
2026-06-12 11:24:58.438756: Pseudo dice [np.float32(0.7454)]
2026-06-12 11:24:58.439007: Epoch time: 53.01 s
2026-06-12 11:25:00.201268: 
2026-06-12 11:25:00.201910: Epoch 23
2026-06-12 11:25:00.202212: Current learning rate: 0.00917
2026-06-12 11:25:53.382415: train_loss -0.562
2026-06-12 11:25:53.383095: val_loss -0.3736
2026-06-12 11:25:53.383253: Pseudo dice [np.float32(0.7724)]
2026-06-12 11:25:53.383427: Epoch time: 53.18 s
2026-06-12 11:25:55.097758: 
2026-06-12 11:25:55.098264: Epoch 24
2026-06-12 11:25:55.098436: Current learning rate: 0.00913
2026-06-12 11:26:48.218233: train_loss -0.56
2026-06-12 11:26:48.218831: val_loss -0.2413
2026-06-12 11:26:48.218984: Pseudo dice [np.float32(0.7333)]
2026-06-12 11:26:48.219156: Epoch time: 53.12 s
2026-06-12 11:26:49.967202: 
2026-06-12 11:26:49.967666: Epoch 25
2026-06-12 11:26:49.967943: Current learning rate: 0.0091
2026-06-12 11:27:42.990789: train_loss -0.5594
2026-06-12 11:27:42.991349: val_loss -0.363
2026-06-12 11:27:42.991499: Pseudo dice [np.float32(0.7456)]
2026-06-12 11:27:42.991687: Epoch time: 53.03 s
2026-06-12 11:27:45.133677: 
2026-06-12 11:27:45.134156: Epoch 26
2026-06-12 11:27:45.134392: Current learning rate: 0.00906
2026-06-12 11:28:38.170337: train_loss -0.5664
2026-06-12 11:28:38.170988: val_loss -0.3332
2026-06-12 11:28:38.171137: Pseudo dice [np.float32(0.7351)]
2026-06-12 11:28:38.171312: Epoch time: 53.04 s
2026-06-12 11:28:39.903408: 
2026-06-12 11:28:39.903970: Epoch 27
2026-06-12 11:28:39.904287: Current learning rate: 0.00902
2026-06-12 11:29:33.072713: train_loss -0.5728
2026-06-12 11:29:33.073369: val_loss -0.2922
2026-06-12 11:29:33.073523: Pseudo dice [np.float32(0.7261)]
2026-06-12 11:29:33.073704: Epoch time: 53.17 s
2026-06-12 11:29:34.816974: 
2026-06-12 11:29:34.817518: Epoch 28
2026-06-12 11:29:34.817814: Current learning rate: 0.00899
2026-06-12 11:30:27.870423: train_loss -0.5725
2026-06-12 11:30:27.871062: val_loss -0.2976
2026-06-12 11:30:27.871221: Pseudo dice [np.float32(0.7715)]
2026-06-12 11:30:27.871397: Epoch time: 53.06 s
2026-06-12 11:30:29.621829: 
2026-06-12 11:30:29.622385: Epoch 29
2026-06-12 11:30:29.622765: Current learning rate: 0.00895
2026-06-12 11:31:22.791152: train_loss -0.5698
2026-06-12 11:31:22.791829: val_loss -0.247
2026-06-12 11:31:22.791982: Pseudo dice [np.float32(0.7028)]
2026-06-12 11:31:22.792157: Epoch time: 53.17 s
2026-06-12 11:31:24.542696: 
2026-06-12 11:31:24.543078: Epoch 30
2026-06-12 11:31:24.543366: Current learning rate: 0.00891
2026-06-12 11:32:17.723763: train_loss -0.578
2026-06-12 11:32:17.724292: val_loss -0.2852
2026-06-12 11:32:17.724445: Pseudo dice [np.float32(0.7366)]
2026-06-12 11:32:17.724634: Epoch time: 53.18 s
2026-06-12 11:32:19.474235: 
2026-06-12 11:32:19.474652: Epoch 31
2026-06-12 11:32:19.474922: Current learning rate: 0.00888
2026-06-12 11:33:12.546449: train_loss -0.575
2026-06-12 11:33:12.546997: val_loss -0.2545
2026-06-12 11:33:12.547147: Pseudo dice [np.float32(0.7098)]
2026-06-12 11:33:12.547322: Epoch time: 53.08 s
2026-06-12 11:33:14.285129: 
2026-06-12 11:33:14.285421: Epoch 32
2026-06-12 11:33:14.285612: Current learning rate: 0.00884
2026-06-12 11:34:07.382352: train_loss -0.5936
2026-06-12 11:34:07.383016: val_loss -0.2818
2026-06-12 11:34:07.383168: Pseudo dice [np.float32(0.7495)]
2026-06-12 11:34:07.383344: Epoch time: 53.1 s
2026-06-12 11:34:09.159631: 
2026-06-12 11:34:09.160133: Epoch 33
2026-06-12 11:34:09.160344: Current learning rate: 0.0088
2026-06-12 11:35:02.250515: train_loss -0.5764
2026-06-12 11:35:02.251172: val_loss -0.3871
2026-06-12 11:35:02.251333: Pseudo dice [np.float32(0.7667)]
2026-06-12 11:35:02.251506: Epoch time: 53.09 s
2026-06-12 11:35:04.057937: 
2026-06-12 11:35:04.058385: Epoch 34
2026-06-12 11:35:04.058579: Current learning rate: 0.00877
2026-06-12 11:35:57.218714: train_loss -0.5843
2026-06-12 11:35:57.219217: val_loss -0.2802
2026-06-12 11:35:57.219372: Pseudo dice [np.float32(0.7125)]
2026-06-12 11:35:57.219557: Epoch time: 53.16 s
2026-06-12 11:35:59.458531: 
2026-06-12 11:35:59.458971: Epoch 35
2026-06-12 11:35:59.459155: Current learning rate: 0.00873
2026-06-12 11:36:52.560836: train_loss -0.5948
2026-06-12 11:36:52.561399: val_loss -0.2925
2026-06-12 11:36:52.561561: Pseudo dice [np.float32(0.7453)]
2026-06-12 11:36:52.561736: Epoch time: 53.11 s
2026-06-12 11:36:54.343811: 
2026-06-12 11:36:54.344398: Epoch 36
2026-06-12 11:36:54.344666: Current learning rate: 0.00869
2026-06-12 11:37:47.498435: train_loss -0.5968
2026-06-12 11:37:47.499189: val_loss -0.2133
2026-06-12 11:37:47.499353: Pseudo dice [np.float32(0.7145)]
2026-06-12 11:37:47.499543: Epoch time: 53.16 s
2026-06-12 11:37:49.284665: 
2026-06-12 11:37:49.285208: Epoch 37
2026-06-12 11:37:49.285519: Current learning rate: 0.00866
2026-06-12 11:38:42.313559: train_loss -0.6003
2026-06-12 11:38:42.314108: val_loss -0.2657
2026-06-12 11:38:42.314274: Pseudo dice [np.float32(0.7287)]
2026-06-12 11:38:42.314448: Epoch time: 53.03 s
2026-06-12 11:38:44.120005: 
2026-06-12 11:38:44.120486: Epoch 38
2026-06-12 11:38:44.120793: Current learning rate: 0.00862
2026-06-12 11:39:37.200070: train_loss -0.5866
2026-06-12 11:39:37.200588: val_loss -0.28
2026-06-12 11:39:37.200737: Pseudo dice [np.float32(0.7319)]
2026-06-12 11:39:37.200922: Epoch time: 53.08 s
2026-06-12 11:39:39.007105: 
2026-06-12 11:39:39.007605: Epoch 39
2026-06-12 11:39:39.007802: Current learning rate: 0.00858
2026-06-12 11:40:32.140709: train_loss -0.6229
2026-06-12 11:40:32.141398: val_loss -0.2288
2026-06-12 11:40:32.141561: Pseudo dice [np.float32(0.7411)]
2026-06-12 11:40:32.141743: Epoch time: 53.14 s
2026-06-12 11:40:33.930694: 
2026-06-12 11:40:33.931162: Epoch 40
2026-06-12 11:40:33.931470: Current learning rate: 0.00855
2026-06-12 11:41:27.092606: train_loss -0.5888
2026-06-12 11:41:27.093137: val_loss -0.4302
2026-06-12 11:41:27.093298: Pseudo dice [np.float32(0.7968)]
2026-06-12 11:41:27.093471: Epoch time: 53.17 s
2026-06-12 11:41:28.869123: 
2026-06-12 11:41:28.869426: Epoch 41
2026-06-12 11:41:28.869621: Current learning rate: 0.00851
2026-06-12 11:42:22.034671: train_loss -0.5762
2026-06-12 11:42:22.035317: val_loss -0.2381
2026-06-12 11:42:22.035468: Pseudo dice [np.float32(0.7185)]
2026-06-12 11:42:22.035654: Epoch time: 53.17 s
2026-06-12 11:42:23.762715: 
2026-06-12 11:42:23.763162: Epoch 42
2026-06-12 11:42:23.763349: Current learning rate: 0.00847
2026-06-12 11:43:17.274546: train_loss -0.5972
2026-06-12 11:43:17.275403: val_loss -0.3335
2026-06-12 11:43:17.275825: Pseudo dice [np.float32(0.7604)]
2026-06-12 11:43:17.276065: Epoch time: 53.52 s
2026-06-12 11:43:19.020306: 
2026-06-12 11:43:19.020724: Epoch 43
2026-06-12 11:43:19.020921: Current learning rate: 0.00844
2026-06-12 11:44:12.725298: train_loss -0.6075
2026-06-12 11:44:12.725975: val_loss -0.3535
2026-06-12 11:44:12.726143: Pseudo dice [np.float32(0.7646)]
2026-06-12 11:44:12.726320: Epoch time: 53.71 s
2026-06-12 11:44:14.465136: 
2026-06-12 11:44:14.465699: Epoch 44
2026-06-12 11:44:14.466024: Current learning rate: 0.0084
2026-06-12 11:45:07.534268: train_loss -0.6194
2026-06-12 11:45:07.534808: val_loss -0.3263
2026-06-12 11:45:07.534972: Pseudo dice [np.float32(0.7484)]
2026-06-12 11:45:07.535160: Epoch time: 53.07 s
2026-06-12 11:45:09.343306: 
2026-06-12 11:45:09.343932: Epoch 45
2026-06-12 11:45:09.344242: Current learning rate: 0.00836
2026-06-12 11:46:02.712422: train_loss -0.6185
2026-06-12 11:46:02.713075: val_loss -0.2248
2026-06-12 11:46:02.713227: Pseudo dice [np.float32(0.7208)]
2026-06-12 11:46:02.713423: Epoch time: 53.37 s
2026-06-12 11:46:04.458775: 
2026-06-12 11:46:04.459223: Epoch 46
2026-06-12 11:46:04.459408: Current learning rate: 0.00833
2026-06-12 11:46:57.590543: train_loss -0.5894
2026-06-12 11:46:57.591169: val_loss -0.3074
2026-06-12 11:46:57.591325: Pseudo dice [np.float32(0.7425)]
2026-06-12 11:46:57.591499: Epoch time: 53.13 s
2026-06-12 11:46:59.330207: 
2026-06-12 11:46:59.330625: Epoch 47
2026-06-12 11:46:59.330808: Current learning rate: 0.00829
2026-06-12 11:47:52.321487: train_loss -0.5993
2026-06-12 11:47:52.322140: val_loss -0.2915
2026-06-12 11:47:52.322338: Pseudo dice [np.float32(0.7359)]
2026-06-12 11:47:52.322545: Epoch time: 52.99 s
2026-06-12 11:47:54.066733: 
2026-06-12 11:47:54.067361: Epoch 48
2026-06-12 11:47:54.067703: Current learning rate: 0.00825
2026-06-12 11:48:47.051049: train_loss -0.6115
2026-06-12 11:48:47.051652: val_loss -0.2104
2026-06-12 11:48:47.051809: Pseudo dice [np.float32(0.7072)]
2026-06-12 11:48:47.051986: Epoch time: 52.99 s
2026-06-12 11:48:48.799719: 
2026-06-12 11:48:48.800271: Epoch 49
2026-06-12 11:48:48.800590: Current learning rate: 0.00822
2026-06-12 11:49:41.884234: train_loss -0.5888
2026-06-12 11:49:41.884976: val_loss -0.3392
2026-06-12 11:49:41.885175: Pseudo dice [np.float32(0.7215)]
2026-06-12 11:49:41.885359: Epoch time: 53.09 s
2026-06-12 11:49:44.207917: 
2026-06-12 11:49:44.208417: Epoch 50
2026-06-12 11:49:44.208612: Current learning rate: 0.00818
2026-06-12 11:50:37.338031: train_loss -0.5791
2026-06-12 11:50:37.338503: val_loss -0.3531
2026-06-12 11:50:37.338667: Pseudo dice [np.float32(0.7612)]
2026-06-12 11:50:37.338843: Epoch time: 53.13 s
2026-06-12 11:50:39.136435: 
2026-06-12 11:50:39.136980: Epoch 51
2026-06-12 11:50:39.137285: Current learning rate: 0.00814
2026-06-12 11:51:32.307014: train_loss -0.6009
2026-06-12 11:51:32.307563: val_loss -0.3913
2026-06-12 11:51:32.307721: Pseudo dice [np.float32(0.7815)]
2026-06-12 11:51:32.307897: Epoch time: 53.17 s
2026-06-12 11:51:34.539358: 
2026-06-12 11:51:34.540004: Epoch 52
2026-06-12 11:51:34.540339: Current learning rate: 0.00811
2026-06-12 11:52:27.601373: train_loss -0.6009
2026-06-12 11:52:27.601883: val_loss -0.2901
2026-06-12 11:52:27.602035: Pseudo dice [np.float32(0.7374)]
2026-06-12 11:52:27.602211: Epoch time: 53.07 s
2026-06-12 11:52:29.399122: 
2026-06-12 11:52:29.399646: Epoch 53
2026-06-12 11:52:29.399945: Current learning rate: 0.00807
2026-06-12 11:53:22.709142: train_loss -0.6108
2026-06-12 11:53:22.710674: val_loss -0.2995
2026-06-12 11:53:22.710841: Pseudo dice [np.float32(0.7586)]
2026-06-12 11:53:22.711028: Epoch time: 53.31 s
2026-06-12 11:53:24.472965: 
2026-06-12 11:53:24.473314: Epoch 54
2026-06-12 11:53:24.473500: Current learning rate: 0.00803
2026-06-12 11:54:17.612890: train_loss -0.6383
2026-06-12 11:54:17.613651: val_loss -0.2892
2026-06-12 11:54:17.613806: Pseudo dice [np.float32(0.7671)]
2026-06-12 11:54:17.613992: Epoch time: 53.14 s
2026-06-12 11:54:19.392623: 
2026-06-12 11:54:19.393204: Epoch 55
2026-06-12 11:54:19.393466: Current learning rate: 0.008
2026-06-12 11:55:12.685955: train_loss -0.6099
2026-06-12 11:55:12.686602: val_loss -0.3113
2026-06-12 11:55:12.686767: Pseudo dice [np.float32(0.7822)]
2026-06-12 11:55:12.686957: Epoch time: 53.3 s
2026-06-12 11:55:14.454840: 
2026-06-12 11:55:14.455363: Epoch 56
2026-06-12 11:55:14.455648: Current learning rate: 0.00796
2026-06-12 11:56:07.615696: train_loss -0.6013
2026-06-12 11:56:07.616292: val_loss -0.3667
2026-06-12 11:56:07.616443: Pseudo dice [np.float32(0.7581)]
2026-06-12 11:56:07.616631: Epoch time: 53.16 s
2026-06-12 11:56:09.370915: 
2026-06-12 11:56:09.371290: Epoch 57
2026-06-12 11:56:09.371479: Current learning rate: 0.00792
2026-06-12 11:57:02.517876: train_loss -0.6115
2026-06-12 11:57:02.518383: val_loss -0.3135
2026-06-12 11:57:02.518541: Pseudo dice [np.float32(0.7797)]
2026-06-12 11:57:02.518726: Epoch time: 53.15 s
2026-06-12 11:57:04.251369: 
2026-06-12 11:57:04.251785: Epoch 58
2026-06-12 11:57:04.252010: Current learning rate: 0.00789
2026-06-12 11:57:57.525290: train_loss -0.6046
2026-06-12 11:57:57.525883: val_loss -0.2102
2026-06-12 11:57:57.526036: Pseudo dice [np.float32(0.7325)]
2026-06-12 11:57:57.526214: Epoch time: 53.28 s
2026-06-12 11:57:59.318104: 
2026-06-12 11:57:59.318625: Epoch 59
2026-06-12 11:57:59.318820: Current learning rate: 0.00785
2026-06-12 11:58:52.556123: train_loss -0.6104
2026-06-12 11:58:52.556694: val_loss -0.2734
2026-06-12 11:58:52.556853: Pseudo dice [np.float32(0.7401)]
2026-06-12 11:58:52.557060: Epoch time: 53.24 s
2026-06-12 11:58:54.312885: 
2026-06-12 11:58:54.313354: Epoch 60
2026-06-12 11:58:54.313560: Current learning rate: 0.00781
2026-06-12 11:59:47.564945: train_loss -0.6222
2026-06-12 11:59:47.565486: val_loss -0.2484
2026-06-12 11:59:47.565657: Pseudo dice [np.float32(0.734)]
2026-06-12 11:59:47.565881: Epoch time: 53.26 s
2026-06-12 11:59:49.797896: 
2026-06-12 11:59:49.798352: Epoch 61
2026-06-12 11:59:49.798660: Current learning rate: 0.00777
2026-06-12 12:00:43.023849: train_loss -0.6242
2026-06-12 12:00:43.024339: val_loss -0.2958
2026-06-12 12:00:43.024483: Pseudo dice [np.float32(0.7435)]
2026-06-12 12:00:43.024668: Epoch time: 53.23 s
2026-06-12 12:00:44.788778: 
2026-06-12 12:00:44.789303: Epoch 62
2026-06-12 12:00:44.789639: Current learning rate: 0.00774
2026-06-12 12:01:38.061007: train_loss -0.6143
2026-06-12 12:01:38.061580: val_loss -0.1949
2026-06-12 12:01:38.061770: Pseudo dice [np.float32(0.7031)]
2026-06-12 12:01:38.061971: Epoch time: 53.28 s
2026-06-12 12:01:39.819392: 
2026-06-12 12:01:39.819904: Epoch 63
2026-06-12 12:01:39.820101: Current learning rate: 0.0077
2026-06-12 12:02:32.963827: train_loss -0.5969
2026-06-12 12:02:32.964360: val_loss -0.3738
2026-06-12 12:02:32.964519: Pseudo dice [np.float32(0.7653)]
2026-06-12 12:02:32.964716: Epoch time: 53.15 s
2026-06-12 12:02:34.715016: 
2026-06-12 12:02:34.715546: Epoch 64
2026-06-12 12:02:34.715860: Current learning rate: 0.00766
2026-06-12 12:03:27.846244: train_loss -0.6167
2026-06-12 12:03:27.846788: val_loss -0.1535
2026-06-12 12:03:27.846935: Pseudo dice [np.float32(0.7012)]
2026-06-12 12:03:27.847117: Epoch time: 53.13 s
2026-06-12 12:03:29.605736: 
2026-06-12 12:03:29.606180: Epoch 65
2026-06-12 12:03:29.606376: Current learning rate: 0.00763
2026-06-12 12:04:22.625580: train_loss -0.6228
2026-06-12 12:04:22.626811: val_loss -0.2026
2026-06-12 12:04:22.626977: Pseudo dice [np.float32(0.7004)]
2026-06-12 12:04:22.627151: Epoch time: 53.02 s
2026-06-12 12:04:24.365311: 
2026-06-12 12:04:24.365870: Epoch 66
2026-06-12 12:04:24.366174: Current learning rate: 0.00759
2026-06-12 12:05:17.468176: train_loss -0.6212
2026-06-12 12:05:17.468744: val_loss -0.1182
2026-06-12 12:05:17.468896: Pseudo dice [np.float32(0.7133)]
2026-06-12 12:05:17.469078: Epoch time: 53.11 s
2026-06-12 12:05:19.231658: 
2026-06-12 12:05:19.232255: Epoch 67
2026-06-12 12:05:19.232565: Current learning rate: 0.00755
2026-06-12 12:06:12.594776: train_loss -0.6137
2026-06-12 12:06:12.595298: val_loss -0.2569
2026-06-12 12:06:12.595449: Pseudo dice [np.float32(0.7151)]
2026-06-12 12:06:12.595635: Epoch time: 53.37 s
2026-06-12 12:06:14.374464: 
2026-06-12 12:06:14.375007: Epoch 68
2026-06-12 12:06:14.375195: Current learning rate: 0.00751
2026-06-12 12:07:07.541496: train_loss -0.6096
2026-06-12 12:07:07.542102: val_loss -0.3023
2026-06-12 12:07:07.542260: Pseudo dice [np.float32(0.772)]
2026-06-12 12:07:07.542438: Epoch time: 53.17 s
2026-06-12 12:07:09.327545: 
2026-06-12 12:07:09.327957: Epoch 69
2026-06-12 12:07:09.328140: Current learning rate: 0.00748
2026-06-12 12:08:02.576104: train_loss -0.6161
2026-06-12 12:08:02.576695: val_loss -0.2945
2026-06-12 12:08:02.576874: Pseudo dice [np.float32(0.7327)]
2026-06-12 12:08:02.577068: Epoch time: 53.25 s
2026-06-12 12:08:04.822935: 
2026-06-12 12:08:04.823483: Epoch 70
2026-06-12 12:08:04.823811: Current learning rate: 0.00744
2026-06-12 12:08:58.053292: train_loss -0.6132
2026-06-12 12:08:58.053987: val_loss -0.3502
2026-06-12 12:08:58.054154: Pseudo dice [np.float32(0.7718)]
2026-06-12 12:08:58.054336: Epoch time: 53.23 s
2026-06-12 12:08:59.834271: 
2026-06-12 12:08:59.834887: Epoch 71
2026-06-12 12:08:59.835254: Current learning rate: 0.0074
2026-06-12 12:09:52.885187: train_loss -0.6111
2026-06-12 12:09:52.885716: val_loss -0.3093
2026-06-12 12:09:52.885868: Pseudo dice [np.float32(0.755)]
2026-06-12 12:09:52.886045: Epoch time: 53.05 s
2026-06-12 12:09:54.688651: 
2026-06-12 12:09:54.689137: Epoch 72
2026-06-12 12:09:54.689356: Current learning rate: 0.00737
2026-06-12 12:10:47.748325: train_loss -0.6323
2026-06-12 12:10:47.748857: val_loss -0.2883
2026-06-12 12:10:47.749004: Pseudo dice [np.float32(0.7473)]
2026-06-12 12:10:47.749186: Epoch time: 53.06 s
2026-06-12 12:10:49.529453: 
2026-06-12 12:10:49.529861: Epoch 73
2026-06-12 12:10:49.530186: Current learning rate: 0.00733
2026-06-12 12:11:42.745866: train_loss -0.6297
2026-06-12 12:11:42.746331: val_loss -0.2355
2026-06-12 12:11:42.746474: Pseudo dice [np.float32(0.715)]
2026-06-12 12:11:42.746659: Epoch time: 53.22 s
2026-06-12 12:11:44.591185: 
2026-06-12 12:11:44.591686: Epoch 74
2026-06-12 12:11:44.591979: Current learning rate: 0.00729
2026-06-12 12:12:37.849214: train_loss -0.6128
2026-06-12 12:12:37.849740: val_loss -0.3075
2026-06-12 12:12:37.849896: Pseudo dice [np.float32(0.7378)]
2026-06-12 12:12:37.850074: Epoch time: 53.26 s
2026-06-12 12:12:39.638778: 
2026-06-12 12:12:39.639146: Epoch 75
2026-06-12 12:12:39.639342: Current learning rate: 0.00725
2026-06-12 12:13:32.947853: train_loss -0.6237
2026-06-12 12:13:32.948525: val_loss -0.2228
2026-06-12 12:13:32.948728: Pseudo dice [np.float32(0.7457)]
2026-06-12 12:13:32.948914: Epoch time: 53.31 s
2026-06-12 12:13:34.731637: 
2026-06-12 12:13:34.732124: Epoch 76
2026-06-12 12:13:34.732402: Current learning rate: 0.00722
2026-06-12 12:14:28.148565: train_loss -0.6232
2026-06-12 12:14:28.149076: val_loss -0.3421
2026-06-12 12:14:28.149238: Pseudo dice [np.float32(0.7799)]
2026-06-12 12:14:28.149413: Epoch time: 53.42 s
2026-06-12 12:14:29.932654: 
2026-06-12 12:14:29.933143: Epoch 77
2026-06-12 12:14:29.933446: Current learning rate: 0.00718
2026-06-12 12:15:22.997041: train_loss -0.6261
2026-06-12 12:15:22.997605: val_loss -0.2849
2026-06-12 12:15:22.997771: Pseudo dice [np.float32(0.7258)]
2026-06-12 12:15:22.997963: Epoch time: 53.07 s
2026-06-12 12:15:24.799396: 
2026-06-12 12:15:24.799999: Epoch 78
2026-06-12 12:15:24.800310: Current learning rate: 0.00714
2026-06-12 12:16:18.193905: train_loss -0.6186
2026-06-12 12:16:18.194510: val_loss -0.3363
2026-06-12 12:16:18.194697: Pseudo dice [np.float32(0.768)]
2026-06-12 12:16:18.194889: Epoch time: 53.4 s
2026-06-12 12:16:20.436413: 
2026-06-12 12:16:20.436771: Epoch 79
2026-06-12 12:16:20.436946: Current learning rate: 0.0071
2026-06-12 12:17:13.548446: train_loss -0.6224
2026-06-12 12:17:13.549137: val_loss -0.2077
2026-06-12 12:17:13.549314: Pseudo dice [np.float32(0.7059)]
2026-06-12 12:17:13.549493: Epoch time: 53.11 s
2026-06-12 12:17:15.364700: 
2026-06-12 12:17:15.365206: Epoch 80
2026-06-12 12:17:15.365407: Current learning rate: 0.00707
2026-06-12 12:18:08.684887: train_loss -0.6402
2026-06-12 12:18:08.685488: val_loss -0.2343
2026-06-12 12:18:08.685658: Pseudo dice [np.float32(0.7413)]
2026-06-12 12:18:08.685848: Epoch time: 53.32 s
2026-06-12 12:18:10.496381: 
2026-06-12 12:18:10.496786: Epoch 81
2026-06-12 12:18:10.496976: Current learning rate: 0.00703
2026-06-12 12:19:03.697561: train_loss -0.6098
2026-06-12 12:19:03.698184: val_loss -0.262
2026-06-12 12:19:03.698335: Pseudo dice [np.float32(0.7299)]
2026-06-12 12:19:03.698521: Epoch time: 53.2 s
2026-06-12 12:19:05.510499: 
2026-06-12 12:19:05.511124: Epoch 82
2026-06-12 12:19:05.511418: Current learning rate: 0.00699
2026-06-12 12:19:58.558085: train_loss -0.6387
2026-06-12 12:19:58.558802: val_loss -0.2313
2026-06-12 12:19:58.558973: Pseudo dice [np.float32(0.7455)]
2026-06-12 12:19:58.559158: Epoch time: 53.05 s
2026-06-12 12:20:00.306151: 
2026-06-12 12:20:00.306707: Epoch 83
2026-06-12 12:20:00.307002: Current learning rate: 0.00696
2026-06-12 12:20:53.617142: train_loss -0.6503
2026-06-12 12:20:53.617866: val_loss -0.2705
2026-06-12 12:20:53.618028: Pseudo dice [np.float32(0.7524)]
2026-06-12 12:20:53.618214: Epoch time: 53.31 s
2026-06-12 12:20:55.371933: 
2026-06-12 12:20:55.372587: Epoch 84
2026-06-12 12:20:55.372885: Current learning rate: 0.00692
2026-06-12 12:21:48.685302: train_loss -0.6378
2026-06-12 12:21:48.686051: val_loss -0.2785
2026-06-12 12:21:48.686207: Pseudo dice [np.float32(0.7385)]
2026-06-12 12:21:48.686390: Epoch time: 53.32 s
2026-06-12 12:21:50.428256: 
2026-06-12 12:21:50.428554: Epoch 85
2026-06-12 12:21:50.428749: Current learning rate: 0.00688
2026-06-12 12:22:43.725091: train_loss -0.6376
2026-06-12 12:22:43.725672: val_loss -0.2815
2026-06-12 12:22:43.725842: Pseudo dice [np.float32(0.7506)]
2026-06-12 12:22:43.726037: Epoch time: 53.3 s
2026-06-12 12:22:45.519437: 
2026-06-12 12:22:45.519878: Epoch 86
2026-06-12 12:22:45.520209: Current learning rate: 0.00684
2026-06-12 12:23:38.728274: train_loss -0.6359
2026-06-12 12:23:38.728835: val_loss -0.2046
2026-06-12 12:23:38.728986: Pseudo dice [np.float32(0.7135)]
2026-06-12 12:23:38.729164: Epoch time: 53.21 s
2026-06-12 12:23:40.489532: 
2026-06-12 12:23:40.490026: Epoch 87
2026-06-12 12:23:40.490353: Current learning rate: 0.0068
2026-06-12 12:24:34.249114: train_loss -0.6425
2026-06-12 12:24:34.249753: val_loss -0.2342
2026-06-12 12:24:34.249905: Pseudo dice [np.float32(0.7256)]
2026-06-12 12:24:34.250092: Epoch time: 53.76 s
2026-06-12 12:24:36.016632: 
2026-06-12 12:24:36.017178: Epoch 88
2026-06-12 12:24:36.017482: Current learning rate: 0.00677
2026-06-12 12:25:29.540482: train_loss -0.6389
2026-06-12 12:25:29.541067: val_loss -0.2419
2026-06-12 12:25:29.541228: Pseudo dice [np.float32(0.7312)]
2026-06-12 12:25:29.541413: Epoch time: 53.53 s
2026-06-12 12:25:31.330785: 
2026-06-12 12:25:31.331310: Epoch 89
2026-06-12 12:25:31.331627: Current learning rate: 0.00673
2026-06-12 12:26:24.615629: train_loss -0.6157
2026-06-12 12:26:24.616373: val_loss -0.3405
2026-06-12 12:26:24.616572: Pseudo dice [np.float32(0.7704)]
2026-06-12 12:26:24.616765: Epoch time: 53.29 s
2026-06-12 12:26:26.370239: 
2026-06-12 12:26:26.370745: Epoch 90
2026-06-12 12:26:26.370954: Current learning rate: 0.00669
2026-06-12 12:27:19.422838: train_loss -0.6456
2026-06-12 12:27:19.423593: val_loss -0.1678
2026-06-12 12:27:19.424540: Pseudo dice [np.float32(0.7109)]
2026-06-12 12:27:19.424764: Epoch time: 53.06 s
2026-06-12 12:27:21.191043: 
2026-06-12 12:27:21.191575: Epoch 91
2026-06-12 12:27:21.191854: Current learning rate: 0.00665
2026-06-12 12:28:14.260203: train_loss -0.6177
2026-06-12 12:28:14.260867: val_loss -0.3367
2026-06-12 12:28:14.261028: Pseudo dice [np.float32(0.7745)]
2026-06-12 12:28:14.261205: Epoch time: 53.07 s
2026-06-12 12:28:16.038517: 
2026-06-12 12:28:16.039100: Epoch 92
2026-06-12 12:28:16.039432: Current learning rate: 0.00662
2026-06-12 12:29:09.227742: train_loss -0.6278
2026-06-12 12:29:09.228359: val_loss -0.2543
2026-06-12 12:29:09.228511: Pseudo dice [np.float32(0.7259)]
2026-06-12 12:29:09.228699: Epoch time: 53.19 s
2026-06-12 12:29:10.995976: 
2026-06-12 12:29:10.996506: Epoch 93
2026-06-12 12:29:10.996822: Current learning rate: 0.00658
2026-06-12 12:30:04.162519: train_loss -0.6399
2026-06-12 12:30:04.163056: val_loss -0.2874
2026-06-12 12:30:04.163203: Pseudo dice [np.float32(0.7369)]
2026-06-12 12:30:04.163379: Epoch time: 53.17 s
2026-06-12 12:30:05.960973: 
2026-06-12 12:30:05.961486: Epoch 94
2026-06-12 12:30:05.961706: Current learning rate: 0.00654
2026-06-12 12:30:59.445945: train_loss -0.6373
2026-06-12 12:30:59.446516: val_loss -0.1311
2026-06-12 12:30:59.446697: Pseudo dice [np.float32(0.6807)]
2026-06-12 12:30:59.446882: Epoch time: 53.49 s
2026-06-12 12:31:01.221047: 
2026-06-12 12:31:01.221549: Epoch 95
2026-06-12 12:31:01.221824: Current learning rate: 0.0065
2026-06-12 12:31:54.375082: train_loss -0.6419
2026-06-12 12:31:54.375686: val_loss -0.2243
2026-06-12 12:31:54.375842: Pseudo dice [np.float32(0.7061)]
2026-06-12 12:31:54.376021: Epoch time: 53.16 s
2026-06-12 12:31:56.143183: 
2026-06-12 12:31:56.143702: Epoch 96
2026-06-12 12:31:56.144005: Current learning rate: 0.00647
2026-06-12 12:32:49.350369: train_loss -0.6599
2026-06-12 12:32:49.350889: val_loss -0.1503
2026-06-12 12:32:49.351052: Pseudo dice [np.float32(0.6999)]
2026-06-12 12:32:49.351232: Epoch time: 53.21 s
2026-06-12 12:32:51.620654: 
2026-06-12 12:32:51.621154: Epoch 97
2026-06-12 12:32:51.621361: Current learning rate: 0.00643
2026-06-12 12:33:44.732129: train_loss -0.6593
2026-06-12 12:33:44.732732: val_loss -0.2397
2026-06-12 12:33:44.732913: Pseudo dice [np.float32(0.7302)]
2026-06-12 12:33:44.733099: Epoch time: 53.12 s
2026-06-12 12:33:46.502489: 
2026-06-12 12:33:46.502944: Epoch 98
2026-06-12 12:33:46.503145: Current learning rate: 0.00639
2026-06-12 12:34:39.462273: train_loss -0.6493
2026-06-12 12:34:39.462909: val_loss -0.1261
2026-06-12 12:34:39.463086: Pseudo dice [np.float32(0.6932)]
2026-06-12 12:34:39.463273: Epoch time: 52.96 s
2026-06-12 12:34:41.247613: 
2026-06-12 12:34:41.248200: Epoch 99
2026-06-12 12:34:41.248504: Current learning rate: 0.00635
2026-06-12 12:35:34.350869: train_loss -0.6451
2026-06-12 12:35:34.351441: val_loss -0.1984
2026-06-12 12:35:34.351612: Pseudo dice [np.float32(0.7161)]
2026-06-12 12:35:34.351794: Epoch time: 53.11 s
2026-06-12 12:35:36.663911: 
2026-06-12 12:35:36.664430: Epoch 100
2026-06-12 12:35:36.664620: Current learning rate: 0.00631
2026-06-12 12:36:29.863988: train_loss -0.6505
2026-06-12 12:36:29.864606: val_loss -0.1321
2026-06-12 12:36:29.864791: Pseudo dice [np.float32(0.7091)]
2026-06-12 12:36:29.864990: Epoch time: 53.2 s
2026-06-12 12:36:31.663097: 
2026-06-12 12:36:31.663580: Epoch 101
2026-06-12 12:36:31.663766: Current learning rate: 0.00628
2026-06-12 12:37:24.735895: train_loss -0.6416
2026-06-12 12:37:24.736515: val_loss -0.2116
2026-06-12 12:37:24.736690: Pseudo dice [np.float32(0.7393)]
2026-06-12 12:37:24.736868: Epoch time: 53.08 s
2026-06-12 12:37:26.514762: 
2026-06-12 12:37:26.515196: Epoch 102
2026-06-12 12:37:26.515392: Current learning rate: 0.00624
2026-06-12 12:38:19.585980: train_loss -0.636
2026-06-12 12:38:19.586471: val_loss -0.3244
2026-06-12 12:38:19.586631: Pseudo dice [np.float32(0.7679)]
2026-06-12 12:38:19.586812: Epoch time: 53.07 s
2026-06-12 12:38:21.373223: 
2026-06-12 12:38:21.373822: Epoch 103
2026-06-12 12:38:21.374110: Current learning rate: 0.0062
2026-06-12 12:39:14.660113: train_loss -0.6271
2026-06-12 12:39:14.660767: val_loss -0.1792
2026-06-12 12:39:14.660928: Pseudo dice [np.float32(0.7494)]
2026-06-12 12:39:14.661112: Epoch time: 53.29 s
2026-06-12 12:39:16.445815: 
2026-06-12 12:39:16.446419: Epoch 104
2026-06-12 12:39:16.446727: Current learning rate: 0.00616
2026-06-12 12:40:09.610627: train_loss -0.6472
2026-06-12 12:40:09.611147: val_loss -0.2373
2026-06-12 12:40:09.611300: Pseudo dice [np.float32(0.7417)]
2026-06-12 12:40:09.611484: Epoch time: 53.17 s
2026-06-12 12:40:11.881730: 
2026-06-12 12:40:11.882288: Epoch 105
2026-06-12 12:40:11.882590: Current learning rate: 0.00612
2026-06-12 12:41:04.979447: train_loss -0.6533
2026-06-12 12:41:04.980014: val_loss -0.2678
2026-06-12 12:41:04.980164: Pseudo dice [np.float32(0.7495)]
2026-06-12 12:41:04.980349: Epoch time: 53.1 s
2026-06-12 12:41:06.799702: 
2026-06-12 12:41:06.800241: Epoch 106
2026-06-12 12:41:06.800593: Current learning rate: 0.00609
2026-06-12 12:42:00.134047: train_loss -0.6559
2026-06-12 12:42:00.134744: val_loss -0.1754
2026-06-12 12:42:00.134938: Pseudo dice [np.float32(0.7041)]
2026-06-12 12:42:00.135128: Epoch time: 53.34 s
2026-06-12 12:42:01.942629: 
2026-06-12 12:42:01.943130: Epoch 107
2026-06-12 12:42:01.943393: Current learning rate: 0.00605
2026-06-12 12:42:55.204822: train_loss -0.6456
2026-06-12 12:42:55.205474: val_loss -0.2696
2026-06-12 12:42:55.205637: Pseudo dice [np.float32(0.747)]
2026-06-12 12:42:55.205828: Epoch time: 53.27 s
2026-06-12 12:42:56.997157: 
2026-06-12 12:42:56.997684: Epoch 108
2026-06-12 12:42:56.997985: Current learning rate: 0.00601
2026-06-12 12:43:50.254178: train_loss -0.6506
2026-06-12 12:43:50.254793: val_loss -0.1878
2026-06-12 12:43:50.254991: Pseudo dice [np.float32(0.7161)]
2026-06-12 12:43:50.255186: Epoch time: 53.26 s
2026-06-12 12:43:52.046677: 
2026-06-12 12:43:52.047291: Epoch 109
2026-06-12 12:43:52.047519: Current learning rate: 0.00597
2026-06-12 12:44:45.464931: train_loss -0.6392
2026-06-12 12:44:45.465510: val_loss -0.2862
2026-06-12 12:44:45.465679: Pseudo dice [np.float32(0.7585)]
2026-06-12 12:44:45.465860: Epoch time: 53.42 s
2026-06-12 12:44:47.250971: 
2026-06-12 12:44:47.251413: Epoch 110
2026-06-12 12:44:47.251617: Current learning rate: 0.00593
2026-06-12 12:45:40.491468: train_loss -0.6375
2026-06-12 12:45:40.492093: val_loss -0.2105
2026-06-12 12:45:40.492263: Pseudo dice [np.float32(0.7402)]
2026-06-12 12:45:40.492469: Epoch time: 53.24 s
2026-06-12 12:45:42.345798: 
2026-06-12 12:45:42.346389: Epoch 111
2026-06-12 12:45:42.346738: Current learning rate: 0.0059
2026-06-12 12:46:35.635248: train_loss -0.6449
2026-06-12 12:46:35.635863: val_loss -0.2814
2026-06-12 12:46:35.636017: Pseudo dice [np.float32(0.7403)]
2026-06-12 12:46:35.636201: Epoch time: 53.29 s
2026-06-12 12:46:37.403480: 
2026-06-12 12:46:37.403886: Epoch 112
2026-06-12 12:46:37.404090: Current learning rate: 0.00586
2026-06-12 12:47:30.449163: train_loss -0.6507
2026-06-12 12:47:30.449750: val_loss -0.1818
2026-06-12 12:47:30.449900: Pseudo dice [np.float32(0.7016)]
2026-06-12 12:47:30.450076: Epoch time: 53.05 s
2026-06-12 12:47:32.224704: 
2026-06-12 12:47:32.225210: Epoch 113
2026-06-12 12:47:32.225486: Current learning rate: 0.00582
2026-06-12 12:48:25.503482: train_loss -0.6503
2026-06-12 12:48:25.504159: val_loss -0.1408
2026-06-12 12:48:25.504309: Pseudo dice [np.float32(0.6914)]
2026-06-12 12:48:25.504489: Epoch time: 53.28 s
2026-06-12 12:48:27.710860: 
2026-06-12 12:48:27.711312: Epoch 114
2026-06-12 12:48:27.711492: Current learning rate: 0.00578
2026-06-12 12:49:20.966491: train_loss -0.6629
2026-06-12 12:49:20.967283: val_loss -0.1991
2026-06-12 12:49:20.967439: Pseudo dice [np.float32(0.7256)]
2026-06-12 12:49:20.967628: Epoch time: 53.26 s
2026-06-12 12:49:22.726300: 
2026-06-12 12:49:22.726779: Epoch 115
2026-06-12 12:49:22.726987: Current learning rate: 0.00574
2026-06-12 12:50:15.723305: train_loss -0.6683
2026-06-12 12:50:15.723840: val_loss -0.1746
2026-06-12 12:50:15.724764: Pseudo dice [np.float32(0.7066)]
2026-06-12 12:50:15.725010: Epoch time: 53.0 s
2026-06-12 12:50:17.508679: 
2026-06-12 12:50:17.509157: Epoch 116
2026-06-12 12:50:17.509448: Current learning rate: 0.0057
2026-06-12 12:51:10.727833: train_loss -0.6468
2026-06-12 12:51:10.728651: val_loss -0.3468
2026-06-12 12:51:10.728802: Pseudo dice [np.float32(0.7605)]
2026-06-12 12:51:10.728979: Epoch time: 53.22 s
2026-06-12 12:51:12.570774: 
2026-06-12 12:51:12.571225: Epoch 117
2026-06-12 12:51:12.571425: Current learning rate: 0.00567
2026-06-12 12:52:05.705865: train_loss -0.6506
2026-06-12 12:52:05.706423: val_loss -0.2242
2026-06-12 12:52:05.706582: Pseudo dice [np.float32(0.7403)]
2026-06-12 12:52:05.706765: Epoch time: 53.14 s
2026-06-12 12:52:07.480344: 
2026-06-12 12:52:07.480816: Epoch 118
2026-06-12 12:52:07.481107: Current learning rate: 0.00563
2026-06-12 12:53:00.556075: train_loss -0.6664
2026-06-12 12:53:00.556616: val_loss -0.237
2026-06-12 12:53:00.556767: Pseudo dice [np.float32(0.743)]
2026-06-12 12:53:00.556954: Epoch time: 53.08 s
2026-06-12 12:53:02.339414: 
2026-06-12 12:53:02.339883: Epoch 119
2026-06-12 12:53:02.340201: Current learning rate: 0.00559
2026-06-12 12:53:55.685563: train_loss -0.6631
2026-06-12 12:53:55.686136: val_loss -0.2497
2026-06-12 12:53:55.686295: Pseudo dice [np.float32(0.7746)]
2026-06-12 12:53:55.686480: Epoch time: 53.35 s
2026-06-12 12:53:57.454330: 
2026-06-12 12:53:57.454783: Epoch 120
2026-06-12 12:53:57.454988: Current learning rate: 0.00555
2026-06-12 12:54:50.653215: train_loss -0.6621
2026-06-12 12:54:50.653821: val_loss -0.1883
2026-06-12 12:54:50.653982: Pseudo dice [np.float32(0.7152)]
2026-06-12 12:54:50.654154: Epoch time: 53.2 s
2026-06-12 12:54:52.429021: 
2026-06-12 12:54:52.429593: Epoch 121
2026-06-12 12:54:52.429877: Current learning rate: 0.00551
2026-06-12 12:55:45.590733: train_loss -0.6504
2026-06-12 12:55:45.591346: val_loss -0.2584
2026-06-12 12:55:45.591543: Pseudo dice [np.float32(0.7268)]
2026-06-12 12:55:45.591733: Epoch time: 53.16 s
2026-06-12 12:55:47.423675: 
2026-06-12 12:55:47.424176: Epoch 122
2026-06-12 12:55:47.424390: Current learning rate: 0.00547
2026-06-12 12:56:40.588076: train_loss -0.6577
2026-06-12 12:56:40.589226: val_loss -0.2183
2026-06-12 12:56:40.589419: Pseudo dice [np.float32(0.7178)]
2026-06-12 12:56:40.589617: Epoch time: 53.17 s
2026-06-12 12:56:42.778081: 
2026-06-12 12:56:42.778659: Epoch 123
2026-06-12 12:56:42.778975: Current learning rate: 0.00544
2026-06-12 12:57:35.958292: train_loss -0.6628
2026-06-12 12:57:35.958791: val_loss -0.0996
2026-06-12 12:57:35.958935: Pseudo dice [np.float32(0.7071)]
2026-06-12 12:57:35.959117: Epoch time: 53.18 s
2026-06-12 12:57:37.738598: 
2026-06-12 12:57:37.739066: Epoch 124
2026-06-12 12:57:37.739447: Current learning rate: 0.0054
2026-06-12 12:58:30.878039: train_loss -0.6674
2026-06-12 12:58:30.878572: val_loss -0.2225
2026-06-12 12:58:30.878728: Pseudo dice [np.float32(0.7335)]
2026-06-12 12:58:30.878911: Epoch time: 53.14 s
2026-06-12 12:58:32.655940: 
2026-06-12 12:58:32.656555: Epoch 125
2026-06-12 12:58:32.656780: Current learning rate: 0.00536
2026-06-12 12:59:25.920338: train_loss -0.66
2026-06-12 12:59:25.920952: val_loss -0.2499
2026-06-12 12:59:25.921102: Pseudo dice [np.float32(0.7518)]
2026-06-12 12:59:25.921280: Epoch time: 53.27 s
2026-06-12 12:59:27.710089: 
2026-06-12 12:59:27.710621: Epoch 126
2026-06-12 12:59:27.710950: Current learning rate: 0.00532
2026-06-12 13:00:20.894704: train_loss -0.6303
2026-06-12 13:00:20.895317: val_loss -0.12
2026-06-12 13:00:20.895465: Pseudo dice [np.float32(0.6931)]
2026-06-12 13:00:20.895657: Epoch time: 53.19 s
2026-06-12 13:00:22.674336: 
2026-06-12 13:00:22.674953: Epoch 127
2026-06-12 13:00:22.675304: Current learning rate: 0.00528
2026-06-12 13:01:15.937534: train_loss -0.6532
2026-06-12 13:01:15.938039: val_loss -0.2453
2026-06-12 13:01:15.938190: Pseudo dice [np.float32(0.7487)]
2026-06-12 13:01:15.938369: Epoch time: 53.27 s
2026-06-12 13:01:17.711394: 
2026-06-12 13:01:17.711817: Epoch 128
2026-06-12 13:01:17.712022: Current learning rate: 0.00524
2026-06-12 13:02:10.855263: train_loss -0.6477
2026-06-12 13:02:10.855714: val_loss -0.2653
2026-06-12 13:02:10.855861: Pseudo dice [np.float32(0.7431)]
2026-06-12 13:02:10.856043: Epoch time: 53.15 s
2026-06-12 13:02:12.678329: 
2026-06-12 13:02:12.678819: Epoch 129
2026-06-12 13:02:12.679101: Current learning rate: 0.0052
2026-06-12 13:03:05.777085: train_loss -0.6333
2026-06-12 13:03:05.777608: val_loss -0.2143
2026-06-12 13:03:05.777779: Pseudo dice [np.float32(0.7022)]
2026-06-12 13:03:05.777967: Epoch time: 53.1 s
2026-06-12 13:03:07.563091: 
2026-06-12 13:03:07.563673: Epoch 130
2026-06-12 13:03:07.563963: Current learning rate: 0.00517
2026-06-12 13:04:00.732183: train_loss -0.6487
2026-06-12 13:04:00.732685: val_loss -0.2138
2026-06-12 13:04:00.732838: Pseudo dice [np.float32(0.7547)]
2026-06-12 13:04:00.733012: Epoch time: 53.17 s
2026-06-12 13:04:02.510370: 
2026-06-12 13:04:02.510806: Epoch 131
2026-06-12 13:04:02.510997: Current learning rate: 0.00513
2026-06-12 13:04:55.982587: train_loss -0.6629
2026-06-12 13:04:55.983117: val_loss -0.1181
2026-06-12 13:04:55.983268: Pseudo dice [np.float32(0.6905)]
2026-06-12 13:04:55.983448: Epoch time: 53.48 s
2026-06-12 13:04:58.225031: 
2026-06-12 13:04:58.225479: Epoch 132
2026-06-12 13:04:58.225785: Current learning rate: 0.00509
2026-06-12 13:05:51.630989: train_loss -0.6643
2026-06-12 13:05:51.631561: val_loss -0.252
2026-06-12 13:05:51.631721: Pseudo dice [np.float32(0.7555)]
2026-06-12 13:05:51.631901: Epoch time: 53.41 s
2026-06-12 13:05:53.435816: 
2026-06-12 13:05:53.436376: Epoch 133
2026-06-12 13:05:53.436693: Current learning rate: 0.00505
2026-06-12 13:06:46.778546: train_loss -0.656
2026-06-12 13:06:46.779091: val_loss -0.0952
2026-06-12 13:06:46.779244: Pseudo dice [np.float32(0.6746)]
2026-06-12 13:06:46.779427: Epoch time: 53.35 s
2026-06-12 13:06:48.581413: 
2026-06-12 13:06:48.581923: Epoch 134
2026-06-12 13:06:48.582207: Current learning rate: 0.00501
2026-06-12 13:07:41.847834: train_loss -0.6701
2026-06-12 13:07:41.848410: val_loss -0.2328
2026-06-12 13:07:41.848959: Pseudo dice [np.float32(0.7536)]
2026-06-12 13:07:41.849231: Epoch time: 53.27 s
2026-06-12 13:07:43.651622: 
2026-06-12 13:07:43.652038: Epoch 135
2026-06-12 13:07:43.652256: Current learning rate: 0.00497
2026-06-12 13:08:36.834451: train_loss -0.6528
2026-06-12 13:08:36.835337: val_loss -0.2556
2026-06-12 13:08:36.835539: Pseudo dice [np.float32(0.748)]
2026-06-12 13:08:36.835738: Epoch time: 53.19 s
2026-06-12 13:08:38.674989: 
2026-06-12 13:08:38.675649: Epoch 136
2026-06-12 13:08:38.676259: Current learning rate: 0.00493
2026-06-12 13:09:31.887706: train_loss -0.6548
2026-06-12 13:09:31.888413: val_loss -0.2016
2026-06-12 13:09:31.888575: Pseudo dice [np.float32(0.7173)]
2026-06-12 13:09:31.888760: Epoch time: 53.22 s
2026-06-12 13:09:33.728567: 
2026-06-12 13:09:33.729098: Epoch 137
2026-06-12 13:09:33.729596: Current learning rate: 0.00489
2026-06-12 13:10:26.921613: train_loss -0.6495
2026-06-12 13:10:26.922485: val_loss -0.2083
2026-06-12 13:10:26.922814: Pseudo dice [np.float32(0.7212)]
2026-06-12 13:10:26.923101: Epoch time: 53.2 s
2026-06-12 13:10:28.764859: 
2026-06-12 13:10:28.765311: Epoch 138
2026-06-12 13:10:28.765640: Current learning rate: 0.00485
2026-06-12 13:11:22.015363: train_loss -0.6658
2026-06-12 13:11:22.015919: val_loss -0.1847
2026-06-12 13:11:22.016075: Pseudo dice [np.float32(0.7244)]
2026-06-12 13:11:22.016255: Epoch time: 53.25 s
2026-06-12 13:11:23.825474: 
2026-06-12 13:11:23.826063: Epoch 139
2026-06-12 13:11:23.826375: Current learning rate: 0.00482
2026-06-12 13:12:17.000547: train_loss -0.6577
2026-06-12 13:12:17.001220: val_loss -0.1825
2026-06-12 13:12:17.001370: Pseudo dice [np.float32(0.6998)]
2026-06-12 13:12:17.001561: Epoch time: 53.18 s
2026-06-12 13:12:18.804560: 
2026-06-12 13:12:18.805003: Epoch 140
2026-06-12 13:12:18.805239: Current learning rate: 0.00478
2026-06-12 13:13:11.979156: train_loss -0.6576
2026-06-12 13:13:11.979681: val_loss -0.1422
2026-06-12 13:13:11.979830: Pseudo dice [np.float32(0.6838)]
2026-06-12 13:13:11.980654: Epoch time: 53.18 s
2026-06-12 13:13:14.268820: 
2026-06-12 13:13:14.269318: Epoch 141
2026-06-12 13:13:14.269537: Current learning rate: 0.00474
2026-06-12 13:14:07.347375: train_loss -0.6532
2026-06-12 13:14:07.350314: val_loss -0.1905
2026-06-12 13:14:07.350518: Pseudo dice [np.float32(0.7251)]
2026-06-12 13:14:07.350746: Epoch time: 53.08 s
2026-06-12 13:14:09.157604: 
2026-06-12 13:14:09.158189: Epoch 142
2026-06-12 13:14:09.158378: Current learning rate: 0.0047
2026-06-12 13:15:02.341388: train_loss -0.6627
2026-06-12 13:15:02.342032: val_loss -0.2174
2026-06-12 13:15:02.342188: Pseudo dice [np.float32(0.7309)]
2026-06-12 13:15:02.342367: Epoch time: 53.19 s
2026-06-12 13:15:04.150656: 
2026-06-12 13:15:04.151087: Epoch 143
2026-06-12 13:15:04.151395: Current learning rate: 0.00466
2026-06-12 13:15:57.273805: train_loss -0.662
2026-06-12 13:15:57.274364: val_loss -0.1169
2026-06-12 13:15:57.274518: Pseudo dice [np.float32(0.7227)]
2026-06-12 13:15:57.274751: Epoch time: 53.13 s
2026-06-12 13:15:59.077037: 
2026-06-12 13:15:59.077487: Epoch 144
2026-06-12 13:15:59.077695: Current learning rate: 0.00462
2026-06-12 13:16:52.137625: train_loss -0.6791
2026-06-12 13:16:52.138180: val_loss -0.1365
2026-06-12 13:16:52.138339: Pseudo dice [np.float32(0.7038)]
2026-06-12 13:16:52.138517: Epoch time: 53.06 s
2026-06-12 13:16:53.952132: 
2026-06-12 13:16:53.952813: Epoch 145
2026-06-12 13:16:53.953126: Current learning rate: 0.00458
2026-06-12 13:17:47.256577: train_loss -0.671
2026-06-12 13:17:47.257157: val_loss -0.2326
2026-06-12 13:17:47.257308: Pseudo dice [np.float32(0.7518)]
2026-06-12 13:17:47.257490: Epoch time: 53.31 s
2026-06-12 13:17:49.090823: 
2026-06-12 13:17:49.091450: Epoch 146
2026-06-12 13:17:49.091797: Current learning rate: 0.00454
2026-06-12 13:18:42.363978: train_loss -0.6734
2026-06-12 13:18:42.364576: val_loss -0.0921
2026-06-12 13:18:42.364740: Pseudo dice [np.float32(0.6915)]
2026-06-12 13:18:42.364925: Epoch time: 53.28 s
2026-06-12 13:18:44.221224: 
2026-06-12 13:18:44.221870: Epoch 147
2026-06-12 13:18:44.222227: Current learning rate: 0.0045
2026-06-12 13:19:37.385617: train_loss -0.6666
2026-06-12 13:19:37.386128: val_loss -0.0749
2026-06-12 13:19:37.386285: Pseudo dice [np.float32(0.6835)]
2026-06-12 13:19:37.386475: Epoch time: 53.17 s
2026-06-12 13:19:39.195238: 
2026-06-12 13:19:39.195678: Epoch 148
2026-06-12 13:19:39.195889: Current learning rate: 0.00446
2026-06-12 13:20:32.449818: train_loss -0.6749
2026-06-12 13:20:32.450307: val_loss -0.1149
2026-06-12 13:20:32.450456: Pseudo dice [np.float32(0.708)]
2026-06-12 13:20:32.450648: Epoch time: 53.26 s
2026-06-12 13:20:34.734281: 
2026-06-12 13:20:34.734741: Epoch 149
2026-06-12 13:20:34.734951: Current learning rate: 0.00442
2026-06-12 13:21:27.973204: train_loss -0.6791
2026-06-12 13:21:27.973816: val_loss -0.136
2026-06-12 13:21:27.973975: Pseudo dice [np.float32(0.7)]
2026-06-12 13:21:27.974175: Epoch time: 53.24 s
2026-06-12 13:21:30.289215: 
2026-06-12 13:21:30.289735: Epoch 150
2026-06-12 13:21:30.289915: Current learning rate: 0.00438
2026-06-12 13:22:23.696487: train_loss -0.688
2026-06-12 13:22:23.697021: val_loss -0.1934
2026-06-12 13:22:23.697176: Pseudo dice [np.float32(0.7249)]
2026-06-12 13:22:23.697357: Epoch time: 53.41 s
2026-06-12 13:22:25.511157: 
2026-06-12 13:22:25.511686: Epoch 151
2026-06-12 13:22:25.511889: Current learning rate: 0.00434
2026-06-12 13:23:18.729193: train_loss -0.678
2026-06-12 13:23:18.729849: val_loss -0.1128
2026-06-12 13:23:18.730001: Pseudo dice [np.float32(0.7194)]
2026-06-12 13:23:18.730176: Epoch time: 53.22 s
2026-06-12 13:23:20.556738: 
2026-06-12 13:23:20.557226: Epoch 152
2026-06-12 13:23:20.557499: Current learning rate: 0.0043
2026-06-12 13:24:14.014668: train_loss -0.6619
2026-06-12 13:24:14.015268: val_loss -0.2553
2026-06-12 13:24:14.015465: Pseudo dice [np.float32(0.7627)]
2026-06-12 13:24:14.015658: Epoch time: 53.46 s
2026-06-12 13:24:15.845974: 
2026-06-12 13:24:15.846411: Epoch 153
2026-06-12 13:24:15.846717: Current learning rate: 0.00427
2026-06-12 13:25:09.217600: train_loss -0.6614
2026-06-12 13:25:09.218228: val_loss -0.2487
2026-06-12 13:25:09.218383: Pseudo dice [np.float32(0.7582)]
2026-06-12 13:25:09.218571: Epoch time: 53.38 s
2026-06-12 13:25:11.075850: 
2026-06-12 13:25:11.076461: Epoch 154
2026-06-12 13:25:11.076785: Current learning rate: 0.00423
2026-06-12 13:26:04.407816: train_loss -0.6681
2026-06-12 13:26:04.408459: val_loss -0.1641
2026-06-12 13:26:04.408620: Pseudo dice [np.float32(0.7379)]
2026-06-12 13:26:04.408802: Epoch time: 53.34 s
2026-06-12 13:26:06.250533: 
2026-06-12 13:26:06.250989: Epoch 155
2026-06-12 13:26:06.251197: Current learning rate: 0.00419
2026-06-12 13:26:59.308164: train_loss -0.6621
2026-06-12 13:26:59.308740: val_loss -0.3138
2026-06-12 13:26:59.308915: Pseudo dice [np.float32(0.7614)]
2026-06-12 13:26:59.309101: Epoch time: 53.06 s
2026-06-12 13:27:01.147710: 
2026-06-12 13:27:01.148142: Epoch 156
2026-06-12 13:27:01.148338: Current learning rate: 0.00415
2026-06-12 13:27:54.244597: train_loss -0.6558
2026-06-12 13:27:54.245163: val_loss -0.2644
2026-06-12 13:27:54.245318: Pseudo dice [np.float32(0.7599)]
2026-06-12 13:27:54.245496: Epoch time: 53.1 s
2026-06-12 13:27:56.087659: 
2026-06-12 13:27:56.088227: Epoch 157
2026-06-12 13:27:56.088523: Current learning rate: 0.00411
2026-06-12 13:28:49.235819: train_loss -0.668
2026-06-12 13:28:49.236335: val_loss -0.1392
2026-06-12 13:28:49.236481: Pseudo dice [np.float32(0.6814)]
2026-06-12 13:28:49.236668: Epoch time: 53.15 s
2026-06-12 13:28:51.543920: 
2026-06-12 13:28:51.544435: Epoch 158
2026-06-12 13:28:51.544648: Current learning rate: 0.00407
2026-06-12 13:29:44.708590: train_loss -0.6683
2026-06-12 13:29:44.709322: val_loss -0.1442
2026-06-12 13:29:44.709504: Pseudo dice [np.float32(0.7092)]
2026-06-12 13:29:44.709707: Epoch time: 53.17 s
2026-06-12 13:29:46.583856: 
2026-06-12 13:29:46.584338: Epoch 159
2026-06-12 13:29:46.584661: Current learning rate: 0.00403
2026-06-12 13:30:39.804971: train_loss -0.6765
2026-06-12 13:30:39.805498: val_loss -0.162
2026-06-12 13:30:39.805658: Pseudo dice [np.float32(0.7007)]
2026-06-12 13:30:39.805839: Epoch time: 53.22 s
2026-06-12 13:30:41.666178: 
2026-06-12 13:30:41.666694: Epoch 160
2026-06-12 13:30:41.666881: Current learning rate: 0.00399
2026-06-12 13:31:34.782028: train_loss -0.6843
2026-06-12 13:31:34.782687: val_loss -0.1071
2026-06-12 13:31:34.782861: Pseudo dice [np.float32(0.6906)]
2026-06-12 13:31:34.783043: Epoch time: 53.12 s
2026-06-12 13:31:36.616907: 
2026-06-12 13:31:36.617204: Epoch 161
2026-06-12 13:31:36.617395: Current learning rate: 0.00395
2026-06-12 13:32:29.735955: train_loss -0.6626
2026-06-12 13:32:29.736617: val_loss -0.3716
2026-06-12 13:32:29.736771: Pseudo dice [np.float32(0.7604)]
2026-06-12 13:32:29.736953: Epoch time: 53.12 s
2026-06-12 13:32:31.609459: 
2026-06-12 13:32:31.610013: Epoch 162
2026-06-12 13:32:31.610313: Current learning rate: 0.00391
2026-06-12 13:33:24.781740: train_loss -0.6464
2026-06-12 13:33:24.782401: val_loss -0.2192
2026-06-12 13:33:24.782561: Pseudo dice [np.float32(0.716)]
2026-06-12 13:33:24.782742: Epoch time: 53.18 s
2026-06-12 13:33:26.621407: 
2026-06-12 13:33:26.621932: Epoch 163
2026-06-12 13:33:26.622240: Current learning rate: 0.00387
2026-06-12 13:34:19.794040: train_loss -0.652
2026-06-12 13:34:19.794613: val_loss -0.169
2026-06-12 13:34:19.794785: Pseudo dice [np.float32(0.6956)]
2026-06-12 13:34:19.794966: Epoch time: 53.18 s
2026-06-12 13:34:21.633671: 
2026-06-12 13:34:21.634014: Epoch 164
2026-06-12 13:34:21.634194: Current learning rate: 0.00383
2026-06-12 13:35:14.985857: train_loss -0.6643
2026-06-12 13:35:14.986455: val_loss -0.1769
2026-06-12 13:35:14.986622: Pseudo dice [np.float32(0.7202)]
2026-06-12 13:35:14.986807: Epoch time: 53.36 s
2026-06-12 13:35:16.810817: 
2026-06-12 13:35:16.811275: Epoch 165
2026-06-12 13:35:16.811591: Current learning rate: 0.00379
2026-06-12 13:36:10.111394: train_loss -0.6711
2026-06-12 13:36:10.111907: val_loss -0.174
2026-06-12 13:36:10.112051: Pseudo dice [np.float32(0.7056)]
2026-06-12 13:36:10.112841: Epoch time: 53.31 s
2026-06-12 13:36:12.378491: 
2026-06-12 13:36:12.379225: Epoch 166
2026-06-12 13:36:12.379544: Current learning rate: 0.00375
2026-06-12 13:37:05.674520: train_loss -0.6701
2026-06-12 13:37:05.675049: val_loss -0.1104
2026-06-12 13:37:05.675201: Pseudo dice [np.float32(0.6993)]
2026-06-12 13:37:05.675379: Epoch time: 53.3 s
2026-06-12 13:37:07.510346: 
2026-06-12 13:37:07.510738: Epoch 167
2026-06-12 13:37:07.510932: Current learning rate: 0.00371
2026-06-12 13:38:00.659927: train_loss -0.6769
2026-06-12 13:38:00.660651: val_loss -0.1554
2026-06-12 13:38:00.660806: Pseudo dice [np.float32(0.721)]
2026-06-12 13:38:00.661101: Epoch time: 53.15 s
2026-06-12 13:38:02.500684: 
2026-06-12 13:38:02.501162: Epoch 168
2026-06-12 13:38:02.501366: Current learning rate: 0.00367
2026-06-12 13:38:55.563142: train_loss -0.6819
2026-06-12 13:38:55.563664: val_loss -0.141
2026-06-12 13:38:55.563815: Pseudo dice [np.float32(0.7035)]
2026-06-12 13:38:55.563998: Epoch time: 53.07 s
2026-06-12 13:38:57.400296: 
2026-06-12 13:38:57.400799: Epoch 169
2026-06-12 13:38:57.401077: Current learning rate: 0.00363
2026-06-12 13:39:50.667591: train_loss -0.6847
2026-06-12 13:39:50.668110: val_loss -0.2107
2026-06-12 13:39:50.668273: Pseudo dice [np.float32(0.728)]
2026-06-12 13:39:50.668461: Epoch time: 53.27 s
2026-06-12 13:39:52.579049: 
2026-06-12 13:39:52.579688: Epoch 170
2026-06-12 13:39:52.580012: Current learning rate: 0.00359
2026-06-12 13:40:45.798007: train_loss -0.6771
2026-06-12 13:40:45.798558: val_loss -0.2156
2026-06-12 13:40:45.798708: Pseudo dice [np.float32(0.7326)]
2026-06-12 13:40:45.798893: Epoch time: 53.22 s
2026-06-12 13:40:47.647069: 
2026-06-12 13:40:47.647737: Epoch 171
2026-06-12 13:40:47.648053: Current learning rate: 0.00355
2026-06-12 13:41:40.965930: train_loss -0.6823
2026-06-12 13:41:40.966591: val_loss -0.1808
2026-06-12 13:41:40.966769: Pseudo dice [np.float32(0.7322)]
2026-06-12 13:41:40.966955: Epoch time: 53.32 s
2026-06-12 13:41:42.811931: 
2026-06-12 13:41:42.812394: Epoch 172
2026-06-12 13:41:42.812669: Current learning rate: 0.00351
2026-06-12 13:42:36.075615: train_loss -0.685
2026-06-12 13:42:36.078082: val_loss -0.1733
2026-06-12 13:42:36.078395: Pseudo dice [np.float32(0.7297)]
2026-06-12 13:42:36.078620: Epoch time: 53.27 s
2026-06-12 13:42:37.920734: 
2026-06-12 13:42:37.921188: Epoch 173
2026-06-12 13:42:37.921501: Current learning rate: 0.00346
2026-06-12 13:43:31.072321: train_loss -0.662
2026-06-12 13:43:31.072795: val_loss -0.1441
2026-06-12 13:43:31.072944: Pseudo dice [np.float32(0.692)]
2026-06-12 13:43:31.073130: Epoch time: 53.15 s
2026-06-12 13:43:32.912046: 
2026-06-12 13:43:32.912595: Epoch 174
2026-06-12 13:43:32.912891: Current learning rate: 0.00342
2026-06-12 13:44:26.057554: train_loss -0.671
2026-06-12 13:44:26.058088: val_loss -0.2065
2026-06-12 13:44:26.058236: Pseudo dice [np.float32(0.7375)]
2026-06-12 13:44:26.058425: Epoch time: 53.15 s
2026-06-12 13:44:28.383429: 
2026-06-12 13:44:28.383931: Epoch 175
2026-06-12 13:44:28.384119: Current learning rate: 0.00338
2026-06-12 13:45:21.528601: train_loss -0.6788
2026-06-12 13:45:21.529314: val_loss -0.2586
2026-06-12 13:45:21.529465: Pseudo dice [np.float32(0.7532)]
2026-06-12 13:45:21.529653: Epoch time: 53.15 s
2026-06-12 13:45:23.363512: 
2026-06-12 13:45:23.364110: Epoch 176
2026-06-12 13:45:23.364421: Current learning rate: 0.00334
2026-06-12 13:46:16.604413: train_loss -0.6771
2026-06-12 13:46:16.605015: val_loss -0.0742
2026-06-12 13:46:16.605169: Pseudo dice [np.float32(0.6912)]
2026-06-12 13:46:16.605345: Epoch time: 53.24 s
2026-06-12 13:46:18.437734: 
2026-06-12 13:46:18.438094: Epoch 177
2026-06-12 13:46:18.438284: Current learning rate: 0.0033
2026-06-12 13:47:11.511724: train_loss -0.688
2026-06-12 13:47:11.512230: val_loss -0.1249
2026-06-12 13:47:11.512388: Pseudo dice [np.float32(0.72)]
2026-06-12 13:47:11.512576: Epoch time: 53.08 s
2026-06-12 13:47:13.413280: 
2026-06-12 13:47:13.414468: Epoch 178
2026-06-12 13:47:13.414887: Current learning rate: 0.00326
2026-06-12 13:48:06.469971: train_loss -0.6738
2026-06-12 13:48:06.470613: val_loss -0.1297
2026-06-12 13:48:06.470777: Pseudo dice [np.float32(0.7109)]
2026-06-12 13:48:06.470959: Epoch time: 53.06 s
2026-06-12 13:48:08.323065: 
2026-06-12 13:48:08.323537: Epoch 179
2026-06-12 13:48:08.323825: Current learning rate: 0.00322
2026-06-12 13:49:01.532139: train_loss -0.6814
2026-06-12 13:49:01.532741: val_loss -0.1533
2026-06-12 13:49:01.532897: Pseudo dice [np.float32(0.7225)]
2026-06-12 13:49:01.533087: Epoch time: 53.21 s
2026-06-12 13:49:03.378829: 
2026-06-12 13:49:03.379261: Epoch 180
2026-06-12 13:49:03.379467: Current learning rate: 0.00318
2026-06-12 13:49:56.473302: train_loss -0.694
2026-06-12 13:49:56.473884: val_loss -0.1608
2026-06-12 13:49:56.474035: Pseudo dice [np.float32(0.7222)]
2026-06-12 13:49:56.474215: Epoch time: 53.1 s
2026-06-12 13:49:58.315751: 
2026-06-12 13:49:58.316321: Epoch 181
2026-06-12 13:49:58.316625: Current learning rate: 0.00314
2026-06-12 13:50:51.539810: train_loss -0.6823
2026-06-12 13:50:51.540349: val_loss -0.1821
2026-06-12 13:50:51.540499: Pseudo dice [np.float32(0.7199)]
2026-06-12 13:50:51.540689: Epoch time: 53.23 s
2026-06-12 13:50:53.377468: 
2026-06-12 13:50:53.377965: Epoch 182
2026-06-12 13:50:53.378195: Current learning rate: 0.0031
2026-06-12 13:51:46.502834: train_loss -0.6766
2026-06-12 13:51:46.503789: val_loss -0.1601
2026-06-12 13:51:46.503982: Pseudo dice [np.float32(0.7273)]
2026-06-12 13:51:46.504177: Epoch time: 53.13 s
2026-06-12 13:51:48.837550: 
2026-06-12 13:51:48.837870: Epoch 183
2026-06-12 13:51:48.838063: Current learning rate: 0.00306
2026-06-12 13:52:41.941263: train_loss -0.6789
2026-06-12 13:52:41.941823: val_loss -0.1088
2026-06-12 13:52:41.941982: Pseudo dice [np.float32(0.7023)]
2026-06-12 13:52:41.942167: Epoch time: 53.11 s
2026-06-12 13:52:43.781883: 
2026-06-12 13:52:43.782175: Epoch 184
2026-06-12 13:52:43.782354: Current learning rate: 0.00302
2026-06-12 13:53:36.814683: train_loss -0.6822
2026-06-12 13:53:36.815516: val_loss -0.2358
2026-06-12 13:53:36.815722: Pseudo dice [np.float32(0.7506)]
2026-06-12 13:53:36.817543: Epoch time: 53.04 s
2026-06-12 13:53:38.725577: 
2026-06-12 13:53:38.726385: Epoch 185
2026-06-12 13:53:38.726608: Current learning rate: 0.00297
2026-06-12 13:54:31.967613: train_loss -0.6791
2026-06-12 13:54:31.968350: val_loss -0.1568
2026-06-12 13:54:31.968514: Pseudo dice [np.float32(0.7045)]
2026-06-12 13:54:31.968771: Epoch time: 53.25 s
2026-06-12 13:54:33.884188: 
2026-06-12 13:54:33.884923: Epoch 186
2026-06-12 13:54:33.885281: Current learning rate: 0.00293
2026-06-12 13:55:27.047699: train_loss -0.6974
2026-06-12 13:55:27.048262: val_loss -0.0758
2026-06-12 13:55:27.048433: Pseudo dice [np.float32(0.7207)]
2026-06-12 13:55:27.048623: Epoch time: 53.17 s
2026-06-12 13:55:28.906059: 
2026-06-12 13:55:28.906662: Epoch 187
2026-06-12 13:55:28.907034: Current learning rate: 0.00289
2026-06-12 13:56:22.045663: train_loss -0.6961
2026-06-12 13:56:22.046401: val_loss -0.1953
2026-06-12 13:56:22.046584: Pseudo dice [np.float32(0.7486)]
2026-06-12 13:56:22.046779: Epoch time: 53.14 s
2026-06-12 13:56:23.905889: 
2026-06-12 13:56:23.906455: Epoch 188
2026-06-12 13:56:23.906784: Current learning rate: 0.00285
2026-06-12 13:57:17.157843: train_loss -0.6899
2026-06-12 13:57:17.158312: val_loss -0.1908
2026-06-12 13:57:17.158461: Pseudo dice [np.float32(0.7409)]
2026-06-12 13:57:17.158655: Epoch time: 53.26 s
2026-06-12 13:57:19.011699: 
2026-06-12 13:57:19.012298: Epoch 189
2026-06-12 13:57:19.012647: Current learning rate: 0.00281
2026-06-12 13:58:12.267575: train_loss -0.6873
2026-06-12 13:58:12.268165: val_loss -0.1183
2026-06-12 13:58:12.268321: Pseudo dice [np.float32(0.7121)]
2026-06-12 13:58:12.268501: Epoch time: 53.26 s
2026-06-12 13:58:14.112984: 
2026-06-12 13:58:14.113513: Epoch 190
2026-06-12 13:58:14.113807: Current learning rate: 0.00277
2026-06-12 13:59:07.195668: train_loss -0.6995
2026-06-12 13:59:07.196331: val_loss -0.1308
2026-06-12 13:59:07.196488: Pseudo dice [np.float32(0.714)]
2026-06-12 13:59:07.197471: Epoch time: 53.09 s
2026-06-12 13:59:09.043542: 
2026-06-12 13:59:09.043989: Epoch 191
2026-06-12 13:59:09.044349: Current learning rate: 0.00273
2026-06-12 14:00:02.091874: train_loss -0.6897
2026-06-12 14:00:02.092388: val_loss -0.1857
2026-06-12 14:00:02.092541: Pseudo dice [np.float32(0.7327)]
2026-06-12 14:00:02.092726: Epoch time: 53.05 s
2026-06-12 14:00:04.385916: 
2026-06-12 14:00:04.386435: Epoch 192
2026-06-12 14:00:04.386651: Current learning rate: 0.00268
2026-06-12 14:00:57.440562: train_loss -0.6793
2026-06-12 14:00:57.441061: val_loss -0.1807
2026-06-12 14:00:57.441208: Pseudo dice [np.float32(0.7416)]
2026-06-12 14:00:57.441380: Epoch time: 53.06 s
2026-06-12 14:00:59.297183: 
2026-06-12 14:00:59.297654: Epoch 193
2026-06-12 14:00:59.297858: Current learning rate: 0.00264
2026-06-12 14:01:52.502885: train_loss -0.6844
2026-06-12 14:01:52.503488: val_loss -0.2252
2026-06-12 14:01:52.503675: Pseudo dice [np.float32(0.7559)]
2026-06-12 14:01:52.503864: Epoch time: 53.21 s
2026-06-12 14:01:54.356688: 
2026-06-12 14:01:54.357131: Epoch 194
2026-06-12 14:01:54.357421: Current learning rate: 0.0026
2026-06-12 14:02:47.603750: train_loss -0.6782
2026-06-12 14:02:47.604290: val_loss -0.0661
2026-06-12 14:02:47.604446: Pseudo dice [np.float32(0.7006)]
2026-06-12 14:02:47.604645: Epoch time: 53.25 s
2026-06-12 14:02:49.463078: 
2026-06-12 14:02:49.463652: Epoch 195
2026-06-12 14:02:49.463952: Current learning rate: 0.00256
2026-06-12 14:03:42.553821: train_loss -0.6902
2026-06-12 14:03:42.554367: val_loss -0.0614
2026-06-12 14:03:42.554559: Pseudo dice [np.float32(0.7141)]
2026-06-12 14:03:42.554755: Epoch time: 53.09 s
2026-06-12 14:03:44.401050: 
2026-06-12 14:03:44.401671: Epoch 196
2026-06-12 14:03:44.401974: Current learning rate: 0.00252
2026-06-12 14:04:37.667127: train_loss -0.6887
2026-06-12 14:04:37.667747: val_loss -0.1002
2026-06-12 14:04:37.667896: Pseudo dice [np.float32(0.7139)]
2026-06-12 14:04:37.668077: Epoch time: 53.27 s
2026-06-12 14:04:39.521032: 
2026-06-12 14:04:39.521610: Epoch 197
2026-06-12 14:04:39.521976: Current learning rate: 0.00248
2026-06-12 14:05:33.119314: train_loss -0.68
2026-06-12 14:05:33.119834: val_loss -0.117
2026-06-12 14:05:33.119988: Pseudo dice [np.float32(0.7121)]
2026-06-12 14:05:33.120166: Epoch time: 53.6 s
2026-06-12 14:05:34.985313: 
2026-06-12 14:05:34.985783: Epoch 198
2026-06-12 14:05:34.986013: Current learning rate: 0.00243
2026-06-12 14:06:28.257213: train_loss -0.6891
2026-06-12 14:06:28.257744: val_loss -0.1833
2026-06-12 14:06:28.257893: Pseudo dice [np.float32(0.755)]
2026-06-12 14:06:28.258077: Epoch time: 53.28 s
2026-06-12 14:06:30.118265: 
2026-06-12 14:06:30.118783: Epoch 199
2026-06-12 14:06:30.119076: Current learning rate: 0.00239
2026-06-12 14:07:23.333438: train_loss -0.6949
2026-06-12 14:07:23.333992: val_loss -0.1297
2026-06-12 14:07:23.334145: Pseudo dice [np.float32(0.7146)]
2026-06-12 14:07:23.334319: Epoch time: 53.22 s
2026-06-12 14:07:26.249354: 
2026-06-12 14:07:26.249770: Epoch 200
2026-06-12 14:07:26.250087: Current learning rate: 0.00235
2026-06-12 14:08:19.581273: train_loss -0.6906
2026-06-12 14:08:19.581804: val_loss -0.1666
2026-06-12 14:08:19.581953: Pseudo dice [np.float32(0.7356)]
2026-06-12 14:08:19.582160: Epoch time: 53.34 s
2026-06-12 14:08:21.450071: 
2026-06-12 14:08:21.450421: Epoch 201
2026-06-12 14:08:21.450616: Current learning rate: 0.00231
2026-06-12 14:09:14.697618: train_loss -0.6851
2026-06-12 14:09:14.698145: val_loss -0.0288
2026-06-12 14:09:14.698303: Pseudo dice [np.float32(0.6846)]
2026-06-12 14:09:14.698481: Epoch time: 53.25 s
2026-06-12 14:09:16.575632: 
2026-06-12 14:09:16.576051: Epoch 202
2026-06-12 14:09:16.576341: Current learning rate: 0.00226
2026-06-12 14:10:09.692506: train_loss -0.6855
2026-06-12 14:10:09.693149: val_loss -0.1859
2026-06-12 14:10:09.693305: Pseudo dice [np.float32(0.7449)]
2026-06-12 14:10:09.693486: Epoch time: 53.12 s
2026-06-12 14:10:11.566709: 
2026-06-12 14:10:11.567261: Epoch 203
2026-06-12 14:10:11.567608: Current learning rate: 0.00222
2026-06-12 14:11:04.643374: train_loss -0.6864
2026-06-12 14:11:04.644023: val_loss -0.1864
2026-06-12 14:11:04.644175: Pseudo dice [np.float32(0.7403)]
2026-06-12 14:11:04.644356: Epoch time: 53.08 s
2026-06-12 14:11:06.532145: 
2026-06-12 14:11:06.532663: Epoch 204
2026-06-12 14:11:06.532854: Current learning rate: 0.00218
2026-06-12 14:11:59.771118: train_loss -0.6945
2026-06-12 14:11:59.771672: val_loss -0.1517
2026-06-12 14:11:59.771825: Pseudo dice [np.float32(0.7204)]
2026-06-12 14:11:59.772003: Epoch time: 53.24 s
2026-06-12 14:12:01.650644: 
2026-06-12 14:12:01.651251: Epoch 205
2026-06-12 14:12:01.651446: Current learning rate: 0.00214
2026-06-12 14:12:54.777989: train_loss -0.6877
2026-06-12 14:12:54.778843: val_loss -0.1012
2026-06-12 14:12:54.778999: Pseudo dice [np.float32(0.6999)]
2026-06-12 14:12:54.779183: Epoch time: 53.13 s
2026-06-12 14:12:56.592355: 
2026-06-12 14:12:56.592949: Epoch 206
2026-06-12 14:12:56.593256: Current learning rate: 0.00209
2026-06-12 14:13:49.943005: train_loss -0.6856
2026-06-12 14:13:49.943459: val_loss -0.1366
2026-06-12 14:13:49.943619: Pseudo dice [np.float32(0.7225)]
2026-06-12 14:13:49.943800: Epoch time: 53.35 s
2026-06-12 14:13:51.763370: 
2026-06-12 14:13:51.763991: Epoch 207
2026-06-12 14:13:51.764294: Current learning rate: 0.00205
2026-06-12 14:14:45.101966: train_loss -0.6816
2026-06-12 14:14:45.102556: val_loss -0.075
2026-06-12 14:14:45.102733: Pseudo dice [np.float32(0.7115)]
2026-06-12 14:14:45.102926: Epoch time: 53.34 s
2026-06-12 14:14:47.359110: 
2026-06-12 14:14:47.359685: Epoch 208
2026-06-12 14:14:47.360004: Current learning rate: 0.00201
2026-06-12 14:15:40.642457: train_loss -0.6905
2026-06-12 14:15:40.642992: val_loss -0.1713
2026-06-12 14:15:40.643140: Pseudo dice [np.float32(0.7131)]
2026-06-12 14:15:40.643319: Epoch time: 53.29 s
2026-06-12 14:15:42.464586: 
2026-06-12 14:15:42.465156: Epoch 209
2026-06-12 14:15:42.465495: Current learning rate: 0.00196
2026-06-12 14:16:35.688550: train_loss -0.694
2026-06-12 14:16:35.689023: val_loss -0.1218
2026-06-12 14:16:35.689169: Pseudo dice [np.float32(0.7122)]
2026-06-12 14:16:35.689349: Epoch time: 53.23 s
2026-06-12 14:16:37.500232: 
2026-06-12 14:16:37.500739: Epoch 210
2026-06-12 14:16:37.500947: Current learning rate: 0.00192
2026-06-12 14:17:30.610227: train_loss -0.6996
2026-06-12 14:17:30.610859: val_loss -0.1656
2026-06-12 14:17:30.611006: Pseudo dice [np.float32(0.7452)]
2026-06-12 14:17:30.611188: Epoch time: 53.11 s
2026-06-12 14:17:32.416679: 
2026-06-12 14:17:32.417103: Epoch 211
2026-06-12 14:17:32.417314: Current learning rate: 0.00188
2026-06-12 14:18:25.487125: train_loss -0.7011
2026-06-12 14:18:25.487975: val_loss -0.1675
2026-06-12 14:18:25.488140: Pseudo dice [np.float32(0.7313)]
2026-06-12 14:18:25.488313: Epoch time: 53.07 s
2026-06-12 14:18:27.304685: 
2026-06-12 14:18:27.305229: Epoch 212
2026-06-12 14:18:27.305415: Current learning rate: 0.00184
2026-06-12 14:19:20.628855: train_loss -0.6919
2026-06-12 14:19:20.629410: val_loss -0.1139
2026-06-12 14:19:20.629576: Pseudo dice [np.float32(0.7186)]
2026-06-12 14:19:20.629760: Epoch time: 53.33 s
2026-06-12 14:19:22.438203: 
2026-06-12 14:19:22.438761: Epoch 213
2026-06-12 14:19:22.439064: Current learning rate: 0.00179
2026-06-12 14:20:15.670498: train_loss -0.694
2026-06-12 14:20:15.671111: val_loss -0.0784
2026-06-12 14:20:15.671283: Pseudo dice [np.float32(0.6954)]
2026-06-12 14:20:15.671460: Epoch time: 53.24 s
2026-06-12 14:20:17.459326: 
2026-06-12 14:20:17.459906: Epoch 214
2026-06-12 14:20:17.460154: Current learning rate: 0.00175
2026-06-12 14:21:10.635867: train_loss -0.7063
2026-06-12 14:21:10.636368: val_loss -0.0314
2026-06-12 14:21:10.636514: Pseudo dice [np.float32(0.6923)]
2026-06-12 14:21:10.636705: Epoch time: 53.18 s
2026-06-12 14:21:12.419727: 
2026-06-12 14:21:12.420191: Epoch 215
2026-06-12 14:21:12.420398: Current learning rate: 0.0017
2026-06-12 14:22:05.533268: train_loss -0.6887
2026-06-12 14:22:05.533741: val_loss -0.135
2026-06-12 14:22:05.533887: Pseudo dice [np.float32(0.7083)]
2026-06-12 14:22:05.534071: Epoch time: 53.12 s
2026-06-12 14:22:07.356175: 
2026-06-12 14:22:07.356802: Epoch 216
2026-06-12 14:22:07.357151: Current learning rate: 0.00166
2026-06-12 14:23:00.579555: train_loss -0.6808
2026-06-12 14:23:00.580085: val_loss -0.1034
2026-06-12 14:23:00.580235: Pseudo dice [np.float32(0.7318)]
2026-06-12 14:23:00.580410: Epoch time: 53.23 s
2026-06-12 14:23:02.856969: 
2026-06-12 14:23:02.857633: Epoch 217
2026-06-12 14:23:02.857825: Current learning rate: 0.00162
2026-06-12 14:23:56.128442: train_loss -0.6882
2026-06-12 14:23:56.129138: val_loss -0.0757
2026-06-12 14:23:56.129298: Pseudo dice [np.float32(0.736)]
2026-06-12 14:23:56.129477: Epoch time: 53.27 s
2026-06-12 14:23:57.923888: 
2026-06-12 14:23:57.924396: Epoch 218
2026-06-12 14:23:57.924689: Current learning rate: 0.00157
2026-06-12 14:24:51.189066: train_loss -0.6961
2026-06-12 14:24:51.189548: val_loss -0.1358
2026-06-12 14:24:51.189698: Pseudo dice [np.float32(0.7314)]
2026-06-12 14:24:51.189875: Epoch time: 53.27 s
2026-06-12 14:24:52.974830: 
2026-06-12 14:24:52.975403: Epoch 219
2026-06-12 14:24:52.975758: Current learning rate: 0.00153
2026-06-12 14:25:46.421154: train_loss -0.6975
2026-06-12 14:25:46.421753: val_loss -0.1411
2026-06-12 14:25:46.421912: Pseudo dice [np.float32(0.7278)]
2026-06-12 14:25:46.422095: Epoch time: 53.45 s
2026-06-12 14:25:48.214816: 
2026-06-12 14:25:48.215355: Epoch 220
2026-06-12 14:25:48.215541: Current learning rate: 0.00148
2026-06-12 14:26:41.492073: train_loss -0.7034
2026-06-12 14:26:41.492627: val_loss -0.0715
2026-06-12 14:26:41.492785: Pseudo dice [np.float32(0.71)]
2026-06-12 14:26:41.492965: Epoch time: 53.28 s
2026-06-12 14:26:43.287925: 
2026-06-12 14:26:43.288404: Epoch 221
2026-06-12 14:26:43.288616: Current learning rate: 0.00144
2026-06-12 14:27:36.576479: train_loss -0.6945
2026-06-12 14:27:36.576957: val_loss -0.0864
2026-06-12 14:27:36.577102: Pseudo dice [np.float32(0.6973)]
2026-06-12 14:27:36.577280: Epoch time: 53.29 s
2026-06-12 14:27:38.396701: 
2026-06-12 14:27:38.397241: Epoch 222
2026-06-12 14:27:38.397585: Current learning rate: 0.00139
2026-06-12 14:28:31.705709: train_loss -0.6976
2026-06-12 14:28:31.706293: val_loss -0.0457
2026-06-12 14:28:31.706447: Pseudo dice [np.float32(0.7063)]
2026-06-12 14:28:31.706649: Epoch time: 53.31 s
2026-06-12 14:28:33.491177: 
2026-06-12 14:28:33.491648: Epoch 223
2026-06-12 14:28:33.491838: Current learning rate: 0.00135
2026-06-12 14:29:26.668714: train_loss -0.6979
2026-06-12 14:29:26.669288: val_loss -0.1236
2026-06-12 14:29:26.669443: Pseudo dice [np.float32(0.7117)]
2026-06-12 14:29:26.669631: Epoch time: 53.18 s
2026-06-12 14:29:28.461878: 
2026-06-12 14:29:28.462333: Epoch 224
2026-06-12 14:29:28.462635: Current learning rate: 0.0013
2026-06-12 14:30:21.613058: train_loss -0.6923
2026-06-12 14:30:21.613678: val_loss -0.0959
2026-06-12 14:30:21.613850: Pseudo dice [np.float32(0.7081)]
2026-06-12 14:30:21.614042: Epoch time: 53.15 s
2026-06-12 14:30:23.414237: 
2026-06-12 14:30:23.414827: Epoch 225
2026-06-12 14:30:23.415135: Current learning rate: 0.00126
2026-06-12 14:31:16.655281: train_loss -0.7021
2026-06-12 14:31:16.655877: val_loss -0.0693
2026-06-12 14:31:16.656032: Pseudo dice [np.float32(0.6975)]
2026-06-12 14:31:16.656205: Epoch time: 53.24 s
2026-06-12 14:31:18.907300: 
2026-06-12 14:31:18.907902: Epoch 226
2026-06-12 14:31:18.908206: Current learning rate: 0.00121
2026-06-12 14:32:12.337339: train_loss -0.6979
2026-06-12 14:32:12.337902: val_loss 0.0159
2026-06-12 14:32:12.338098: Pseudo dice [np.float32(0.6896)]
2026-06-12 14:32:12.338288: Epoch time: 53.43 s
2026-06-12 14:32:14.120330: 
2026-06-12 14:32:14.120815: Epoch 227
2026-06-12 14:32:14.121030: Current learning rate: 0.00117
2026-06-12 14:33:07.470796: train_loss -0.7028
2026-06-12 14:33:07.471345: val_loss -0.0988
2026-06-12 14:33:07.471501: Pseudo dice [np.float32(0.721)]
2026-06-12 14:33:07.471697: Epoch time: 53.35 s
2026-06-12 14:33:09.268613: 
2026-06-12 14:33:09.269194: Epoch 228
2026-06-12 14:33:09.269517: Current learning rate: 0.00112
2026-06-12 14:34:02.490968: train_loss -0.7045
2026-06-12 14:34:02.491406: val_loss -0.1181
2026-06-12 14:34:02.491557: Pseudo dice [np.float32(0.7203)]
2026-06-12 14:34:02.491742: Epoch time: 53.23 s
2026-06-12 14:34:04.275842: 
2026-06-12 14:34:04.276347: Epoch 229
2026-06-12 14:34:04.276704: Current learning rate: 0.00108
2026-06-12 14:34:57.657771: train_loss -0.6945
2026-06-12 14:34:57.658272: val_loss -0.116
2026-06-12 14:34:57.658426: Pseudo dice [np.float32(0.7008)]
2026-06-12 14:34:57.658616: Epoch time: 53.39 s
2026-06-12 14:34:59.454694: 
2026-06-12 14:34:59.455227: Epoch 230
2026-06-12 14:34:59.455418: Current learning rate: 0.00103
2026-06-12 14:35:52.527323: train_loss -0.7037
2026-06-12 14:35:52.527849: val_loss -0.0586
2026-06-12 14:35:52.528000: Pseudo dice [np.float32(0.7067)]
2026-06-12 14:35:52.528180: Epoch time: 53.08 s
2026-06-12 14:35:54.318522: 
2026-06-12 14:35:54.319048: Epoch 231
2026-06-12 14:35:54.319337: Current learning rate: 0.00098
2026-06-12 14:36:47.397709: train_loss -0.7005
2026-06-12 14:36:47.398276: val_loss -0.0277
2026-06-12 14:36:47.398429: Pseudo dice [np.float32(0.7177)]
2026-06-12 14:36:47.398615: Epoch time: 53.08 s
2026-06-12 14:36:49.189684: 
2026-06-12 14:36:49.190152: Epoch 232
2026-06-12 14:36:49.190429: Current learning rate: 0.00094
2026-06-12 14:37:42.326649: train_loss -0.6966
2026-06-12 14:37:42.327235: val_loss -0.0642
2026-06-12 14:37:42.327379: Pseudo dice [np.float32(0.7144)]
2026-06-12 14:37:42.327566: Epoch time: 53.14 s
2026-06-12 14:37:44.117142: 
2026-06-12 14:37:44.117684: Epoch 233
2026-06-12 14:37:44.117953: Current learning rate: 0.00089
2026-06-12 14:38:37.378534: train_loss -0.7021
2026-06-12 14:38:37.379073: val_loss -0.0611
2026-06-12 14:38:37.379227: Pseudo dice [np.float32(0.7086)]
2026-06-12 14:38:37.379416: Epoch time: 53.26 s
2026-06-12 14:38:39.186351: 
2026-06-12 14:38:39.186870: Epoch 234
2026-06-12 14:38:39.187183: Current learning rate: 0.00084
2026-06-12 14:39:32.683400: train_loss -0.7045
2026-06-12 14:39:32.684071: val_loss -0.0697
2026-06-12 14:39:32.684234: Pseudo dice [np.float32(0.7133)]
2026-06-12 14:39:32.684414: Epoch time: 53.5 s
2026-06-12 14:39:34.961189: 
2026-06-12 14:39:34.961840: Epoch 235
2026-06-12 14:39:34.962055: Current learning rate: 0.00079
2026-06-12 14:40:28.217755: train_loss -0.6945
2026-06-12 14:40:28.218327: val_loss -0.1284
2026-06-12 14:40:28.218479: Pseudo dice [np.float32(0.73)]
2026-06-12 14:40:28.218703: Epoch time: 53.26 s
2026-06-12 14:40:30.001468: 
2026-06-12 14:40:30.001850: Epoch 236
2026-06-12 14:40:30.002033: Current learning rate: 0.00075
2026-06-12 14:41:23.134059: train_loss -0.6971
2026-06-12 14:41:23.134577: val_loss -0.067
2026-06-12 14:41:23.134729: Pseudo dice [np.float32(0.6938)]
2026-06-12 14:41:23.134904: Epoch time: 53.14 s
2026-06-12 14:41:24.923858: 
2026-06-12 14:41:24.924373: Epoch 237
2026-06-12 14:41:24.924679: Current learning rate: 0.0007
2026-06-12 14:42:18.007837: train_loss -0.7012
2026-06-12 14:42:18.008422: val_loss -0.1827
2026-06-12 14:42:18.008575: Pseudo dice [np.float32(0.7425)]
2026-06-12 14:42:18.008757: Epoch time: 53.09 s
2026-06-12 14:42:19.808896: 
2026-06-12 14:42:19.809556: Epoch 238
2026-06-12 14:42:19.809804: Current learning rate: 0.00065
2026-06-12 14:43:13.036590: train_loss -0.7003
2026-06-12 14:43:13.037124: val_loss -0.0842
2026-06-12 14:43:13.037270: Pseudo dice [np.float32(0.7109)]
2026-06-12 14:43:13.037444: Epoch time: 53.23 s
2026-06-12 14:43:14.834461: 
2026-06-12 14:43:14.835073: Epoch 239
2026-06-12 14:43:14.835416: Current learning rate: 0.0006
2026-06-12 14:44:07.983851: train_loss -0.6961
2026-06-12 14:44:07.984487: val_loss -0.0946
2026-06-12 14:44:07.984651: Pseudo dice [np.float32(0.7093)]
2026-06-12 14:44:07.984835: Epoch time: 53.15 s
2026-06-12 14:44:09.784239: 
2026-06-12 14:44:09.784823: Epoch 240
2026-06-12 14:44:09.785024: Current learning rate: 0.00055
2026-06-12 14:45:03.144093: train_loss -0.6995
2026-06-12 14:45:03.144602: val_loss -0.0315
2026-06-12 14:45:03.144748: Pseudo dice [np.float32(0.7131)]
2026-06-12 14:45:03.144928: Epoch time: 53.36 s
2026-06-12 14:45:04.942261: 
2026-06-12 14:45:04.943018: Epoch 241
2026-06-12 14:45:04.943229: Current learning rate: 0.0005
2026-06-12 14:45:58.175244: train_loss -0.7005
2026-06-12 14:45:58.175776: val_loss -0.136
2026-06-12 14:45:58.175926: Pseudo dice [np.float32(0.7329)]
2026-06-12 14:45:58.176099: Epoch time: 53.24 s
2026-06-12 14:45:59.987467: 
2026-06-12 14:45:59.987968: Epoch 242
2026-06-12 14:45:59.988247: Current learning rate: 0.00045
2026-06-12 14:46:53.256114: train_loss -0.7023
2026-06-12 14:46:53.256802: val_loss -0.0343
2026-06-12 14:46:53.256963: Pseudo dice [np.float32(0.6877)]
2026-06-12 14:46:53.257139: Epoch time: 53.27 s
2026-06-12 14:46:55.068515: 
2026-06-12 14:46:55.068885: Epoch 243
2026-06-12 14:46:55.069064: Current learning rate: 0.0004
2026-06-12 14:47:48.294141: train_loss -0.6997
2026-06-12 14:47:48.294673: val_loss -0.0459
2026-06-12 14:47:48.294831: Pseudo dice [np.float32(0.7091)]
2026-06-12 14:47:48.295020: Epoch time: 53.23 s
2026-06-12 14:47:50.803539: 
2026-06-12 14:47:50.804659: Epoch 244
2026-06-12 14:47:50.805391: Current learning rate: 0.00035
2026-06-12 14:48:43.970902: train_loss -0.6927
2026-06-12 14:48:43.971450: val_loss -0.0635
2026-06-12 14:48:43.971627: Pseudo dice [np.float32(0.7124)]
2026-06-12 14:48:43.971837: Epoch time: 53.17 s
2026-06-12 14:48:45.796131: 
2026-06-12 14:48:45.796794: Epoch 245
2026-06-12 14:48:45.797256: Current learning rate: 0.0003
2026-06-12 14:49:38.899062: train_loss -0.7066
2026-06-12 14:49:38.899929: val_loss -0.0275
2026-06-12 14:49:38.900088: Pseudo dice [np.float32(0.698)]
2026-06-12 14:49:38.900271: Epoch time: 53.11 s
2026-06-12 14:49:40.762504: 
2026-06-12 14:49:40.763183: Epoch 246
2026-06-12 14:49:40.763523: Current learning rate: 0.00024
2026-06-12 14:50:34.076840: train_loss -0.7027
2026-06-12 14:50:34.078007: val_loss 0.013
2026-06-12 14:50:34.078167: Pseudo dice [np.float32(0.692)]
2026-06-12 14:50:34.078358: Epoch time: 53.32 s
2026-06-12 14:50:35.907473: 
2026-06-12 14:50:35.907976: Epoch 247
2026-06-12 14:50:35.908318: Current learning rate: 0.00019
2026-06-12 14:51:29.086170: train_loss -0.7051
2026-06-12 14:51:29.086652: val_loss -0.0419
2026-06-12 14:51:29.086797: Pseudo dice [np.float32(0.7081)]
2026-06-12 14:51:29.086971: Epoch time: 53.18 s
2026-06-12 14:51:30.902934: 
2026-06-12 14:51:30.903429: Epoch 248
2026-06-12 14:51:30.903738: Current learning rate: 0.00013
2026-06-12 14:52:23.968314: train_loss -0.7121
2026-06-12 14:52:23.969110: val_loss -0.0465
2026-06-12 14:52:23.969304: Pseudo dice [np.float32(0.7181)]
2026-06-12 14:52:23.969517: Epoch time: 53.07 s
2026-06-12 14:52:25.828056: 
2026-06-12 14:52:25.828639: Epoch 249
2026-06-12 14:52:25.828859: Current learning rate: 7e-05
2026-06-12 14:53:19.062880: train_loss -0.7087
2026-06-12 14:53:19.063425: val_loss -0.0136
2026-06-12 14:53:19.063586: Pseudo dice [np.float32(0.6937)]
2026-06-12 14:53:19.063792: Epoch time: 53.24 s
2026-06-12 14:53:21.675660: Training done.
2026-06-12 14:53:22.051786: Using splits from existing split file: /gpfs/data/ravenlab/micmac/nnUNet_preprocessed/Dataset001_BinaryTask/splits_final.json
2026-06-12 14:53:22.052203: The split file contains 5 splits.
2026-06-12 14:53:22.052313: Desired fold for training: 1
2026-06-12 14:53:22.052403: This split has 8 training and 2 validation cases.
2026-06-12 14:53:22.052607: predicting 41759_G_100_slice_2_2
2026-06-12 14:53:22.284003: 41759_G_100_slice_2_2, shape torch.Size([1, 1, 4818, 8533]), rank 0
2026-06-12 14:53:43.001469: predicting 41759_G_160_slice_0_1
2026-06-12 14:53:43.033447: 41759_G_160_slice_0_1, shape torch.Size([1, 1, 1721, 3311]), rank 0
2026-06-12 14:54:00.666349: Validation complete
2026-06-12 14:54:00.666538: Mean Validation Dice:  0.7026248569751161
