Launching parallel training for 2D config, Fold 2 using 250-epoch trainer preset...

############################
INFO: You are using the old nnU-Net default plans. We have updated our recommendations. Please consider using those instead! Read more here: https://github.com/MIC-DKFZ/nnUNet/blob/master/documentation/resenc_presets.md
############################

Using device: cuda:0

#######################################################################
Please cite the following paper when using nnU-Net:
Isensee, F., Jaeger, P. F., Kohl, S. A., Petersen, J., & Maier-Hein, K. H. (2021). nnU-Net: a self-configuring method for deep learning-based biomedical image segmentation. Nature methods, 18(2), 203-211.
#######################################################################

2026-06-12 11:02:23.455339: do_dummy_2d_data_aug: False
2026-06-12 11:02:23.455828: Using splits from existing split file: /gpfs/data/ravenlab/micmac/nnUNet_preprocessed/Dataset001_BinaryTask/splits_final.json
2026-06-12 11:02:23.456078: The split file contains 5 splits.
2026-06-12 11:02:23.456173: Desired fold for training: 2
2026-06-12 11:02:23.456259: This split has 8 training and 2 validation cases.
using pin_memory on device 0
using pin_memory on device 0

This is the configuration used by this training:
Configuration name: 2d
 {'data_identifier': 'nnUNetPlans_2d', 'preprocessor_name': 'DefaultPreprocessor', 'batch_size': 2, 'patch_size': [1024, 1536], 'median_image_size_in_voxels': [5082.0, 7637.0], 'spacing': [1.0, 1.0], 'normalization_schemes': ['ZScoreNormalization'], 'use_mask_for_norm': [True], 'resampling_fn_data': 'resample_data_or_seg_to_shape', 'resampling_fn_seg': 'resample_data_or_seg_to_shape', 'resampling_fn_data_kwargs': {'is_seg': False, 'order': 3, 'order_z': 0, 'force_separate_z': None}, 'resampling_fn_seg_kwargs': {'is_seg': True, 'order': 1, 'order_z': 0, 'force_separate_z': None}, 'resampling_fn_probabilities': 'resample_data_or_seg_to_shape', 'resampling_fn_probabilities_kwargs': {'is_seg': False, 'order': 1, 'order_z': 0, 'force_separate_z': None}, 'architecture': {'network_class_name': 'dynamic_network_architectures.architectures.unet.PlainConvUNet', 'arch_kwargs': {'n_stages': 9, 'features_per_stage': [32, 64, 128, 256, 512, 512, 512, 512, 512], 'conv_op': 'torch.nn.modules.conv.Conv2d', 'kernel_sizes': [[3, 3], [3, 3], [3, 3], [3, 3], [3, 3], [3, 3], [3, 3], [3, 3], [3, 3]], 'strides': [[1, 1], [2, 2], [2, 2], [2, 2], [2, 2], [2, 2], [2, 2], [2, 2], [2, 2]], 'n_conv_per_stage': [2, 2, 2, 2, 2, 2, 2, 2, 2], 'n_conv_per_stage_decoder': [2, 2, 2, 2, 2, 2, 2, 2], 'conv_bias': True, 'norm_op': 'torch.nn.modules.instancenorm.InstanceNorm2d', 'norm_op_kwargs': {'eps': 1e-05, 'affine': True}, 'dropout_op': None, 'dropout_op_kwargs': None, 'nonlin': 'torch.nn.LeakyReLU', 'nonlin_kwargs': {'inplace': True}}, '_kw_requires_import': ['conv_op', 'norm_op', 'dropout_op', 'nonlin']}, 'batch_dice': True} 

These are the global plan.json settings:
 {'dataset_name': 'Dataset001_BinaryTask', 'plans_name': 'nnUNetPlans', 'original_median_spacing_after_transp': [999.0, 1.0, 1.0], 'original_median_shape_after_transp': [1, 5082, 7637], 'image_reader_writer': 'NaturalImage2DIO', 'transpose_forward': [0, 1, 2], 'transpose_backward': [0, 1, 2], 'experiment_planner_used': 'ExperimentPlanner', 'label_manager': 'LabelManager', 'foreground_intensity_properties_per_channel': {'0': {'max': 252.0, 'mean': 125.24241638183594, 'median': 123.0, 'min': 0.0, 'percentile_00_5': 48.0, 'percentile_99_5': 214.0, 'std': 34.663818359375}}} 

2026-06-12 11:02:27.847953: Unable to plot network architecture:
2026-06-12 11:02:27.848182: No module named 'hiddenlayer'
2026-06-12 11:02:27.949094: 
2026-06-12 11:02:27.949332: Epoch 0
2026-06-12 11:02:27.951810: Current learning rate: 0.01
2026-06-12 11:04:42.712210: train_loss -0.2248
2026-06-12 11:04:42.713082: val_loss -0.1437
2026-06-12 11:04:42.713284: Pseudo dice [np.float32(0.7404)]
2026-06-12 11:04:42.713511: Epoch time: 134.77 s
2026-06-12 11:04:42.713665: Yayy! New best EMA pseudo Dice: 0.7404000163078308
2026-06-12 11:04:45.252562: 
2026-06-12 11:04:45.253023: Epoch 1
2026-06-12 11:04:45.253202: Current learning rate: 0.00996
2026-06-12 11:05:38.522512: train_loss -0.4103
2026-06-12 11:05:38.523353: val_loss -0.1066
2026-06-12 11:05:38.523514: Pseudo dice [np.float32(0.7101)]
2026-06-12 11:05:38.523763: Epoch time: 53.27 s
2026-06-12 11:05:40.289176: 
2026-06-12 11:05:40.289775: Epoch 2
2026-06-12 11:05:40.290063: Current learning rate: 0.00993
2026-06-12 11:06:33.456866: train_loss -0.4668
2026-06-12 11:06:33.457477: val_loss -0.2509
2026-06-12 11:06:33.457656: Pseudo dice [np.float32(0.7407)]
2026-06-12 11:06:33.457866: Epoch time: 53.17 s
2026-06-12 11:06:35.252029: 
2026-06-12 11:06:35.252431: Epoch 3
2026-06-12 11:06:35.252618: Current learning rate: 0.00989
2026-06-12 11:07:28.316791: train_loss -0.4973
2026-06-12 11:07:28.317309: val_loss -0.3079
2026-06-12 11:07:28.317462: Pseudo dice [np.float32(0.769)]
2026-06-12 11:07:28.317647: Epoch time: 53.07 s
2026-06-12 11:07:28.317779: Yayy! New best EMA pseudo Dice: 0.7408000230789185
2026-06-12 11:07:30.595752: 
2026-06-12 11:07:30.596247: Epoch 4
2026-06-12 11:07:30.596468: Current learning rate: 0.00986
2026-06-12 11:08:23.574244: train_loss -0.5036
2026-06-12 11:08:23.574801: val_loss -0.2637
2026-06-12 11:08:23.574959: Pseudo dice [np.float32(0.7516)]
2026-06-12 11:08:23.575161: Epoch time: 52.98 s
2026-06-12 11:08:23.575299: Yayy! New best EMA pseudo Dice: 0.7419000267982483
2026-06-12 11:08:25.900893: 
2026-06-12 11:08:25.901465: Epoch 5
2026-06-12 11:08:25.901767: Current learning rate: 0.00982
2026-06-12 11:09:18.934283: train_loss -0.5007
2026-06-12 11:09:18.934898: val_loss -0.4281
2026-06-12 11:09:18.935053: Pseudo dice [np.float32(0.8216)]
2026-06-12 11:09:18.935232: Epoch time: 53.04 s
2026-06-12 11:09:18.935360: Yayy! New best EMA pseudo Dice: 0.7498999834060669
2026-06-12 11:09:21.207207: 
2026-06-12 11:09:21.207783: Epoch 6
2026-06-12 11:09:21.208092: Current learning rate: 0.00978
2026-06-12 11:10:14.350096: train_loss -0.4989
2026-06-12 11:10:14.350724: val_loss -0.2699
2026-06-12 11:10:14.350875: Pseudo dice [np.float32(0.738)]
2026-06-12 11:10:14.351061: Epoch time: 53.15 s
2026-06-12 11:10:16.088913: 
2026-06-12 11:10:16.089459: Epoch 7
2026-06-12 11:10:16.089774: Current learning rate: 0.00975
2026-06-12 11:11:09.139665: train_loss -0.5064
2026-06-12 11:11:09.140310: val_loss -0.3285
2026-06-12 11:11:09.140487: Pseudo dice [np.float32(0.7798)]
2026-06-12 11:11:09.140684: Epoch time: 53.05 s
2026-06-12 11:11:09.140818: Yayy! New best EMA pseudo Dice: 0.751800000667572
2026-06-12 11:11:11.419323: 
2026-06-12 11:11:11.419930: Epoch 8
2026-06-12 11:11:11.420226: Current learning rate: 0.00971
2026-06-12 11:12:04.510452: train_loss -0.5114
2026-06-12 11:12:04.510976: val_loss -0.1877
2026-06-12 11:12:04.511155: Pseudo dice [np.float32(0.6961)]
2026-06-12 11:12:04.511339: Epoch time: 53.09 s
2026-06-12 11:12:06.889992: 
2026-06-12 11:12:06.890447: Epoch 9
2026-06-12 11:12:06.890674: Current learning rate: 0.00968
2026-06-12 11:12:59.970325: train_loss -0.5314
2026-06-12 11:12:59.970876: val_loss -0.1515
2026-06-12 11:12:59.971032: Pseudo dice [np.float32(0.6846)]
2026-06-12 11:12:59.971499: Epoch time: 53.08 s
2026-06-12 11:13:01.688974: 
2026-06-12 11:13:01.689533: Epoch 10
2026-06-12 11:13:01.689837: Current learning rate: 0.00964
2026-06-12 11:13:54.946866: train_loss -0.5288
2026-06-12 11:13:54.947352: val_loss -0.3764
2026-06-12 11:13:54.947498: Pseudo dice [np.float32(0.812)]
2026-06-12 11:13:54.947734: Epoch time: 53.26 s
2026-06-12 11:13:56.694893: 
2026-06-12 11:13:56.695356: Epoch 11
2026-06-12 11:13:56.695546: Current learning rate: 0.0096
2026-06-12 11:14:49.836767: train_loss -0.5209
2026-06-12 11:14:49.837256: val_loss -0.2619
2026-06-12 11:14:49.837412: Pseudo dice [np.float32(0.7278)]
2026-06-12 11:14:49.837604: Epoch time: 53.15 s
2026-06-12 11:14:51.595216: 
2026-06-12 11:14:51.595775: Epoch 12
2026-06-12 11:14:51.596073: Current learning rate: 0.00957
2026-06-12 11:15:44.682368: train_loss -0.5296
2026-06-12 11:15:44.682863: val_loss -0.3127
2026-06-12 11:15:44.683013: Pseudo dice [np.float32(0.7841)]
2026-06-12 11:15:44.683193: Epoch time: 53.09 s
2026-06-12 11:15:46.408317: 
2026-06-12 11:15:46.408740: Epoch 13
2026-06-12 11:15:46.408945: Current learning rate: 0.00953
2026-06-12 11:16:39.562220: train_loss -0.5364
2026-06-12 11:16:39.562779: val_loss -0.2916
2026-06-12 11:16:39.562934: Pseudo dice [np.float32(0.7445)]
2026-06-12 11:16:39.563106: Epoch time: 53.16 s
2026-06-12 11:16:41.292510: 
2026-06-12 11:16:41.293046: Epoch 14
2026-06-12 11:16:41.293255: Current learning rate: 0.00949
2026-06-12 11:17:34.392453: train_loss -0.5423
2026-06-12 11:17:34.393019: val_loss -0.1673
2026-06-12 11:17:34.393193: Pseudo dice [np.float32(0.7135)]
2026-06-12 11:17:34.393373: Epoch time: 53.1 s
2026-06-12 11:17:36.148145: 
2026-06-12 11:17:36.148771: Epoch 15
2026-06-12 11:17:36.149065: Current learning rate: 0.00946
2026-06-12 11:18:29.300399: train_loss -0.5318
2026-06-12 11:18:29.301045: val_loss -0.3098
2026-06-12 11:18:29.301200: Pseudo dice [np.float32(0.7835)]
2026-06-12 11:18:29.301378: Epoch time: 53.16 s
2026-06-12 11:18:31.068272: 
2026-06-12 11:18:31.068669: Epoch 16
2026-06-12 11:18:31.068854: Current learning rate: 0.00942
2026-06-12 11:19:24.232976: train_loss -0.5373
2026-06-12 11:19:24.233966: val_loss -0.402
2026-06-12 11:19:24.234268: Pseudo dice [np.float32(0.8113)]
2026-06-12 11:19:24.234455: Epoch time: 53.17 s
2026-06-12 11:19:24.234609: Yayy! New best EMA pseudo Dice: 0.755299985408783
2026-06-12 11:19:26.605997: 
2026-06-12 11:19:26.606488: Epoch 17
2026-06-12 11:19:26.606725: Current learning rate: 0.00939
2026-06-12 11:20:20.152380: train_loss -0.5337
2026-06-12 11:20:20.152862: val_loss -0.2228
2026-06-12 11:20:20.153014: Pseudo dice [np.float32(0.7084)]
2026-06-12 11:20:20.153186: Epoch time: 53.55 s
2026-06-12 11:20:21.923172: 
2026-06-12 11:20:21.923563: Epoch 18
2026-06-12 11:20:21.923790: Current learning rate: 0.00935
2026-06-12 11:21:14.905948: train_loss -0.534
2026-06-12 11:21:14.906572: val_loss -0.4207
2026-06-12 11:21:14.906751: Pseudo dice [np.float32(0.8037)]
2026-06-12 11:21:14.906939: Epoch time: 52.99 s
2026-06-12 11:21:14.907083: Yayy! New best EMA pseudo Dice: 0.7559000253677368
2026-06-12 11:21:17.298257: 
2026-06-12 11:21:17.298869: Epoch 19
2026-06-12 11:21:17.299167: Current learning rate: 0.00931
2026-06-12 11:22:10.350768: train_loss -0.5495
2026-06-12 11:22:10.351510: val_loss -0.2918
2026-06-12 11:22:10.351678: Pseudo dice [np.float32(0.7617)]
2026-06-12 11:22:10.351853: Epoch time: 53.06 s
2026-06-12 11:22:10.351987: Yayy! New best EMA pseudo Dice: 0.7565000057220459
2026-06-12 11:22:12.674925: 
2026-06-12 11:22:12.675427: Epoch 20
2026-06-12 11:22:12.675605: Current learning rate: 0.00928
2026-06-12 11:23:05.718753: train_loss -0.549
2026-06-12 11:23:05.719343: val_loss -0.4119
2026-06-12 11:23:05.719510: Pseudo dice [np.float32(0.8265)]
2026-06-12 11:23:05.719705: Epoch time: 53.05 s
2026-06-12 11:23:05.719854: Yayy! New best EMA pseudo Dice: 0.7634999752044678
2026-06-12 11:23:08.061116: 
2026-06-12 11:23:08.061585: Epoch 21
2026-06-12 11:23:08.061780: Current learning rate: 0.00924
2026-06-12 11:24:01.196832: train_loss -0.5439
2026-06-12 11:24:01.197356: val_loss -0.2981
2026-06-12 11:24:01.197536: Pseudo dice [np.float32(0.7566)]
2026-06-12 11:24:01.197841: Epoch time: 53.14 s
2026-06-12 11:24:02.951022: 
2026-06-12 11:24:02.951444: Epoch 22
2026-06-12 11:24:02.951669: Current learning rate: 0.0092
2026-06-12 11:24:56.042506: train_loss -0.5451
2026-06-12 11:24:56.043096: val_loss -0.1557
2026-06-12 11:24:56.043251: Pseudo dice [np.float32(0.6708)]
2026-06-12 11:24:56.043451: Epoch time: 53.09 s
2026-06-12 11:24:57.787420: 
2026-06-12 11:24:57.787871: Epoch 23
2026-06-12 11:24:57.788077: Current learning rate: 0.00917
2026-06-12 11:25:50.870618: train_loss -0.5506
2026-06-12 11:25:50.871262: val_loss -0.4952
2026-06-12 11:25:50.871654: Pseudo dice [np.float32(0.8533)]
2026-06-12 11:25:50.871927: Epoch time: 53.09 s
2026-06-12 11:25:50.872104: Yayy! New best EMA pseudo Dice: 0.7635999917984009
2026-06-12 11:25:53.128234: 
2026-06-12 11:25:53.128806: Epoch 24
2026-06-12 11:25:53.129112: Current learning rate: 0.00913
2026-06-12 11:26:46.268680: train_loss -0.5628
2026-06-12 11:26:46.269242: val_loss -0.3242
2026-06-12 11:26:46.269394: Pseudo dice [np.float32(0.7873)]
2026-06-12 11:26:46.269583: Epoch time: 53.14 s
2026-06-12 11:26:46.269717: Yayy! New best EMA pseudo Dice: 0.7659000158309937
2026-06-12 11:26:48.530978: 
2026-06-12 11:26:48.531501: Epoch 25
2026-06-12 11:26:48.531797: Current learning rate: 0.0091
2026-06-12 11:27:41.680283: train_loss -0.5668
2026-06-12 11:27:41.680748: val_loss -0.3742
2026-06-12 11:27:41.680901: Pseudo dice [np.float32(0.8022)]
2026-06-12 11:27:41.681077: Epoch time: 53.15 s
2026-06-12 11:27:41.681208: Yayy! New best EMA pseudo Dice: 0.769599974155426
2026-06-12 11:27:44.362684: 
2026-06-12 11:27:44.363192: Epoch 26
2026-06-12 11:27:44.363376: Current learning rate: 0.00906
2026-06-12 11:28:37.378944: train_loss -0.5574
2026-06-12 11:28:37.379549: val_loss -0.4883
2026-06-12 11:28:37.379705: Pseudo dice [np.float32(0.8527)]
2026-06-12 11:28:37.379880: Epoch time: 53.02 s
2026-06-12 11:28:37.380008: Yayy! New best EMA pseudo Dice: 0.777899980545044
2026-06-12 11:28:39.662134: 
2026-06-12 11:28:39.662759: Epoch 27
2026-06-12 11:28:39.663039: Current learning rate: 0.00902
2026-06-12 11:29:32.782830: train_loss -0.5624
2026-06-12 11:29:32.783551: val_loss -0.3429
2026-06-12 11:29:32.783727: Pseudo dice [np.float32(0.7966)]
2026-06-12 11:29:32.783908: Epoch time: 53.12 s
2026-06-12 11:29:32.784038: Yayy! New best EMA pseudo Dice: 0.779699981212616
2026-06-12 11:29:35.424270: 
2026-06-12 11:29:35.424980: Epoch 28
2026-06-12 11:29:35.425297: Current learning rate: 0.00899
2026-06-12 11:30:28.565301: train_loss -0.5626
2026-06-12 11:30:28.565917: val_loss -0.4609
2026-06-12 11:30:28.566068: Pseudo dice [np.float32(0.8174)]
2026-06-12 11:30:28.566254: Epoch time: 53.14 s
2026-06-12 11:30:28.566388: Yayy! New best EMA pseudo Dice: 0.7835000157356262
2026-06-12 11:30:30.824474: 
2026-06-12 11:30:30.825152: Epoch 29
2026-06-12 11:30:30.825485: Current learning rate: 0.00895
2026-06-12 11:31:23.865929: train_loss -0.5644
2026-06-12 11:31:23.866607: val_loss -0.4206
2026-06-12 11:31:23.866758: Pseudo dice [np.float32(0.8248)]
2026-06-12 11:31:23.866932: Epoch time: 53.04 s
2026-06-12 11:31:23.867067: Yayy! New best EMA pseudo Dice: 0.7875999808311462
2026-06-12 11:31:26.108466: 
2026-06-12 11:31:26.108970: Epoch 30
2026-06-12 11:31:26.109145: Current learning rate: 0.00891
2026-06-12 11:32:19.221143: train_loss -0.5744
2026-06-12 11:32:19.221806: val_loss -0.2515
2026-06-12 11:32:19.221961: Pseudo dice [np.float32(0.7421)]
2026-06-12 11:32:19.222137: Epoch time: 53.12 s
2026-06-12 11:32:20.973489: 
2026-06-12 11:32:20.974059: Epoch 31
2026-06-12 11:32:20.974340: Current learning rate: 0.00888
2026-06-12 11:33:14.110276: train_loss -0.5605
2026-06-12 11:33:14.110758: val_loss -0.4666
2026-06-12 11:33:14.110904: Pseudo dice [np.float32(0.8289)]
2026-06-12 11:33:14.111071: Epoch time: 53.14 s
2026-06-12 11:33:14.111200: Yayy! New best EMA pseudo Dice: 0.7876999974250793
2026-06-12 11:33:16.381095: 
2026-06-12 11:33:16.381664: Epoch 32
2026-06-12 11:33:16.381950: Current learning rate: 0.00884
2026-06-12 11:34:09.381369: train_loss -0.5525
2026-06-12 11:34:09.381910: val_loss -0.1916
2026-06-12 11:34:09.382073: Pseudo dice [np.float32(0.7317)]
2026-06-12 11:34:09.382250: Epoch time: 53.0 s
2026-06-12 11:34:11.143389: 
2026-06-12 11:34:11.143939: Epoch 33
2026-06-12 11:34:11.144220: Current learning rate: 0.0088
2026-06-12 11:35:04.344800: train_loss -0.5524
2026-06-12 11:35:04.345501: val_loss -0.3179
2026-06-12 11:35:04.345682: Pseudo dice [np.float32(0.7796)]
2026-06-12 11:35:04.345865: Epoch time: 53.2 s
2026-06-12 11:35:06.108718: 
2026-06-12 11:35:06.109205: Epoch 34
2026-06-12 11:35:06.109483: Current learning rate: 0.00877
2026-06-12 11:35:59.408180: train_loss -0.5707
2026-06-12 11:35:59.408743: val_loss -0.301
2026-06-12 11:35:59.408891: Pseudo dice [np.float32(0.7788)]
2026-06-12 11:35:59.409073: Epoch time: 53.3 s
2026-06-12 11:36:01.625907: 
2026-06-12 11:36:01.626406: Epoch 35
2026-06-12 11:36:01.626635: Current learning rate: 0.00873
2026-06-12 11:36:54.730410: train_loss -0.5815
2026-06-12 11:36:54.731335: val_loss -0.4786
2026-06-12 11:36:54.731497: Pseudo dice [np.float32(0.8417)]
2026-06-12 11:36:54.731680: Epoch time: 53.11 s
2026-06-12 11:36:56.517079: 
2026-06-12 11:36:56.517674: Epoch 36
2026-06-12 11:36:56.517946: Current learning rate: 0.00869
2026-06-12 11:37:49.655137: train_loss -0.5515
2026-06-12 11:37:49.655745: val_loss -0.5134
2026-06-12 11:37:49.655914: Pseudo dice [np.float32(0.8452)]
2026-06-12 11:37:49.656097: Epoch time: 53.14 s
2026-06-12 11:37:49.656244: Yayy! New best EMA pseudo Dice: 0.7932999730110168
2026-06-12 11:37:52.058481: 
2026-06-12 11:37:52.059031: Epoch 37
2026-06-12 11:37:52.059309: Current learning rate: 0.00866
2026-06-12 11:38:45.155840: train_loss -0.5482
2026-06-12 11:38:45.156490: val_loss -0.3516
2026-06-12 11:38:45.156652: Pseudo dice [np.float32(0.7895)]
2026-06-12 11:38:45.156834: Epoch time: 53.1 s
2026-06-12 11:38:46.958635: 
2026-06-12 11:38:46.959242: Epoch 38
2026-06-12 11:38:46.959429: Current learning rate: 0.00862
2026-06-12 11:39:40.126156: train_loss -0.5718
2026-06-12 11:39:40.127282: val_loss -0.4478
2026-06-12 11:39:40.127469: Pseudo dice [np.float32(0.8134)]
2026-06-12 11:39:40.127663: Epoch time: 53.17 s
2026-06-12 11:39:40.127804: Yayy! New best EMA pseudo Dice: 0.7950000166893005
2026-06-12 11:39:42.453665: 
2026-06-12 11:39:42.454259: Epoch 39
2026-06-12 11:39:42.454546: Current learning rate: 0.00858
2026-06-12 11:40:35.854249: train_loss -0.579
2026-06-12 11:40:35.854769: val_loss -0.4662
2026-06-12 11:40:35.854920: Pseudo dice [np.float32(0.8359)]
2026-06-12 11:40:35.855095: Epoch time: 53.4 s
2026-06-12 11:40:35.855222: Yayy! New best EMA pseudo Dice: 0.7990999817848206
2026-06-12 11:40:38.224229: 
2026-06-12 11:40:38.224751: Epoch 40
2026-06-12 11:40:38.224964: Current learning rate: 0.00855
2026-06-12 11:41:31.222016: train_loss -0.5637
2026-06-12 11:41:31.222648: val_loss -0.3357
2026-06-12 11:41:31.222817: Pseudo dice [np.float32(0.7813)]
2026-06-12 11:41:31.222986: Epoch time: 53.0 s
2026-06-12 11:41:33.044373: 
2026-06-12 11:41:33.044878: Epoch 41
2026-06-12 11:41:33.045069: Current learning rate: 0.00851
2026-06-12 11:42:26.162881: train_loss -0.5677
2026-06-12 11:42:26.163730: val_loss -0.5435
2026-06-12 11:42:26.163888: Pseudo dice [np.float32(0.8754)]
2026-06-12 11:42:26.164063: Epoch time: 53.12 s
2026-06-12 11:42:26.164193: Yayy! New best EMA pseudo Dice: 0.8051000237464905
2026-06-12 11:42:28.405425: 
2026-06-12 11:42:28.405922: Epoch 42
2026-06-12 11:42:28.406102: Current learning rate: 0.00847
2026-06-12 11:43:21.440740: train_loss -0.5927
2026-06-12 11:43:21.441327: val_loss -0.3669
2026-06-12 11:43:21.441479: Pseudo dice [np.float32(0.8018)]
2026-06-12 11:43:21.441666: Epoch time: 53.04 s
2026-06-12 11:43:23.967691: 
2026-06-12 11:43:23.968304: Epoch 43
2026-06-12 11:43:23.968500: Current learning rate: 0.00844
2026-06-12 11:44:16.988583: train_loss -0.558
2026-06-12 11:44:16.989068: val_loss -0.4706
2026-06-12 11:44:16.989218: Pseudo dice [np.float32(0.8281)]
2026-06-12 11:44:16.989393: Epoch time: 53.02 s
2026-06-12 11:44:16.989537: Yayy! New best EMA pseudo Dice: 0.8070999979972839
2026-06-12 11:44:19.256826: 
2026-06-12 11:44:19.257218: Epoch 44
2026-06-12 11:44:19.257397: Current learning rate: 0.0084
2026-06-12 11:45:12.217842: train_loss -0.5672
2026-06-12 11:45:12.218506: val_loss -0.298
2026-06-12 11:45:12.218670: Pseudo dice [np.float32(0.7744)]
2026-06-12 11:45:12.218858: Epoch time: 52.96 s
2026-06-12 11:45:13.958720: 
2026-06-12 11:45:13.959190: Epoch 45
2026-06-12 11:45:13.959359: Current learning rate: 0.00836
2026-06-12 11:46:06.997515: train_loss -0.5839
2026-06-12 11:46:06.998222: val_loss -0.3747
2026-06-12 11:46:06.998376: Pseudo dice [np.float32(0.7899)]
2026-06-12 11:46:06.998573: Epoch time: 53.04 s
2026-06-12 11:46:08.762365: 
2026-06-12 11:46:08.763221: Epoch 46
2026-06-12 11:46:08.764006: Current learning rate: 0.00833
2026-06-12 11:47:01.894594: train_loss -0.5761
2026-06-12 11:47:01.895399: val_loss -0.3789
2026-06-12 11:47:01.895590: Pseudo dice [np.float32(0.7932)]
2026-06-12 11:47:01.895783: Epoch time: 53.14 s
2026-06-12 11:47:03.646109: 
2026-06-12 11:47:03.647114: Epoch 47
2026-06-12 11:47:03.647670: Current learning rate: 0.00829
2026-06-12 11:47:56.693562: train_loss -0.5764
2026-06-12 11:47:56.694182: val_loss -0.3235
2026-06-12 11:47:56.694338: Pseudo dice [np.float32(0.7637)]
2026-06-12 11:47:56.694515: Epoch time: 53.05 s
2026-06-12 11:47:58.451971: 
2026-06-12 11:47:58.452562: Epoch 48
2026-06-12 11:47:58.452950: Current learning rate: 0.00825
2026-06-12 11:48:51.463424: train_loss -0.586
2026-06-12 11:48:51.464023: val_loss -0.567
2026-06-12 11:48:51.464182: Pseudo dice [np.float32(0.8733)]
2026-06-12 11:48:51.464359: Epoch time: 53.01 s
2026-06-12 11:48:53.209472: 
2026-06-12 11:48:53.209955: Epoch 49
2026-06-12 11:48:53.210143: Current learning rate: 0.00822
2026-06-12 11:49:46.436862: train_loss -0.5713
2026-06-12 11:49:46.437436: val_loss -0.5142
2026-06-12 11:49:46.437605: Pseudo dice [np.float32(0.8489)]
2026-06-12 11:49:46.437789: Epoch time: 53.23 s
2026-06-12 11:49:46.977909: Yayy! New best EMA pseudo Dice: 0.8097000122070312
2026-06-12 11:49:49.255482: 
2026-06-12 11:49:49.255945: Epoch 50
2026-06-12 11:49:49.256133: Current learning rate: 0.00818
2026-06-12 11:50:42.372421: train_loss -0.5728
2026-06-12 11:50:42.372971: val_loss -0.4987
2026-06-12 11:50:42.373132: Pseudo dice [np.float32(0.8555)]
2026-06-12 11:50:42.373312: Epoch time: 53.12 s
2026-06-12 11:50:42.373449: Yayy! New best EMA pseudo Dice: 0.8141999840736389
2026-06-12 11:50:44.656796: 
2026-06-12 11:50:44.657408: Epoch 51
2026-06-12 11:50:44.657709: Current learning rate: 0.00814
2026-06-12 11:51:38.032485: train_loss -0.571
2026-06-12 11:51:38.033191: val_loss -0.4923
2026-06-12 11:51:38.033347: Pseudo dice [np.float32(0.8344)]
2026-06-12 11:51:38.033543: Epoch time: 53.38 s
2026-06-12 11:51:38.033677: Yayy! New best EMA pseudo Dice: 0.8162999749183655
2026-06-12 11:51:40.303376: 
2026-06-12 11:51:40.304160: Epoch 52
2026-06-12 11:51:40.304479: Current learning rate: 0.00811
2026-06-12 11:52:33.362384: train_loss -0.5819
2026-06-12 11:52:33.362930: val_loss -0.5846
2026-06-12 11:52:33.363072: Pseudo dice [np.float32(0.8875)]
2026-06-12 11:52:33.363279: Epoch time: 53.06 s
2026-06-12 11:52:33.363446: Yayy! New best EMA pseudo Dice: 0.8234000205993652
2026-06-12 11:52:35.638061: 
2026-06-12 11:52:35.638715: Epoch 53
2026-06-12 11:52:35.639082: Current learning rate: 0.00807
2026-06-12 11:53:28.724088: train_loss -0.5715
2026-06-12 11:53:28.724671: val_loss -0.3893
2026-06-12 11:53:28.724821: Pseudo dice [np.float32(0.8158)]
2026-06-12 11:53:28.724997: Epoch time: 53.09 s
2026-06-12 11:53:30.471975: 
2026-06-12 11:53:30.472434: Epoch 54
2026-06-12 11:53:30.472624: Current learning rate: 0.00803
2026-06-12 11:54:23.633898: train_loss -0.583
2026-06-12 11:54:23.634416: val_loss -0.365
2026-06-12 11:54:23.634577: Pseudo dice [np.float32(0.798)]
2026-06-12 11:54:23.634767: Epoch time: 53.16 s
2026-06-12 11:54:25.383577: 
2026-06-12 11:54:25.383939: Epoch 55
2026-06-12 11:54:25.384127: Current learning rate: 0.008
2026-06-12 11:55:18.518523: train_loss -0.5875
2026-06-12 11:55:18.519004: val_loss -0.5626
2026-06-12 11:55:18.519149: Pseudo dice [np.float32(0.8759)]
2026-06-12 11:55:18.519329: Epoch time: 53.14 s
2026-06-12 11:55:18.519462: Yayy! New best EMA pseudo Dice: 0.8256999850273132
2026-06-12 11:55:20.803199: 
2026-06-12 11:55:20.803611: Epoch 56
2026-06-12 11:55:20.803786: Current learning rate: 0.00796
2026-06-12 11:56:13.915867: train_loss -0.597
2026-06-12 11:56:13.916540: val_loss -0.4256
2026-06-12 11:56:13.916698: Pseudo dice [np.float32(0.8232)]
2026-06-12 11:56:13.916878: Epoch time: 53.12 s
2026-06-12 11:56:15.662757: 
2026-06-12 11:56:15.663156: Epoch 57
2026-06-12 11:56:15.663342: Current learning rate: 0.00792
2026-06-12 11:57:08.881159: train_loss -0.5945
2026-06-12 11:57:08.881695: val_loss -0.4492
2026-06-12 11:57:08.881845: Pseudo dice [np.float32(0.8325)]
2026-06-12 11:57:08.882026: Epoch time: 53.22 s
2026-06-12 11:57:08.882156: Yayy! New best EMA pseudo Dice: 0.826200008392334
2026-06-12 11:57:11.147314: 
2026-06-12 11:57:11.147958: Epoch 58
2026-06-12 11:57:11.148280: Current learning rate: 0.00789
2026-06-12 11:58:04.256618: train_loss -0.5802
2026-06-12 11:58:04.257295: val_loss -0.57
2026-06-12 11:58:04.257442: Pseudo dice [np.float32(0.8821)]
2026-06-12 11:58:04.257631: Epoch time: 53.11 s
2026-06-12 11:58:04.257768: Yayy! New best EMA pseudo Dice: 0.8317999839782715
2026-06-12 11:58:06.529660: 
2026-06-12 11:58:06.530103: Epoch 59
2026-06-12 11:58:06.530287: Current learning rate: 0.00785
2026-06-12 11:58:59.720223: train_loss -0.5766
2026-06-12 11:58:59.720793: val_loss -0.3253
2026-06-12 11:58:59.720959: Pseudo dice [np.float32(0.7838)]
2026-06-12 11:58:59.721136: Epoch time: 53.19 s
2026-06-12 11:59:02.074950: 
2026-06-12 11:59:02.075435: Epoch 60
2026-06-12 11:59:02.075621: Current learning rate: 0.00781
2026-06-12 11:59:55.267924: train_loss -0.5935
2026-06-12 11:59:55.268749: val_loss -0.3972
2026-06-12 11:59:55.268901: Pseudo dice [np.float32(0.8176)]
2026-06-12 11:59:55.269096: Epoch time: 53.2 s
2026-06-12 11:59:57.018296: 
2026-06-12 11:59:57.018762: Epoch 61
2026-06-12 11:59:57.019047: Current learning rate: 0.00777
2026-06-12 12:00:50.128684: train_loss -0.5855
2026-06-12 12:00:50.129192: val_loss -0.4542
2026-06-12 12:00:50.129346: Pseudo dice [np.float32(0.8283)]
2026-06-12 12:00:50.129525: Epoch time: 53.11 s
2026-06-12 12:00:51.871805: 
2026-06-12 12:00:51.872464: Epoch 62
2026-06-12 12:00:51.872788: Current learning rate: 0.00774
2026-06-12 12:01:44.915936: train_loss -0.6045
2026-06-12 12:01:44.916484: val_loss -0.471
2026-06-12 12:01:44.916655: Pseudo dice [np.float32(0.835)]
2026-06-12 12:01:44.916839: Epoch time: 53.05 s
2026-06-12 12:01:46.662512: 
2026-06-12 12:01:46.663077: Epoch 63
2026-06-12 12:01:46.663262: Current learning rate: 0.0077
2026-06-12 12:02:39.941504: train_loss -0.585
2026-06-12 12:02:39.942126: val_loss -0.3655
2026-06-12 12:02:39.942281: Pseudo dice [np.float32(0.7807)]
2026-06-12 12:02:39.942456: Epoch time: 53.28 s
2026-06-12 12:02:41.703190: 
2026-06-12 12:02:41.703800: Epoch 64
2026-06-12 12:02:41.704016: Current learning rate: 0.00766
2026-06-12 12:03:35.156522: train_loss -0.6007
2026-06-12 12:03:35.157093: val_loss -0.5027
2026-06-12 12:03:35.157252: Pseudo dice [np.float32(0.8533)]
2026-06-12 12:03:35.157437: Epoch time: 53.46 s
2026-06-12 12:03:36.910117: 
2026-06-12 12:03:36.910672: Epoch 65
2026-06-12 12:03:36.910948: Current learning rate: 0.00763
2026-06-12 12:04:30.197232: train_loss -0.6017
2026-06-12 12:04:30.197775: val_loss -0.5183
2026-06-12 12:04:30.197973: Pseudo dice [np.float32(0.8474)]
2026-06-12 12:04:30.198151: Epoch time: 53.29 s
2026-06-12 12:04:31.932720: 
2026-06-12 12:04:31.933123: Epoch 66
2026-06-12 12:04:31.933294: Current learning rate: 0.00759
2026-06-12 12:05:25.144717: train_loss -0.6016
2026-06-12 12:05:25.145499: val_loss -0.4044
2026-06-12 12:05:25.145689: Pseudo dice [np.float32(0.8136)]
2026-06-12 12:05:25.145876: Epoch time: 53.21 s
2026-06-12 12:05:26.904682: 
2026-06-12 12:05:26.905185: Epoch 67
2026-06-12 12:05:26.905485: Current learning rate: 0.00755
2026-06-12 12:06:20.146110: train_loss -0.5942
2026-06-12 12:06:20.146612: val_loss -0.5072
2026-06-12 12:06:20.146773: Pseudo dice [np.float32(0.8459)]
2026-06-12 12:06:20.146954: Epoch time: 53.24 s
2026-06-12 12:06:21.910634: 
2026-06-12 12:06:21.911085: Epoch 68
2026-06-12 12:06:21.911264: Current learning rate: 0.00751
2026-06-12 12:07:15.075855: train_loss -0.6055
2026-06-12 12:07:15.076490: val_loss -0.2404
2026-06-12 12:07:15.076660: Pseudo dice [np.float32(0.768)]
2026-06-12 12:07:15.076836: Epoch time: 53.17 s
2026-06-12 12:07:17.319017: 
2026-06-12 12:07:17.319457: Epoch 69
2026-06-12 12:07:17.319660: Current learning rate: 0.00748
2026-06-12 12:08:10.461069: train_loss -0.6085
2026-06-12 12:08:10.461648: val_loss -0.4668
2026-06-12 12:08:10.461802: Pseudo dice [np.float32(0.8499)]
2026-06-12 12:08:10.461980: Epoch time: 53.15 s
2026-06-12 12:08:12.229885: 
2026-06-12 12:08:12.230511: Epoch 70
2026-06-12 12:08:12.230855: Current learning rate: 0.00744
2026-06-12 12:09:05.349954: train_loss -0.6051
2026-06-12 12:09:05.352658: val_loss -0.3477
2026-06-12 12:09:05.352822: Pseudo dice [np.float32(0.7968)]
2026-06-12 12:09:05.353005: Epoch time: 53.12 s
2026-06-12 12:09:07.105507: 
2026-06-12 12:09:07.106019: Epoch 71
2026-06-12 12:09:07.106229: Current learning rate: 0.0074
2026-06-12 12:10:00.288290: train_loss -0.5992
2026-06-12 12:10:00.288813: val_loss -0.4885
2026-06-12 12:10:00.288964: Pseudo dice [np.float32(0.8482)]
2026-06-12 12:10:00.289138: Epoch time: 53.19 s
2026-06-12 12:10:02.087502: 
2026-06-12 12:10:02.088098: Epoch 72
2026-06-12 12:10:02.088427: Current learning rate: 0.00737
2026-06-12 12:10:55.221920: train_loss -0.6131
2026-06-12 12:10:55.222459: val_loss -0.4437
2026-06-12 12:10:55.222628: Pseudo dice [np.float32(0.821)]
2026-06-12 12:10:55.222806: Epoch time: 53.14 s
2026-06-12 12:10:56.984718: 
2026-06-12 12:10:56.985260: Epoch 73
2026-06-12 12:10:56.985563: Current learning rate: 0.00733
2026-06-12 12:11:50.136072: train_loss -0.5959
2026-06-12 12:11:50.136775: val_loss -0.3559
2026-06-12 12:11:50.136946: Pseudo dice [np.float32(0.8096)]
2026-06-12 12:11:50.137136: Epoch time: 53.15 s
2026-06-12 12:11:51.899503: 
2026-06-12 12:11:51.900149: Epoch 74
2026-06-12 12:11:51.900452: Current learning rate: 0.00729
2026-06-12 12:12:45.054786: train_loss -0.6051
2026-06-12 12:12:45.055321: val_loss -0.4291
2026-06-12 12:12:45.055474: Pseudo dice [np.float32(0.8283)]
2026-06-12 12:12:45.055671: Epoch time: 53.16 s
2026-06-12 12:12:46.822816: 
2026-06-12 12:12:46.823462: Epoch 75
2026-06-12 12:12:46.823797: Current learning rate: 0.00725
2026-06-12 12:13:40.000546: train_loss -0.6112
2026-06-12 12:13:40.001277: val_loss -0.3926
2026-06-12 12:13:40.001458: Pseudo dice [np.float32(0.7967)]
2026-06-12 12:13:40.001660: Epoch time: 53.18 s
2026-06-12 12:13:41.809188: 
2026-06-12 12:13:41.809729: Epoch 76
2026-06-12 12:13:41.810018: Current learning rate: 0.00722
2026-06-12 12:14:34.884384: train_loss -0.5936
2026-06-12 12:14:34.884969: val_loss -0.3518
2026-06-12 12:14:34.885160: Pseudo dice [np.float32(0.803)]
2026-06-12 12:14:34.885363: Epoch time: 53.08 s
2026-06-12 12:14:36.652116: 
2026-06-12 12:14:36.652736: Epoch 77
2026-06-12 12:14:36.653141: Current learning rate: 0.00718
2026-06-12 12:15:29.641273: train_loss -0.6066
2026-06-12 12:15:29.642368: val_loss -0.3941
2026-06-12 12:15:29.642584: Pseudo dice [np.float32(0.8181)]
2026-06-12 12:15:29.642782: Epoch time: 52.99 s
2026-06-12 12:15:31.883046: 
2026-06-12 12:15:31.883636: Epoch 78
2026-06-12 12:15:31.883830: Current learning rate: 0.00714
2026-06-12 12:16:24.980098: train_loss -0.5743
2026-06-12 12:16:24.980781: val_loss -0.2729
2026-06-12 12:16:24.980936: Pseudo dice [np.float32(0.7254)]
2026-06-12 12:16:24.981110: Epoch time: 53.1 s
2026-06-12 12:16:26.756002: 
2026-06-12 12:16:26.756407: Epoch 79
2026-06-12 12:16:26.756593: Current learning rate: 0.0071
2026-06-12 12:17:19.856537: train_loss -0.5835
2026-06-12 12:17:19.857035: val_loss -0.2841
2026-06-12 12:17:19.857189: Pseudo dice [np.float32(0.7663)]
2026-06-12 12:17:19.857365: Epoch time: 53.1 s
2026-06-12 12:17:21.639655: 
2026-06-12 12:17:21.640137: Epoch 80
2026-06-12 12:17:21.640325: Current learning rate: 0.00707
2026-06-12 12:18:14.674300: train_loss -0.6127
2026-06-12 12:18:14.674815: val_loss -0.2425
2026-06-12 12:18:14.674986: Pseudo dice [np.float32(0.7723)]
2026-06-12 12:18:14.675172: Epoch time: 53.04 s
2026-06-12 12:18:16.465020: 
2026-06-12 12:18:16.465445: Epoch 81
2026-06-12 12:18:16.465624: Current learning rate: 0.00703
2026-06-12 12:19:09.444775: train_loss -0.6048
2026-06-12 12:19:09.445427: val_loss -0.4325
2026-06-12 12:19:09.445589: Pseudo dice [np.float32(0.8319)]
2026-06-12 12:19:09.445767: Epoch time: 52.98 s
2026-06-12 12:19:11.232268: 
2026-06-12 12:19:11.232944: Epoch 82
2026-06-12 12:19:11.233238: Current learning rate: 0.00699
2026-06-12 12:20:04.383047: train_loss -0.5963
2026-06-12 12:20:04.383590: val_loss -0.2585
2026-06-12 12:20:04.383750: Pseudo dice [np.float32(0.7546)]
2026-06-12 12:20:04.383931: Epoch time: 53.15 s
2026-06-12 12:20:06.116182: 
2026-06-12 12:20:06.116771: Epoch 83
2026-06-12 12:20:06.117040: Current learning rate: 0.00696
2026-06-12 12:20:59.148508: train_loss -0.6044
2026-06-12 12:20:59.149186: val_loss -0.5501
2026-06-12 12:20:59.149341: Pseudo dice [np.float32(0.8615)]
2026-06-12 12:20:59.149520: Epoch time: 53.04 s
2026-06-12 12:21:00.899871: 
2026-06-12 12:21:00.900317: Epoch 84
2026-06-12 12:21:00.900604: Current learning rate: 0.00692
2026-06-12 12:21:54.084738: train_loss -0.6077
2026-06-12 12:21:54.085193: val_loss -0.3169
2026-06-12 12:21:54.085348: Pseudo dice [np.float32(0.78)]
2026-06-12 12:21:54.085534: Epoch time: 53.19 s
2026-06-12 12:21:55.823238: 
2026-06-12 12:21:55.823698: Epoch 85
2026-06-12 12:21:55.824012: Current learning rate: 0.00688
2026-06-12 12:22:48.895685: train_loss -0.6131
2026-06-12 12:22:48.896249: val_loss -0.438
2026-06-12 12:22:48.896404: Pseudo dice [np.float32(0.8279)]
2026-06-12 12:22:48.896635: Epoch time: 53.08 s
2026-06-12 12:22:50.633007: 
2026-06-12 12:22:50.634275: Epoch 86
2026-06-12 12:22:50.634604: Current learning rate: 0.00684
2026-06-12 12:23:43.469775: train_loss -0.6193
2026-06-12 12:23:43.470523: val_loss -0.1821
2026-06-12 12:23:43.470692: Pseudo dice [np.float32(0.7439)]
2026-06-12 12:23:43.470873: Epoch time: 52.84 s
2026-06-12 12:23:45.622439: 
2026-06-12 12:23:45.622935: Epoch 87
2026-06-12 12:23:45.623116: Current learning rate: 0.0068
2026-06-12 12:24:38.670000: train_loss -0.6155
2026-06-12 12:24:38.671031: val_loss -0.5162
2026-06-12 12:24:38.671275: Pseudo dice [np.float32(0.8627)]
2026-06-12 12:24:38.671542: Epoch time: 53.05 s
2026-06-12 12:24:40.433105: 
2026-06-12 12:24:40.434176: Epoch 88
2026-06-12 12:24:40.434875: Current learning rate: 0.00677
2026-06-12 12:25:33.519744: train_loss -0.6116
2026-06-12 12:25:33.520258: val_loss -0.4566
2026-06-12 12:25:33.520415: Pseudo dice [np.float32(0.8315)]
2026-06-12 12:25:33.520605: Epoch time: 53.09 s
2026-06-12 12:25:35.259256: 
2026-06-12 12:25:35.259673: Epoch 89
2026-06-12 12:25:35.259945: Current learning rate: 0.00673
2026-06-12 12:26:28.332984: train_loss -0.6176
2026-06-12 12:26:28.333783: val_loss -0.3174
2026-06-12 12:26:28.333949: Pseudo dice [np.float32(0.8012)]
2026-06-12 12:26:28.334199: Epoch time: 53.08 s
2026-06-12 12:26:30.068511: 
2026-06-12 12:26:30.068875: Epoch 90
2026-06-12 12:26:30.069041: Current learning rate: 0.00669
2026-06-12 12:27:23.105113: train_loss -0.6067
2026-06-12 12:27:23.105676: val_loss -0.3511
2026-06-12 12:27:23.105828: Pseudo dice [np.float32(0.8057)]
2026-06-12 12:27:23.106004: Epoch time: 53.04 s
2026-06-12 12:27:24.836860: 
2026-06-12 12:27:24.837289: Epoch 91
2026-06-12 12:27:24.837474: Current learning rate: 0.00665
2026-06-12 12:28:17.954808: train_loss -0.6135
2026-06-12 12:28:17.955407: val_loss -0.22
2026-06-12 12:28:17.955568: Pseudo dice [np.float32(0.7634)]
2026-06-12 12:28:17.955758: Epoch time: 53.12 s
2026-06-12 12:28:19.691695: 
2026-06-12 12:28:19.692045: Epoch 92
2026-06-12 12:28:19.692218: Current learning rate: 0.00662
2026-06-12 12:29:12.715448: train_loss -0.6067
2026-06-12 12:29:12.715984: val_loss -0.3483
2026-06-12 12:29:12.716139: Pseudo dice [np.float32(0.8077)]
2026-06-12 12:29:12.716318: Epoch time: 53.03 s
2026-06-12 12:29:14.472291: 
2026-06-12 12:29:14.472866: Epoch 93
2026-06-12 12:29:14.473050: Current learning rate: 0.00658
2026-06-12 12:30:07.767598: train_loss -0.6046
2026-06-12 12:30:07.768315: val_loss -0.5426
2026-06-12 12:30:07.768476: Pseudo dice [np.float32(0.8626)]
2026-06-12 12:30:07.768666: Epoch time: 53.3 s
2026-06-12 12:30:09.514452: 
2026-06-12 12:30:09.514971: Epoch 94
2026-06-12 12:30:09.515160: Current learning rate: 0.00654
2026-06-12 12:31:02.515483: train_loss -0.6061
2026-06-12 12:31:02.516025: val_loss -0.6005
2026-06-12 12:31:02.516180: Pseudo dice [np.float32(0.8886)]
2026-06-12 12:31:02.516355: Epoch time: 53.0 s
2026-06-12 12:31:04.262122: 
2026-06-12 12:31:04.262602: Epoch 95
2026-06-12 12:31:04.262805: Current learning rate: 0.0065
2026-06-12 12:31:57.239388: train_loss -0.608
2026-06-12 12:31:57.240173: val_loss -0.482
2026-06-12 12:31:57.240344: Pseudo dice [np.float32(0.8442)]
2026-06-12 12:31:57.240541: Epoch time: 52.98 s
2026-06-12 12:31:59.412519: 
2026-06-12 12:31:59.413003: Epoch 96
2026-06-12 12:31:59.413284: Current learning rate: 0.00647
2026-06-12 12:32:52.597013: train_loss -0.5999
2026-06-12 12:32:52.597699: val_loss -0.5149
2026-06-12 12:32:52.597857: Pseudo dice [np.float32(0.8539)]
2026-06-12 12:32:52.598038: Epoch time: 53.19 s
2026-06-12 12:32:54.366472: 
2026-06-12 12:32:54.367028: Epoch 97
2026-06-12 12:32:54.367220: Current learning rate: 0.00643
2026-06-12 12:33:47.560667: train_loss -0.6073
2026-06-12 12:33:47.561286: val_loss -0.2308
2026-06-12 12:33:47.561442: Pseudo dice [np.float32(0.7553)]
2026-06-12 12:33:47.561639: Epoch time: 53.2 s
2026-06-12 12:33:49.333817: 
2026-06-12 12:33:49.334447: Epoch 98
2026-06-12 12:33:49.334662: Current learning rate: 0.00639
2026-06-12 12:34:42.477226: train_loss -0.632
2026-06-12 12:34:42.477957: val_loss -0.4674
2026-06-12 12:34:42.478119: Pseudo dice [np.float32(0.848)]
2026-06-12 12:34:42.478301: Epoch time: 53.15 s
2026-06-12 12:34:44.269699: 
2026-06-12 12:34:44.270186: Epoch 99
2026-06-12 12:34:44.270504: Current learning rate: 0.00635
2026-06-12 12:35:37.343317: train_loss -0.6222
2026-06-12 12:35:37.344071: val_loss -0.3409
2026-06-12 12:35:37.344256: Pseudo dice [np.float32(0.7906)]
2026-06-12 12:35:37.344435: Epoch time: 53.08 s
2026-06-12 12:35:39.719749: 
2026-06-12 12:35:39.720940: Epoch 100
2026-06-12 12:35:39.721173: Current learning rate: 0.00631
2026-06-12 12:36:32.788742: train_loss -0.619
2026-06-12 12:36:32.789368: val_loss -0.359
2026-06-12 12:36:32.789555: Pseudo dice [np.float32(0.8026)]
2026-06-12 12:36:32.789746: Epoch time: 53.07 s
2026-06-12 12:36:34.576395: 
2026-06-12 12:36:34.576914: Epoch 101
2026-06-12 12:36:34.577210: Current learning rate: 0.00628
2026-06-12 12:37:27.714202: train_loss -0.6199
2026-06-12 12:37:27.714749: val_loss -0.5835
2026-06-12 12:37:27.714908: Pseudo dice [np.float32(0.8876)]
2026-06-12 12:37:27.715082: Epoch time: 53.14 s
2026-06-12 12:37:29.501181: 
2026-06-12 12:37:29.501561: Epoch 102
2026-06-12 12:37:29.501745: Current learning rate: 0.00624
2026-06-12 12:38:22.679372: train_loss -0.5907
2026-06-12 12:38:22.680435: val_loss -0.2831
2026-06-12 12:38:22.680601: Pseudo dice [np.float32(0.7592)]
2026-06-12 12:38:22.680783: Epoch time: 53.18 s
2026-06-12 12:38:24.450797: 
2026-06-12 12:38:24.451446: Epoch 103
2026-06-12 12:38:24.451790: Current learning rate: 0.0062
2026-06-12 12:39:17.575597: train_loss -0.6187
2026-06-12 12:39:17.576150: val_loss -0.2637
2026-06-12 12:39:17.576303: Pseudo dice [np.float32(0.7661)]
2026-06-12 12:39:17.576483: Epoch time: 53.13 s
2026-06-12 12:39:19.340973: 
2026-06-12 12:39:19.341655: Epoch 104
2026-06-12 12:39:19.341976: Current learning rate: 0.00616
2026-06-12 12:40:12.537953: train_loss -0.6052
2026-06-12 12:40:12.538525: val_loss -0.4033
2026-06-12 12:40:12.538695: Pseudo dice [np.float32(0.8191)]
2026-06-12 12:40:12.538871: Epoch time: 53.2 s
2026-06-12 12:40:14.307462: 
2026-06-12 12:40:14.308019: Epoch 105
2026-06-12 12:40:14.308313: Current learning rate: 0.00612
2026-06-12 12:41:07.367409: train_loss -0.616
2026-06-12 12:41:07.368034: val_loss -0.2973
2026-06-12 12:41:07.368209: Pseudo dice [np.float32(0.7545)]
2026-06-12 12:41:07.368396: Epoch time: 53.06 s
2026-06-12 12:41:09.653913: 
2026-06-12 12:41:09.654381: Epoch 106
2026-06-12 12:41:09.654570: Current learning rate: 0.00609
2026-06-12 12:42:02.546424: train_loss -0.6267
2026-06-12 12:42:02.547029: val_loss -0.5514
2026-06-12 12:42:02.547179: Pseudo dice [np.float32(0.8675)]
2026-06-12 12:42:02.547363: Epoch time: 52.9 s
2026-06-12 12:42:04.322153: 
2026-06-12 12:42:04.322722: Epoch 107
2026-06-12 12:42:04.323061: Current learning rate: 0.00605
2026-06-12 12:42:57.374825: train_loss -0.6308
2026-06-12 12:42:57.375443: val_loss -0.3519
2026-06-12 12:42:57.375614: Pseudo dice [np.float32(0.8018)]
2026-06-12 12:42:57.375800: Epoch time: 53.06 s
2026-06-12 12:42:59.157539: 
2026-06-12 12:42:59.158088: Epoch 108
2026-06-12 12:42:59.158373: Current learning rate: 0.00601
2026-06-12 12:43:52.076860: train_loss -0.6335
2026-06-12 12:43:52.077328: val_loss -0.2841
2026-06-12 12:43:52.077477: Pseudo dice [np.float32(0.773)]
2026-06-12 12:43:52.077666: Epoch time: 52.92 s
2026-06-12 12:43:53.854679: 
2026-06-12 12:43:53.855269: Epoch 109
2026-06-12 12:43:53.855467: Current learning rate: 0.00597
2026-06-12 12:44:46.805420: train_loss -0.6404
2026-06-12 12:44:46.806173: val_loss -0.3889
2026-06-12 12:44:46.806329: Pseudo dice [np.float32(0.8145)]
2026-06-12 12:44:46.806510: Epoch time: 52.95 s
2026-06-12 12:44:48.577801: 
2026-06-12 12:44:48.578406: Epoch 110
2026-06-12 12:44:48.578717: Current learning rate: 0.00593
2026-06-12 12:45:41.601700: train_loss -0.6338
2026-06-12 12:45:41.602184: val_loss -0.2313
2026-06-12 12:45:41.602334: Pseudo dice [np.float32(0.7718)]
2026-06-12 12:45:41.602511: Epoch time: 53.03 s
2026-06-12 12:45:43.371927: 
2026-06-12 12:45:43.372385: Epoch 111
2026-06-12 12:45:43.373445: Current learning rate: 0.0059
2026-06-12 12:46:36.480918: train_loss -0.6333
2026-06-12 12:46:36.481520: val_loss -0.4286
2026-06-12 12:46:36.481685: Pseudo dice [np.float32(0.8364)]
2026-06-12 12:46:36.481861: Epoch time: 53.11 s
2026-06-12 12:46:38.223873: 
2026-06-12 12:46:38.224459: Epoch 112
2026-06-12 12:46:38.224770: Current learning rate: 0.00586
2026-06-12 12:47:31.334960: train_loss -0.6398
2026-06-12 12:47:31.335496: val_loss -0.471
2026-06-12 12:47:31.335654: Pseudo dice [np.float32(0.8433)]
2026-06-12 12:47:31.335831: Epoch time: 53.11 s
2026-06-12 12:47:33.083066: 
2026-06-12 12:47:33.083536: Epoch 113
2026-06-12 12:47:33.083831: Current learning rate: 0.00582
2026-06-12 12:48:26.168271: train_loss -0.6464
2026-06-12 12:48:26.168924: val_loss -0.3857
2026-06-12 12:48:26.169102: Pseudo dice [np.float32(0.8099)]
2026-06-12 12:48:26.169299: Epoch time: 53.09 s
2026-06-12 12:48:27.908103: 
2026-06-12 12:48:27.908621: Epoch 114
2026-06-12 12:48:27.908930: Current learning rate: 0.00578
2026-06-12 12:49:21.067945: train_loss -0.6353
2026-06-12 12:49:21.068465: val_loss -0.3215
2026-06-12 12:49:21.068629: Pseudo dice [np.float32(0.8007)]
2026-06-12 12:49:21.068811: Epoch time: 53.16 s
2026-06-12 12:49:23.192323: 
2026-06-12 12:49:23.192950: Epoch 115
2026-06-12 12:49:23.193139: Current learning rate: 0.00574
2026-06-12 12:50:16.160161: train_loss -0.6361
2026-06-12 12:50:16.160872: val_loss -0.0386
2026-06-12 12:50:16.161032: Pseudo dice [np.float32(0.7044)]
2026-06-12 12:50:16.161213: Epoch time: 52.97 s
2026-06-12 12:50:17.929352: 
2026-06-12 12:50:17.929915: Epoch 116
2026-06-12 12:50:17.930223: Current learning rate: 0.0057
2026-06-12 12:51:10.949228: train_loss -0.6399
2026-06-12 12:51:10.949847: val_loss -0.3031
2026-06-12 12:51:10.950037: Pseudo dice [np.float32(0.7932)]
2026-06-12 12:51:10.950220: Epoch time: 53.02 s
2026-06-12 12:51:12.733533: 
2026-06-12 12:51:12.734033: Epoch 117
2026-06-12 12:51:12.734377: Current learning rate: 0.00567
2026-06-12 12:52:05.795803: train_loss -0.6441
2026-06-12 12:52:05.796357: val_loss -0.5454
2026-06-12 12:52:05.796506: Pseudo dice [np.float32(0.8651)]
2026-06-12 12:52:05.796694: Epoch time: 53.07 s
2026-06-12 12:52:07.549908: 
2026-06-12 12:52:07.550480: Epoch 118
2026-06-12 12:52:07.550679: Current learning rate: 0.00563
2026-06-12 12:53:00.589216: train_loss -0.6236
2026-06-12 12:53:00.589771: val_loss -0.4503
2026-06-12 12:53:00.589925: Pseudo dice [np.float32(0.833)]
2026-06-12 12:53:00.590105: Epoch time: 53.04 s
2026-06-12 12:53:02.347481: 
2026-06-12 12:53:02.347996: Epoch 119
2026-06-12 12:53:02.348171: Current learning rate: 0.00559
2026-06-12 12:53:55.531811: train_loss -0.6324
2026-06-12 12:53:55.532474: val_loss -0.439
2026-06-12 12:53:55.532640: Pseudo dice [np.float32(0.8255)]
2026-06-12 12:53:55.532815: Epoch time: 53.19 s
2026-06-12 12:53:57.290510: 
2026-06-12 12:53:57.290986: Epoch 120
2026-06-12 12:53:57.291171: Current learning rate: 0.00555
2026-06-12 12:54:50.379294: train_loss -0.6227
2026-06-12 12:54:50.380019: val_loss -0.169
2026-06-12 12:54:50.380186: Pseudo dice [np.float32(0.7438)]
2026-06-12 12:54:50.380368: Epoch time: 53.09 s
2026-06-12 12:54:52.142517: 
2026-06-12 12:54:52.143051: Epoch 121
2026-06-12 12:54:52.143379: Current learning rate: 0.00551
2026-06-12 12:55:45.227384: train_loss -0.6291
2026-06-12 12:55:45.228071: val_loss -0.5388
2026-06-12 12:55:45.228242: Pseudo dice [np.float32(0.8671)]
2026-06-12 12:55:45.228420: Epoch time: 53.09 s
2026-06-12 12:55:46.994501: 
2026-06-12 12:55:46.995117: Epoch 122
2026-06-12 12:55:46.995402: Current learning rate: 0.00547
2026-06-12 12:56:40.168802: train_loss -0.637
2026-06-12 12:56:40.169329: val_loss -0.4494
2026-06-12 12:56:40.169477: Pseudo dice [np.float32(0.8311)]
2026-06-12 12:56:40.169662: Epoch time: 53.18 s
2026-06-12 12:56:41.939217: 
2026-06-12 12:56:41.939738: Epoch 123
2026-06-12 12:56:41.939920: Current learning rate: 0.00544
2026-06-12 12:57:35.235424: train_loss -0.6308
2026-06-12 12:57:35.236082: val_loss -0.4314
2026-06-12 12:57:35.236239: Pseudo dice [np.float32(0.8195)]
2026-06-12 12:57:35.236418: Epoch time: 53.3 s
2026-06-12 12:57:37.509122: 
2026-06-12 12:57:37.509710: Epoch 124
2026-06-12 12:57:37.510051: Current learning rate: 0.0054
2026-06-12 12:58:30.530865: train_loss -0.6319
2026-06-12 12:58:30.531392: val_loss -0.5571
2026-06-12 12:58:30.531562: Pseudo dice [np.float32(0.8771)]
2026-06-12 12:58:30.531751: Epoch time: 53.03 s
2026-06-12 12:58:32.293474: 
2026-06-12 12:58:32.293894: Epoch 125
2026-06-12 12:58:32.294098: Current learning rate: 0.00536
2026-06-12 12:59:25.316399: train_loss -0.6299
2026-06-12 12:59:25.316942: val_loss -0.2093
2026-06-12 12:59:25.317109: Pseudo dice [np.float32(0.7713)]
2026-06-12 12:59:25.317286: Epoch time: 53.03 s
2026-06-12 12:59:27.085800: 
2026-06-12 12:59:27.086348: Epoch 126
2026-06-12 12:59:27.086654: Current learning rate: 0.00532
2026-06-12 13:00:20.043047: train_loss -0.6244
2026-06-12 13:00:20.043599: val_loss -0.4112
2026-06-12 13:00:20.043758: Pseudo dice [np.float32(0.8275)]
2026-06-12 13:00:20.043935: Epoch time: 52.96 s
2026-06-12 13:00:21.813120: 
2026-06-12 13:00:21.813535: Epoch 127
2026-06-12 13:00:21.813716: Current learning rate: 0.00528
2026-06-12 13:01:14.835846: train_loss -0.6307
2026-06-12 13:01:14.836466: val_loss -0.2709
2026-06-12 13:01:14.836627: Pseudo dice [np.float32(0.7768)]
2026-06-12 13:01:14.836804: Epoch time: 53.03 s
2026-06-12 13:01:16.619895: 
2026-06-12 13:01:16.620443: Epoch 128
2026-06-12 13:01:16.620755: Current learning rate: 0.00524
2026-06-12 13:02:09.641483: train_loss -0.6263
2026-06-12 13:02:09.642100: val_loss -0.1459
2026-06-12 13:02:09.642258: Pseudo dice [np.float32(0.738)]
2026-06-12 13:02:09.642442: Epoch time: 53.02 s
2026-06-12 13:02:11.412268: 
2026-06-12 13:02:11.412669: Epoch 129
2026-06-12 13:02:11.412831: Current learning rate: 0.0052
2026-06-12 13:03:04.372286: train_loss -0.6303
2026-06-12 13:03:04.372833: val_loss -0.1164
2026-06-12 13:03:04.372992: Pseudo dice [np.float32(0.7204)]
2026-06-12 13:03:04.373177: Epoch time: 52.96 s
2026-06-12 13:03:06.151120: 
2026-06-12 13:03:06.151602: Epoch 130
2026-06-12 13:03:06.151790: Current learning rate: 0.00517
2026-06-12 13:03:59.293288: train_loss -0.6205
2026-06-12 13:03:59.293811: val_loss -0.1537
2026-06-12 13:03:59.293962: Pseudo dice [np.float32(0.7507)]
2026-06-12 13:03:59.294139: Epoch time: 53.15 s
2026-06-12 13:04:01.152037: 
2026-06-12 13:04:01.152546: Epoch 131
2026-06-12 13:04:01.152815: Current learning rate: 0.00513
2026-06-12 13:04:54.277832: train_loss -0.6287
2026-06-12 13:04:54.278602: val_loss -0.5908
2026-06-12 13:04:54.278757: Pseudo dice [np.float32(0.8867)]
2026-06-12 13:04:54.278939: Epoch time: 53.13 s
2026-06-12 13:04:56.059453: 
2026-06-12 13:04:56.059953: Epoch 132
2026-06-12 13:04:56.060249: Current learning rate: 0.00509
2026-06-12 13:05:49.066877: train_loss -0.6373
2026-06-12 13:05:49.067483: val_loss -0.2452
2026-06-12 13:05:49.067651: Pseudo dice [np.float32(0.7664)]
2026-06-12 13:05:49.067831: Epoch time: 53.01 s
2026-06-12 13:05:51.288070: 
2026-06-12 13:05:51.288565: Epoch 133
2026-06-12 13:05:51.288749: Current learning rate: 0.00505
2026-06-12 13:06:44.468363: train_loss -0.631
2026-06-12 13:06:44.468970: val_loss -0.1825
2026-06-12 13:06:44.469133: Pseudo dice [np.float32(0.7479)]
2026-06-12 13:06:44.469317: Epoch time: 53.18 s
2026-06-12 13:06:46.258147: 
2026-06-12 13:06:46.258672: Epoch 134
2026-06-12 13:06:46.258942: Current learning rate: 0.00501
2026-06-12 13:07:39.244388: train_loss -0.6425
2026-06-12 13:07:39.245013: val_loss -0.2631
2026-06-12 13:07:39.245178: Pseudo dice [np.float32(0.7957)]
2026-06-12 13:07:39.245367: Epoch time: 52.99 s
2026-06-12 13:07:41.041206: 
2026-06-12 13:07:41.041665: Epoch 135
2026-06-12 13:07:41.041855: Current learning rate: 0.00497
2026-06-12 13:08:34.149066: train_loss -0.625
2026-06-12 13:08:34.149676: val_loss -0.3514
2026-06-12 13:08:34.149846: Pseudo dice [np.float32(0.8016)]
2026-06-12 13:08:34.150037: Epoch time: 53.11 s
2026-06-12 13:08:35.948708: 
2026-06-12 13:08:35.949381: Epoch 136
2026-06-12 13:08:35.950439: Current learning rate: 0.00493
2026-06-12 13:09:28.881121: train_loss -0.6365
2026-06-12 13:09:28.881759: val_loss -0.5732
2026-06-12 13:09:28.881916: Pseudo dice [np.float32(0.8828)]
2026-06-12 13:09:28.882092: Epoch time: 52.94 s
2026-06-12 13:09:30.681340: 
2026-06-12 13:09:30.681912: Epoch 137
2026-06-12 13:09:30.682219: Current learning rate: 0.00489
2026-06-12 13:10:23.729199: train_loss -0.63
2026-06-12 13:10:23.729828: val_loss -0.3332
2026-06-12 13:10:23.729982: Pseudo dice [np.float32(0.7992)]
2026-06-12 13:10:23.730170: Epoch time: 53.05 s
2026-06-12 13:10:25.545549: 
2026-06-12 13:10:25.546101: Epoch 138
2026-06-12 13:10:25.546389: Current learning rate: 0.00485
2026-06-12 13:11:18.783631: train_loss -0.6294
2026-06-12 13:11:18.784327: val_loss -0.2516
2026-06-12 13:11:18.784484: Pseudo dice [np.float32(0.7671)]
2026-06-12 13:11:18.784678: Epoch time: 53.24 s
2026-06-12 13:11:20.592000: 
2026-06-12 13:11:20.592542: Epoch 139
2026-06-12 13:11:20.592837: Current learning rate: 0.00482
2026-06-12 13:12:13.728945: train_loss -0.6299
2026-06-12 13:12:13.729429: val_loss -0.3852
2026-06-12 13:12:13.729585: Pseudo dice [np.float32(0.819)]
2026-06-12 13:12:13.729765: Epoch time: 53.14 s
2026-06-12 13:12:15.537477: 
2026-06-12 13:12:15.538012: Epoch 140
2026-06-12 13:12:15.538353: Current learning rate: 0.00478
2026-06-12 13:13:08.714674: train_loss -0.6322
2026-06-12 13:13:08.715270: val_loss -0.2526
2026-06-12 13:13:08.715459: Pseudo dice [np.float32(0.7703)]
2026-06-12 13:13:08.715654: Epoch time: 53.18 s
2026-06-12 13:13:10.522865: 
2026-06-12 13:13:10.523311: Epoch 141
2026-06-12 13:13:10.523596: Current learning rate: 0.00474
2026-06-12 13:14:03.676151: train_loss -0.6287
2026-06-12 13:14:03.676662: val_loss -0.3521
2026-06-12 13:14:03.676813: Pseudo dice [np.float32(0.8119)]
2026-06-12 13:14:03.676988: Epoch time: 53.16 s
2026-06-12 13:14:05.934117: 
2026-06-12 13:14:05.934791: Epoch 142
2026-06-12 13:14:05.935094: Current learning rate: 0.0047
2026-06-12 13:14:58.953163: train_loss -0.6361
2026-06-12 13:14:58.953751: val_loss -0.2752
2026-06-12 13:14:58.953903: Pseudo dice [np.float32(0.7859)]
2026-06-12 13:14:58.954076: Epoch time: 53.02 s
2026-06-12 13:15:00.793050: 
2026-06-12 13:15:00.793675: Epoch 143
2026-06-12 13:15:00.793887: Current learning rate: 0.00466
2026-06-12 13:15:53.824444: train_loss -0.6562
2026-06-12 13:15:53.825080: val_loss -0.4752
2026-06-12 13:15:53.825258: Pseudo dice [np.float32(0.849)]
2026-06-12 13:15:53.825452: Epoch time: 53.03 s
2026-06-12 13:15:55.640340: 
2026-06-12 13:15:55.640938: Epoch 144
2026-06-12 13:15:55.641195: Current learning rate: 0.00462
2026-06-12 13:16:48.769446: train_loss -0.6379
2026-06-12 13:16:48.769950: val_loss -0.303
2026-06-12 13:16:48.770096: Pseudo dice [np.float32(0.7971)]
2026-06-12 13:16:48.770273: Epoch time: 53.13 s
2026-06-12 13:16:50.564595: 
2026-06-12 13:16:50.565108: Epoch 145
2026-06-12 13:16:50.565289: Current learning rate: 0.00458
2026-06-12 13:17:43.759965: train_loss -0.6342
2026-06-12 13:17:43.760560: val_loss -0.1287
2026-06-12 13:17:43.760712: Pseudo dice [np.float32(0.7338)]
2026-06-12 13:17:43.760884: Epoch time: 53.2 s
2026-06-12 13:17:45.562430: 
2026-06-12 13:17:45.562929: Epoch 146
2026-06-12 13:17:45.563137: Current learning rate: 0.00454
2026-06-12 13:18:38.645517: train_loss -0.6362
2026-06-12 13:18:38.646003: val_loss -0.2123
2026-06-12 13:18:38.646154: Pseudo dice [np.float32(0.7633)]
2026-06-12 13:18:38.646331: Epoch time: 53.09 s
2026-06-12 13:18:40.449776: 
2026-06-12 13:18:40.450413: Epoch 147
2026-06-12 13:18:40.450722: Current learning rate: 0.0045
2026-06-12 13:19:33.539074: train_loss -0.6549
2026-06-12 13:19:33.539840: val_loss -0.4599
2026-06-12 13:19:33.540035: Pseudo dice [np.float32(0.8349)]
2026-06-12 13:19:33.540231: Epoch time: 53.09 s
2026-06-12 13:19:35.384219: 
2026-06-12 13:19:35.384703: Epoch 148
2026-06-12 13:19:35.385010: Current learning rate: 0.00446
2026-06-12 13:20:28.445655: train_loss -0.6548
2026-06-12 13:20:28.446080: val_loss -0.4087
2026-06-12 13:20:28.446230: Pseudo dice [np.float32(0.8332)]
2026-06-12 13:20:28.446408: Epoch time: 53.06 s
2026-06-12 13:20:30.257395: 
2026-06-12 13:20:30.257737: Epoch 149
2026-06-12 13:20:30.257922: Current learning rate: 0.00442
2026-06-12 13:21:23.224120: train_loss -0.6395
2026-06-12 13:21:23.224653: val_loss -0.4061
2026-06-12 13:21:23.224803: Pseudo dice [np.float32(0.8287)]
2026-06-12 13:21:23.224999: Epoch time: 52.97 s
2026-06-12 13:21:26.083009: 
2026-06-12 13:21:26.083730: Epoch 150
2026-06-12 13:21:26.084038: Current learning rate: 0.00438
2026-06-12 13:22:19.027836: train_loss -0.6444
2026-06-12 13:22:19.028493: val_loss -0.2794
2026-06-12 13:22:19.028663: Pseudo dice [np.float32(0.7802)]
2026-06-12 13:22:19.028850: Epoch time: 52.95 s
2026-06-12 13:22:20.863774: 
2026-06-12 13:22:20.864289: Epoch 151
2026-06-12 13:22:20.864610: Current learning rate: 0.00434
2026-06-12 13:23:14.077206: train_loss -0.6327
2026-06-12 13:23:14.077877: val_loss -0.3745
2026-06-12 13:23:14.078043: Pseudo dice [np.float32(0.8135)]
2026-06-12 13:23:14.078224: Epoch time: 53.22 s
2026-06-12 13:23:15.883271: 
2026-06-12 13:23:15.883786: Epoch 152
2026-06-12 13:23:15.883970: Current learning rate: 0.0043
2026-06-12 13:24:08.878052: train_loss -0.6654
2026-06-12 13:24:08.878613: val_loss -0.5448
2026-06-12 13:24:08.878768: Pseudo dice [np.float32(0.8698)]
2026-06-12 13:24:08.878947: Epoch time: 53.0 s
2026-06-12 13:24:10.686920: 
2026-06-12 13:24:10.687409: Epoch 153
2026-06-12 13:24:10.687599: Current learning rate: 0.00427
2026-06-12 13:25:03.672950: train_loss -0.6434
2026-06-12 13:25:03.673517: val_loss -0.2768
2026-06-12 13:25:03.673685: Pseudo dice [np.float32(0.7839)]
2026-06-12 13:25:03.673859: Epoch time: 52.99 s
2026-06-12 13:25:05.498549: 
2026-06-12 13:25:05.499119: Epoch 154
2026-06-12 13:25:05.499299: Current learning rate: 0.00423
2026-06-12 13:25:58.639956: train_loss -0.6465
2026-06-12 13:25:58.640473: val_loss -0.3533
2026-06-12 13:25:58.640630: Pseudo dice [np.float32(0.8096)]
2026-06-12 13:25:58.640809: Epoch time: 53.14 s
2026-06-12 13:26:00.466978: 
2026-06-12 13:26:00.467686: Epoch 155
2026-06-12 13:26:00.467986: Current learning rate: 0.00419
2026-06-12 13:26:53.570582: train_loss -0.6479
2026-06-12 13:26:53.571174: val_loss -0.3326
2026-06-12 13:26:53.571333: Pseudo dice [np.float32(0.8003)]
2026-06-12 13:26:53.571513: Epoch time: 53.11 s
2026-06-12 13:26:55.412035: 
2026-06-12 13:26:55.412628: Epoch 156
2026-06-12 13:26:55.412945: Current learning rate: 0.00415
2026-06-12 13:27:48.518990: train_loss -0.6449
2026-06-12 13:27:48.519576: val_loss -0.4744
2026-06-12 13:27:48.519727: Pseudo dice [np.float32(0.8489)]
2026-06-12 13:27:48.519903: Epoch time: 53.11 s
2026-06-12 13:27:50.343960: 
2026-06-12 13:27:50.344484: Epoch 157
2026-06-12 13:27:50.344679: Current learning rate: 0.00411
2026-06-12 13:28:43.465759: train_loss -0.6562
2026-06-12 13:28:43.466294: val_loss -0.5326
2026-06-12 13:28:43.466442: Pseudo dice [np.float32(0.8616)]
2026-06-12 13:28:43.466630: Epoch time: 53.12 s
2026-06-12 13:28:45.295228: 
2026-06-12 13:28:45.295708: Epoch 158
2026-06-12 13:28:45.295899: Current learning rate: 0.00407
2026-06-12 13:29:38.617398: train_loss -0.638
2026-06-12 13:29:38.617898: val_loss -0.4343
2026-06-12 13:29:38.618061: Pseudo dice [np.float32(0.8297)]
2026-06-12 13:29:38.618248: Epoch time: 53.33 s
2026-06-12 13:29:40.963729: 
2026-06-12 13:29:40.964544: Epoch 159
2026-06-12 13:29:40.964851: Current learning rate: 0.00403
2026-06-12 13:30:33.980600: train_loss -0.6632
2026-06-12 13:30:33.981240: val_loss -0.3513
2026-06-12 13:30:33.981400: Pseudo dice [np.float32(0.8201)]
2026-06-12 13:30:33.981591: Epoch time: 53.02 s
2026-06-12 13:30:35.814289: 
2026-06-12 13:30:35.814831: Epoch 160
2026-06-12 13:30:35.815131: Current learning rate: 0.00399
2026-06-12 13:31:29.048851: train_loss -0.6547
2026-06-12 13:31:29.049464: val_loss -0.415
2026-06-12 13:31:29.049648: Pseudo dice [np.float32(0.8291)]
2026-06-12 13:31:29.049835: Epoch time: 53.24 s
2026-06-12 13:31:30.884992: 
2026-06-12 13:31:30.885570: Epoch 161
2026-06-12 13:31:30.885863: Current learning rate: 0.00395
2026-06-12 13:32:24.025599: train_loss -0.6576
2026-06-12 13:32:24.026155: val_loss -0.4016
2026-06-12 13:32:24.026324: Pseudo dice [np.float32(0.8214)]
2026-06-12 13:32:24.026508: Epoch time: 53.14 s
2026-06-12 13:32:25.849152: 
2026-06-12 13:32:25.849608: Epoch 162
2026-06-12 13:32:25.849786: Current learning rate: 0.00391
2026-06-12 13:33:19.018249: train_loss -0.6475
2026-06-12 13:33:19.018731: val_loss -0.4242
2026-06-12 13:33:19.018883: Pseudo dice [np.float32(0.822)]
2026-06-12 13:33:19.019062: Epoch time: 53.17 s
2026-06-12 13:33:20.855474: 
2026-06-12 13:33:20.856234: Epoch 163
2026-06-12 13:33:20.856544: Current learning rate: 0.00387
2026-06-12 13:34:13.969910: train_loss -0.6418
2026-06-12 13:34:13.970469: val_loss -0.3361
2026-06-12 13:34:13.970641: Pseudo dice [np.float32(0.8022)]
2026-06-12 13:34:13.970821: Epoch time: 53.12 s
2026-06-12 13:34:15.822033: 
2026-06-12 13:34:15.822432: Epoch 164
2026-06-12 13:34:15.822754: Current learning rate: 0.00383
2026-06-12 13:35:08.881003: train_loss -0.6524
2026-06-12 13:35:08.881489: val_loss -0.2214
2026-06-12 13:35:08.881646: Pseudo dice [np.float32(0.7736)]
2026-06-12 13:35:08.881829: Epoch time: 53.06 s
2026-06-12 13:35:10.700231: 
2026-06-12 13:35:10.700779: Epoch 165
2026-06-12 13:35:10.701090: Current learning rate: 0.00379
2026-06-12 13:36:03.744516: train_loss -0.6503
2026-06-12 13:36:03.745181: val_loss -0.415
2026-06-12 13:36:03.745366: Pseudo dice [np.float32(0.8333)]
2026-06-12 13:36:03.745573: Epoch time: 53.05 s
2026-06-12 13:36:05.548106: 
2026-06-12 13:36:05.548685: Epoch 166
2026-06-12 13:36:05.548982: Current learning rate: 0.00375
2026-06-12 13:36:58.626374: train_loss -0.6634
2026-06-12 13:36:58.626927: val_loss -0.2411
2026-06-12 13:36:58.627085: Pseudo dice [np.float32(0.7763)]
2026-06-12 13:36:58.627270: Epoch time: 53.08 s
2026-06-12 13:37:00.428143: 
2026-06-12 13:37:00.428714: Epoch 167
2026-06-12 13:37:00.428953: Current learning rate: 0.00371
2026-06-12 13:37:53.499926: train_loss -0.6563
2026-06-12 13:37:53.500603: val_loss -0.2699
2026-06-12 13:37:53.500764: Pseudo dice [np.float32(0.777)]
2026-06-12 13:37:53.500951: Epoch time: 53.08 s
2026-06-12 13:37:55.754900: 
2026-06-12 13:37:55.755391: Epoch 168
2026-06-12 13:37:55.755580: Current learning rate: 0.00367
2026-06-12 13:38:48.830899: train_loss -0.6472
2026-06-12 13:38:48.831458: val_loss -0.2734
2026-06-12 13:38:48.831625: Pseudo dice [np.float32(0.7653)]
2026-06-12 13:38:48.831804: Epoch time: 53.08 s
2026-06-12 13:38:50.643008: 
2026-06-12 13:38:50.643349: Epoch 169
2026-06-12 13:38:50.643525: Current learning rate: 0.00363
2026-06-12 13:39:43.781595: train_loss -0.6475
2026-06-12 13:39:43.782329: val_loss -0.3559
2026-06-12 13:39:43.782479: Pseudo dice [np.float32(0.8175)]
2026-06-12 13:39:43.782664: Epoch time: 53.14 s
2026-06-12 13:39:45.602357: 
2026-06-12 13:39:45.602716: Epoch 170
2026-06-12 13:39:45.602889: Current learning rate: 0.00359
2026-06-12 13:40:38.742868: train_loss -0.6628
2026-06-12 13:40:38.743542: val_loss -0.3167
2026-06-12 13:40:38.743694: Pseudo dice [np.float32(0.8051)]
2026-06-12 13:40:38.743874: Epoch time: 53.14 s
2026-06-12 13:40:40.559507: 
2026-06-12 13:40:40.559908: Epoch 171
2026-06-12 13:40:40.560085: Current learning rate: 0.00355
2026-06-12 13:41:33.799538: train_loss -0.6649
2026-06-12 13:41:33.800259: val_loss -0.231
2026-06-12 13:41:33.800437: Pseudo dice [np.float32(0.7719)]
2026-06-12 13:41:33.800630: Epoch time: 53.24 s
2026-06-12 13:41:35.629846: 
2026-06-12 13:41:35.630394: Epoch 172
2026-06-12 13:41:35.630676: Current learning rate: 0.00351
2026-06-12 13:42:28.849347: train_loss -0.6708
2026-06-12 13:42:28.849860: val_loss -0.4556
2026-06-12 13:42:28.850005: Pseudo dice [np.float32(0.8419)]
2026-06-12 13:42:28.850181: Epoch time: 53.22 s
2026-06-12 13:42:30.676055: 
2026-06-12 13:42:30.677241: Epoch 173
2026-06-12 13:42:30.677602: Current learning rate: 0.00346
2026-06-12 13:43:23.757075: train_loss -0.6732
2026-06-12 13:43:23.757583: val_loss -0.3802
2026-06-12 13:43:23.757732: Pseudo dice [np.float32(0.8292)]
2026-06-12 13:43:23.757908: Epoch time: 53.08 s
2026-06-12 13:43:25.589271: 
2026-06-12 13:43:25.589779: Epoch 174
2026-06-12 13:43:25.590113: Current learning rate: 0.00342
2026-06-12 13:44:18.715886: train_loss -0.6694
2026-06-12 13:44:18.716348: val_loss -0.1343
2026-06-12 13:44:18.716501: Pseudo dice [np.float32(0.7464)]
2026-06-12 13:44:18.716821: Epoch time: 53.13 s
2026-06-12 13:44:20.609094: 
2026-06-12 13:44:20.609592: Epoch 175
2026-06-12 13:44:20.609878: Current learning rate: 0.00338
2026-06-12 13:45:13.755465: train_loss -0.6719
2026-06-12 13:45:13.756019: val_loss -0.2155
2026-06-12 13:45:13.756175: Pseudo dice [np.float32(0.773)]
2026-06-12 13:45:13.756354: Epoch time: 53.15 s
2026-06-12 13:45:16.035136: 
2026-06-12 13:45:16.035825: Epoch 176
2026-06-12 13:45:16.036026: Current learning rate: 0.00334
2026-06-12 13:46:09.160648: train_loss -0.6754
2026-06-12 13:46:09.161202: val_loss -0.32
2026-06-12 13:46:09.161358: Pseudo dice [np.float32(0.8005)]
2026-06-12 13:46:09.161559: Epoch time: 53.13 s
2026-06-12 13:46:10.996397: 
2026-06-12 13:46:10.996956: Epoch 177
2026-06-12 13:46:10.997288: Current learning rate: 0.0033
2026-06-12 13:47:04.296265: train_loss -0.6632
2026-06-12 13:47:04.297038: val_loss -0.3584
2026-06-12 13:47:04.297203: Pseudo dice [np.float32(0.8137)]
2026-06-12 13:47:04.297385: Epoch time: 53.3 s
2026-06-12 13:47:06.135274: 
2026-06-12 13:47:06.135779: Epoch 178
2026-06-12 13:47:06.135962: Current learning rate: 0.00326
2026-06-12 13:47:59.378624: train_loss -0.6732
2026-06-12 13:47:59.379264: val_loss -0.4544
2026-06-12 13:47:59.379416: Pseudo dice [np.float32(0.8494)]
2026-06-12 13:47:59.379609: Epoch time: 53.25 s
2026-06-12 13:48:01.219855: 
2026-06-12 13:48:01.220507: Epoch 179
2026-06-12 13:48:01.220822: Current learning rate: 0.00322
2026-06-12 13:48:54.421105: train_loss -0.6614
2026-06-12 13:48:54.421719: val_loss -0.1708
2026-06-12 13:48:54.421872: Pseudo dice [np.float32(0.7616)]
2026-06-12 13:48:54.422042: Epoch time: 53.2 s
2026-06-12 13:48:56.255622: 
2026-06-12 13:48:56.256199: Epoch 180
2026-06-12 13:48:56.257924: Current learning rate: 0.00318
2026-06-12 13:49:49.462958: train_loss -0.6478
2026-06-12 13:49:49.463581: val_loss -0.5432
2026-06-12 13:49:49.463734: Pseudo dice [np.float32(0.8636)]
2026-06-12 13:49:49.463910: Epoch time: 53.21 s
2026-06-12 13:49:51.316446: 
2026-06-12 13:49:51.316965: Epoch 181
2026-06-12 13:49:51.317255: Current learning rate: 0.00314
2026-06-12 13:50:44.760364: train_loss -0.6656
2026-06-12 13:50:44.761080: val_loss -0.1638
2026-06-12 13:50:44.761235: Pseudo dice [np.float32(0.7486)]
2026-06-12 13:50:44.761424: Epoch time: 53.45 s
2026-06-12 13:50:46.615322: 
2026-06-12 13:50:46.615904: Epoch 182
2026-06-12 13:50:46.616107: Current learning rate: 0.0031
2026-06-12 13:51:39.846286: train_loss -0.6674
2026-06-12 13:51:39.846915: val_loss -0.4977
2026-06-12 13:51:39.847067: Pseudo dice [np.float32(0.8576)]
2026-06-12 13:51:39.847245: Epoch time: 53.23 s
2026-06-12 13:51:41.683042: 
2026-06-12 13:51:41.683659: Epoch 183
2026-06-12 13:51:41.683966: Current learning rate: 0.00306
2026-06-12 13:52:34.801802: train_loss -0.6651
2026-06-12 13:52:34.802390: val_loss -0.1932
2026-06-12 13:52:34.802567: Pseudo dice [np.float32(0.7768)]
2026-06-12 13:52:34.802754: Epoch time: 53.12 s
2026-06-12 13:52:36.636759: 
2026-06-12 13:52:36.637254: Epoch 184
2026-06-12 13:52:36.637541: Current learning rate: 0.00302
2026-06-12 13:53:29.850703: train_loss -0.6372
2026-06-12 13:53:29.851265: val_loss -0.3967
2026-06-12 13:53:29.851417: Pseudo dice [np.float32(0.8062)]
2026-06-12 13:53:29.852041: Epoch time: 53.22 s
2026-06-12 13:53:32.147141: 
2026-06-12 13:53:32.147691: Epoch 185
2026-06-12 13:53:32.147901: Current learning rate: 0.00297
2026-06-12 13:54:25.191620: train_loss -0.6576
2026-06-12 13:54:25.192196: val_loss -0.4634
2026-06-12 13:54:25.192352: Pseudo dice [np.float32(0.8384)]
2026-06-12 13:54:25.192547: Epoch time: 53.05 s
2026-06-12 13:54:27.041591: 
2026-06-12 13:54:27.042170: Epoch 186
2026-06-12 13:54:27.042467: Current learning rate: 0.00293
2026-06-12 13:55:20.011812: train_loss -0.6717
2026-06-12 13:55:20.012397: val_loss -0.3919
2026-06-12 13:55:20.012560: Pseudo dice [np.float32(0.8293)]
2026-06-12 13:55:20.012742: Epoch time: 52.97 s
2026-06-12 13:55:21.858433: 
2026-06-12 13:55:21.859005: Epoch 187
2026-06-12 13:55:21.859196: Current learning rate: 0.00289
2026-06-12 13:56:15.029907: train_loss -0.6609
2026-06-12 13:56:15.030516: val_loss -0.4524
2026-06-12 13:56:15.030691: Pseudo dice [np.float32(0.8381)]
2026-06-12 13:56:15.030886: Epoch time: 53.17 s
2026-06-12 13:56:16.877159: 
2026-06-12 13:56:16.877718: Epoch 188
2026-06-12 13:56:16.878000: Current learning rate: 0.00285
2026-06-12 13:57:09.941507: train_loss -0.6595
2026-06-12 13:57:09.942075: val_loss -0.1897
2026-06-12 13:57:09.942225: Pseudo dice [np.float32(0.7703)]
2026-06-12 13:57:09.942406: Epoch time: 53.07 s
2026-06-12 13:57:11.796072: 
2026-06-12 13:57:11.796565: Epoch 189
2026-06-12 13:57:11.796752: Current learning rate: 0.00281
2026-06-12 13:58:04.906021: train_loss -0.6629
2026-06-12 13:58:04.906623: val_loss -0.1653
2026-06-12 13:58:04.906785: Pseudo dice [np.float32(0.7635)]
2026-06-12 13:58:04.906966: Epoch time: 53.11 s
2026-06-12 13:58:06.747743: 
2026-06-12 13:58:06.748238: Epoch 190
2026-06-12 13:58:06.748570: Current learning rate: 0.00277
2026-06-12 13:59:00.017558: train_loss -0.663
2026-06-12 13:59:00.018149: val_loss -0.4761
2026-06-12 13:59:00.018327: Pseudo dice [np.float32(0.8521)]
2026-06-12 13:59:00.018512: Epoch time: 53.27 s
2026-06-12 13:59:01.857087: 
2026-06-12 13:59:01.857471: Epoch 191
2026-06-12 13:59:01.857650: Current learning rate: 0.00273
2026-06-12 13:59:55.084399: train_loss -0.6656
2026-06-12 13:59:55.084943: val_loss -0.4158
2026-06-12 13:59:55.085095: Pseudo dice [np.float32(0.8384)]
2026-06-12 13:59:55.085274: Epoch time: 53.23 s
2026-06-12 13:59:56.944666: 
2026-06-12 13:59:56.945113: Epoch 192
2026-06-12 13:59:56.945333: Current learning rate: 0.00268
2026-06-12 14:00:50.246918: train_loss -0.6573
2026-06-12 14:00:50.247586: val_loss -0.2835
2026-06-12 14:00:50.247738: Pseudo dice [np.float32(0.7936)]
2026-06-12 14:00:50.247911: Epoch time: 53.31 s
2026-06-12 14:00:52.533823: 
2026-06-12 14:00:52.534481: Epoch 193
2026-06-12 14:00:52.534781: Current learning rate: 0.00264
2026-06-12 14:01:45.810473: train_loss -0.6563
2026-06-12 14:01:45.811090: val_loss -0.3644
2026-06-12 14:01:45.811243: Pseudo dice [np.float32(0.8174)]
2026-06-12 14:01:45.811415: Epoch time: 53.28 s
2026-06-12 14:01:47.676161: 
2026-06-12 14:01:47.676659: Epoch 194
2026-06-12 14:01:47.676852: Current learning rate: 0.0026
2026-06-12 14:02:40.749876: train_loss -0.6736
2026-06-12 14:02:40.750384: val_loss -0.3115
2026-06-12 14:02:40.750536: Pseudo dice [np.float32(0.7952)]
2026-06-12 14:02:40.750712: Epoch time: 53.08 s
2026-06-12 14:02:42.615530: 
2026-06-12 14:02:42.616010: Epoch 195
2026-06-12 14:02:42.616297: Current learning rate: 0.00256
2026-06-12 14:03:35.654764: train_loss -0.6748
2026-06-12 14:03:35.655244: val_loss -0.2461
2026-06-12 14:03:35.655391: Pseudo dice [np.float32(0.7827)]
2026-06-12 14:03:35.655574: Epoch time: 53.04 s
2026-06-12 14:03:37.527039: 
2026-06-12 14:03:37.527583: Epoch 196
2026-06-12 14:03:37.527768: Current learning rate: 0.00252
2026-06-12 14:04:30.542223: train_loss -0.6673
2026-06-12 14:04:30.542878: val_loss -0.0101
2026-06-12 14:04:30.543035: Pseudo dice [np.float32(0.7206)]
2026-06-12 14:04:30.543211: Epoch time: 53.02 s
2026-06-12 14:04:32.446772: 
2026-06-12 14:04:32.447363: Epoch 197
2026-06-12 14:04:32.447829: Current learning rate: 0.00248
2026-06-12 14:05:25.424500: train_loss -0.6605
2026-06-12 14:05:25.425117: val_loss 0.0186
2026-06-12 14:05:25.425271: Pseudo dice [np.float32(0.7148)]
2026-06-12 14:05:25.425445: Epoch time: 52.98 s
2026-06-12 14:05:27.288577: 
2026-06-12 14:05:27.289093: Epoch 198
2026-06-12 14:05:27.289284: Current learning rate: 0.00243
2026-06-12 14:06:20.337490: train_loss -0.6793
2026-06-12 14:06:20.338019: val_loss -0.4109
2026-06-12 14:06:20.338170: Pseudo dice [np.float32(0.8341)]
2026-06-12 14:06:20.338349: Epoch time: 53.05 s
2026-06-12 14:06:22.191816: 
2026-06-12 14:06:22.192272: Epoch 199
2026-06-12 14:06:22.192446: Current learning rate: 0.00239
2026-06-12 14:07:15.372081: train_loss -0.6867
2026-06-12 14:07:15.372601: val_loss -0.2664
2026-06-12 14:07:15.372754: Pseudo dice [np.float32(0.8001)]
2026-06-12 14:07:15.372932: Epoch time: 53.18 s
2026-06-12 14:07:17.863113: 
2026-06-12 14:07:17.863717: Epoch 200
2026-06-12 14:07:17.864015: Current learning rate: 0.00235
2026-06-12 14:08:11.225783: train_loss -0.6738
2026-06-12 14:08:11.226345: val_loss -0.2575
2026-06-12 14:08:11.226496: Pseudo dice [np.float32(0.7938)]
2026-06-12 14:08:11.226685: Epoch time: 53.37 s
2026-06-12 14:08:13.542333: 
2026-06-12 14:08:13.542891: Epoch 201
2026-06-12 14:08:13.543090: Current learning rate: 0.00231
2026-06-12 14:09:06.703434: train_loss -0.6752
2026-06-12 14:09:06.704229: val_loss -0.0994
2026-06-12 14:09:06.704444: Pseudo dice [np.float32(0.7631)]
2026-06-12 14:09:06.704654: Epoch time: 53.16 s
2026-06-12 14:09:08.586013: 
2026-06-12 14:09:08.586732: Epoch 202
2026-06-12 14:09:08.587017: Current learning rate: 0.00226
2026-06-12 14:10:01.806692: train_loss -0.6627
2026-06-12 14:10:01.807264: val_loss -0.5426
2026-06-12 14:10:01.807409: Pseudo dice [np.float32(0.8638)]
2026-06-12 14:10:01.807600: Epoch time: 53.22 s
2026-06-12 14:10:03.678798: 
2026-06-12 14:10:03.679324: Epoch 203
2026-06-12 14:10:03.679639: Current learning rate: 0.00222
2026-06-12 14:10:56.892180: train_loss -0.6641
2026-06-12 14:10:56.892698: val_loss -0.3267
2026-06-12 14:10:56.892856: Pseudo dice [np.float32(0.8008)]
2026-06-12 14:10:56.893030: Epoch time: 53.22 s
2026-06-12 14:10:58.768708: 
2026-06-12 14:10:58.769360: Epoch 204
2026-06-12 14:10:58.769661: Current learning rate: 0.00218
2026-06-12 14:11:51.964878: train_loss -0.6712
2026-06-12 14:11:51.965477: val_loss -0.0336
2026-06-12 14:11:51.965654: Pseudo dice [np.float32(0.7323)]
2026-06-12 14:11:51.965832: Epoch time: 53.2 s
2026-06-12 14:11:53.846524: 
2026-06-12 14:11:53.847193: Epoch 205
2026-06-12 14:11:53.847441: Current learning rate: 0.00214
2026-06-12 14:12:47.165276: train_loss -0.6711
2026-06-12 14:12:47.165800: val_loss -0.2101
2026-06-12 14:12:47.165948: Pseudo dice [np.float32(0.7752)]
2026-06-12 14:12:47.166123: Epoch time: 53.32 s
2026-06-12 14:12:48.973691: 
2026-06-12 14:12:48.974119: Epoch 206
2026-06-12 14:12:48.974419: Current learning rate: 0.00209
2026-06-12 14:13:42.051099: train_loss -0.6839
2026-06-12 14:13:42.051697: val_loss -0.3418
2026-06-12 14:13:42.051850: Pseudo dice [np.float32(0.8044)]
2026-06-12 14:13:42.052028: Epoch time: 53.08 s
2026-06-12 14:13:43.916503: 
2026-06-12 14:13:43.917286: Epoch 207
2026-06-12 14:13:43.917511: Current learning rate: 0.00205
2026-06-12 14:14:37.112539: train_loss -0.6764
2026-06-12 14:14:37.113142: val_loss -0.4237
2026-06-12 14:14:37.113304: Pseudo dice [np.float32(0.8399)]
2026-06-12 14:14:37.113484: Epoch time: 53.2 s
2026-06-12 14:14:38.959513: 
2026-06-12 14:14:38.960272: Epoch 208
2026-06-12 14:14:38.960737: Current learning rate: 0.00201
2026-06-12 14:15:32.067469: train_loss -0.6713
2026-06-12 14:15:32.067995: val_loss -0.4334
2026-06-12 14:15:32.068156: Pseudo dice [np.float32(0.838)]
2026-06-12 14:15:32.068357: Epoch time: 53.11 s
2026-06-12 14:15:33.886487: 
2026-06-12 14:15:33.887073: Epoch 209
2026-06-12 14:15:33.887370: Current learning rate: 0.00196
2026-06-12 14:16:27.109561: train_loss -0.6811
2026-06-12 14:16:27.110011: val_loss -0.2318
2026-06-12 14:16:27.110160: Pseudo dice [np.float32(0.786)]
2026-06-12 14:16:27.110335: Epoch time: 53.23 s
2026-06-12 14:16:29.355428: 
2026-06-12 14:16:29.355886: Epoch 210
2026-06-12 14:16:29.356162: Current learning rate: 0.00192
2026-06-12 14:17:22.551599: train_loss -0.6799
2026-06-12 14:17:22.552119: val_loss -0.4003
2026-06-12 14:17:22.552263: Pseudo dice [np.float32(0.8285)]
2026-06-12 14:17:22.552442: Epoch time: 53.2 s
2026-06-12 14:17:24.353827: 
2026-06-12 14:17:24.354391: Epoch 211
2026-06-12 14:17:24.354760: Current learning rate: 0.00188
2026-06-12 14:18:17.497464: train_loss -0.6771
2026-06-12 14:18:17.501396: val_loss -0.5049
2026-06-12 14:18:17.501570: Pseudo dice [np.float32(0.8562)]
2026-06-12 14:18:17.501755: Epoch time: 53.15 s
2026-06-12 14:18:19.315923: 
2026-06-12 14:18:19.316420: Epoch 212
2026-06-12 14:18:19.316730: Current learning rate: 0.00184
2026-06-12 14:19:12.309278: train_loss -0.6796
2026-06-12 14:19:12.309974: val_loss -0.2521
2026-06-12 14:19:12.310134: Pseudo dice [np.float32(0.7892)]
2026-06-12 14:19:12.310309: Epoch time: 53.0 s
2026-06-12 14:19:14.123842: 
2026-06-12 14:19:14.124411: Epoch 213
2026-06-12 14:19:14.124724: Current learning rate: 0.00179
2026-06-12 14:20:07.175236: train_loss -0.6721
2026-06-12 14:20:07.175842: val_loss -0.1338
2026-06-12 14:20:07.176000: Pseudo dice [np.float32(0.7645)]
2026-06-12 14:20:07.176182: Epoch time: 53.05 s
2026-06-12 14:20:08.962564: 
2026-06-12 14:20:08.962973: Epoch 214
2026-06-12 14:20:08.963155: Current learning rate: 0.00175
2026-06-12 14:21:02.047966: train_loss -0.677
2026-06-12 14:21:02.048506: val_loss -0.0425
2026-06-12 14:21:02.048669: Pseudo dice [np.float32(0.7419)]
2026-06-12 14:21:02.048847: Epoch time: 53.09 s
2026-06-12 14:21:03.860814: 
2026-06-12 14:21:03.861565: Epoch 215
2026-06-12 14:21:03.861878: Current learning rate: 0.0017
2026-06-12 14:21:57.098872: train_loss -0.683
2026-06-12 14:21:57.099432: val_loss -0.3143
2026-06-12 14:21:57.099770: Pseudo dice [np.float32(0.801)]
2026-06-12 14:21:57.100084: Epoch time: 53.24 s
2026-06-12 14:21:58.908100: 
2026-06-12 14:21:58.908690: Epoch 216
2026-06-12 14:21:58.909006: Current learning rate: 0.00166
2026-06-12 14:22:52.077884: train_loss -0.6802
2026-06-12 14:22:52.078339: val_loss -0.4632
2026-06-12 14:22:52.078492: Pseudo dice [np.float32(0.846)]
2026-06-12 14:22:52.078677: Epoch time: 53.17 s
2026-06-12 14:22:53.880234: 
2026-06-12 14:22:53.880713: Epoch 217
2026-06-12 14:22:53.880908: Current learning rate: 0.00162
2026-06-12 14:23:46.945736: train_loss -0.6838
2026-06-12 14:23:46.946258: val_loss -0.2984
2026-06-12 14:23:46.946407: Pseudo dice [np.float32(0.8086)]
2026-06-12 14:23:46.946597: Epoch time: 53.07 s
2026-06-12 14:23:48.742418: 
2026-06-12 14:23:48.742944: Epoch 218
2026-06-12 14:23:48.743245: Current learning rate: 0.00157
2026-06-12 14:24:41.799121: train_loss -0.6777
2026-06-12 14:24:41.799677: val_loss -0.2088
2026-06-12 14:24:41.799830: Pseudo dice [np.float32(0.7667)]
2026-06-12 14:24:41.800006: Epoch time: 53.06 s
2026-06-12 14:24:44.075462: 
2026-06-12 14:24:44.076165: Epoch 219
2026-06-12 14:24:44.076474: Current learning rate: 0.00153
2026-06-12 14:25:37.254866: train_loss -0.6883
2026-06-12 14:25:37.255420: val_loss -0.275
2026-06-12 14:25:37.255601: Pseudo dice [np.float32(0.7988)]
2026-06-12 14:25:37.255914: Epoch time: 53.18 s
2026-06-12 14:25:39.045761: 
2026-06-12 14:25:39.046200: Epoch 220
2026-06-12 14:25:39.046368: Current learning rate: 0.00148
2026-06-12 14:26:32.245660: train_loss -0.6751
2026-06-12 14:26:32.246166: val_loss -0.1976
2026-06-12 14:26:32.246321: Pseudo dice [np.float32(0.7703)]
2026-06-12 14:26:32.246519: Epoch time: 53.2 s
2026-06-12 14:26:34.065613: 
2026-06-12 14:26:34.066173: Epoch 221
2026-06-12 14:26:34.066492: Current learning rate: 0.00144
2026-06-12 14:27:27.207755: train_loss -0.685
2026-06-12 14:27:27.208332: val_loss -0.1353
2026-06-12 14:27:27.208482: Pseudo dice [np.float32(0.7613)]
2026-06-12 14:27:27.208670: Epoch time: 53.15 s
2026-06-12 14:27:29.008010: 
2026-06-12 14:27:29.008565: Epoch 222
2026-06-12 14:27:29.008871: Current learning rate: 0.00139
2026-06-12 14:28:22.417965: train_loss -0.6864
2026-06-12 14:28:22.418517: val_loss -0.1773
2026-06-12 14:28:22.418700: Pseudo dice [np.float32(0.7716)]
2026-06-12 14:28:22.418891: Epoch time: 53.41 s
2026-06-12 14:28:24.218323: 
2026-06-12 14:28:24.218859: Epoch 223
2026-06-12 14:28:24.219183: Current learning rate: 0.00135
2026-06-12 14:29:17.332161: train_loss -0.6885
2026-06-12 14:29:17.332766: val_loss -0.1813
2026-06-12 14:29:17.332928: Pseudo dice [np.float32(0.7727)]
2026-06-12 14:29:17.333114: Epoch time: 53.12 s
2026-06-12 14:29:19.122959: 
2026-06-12 14:29:19.123511: Epoch 224
2026-06-12 14:29:19.123727: Current learning rate: 0.0013
2026-06-12 14:30:12.220288: train_loss -0.6886
2026-06-12 14:30:12.220825: val_loss -0.1953
2026-06-12 14:30:12.220973: Pseudo dice [np.float32(0.7804)]
2026-06-12 14:30:12.221157: Epoch time: 53.1 s
2026-06-12 14:30:14.017644: 
2026-06-12 14:30:14.018194: Epoch 225
2026-06-12 14:30:14.018512: Current learning rate: 0.00126
2026-06-12 14:31:07.176742: train_loss -0.6847
2026-06-12 14:31:07.177340: val_loss -0.4495
2026-06-12 14:31:07.177495: Pseudo dice [np.float32(0.8356)]
2026-06-12 14:31:07.177676: Epoch time: 53.16 s
2026-06-12 14:31:09.020101: 
2026-06-12 14:31:09.020672: Epoch 226
2026-06-12 14:31:09.020875: Current learning rate: 0.00121
2026-06-12 14:32:02.181927: train_loss -0.6865
2026-06-12 14:32:02.182583: val_loss -0.4153
2026-06-12 14:32:02.182753: Pseudo dice [np.float32(0.8398)]
2026-06-12 14:32:02.182935: Epoch time: 53.17 s
2026-06-12 14:32:03.969973: 
2026-06-12 14:32:03.970424: Epoch 227
2026-06-12 14:32:03.970599: Current learning rate: 0.00117
2026-06-12 14:32:57.118724: train_loss -0.6927
2026-06-12 14:32:57.119294: val_loss -0.3869
2026-06-12 14:32:57.119444: Pseudo dice [np.float32(0.828)]
2026-06-12 14:32:57.119630: Epoch time: 53.15 s
2026-06-12 14:32:58.923639: 
2026-06-12 14:32:58.924239: Epoch 228
2026-06-12 14:32:58.924538: Current learning rate: 0.00112
2026-06-12 14:33:52.093406: train_loss -0.6802
2026-06-12 14:33:52.093893: val_loss -0.2954
2026-06-12 14:33:52.094039: Pseudo dice [np.float32(0.8119)]
2026-06-12 14:33:52.094220: Epoch time: 53.17 s
2026-06-12 14:33:54.311264: 
2026-06-12 14:33:54.311778: Epoch 229
2026-06-12 14:33:54.312084: Current learning rate: 0.00108
2026-06-12 14:34:47.338082: train_loss -0.694
2026-06-12 14:34:47.338593: val_loss -0.1677
2026-06-12 14:34:47.338743: Pseudo dice [np.float32(0.7746)]
2026-06-12 14:34:47.338917: Epoch time: 53.03 s
2026-06-12 14:34:49.136065: 
2026-06-12 14:34:49.136621: Epoch 230
2026-06-12 14:34:49.136809: Current learning rate: 0.00103
2026-06-12 14:35:42.324478: train_loss -0.6907
2026-06-12 14:35:42.325065: val_loss -0.1985
2026-06-12 14:35:42.325209: Pseudo dice [np.float32(0.784)]
2026-06-12 14:35:42.325380: Epoch time: 53.19 s
2026-06-12 14:35:44.114159: 
2026-06-12 14:35:44.114648: Epoch 231
2026-06-12 14:35:44.114944: Current learning rate: 0.00098
2026-06-12 14:36:37.329134: train_loss -0.6917
2026-06-12 14:36:37.329650: val_loss -0.0194
2026-06-12 14:36:37.329801: Pseudo dice [np.float32(0.7417)]
2026-06-12 14:36:37.329979: Epoch time: 53.22 s
2026-06-12 14:36:39.131622: 
2026-06-12 14:36:39.132188: Epoch 232
2026-06-12 14:36:39.132416: Current learning rate: 0.00094
2026-06-12 14:37:32.274567: train_loss -0.6941
2026-06-12 14:37:32.274941: val_loss -0.2352
2026-06-12 14:37:32.275085: Pseudo dice [np.float32(0.7945)]
2026-06-12 14:37:32.275259: Epoch time: 53.15 s
2026-06-12 14:37:34.076339: 
2026-06-12 14:37:34.076845: Epoch 233
2026-06-12 14:37:34.077122: Current learning rate: 0.00089
2026-06-12 14:38:27.074309: train_loss -0.6975
2026-06-12 14:38:27.075209: val_loss -0.0518
2026-06-12 14:38:27.075412: Pseudo dice [np.float32(0.7555)]
2026-06-12 14:38:27.075670: Epoch time: 53.0 s
2026-06-12 14:38:28.879838: 
2026-06-12 14:38:28.880446: Epoch 234
2026-06-12 14:38:28.880796: Current learning rate: 0.00084
2026-06-12 14:39:21.880697: train_loss -0.6849
2026-06-12 14:39:21.881204: val_loss -0.0142
2026-06-12 14:39:21.881360: Pseudo dice [np.float32(0.7526)]
2026-06-12 14:39:21.881540: Epoch time: 53.0 s
2026-06-12 14:39:23.679938: 
2026-06-12 14:39:23.680568: Epoch 235
2026-06-12 14:39:23.680864: Current learning rate: 0.00079
2026-06-12 14:40:16.808384: train_loss -0.6884
2026-06-12 14:40:16.809050: val_loss -0.0328
2026-06-12 14:40:16.809212: Pseudo dice [np.float32(0.7505)]
2026-06-12 14:40:16.809391: Epoch time: 53.13 s
2026-06-12 14:40:18.613534: 
2026-06-12 14:40:18.614212: Epoch 236
2026-06-12 14:40:18.614552: Current learning rate: 0.00075
2026-06-12 14:41:11.619592: train_loss -0.6874
2026-06-12 14:41:11.620776: val_loss -0.2456
2026-06-12 14:41:11.620949: Pseudo dice [np.float32(0.7981)]
2026-06-12 14:41:11.621128: Epoch time: 53.01 s
2026-06-12 14:41:13.425647: 
2026-06-12 14:41:13.426173: Epoch 237
2026-06-12 14:41:13.426446: Current learning rate: 0.0007
2026-06-12 14:42:06.531571: train_loss -0.6952
2026-06-12 14:42:06.532203: val_loss -0.1436
2026-06-12 14:42:06.532359: Pseudo dice [np.float32(0.7623)]
2026-06-12 14:42:06.532549: Epoch time: 53.11 s
2026-06-12 14:42:08.817230: 
2026-06-12 14:42:08.817994: Epoch 238
2026-06-12 14:42:08.818296: Current learning rate: 0.00065
2026-06-12 14:43:01.952352: train_loss -0.7048
2026-06-12 14:43:01.952835: val_loss -0.3036
2026-06-12 14:43:01.953006: Pseudo dice [np.float32(0.805)]
2026-06-12 14:43:01.953191: Epoch time: 53.14 s
2026-06-12 14:43:03.768916: 
2026-06-12 14:43:03.769533: Epoch 239
2026-06-12 14:43:03.769829: Current learning rate: 0.0006
2026-06-12 14:43:56.917734: train_loss -0.6961
2026-06-12 14:43:56.918214: val_loss -0.3482
2026-06-12 14:43:56.918368: Pseudo dice [np.float32(0.8219)]
2026-06-12 14:43:56.918549: Epoch time: 53.15 s
2026-06-12 14:43:58.729328: 
2026-06-12 14:43:58.730150: Epoch 240
2026-06-12 14:43:58.730386: Current learning rate: 0.00055
2026-06-12 14:44:51.899731: train_loss -0.6863
2026-06-12 14:44:51.900236: val_loss -0.0266
2026-06-12 14:44:51.900386: Pseudo dice [np.float32(0.7436)]
2026-06-12 14:44:51.900577: Epoch time: 53.18 s
2026-06-12 14:44:53.773198: 
2026-06-12 14:44:53.773718: Epoch 241
2026-06-12 14:44:53.773911: Current learning rate: 0.0005
2026-06-12 14:45:46.921789: train_loss -0.6926
2026-06-12 14:45:46.922305: val_loss -0.1722
2026-06-12 14:45:46.922457: Pseudo dice [np.float32(0.7658)]
2026-06-12 14:45:46.922648: Epoch time: 53.15 s
2026-06-12 14:45:48.727789: 
2026-06-12 14:45:48.728408: Epoch 242
2026-06-12 14:45:48.728704: Current learning rate: 0.00045
2026-06-12 14:46:41.859628: train_loss -0.6886
2026-06-12 14:46:41.860165: val_loss -0.0162
2026-06-12 14:46:41.860323: Pseudo dice [np.float32(0.7434)]
2026-06-12 14:46:41.860501: Epoch time: 53.14 s
2026-06-12 14:46:43.680271: 
2026-06-12 14:46:43.680853: Epoch 243
2026-06-12 14:46:43.681179: Current learning rate: 0.0004
2026-06-12 14:47:36.847834: train_loss -0.6917
2026-06-12 14:47:36.848329: val_loss -0.1606
2026-06-12 14:47:36.848480: Pseudo dice [np.float32(0.7725)]
2026-06-12 14:47:36.848669: Epoch time: 53.17 s
2026-06-12 14:47:38.677718: 
2026-06-12 14:47:38.678361: Epoch 244
2026-06-12 14:47:38.678713: Current learning rate: 0.00035
2026-06-12 14:48:31.871615: train_loss -0.6973
2026-06-12 14:48:31.872169: val_loss -0.2471
2026-06-12 14:48:31.872359: Pseudo dice [np.float32(0.7963)]
2026-06-12 14:48:31.872569: Epoch time: 53.2 s
2026-06-12 14:48:33.722531: 
2026-06-12 14:48:33.723185: Epoch 245
2026-06-12 14:48:33.723488: Current learning rate: 0.0003
2026-06-12 14:49:26.889079: train_loss -0.6976
2026-06-12 14:49:26.889749: val_loss -0.1644
2026-06-12 14:49:26.889902: Pseudo dice [np.float32(0.7795)]
2026-06-12 14:49:26.890087: Epoch time: 53.17 s
2026-06-12 14:49:28.711288: 
2026-06-12 14:49:28.711950: Epoch 246
2026-06-12 14:49:28.712279: Current learning rate: 0.00024
2026-06-12 14:50:22.008760: train_loss -0.7023
2026-06-12 14:50:22.009270: val_loss -0.1379
2026-06-12 14:50:22.009422: Pseudo dice [np.float32(0.7773)]
2026-06-12 14:50:22.009614: Epoch time: 53.3 s
2026-06-12 14:50:23.843705: 
2026-06-12 14:50:23.844223: Epoch 247
2026-06-12 14:50:23.844549: Current learning rate: 0.00019
2026-06-12 14:51:17.238849: train_loss -0.7018
2026-06-12 14:51:17.239554: val_loss -0.0598
2026-06-12 14:51:17.239711: Pseudo dice [np.float32(0.7438)]
2026-06-12 14:51:17.239892: Epoch time: 53.4 s
2026-06-12 14:51:19.468436: 
2026-06-12 14:51:19.468899: Epoch 248
2026-06-12 14:51:19.469186: Current learning rate: 0.00013
2026-06-12 14:52:12.840111: train_loss -0.6972
2026-06-12 14:52:12.840817: val_loss -0.1556
2026-06-12 14:52:12.840965: Pseudo dice [np.float32(0.7706)]
2026-06-12 14:52:12.841142: Epoch time: 53.38 s
2026-06-12 14:52:14.671812: 
2026-06-12 14:52:14.672359: Epoch 249
2026-06-12 14:52:14.672669: Current learning rate: 7e-05
2026-06-12 14:53:07.933143: train_loss -0.6906
2026-06-12 14:53:07.933759: val_loss -0.1468
2026-06-12 14:53:07.933914: Pseudo dice [np.float32(0.7732)]
2026-06-12 14:53:07.934095: Epoch time: 53.26 s
2026-06-12 14:53:10.386137: Training done.
2026-06-12 14:53:10.740959: Using splits from existing split file: /gpfs/data/ravenlab/micmac/nnUNet_preprocessed/Dataset001_BinaryTask/splits_final.json
2026-06-12 14:53:10.741348: The split file contains 5 splits.
2026-06-12 14:53:10.741453: Desired fold for training: 2
2026-06-12 14:53:10.741558: This split has 8 training and 2 validation cases.
2026-06-12 14:53:10.741756: predicting 41759_G_110_slice_2_0
2026-06-12 14:53:10.819743: 41759_G_110_slice_2_0, shape torch.Size([1, 1, 3036, 4119]), rank 0
2026-06-12 14:53:21.447614: predicting 41759_G_130_slice_1_2
2026-06-12 14:53:22.405949: 41759_G_130_slice_1_2, shape torch.Size([1, 1, 10000, 10000]), rank 0
2026-06-12 14:54:14.745800: Validation complete
2026-06-12 14:54:14.746008: Mean Validation Dice:  0.7847774620939674
