Launching parallel training for 2D config, Fold 3 using 250-epoch trainer preset...

############################
INFO: You are using the old nnU-Net default plans. We have updated our recommendations. Please consider using those instead! Read more here: https://github.com/MIC-DKFZ/nnUNet/blob/master/documentation/resenc_presets.md
############################

Using device: cuda:0

#######################################################################
Please cite the following paper when using nnU-Net:
Isensee, F., Jaeger, P. F., Kohl, S. A., Petersen, J., & Maier-Hein, K. H. (2021). nnU-Net: a self-configuring method for deep learning-based biomedical image segmentation. Nature methods, 18(2), 203-211.
#######################################################################

2026-06-12 11:02:23.455269: do_dummy_2d_data_aug: False
2026-06-12 11:02:23.456089: Using splits from existing split file: /gpfs/data/ravenlab/micmac/nnUNet_preprocessed/Dataset001_BinaryTask/splits_final.json
2026-06-12 11:02:23.456398: The split file contains 5 splits.
2026-06-12 11:02:23.456498: Desired fold for training: 3
2026-06-12 11:02:23.456596: This split has 8 training and 2 validation cases.
using pin_memory on device 0
using pin_memory on device 0

This is the configuration used by this training:
Configuration name: 2d
 {'data_identifier': 'nnUNetPlans_2d', 'preprocessor_name': 'DefaultPreprocessor', 'batch_size': 2, 'patch_size': [1024, 1536], 'median_image_size_in_voxels': [5082.0, 7637.0], 'spacing': [1.0, 1.0], 'normalization_schemes': ['ZScoreNormalization'], 'use_mask_for_norm': [True], 'resampling_fn_data': 'resample_data_or_seg_to_shape', 'resampling_fn_seg': 'resample_data_or_seg_to_shape', 'resampling_fn_data_kwargs': {'is_seg': False, 'order': 3, 'order_z': 0, 'force_separate_z': None}, 'resampling_fn_seg_kwargs': {'is_seg': True, 'order': 1, 'order_z': 0, 'force_separate_z': None}, 'resampling_fn_probabilities': 'resample_data_or_seg_to_shape', 'resampling_fn_probabilities_kwargs': {'is_seg': False, 'order': 1, 'order_z': 0, 'force_separate_z': None}, 'architecture': {'network_class_name': 'dynamic_network_architectures.architectures.unet.PlainConvUNet', 'arch_kwargs': {'n_stages': 9, 'features_per_stage': [32, 64, 128, 256, 512, 512, 512, 512, 512], 'conv_op': 'torch.nn.modules.conv.Conv2d', 'kernel_sizes': [[3, 3], [3, 3], [3, 3], [3, 3], [3, 3], [3, 3], [3, 3], [3, 3], [3, 3]], 'strides': [[1, 1], [2, 2], [2, 2], [2, 2], [2, 2], [2, 2], [2, 2], [2, 2], [2, 2]], 'n_conv_per_stage': [2, 2, 2, 2, 2, 2, 2, 2, 2], 'n_conv_per_stage_decoder': [2, 2, 2, 2, 2, 2, 2, 2], 'conv_bias': True, 'norm_op': 'torch.nn.modules.instancenorm.InstanceNorm2d', 'norm_op_kwargs': {'eps': 1e-05, 'affine': True}, 'dropout_op': None, 'dropout_op_kwargs': None, 'nonlin': 'torch.nn.LeakyReLU', 'nonlin_kwargs': {'inplace': True}}, '_kw_requires_import': ['conv_op', 'norm_op', 'dropout_op', 'nonlin']}, 'batch_dice': True} 

These are the global plan.json settings:
 {'dataset_name': 'Dataset001_BinaryTask', 'plans_name': 'nnUNetPlans', 'original_median_spacing_after_transp': [999.0, 1.0, 1.0], 'original_median_shape_after_transp': [1, 5082, 7637], 'image_reader_writer': 'NaturalImage2DIO', 'transpose_forward': [0, 1, 2], 'transpose_backward': [0, 1, 2], 'experiment_planner_used': 'ExperimentPlanner', 'label_manager': 'LabelManager', 'foreground_intensity_properties_per_channel': {'0': {'max': 252.0, 'mean': 125.24241638183594, 'median': 123.0, 'min': 0.0, 'percentile_00_5': 48.0, 'percentile_99_5': 214.0, 'std': 34.663818359375}}} 

2026-06-12 11:02:28.201755: Unable to plot network architecture:
2026-06-12 11:02:28.201955: No module named 'hiddenlayer'
2026-06-12 11:02:28.429999: 
2026-06-12 11:02:28.430217: Epoch 0
2026-06-12 11:02:28.435060: Current learning rate: 0.01
2026-06-12 11:04:43.863403: train_loss -0.2299
2026-06-12 11:04:43.864301: val_loss -0.3548
2026-06-12 11:04:43.864482: Pseudo dice [np.float32(0.7751)]
2026-06-12 11:04:43.864717: Epoch time: 135.44 s
2026-06-12 11:04:43.864855: Yayy! New best EMA pseudo Dice: 0.7750999927520752
2026-06-12 11:04:46.207392: 
2026-06-12 11:04:46.207853: Epoch 1
2026-06-12 11:04:46.208047: Current learning rate: 0.00996
2026-06-12 11:05:39.778467: train_loss -0.3741
2026-06-12 11:05:39.779184: val_loss -0.418
2026-06-12 11:05:39.779346: Pseudo dice [np.float32(0.7783)]
2026-06-12 11:05:39.779522: Epoch time: 53.57 s
2026-06-12 11:05:39.782272: Yayy! New best EMA pseudo Dice: 0.7753999829292297
2026-06-12 11:05:42.132460: 
2026-06-12 11:05:42.133039: Epoch 2
2026-06-12 11:05:42.133259: Current learning rate: 0.00993
2026-06-12 11:06:35.342731: train_loss -0.4349
2026-06-12 11:06:35.343360: val_loss -0.392
2026-06-12 11:06:35.343517: Pseudo dice [np.float32(0.7801)]
2026-06-12 11:06:35.343708: Epoch time: 53.21 s
2026-06-12 11:06:35.343860: Yayy! New best EMA pseudo Dice: 0.7759000062942505
2026-06-12 11:06:37.721237: 
2026-06-12 11:06:37.721916: Epoch 3
2026-06-12 11:06:37.722208: Current learning rate: 0.00989
2026-06-12 11:07:30.858456: train_loss -0.4567
2026-06-12 11:07:30.859415: val_loss -0.4451
2026-06-12 11:07:30.859579: Pseudo dice [np.float32(0.7942)]
2026-06-12 11:07:30.859859: Epoch time: 53.14 s
2026-06-12 11:07:30.860001: Yayy! New best EMA pseudo Dice: 0.7777000069618225
2026-06-12 11:07:33.149407: 
2026-06-12 11:07:33.149842: Epoch 4
2026-06-12 11:07:33.150025: Current learning rate: 0.00986
2026-06-12 11:08:26.354637: train_loss -0.4586
2026-06-12 11:08:26.355215: val_loss -0.4381
2026-06-12 11:08:26.355360: Pseudo dice [np.float32(0.7765)]
2026-06-12 11:08:26.355539: Epoch time: 53.21 s
2026-06-12 11:08:28.154243: 
2026-06-12 11:08:28.154719: Epoch 5
2026-06-12 11:08:28.154898: Current learning rate: 0.00982
2026-06-12 11:09:21.346305: train_loss -0.4835
2026-06-12 11:09:21.346820: val_loss -0.4447
2026-06-12 11:09:21.346973: Pseudo dice [np.float32(0.7841)]
2026-06-12 11:09:21.347142: Epoch time: 53.2 s
2026-06-12 11:09:21.347277: Yayy! New best EMA pseudo Dice: 0.7781999707221985
2026-06-12 11:09:23.610087: 
2026-06-12 11:09:23.610596: Epoch 6
2026-06-12 11:09:23.610930: Current learning rate: 0.00978
2026-06-12 11:10:16.746294: train_loss -0.5004
2026-06-12 11:10:16.747998: val_loss -0.4808
2026-06-12 11:10:16.748189: Pseudo dice [np.float32(0.7996)]
2026-06-12 11:10:16.748501: Epoch time: 53.14 s
2026-06-12 11:10:16.748815: Yayy! New best EMA pseudo Dice: 0.7803999781608582
2026-06-12 11:10:18.996184: 
2026-06-12 11:10:18.996685: Epoch 7
2026-06-12 11:10:18.997035: Current learning rate: 0.00975
2026-06-12 11:11:12.240577: train_loss -0.4979
2026-06-12 11:11:12.241273: val_loss -0.4155
2026-06-12 11:11:12.241436: Pseudo dice [np.float32(0.77)]
2026-06-12 11:11:12.241622: Epoch time: 53.25 s
2026-06-12 11:11:14.008311: 
2026-06-12 11:11:14.009198: Epoch 8
2026-06-12 11:11:14.009630: Current learning rate: 0.00971
2026-06-12 11:12:07.091913: train_loss -0.5098
2026-06-12 11:12:07.092428: val_loss -0.4039
2026-06-12 11:12:07.092588: Pseudo dice [np.float32(0.7877)]
2026-06-12 11:12:07.092758: Epoch time: 53.09 s
2026-06-12 11:12:09.284014: 
2026-06-12 11:12:09.284346: Epoch 9
2026-06-12 11:12:09.284520: Current learning rate: 0.00968
2026-06-12 11:13:02.489599: train_loss -0.5123
2026-06-12 11:13:02.490190: val_loss -0.3734
2026-06-12 11:13:02.490344: Pseudo dice [np.float32(0.7465)]
2026-06-12 11:13:02.490512: Epoch time: 53.21 s
2026-06-12 11:13:04.201663: 
2026-06-12 11:13:04.202096: Epoch 10
2026-06-12 11:13:04.202270: Current learning rate: 0.00964
2026-06-12 11:13:57.511954: train_loss -0.5364
2026-06-12 11:13:57.512481: val_loss -0.3467
2026-06-12 11:13:57.512803: Pseudo dice [np.float32(0.7563)]
2026-06-12 11:13:57.513000: Epoch time: 53.31 s
2026-06-12 11:13:59.246873: 
2026-06-12 11:13:59.247270: Epoch 11
2026-06-12 11:13:59.247457: Current learning rate: 0.0096
2026-06-12 11:14:52.513523: train_loss -0.5351
2026-06-12 11:14:52.514056: val_loss -0.3763
2026-06-12 11:14:52.514210: Pseudo dice [np.float32(0.7613)]
2026-06-12 11:14:52.514383: Epoch time: 53.27 s
2026-06-12 11:14:54.257928: 
2026-06-12 11:14:54.258291: Epoch 12
2026-06-12 11:14:54.258622: Current learning rate: 0.00957
2026-06-12 11:15:47.650289: train_loss -0.5096
2026-06-12 11:15:47.650823: val_loss -0.493
2026-06-12 11:15:47.650980: Pseudo dice [np.float32(0.8139)]
2026-06-12 11:15:47.651145: Epoch time: 53.4 s
2026-06-12 11:15:49.387058: 
2026-06-12 11:15:49.387460: Epoch 13
2026-06-12 11:15:49.387665: Current learning rate: 0.00953
2026-06-12 11:16:42.702716: train_loss -0.5382
2026-06-12 11:16:42.703424: val_loss -0.4683
2026-06-12 11:16:42.703588: Pseudo dice [np.float32(0.7961)]
2026-06-12 11:16:42.703805: Epoch time: 53.32 s
2026-06-12 11:16:44.434135: 
2026-06-12 11:16:44.434619: Epoch 14
2026-06-12 11:16:44.434833: Current learning rate: 0.00949
2026-06-12 11:17:37.513619: train_loss -0.5473
2026-06-12 11:17:37.514267: val_loss -0.4645
2026-06-12 11:17:37.514423: Pseudo dice [np.float32(0.8024)]
2026-06-12 11:17:37.514601: Epoch time: 53.08 s
2026-06-12 11:17:37.514738: Yayy! New best EMA pseudo Dice: 0.7815999984741211
2026-06-12 11:17:39.902413: 
2026-06-12 11:17:39.902918: Epoch 15
2026-06-12 11:17:39.903130: Current learning rate: 0.00946
2026-06-12 11:18:33.108157: train_loss -0.5495
2026-06-12 11:18:33.108803: val_loss -0.4995
2026-06-12 11:18:33.108961: Pseudo dice [np.float32(0.8189)]
2026-06-12 11:18:33.109128: Epoch time: 53.21 s
2026-06-12 11:18:33.109674: Yayy! New best EMA pseudo Dice: 0.7853999733924866
2026-06-12 11:18:35.464912: 
2026-06-12 11:18:35.465501: Epoch 16
2026-06-12 11:18:35.465848: Current learning rate: 0.00942
2026-06-12 11:19:28.628752: train_loss -0.5608
2026-06-12 11:19:28.629359: val_loss -0.4342
2026-06-12 11:19:28.629549: Pseudo dice [np.float32(0.7809)]
2026-06-12 11:19:28.629727: Epoch time: 53.17 s
2026-06-12 11:19:30.652057: 
2026-06-12 11:19:30.652561: Epoch 17
2026-06-12 11:19:30.652762: Current learning rate: 0.00939
2026-06-12 11:20:23.877904: train_loss -0.5533
2026-06-12 11:20:23.878412: val_loss -0.3452
2026-06-12 11:20:23.878573: Pseudo dice [np.float32(0.7455)]
2026-06-12 11:20:23.878743: Epoch time: 53.23 s
2026-06-12 11:20:26.090617: 
2026-06-12 11:20:26.091166: Epoch 18
2026-06-12 11:20:26.091456: Current learning rate: 0.00935
2026-06-12 11:21:19.298761: train_loss -0.568
2026-06-12 11:21:19.299310: val_loss -0.4257
2026-06-12 11:21:19.299461: Pseudo dice [np.float32(0.7782)]
2026-06-12 11:21:19.299649: Epoch time: 53.21 s
2026-06-12 11:21:21.066986: 
2026-06-12 11:21:21.067446: Epoch 19
2026-06-12 11:21:21.067630: Current learning rate: 0.00931
2026-06-12 11:22:14.474204: train_loss -0.5598
2026-06-12 11:22:14.474822: val_loss -0.4784
2026-06-12 11:22:14.474979: Pseudo dice [np.float32(0.803)]
2026-06-12 11:22:14.475155: Epoch time: 53.41 s
2026-06-12 11:22:16.250839: 
2026-06-12 11:22:16.251236: Epoch 20
2026-06-12 11:22:16.251438: Current learning rate: 0.00928
2026-06-12 11:23:09.557657: train_loss -0.5664
2026-06-12 11:23:09.558200: val_loss -0.4011
2026-06-12 11:23:09.558359: Pseudo dice [np.float32(0.7886)]
2026-06-12 11:23:09.558548: Epoch time: 53.31 s
2026-06-12 11:23:11.362342: 
2026-06-12 11:23:11.362725: Epoch 21
2026-06-12 11:23:11.363026: Current learning rate: 0.00924
2026-06-12 11:24:04.710327: train_loss -0.5603
2026-06-12 11:24:04.711029: val_loss -0.4184
2026-06-12 11:24:04.711181: Pseudo dice [np.float32(0.7909)]
2026-06-12 11:24:04.711357: Epoch time: 53.35 s
2026-06-12 11:24:06.447693: 
2026-06-12 11:24:06.448159: Epoch 22
2026-06-12 11:24:06.448439: Current learning rate: 0.0092
2026-06-12 11:24:59.808375: train_loss -0.5686
2026-06-12 11:24:59.812548: val_loss -0.4334
2026-06-12 11:24:59.812740: Pseudo dice [np.float32(0.7833)]
2026-06-12 11:24:59.812925: Epoch time: 53.36 s
2026-06-12 11:25:01.599344: 
2026-06-12 11:25:01.599918: Epoch 23
2026-06-12 11:25:01.600140: Current learning rate: 0.00917
2026-06-12 11:25:54.783737: train_loss -0.5802
2026-06-12 11:25:54.784295: val_loss -0.3754
2026-06-12 11:25:54.784484: Pseudo dice [np.float32(0.781)]
2026-06-12 11:25:54.784674: Epoch time: 53.19 s
2026-06-12 11:25:56.522376: 
2026-06-12 11:25:56.522854: Epoch 24
2026-06-12 11:25:56.523037: Current learning rate: 0.00913
2026-06-12 11:26:49.822828: train_loss -0.5593
2026-06-12 11:26:49.823457: val_loss -0.4518
2026-06-12 11:26:49.823626: Pseudo dice [np.float32(0.8056)]
2026-06-12 11:26:49.823801: Epoch time: 53.3 s
2026-06-12 11:26:49.823939: Yayy! New best EMA pseudo Dice: 0.7860000133514404
2026-06-12 11:26:52.180495: 
2026-06-12 11:26:52.181031: Epoch 25
2026-06-12 11:26:52.181316: Current learning rate: 0.0091
2026-06-12 11:27:45.417411: train_loss -0.5613
2026-06-12 11:27:45.417995: val_loss -0.3163
2026-06-12 11:27:45.418181: Pseudo dice [np.float32(0.7352)]
2026-06-12 11:27:45.418368: Epoch time: 53.24 s
2026-06-12 11:27:47.551689: 
2026-06-12 11:27:47.552103: Epoch 26
2026-06-12 11:27:47.552289: Current learning rate: 0.00906
2026-06-12 11:28:40.784203: train_loss -0.5468
2026-06-12 11:28:40.784863: val_loss -0.403
2026-06-12 11:28:40.785013: Pseudo dice [np.float32(0.7823)]
2026-06-12 11:28:40.785187: Epoch time: 53.24 s
2026-06-12 11:28:42.508358: 
2026-06-12 11:28:42.508895: Epoch 27
2026-06-12 11:28:42.509171: Current learning rate: 0.00902
2026-06-12 11:29:35.735280: train_loss -0.5756
2026-06-12 11:29:35.735816: val_loss -0.4157
2026-06-12 11:29:35.735979: Pseudo dice [np.float32(0.7865)]
2026-06-12 11:29:35.736145: Epoch time: 53.23 s
2026-06-12 11:29:37.475329: 
2026-06-12 11:29:37.475880: Epoch 28
2026-06-12 11:29:37.476171: Current learning rate: 0.00899
2026-06-12 11:30:30.652761: train_loss -0.5981
2026-06-12 11:30:30.653354: val_loss -0.3795
2026-06-12 11:30:30.653535: Pseudo dice [np.float32(0.7844)]
2026-06-12 11:30:30.653765: Epoch time: 53.18 s
2026-06-12 11:30:32.379920: 
2026-06-12 11:30:32.380279: Epoch 29
2026-06-12 11:30:32.380459: Current learning rate: 0.00895
2026-06-12 11:31:25.625212: train_loss -0.5856
2026-06-12 11:31:25.625813: val_loss -0.4351
2026-06-12 11:31:25.626087: Pseudo dice [np.float32(0.8051)]
2026-06-12 11:31:25.626279: Epoch time: 53.25 s
2026-06-12 11:31:27.386595: 
2026-06-12 11:31:27.387100: Epoch 30
2026-06-12 11:31:27.387391: Current learning rate: 0.00891
2026-06-12 11:32:20.576360: train_loss -0.5917
2026-06-12 11:32:20.576957: val_loss -0.4172
2026-06-12 11:32:20.577115: Pseudo dice [np.float32(0.7705)]
2026-06-12 11:32:20.577285: Epoch time: 53.19 s
2026-06-12 11:32:22.332755: 
2026-06-12 11:32:22.333298: Epoch 31
2026-06-12 11:32:22.333486: Current learning rate: 0.00888
2026-06-12 11:33:15.701670: train_loss -0.5988
2026-06-12 11:33:15.702250: val_loss -0.3415
2026-06-12 11:33:15.702399: Pseudo dice [np.float32(0.7656)]
2026-06-12 11:33:15.702586: Epoch time: 53.37 s
2026-06-12 11:33:17.446587: 
2026-06-12 11:33:17.447011: Epoch 32
2026-06-12 11:33:17.447201: Current learning rate: 0.00884
2026-06-12 11:34:10.699576: train_loss -0.6029
2026-06-12 11:34:10.700161: val_loss -0.4148
2026-06-12 11:34:10.700312: Pseudo dice [np.float32(0.7818)]
2026-06-12 11:34:10.700480: Epoch time: 53.26 s
2026-06-12 11:34:12.452365: 
2026-06-12 11:34:12.452791: Epoch 33
2026-06-12 11:34:12.452969: Current learning rate: 0.0088
2026-06-12 11:35:05.706590: train_loss -0.5893
2026-06-12 11:35:05.707201: val_loss -0.4632
2026-06-12 11:35:05.707354: Pseudo dice [np.float32(0.8137)]
2026-06-12 11:35:05.707537: Epoch time: 53.26 s
2026-06-12 11:35:07.464045: 
2026-06-12 11:35:07.464398: Epoch 34
2026-06-12 11:35:07.464652: Current learning rate: 0.00877
2026-06-12 11:36:00.778711: train_loss -0.6037
2026-06-12 11:36:00.779267: val_loss -0.3515
2026-06-12 11:36:00.779420: Pseudo dice [np.float32(0.7691)]
2026-06-12 11:36:00.779600: Epoch time: 53.32 s
2026-06-12 11:36:02.923509: 
2026-06-12 11:36:02.924064: Epoch 35
2026-06-12 11:36:02.924377: Current learning rate: 0.00873
2026-06-12 11:36:56.280060: train_loss -0.6025
2026-06-12 11:36:56.280645: val_loss -0.3721
2026-06-12 11:36:56.280805: Pseudo dice [np.float32(0.8025)]
2026-06-12 11:36:56.280980: Epoch time: 53.36 s
2026-06-12 11:36:58.054413: 
2026-06-12 11:36:58.054871: Epoch 36
2026-06-12 11:36:58.055138: Current learning rate: 0.00869
2026-06-12 11:37:51.421838: train_loss -0.6074
2026-06-12 11:37:51.422366: val_loss -0.4805
2026-06-12 11:37:51.422517: Pseudo dice [np.float32(0.8255)]
2026-06-12 11:37:51.422694: Epoch time: 53.37 s
2026-06-12 11:37:51.422828: Yayy! New best EMA pseudo Dice: 0.7889000177383423
2026-06-12 11:37:53.711005: 
2026-06-12 11:37:53.711635: Epoch 37
2026-06-12 11:37:53.711937: Current learning rate: 0.00866
2026-06-12 11:38:47.020900: train_loss -0.5981
2026-06-12 11:38:47.021558: val_loss -0.3907
2026-06-12 11:38:47.021710: Pseudo dice [np.float32(0.7758)]
2026-06-12 11:38:47.021877: Epoch time: 53.31 s
2026-06-12 11:38:48.836817: 
2026-06-12 11:38:48.837305: Epoch 38
2026-06-12 11:38:48.837703: Current learning rate: 0.00862
2026-06-12 11:39:42.325111: train_loss -0.6006
2026-06-12 11:39:42.325616: val_loss -0.3381
2026-06-12 11:39:42.325766: Pseudo dice [np.float32(0.7811)]
2026-06-12 11:39:42.325931: Epoch time: 53.49 s
2026-06-12 11:39:44.104547: 
2026-06-12 11:39:44.105006: Epoch 39
2026-06-12 11:39:44.105223: Current learning rate: 0.00858
2026-06-12 11:40:37.550647: train_loss -0.6019
2026-06-12 11:40:37.551342: val_loss -0.4482
2026-06-12 11:40:37.551495: Pseudo dice [np.float32(0.799)]
2026-06-12 11:40:37.551682: Epoch time: 53.45 s
2026-06-12 11:40:39.330485: 
2026-06-12 11:40:39.330904: Epoch 40
2026-06-12 11:40:39.331075: Current learning rate: 0.00855
2026-06-12 11:41:32.573454: train_loss -0.6263
2026-06-12 11:41:32.574058: val_loss -0.4527
2026-06-12 11:41:32.574208: Pseudo dice [np.float32(0.8124)]
2026-06-12 11:41:32.574382: Epoch time: 53.25 s
2026-06-12 11:41:32.574519: Yayy! New best EMA pseudo Dice: 0.7906000018119812
2026-06-12 11:41:34.926928: 
2026-06-12 11:41:34.927469: Epoch 41
2026-06-12 11:41:34.927769: Current learning rate: 0.00851
2026-06-12 11:42:28.079977: train_loss -0.6218
2026-06-12 11:42:28.080708: val_loss -0.3173
2026-06-12 11:42:28.080879: Pseudo dice [np.float32(0.7747)]
2026-06-12 11:42:28.081055: Epoch time: 53.16 s
2026-06-12 11:42:29.809823: 
2026-06-12 11:42:29.810337: Epoch 42
2026-06-12 11:42:29.810533: Current learning rate: 0.00847
2026-06-12 11:43:23.079488: train_loss -0.6192
2026-06-12 11:43:23.080101: val_loss -0.3667
2026-06-12 11:43:23.080270: Pseudo dice [np.float32(0.7791)]
2026-06-12 11:43:23.080446: Epoch time: 53.27 s
2026-06-12 11:43:25.449918: 
2026-06-12 11:43:25.450480: Epoch 43
2026-06-12 11:43:25.450782: Current learning rate: 0.00844
2026-06-12 11:44:18.841023: train_loss -0.6272
2026-06-12 11:44:18.842257: val_loss -0.4404
2026-06-12 11:44:18.842415: Pseudo dice [np.float32(0.8025)]
2026-06-12 11:44:18.842595: Epoch time: 53.39 s
2026-06-12 11:44:20.600737: 
2026-06-12 11:44:20.601238: Epoch 44
2026-06-12 11:44:20.601522: Current learning rate: 0.0084
2026-06-12 11:45:13.956647: train_loss -0.6068
2026-06-12 11:45:13.957283: val_loss -0.4814
2026-06-12 11:45:13.957437: Pseudo dice [np.float32(0.8052)]
2026-06-12 11:45:13.957615: Epoch time: 53.36 s
2026-06-12 11:45:13.957755: Yayy! New best EMA pseudo Dice: 0.7910000085830688
2026-06-12 11:45:16.219643: 
2026-06-12 11:45:16.220218: Epoch 45
2026-06-12 11:45:16.220515: Current learning rate: 0.00836
2026-06-12 11:46:09.425663: train_loss -0.585
2026-06-12 11:46:09.426368: val_loss -0.3619
2026-06-12 11:46:09.426518: Pseudo dice [np.float32(0.7776)]
2026-06-12 11:46:09.426715: Epoch time: 53.21 s
2026-06-12 11:46:11.167550: 
2026-06-12 11:46:11.168115: Epoch 46
2026-06-12 11:46:11.168302: Current learning rate: 0.00833
2026-06-12 11:47:04.175325: train_loss -0.6134
2026-06-12 11:47:04.175927: val_loss -0.4651
2026-06-12 11:47:04.176081: Pseudo dice [np.float32(0.8074)]
2026-06-12 11:47:04.176258: Epoch time: 53.01 s
2026-06-12 11:47:04.176399: Yayy! New best EMA pseudo Dice: 0.7914999723434448
2026-06-12 11:47:06.440632: 
2026-06-12 11:47:06.441077: Epoch 47
2026-06-12 11:47:06.441265: Current learning rate: 0.00829
2026-06-12 11:47:59.641629: train_loss -0.6071
2026-06-12 11:47:59.642242: val_loss -0.3719
2026-06-12 11:47:59.642401: Pseudo dice [np.float32(0.7839)]
2026-06-12 11:47:59.642589: Epoch time: 53.2 s
2026-06-12 11:48:01.379120: 
2026-06-12 11:48:01.379640: Epoch 48
2026-06-12 11:48:01.379927: Current learning rate: 0.00825
2026-06-12 11:48:54.631755: train_loss -0.6133
2026-06-12 11:48:54.632584: val_loss -0.3478
2026-06-12 11:48:54.632742: Pseudo dice [np.float32(0.7749)]
2026-06-12 11:48:54.632910: Epoch time: 53.26 s
2026-06-12 11:48:56.389145: 
2026-06-12 11:48:56.389616: Epoch 49
2026-06-12 11:48:56.389808: Current learning rate: 0.00822
2026-06-12 11:49:49.573466: train_loss -0.6148
2026-06-12 11:49:49.574377: val_loss -0.3969
2026-06-12 11:49:49.574551: Pseudo dice [np.float32(0.7912)]
2026-06-12 11:49:49.574727: Epoch time: 53.19 s
2026-06-12 11:49:51.829200: 
2026-06-12 11:49:51.829579: Epoch 50
2026-06-12 11:49:51.829768: Current learning rate: 0.00818
2026-06-12 11:50:45.025408: train_loss -0.6103
2026-06-12 11:50:45.025958: val_loss -0.3624
2026-06-12 11:50:45.026107: Pseudo dice [np.float32(0.7736)]
2026-06-12 11:50:45.026277: Epoch time: 53.2 s
2026-06-12 11:50:46.853294: 
2026-06-12 11:50:46.853916: Epoch 51
2026-06-12 11:50:46.854244: Current learning rate: 0.00814
2026-06-12 11:51:39.955579: train_loss -0.6112
2026-06-12 11:51:39.956347: val_loss -0.3866
2026-06-12 11:51:39.956501: Pseudo dice [np.float32(0.7936)]
2026-06-12 11:51:39.956688: Epoch time: 53.11 s
2026-06-12 11:51:42.219991: 
2026-06-12 11:51:42.220429: Epoch 52
2026-06-12 11:51:42.220609: Current learning rate: 0.00811
2026-06-12 11:52:35.482109: train_loss -0.6234
2026-06-12 11:52:35.482666: val_loss -0.4091
2026-06-12 11:52:35.482817: Pseudo dice [np.float32(0.7931)]
2026-06-12 11:52:35.482989: Epoch time: 53.27 s
2026-06-12 11:52:37.227067: 
2026-06-12 11:52:37.227568: Epoch 53
2026-06-12 11:52:37.227755: Current learning rate: 0.00807
2026-06-12 11:53:30.361359: train_loss -0.6244
2026-06-12 11:53:30.361908: val_loss -0.4703
2026-06-12 11:53:30.362059: Pseudo dice [np.float32(0.8204)]
2026-06-12 11:53:30.362233: Epoch time: 53.14 s
2026-06-12 11:53:30.362364: Yayy! New best EMA pseudo Dice: 0.7919999957084656
2026-06-12 11:53:32.703846: 
2026-06-12 11:53:32.704297: Epoch 54
2026-06-12 11:53:32.704487: Current learning rate: 0.00803
2026-06-12 11:54:25.844302: train_loss -0.6502
2026-06-12 11:54:25.845144: val_loss -0.402
2026-06-12 11:54:25.845297: Pseudo dice [np.float32(0.7971)]
2026-06-12 11:54:25.845471: Epoch time: 53.14 s
2026-06-12 11:54:25.845611: Yayy! New best EMA pseudo Dice: 0.7925000190734863
2026-06-12 11:54:28.111530: 
2026-06-12 11:54:28.111991: Epoch 55
2026-06-12 11:54:28.112177: Current learning rate: 0.008
2026-06-12 11:55:21.289279: train_loss -0.6392
2026-06-12 11:55:21.289912: val_loss -0.4558
2026-06-12 11:55:21.290088: Pseudo dice [np.float32(0.8116)]
2026-06-12 11:55:21.290260: Epoch time: 53.18 s
2026-06-12 11:55:21.290401: Yayy! New best EMA pseudo Dice: 0.7943999767303467
2026-06-12 11:55:23.550802: 
2026-06-12 11:55:23.551342: Epoch 56
2026-06-12 11:55:23.551675: Current learning rate: 0.00796
2026-06-12 11:56:16.921630: train_loss -0.6347
2026-06-12 11:56:16.922330: val_loss -0.4531
2026-06-12 11:56:16.922486: Pseudo dice [np.float32(0.8156)]
2026-06-12 11:56:16.922670: Epoch time: 53.37 s
2026-06-12 11:56:16.922802: Yayy! New best EMA pseudo Dice: 0.796500027179718
2026-06-12 11:56:19.189803: 
2026-06-12 11:56:19.190312: Epoch 57
2026-06-12 11:56:19.190499: Current learning rate: 0.00792
2026-06-12 11:57:12.564978: train_loss -0.6261
2026-06-12 11:57:12.565763: val_loss -0.4053
2026-06-12 11:57:12.565950: Pseudo dice [np.float32(0.7956)]
2026-06-12 11:57:12.566147: Epoch time: 53.38 s
2026-06-12 11:57:14.277674: 
2026-06-12 11:57:14.278173: Epoch 58
2026-06-12 11:57:14.278478: Current learning rate: 0.00789
2026-06-12 11:58:07.458629: train_loss -0.62
2026-06-12 11:58:07.459213: val_loss -0.4447
2026-06-12 11:58:07.459386: Pseudo dice [np.float32(0.7987)]
2026-06-12 11:58:07.459569: Epoch time: 53.18 s
2026-06-12 11:58:07.459703: Yayy! New best EMA pseudo Dice: 0.7967000007629395
2026-06-12 11:58:09.708847: 
2026-06-12 11:58:09.709415: Epoch 59
2026-06-12 11:58:09.709732: Current learning rate: 0.00785
2026-06-12 11:59:02.983315: train_loss -0.6271
2026-06-12 11:59:02.983849: val_loss -0.4146
2026-06-12 11:59:02.984004: Pseudo dice [np.float32(0.812)]
2026-06-12 11:59:02.984176: Epoch time: 53.28 s
2026-06-12 11:59:02.984317: Yayy! New best EMA pseudo Dice: 0.7982000112533569
2026-06-12 11:59:05.248164: 
2026-06-12 11:59:05.248665: Epoch 60
2026-06-12 11:59:05.248886: Current learning rate: 0.00781
2026-06-12 11:59:58.487637: train_loss -0.6178
2026-06-12 11:59:58.488144: val_loss -0.3795
2026-06-12 11:59:58.488294: Pseudo dice [np.float32(0.7947)]
2026-06-12 11:59:58.488469: Epoch time: 53.24 s
2026-06-12 12:00:00.711135: 
2026-06-12 12:00:00.711636: Epoch 61
2026-06-12 12:00:00.711828: Current learning rate: 0.00777
2026-06-12 12:00:54.021978: train_loss -0.6393
2026-06-12 12:00:54.022562: val_loss -0.4623
2026-06-12 12:00:54.022735: Pseudo dice [np.float32(0.8268)]
2026-06-12 12:00:54.022915: Epoch time: 53.31 s
2026-06-12 12:00:54.023054: Yayy! New best EMA pseudo Dice: 0.8007000088691711
2026-06-12 12:00:56.275760: 
2026-06-12 12:00:56.276148: Epoch 62
2026-06-12 12:00:56.276366: Current learning rate: 0.00774
2026-06-12 12:01:49.515656: train_loss -0.6399
2026-06-12 12:01:49.516160: val_loss -0.4046
2026-06-12 12:01:49.516310: Pseudo dice [np.float32(0.7904)]
2026-06-12 12:01:49.516479: Epoch time: 53.24 s
2026-06-12 12:01:51.248342: 
2026-06-12 12:01:51.248779: Epoch 63
2026-06-12 12:01:51.248957: Current learning rate: 0.0077
2026-06-12 12:02:44.414732: train_loss -0.6515
2026-06-12 12:02:44.415307: val_loss -0.3587
2026-06-12 12:02:44.415458: Pseudo dice [np.float32(0.7907)]
2026-06-12 12:02:44.415933: Epoch time: 53.17 s
2026-06-12 12:02:46.150923: 
2026-06-12 12:02:46.151385: Epoch 64
2026-06-12 12:02:46.151579: Current learning rate: 0.00766
2026-06-12 12:03:39.437832: train_loss -0.6173
2026-06-12 12:03:39.438466: val_loss -0.3833
2026-06-12 12:03:39.438653: Pseudo dice [np.float32(0.7881)]
2026-06-12 12:03:39.438826: Epoch time: 53.29 s
2026-06-12 12:03:41.161284: 
2026-06-12 12:03:41.161607: Epoch 65
2026-06-12 12:03:41.161784: Current learning rate: 0.00763
2026-06-12 12:04:34.425009: train_loss -0.6346
2026-06-12 12:04:34.425501: val_loss -0.3154
2026-06-12 12:04:34.425666: Pseudo dice [np.float32(0.7812)]
2026-06-12 12:04:34.425838: Epoch time: 53.27 s
2026-06-12 12:04:36.154516: 
2026-06-12 12:04:36.155064: Epoch 66
2026-06-12 12:04:36.155250: Current learning rate: 0.00759
2026-06-12 12:05:29.409226: train_loss -0.6301
2026-06-12 12:05:29.409825: val_loss -0.4354
2026-06-12 12:05:29.409997: Pseudo dice [np.float32(0.795)]
2026-06-12 12:05:29.410172: Epoch time: 53.26 s
2026-06-12 12:05:31.148863: 
2026-06-12 12:05:31.149368: Epoch 67
2026-06-12 12:05:31.149652: Current learning rate: 0.00755
2026-06-12 12:06:24.307429: train_loss -0.6427
2026-06-12 12:06:24.307970: val_loss -0.4023
2026-06-12 12:06:24.308117: Pseudo dice [np.float32(0.7951)]
2026-06-12 12:06:24.308284: Epoch time: 53.16 s
2026-06-12 12:06:26.067167: 
2026-06-12 12:06:26.067585: Epoch 68
2026-06-12 12:06:26.067775: Current learning rate: 0.00751
2026-06-12 12:07:19.187202: train_loss -0.6132
2026-06-12 12:07:19.187724: val_loss -0.4279
2026-06-12 12:07:19.187871: Pseudo dice [np.float32(0.7986)]
2026-06-12 12:07:19.188037: Epoch time: 53.12 s
2026-06-12 12:07:20.943422: 
2026-06-12 12:07:20.943925: Epoch 69
2026-06-12 12:07:20.944122: Current learning rate: 0.00748
2026-06-12 12:08:14.076979: train_loss -0.6212
2026-06-12 12:08:14.077574: val_loss -0.3675
2026-06-12 12:08:14.077731: Pseudo dice [np.float32(0.7827)]
2026-06-12 12:08:14.077904: Epoch time: 53.14 s
2026-06-12 12:08:16.253508: 
2026-06-12 12:08:16.253928: Epoch 70
2026-06-12 12:08:16.254158: Current learning rate: 0.00744
2026-06-12 12:09:09.550992: train_loss -0.6327
2026-06-12 12:09:09.551657: val_loss -0.425
2026-06-12 12:09:09.551812: Pseudo dice [np.float32(0.8143)]
2026-06-12 12:09:09.551994: Epoch time: 53.3 s
2026-06-12 12:09:11.298307: 
2026-06-12 12:09:11.298711: Epoch 71
2026-06-12 12:09:11.298915: Current learning rate: 0.0074
2026-06-12 12:10:04.404992: train_loss -0.6508
2026-06-12 12:10:04.405732: val_loss -0.3561
2026-06-12 12:10:04.405913: Pseudo dice [np.float32(0.777)]
2026-06-12 12:10:04.406099: Epoch time: 53.11 s
2026-06-12 12:10:06.145679: 
2026-06-12 12:10:06.146097: Epoch 72
2026-06-12 12:10:06.146291: Current learning rate: 0.00737
2026-06-12 12:10:59.392466: train_loss -0.6376
2026-06-12 12:10:59.393090: val_loss -0.4106
2026-06-12 12:10:59.393243: Pseudo dice [np.float32(0.8144)]
2026-06-12 12:10:59.393408: Epoch time: 53.25 s
2026-06-12 12:11:01.142872: 
2026-06-12 12:11:01.143325: Epoch 73
2026-06-12 12:11:01.143571: Current learning rate: 0.00733
2026-06-12 12:11:54.324098: train_loss -0.6396
2026-06-12 12:11:54.324630: val_loss -0.3628
2026-06-12 12:11:54.324782: Pseudo dice [np.float32(0.7861)]
2026-06-12 12:11:54.324955: Epoch time: 53.18 s
2026-06-12 12:11:56.084455: 
2026-06-12 12:11:56.085023: Epoch 74
2026-06-12 12:11:56.085293: Current learning rate: 0.00729
2026-06-12 12:12:49.509456: train_loss -0.6401
2026-06-12 12:12:49.509998: val_loss -0.5154
2026-06-12 12:12:49.510148: Pseudo dice [np.float32(0.8312)]
2026-06-12 12:12:49.510318: Epoch time: 53.43 s
2026-06-12 12:12:51.260464: 
2026-06-12 12:12:51.260812: Epoch 75
2026-06-12 12:12:51.261004: Current learning rate: 0.00725
2026-06-12 12:13:44.559664: train_loss -0.6399
2026-06-12 12:13:44.560313: val_loss -0.4849
2026-06-12 12:13:44.560466: Pseudo dice [np.float32(0.8273)]
2026-06-12 12:13:44.560650: Epoch time: 53.3 s
2026-06-12 12:13:44.560786: Yayy! New best EMA pseudo Dice: 0.8019999861717224
2026-06-12 12:13:46.923972: 
2026-06-12 12:13:46.924539: Epoch 76
2026-06-12 12:13:46.924827: Current learning rate: 0.00722
2026-06-12 12:14:40.168842: train_loss -0.6574
2026-06-12 12:14:40.169586: val_loss -0.4363
2026-06-12 12:14:40.169760: Pseudo dice [np.float32(0.8179)]
2026-06-12 12:14:40.169935: Epoch time: 53.25 s
2026-06-12 12:14:40.170077: Yayy! New best EMA pseudo Dice: 0.803600013256073
2026-06-12 12:14:42.525458: 
2026-06-12 12:14:42.526050: Epoch 77
2026-06-12 12:14:42.526339: Current learning rate: 0.00718
2026-06-12 12:15:35.851407: train_loss -0.6383
2026-06-12 12:15:35.851973: val_loss -0.4321
2026-06-12 12:15:35.852126: Pseudo dice [np.float32(0.8125)]
2026-06-12 12:15:35.852304: Epoch time: 53.33 s
2026-06-12 12:15:35.852444: Yayy! New best EMA pseudo Dice: 0.8044999837875366
2026-06-12 12:15:38.718474: 
2026-06-12 12:15:38.718958: Epoch 78
2026-06-12 12:15:38.719153: Current learning rate: 0.00714
2026-06-12 12:16:31.978610: train_loss -0.6516
2026-06-12 12:16:31.979156: val_loss -0.345
2026-06-12 12:16:31.979305: Pseudo dice [np.float32(0.7796)]
2026-06-12 12:16:31.979484: Epoch time: 53.26 s
2026-06-12 12:16:33.768785: 
2026-06-12 12:16:33.769428: Epoch 79
2026-06-12 12:16:33.769827: Current learning rate: 0.0071
2026-06-12 12:17:27.111024: train_loss -0.6233
2026-06-12 12:17:27.111834: val_loss -0.3429
2026-06-12 12:17:27.111984: Pseudo dice [np.float32(0.7876)]
2026-06-12 12:17:27.112156: Epoch time: 53.35 s
2026-06-12 12:17:28.896113: 
2026-06-12 12:17:28.896485: Epoch 80
2026-06-12 12:17:28.896693: Current learning rate: 0.00707
2026-06-12 12:18:22.337553: train_loss -0.6243
2026-06-12 12:18:22.338246: val_loss -0.4625
2026-06-12 12:18:22.338412: Pseudo dice [np.float32(0.8044)]
2026-06-12 12:18:22.338596: Epoch time: 53.44 s
2026-06-12 12:18:24.112889: 
2026-06-12 12:18:24.113324: Epoch 81
2026-06-12 12:18:24.113522: Current learning rate: 0.00703
2026-06-12 12:19:17.442440: train_loss -0.6343
2026-06-12 12:19:17.442970: val_loss -0.4371
2026-06-12 12:19:17.443123: Pseudo dice [np.float32(0.8063)]
2026-06-12 12:19:17.443295: Epoch time: 53.33 s
2026-06-12 12:19:19.220586: 
2026-06-12 12:19:19.221180: Epoch 82
2026-06-12 12:19:19.221376: Current learning rate: 0.00699
2026-06-12 12:20:12.658852: train_loss -0.6426
2026-06-12 12:20:12.659380: val_loss -0.3156
2026-06-12 12:20:12.659536: Pseudo dice [np.float32(0.7761)]
2026-06-12 12:20:12.659715: Epoch time: 53.44 s
2026-06-12 12:20:14.371166: 
2026-06-12 12:20:14.371661: Epoch 83
2026-06-12 12:20:14.371872: Current learning rate: 0.00696
2026-06-12 12:21:07.720586: train_loss -0.6394
2026-06-12 12:21:07.721116: val_loss -0.3776
2026-06-12 12:21:07.721271: Pseudo dice [np.float32(0.8037)]
2026-06-12 12:21:07.721445: Epoch time: 53.35 s
2026-06-12 12:21:09.434292: 
2026-06-12 12:21:09.434766: Epoch 84
2026-06-12 12:21:09.434942: Current learning rate: 0.00692
2026-06-12 12:22:02.713229: train_loss -0.6334
2026-06-12 12:22:02.713889: val_loss -0.4754
2026-06-12 12:22:02.714059: Pseudo dice [np.float32(0.808)]
2026-06-12 12:22:02.714235: Epoch time: 53.28 s
2026-06-12 12:22:04.430992: 
2026-06-12 12:22:04.431382: Epoch 85
2026-06-12 12:22:04.431573: Current learning rate: 0.00688
2026-06-12 12:22:57.734447: train_loss -0.6373
2026-06-12 12:22:57.734941: val_loss -0.4345
2026-06-12 12:22:57.735087: Pseudo dice [np.float32(0.8037)]
2026-06-12 12:22:57.735257: Epoch time: 53.31 s
2026-06-12 12:22:59.455193: 
2026-06-12 12:22:59.455687: Epoch 86
2026-06-12 12:22:59.455912: Current learning rate: 0.00684
2026-06-12 12:23:52.879845: train_loss -0.6544
2026-06-12 12:23:52.880354: val_loss -0.3944
2026-06-12 12:23:52.880506: Pseudo dice [np.float32(0.7866)]
2026-06-12 12:23:52.880689: Epoch time: 53.43 s
2026-06-12 12:23:55.054177: 
2026-06-12 12:23:55.054680: Epoch 87
2026-06-12 12:23:55.054878: Current learning rate: 0.0068
2026-06-12 12:24:48.351429: train_loss -0.6311
2026-06-12 12:24:48.352011: val_loss -0.4099
2026-06-12 12:24:48.352167: Pseudo dice [np.float32(0.7931)]
2026-06-12 12:24:48.352337: Epoch time: 53.3 s
2026-06-12 12:24:50.082739: 
2026-06-12 12:24:50.083275: Epoch 88
2026-06-12 12:24:50.083573: Current learning rate: 0.00677
2026-06-12 12:25:43.314503: train_loss -0.65
2026-06-12 12:25:43.315124: val_loss -0.4908
2026-06-12 12:25:43.315272: Pseudo dice [np.float32(0.8194)]
2026-06-12 12:25:43.315441: Epoch time: 53.24 s
2026-06-12 12:25:45.030058: 
2026-06-12 12:25:45.030519: Epoch 89
2026-06-12 12:25:45.030700: Current learning rate: 0.00673
2026-06-12 12:26:38.319044: train_loss -0.6416
2026-06-12 12:26:38.319558: val_loss -0.3871
2026-06-12 12:26:38.319726: Pseudo dice [np.float32(0.7924)]
2026-06-12 12:26:38.319913: Epoch time: 53.29 s
2026-06-12 12:26:40.038915: 
2026-06-12 12:26:40.039365: Epoch 90
2026-06-12 12:26:40.039563: Current learning rate: 0.00669
2026-06-12 12:27:33.543191: train_loss -0.6488
2026-06-12 12:27:33.547326: val_loss -0.3638
2026-06-12 12:27:33.547508: Pseudo dice [np.float32(0.7836)]
2026-06-12 12:27:33.547695: Epoch time: 53.51 s
2026-06-12 12:27:35.284273: 
2026-06-12 12:27:35.284776: Epoch 91
2026-06-12 12:27:35.284961: Current learning rate: 0.00665
2026-06-12 12:28:28.756572: train_loss -0.6552
2026-06-12 12:28:28.757260: val_loss -0.36
2026-06-12 12:28:28.757421: Pseudo dice [np.float32(0.7889)]
2026-06-12 12:28:28.757605: Epoch time: 53.48 s
2026-06-12 12:28:30.490576: 
2026-06-12 12:28:30.491027: Epoch 92
2026-06-12 12:28:30.491205: Current learning rate: 0.00662
2026-06-12 12:29:23.854960: train_loss -0.6416
2026-06-12 12:29:23.855563: val_loss -0.3221
2026-06-12 12:29:23.855723: Pseudo dice [np.float32(0.7914)]
2026-06-12 12:29:23.855894: Epoch time: 53.37 s
2026-06-12 12:29:25.582213: 
2026-06-12 12:29:25.582770: Epoch 93
2026-06-12 12:29:25.583063: Current learning rate: 0.00658
2026-06-12 12:30:18.933862: train_loss -0.6451
2026-06-12 12:30:18.934389: val_loss -0.4395
2026-06-12 12:30:18.934566: Pseudo dice [np.float32(0.8109)]
2026-06-12 12:30:18.934741: Epoch time: 53.35 s
2026-06-12 12:30:20.653978: 
2026-06-12 12:30:20.654406: Epoch 94
2026-06-12 12:30:20.654590: Current learning rate: 0.00654
2026-06-12 12:31:13.945558: train_loss -0.6549
2026-06-12 12:31:13.946259: val_loss -0.3973
2026-06-12 12:31:13.946417: Pseudo dice [np.float32(0.7989)]
2026-06-12 12:31:13.946600: Epoch time: 53.29 s
2026-06-12 12:31:15.681099: 
2026-06-12 12:31:15.681571: Epoch 95
2026-06-12 12:31:15.681766: Current learning rate: 0.0065
2026-06-12 12:32:08.914228: train_loss -0.6405
2026-06-12 12:32:08.914810: val_loss -0.3947
2026-06-12 12:32:08.914965: Pseudo dice [np.float32(0.7907)]
2026-06-12 12:32:08.915139: Epoch time: 53.24 s
2026-06-12 12:32:10.647548: 
2026-06-12 12:32:10.648004: Epoch 96
2026-06-12 12:32:10.648250: Current learning rate: 0.00647
2026-06-12 12:33:03.916101: train_loss -0.6196
2026-06-12 12:33:03.916675: val_loss -0.3833
2026-06-12 12:33:03.916832: Pseudo dice [np.float32(0.8015)]
2026-06-12 12:33:03.917004: Epoch time: 53.27 s
2026-06-12 12:33:06.145121: 
2026-06-12 12:33:06.145735: Epoch 97
2026-06-12 12:33:06.146031: Current learning rate: 0.00643
2026-06-12 12:33:59.397319: train_loss -0.6649
2026-06-12 12:33:59.398050: val_loss -0.3409
2026-06-12 12:33:59.398230: Pseudo dice [np.float32(0.7855)]
2026-06-12 12:33:59.398407: Epoch time: 53.26 s
2026-06-12 12:34:01.136602: 
2026-06-12 12:34:01.137134: Epoch 98
2026-06-12 12:34:01.137353: Current learning rate: 0.00639
2026-06-12 12:34:54.351909: train_loss -0.6588
2026-06-12 12:34:54.352565: val_loss -0.3212
2026-06-12 12:34:54.352738: Pseudo dice [np.float32(0.7836)]
2026-06-12 12:34:54.352912: Epoch time: 53.22 s
2026-06-12 12:34:56.104998: 
2026-06-12 12:34:56.105650: Epoch 99
2026-06-12 12:34:56.105936: Current learning rate: 0.00635
2026-06-12 12:35:49.471627: train_loss -0.6672
2026-06-12 12:35:49.472367: val_loss -0.3865
2026-06-12 12:35:49.472568: Pseudo dice [np.float32(0.8098)]
2026-06-12 12:35:49.472749: Epoch time: 53.37 s
2026-06-12 12:35:51.761333: 
2026-06-12 12:35:51.761755: Epoch 100
2026-06-12 12:35:51.762044: Current learning rate: 0.00631
2026-06-12 12:36:45.134253: train_loss -0.6333
2026-06-12 12:36:45.134949: val_loss -0.378
2026-06-12 12:36:45.135103: Pseudo dice [np.float32(0.7884)]
2026-06-12 12:36:45.135277: Epoch time: 53.38 s
2026-06-12 12:36:46.893808: 
2026-06-12 12:36:46.894339: Epoch 101
2026-06-12 12:36:46.894578: Current learning rate: 0.00628
2026-06-12 12:37:40.126446: train_loss -0.6448
2026-06-12 12:37:40.127106: val_loss -0.4761
2026-06-12 12:37:40.127263: Pseudo dice [np.float32(0.8284)]
2026-06-12 12:37:40.127434: Epoch time: 53.24 s
2026-06-12 12:37:41.877627: 
2026-06-12 12:37:41.878102: Epoch 102
2026-06-12 12:37:41.878424: Current learning rate: 0.00624
2026-06-12 12:38:35.194069: train_loss -0.6448
2026-06-12 12:38:35.194640: val_loss -0.4157
2026-06-12 12:38:35.194803: Pseudo dice [np.float32(0.801)]
2026-06-12 12:38:35.194979: Epoch time: 53.32 s
2026-06-12 12:38:36.946221: 
2026-06-12 12:38:36.946800: Epoch 103
2026-06-12 12:38:36.947111: Current learning rate: 0.0062
2026-06-12 12:39:30.276507: train_loss -0.6574
2026-06-12 12:39:30.277173: val_loss -0.4045
2026-06-12 12:39:30.277326: Pseudo dice [np.float32(0.8038)]
2026-06-12 12:39:30.277504: Epoch time: 53.33 s
2026-06-12 12:39:32.053074: 
2026-06-12 12:39:32.054122: Epoch 104
2026-06-12 12:39:32.054870: Current learning rate: 0.00616
2026-06-12 12:40:25.455119: train_loss -0.6478
2026-06-12 12:40:25.455819: val_loss -0.4833
2026-06-12 12:40:25.456145: Pseudo dice [np.float32(0.8191)]
2026-06-12 12:40:25.456487: Epoch time: 53.41 s
2026-06-12 12:40:27.228944: 
2026-06-12 12:40:27.229788: Epoch 105
2026-06-12 12:40:27.230100: Current learning rate: 0.00612
2026-06-12 12:41:20.694473: train_loss -0.6677
2026-06-12 12:41:20.695001: val_loss -0.5102
2026-06-12 12:41:20.695153: Pseudo dice [np.float32(0.8372)]
2026-06-12 12:41:20.695330: Epoch time: 53.47 s
2026-06-12 12:41:20.695475: Yayy! New best EMA pseudo Dice: 0.8052999973297119
2026-06-12 12:41:23.451003: 
2026-06-12 12:41:23.451668: Epoch 106
2026-06-12 12:41:23.451970: Current learning rate: 0.00609
2026-06-12 12:42:16.846054: train_loss -0.6664
2026-06-12 12:42:16.846739: val_loss -0.4425
2026-06-12 12:42:16.846894: Pseudo dice [np.float32(0.8161)]
2026-06-12 12:42:16.847081: Epoch time: 53.4 s
2026-06-12 12:42:16.847234: Yayy! New best EMA pseudo Dice: 0.8064000010490417
2026-06-12 12:42:19.125019: 
2026-06-12 12:42:19.125653: Epoch 107
2026-06-12 12:42:19.125878: Current learning rate: 0.00605
2026-06-12 12:43:12.802755: train_loss -0.6521
2026-06-12 12:43:12.803375: val_loss -0.4677
2026-06-12 12:43:12.803564: Pseudo dice [np.float32(0.8026)]
2026-06-12 12:43:12.803744: Epoch time: 53.68 s
2026-06-12 12:43:14.574899: 
2026-06-12 12:43:14.575449: Epoch 108
2026-06-12 12:43:14.575803: Current learning rate: 0.00601
2026-06-12 12:44:07.802451: train_loss -0.6441
2026-06-12 12:44:07.802933: val_loss -0.5058
2026-06-12 12:44:07.803080: Pseudo dice [np.float32(0.8122)]
2026-06-12 12:44:07.803256: Epoch time: 53.23 s
2026-06-12 12:44:07.803391: Yayy! New best EMA pseudo Dice: 0.8065999746322632
2026-06-12 12:44:10.082508: 
2026-06-12 12:44:10.082981: Epoch 109
2026-06-12 12:44:10.083172: Current learning rate: 0.00597
2026-06-12 12:45:03.362397: train_loss -0.6505
2026-06-12 12:45:03.362940: val_loss -0.2784
2026-06-12 12:45:03.363091: Pseudo dice [np.float32(0.7792)]
2026-06-12 12:45:03.363263: Epoch time: 53.28 s
2026-06-12 12:45:05.123959: 
2026-06-12 12:45:05.124511: Epoch 110
2026-06-12 12:45:05.124811: Current learning rate: 0.00593
2026-06-12 12:45:58.423764: train_loss -0.6529
2026-06-12 12:45:58.424327: val_loss -0.4722
2026-06-12 12:45:58.424476: Pseudo dice [np.float32(0.8186)]
2026-06-12 12:45:58.424654: Epoch time: 53.3 s
2026-06-12 12:46:00.197072: 
2026-06-12 12:46:00.197598: Epoch 111
2026-06-12 12:46:00.197879: Current learning rate: 0.0059
2026-06-12 12:46:53.556849: train_loss -0.6573
2026-06-12 12:46:53.557389: val_loss -0.4325
2026-06-12 12:46:53.557557: Pseudo dice [np.float32(0.8147)]
2026-06-12 12:46:53.558317: Epoch time: 53.36 s
2026-06-12 12:46:55.291728: 
2026-06-12 12:46:55.292170: Epoch 112
2026-06-12 12:46:55.292461: Current learning rate: 0.00586
2026-06-12 12:47:48.548225: train_loss -0.6609
2026-06-12 12:47:48.548862: val_loss -0.3691
2026-06-12 12:47:48.549011: Pseudo dice [np.float32(0.7963)]
2026-06-12 12:47:48.549181: Epoch time: 53.26 s
2026-06-12 12:47:50.277645: 
2026-06-12 12:47:50.277961: Epoch 113
2026-06-12 12:47:50.278171: Current learning rate: 0.00582
2026-06-12 12:48:43.671999: train_loss -0.6678
2026-06-12 12:48:43.672691: val_loss -0.3527
2026-06-12 12:48:43.672863: Pseudo dice [np.float32(0.7839)]
2026-06-12 12:48:43.673051: Epoch time: 53.4 s
2026-06-12 12:48:45.409985: 
2026-06-12 12:48:45.410447: Epoch 114
2026-06-12 12:48:45.410637: Current learning rate: 0.00578
2026-06-12 12:49:38.662106: train_loss -0.6468
2026-06-12 12:49:38.662653: val_loss -0.3803
2026-06-12 12:49:38.662804: Pseudo dice [np.float32(0.7987)]
2026-06-12 12:49:38.662977: Epoch time: 53.26 s
2026-06-12 12:49:40.838059: 
2026-06-12 12:49:40.838648: Epoch 115
2026-06-12 12:49:40.838870: Current learning rate: 0.00574
2026-06-12 12:50:34.095866: train_loss -0.657
2026-06-12 12:50:34.096542: val_loss -0.31
2026-06-12 12:50:34.096700: Pseudo dice [np.float32(0.777)]
2026-06-12 12:50:34.096874: Epoch time: 53.26 s
2026-06-12 12:50:35.854423: 
2026-06-12 12:50:35.855043: Epoch 116
2026-06-12 12:50:35.855358: Current learning rate: 0.0057
2026-06-12 12:51:29.219960: train_loss -0.6433
2026-06-12 12:51:29.220478: val_loss -0.4197
2026-06-12 12:51:29.220648: Pseudo dice [np.float32(0.8151)]
2026-06-12 12:51:29.220822: Epoch time: 53.37 s
2026-06-12 12:51:30.979864: 
2026-06-12 12:51:30.980423: Epoch 117
2026-06-12 12:51:30.980799: Current learning rate: 0.00567
2026-06-12 12:52:24.440547: train_loss -0.6514
2026-06-12 12:52:24.441034: val_loss -0.4189
2026-06-12 12:52:24.441185: Pseudo dice [np.float32(0.8081)]
2026-06-12 12:52:24.441358: Epoch time: 53.46 s
2026-06-12 12:52:26.195112: 
2026-06-12 12:52:26.195596: Epoch 118
2026-06-12 12:52:26.195780: Current learning rate: 0.00563
2026-06-12 12:53:19.576211: train_loss -0.6526
2026-06-12 12:53:19.578657: val_loss -0.3775
2026-06-12 12:53:19.578833: Pseudo dice [np.float32(0.7987)]
2026-06-12 12:53:19.579012: Epoch time: 53.38 s
2026-06-12 12:53:21.365672: 
2026-06-12 12:53:21.366630: Epoch 119
2026-06-12 12:53:21.367365: Current learning rate: 0.00559
2026-06-12 12:54:14.670220: train_loss -0.6645
2026-06-12 12:54:14.670810: val_loss -0.3142
2026-06-12 12:54:14.670968: Pseudo dice [np.float32(0.7814)]
2026-06-12 12:54:14.671164: Epoch time: 53.31 s
2026-06-12 12:54:16.438374: 
2026-06-12 12:54:16.439413: Epoch 120
2026-06-12 12:54:16.440013: Current learning rate: 0.00555
2026-06-12 12:55:09.785928: train_loss -0.6528
2026-06-12 12:55:09.786469: val_loss -0.3921
2026-06-12 12:55:09.786631: Pseudo dice [np.float32(0.8007)]
2026-06-12 12:55:09.786808: Epoch time: 53.35 s
2026-06-12 12:55:11.543355: 
2026-06-12 12:55:11.543902: Epoch 121
2026-06-12 12:55:11.544083: Current learning rate: 0.00551
2026-06-12 12:56:04.788119: train_loss -0.6654
2026-06-12 12:56:04.788655: val_loss -0.3873
2026-06-12 12:56:04.788806: Pseudo dice [np.float32(0.8116)]
2026-06-12 12:56:04.788976: Epoch time: 53.25 s
2026-06-12 12:56:06.545651: 
2026-06-12 12:56:06.546185: Epoch 122
2026-06-12 12:56:06.546401: Current learning rate: 0.00547
2026-06-12 12:56:59.926857: train_loss -0.6727
2026-06-12 12:56:59.927377: val_loss -0.1907
2026-06-12 12:56:59.927538: Pseudo dice [np.float32(0.7425)]
2026-06-12 12:56:59.927713: Epoch time: 53.38 s
2026-06-12 12:57:01.680608: 
2026-06-12 12:57:01.681185: Epoch 123
2026-06-12 12:57:01.681506: Current learning rate: 0.00544
2026-06-12 12:57:55.021821: train_loss -0.6606
2026-06-12 12:57:55.022372: val_loss -0.4311
2026-06-12 12:57:55.022533: Pseudo dice [np.float32(0.8113)]
2026-06-12 12:57:55.022710: Epoch time: 53.34 s
2026-06-12 12:57:57.255309: 
2026-06-12 12:57:57.255943: Epoch 124
2026-06-12 12:57:57.256265: Current learning rate: 0.0054
2026-06-12 12:58:50.481161: train_loss -0.6523
2026-06-12 12:58:50.481766: val_loss -0.3707
2026-06-12 12:58:50.481913: Pseudo dice [np.float32(0.7895)]
2026-06-12 12:58:50.482084: Epoch time: 53.23 s
2026-06-12 12:58:52.246329: 
2026-06-12 12:58:52.246938: Epoch 125
2026-06-12 12:58:52.247246: Current learning rate: 0.00536
2026-06-12 12:59:45.606200: train_loss -0.6564
2026-06-12 12:59:45.606729: val_loss -0.3302
2026-06-12 12:59:45.606882: Pseudo dice [np.float32(0.7768)]
2026-06-12 12:59:45.607054: Epoch time: 53.36 s
2026-06-12 12:59:47.366948: 
2026-06-12 12:59:47.367558: Epoch 126
2026-06-12 12:59:47.367863: Current learning rate: 0.00532
2026-06-12 13:00:40.641040: train_loss -0.6616
2026-06-12 13:00:40.641608: val_loss -0.3679
2026-06-12 13:00:40.641764: Pseudo dice [np.float32(0.7907)]
2026-06-12 13:00:40.641941: Epoch time: 53.28 s
2026-06-12 13:00:42.400428: 
2026-06-12 13:00:42.400853: Epoch 127
2026-06-12 13:00:42.401047: Current learning rate: 0.00528
2026-06-12 13:01:35.781676: train_loss -0.6635
2026-06-12 13:01:35.782277: val_loss -0.3657
2026-06-12 13:01:35.782427: Pseudo dice [np.float32(0.7921)]
2026-06-12 13:01:35.782612: Epoch time: 53.38 s
2026-06-12 13:01:37.551188: 
2026-06-12 13:01:37.551639: Epoch 128
2026-06-12 13:01:37.551822: Current learning rate: 0.00524
2026-06-12 13:02:31.009578: train_loss -0.6669
2026-06-12 13:02:31.010078: val_loss -0.4818
2026-06-12 13:02:31.010225: Pseudo dice [np.float32(0.8321)]
2026-06-12 13:02:31.010401: Epoch time: 53.46 s
2026-06-12 13:02:32.788166: 
2026-06-12 13:02:32.788667: Epoch 129
2026-06-12 13:02:32.788867: Current learning rate: 0.0052
2026-06-12 13:03:26.074422: train_loss -0.6542
2026-06-12 13:03:26.075107: val_loss -0.4628
2026-06-12 13:03:26.075267: Pseudo dice [np.float32(0.8194)]
2026-06-12 13:03:26.075446: Epoch time: 53.29 s
2026-06-12 13:03:27.854973: 
2026-06-12 13:03:27.855543: Epoch 130
2026-06-12 13:03:27.855849: Current learning rate: 0.00517
2026-06-12 13:04:21.109431: train_loss -0.6683
2026-06-12 13:04:21.110266: val_loss -0.394
2026-06-12 13:04:21.110468: Pseudo dice [np.float32(0.8073)]
2026-06-12 13:04:21.110660: Epoch time: 53.26 s
2026-06-12 13:04:22.897542: 
2026-06-12 13:04:22.898038: Epoch 131
2026-06-12 13:04:22.898230: Current learning rate: 0.00513
2026-06-12 13:05:16.189629: train_loss -0.6674
2026-06-12 13:05:16.190149: val_loss -0.4238
2026-06-12 13:05:16.190302: Pseudo dice [np.float32(0.8129)]
2026-06-12 13:05:16.190472: Epoch time: 53.3 s
2026-06-12 13:05:17.980963: 
2026-06-12 13:05:17.981471: Epoch 132
2026-06-12 13:05:17.981706: Current learning rate: 0.00509
2026-06-12 13:06:11.213006: train_loss -0.6618
2026-06-12 13:06:11.213575: val_loss -0.3965
2026-06-12 13:06:11.213728: Pseudo dice [np.float32(0.8024)]
2026-06-12 13:06:11.213906: Epoch time: 53.24 s
2026-06-12 13:06:13.433399: 
2026-06-12 13:06:13.433970: Epoch 133
2026-06-12 13:06:13.434260: Current learning rate: 0.00505
2026-06-12 13:07:06.697787: train_loss -0.672
2026-06-12 13:07:06.698356: val_loss -0.4192
2026-06-12 13:07:06.698518: Pseudo dice [np.float32(0.8021)]
2026-06-12 13:07:06.698696: Epoch time: 53.27 s
2026-06-12 13:07:08.471858: 
2026-06-12 13:07:08.472505: Epoch 134
2026-06-12 13:07:08.472812: Current learning rate: 0.00501
2026-06-12 13:08:01.690912: train_loss -0.6737
2026-06-12 13:08:01.691457: val_loss -0.3951
2026-06-12 13:08:01.691618: Pseudo dice [np.float32(0.7959)]
2026-06-12 13:08:01.691791: Epoch time: 53.22 s
2026-06-12 13:08:03.486555: 
2026-06-12 13:08:03.487080: Epoch 135
2026-06-12 13:08:03.487368: Current learning rate: 0.00497
2026-06-12 13:08:56.811861: train_loss -0.6803
2026-06-12 13:08:56.812445: val_loss -0.3225
2026-06-12 13:08:56.812616: Pseudo dice [np.float32(0.7777)]
2026-06-12 13:08:56.812810: Epoch time: 53.33 s
2026-06-12 13:08:58.609137: 
2026-06-12 13:08:58.609576: Epoch 136
2026-06-12 13:08:58.609772: Current learning rate: 0.00493
2026-06-12 13:09:51.919637: train_loss -0.6806
2026-06-12 13:09:51.920407: val_loss -0.3745
2026-06-12 13:09:51.920805: Pseudo dice [np.float32(0.8093)]
2026-06-12 13:09:51.921858: Epoch time: 53.31 s
2026-06-12 13:09:53.723649: 
2026-06-12 13:09:53.724189: Epoch 137
2026-06-12 13:09:53.724423: Current learning rate: 0.00489
2026-06-12 13:10:46.956338: train_loss -0.6589
2026-06-12 13:10:46.957085: val_loss -0.4529
2026-06-12 13:10:46.957235: Pseudo dice [np.float32(0.8259)]
2026-06-12 13:10:46.957407: Epoch time: 53.24 s
2026-06-12 13:10:48.772964: 
2026-06-12 13:10:48.773504: Epoch 138
2026-06-12 13:10:48.773798: Current learning rate: 0.00485
2026-06-12 13:11:42.203481: train_loss -0.6736
2026-06-12 13:11:42.204097: val_loss -0.401
2026-06-12 13:11:42.204267: Pseudo dice [np.float32(0.8055)]
2026-06-12 13:11:42.204440: Epoch time: 53.43 s
2026-06-12 13:11:44.001807: 
2026-06-12 13:11:44.002369: Epoch 139
2026-06-12 13:11:44.002679: Current learning rate: 0.00482
2026-06-12 13:12:37.496144: train_loss -0.6767
2026-06-12 13:12:37.496890: val_loss -0.5284
2026-06-12 13:12:37.497059: Pseudo dice [np.float32(0.8431)]
2026-06-12 13:12:37.497234: Epoch time: 53.5 s
2026-06-12 13:12:37.497374: Yayy! New best EMA pseudo Dice: 0.8068000078201294
2026-06-12 13:12:39.824064: 
2026-06-12 13:12:39.824610: Epoch 140
2026-06-12 13:12:39.824801: Current learning rate: 0.00478
2026-06-12 13:13:33.221005: train_loss -0.6735
2026-06-12 13:13:33.221522: val_loss -0.4566
2026-06-12 13:13:33.221683: Pseudo dice [np.float32(0.8133)]
2026-06-12 13:13:33.221861: Epoch time: 53.4 s
2026-06-12 13:13:33.221992: Yayy! New best EMA pseudo Dice: 0.8075000047683716
2026-06-12 13:13:35.563182: 
2026-06-12 13:13:35.563648: Epoch 141
2026-06-12 13:13:35.563838: Current learning rate: 0.00474
2026-06-12 13:14:28.848933: train_loss -0.6718
2026-06-12 13:14:28.849487: val_loss -0.3799
2026-06-12 13:14:28.849663: Pseudo dice [np.float32(0.8078)]
2026-06-12 13:14:28.849841: Epoch time: 53.29 s
2026-06-12 13:14:28.849974: Yayy! New best EMA pseudo Dice: 0.8075000047683716
2026-06-12 13:14:31.637551: 
2026-06-12 13:14:31.638082: Epoch 142
2026-06-12 13:14:31.638371: Current learning rate: 0.0047
2026-06-12 13:15:24.944777: train_loss -0.661
2026-06-12 13:15:24.945303: val_loss -0.4597
2026-06-12 13:15:24.945456: Pseudo dice [np.float32(0.8134)]
2026-06-12 13:15:24.945643: Epoch time: 53.31 s
2026-06-12 13:15:24.945778: Yayy! New best EMA pseudo Dice: 0.8080999851226807
2026-06-12 13:15:27.302971: 
2026-06-12 13:15:27.303516: Epoch 143
2026-06-12 13:15:27.303727: Current learning rate: 0.00466
2026-06-12 13:16:20.617600: train_loss -0.6676
2026-06-12 13:16:20.618137: val_loss -0.3589
2026-06-12 13:16:20.618290: Pseudo dice [np.float32(0.7993)]
2026-06-12 13:16:20.618464: Epoch time: 53.32 s
2026-06-12 13:16:22.407289: 
2026-06-12 13:16:22.407796: Epoch 144
2026-06-12 13:16:22.407989: Current learning rate: 0.00462
2026-06-12 13:17:15.790778: train_loss -0.6763
2026-06-12 13:17:15.791474: val_loss -0.4235
2026-06-12 13:17:15.791659: Pseudo dice [np.float32(0.8183)]
2026-06-12 13:17:15.791863: Epoch time: 53.39 s
2026-06-12 13:17:15.792006: Yayy! New best EMA pseudo Dice: 0.8083000183105469
2026-06-12 13:17:18.134700: 
2026-06-12 13:17:18.135893: Epoch 145
2026-06-12 13:17:18.136479: Current learning rate: 0.00458
2026-06-12 13:18:11.572384: train_loss -0.659
2026-06-12 13:18:11.572956: val_loss -0.3104
2026-06-12 13:18:11.573111: Pseudo dice [np.float32(0.7771)]
2026-06-12 13:18:11.573286: Epoch time: 53.44 s
2026-06-12 13:18:13.370140: 
2026-06-12 13:18:13.370736: Epoch 146
2026-06-12 13:18:13.370912: Current learning rate: 0.00454
2026-06-12 13:19:06.737259: train_loss -0.6606
2026-06-12 13:19:06.738726: val_loss -0.4651
2026-06-12 13:19:06.738894: Pseudo dice [np.float32(0.8125)]
2026-06-12 13:19:06.739196: Epoch time: 53.37 s
2026-06-12 13:19:08.529519: 
2026-06-12 13:19:08.529958: Epoch 147
2026-06-12 13:19:08.530140: Current learning rate: 0.0045
2026-06-12 13:20:01.823571: train_loss -0.6695
2026-06-12 13:20:01.824217: val_loss -0.4534
2026-06-12 13:20:01.824394: Pseudo dice [np.float32(0.8077)]
2026-06-12 13:20:01.824581: Epoch time: 53.3 s
2026-06-12 13:20:03.612248: 
2026-06-12 13:20:03.612763: Epoch 148
2026-06-12 13:20:03.613010: Current learning rate: 0.00446
2026-06-12 13:20:56.849647: train_loss -0.6689
2026-06-12 13:20:56.850084: val_loss -0.322
2026-06-12 13:20:56.850235: Pseudo dice [np.float32(0.7959)]
2026-06-12 13:20:56.850410: Epoch time: 53.24 s
2026-06-12 13:20:58.649150: 
2026-06-12 13:20:58.649801: Epoch 149
2026-06-12 13:20:58.650136: Current learning rate: 0.00442
2026-06-12 13:21:51.914012: train_loss -0.675
2026-06-12 13:21:51.914629: val_loss -0.3939
2026-06-12 13:21:51.914811: Pseudo dice [np.float32(0.8039)]
2026-06-12 13:21:51.914991: Epoch time: 53.27 s
2026-06-12 13:21:54.678796: 
2026-06-12 13:21:54.679530: Epoch 150
2026-06-12 13:21:54.679844: Current learning rate: 0.00438
2026-06-12 13:22:48.029190: train_loss -0.6816
2026-06-12 13:22:48.029883: val_loss -0.5443
2026-06-12 13:22:48.030155: Pseudo dice [np.float32(0.845)]
2026-06-12 13:22:48.030349: Epoch time: 53.35 s
2026-06-12 13:22:48.030489: Yayy! New best EMA pseudo Dice: 0.8090000152587891
2026-06-12 13:22:50.358434: 
2026-06-12 13:22:50.359049: Epoch 151
2026-06-12 13:22:50.359344: Current learning rate: 0.00434
2026-06-12 13:23:43.743468: train_loss -0.6666
2026-06-12 13:23:43.744040: val_loss -0.4027
2026-06-12 13:23:43.744197: Pseudo dice [np.float32(0.7927)]
2026-06-12 13:23:43.744374: Epoch time: 53.39 s
2026-06-12 13:23:45.541156: 
2026-06-12 13:23:45.541713: Epoch 152
2026-06-12 13:23:45.542018: Current learning rate: 0.0043
2026-06-12 13:24:38.934320: train_loss -0.6694
2026-06-12 13:24:38.934934: val_loss -0.4368
2026-06-12 13:24:38.935087: Pseudo dice [np.float32(0.8183)]
2026-06-12 13:24:38.935265: Epoch time: 53.4 s
2026-06-12 13:24:40.744777: 
2026-06-12 13:24:40.745556: Epoch 153
2026-06-12 13:24:40.745869: Current learning rate: 0.00427
2026-06-12 13:25:34.079134: train_loss -0.6764
2026-06-12 13:25:34.079707: val_loss -0.5032
2026-06-12 13:25:34.079859: Pseudo dice [np.float32(0.8239)]
2026-06-12 13:25:34.080033: Epoch time: 53.34 s
2026-06-12 13:25:34.080176: Yayy! New best EMA pseudo Dice: 0.8100000023841858
2026-06-12 13:25:36.451741: 
2026-06-12 13:25:36.452209: Epoch 154
2026-06-12 13:25:36.452387: Current learning rate: 0.00423
2026-06-12 13:26:29.885307: train_loss -0.6617
2026-06-12 13:26:29.885872: val_loss -0.4532
2026-06-12 13:26:29.886026: Pseudo dice [np.float32(0.8127)]
2026-06-12 13:26:29.886198: Epoch time: 53.44 s
2026-06-12 13:26:29.886333: Yayy! New best EMA pseudo Dice: 0.8102999925613403
2026-06-12 13:26:32.233480: 
2026-06-12 13:26:32.234088: Epoch 155
2026-06-12 13:26:32.234395: Current learning rate: 0.00419
2026-06-12 13:27:25.651669: train_loss -0.6776
2026-06-12 13:27:25.652165: val_loss -0.4359
2026-06-12 13:27:25.652323: Pseudo dice [np.float32(0.821)]
2026-06-12 13:27:25.652495: Epoch time: 53.42 s
2026-06-12 13:27:25.652639: Yayy! New best EMA pseudo Dice: 0.8112999796867371
2026-06-12 13:27:28.013261: 
2026-06-12 13:27:28.013780: Epoch 156
2026-06-12 13:27:28.014062: Current learning rate: 0.00415
2026-06-12 13:28:21.412930: train_loss -0.6744
2026-06-12 13:28:21.413799: val_loss -0.3571
2026-06-12 13:28:21.413957: Pseudo dice [np.float32(0.8038)]
2026-06-12 13:28:21.414131: Epoch time: 53.4 s
2026-06-12 13:28:23.243627: 
2026-06-12 13:28:23.244072: Epoch 157
2026-06-12 13:28:23.244258: Current learning rate: 0.00411
2026-06-12 13:29:16.654679: train_loss -0.6707
2026-06-12 13:29:16.655328: val_loss -0.4385
2026-06-12 13:29:16.655513: Pseudo dice [np.float32(0.8083)]
2026-06-12 13:29:16.655714: Epoch time: 53.41 s
2026-06-12 13:29:18.921479: 
2026-06-12 13:29:18.921876: Epoch 158
2026-06-12 13:29:18.922118: Current learning rate: 0.00407
2026-06-12 13:30:12.361307: train_loss -0.6664
2026-06-12 13:30:12.362016: val_loss -0.3551
2026-06-12 13:30:12.362168: Pseudo dice [np.float32(0.8075)]
2026-06-12 13:30:12.362345: Epoch time: 53.44 s
2026-06-12 13:30:14.190735: 
2026-06-12 13:30:14.191416: Epoch 159
2026-06-12 13:30:14.191727: Current learning rate: 0.00403
2026-06-12 13:31:07.590990: train_loss -0.6459
2026-06-12 13:31:07.591999: val_loss -0.4104
2026-06-12 13:31:07.592158: Pseudo dice [np.float32(0.8141)]
2026-06-12 13:31:07.593135: Epoch time: 53.4 s
2026-06-12 13:31:09.464859: 
2026-06-12 13:31:09.465946: Epoch 160
2026-06-12 13:31:09.466704: Current learning rate: 0.00399
2026-06-12 13:32:02.938135: train_loss -0.6588
2026-06-12 13:32:02.938636: val_loss -0.4882
2026-06-12 13:32:02.938781: Pseudo dice [np.float32(0.8224)]
2026-06-12 13:32:02.938964: Epoch time: 53.48 s
2026-06-12 13:32:02.939106: Yayy! New best EMA pseudo Dice: 0.8116999864578247
2026-06-12 13:32:05.313228: 
2026-06-12 13:32:05.314129: Epoch 161
2026-06-12 13:32:05.314324: Current learning rate: 0.00395
2026-06-12 13:32:58.772399: train_loss -0.6772
2026-06-12 13:32:58.773106: val_loss -0.4239
2026-06-12 13:32:58.773265: Pseudo dice [np.float32(0.8086)]
2026-06-12 13:32:58.773455: Epoch time: 53.46 s
2026-06-12 13:33:00.596723: 
2026-06-12 13:33:00.597255: Epoch 162
2026-06-12 13:33:00.597467: Current learning rate: 0.00391
2026-06-12 13:33:54.040884: train_loss -0.6749
2026-06-12 13:33:54.044895: val_loss -0.4652
2026-06-12 13:33:54.045050: Pseudo dice [np.float32(0.8252)]
2026-06-12 13:33:54.045248: Epoch time: 53.45 s
2026-06-12 13:33:54.045388: Yayy! New best EMA pseudo Dice: 0.8126999735832214
2026-06-12 13:33:56.470836: 
2026-06-12 13:33:56.471293: Epoch 163
2026-06-12 13:33:56.471498: Current learning rate: 0.00387
2026-06-12 13:34:49.771500: train_loss -0.6768
2026-06-12 13:34:49.772206: val_loss -0.2635
2026-06-12 13:34:49.772389: Pseudo dice [np.float32(0.7706)]
2026-06-12 13:34:49.772582: Epoch time: 53.3 s
2026-06-12 13:34:51.592716: 
2026-06-12 13:34:51.593247: Epoch 164
2026-06-12 13:34:51.593730: Current learning rate: 0.00383
2026-06-12 13:35:44.784714: train_loss -0.6884
2026-06-12 13:35:44.785321: val_loss -0.4974
2026-06-12 13:35:44.785479: Pseudo dice [np.float32(0.8372)]
2026-06-12 13:35:44.785659: Epoch time: 53.2 s
2026-06-12 13:35:46.585098: 
2026-06-12 13:35:46.585562: Epoch 165
2026-06-12 13:35:46.585790: Current learning rate: 0.00379
2026-06-12 13:36:39.879340: train_loss -0.6819
2026-06-12 13:36:39.879914: val_loss -0.3924
2026-06-12 13:36:39.880060: Pseudo dice [np.float32(0.8065)]
2026-06-12 13:36:39.880232: Epoch time: 53.3 s
2026-06-12 13:36:41.665831: 
2026-06-12 13:36:41.666201: Epoch 166
2026-06-12 13:36:41.666375: Current learning rate: 0.00375
2026-06-12 13:37:35.033253: train_loss -0.6839
2026-06-12 13:37:35.033856: val_loss -0.3902
2026-06-12 13:37:35.034010: Pseudo dice [np.float32(0.8036)]
2026-06-12 13:37:35.034185: Epoch time: 53.37 s
2026-06-12 13:37:37.296925: 
2026-06-12 13:37:37.297382: Epoch 167
2026-06-12 13:37:37.297576: Current learning rate: 0.00371
2026-06-12 13:38:30.604314: train_loss -0.6841
2026-06-12 13:38:30.604946: val_loss -0.4756
2026-06-12 13:38:30.605100: Pseudo dice [np.float32(0.8336)]
2026-06-12 13:38:30.605272: Epoch time: 53.31 s
2026-06-12 13:38:32.422944: 
2026-06-12 13:38:32.423556: Epoch 168
2026-06-12 13:38:32.423895: Current learning rate: 0.00367
2026-06-12 13:39:25.652201: train_loss -0.6712
2026-06-12 13:39:25.652851: val_loss -0.4934
2026-06-12 13:39:25.653013: Pseudo dice [np.float32(0.8276)]
2026-06-12 13:39:25.653197: Epoch time: 53.23 s
2026-06-12 13:39:25.653337: Yayy! New best EMA pseudo Dice: 0.8140000104904175
2026-06-12 13:39:28.011254: 
2026-06-12 13:39:28.011818: Epoch 169
2026-06-12 13:39:28.012105: Current learning rate: 0.00363
2026-06-12 13:40:21.336827: train_loss -0.6772
2026-06-12 13:40:21.337402: val_loss -0.4102
2026-06-12 13:40:21.337567: Pseudo dice [np.float32(0.8049)]
2026-06-12 13:40:21.337746: Epoch time: 53.33 s
2026-06-12 13:40:23.151531: 
2026-06-12 13:40:23.152114: Epoch 170
2026-06-12 13:40:23.152447: Current learning rate: 0.00359
2026-06-12 13:41:16.691060: train_loss -0.6703
2026-06-12 13:41:16.691763: val_loss -0.4004
2026-06-12 13:41:16.691919: Pseudo dice [np.float32(0.8086)]
2026-06-12 13:41:16.692099: Epoch time: 53.54 s
2026-06-12 13:41:18.503434: 
2026-06-12 13:41:18.503999: Epoch 171
2026-06-12 13:41:18.504189: Current learning rate: 0.00355
2026-06-12 13:42:11.859301: train_loss -0.6759
2026-06-12 13:42:11.860114: val_loss -0.3562
2026-06-12 13:42:11.860304: Pseudo dice [np.float32(0.8043)]
2026-06-12 13:42:11.860481: Epoch time: 53.36 s
2026-06-12 13:42:13.697442: 
2026-06-12 13:42:13.698109: Epoch 172
2026-06-12 13:42:13.698765: Current learning rate: 0.00351
2026-06-12 13:43:07.157858: train_loss -0.684
2026-06-12 13:43:07.158379: val_loss -0.4014
2026-06-12 13:43:07.158524: Pseudo dice [np.float32(0.8049)]
2026-06-12 13:43:07.158716: Epoch time: 53.46 s
2026-06-12 13:43:08.986810: 
2026-06-12 13:43:08.987591: Epoch 173
2026-06-12 13:43:08.988073: Current learning rate: 0.00346
2026-06-12 13:44:02.436086: train_loss -0.687
2026-06-12 13:44:02.436683: val_loss -0.3836
2026-06-12 13:44:02.436837: Pseudo dice [np.float32(0.798)]
2026-06-12 13:44:02.437010: Epoch time: 53.45 s
2026-06-12 13:44:04.256566: 
2026-06-12 13:44:04.257079: Epoch 174
2026-06-12 13:44:04.257362: Current learning rate: 0.00342
2026-06-12 13:44:57.717075: train_loss -0.6934
2026-06-12 13:44:57.717755: val_loss -0.3288
2026-06-12 13:44:57.717933: Pseudo dice [np.float32(0.7824)]
2026-06-12 13:44:57.718112: Epoch time: 53.46 s
2026-06-12 13:44:59.963164: 
2026-06-12 13:44:59.963671: Epoch 175
2026-06-12 13:44:59.963995: Current learning rate: 0.00338
2026-06-12 13:45:53.486072: train_loss -0.6827
2026-06-12 13:45:53.486778: val_loss -0.4207
2026-06-12 13:45:53.486931: Pseudo dice [np.float32(0.816)]
2026-06-12 13:45:53.487099: Epoch time: 53.53 s
2026-06-12 13:45:55.307279: 
2026-06-12 13:45:55.307751: Epoch 176
2026-06-12 13:45:55.307978: Current learning rate: 0.00334
2026-06-12 13:46:48.715287: train_loss -0.6983
2026-06-12 13:46:48.715901: val_loss -0.4063
2026-06-12 13:46:48.716053: Pseudo dice [np.float32(0.8091)]
2026-06-12 13:46:48.716244: Epoch time: 53.41 s
2026-06-12 13:46:50.533690: 
2026-06-12 13:46:50.534217: Epoch 177
2026-06-12 13:46:50.534400: Current learning rate: 0.0033
2026-06-12 13:47:43.885358: train_loss -0.6775
2026-06-12 13:47:43.885960: val_loss -0.422
2026-06-12 13:47:43.886117: Pseudo dice [np.float32(0.8061)]
2026-06-12 13:47:43.886287: Epoch time: 53.35 s
2026-06-12 13:47:45.716737: 
2026-06-12 13:47:45.717227: Epoch 178
2026-06-12 13:47:45.717416: Current learning rate: 0.00326
2026-06-12 13:48:39.158592: train_loss -0.6913
2026-06-12 13:48:39.159186: val_loss -0.4305
2026-06-12 13:48:39.159341: Pseudo dice [np.float32(0.8033)]
2026-06-12 13:48:39.159509: Epoch time: 53.45 s
2026-06-12 13:48:40.990342: 
2026-06-12 13:48:40.990937: Epoch 179
2026-06-12 13:48:40.991238: Current learning rate: 0.00322
2026-06-12 13:49:34.346974: train_loss -0.6927
2026-06-12 13:49:34.347772: val_loss -0.3704
2026-06-12 13:49:34.347940: Pseudo dice [np.float32(0.7973)]
2026-06-12 13:49:34.348113: Epoch time: 53.36 s
2026-06-12 13:49:36.176121: 
2026-06-12 13:49:36.176674: Epoch 180
2026-06-12 13:49:36.177010: Current learning rate: 0.00318
2026-06-12 13:50:29.673276: train_loss -0.6924
2026-06-12 13:50:29.673911: val_loss -0.4106
2026-06-12 13:50:29.674067: Pseudo dice [np.float32(0.8131)]
2026-06-12 13:50:29.674237: Epoch time: 53.5 s
2026-06-12 13:50:31.496202: 
2026-06-12 13:50:31.496683: Epoch 181
2026-06-12 13:50:31.496977: Current learning rate: 0.00314
2026-06-12 13:51:25.013590: train_loss -0.6861
2026-06-12 13:51:25.014189: val_loss -0.4215
2026-06-12 13:51:25.014356: Pseudo dice [np.float32(0.8196)]
2026-06-12 13:51:25.014545: Epoch time: 53.52 s
2026-06-12 13:51:26.849502: 
2026-06-12 13:51:26.850092: Epoch 182
2026-06-12 13:51:26.850337: Current learning rate: 0.0031
2026-06-12 13:52:20.110773: train_loss -0.6979
2026-06-12 13:52:20.111316: val_loss -0.3776
2026-06-12 13:52:20.111492: Pseudo dice [np.float32(0.8015)]
2026-06-12 13:52:20.111766: Epoch time: 53.26 s
2026-06-12 13:52:21.933170: 
2026-06-12 13:52:21.933663: Epoch 183
2026-06-12 13:52:21.933977: Current learning rate: 0.00306
2026-06-12 13:53:15.144714: train_loss -0.6959
2026-06-12 13:53:15.145254: val_loss -0.3171
2026-06-12 13:53:15.145406: Pseudo dice [np.float32(0.7833)]
2026-06-12 13:53:15.145588: Epoch time: 53.21 s
2026-06-12 13:53:17.440171: 
2026-06-12 13:53:17.441664: Epoch 184
2026-06-12 13:53:17.442009: Current learning rate: 0.00302
2026-06-12 13:54:10.673779: train_loss -0.6828
2026-06-12 13:54:10.674313: val_loss -0.3528
2026-06-12 13:54:10.674468: Pseudo dice [np.float32(0.7927)]
2026-06-12 13:54:10.674654: Epoch time: 53.24 s
2026-06-12 13:54:12.499331: 
2026-06-12 13:54:12.499877: Epoch 185
2026-06-12 13:54:12.500059: Current learning rate: 0.00297
2026-06-12 13:55:05.636357: train_loss -0.697
2026-06-12 13:55:05.636977: val_loss -0.3299
2026-06-12 13:55:05.637131: Pseudo dice [np.float32(0.7897)]
2026-06-12 13:55:05.637303: Epoch time: 53.14 s
2026-06-12 13:55:07.463204: 
2026-06-12 13:55:07.463753: Epoch 186
2026-06-12 13:55:07.464049: Current learning rate: 0.00293
2026-06-12 13:56:00.906281: train_loss -0.7042
2026-06-12 13:56:00.906760: val_loss -0.3301
2026-06-12 13:56:00.906907: Pseudo dice [np.float32(0.8086)]
2026-06-12 13:56:00.907079: Epoch time: 53.45 s
2026-06-12 13:56:02.779409: 
2026-06-12 13:56:02.780057: Epoch 187
2026-06-12 13:56:02.780379: Current learning rate: 0.00289
2026-06-12 13:56:56.200036: train_loss -0.6852
2026-06-12 13:56:56.200590: val_loss -0.3182
2026-06-12 13:56:56.200746: Pseudo dice [np.float32(0.7907)]
2026-06-12 13:56:56.200919: Epoch time: 53.42 s
2026-06-12 13:56:58.019449: 
2026-06-12 13:56:58.019968: Epoch 188
2026-06-12 13:56:58.020169: Current learning rate: 0.00285
2026-06-12 13:57:51.348083: train_loss -0.6854
2026-06-12 13:57:51.348669: val_loss -0.4385
2026-06-12 13:57:51.348823: Pseudo dice [np.float32(0.8092)]
2026-06-12 13:57:51.348994: Epoch time: 53.33 s
2026-06-12 13:57:53.163074: 
2026-06-12 13:57:53.163550: Epoch 189
2026-06-12 13:57:53.163739: Current learning rate: 0.00281
2026-06-12 13:58:46.513962: train_loss -0.6919
2026-06-12 13:58:46.514497: val_loss -0.3936
2026-06-12 13:58:46.514663: Pseudo dice [np.float32(0.8021)]
2026-06-12 13:58:46.514836: Epoch time: 53.35 s
2026-06-12 13:58:48.329845: 
2026-06-12 13:58:48.330340: Epoch 190
2026-06-12 13:58:48.330521: Current learning rate: 0.00277
2026-06-12 13:59:41.787773: train_loss -0.6905
2026-06-12 13:59:41.788372: val_loss -0.4036
2026-06-12 13:59:41.788607: Pseudo dice [np.float32(0.8238)]
2026-06-12 13:59:41.788791: Epoch time: 53.46 s
2026-06-12 13:59:43.616464: 
2026-06-12 13:59:43.616933: Epoch 191
2026-06-12 13:59:43.617124: Current learning rate: 0.00273
2026-06-12 14:00:36.921482: train_loss -0.6781
2026-06-12 14:00:36.922084: val_loss -0.2184
2026-06-12 14:00:36.922236: Pseudo dice [np.float32(0.7627)]
2026-06-12 14:00:36.922407: Epoch time: 53.31 s
2026-06-12 14:00:39.195004: 
2026-06-12 14:00:39.195557: Epoch 192
2026-06-12 14:00:39.195853: Current learning rate: 0.00268
2026-06-12 14:01:32.609067: train_loss -0.6943
2026-06-12 14:01:32.609625: val_loss -0.4042
2026-06-12 14:01:32.609781: Pseudo dice [np.float32(0.808)]
2026-06-12 14:01:32.609951: Epoch time: 53.42 s
2026-06-12 14:01:34.444145: 
2026-06-12 14:01:34.444706: Epoch 193
2026-06-12 14:01:34.445012: Current learning rate: 0.00264
2026-06-12 14:02:27.919429: train_loss -0.6825
2026-06-12 14:02:27.923553: val_loss -0.439
2026-06-12 14:02:27.923744: Pseudo dice [np.float32(0.8145)]
2026-06-12 14:02:27.923933: Epoch time: 53.48 s
2026-06-12 14:02:29.755216: 
2026-06-12 14:02:29.755768: Epoch 194
2026-06-12 14:02:29.755970: Current learning rate: 0.0026
2026-06-12 14:03:22.971961: train_loss -0.6905
2026-06-12 14:03:22.972481: val_loss -0.4604
2026-06-12 14:03:22.972641: Pseudo dice [np.float32(0.8173)]
2026-06-12 14:03:22.972818: Epoch time: 53.22 s
2026-06-12 14:03:24.813534: 
2026-06-12 14:03:24.814055: Epoch 195
2026-06-12 14:03:24.814340: Current learning rate: 0.00256
2026-06-12 14:04:18.431312: train_loss -0.695
2026-06-12 14:04:18.431847: val_loss -0.3659
2026-06-12 14:04:18.432003: Pseudo dice [np.float32(0.8011)]
2026-06-12 14:04:18.432182: Epoch time: 53.62 s
2026-06-12 14:04:20.259548: 
2026-06-12 14:04:20.260127: Epoch 196
2026-06-12 14:04:20.260417: Current learning rate: 0.00252
2026-06-12 14:05:13.444358: train_loss -0.6798
2026-06-12 14:05:13.445070: val_loss -0.2698
2026-06-12 14:05:13.445225: Pseudo dice [np.float32(0.7841)]
2026-06-12 14:05:13.445395: Epoch time: 53.19 s
2026-06-12 14:05:15.267378: 
2026-06-12 14:05:15.267837: Epoch 197
2026-06-12 14:05:15.268015: Current learning rate: 0.00248
2026-06-12 14:06:08.497065: train_loss -0.6693
2026-06-12 14:06:08.497545: val_loss -0.4081
2026-06-12 14:06:08.497824: Pseudo dice [np.float32(0.7966)]
2026-06-12 14:06:08.498112: Epoch time: 53.23 s
2026-06-12 14:06:10.328726: 
2026-06-12 14:06:10.329337: Epoch 198
2026-06-12 14:06:10.329646: Current learning rate: 0.00243
2026-06-12 14:07:03.626146: train_loss -0.6911
2026-06-12 14:07:03.626668: val_loss -0.444
2026-06-12 14:07:03.626824: Pseudo dice [np.float32(0.8219)]
2026-06-12 14:07:03.626993: Epoch time: 53.3 s
2026-06-12 14:07:05.450044: 
2026-06-12 14:07:05.450472: Epoch 199
2026-06-12 14:07:05.450650: Current learning rate: 0.00239
2026-06-12 14:07:58.788264: train_loss -0.6939
2026-06-12 14:07:58.788883: val_loss -0.4352
2026-06-12 14:07:58.789043: Pseudo dice [np.float32(0.8244)]
2026-06-12 14:07:58.789213: Epoch time: 53.34 s
2026-06-12 14:08:01.127505: 
2026-06-12 14:08:01.127989: Epoch 200
2026-06-12 14:08:01.128201: Current learning rate: 0.00235
2026-06-12 14:08:54.559233: train_loss -0.6881
2026-06-12 14:08:54.559643: val_loss -0.3606
2026-06-12 14:08:54.559784: Pseudo dice [np.float32(0.7898)]
2026-06-12 14:08:54.559958: Epoch time: 53.43 s
2026-06-12 14:08:56.808383: 
2026-06-12 14:08:56.809125: Epoch 201
2026-06-12 14:08:56.809424: Current learning rate: 0.00231
2026-06-12 14:09:50.242751: train_loss -0.6827
2026-06-12 14:09:50.243460: val_loss -0.3237
2026-06-12 14:09:50.243630: Pseudo dice [np.float32(0.7875)]
2026-06-12 14:09:50.243808: Epoch time: 53.44 s
2026-06-12 14:09:52.079453: 
2026-06-12 14:09:52.079979: Epoch 202
2026-06-12 14:09:52.080161: Current learning rate: 0.00226
2026-06-12 14:10:45.356221: train_loss -0.6863
2026-06-12 14:10:45.356954: val_loss -0.4278
2026-06-12 14:10:45.357140: Pseudo dice [np.float32(0.8156)]
2026-06-12 14:10:45.357329: Epoch time: 53.28 s
2026-06-12 14:10:47.215612: 
2026-06-12 14:10:47.216217: Epoch 203
2026-06-12 14:10:47.216516: Current learning rate: 0.00222
2026-06-12 14:11:40.611437: train_loss -0.696
2026-06-12 14:11:40.612250: val_loss -0.4143
2026-06-12 14:11:40.612419: Pseudo dice [np.float32(0.8022)]
2026-06-12 14:11:40.612671: Epoch time: 53.4 s
2026-06-12 14:11:42.502780: 
2026-06-12 14:11:42.503326: Epoch 204
2026-06-12 14:11:42.503510: Current learning rate: 0.00218
2026-06-12 14:12:35.854601: train_loss -0.6986
2026-06-12 14:12:35.855154: val_loss -0.4013
2026-06-12 14:12:35.855304: Pseudo dice [np.float32(0.8031)]
2026-06-12 14:12:35.855491: Epoch time: 53.36 s
2026-06-12 14:12:37.699982: 
2026-06-12 14:12:37.700461: Epoch 205
2026-06-12 14:12:37.700760: Current learning rate: 0.00214
2026-06-12 14:13:31.132220: train_loss -0.7034
2026-06-12 14:13:31.133031: val_loss -0.3436
2026-06-12 14:13:31.133217: Pseudo dice [np.float32(0.7996)]
2026-06-12 14:13:31.133455: Epoch time: 53.44 s
2026-06-12 14:13:32.927133: 
2026-06-12 14:13:32.927635: Epoch 206
2026-06-12 14:13:32.927933: Current learning rate: 0.00209
2026-06-12 14:14:26.144144: train_loss -0.6938
2026-06-12 14:14:26.144667: val_loss -0.4191
2026-06-12 14:14:26.144820: Pseudo dice [np.float32(0.8231)]
2026-06-12 14:14:26.144990: Epoch time: 53.22 s
2026-06-12 14:14:27.928316: 
2026-06-12 14:14:27.928804: Epoch 207
2026-06-12 14:14:27.928987: Current learning rate: 0.00205
2026-06-12 14:15:21.302903: train_loss -0.7005
2026-06-12 14:15:21.303429: val_loss -0.3872
2026-06-12 14:15:21.303634: Pseudo dice [np.float32(0.7921)]
2026-06-12 14:15:21.303810: Epoch time: 53.38 s
2026-06-12 14:15:23.097116: 
2026-06-12 14:15:23.097679: Epoch 208
2026-06-12 14:15:23.097968: Current learning rate: 0.00201
2026-06-12 14:16:16.366546: train_loss -0.6923
2026-06-12 14:16:16.367264: val_loss -0.3862
2026-06-12 14:16:16.367414: Pseudo dice [np.float32(0.812)]
2026-06-12 14:16:16.367596: Epoch time: 53.27 s
2026-06-12 14:16:18.154993: 
2026-06-12 14:16:18.156447: Epoch 209
2026-06-12 14:16:18.156804: Current learning rate: 0.00196
2026-06-12 14:17:11.890717: train_loss -0.7029
2026-06-12 14:17:11.891199: val_loss -0.3882
2026-06-12 14:17:11.891347: Pseudo dice [np.float32(0.812)]
2026-06-12 14:17:11.891514: Epoch time: 53.74 s
2026-06-12 14:17:13.684195: 
2026-06-12 14:17:13.684793: Epoch 210
2026-06-12 14:17:13.685226: Current learning rate: 0.00192
2026-06-12 14:18:07.022243: train_loss -0.7038
2026-06-12 14:18:07.022793: val_loss -0.3351
2026-06-12 14:18:07.022953: Pseudo dice [np.float32(0.8098)]
2026-06-12 14:18:07.023122: Epoch time: 53.34 s
2026-06-12 14:18:08.798484: 
2026-06-12 14:18:08.799035: Epoch 211
2026-06-12 14:18:08.799369: Current learning rate: 0.00188
2026-06-12 14:19:02.030242: train_loss -0.7075
2026-06-12 14:19:02.030795: val_loss -0.4212
2026-06-12 14:19:02.030947: Pseudo dice [np.float32(0.8205)]
2026-06-12 14:19:02.031120: Epoch time: 53.24 s
2026-06-12 14:19:03.820474: 
2026-06-12 14:19:03.821115: Epoch 212
2026-06-12 14:19:03.821462: Current learning rate: 0.00184
2026-06-12 14:19:57.055164: train_loss -0.6949
2026-06-12 14:19:57.055806: val_loss -0.4109
2026-06-12 14:19:57.055956: Pseudo dice [np.float32(0.8203)]
2026-06-12 14:19:57.056122: Epoch time: 53.24 s
2026-06-12 14:19:58.843503: 
2026-06-12 14:19:58.844032: Epoch 213
2026-06-12 14:19:58.844338: Current learning rate: 0.00179
2026-06-12 14:20:52.041970: train_loss -0.7049
2026-06-12 14:20:52.042494: val_loss -0.4234
2026-06-12 14:20:52.042655: Pseudo dice [np.float32(0.8138)]
2026-06-12 14:20:52.042830: Epoch time: 53.2 s
2026-06-12 14:20:53.805608: 
2026-06-12 14:20:53.806171: Epoch 214
2026-06-12 14:20:53.806468: Current learning rate: 0.00175
2026-06-12 14:21:47.107435: train_loss -0.7074
2026-06-12 14:21:47.107951: val_loss -0.302
2026-06-12 14:21:47.108099: Pseudo dice [np.float32(0.7861)]
2026-06-12 14:21:47.108268: Epoch time: 53.31 s
2026-06-12 14:21:48.859309: 
2026-06-12 14:21:48.859753: Epoch 215
2026-06-12 14:21:48.859957: Current learning rate: 0.0017
2026-06-12 14:22:42.171610: train_loss -0.6964
2026-06-12 14:22:42.172190: val_loss -0.4494
2026-06-12 14:22:42.172339: Pseudo dice [np.float32(0.8281)]
2026-06-12 14:22:42.172519: Epoch time: 53.32 s
2026-06-12 14:22:43.929450: 
2026-06-12 14:22:43.929971: Epoch 216
2026-06-12 14:22:43.930151: Current learning rate: 0.00166
2026-06-12 14:23:37.235397: train_loss -0.7021
2026-06-12 14:23:37.235950: val_loss -0.3452
2026-06-12 14:23:37.236121: Pseudo dice [np.float32(0.7954)]
2026-06-12 14:23:37.236311: Epoch time: 53.31 s
2026-06-12 14:23:38.997945: 
2026-06-12 14:23:38.998486: Epoch 217
2026-06-12 14:23:38.998834: Current learning rate: 0.00162
2026-06-12 14:24:32.218206: train_loss -0.6982
2026-06-12 14:24:32.218735: val_loss -0.3729
2026-06-12 14:24:32.218884: Pseudo dice [np.float32(0.8142)]
2026-06-12 14:24:32.219059: Epoch time: 53.22 s
2026-06-12 14:24:33.987563: 
2026-06-12 14:24:33.988117: Epoch 218
2026-06-12 14:24:33.988497: Current learning rate: 0.00157
2026-06-12 14:25:27.466247: train_loss -0.6954
2026-06-12 14:25:27.466761: val_loss -0.4769
2026-06-12 14:25:27.466904: Pseudo dice [np.float32(0.8327)]
2026-06-12 14:25:27.467071: Epoch time: 53.48 s
2026-06-12 14:25:29.619219: 
2026-06-12 14:25:29.619728: Epoch 219
2026-06-12 14:25:29.619920: Current learning rate: 0.00153
2026-06-12 14:26:22.841220: train_loss -0.7088
2026-06-12 14:26:22.841726: val_loss -0.3813
2026-06-12 14:26:22.841875: Pseudo dice [np.float32(0.8125)]
2026-06-12 14:26:22.842043: Epoch time: 53.23 s
2026-06-12 14:26:24.611945: 
2026-06-12 14:26:24.612596: Epoch 220
2026-06-12 14:26:24.612819: Current learning rate: 0.00148
2026-06-12 14:27:18.003844: train_loss -0.7055
2026-06-12 14:27:18.004337: val_loss -0.4177
2026-06-12 14:27:18.004489: Pseudo dice [np.float32(0.8227)]
2026-06-12 14:27:18.004675: Epoch time: 53.4 s
2026-06-12 14:27:19.766426: 
2026-06-12 14:27:19.767100: Epoch 221
2026-06-12 14:27:19.767400: Current learning rate: 0.00144
2026-06-12 14:28:13.081964: train_loss -0.7087
2026-06-12 14:28:13.082414: val_loss -0.401
2026-06-12 14:28:13.082568: Pseudo dice [np.float32(0.8069)]
2026-06-12 14:28:13.082747: Epoch time: 53.32 s
2026-06-12 14:28:14.844207: 
2026-06-12 14:28:14.844637: Epoch 222
2026-06-12 14:28:14.844844: Current learning rate: 0.00139
2026-06-12 14:29:08.138981: train_loss -0.7022
2026-06-12 14:29:08.139591: val_loss -0.44
2026-06-12 14:29:08.139741: Pseudo dice [np.float32(0.8228)]
2026-06-12 14:29:08.139920: Epoch time: 53.3 s
2026-06-12 14:29:09.907154: 
2026-06-12 14:29:09.907798: Epoch 223
2026-06-12 14:29:09.908089: Current learning rate: 0.00135
2026-06-12 14:30:03.196050: train_loss -0.711
2026-06-12 14:30:03.196676: val_loss -0.36
2026-06-12 14:30:03.196828: Pseudo dice [np.float32(0.8099)]
2026-06-12 14:30:03.196998: Epoch time: 53.29 s
2026-06-12 14:30:04.963538: 
2026-06-12 14:30:04.963981: Epoch 224
2026-06-12 14:30:04.964179: Current learning rate: 0.0013
2026-06-12 14:30:58.393103: train_loss -0.697
2026-06-12 14:30:58.393570: val_loss -0.3854
2026-06-12 14:30:58.393721: Pseudo dice [np.float32(0.8052)]
2026-06-12 14:30:58.393891: Epoch time: 53.43 s
2026-06-12 14:31:00.168543: 
2026-06-12 14:31:00.169032: Epoch 225
2026-06-12 14:31:00.169215: Current learning rate: 0.00126
2026-06-12 14:31:53.487429: train_loss -0.7099
2026-06-12 14:31:53.487915: val_loss -0.4045
2026-06-12 14:31:53.488061: Pseudo dice [np.float32(0.8181)]
2026-06-12 14:31:53.488231: Epoch time: 53.32 s
2026-06-12 14:31:55.252895: 
2026-06-12 14:31:55.253356: Epoch 226
2026-06-12 14:31:55.253649: Current learning rate: 0.00121
2026-06-12 14:32:48.478824: train_loss -0.7022
2026-06-12 14:32:48.479437: val_loss -0.4632
2026-06-12 14:32:48.479598: Pseudo dice [np.float32(0.8346)]
2026-06-12 14:32:48.479775: Epoch time: 53.23 s
2026-06-12 14:32:48.479910: Yayy! New best EMA pseudo Dice: 0.8144999742507935
2026-06-12 14:32:50.764314: 
2026-06-12 14:32:50.764860: Epoch 227
2026-06-12 14:32:50.765155: Current learning rate: 0.00117
2026-06-12 14:33:44.138795: train_loss -0.7014
2026-06-12 14:33:44.139400: val_loss -0.4146
2026-06-12 14:33:44.139555: Pseudo dice [np.float32(0.8189)]
2026-06-12 14:33:44.139725: Epoch time: 53.38 s
2026-06-12 14:33:44.139856: Yayy! New best EMA pseudo Dice: 0.8149999976158142
2026-06-12 14:33:46.860325: 
2026-06-12 14:33:46.860880: Epoch 228
2026-06-12 14:33:46.861176: Current learning rate: 0.00112
2026-06-12 14:34:40.121128: train_loss -0.7071
2026-06-12 14:34:40.121669: val_loss -0.397
2026-06-12 14:34:40.121830: Pseudo dice [np.float32(0.8056)]
2026-06-12 14:34:40.122004: Epoch time: 53.26 s
2026-06-12 14:34:41.903588: 
2026-06-12 14:34:41.904117: Epoch 229
2026-06-12 14:34:41.904313: Current learning rate: 0.00108
2026-06-12 14:35:35.182745: train_loss -0.7091
2026-06-12 14:35:35.183265: val_loss -0.3893
2026-06-12 14:35:35.183410: Pseudo dice [np.float32(0.8147)]
2026-06-12 14:35:35.183594: Epoch time: 53.28 s
2026-06-12 14:35:36.955664: 
2026-06-12 14:35:36.956189: Epoch 230
2026-06-12 14:35:36.956481: Current learning rate: 0.00103
2026-06-12 14:36:30.386202: train_loss -0.7146
2026-06-12 14:36:30.386750: val_loss -0.3928
2026-06-12 14:36:30.386900: Pseudo dice [np.float32(0.801)]
2026-06-12 14:36:30.387075: Epoch time: 53.43 s
2026-06-12 14:36:32.147191: 
2026-06-12 14:36:32.147726: Epoch 231
2026-06-12 14:36:32.148026: Current learning rate: 0.00098
2026-06-12 14:37:25.365797: train_loss -0.7108
2026-06-12 14:37:25.366277: val_loss -0.3727
2026-06-12 14:37:25.366426: Pseudo dice [np.float32(0.8125)]
2026-06-12 14:37:25.366637: Epoch time: 53.22 s
2026-06-12 14:37:27.146424: 
2026-06-12 14:37:27.147087: Epoch 232
2026-06-12 14:37:27.147377: Current learning rate: 0.00094
2026-06-12 14:38:20.592631: train_loss -0.7038
2026-06-12 14:38:20.593101: val_loss -0.4016
2026-06-12 14:38:20.593252: Pseudo dice [np.float32(0.8123)]
2026-06-12 14:38:20.593422: Epoch time: 53.45 s
2026-06-12 14:38:22.371373: 
2026-06-12 14:38:22.372037: Epoch 233
2026-06-12 14:38:22.372331: Current learning rate: 0.00089
2026-06-12 14:39:15.723474: train_loss -0.7173
2026-06-12 14:39:15.724054: val_loss -0.365
2026-06-12 14:39:15.724202: Pseudo dice [np.float32(0.8029)]
2026-06-12 14:39:15.724989: Epoch time: 53.36 s
2026-06-12 14:39:17.488779: 
2026-06-12 14:39:17.489338: Epoch 234
2026-06-12 14:39:17.489638: Current learning rate: 0.00084
2026-06-12 14:40:10.721307: train_loss -0.7142
2026-06-12 14:40:10.721987: val_loss -0.4135
2026-06-12 14:40:10.722137: Pseudo dice [np.float32(0.81)]
2026-06-12 14:40:10.722311: Epoch time: 53.24 s
2026-06-12 14:40:12.499514: 
2026-06-12 14:40:12.500220: Epoch 235
2026-06-12 14:40:12.500516: Current learning rate: 0.00079
2026-06-12 14:41:05.748824: train_loss -0.7096
2026-06-12 14:41:05.749378: val_loss -0.3759
2026-06-12 14:41:05.749523: Pseudo dice [np.float32(0.8082)]
2026-06-12 14:41:05.749703: Epoch time: 53.25 s
2026-06-12 14:41:07.514900: 
2026-06-12 14:41:07.515369: Epoch 236
2026-06-12 14:41:07.515557: Current learning rate: 0.00075
2026-06-12 14:42:00.910590: train_loss -0.7049
2026-06-12 14:42:00.911195: val_loss -0.3969
2026-06-12 14:42:00.911349: Pseudo dice [np.float32(0.8054)]
2026-06-12 14:42:00.911519: Epoch time: 53.4 s
2026-06-12 14:42:02.690144: 
2026-06-12 14:42:02.691882: Epoch 237
2026-06-12 14:42:02.692390: Current learning rate: 0.0007
2026-06-12 14:42:56.002490: train_loss -0.7139
2026-06-12 14:42:56.003077: val_loss -0.3822
2026-06-12 14:42:56.003232: Pseudo dice [np.float32(0.8042)]
2026-06-12 14:42:56.003404: Epoch time: 53.32 s
2026-06-12 14:42:58.218650: 
2026-06-12 14:42:58.219191: Epoch 238
2026-06-12 14:42:58.219375: Current learning rate: 0.00065
2026-06-12 14:43:51.523446: train_loss -0.7036
2026-06-12 14:43:51.524109: val_loss -0.4069
2026-06-12 14:43:51.524259: Pseudo dice [np.float32(0.8176)]
2026-06-12 14:43:51.524444: Epoch time: 53.31 s
2026-06-12 14:43:53.292198: 
2026-06-12 14:43:53.292752: Epoch 239
2026-06-12 14:43:53.293049: Current learning rate: 0.0006
2026-06-12 14:44:46.599271: train_loss -0.7038
2026-06-12 14:44:46.599931: val_loss -0.3795
2026-06-12 14:44:46.600091: Pseudo dice [np.float32(0.8026)]
2026-06-12 14:44:46.600265: Epoch time: 53.31 s
2026-06-12 14:44:48.374848: 
2026-06-12 14:44:48.375464: Epoch 240
2026-06-12 14:44:48.375772: Current learning rate: 0.00055
2026-06-12 14:45:41.688242: train_loss -0.7119
2026-06-12 14:45:41.688826: val_loss -0.363
2026-06-12 14:45:41.688986: Pseudo dice [np.float32(0.7965)]
2026-06-12 14:45:41.689157: Epoch time: 53.32 s
2026-06-12 14:45:43.475088: 
2026-06-12 14:45:43.475685: Epoch 241
2026-06-12 14:45:43.475869: Current learning rate: 0.0005
2026-06-12 14:46:36.593240: train_loss -0.7145
2026-06-12 14:46:36.593698: val_loss -0.4475
2026-06-12 14:46:36.593844: Pseudo dice [np.float32(0.8256)]
2026-06-12 14:46:36.594015: Epoch time: 53.12 s
2026-06-12 14:46:38.386988: 
2026-06-12 14:46:38.387511: Epoch 242
2026-06-12 14:46:38.387799: Current learning rate: 0.00045
2026-06-12 14:47:31.670203: train_loss -0.7152
2026-06-12 14:47:31.670766: val_loss -0.4275
2026-06-12 14:47:31.670923: Pseudo dice [np.float32(0.8302)]
2026-06-12 14:47:31.671098: Epoch time: 53.29 s
2026-06-12 14:47:33.449949: 
2026-06-12 14:47:33.450493: Epoch 243
2026-06-12 14:47:33.450783: Current learning rate: 0.0004
2026-06-12 14:48:26.657762: train_loss -0.7084
2026-06-12 14:48:26.658342: val_loss -0.3446
2026-06-12 14:48:26.658497: Pseudo dice [np.float32(0.81)]
2026-06-12 14:48:26.658695: Epoch time: 53.21 s
2026-06-12 14:48:28.465783: 
2026-06-12 14:48:28.466406: Epoch 244
2026-06-12 14:48:28.466615: Current learning rate: 0.00035
2026-06-12 14:49:21.694843: train_loss -0.7171
2026-06-12 14:49:21.695501: val_loss -0.4268
2026-06-12 14:49:21.695662: Pseudo dice [np.float32(0.8205)]
2026-06-12 14:49:21.695842: Epoch time: 53.23 s
2026-06-12 14:49:23.486446: 
2026-06-12 14:49:23.486919: Epoch 245
2026-06-12 14:49:23.487234: Current learning rate: 0.0003
2026-06-12 14:50:16.901569: train_loss -0.717
2026-06-12 14:50:16.902041: val_loss -0.4264
2026-06-12 14:50:16.902182: Pseudo dice [np.float32(0.8273)]
2026-06-12 14:50:16.902356: Epoch time: 53.42 s
2026-06-12 14:50:18.697491: 
2026-06-12 14:50:18.697962: Epoch 246
2026-06-12 14:50:18.698204: Current learning rate: 0.00024
2026-06-12 14:51:11.940081: train_loss -0.7175
2026-06-12 14:51:11.940692: val_loss -0.375
2026-06-12 14:51:11.940840: Pseudo dice [np.float32(0.8034)]
2026-06-12 14:51:11.941017: Epoch time: 53.25 s
2026-06-12 14:51:14.168267: 
2026-06-12 14:51:14.168709: Epoch 247
2026-06-12 14:51:14.168883: Current learning rate: 0.00019
2026-06-12 14:52:07.490347: train_loss -0.7231
2026-06-12 14:52:07.490942: val_loss -0.3442
2026-06-12 14:52:07.491092: Pseudo dice [np.float32(0.805)]
2026-06-12 14:52:07.491270: Epoch time: 53.32 s
2026-06-12 14:52:09.295658: 
2026-06-12 14:52:09.296084: Epoch 248
2026-06-12 14:52:09.296267: Current learning rate: 0.00013
2026-06-12 14:53:02.816150: train_loss -0.7233
2026-06-12 14:53:02.816672: val_loss -0.3078
2026-06-12 14:53:02.816833: Pseudo dice [np.float32(0.7955)]
2026-06-12 14:53:02.817031: Epoch time: 53.52 s
2026-06-12 14:53:04.643295: 
2026-06-12 14:53:04.643782: Epoch 249
2026-06-12 14:53:04.643980: Current learning rate: 7e-05
2026-06-12 14:53:57.985351: train_loss -0.7201
2026-06-12 14:53:57.985955: val_loss -0.3324
2026-06-12 14:53:57.986103: Pseudo dice [np.float32(0.7936)]
2026-06-12 14:53:57.986276: Epoch time: 53.35 s
2026-06-12 14:54:00.447846: Training done.
2026-06-12 14:54:00.745012: Using splits from existing split file: /gpfs/data/ravenlab/micmac/nnUNet_preprocessed/Dataset001_BinaryTask/splits_final.json
2026-06-12 14:54:00.745453: The split file contains 5 splits.
2026-06-12 14:54:00.745617: Desired fold for training: 3
2026-06-12 14:54:00.745711: This split has 8 training and 2 validation cases.
2026-06-12 14:54:00.745914: predicting 41759_G_078_slice_2_1
2026-06-12 14:54:01.023706: 41759_G_078_slice_2_1, shape torch.Size([1, 1, 5346, 10000]), rank 0
2026-06-12 14:54:25.856524: predicting 41759_G_150_slice_1_0
2026-06-12 14:54:26.079895: 41759_G_150_slice_1_0, shape torch.Size([1, 1, 10000, 4867]), rank 0
2026-06-12 14:54:59.334600: Validation complete
2026-06-12 14:54:59.334896: Mean Validation Dice:  0.8100212203918936
