Loading python/gpu/3.10.6-cuda12.9
  Loading requirement: cuda/12.9
Launching parallel training for 2D config, Fold 0 using 250-epoch trainer preset...

############################
INFO: You are using the old nnU-Net default plans. We have updated our recommendations. Please consider using those instead! Read more here: https://github.com/MIC-DKFZ/nnUNet/blob/master/documentation/resenc_presets.md
############################

Using device: cuda:0

#######################################################################
Please cite the following paper when using nnU-Net:
Isensee, F., Jaeger, P. F., Kohl, S. A., Petersen, J., & Maier-Hein, K. H. (2021). nnU-Net: a self-configuring method for deep learning-based biomedical image segmentation. Nature methods, 18(2), 203-211.
#######################################################################

2026-06-17 18:32:48.018732: Using splits from existing split file: /gpfs/data/ravenlab/micmac/nnUNet_preprocessed/Dataset001_BinaryTask/splits_final.json
2026-06-17 18:32:48.019300: The split file contains 5 splits.
2026-06-17 18:32:48.019406: Desired fold for training: 0
2026-06-17 18:32:48.019497: This split has 8 training and 2 validation cases.
2026-06-17 18:32:48.019652: predicting 41759_G_070_slice_1_1
2026-06-17 18:32:48.976564: 41759_G_070_slice_1_1, shape torch.Size([1, 1, 10000, 10000]), rank 0
2026-06-17 18:33:32.245912: predicting 41759_G_140_slice_0_0
2026-06-17 18:33:32.473193: 41759_G_140_slice_0_0, shape torch.Size([1, 1, 1658, 6027]), rank 0
2026-06-17 18:35:00.842257: Validation complete
2026-06-17 18:35:00.842477: Mean Validation Dice:  0.7984597554625532
