
############################
INFO: You are using the old nnU-Net default plans. We have updated our recommendations. Please consider using those instead! Read more here: https://github.com/MIC-DKFZ/nnUNet/blob/master/documentation/resenc_presets.md
############################

Using device: cuda:0

#######################################################################
Please cite the following paper when using nnU-Net:
Isensee, F., Jaeger, P. F., Kohl, S. A., Petersen, J., & Maier-Hein, K. H. (2021). nnU-Net: a self-configuring method for deep learning-based biomedical image segmentation. Nature methods, 18(2), 203-211.
#######################################################################

2026-06-12 10:47:30.055669: do_dummy_2d_data_aug: False
2026-06-12 10:47:30.056459: Using splits from existing split file: /gpfs/data/ravenlab/micmac/nnUNet_preprocessed/Dataset001_BinaryTask/splits_final.json
2026-06-12 10:47:30.056786: The split file contains 5 splits.
2026-06-12 10:47:30.056886: Desired fold for training: 0
2026-06-12 10:47:30.056978: This split has 8 training and 2 validation cases.
using pin_memory on device 0
using pin_memory on device 0

This is the configuration used by this training:
Configuration name: 2d
 {'data_identifier': 'nnUNetPlans_2d', 'preprocessor_name': 'DefaultPreprocessor', 'batch_size': 2, 'patch_size': [1024, 1536], 'median_image_size_in_voxels': [5082.0, 7637.0], 'spacing': [1.0, 1.0], 'normalization_schemes': ['ZScoreNormalization'], 'use_mask_for_norm': [True], 'resampling_fn_data': 'resample_data_or_seg_to_shape', 'resampling_fn_seg': 'resample_data_or_seg_to_shape', 'resampling_fn_data_kwargs': {'is_seg': False, 'order': 3, 'order_z': 0, 'force_separate_z': None}, 'resampling_fn_seg_kwargs': {'is_seg': True, 'order': 1, 'order_z': 0, 'force_separate_z': None}, 'resampling_fn_probabilities': 'resample_data_or_seg_to_shape', 'resampling_fn_probabilities_kwargs': {'is_seg': False, 'order': 1, 'order_z': 0, 'force_separate_z': None}, 'architecture': {'network_class_name': 'dynamic_network_architectures.architectures.unet.PlainConvUNet', 'arch_kwargs': {'n_stages': 9, 'features_per_stage': [32, 64, 128, 256, 512, 512, 512, 512, 512], 'conv_op': 'torch.nn.modules.conv.Conv2d', 'kernel_sizes': [[3, 3], [3, 3], [3, 3], [3, 3], [3, 3], [3, 3], [3, 3], [3, 3], [3, 3]], 'strides': [[1, 1], [2, 2], [2, 2], [2, 2], [2, 2], [2, 2], [2, 2], [2, 2], [2, 2]], 'n_conv_per_stage': [2, 2, 2, 2, 2, 2, 2, 2, 2], 'n_conv_per_stage_decoder': [2, 2, 2, 2, 2, 2, 2, 2], 'conv_bias': True, 'norm_op': 'torch.nn.modules.instancenorm.InstanceNorm2d', 'norm_op_kwargs': {'eps': 1e-05, 'affine': True}, 'dropout_op': None, 'dropout_op_kwargs': None, 'nonlin': 'torch.nn.LeakyReLU', 'nonlin_kwargs': {'inplace': True}}, '_kw_requires_import': ['conv_op', 'norm_op', 'dropout_op', 'nonlin']}, 'batch_dice': True} 

These are the global plan.json settings:
 {'dataset_name': 'Dataset001_BinaryTask', 'plans_name': 'nnUNetPlans', 'original_median_spacing_after_transp': [999.0, 1.0, 1.0], 'original_median_shape_after_transp': [1, 5082, 7637], 'image_reader_writer': 'NaturalImage2DIO', 'transpose_forward': [0, 1, 2], 'transpose_backward': [0, 1, 2], 'experiment_planner_used': 'ExperimentPlanner', 'label_manager': 'LabelManager', 'foreground_intensity_properties_per_channel': {'0': {'max': 252.0, 'mean': 125.24241638183594, 'median': 123.0, 'min': 0.0, 'percentile_00_5': 48.0, 'percentile_99_5': 214.0, 'std': 34.663818359375}}} 

2026-06-12 10:47:32.796138: Unable to plot network architecture:
2026-06-12 10:47:32.796335: No module named 'hiddenlayer'
2026-06-12 10:47:33.121296: 
2026-06-12 10:47:33.123287: Epoch 0
2026-06-12 10:47:33.123609: Current learning rate: 0.01
2026-06-12 10:49:48.701183: train_loss -0.1885
2026-06-12 10:49:48.701948: val_loss -0.3554
2026-06-12 10:49:48.702102: Pseudo dice [np.float32(0.7829)]
2026-06-12 10:49:48.702266: Epoch time: 135.58 s
2026-06-12 10:49:48.702392: Yayy! New best EMA pseudo Dice: 0.7828999757766724
2026-06-12 10:49:52.088342: Training done.
2026-06-12 10:49:52.173229: Using splits from existing split file: /gpfs/data/ravenlab/micmac/nnUNet_preprocessed/Dataset001_BinaryTask/splits_final.json
2026-06-12 10:49:52.173595: The split file contains 5 splits.
2026-06-12 10:49:52.173696: Desired fold for training: 0
2026-06-12 10:49:52.176246: This split has 8 training and 2 validation cases.
2026-06-12 10:49:52.176485: predicting 41759_G_070_slice_1_1
2026-06-12 10:49:52.961805: 41759_G_070_slice_1_1, shape torch.Size([1, 1, 10000, 10000]), rank 0
2026-06-12 10:50:35.717304: predicting 41759_G_140_slice_0_0
2026-06-12 10:50:35.770192: 41759_G_140_slice_0_0, shape torch.Size([1, 1, 1658, 6027]), rank 0
2026-06-12 10:50:55.638348: Validation complete
2026-06-12 10:50:55.638513: Mean Validation Dice:  0.7766832579384214
