Loading cuda/12.9
  Module ERROR: couldn't create error file for command: read-only file system
    In '/cm/shared/modulefiles/cuda/12.9'
    Please contact <root@localhost>

Loading python/gpu/3.10.6-cuda12.9
  ERROR: Load of requirement cuda/12.9 failed
Launching parallel training for 2D config, Fold 2 using 250-epoch trainer preset...

############################
INFO: You are using the old nnU-Net default plans. We have updated our recommendations. Please consider using those instead! Read more here: https://github.com/MIC-DKFZ/nnUNet/blob/master/documentation/resenc_presets.md
############################

Using device: cuda:0

#######################################################################
Please cite the following paper when using nnU-Net:
Isensee, F., Jaeger, P. F., Kohl, S. A., Petersen, J., & Maier-Hein, K. H. (2021). nnU-Net: a self-configuring method for deep learning-based biomedical image segmentation. Nature methods, 18(2), 203-211.
#######################################################################

2026-07-01 17:08:07.909994: do_dummy_2d_data_aug: False
2026-07-01 17:08:07.911397: Using splits from existing split file: /gpfs/data/ravenlab/micmac/nnUNet_preprocessed/Dataset005_BinaryTask/splits_final.json
2026-07-01 17:08:07.911696: The split file contains 5 splits.
2026-07-01 17:08:07.911797: Desired fold for training: 2
2026-07-01 17:08:07.911882: This split has 18 training and 5 validation cases.
using pin_memory on device 0
using pin_memory on device 0

This is the configuration used by this training:
Configuration name: 2d
 {'data_identifier': 'nnUNetPlans_2d', 'preprocessor_name': 'DefaultPreprocessor', 'batch_size': 2, 'patch_size': [1024, 1280], 'median_image_size_in_voxels': [2077.0, 2251.0], 'spacing': [1.0, 1.0], 'normalization_schemes': ['ZScoreNormalization'], 'use_mask_for_norm': [False], 'resampling_fn_data': 'resample_data_or_seg_to_shape', 'resampling_fn_seg': 'resample_data_or_seg_to_shape', 'resampling_fn_data_kwargs': {'is_seg': False, 'order': 3, 'order_z': 0, 'force_separate_z': None}, 'resampling_fn_seg_kwargs': {'is_seg': True, 'order': 1, 'order_z': 0, 'force_separate_z': None}, 'resampling_fn_probabilities': 'resample_data_or_seg_to_shape', 'resampling_fn_probabilities_kwargs': {'is_seg': False, 'order': 1, 'order_z': 0, 'force_separate_z': None}, 'architecture': {'network_class_name': 'dynamic_network_architectures.architectures.unet.PlainConvUNet', 'arch_kwargs': {'n_stages': 9, 'features_per_stage': [32, 64, 128, 256, 512, 512, 512, 512, 512], 'conv_op': 'torch.nn.modules.conv.Conv2d', 'kernel_sizes': [[3, 3], [3, 3], [3, 3], [3, 3], [3, 3], [3, 3], [3, 3], [3, 3], [3, 3]], 'strides': [[1, 1], [2, 2], [2, 2], [2, 2], [2, 2], [2, 2], [2, 2], [2, 2], [2, 2]], 'n_conv_per_stage': [2, 2, 2, 2, 2, 2, 2, 2, 2], 'n_conv_per_stage_decoder': [2, 2, 2, 2, 2, 2, 2, 2], 'conv_bias': True, 'norm_op': 'torch.nn.modules.instancenorm.InstanceNorm2d', 'norm_op_kwargs': {'eps': 1e-05, 'affine': True}, 'dropout_op': None, 'dropout_op_kwargs': None, 'nonlin': 'torch.nn.LeakyReLU', 'nonlin_kwargs': {'inplace': True}}, '_kw_requires_import': ['conv_op', 'norm_op', 'dropout_op', 'nonlin']}, 'batch_dice': True} 

These are the global plan.json settings:
 {'dataset_name': 'Dataset005_BinaryTask', 'plans_name': 'nnUNetPlans', 'original_median_spacing_after_transp': [999.0, 1.0, 1.0], 'original_median_shape_after_transp': [1, 2077, 2251], 'image_reader_writer': 'NaturalImage2DIO', 'transpose_forward': [0, 1, 2], 'transpose_backward': [0, 1, 2], 'experiment_planner_used': 'ExperimentPlanner', 'label_manager': 'LabelManager', 'foreground_intensity_properties_per_channel': {'0': {'max': 250.0, 'mean': 136.68589782714844, 'median': 136.0, 'min': 5.0, 'percentile_00_5': 53.0, 'percentile_99_5': 222.0, 'std': 37.201812744140625}}} 

2026-07-01 17:08:10.316599: Unable to plot network architecture:
2026-07-01 17:08:10.316775: No module named 'hiddenlayer'
2026-07-01 17:08:10.467611: 
2026-07-01 17:08:10.467790: Epoch 0
2026-07-01 17:08:10.468098: Current learning rate: 0.01
2026-07-01 17:10:16.576988: train_loss -0.076
2026-07-01 17:10:16.579938: val_loss -0.1068
2026-07-01 17:10:16.580113: Pseudo dice [np.float32(0.6629)]
2026-07-01 17:10:16.580309: Epoch time: 126.11 s
2026-07-01 17:10:16.580437: Yayy! New best EMA pseudo Dice: 0.6628999710083008
2026-07-01 17:10:18.909534: 
2026-07-01 17:10:18.910043: Epoch 1
2026-07-01 17:10:18.910251: Current learning rate: 0.00996
2026-07-01 17:11:03.551926: train_loss -0.2172
2026-07-01 17:11:03.552482: val_loss -0.1968
2026-07-01 17:11:03.552631: Pseudo dice [np.float32(0.6881)]
2026-07-01 17:11:03.552814: Epoch time: 44.65 s
2026-07-01 17:11:03.555449: Yayy! New best EMA pseudo Dice: 0.6654000282287598
2026-07-01 17:11:05.784185: 
2026-07-01 17:11:05.784646: Epoch 2
2026-07-01 17:11:05.784849: Current learning rate: 0.00993
2026-07-01 17:11:50.453080: train_loss -0.2416
2026-07-01 17:11:50.453900: val_loss -0.1912
2026-07-01 17:11:50.454054: Pseudo dice [np.float32(0.6885)]
2026-07-01 17:11:50.454341: Epoch time: 44.67 s
2026-07-01 17:11:50.454486: Yayy! New best EMA pseudo Dice: 0.6676999926567078
2026-07-01 17:11:52.796695: 
2026-07-01 17:11:52.797240: Epoch 3
2026-07-01 17:11:52.797450: Current learning rate: 0.00989
2026-07-01 17:12:37.384594: train_loss -0.2554
2026-07-01 17:12:37.385346: val_loss -0.2089
2026-07-01 17:12:37.385549: Pseudo dice [np.float32(0.706)]
2026-07-01 17:12:37.385742: Epoch time: 44.59 s
2026-07-01 17:12:37.385875: Yayy! New best EMA pseudo Dice: 0.671500027179718
2026-07-01 17:12:39.578737: 
2026-07-01 17:12:39.579230: Epoch 4
2026-07-01 17:12:39.579470: Current learning rate: 0.00986
2026-07-01 17:13:24.162755: train_loss -0.2682
2026-07-01 17:13:24.163156: val_loss -0.2196
2026-07-01 17:13:24.163299: Pseudo dice [np.float32(0.7068)]
2026-07-01 17:13:24.163472: Epoch time: 44.59 s
2026-07-01 17:13:24.163600: Yayy! New best EMA pseudo Dice: 0.6751000285148621
2026-07-01 17:13:26.408511: 
2026-07-01 17:13:26.409023: Epoch 5
2026-07-01 17:13:26.409217: Current learning rate: 0.00982
2026-07-01 17:14:11.171903: train_loss -0.2728
2026-07-01 17:14:11.172474: val_loss -0.2386
2026-07-01 17:14:11.172660: Pseudo dice [np.float32(0.7082)]
2026-07-01 17:14:11.172849: Epoch time: 44.77 s
2026-07-01 17:14:11.172986: Yayy! New best EMA pseudo Dice: 0.6783999800682068
2026-07-01 17:14:13.504262: 
2026-07-01 17:14:13.504756: Epoch 6
2026-07-01 17:14:13.505059: Current learning rate: 0.00978
2026-07-01 17:14:58.381428: train_loss -0.2627
2026-07-01 17:14:58.381936: val_loss -0.2389
2026-07-01 17:14:58.382094: Pseudo dice [np.float32(0.7063)]
2026-07-01 17:14:58.382274: Epoch time: 44.88 s
2026-07-01 17:14:58.382404: Yayy! New best EMA pseudo Dice: 0.6812000274658203
2026-07-01 17:15:00.728102: 
2026-07-01 17:15:00.728529: Epoch 7
2026-07-01 17:15:00.728863: Current learning rate: 0.00975
2026-07-01 17:15:45.452763: train_loss -0.2644
2026-07-01 17:15:45.453368: val_loss -0.2485
2026-07-01 17:15:45.453540: Pseudo dice [np.float32(0.717)]
2026-07-01 17:15:45.453743: Epoch time: 44.73 s
2026-07-01 17:15:45.453881: Yayy! New best EMA pseudo Dice: 0.6848000288009644
2026-07-01 17:15:47.700001: 
2026-07-01 17:15:47.700418: Epoch 8
2026-07-01 17:15:47.700593: Current learning rate: 0.00971
2026-07-01 17:16:32.429180: train_loss -0.286
2026-07-01 17:16:32.429870: val_loss -0.2075
2026-07-01 17:16:32.430036: Pseudo dice [np.float32(0.7058)]
2026-07-01 17:16:32.430223: Epoch time: 44.73 s
2026-07-01 17:16:32.430372: Yayy! New best EMA pseudo Dice: 0.6869000196456909
2026-07-01 17:16:35.203890: 
2026-07-01 17:16:35.204336: Epoch 9
2026-07-01 17:16:35.204556: Current learning rate: 0.00968
2026-07-01 17:17:19.908695: train_loss -0.2677
2026-07-01 17:17:19.909268: val_loss -0.2059
2026-07-01 17:17:19.909417: Pseudo dice [np.float32(0.6934)]
2026-07-01 17:17:19.909598: Epoch time: 44.71 s
2026-07-01 17:17:19.909747: Yayy! New best EMA pseudo Dice: 0.6875
2026-07-01 17:17:22.122309: 
2026-07-01 17:17:22.122831: Epoch 10
2026-07-01 17:17:22.123066: Current learning rate: 0.00964
2026-07-01 17:18:07.037591: train_loss -0.2634
2026-07-01 17:18:07.038072: val_loss -0.231
2026-07-01 17:18:07.038218: Pseudo dice [np.float32(0.6984)]
2026-07-01 17:18:07.038389: Epoch time: 44.92 s
2026-07-01 17:18:07.038514: Yayy! New best EMA pseudo Dice: 0.6886000037193298
2026-07-01 17:18:09.209277: 
2026-07-01 17:18:09.209720: Epoch 11
2026-07-01 17:18:09.210027: Current learning rate: 0.0096
2026-07-01 17:18:53.960301: train_loss -0.2809
2026-07-01 17:18:53.961097: val_loss -0.2271
2026-07-01 17:18:53.961252: Pseudo dice [np.float32(0.698)]
2026-07-01 17:18:53.961425: Epoch time: 44.75 s
2026-07-01 17:18:53.961556: Yayy! New best EMA pseudo Dice: 0.6894999742507935
2026-07-01 17:18:56.155347: 
2026-07-01 17:18:56.155773: Epoch 12
2026-07-01 17:18:56.155971: Current learning rate: 0.00957
2026-07-01 17:19:40.938456: train_loss -0.2907
2026-07-01 17:19:40.938936: val_loss -0.2198
2026-07-01 17:19:40.939085: Pseudo dice [np.float32(0.6834)]
2026-07-01 17:19:40.939252: Epoch time: 44.79 s
2026-07-01 17:19:42.631216: 
2026-07-01 17:19:42.631874: Epoch 13
2026-07-01 17:19:42.632165: Current learning rate: 0.00953
2026-07-01 17:20:27.390451: train_loss -0.2978
2026-07-01 17:20:27.391007: val_loss -0.2444
2026-07-01 17:20:27.391157: Pseudo dice [np.float32(0.6948)]
2026-07-01 17:20:27.391328: Epoch time: 44.76 s
2026-07-01 17:20:29.072780: 
2026-07-01 17:20:29.073282: Epoch 14
2026-07-01 17:20:29.073628: Current learning rate: 0.00949
2026-07-01 17:21:13.843973: train_loss -0.3045
2026-07-01 17:21:13.844400: val_loss -0.2372
2026-07-01 17:21:13.844550: Pseudo dice [np.float32(0.7041)]
2026-07-01 17:21:13.845162: Epoch time: 44.77 s
2026-07-01 17:21:13.845311: Yayy! New best EMA pseudo Dice: 0.6909999847412109
2026-07-01 17:21:16.042996: 
2026-07-01 17:21:16.043432: Epoch 15
2026-07-01 17:21:16.043620: Current learning rate: 0.00946
2026-07-01 17:22:00.748003: train_loss -0.2922
2026-07-01 17:22:00.748431: val_loss -0.2356
2026-07-01 17:22:00.748581: Pseudo dice [np.float32(0.7081)]
2026-07-01 17:22:00.748761: Epoch time: 44.71 s
2026-07-01 17:22:00.748893: Yayy! New best EMA pseudo Dice: 0.6927000284194946
2026-07-01 17:22:02.948612: 
2026-07-01 17:22:02.949044: Epoch 16
2026-07-01 17:22:02.949358: Current learning rate: 0.00942
2026-07-01 17:22:48.011593: train_loss -0.3005
2026-07-01 17:22:48.012072: val_loss -0.2553
2026-07-01 17:22:48.012223: Pseudo dice [np.float32(0.7143)]
2026-07-01 17:22:48.012391: Epoch time: 45.07 s
2026-07-01 17:22:48.012515: Yayy! New best EMA pseudo Dice: 0.6948000192642212
2026-07-01 17:22:50.241875: 
2026-07-01 17:22:50.242342: Epoch 17
2026-07-01 17:22:50.242563: Current learning rate: 0.00939
2026-07-01 17:23:34.908057: train_loss -0.3146
2026-07-01 17:23:34.908613: val_loss -0.2795
2026-07-01 17:23:34.908782: Pseudo dice [np.float32(0.7213)]
2026-07-01 17:23:34.908957: Epoch time: 44.67 s
2026-07-01 17:23:34.909087: Yayy! New best EMA pseudo Dice: 0.6974999904632568
2026-07-01 17:23:37.655529: 
2026-07-01 17:23:37.655995: Epoch 18
2026-07-01 17:23:37.656191: Current learning rate: 0.00935
2026-07-01 17:24:22.546202: train_loss -0.3018
2026-07-01 17:24:22.546664: val_loss -0.2549
2026-07-01 17:24:22.546821: Pseudo dice [np.float32(0.7084)]
2026-07-01 17:24:22.546996: Epoch time: 44.89 s
2026-07-01 17:24:22.547125: Yayy! New best EMA pseudo Dice: 0.6985999941825867
2026-07-01 17:24:24.780138: 
2026-07-01 17:24:24.780550: Epoch 19
2026-07-01 17:24:24.780936: Current learning rate: 0.00931
2026-07-01 17:25:09.578493: train_loss -0.3191
2026-07-01 17:25:09.579020: val_loss -0.2726
2026-07-01 17:25:09.579170: Pseudo dice [np.float32(0.7158)]
2026-07-01 17:25:09.579346: Epoch time: 44.8 s
2026-07-01 17:25:09.579473: Yayy! New best EMA pseudo Dice: 0.7002999782562256
2026-07-01 17:25:11.823923: 
2026-07-01 17:25:11.824351: Epoch 20
2026-07-01 17:25:11.824562: Current learning rate: 0.00928
2026-07-01 17:25:56.580091: train_loss -0.3256
2026-07-01 17:25:56.580811: val_loss -0.2765
2026-07-01 17:25:56.580970: Pseudo dice [np.float32(0.7418)]
2026-07-01 17:25:56.581149: Epoch time: 44.76 s
2026-07-01 17:25:56.581276: Yayy! New best EMA pseudo Dice: 0.7044000029563904
2026-07-01 17:25:58.840841: 
2026-07-01 17:25:58.841290: Epoch 21
2026-07-01 17:25:58.841477: Current learning rate: 0.00924
2026-07-01 17:26:43.626733: train_loss -0.3159
2026-07-01 17:26:43.627295: val_loss -0.258
2026-07-01 17:26:43.627443: Pseudo dice [np.float32(0.7208)]
2026-07-01 17:26:43.627625: Epoch time: 44.79 s
2026-07-01 17:26:43.627761: Yayy! New best EMA pseudo Dice: 0.7060999870300293
2026-07-01 17:26:45.832658: 
2026-07-01 17:26:45.833067: Epoch 22
2026-07-01 17:26:45.833261: Current learning rate: 0.0092
2026-07-01 17:27:30.530064: train_loss -0.3139
2026-07-01 17:27:30.530680: val_loss -0.2279
2026-07-01 17:27:30.530832: Pseudo dice [np.float32(0.6833)]
2026-07-01 17:27:30.531008: Epoch time: 44.7 s
2026-07-01 17:27:32.239940: 
2026-07-01 17:27:32.240358: Epoch 23
2026-07-01 17:27:32.240554: Current learning rate: 0.00917
2026-07-01 17:28:17.105790: train_loss -0.3245
2026-07-01 17:28:17.106320: val_loss -0.2886
2026-07-01 17:28:17.106471: Pseudo dice [np.float32(0.7197)]
2026-07-01 17:28:17.106654: Epoch time: 44.87 s
2026-07-01 17:28:18.796167: 
2026-07-01 17:28:18.796571: Epoch 24
2026-07-01 17:28:18.796834: Current learning rate: 0.00913
2026-07-01 17:29:03.708580: train_loss -0.2982
2026-07-01 17:29:03.709184: val_loss -0.3017
2026-07-01 17:29:03.709332: Pseudo dice [np.float32(0.7438)]
2026-07-01 17:29:03.709501: Epoch time: 44.92 s
2026-07-01 17:29:03.709629: Yayy! New best EMA pseudo Dice: 0.7092000246047974
2026-07-01 17:29:05.908180: 
2026-07-01 17:29:05.908735: Epoch 25
2026-07-01 17:29:05.908921: Current learning rate: 0.0091
2026-07-01 17:29:50.556462: train_loss -0.3175
2026-07-01 17:29:50.556961: val_loss -0.2667
2026-07-01 17:29:50.557112: Pseudo dice [np.float32(0.7222)]
2026-07-01 17:29:50.557281: Epoch time: 44.65 s
2026-07-01 17:29:50.557413: Yayy! New best EMA pseudo Dice: 0.7105000019073486
2026-07-01 17:29:53.128051: 
2026-07-01 17:29:53.128594: Epoch 26
2026-07-01 17:29:53.128888: Current learning rate: 0.00906
2026-07-01 17:30:37.953979: train_loss -0.3184
2026-07-01 17:30:37.954436: val_loss -0.247
2026-07-01 17:30:37.954581: Pseudo dice [np.float32(0.6935)]
2026-07-01 17:30:37.954764: Epoch time: 44.83 s
2026-07-01 17:30:39.648650: 
2026-07-01 17:30:39.649108: Epoch 27
2026-07-01 17:30:39.649294: Current learning rate: 0.00902
2026-07-01 17:31:24.464991: train_loss -0.3184
2026-07-01 17:31:24.465751: val_loss -0.264
2026-07-01 17:31:24.465916: Pseudo dice [np.float32(0.7158)]
2026-07-01 17:31:24.466089: Epoch time: 44.82 s
2026-07-01 17:31:26.172154: 
2026-07-01 17:31:26.172602: Epoch 28
2026-07-01 17:31:26.172791: Current learning rate: 0.00899
2026-07-01 17:32:11.031699: train_loss -0.3266
2026-07-01 17:32:11.032172: val_loss -0.2115
2026-07-01 17:32:11.032573: Pseudo dice [np.float32(0.6873)]
2026-07-01 17:32:11.032768: Epoch time: 44.86 s
2026-07-01 17:32:12.751631: 
2026-07-01 17:32:12.752069: Epoch 29
2026-07-01 17:32:12.752263: Current learning rate: 0.00895
2026-07-01 17:32:57.395229: train_loss -0.3298
2026-07-01 17:32:57.395730: val_loss -0.2489
2026-07-01 17:32:57.395880: Pseudo dice [np.float32(0.7163)]
2026-07-01 17:32:57.396050: Epoch time: 44.65 s
2026-07-01 17:32:59.140339: 
2026-07-01 17:32:59.140826: Epoch 30
2026-07-01 17:32:59.141039: Current learning rate: 0.00891
2026-07-01 17:33:43.874393: train_loss -0.3272
2026-07-01 17:33:43.875031: val_loss -0.2928
2026-07-01 17:33:43.875188: Pseudo dice [np.float32(0.75)]
2026-07-01 17:33:43.875365: Epoch time: 44.74 s
2026-07-01 17:33:43.875505: Yayy! New best EMA pseudo Dice: 0.7124000191688538
2026-07-01 17:33:46.081449: 
2026-07-01 17:33:46.081993: Epoch 31
2026-07-01 17:33:46.082192: Current learning rate: 0.00888
2026-07-01 17:34:30.752776: train_loss -0.3363
2026-07-01 17:34:30.753447: val_loss -0.2601
2026-07-01 17:34:30.753603: Pseudo dice [np.float32(0.7155)]
2026-07-01 17:34:30.753783: Epoch time: 44.67 s
2026-07-01 17:34:30.753913: Yayy! New best EMA pseudo Dice: 0.7127000093460083
2026-07-01 17:34:32.936224: 
2026-07-01 17:34:32.936720: Epoch 32
2026-07-01 17:34:32.936910: Current learning rate: 0.00884
2026-07-01 17:35:17.748731: train_loss -0.3327
2026-07-01 17:35:17.749391: val_loss -0.2372
2026-07-01 17:35:17.749560: Pseudo dice [np.float32(0.7122)]
2026-07-01 17:35:17.749755: Epoch time: 44.82 s
2026-07-01 17:35:19.463110: 
2026-07-01 17:35:19.463618: Epoch 33
2026-07-01 17:35:19.463909: Current learning rate: 0.0088
2026-07-01 17:36:04.151651: train_loss -0.3341
2026-07-01 17:36:04.154981: val_loss -0.2467
2026-07-01 17:36:04.155148: Pseudo dice [np.float32(0.7019)]
2026-07-01 17:36:04.155324: Epoch time: 44.69 s
2026-07-01 17:36:05.882814: 
2026-07-01 17:36:05.883280: Epoch 34
2026-07-01 17:36:05.883474: Current learning rate: 0.00877
2026-07-01 17:36:50.585260: train_loss -0.3522
2026-07-01 17:36:50.585698: val_loss -0.1818
2026-07-01 17:36:50.585846: Pseudo dice [np.float32(0.6724)]
2026-07-01 17:36:50.586016: Epoch time: 44.71 s
2026-07-01 17:36:52.733181: 
2026-07-01 17:36:52.733784: Epoch 35
2026-07-01 17:36:52.733975: Current learning rate: 0.00873
2026-07-01 17:37:37.572969: train_loss -0.3356
2026-07-01 17:37:37.573683: val_loss -0.2449
2026-07-01 17:37:37.573872: Pseudo dice [np.float32(0.708)]
2026-07-01 17:37:37.574052: Epoch time: 44.84 s
2026-07-01 17:37:39.318026: 
2026-07-01 17:37:39.318591: Epoch 36
2026-07-01 17:37:39.318871: Current learning rate: 0.00869
2026-07-01 17:38:24.036273: train_loss -0.3421
2026-07-01 17:38:24.036788: val_loss -0.2504
2026-07-01 17:38:24.036944: Pseudo dice [np.float32(0.6859)]
2026-07-01 17:38:24.037121: Epoch time: 44.72 s
2026-07-01 17:38:25.776628: 
2026-07-01 17:38:25.777177: Epoch 37
2026-07-01 17:38:25.777364: Current learning rate: 0.00866
2026-07-01 17:39:10.629312: train_loss -0.3384
2026-07-01 17:39:10.629992: val_loss -0.2287
2026-07-01 17:39:10.630153: Pseudo dice [np.float32(0.6641)]
2026-07-01 17:39:10.630331: Epoch time: 44.86 s
2026-07-01 17:39:12.378758: 
2026-07-01 17:39:12.379157: Epoch 38
2026-07-01 17:39:12.379350: Current learning rate: 0.00862
2026-07-01 17:39:57.327472: train_loss -0.3391
2026-07-01 17:39:57.328093: val_loss -0.2161
2026-07-01 17:39:57.328241: Pseudo dice [np.float32(0.6944)]
2026-07-01 17:39:57.328415: Epoch time: 44.95 s
2026-07-01 17:39:59.083017: 
2026-07-01 17:39:59.083506: Epoch 39
2026-07-01 17:39:59.083709: Current learning rate: 0.00858
2026-07-01 17:40:44.035879: train_loss -0.3607
2026-07-01 17:40:44.036673: val_loss -0.2013
2026-07-01 17:40:44.036838: Pseudo dice [np.float32(0.6559)]
2026-07-01 17:40:44.037013: Epoch time: 44.96 s
2026-07-01 17:40:45.801135: 
2026-07-01 17:40:45.801611: Epoch 40
2026-07-01 17:40:45.801811: Current learning rate: 0.00855
2026-07-01 17:41:30.510664: train_loss -0.3663
2026-07-01 17:41:30.511280: val_loss -0.2867
2026-07-01 17:41:30.511449: Pseudo dice [np.float32(0.7226)]
2026-07-01 17:41:30.511622: Epoch time: 44.71 s
2026-07-01 17:41:32.268811: 
2026-07-01 17:41:32.269268: Epoch 41
2026-07-01 17:41:32.269457: Current learning rate: 0.00851
2026-07-01 17:42:17.061404: train_loss -0.3391
2026-07-01 17:42:17.061877: val_loss -0.2687
2026-07-01 17:42:17.062093: Pseudo dice [np.float32(0.7014)]
2026-07-01 17:42:17.062659: Epoch time: 44.8 s
2026-07-01 17:42:18.763048: 
2026-07-01 17:42:18.763485: Epoch 42
2026-07-01 17:42:18.763679: Current learning rate: 0.00847
2026-07-01 17:43:03.571387: train_loss -0.3588
2026-07-01 17:43:03.572001: val_loss -0.3185
2026-07-01 17:43:03.572178: Pseudo dice [np.float32(0.7481)]
2026-07-01 17:43:03.572369: Epoch time: 44.81 s
2026-07-01 17:43:05.296320: 
2026-07-01 17:43:05.296664: Epoch 43
2026-07-01 17:43:05.296883: Current learning rate: 0.00844
2026-07-01 17:43:50.199506: train_loss -0.3446
2026-07-01 17:43:50.200128: val_loss -0.3233
2026-07-01 17:43:50.200284: Pseudo dice [np.float32(0.7457)]
2026-07-01 17:43:50.200459: Epoch time: 44.91 s
2026-07-01 17:43:52.345028: 
2026-07-01 17:43:52.345563: Epoch 44
2026-07-01 17:43:52.345803: Current learning rate: 0.0084
2026-07-01 17:44:37.388031: train_loss -0.3684
2026-07-01 17:44:37.388648: val_loss -0.2387
2026-07-01 17:44:37.388802: Pseudo dice [np.float32(0.7045)]
2026-07-01 17:44:37.388983: Epoch time: 45.05 s
2026-07-01 17:44:39.117414: 
2026-07-01 17:44:39.118013: Epoch 45
2026-07-01 17:44:39.118216: Current learning rate: 0.00836
2026-07-01 17:45:23.954665: train_loss -0.3545
2026-07-01 17:45:23.955270: val_loss -0.1584
2026-07-01 17:45:23.955422: Pseudo dice [np.float32(0.6572)]
2026-07-01 17:45:23.955600: Epoch time: 44.84 s
2026-07-01 17:45:25.666792: 
2026-07-01 17:45:25.667417: Epoch 46
2026-07-01 17:45:25.667746: Current learning rate: 0.00833
2026-07-01 17:46:10.548057: train_loss -0.3455
2026-07-01 17:46:10.548530: val_loss -0.3113
2026-07-01 17:46:10.548691: Pseudo dice [np.float32(0.7359)]
2026-07-01 17:46:10.548868: Epoch time: 44.88 s
2026-07-01 17:46:12.258921: 
2026-07-01 17:46:12.259419: Epoch 47
2026-07-01 17:46:12.259617: Current learning rate: 0.00829
2026-07-01 17:46:57.142233: train_loss -0.34
2026-07-01 17:46:57.145775: val_loss -0.2285
2026-07-01 17:46:57.145938: Pseudo dice [np.float32(0.6797)]
2026-07-01 17:46:57.146115: Epoch time: 44.89 s
2026-07-01 17:46:58.859770: 
2026-07-01 17:46:58.860350: Epoch 48
2026-07-01 17:46:58.860734: Current learning rate: 0.00825
2026-07-01 17:47:43.917390: train_loss -0.3494
2026-07-01 17:47:43.917859: val_loss -0.2622
2026-07-01 17:47:43.918016: Pseudo dice [np.float32(0.7182)]
2026-07-01 17:47:43.918192: Epoch time: 45.06 s
2026-07-01 17:47:45.639489: 
2026-07-01 17:47:45.639934: Epoch 49
2026-07-01 17:47:45.640222: Current learning rate: 0.00822
2026-07-01 17:48:30.556909: train_loss -0.3706
2026-07-01 17:48:30.557538: val_loss -0.219
2026-07-01 17:48:30.557698: Pseudo dice [np.float32(0.6762)]
2026-07-01 17:48:30.557872: Epoch time: 44.92 s
2026-07-01 17:48:32.790612: 
2026-07-01 17:48:32.791085: Epoch 50
2026-07-01 17:48:32.791292: Current learning rate: 0.00818
2026-07-01 17:49:17.825392: train_loss -0.3387
2026-07-01 17:49:17.825883: val_loss -0.244
2026-07-01 17:49:17.826033: Pseudo dice [np.float32(0.7072)]
2026-07-01 17:49:17.826209: Epoch time: 45.04 s
2026-07-01 17:49:19.553838: 
2026-07-01 17:49:19.554168: Epoch 51
2026-07-01 17:49:19.554342: Current learning rate: 0.00814
2026-07-01 17:50:04.513851: train_loss -0.3474
2026-07-01 17:50:04.514387: val_loss -0.2116
2026-07-01 17:50:04.514540: Pseudo dice [np.float32(0.6926)]
2026-07-01 17:50:04.514726: Epoch time: 44.96 s
2026-07-01 17:50:06.241735: 
2026-07-01 17:50:06.242286: Epoch 52
2026-07-01 17:50:06.242594: Current learning rate: 0.00811
2026-07-01 17:50:51.132207: train_loss -0.3565
2026-07-01 17:50:51.132657: val_loss -0.2576
2026-07-01 17:50:51.132808: Pseudo dice [np.float32(0.6988)]
2026-07-01 17:50:51.132986: Epoch time: 44.89 s
2026-07-01 17:50:53.258877: 
2026-07-01 17:50:53.259399: Epoch 53
2026-07-01 17:50:53.259592: Current learning rate: 0.00807
2026-07-01 17:51:37.926937: train_loss -0.3572
2026-07-01 17:51:37.927470: val_loss -0.3212
2026-07-01 17:51:37.927618: Pseudo dice [np.float32(0.7571)]
2026-07-01 17:51:37.927802: Epoch time: 44.67 s
2026-07-01 17:51:39.677360: 
2026-07-01 17:51:39.677933: Epoch 54
2026-07-01 17:51:39.678212: Current learning rate: 0.00803
2026-07-01 17:52:24.466948: train_loss -0.3743
2026-07-01 17:52:24.467527: val_loss -0.2464
2026-07-01 17:52:24.467693: Pseudo dice [np.float32(0.6973)]
2026-07-01 17:52:24.467873: Epoch time: 44.79 s
2026-07-01 17:52:26.214053: 
2026-07-01 17:52:26.214563: Epoch 55
2026-07-01 17:52:26.214880: Current learning rate: 0.008
2026-07-01 17:53:10.776136: train_loss -0.3715
2026-07-01 17:53:10.776613: val_loss -0.2518
2026-07-01 17:53:10.776776: Pseudo dice [np.float32(0.6967)]
2026-07-01 17:53:10.776953: Epoch time: 44.57 s
2026-07-01 17:53:12.526594: 
2026-07-01 17:53:12.527051: Epoch 56
2026-07-01 17:53:12.527302: Current learning rate: 0.00796
2026-07-01 17:53:57.271318: train_loss -0.3655
2026-07-01 17:53:57.271919: val_loss -0.2817
2026-07-01 17:53:57.272070: Pseudo dice [np.float32(0.726)]
2026-07-01 17:53:57.272239: Epoch time: 44.75 s
2026-07-01 17:53:59.021541: 
2026-07-01 17:53:59.022085: Epoch 57
2026-07-01 17:53:59.022365: Current learning rate: 0.00792
2026-07-01 17:54:43.721248: train_loss -0.3651
2026-07-01 17:54:43.721910: val_loss -0.2858
2026-07-01 17:54:43.722062: Pseudo dice [np.float32(0.7122)]
2026-07-01 17:54:43.722237: Epoch time: 44.7 s
2026-07-01 17:54:45.450610: 
2026-07-01 17:54:45.451077: Epoch 58
2026-07-01 17:54:45.451267: Current learning rate: 0.00789
2026-07-01 17:55:30.352413: train_loss -0.3636
2026-07-01 17:55:30.352950: val_loss -0.293
2026-07-01 17:55:30.353104: Pseudo dice [np.float32(0.7323)]
2026-07-01 17:55:30.353273: Epoch time: 44.91 s
2026-07-01 17:55:32.088862: 
2026-07-01 17:55:32.089303: Epoch 59
2026-07-01 17:55:32.089485: Current learning rate: 0.00785
2026-07-01 17:56:16.831435: train_loss -0.3732
2026-07-01 17:56:16.832354: val_loss -0.3049
2026-07-01 17:56:16.832515: Pseudo dice [np.float32(0.7289)]
2026-07-01 17:56:16.832702: Epoch time: 44.75 s
2026-07-01 17:56:18.564635: 
2026-07-01 17:56:18.565044: Epoch 60
2026-07-01 17:56:18.565265: Current learning rate: 0.00781
2026-07-01 17:57:03.251256: train_loss -0.366
2026-07-01 17:57:03.251703: val_loss -0.3643
2026-07-01 17:57:03.251879: Pseudo dice [np.float32(0.7809)]
2026-07-01 17:57:03.252244: Epoch time: 44.69 s
2026-07-01 17:57:03.252412: Yayy! New best EMA pseudo Dice: 0.7188000082969666
2026-07-01 17:57:05.833808: 
2026-07-01 17:57:05.834421: Epoch 61
2026-07-01 17:57:05.834736: Current learning rate: 0.00777
2026-07-01 17:57:50.457158: train_loss -0.3725
2026-07-01 17:57:50.457599: val_loss -0.3059
2026-07-01 17:57:50.457804: Pseudo dice [np.float32(0.7263)]
2026-07-01 17:57:50.458699: Epoch time: 44.63 s
2026-07-01 17:57:50.458858: Yayy! New best EMA pseudo Dice: 0.7196000218391418
2026-07-01 17:57:52.795013: 
2026-07-01 17:57:52.795532: Epoch 62
2026-07-01 17:57:52.795818: Current learning rate: 0.00774
2026-07-01 17:58:37.524576: train_loss -0.3604
2026-07-01 17:58:37.525046: val_loss -0.2823
2026-07-01 17:58:37.525203: Pseudo dice [np.float32(0.7156)]
2026-07-01 17:58:37.525371: Epoch time: 44.73 s
2026-07-01 17:58:39.265284: 
2026-07-01 17:58:39.265821: Epoch 63
2026-07-01 17:58:39.266019: Current learning rate: 0.0077
2026-07-01 17:59:23.995168: train_loss -0.372
2026-07-01 17:59:23.995760: val_loss -0.2775
2026-07-01 17:59:23.995909: Pseudo dice [np.float32(0.7276)]
2026-07-01 17:59:23.996075: Epoch time: 44.73 s
2026-07-01 17:59:23.996203: Yayy! New best EMA pseudo Dice: 0.7200000286102295
2026-07-01 17:59:26.223456: 
2026-07-01 17:59:26.223983: Epoch 64
2026-07-01 17:59:26.224173: Current learning rate: 0.00766
2026-07-01 18:00:11.140054: train_loss -0.3705
2026-07-01 18:00:11.140572: val_loss -0.2603
2026-07-01 18:00:11.140731: Pseudo dice [np.float32(0.7095)]
2026-07-01 18:00:11.140912: Epoch time: 44.92 s
2026-07-01 18:00:12.864948: 
2026-07-01 18:00:12.865455: Epoch 65
2026-07-01 18:00:12.865752: Current learning rate: 0.00763
2026-07-01 18:00:57.585653: train_loss -0.3708
2026-07-01 18:00:57.586526: val_loss -0.3004
2026-07-01 18:00:57.586691: Pseudo dice [np.float32(0.735)]
2026-07-01 18:00:57.586861: Epoch time: 44.72 s
2026-07-01 18:00:57.586998: Yayy! New best EMA pseudo Dice: 0.7206000089645386
2026-07-01 18:00:59.824275: 
2026-07-01 18:00:59.824885: Epoch 66
2026-07-01 18:00:59.825284: Current learning rate: 0.00759
2026-07-01 18:01:44.625685: train_loss -0.371
2026-07-01 18:01:44.626180: val_loss -0.2862
2026-07-01 18:01:44.626354: Pseudo dice [np.float32(0.7402)]
2026-07-01 18:01:44.626531: Epoch time: 44.8 s
2026-07-01 18:01:44.626670: Yayy! New best EMA pseudo Dice: 0.7225000262260437
2026-07-01 18:01:46.862872: 
2026-07-01 18:01:46.863332: Epoch 67
2026-07-01 18:01:46.863658: Current learning rate: 0.00755
2026-07-01 18:02:31.806468: train_loss -0.3863
2026-07-01 18:02:31.807013: val_loss -0.2658
2026-07-01 18:02:31.807166: Pseudo dice [np.float32(0.7075)]
2026-07-01 18:02:31.807343: Epoch time: 44.95 s
2026-07-01 18:02:33.573476: 
2026-07-01 18:02:33.573912: Epoch 68
2026-07-01 18:02:33.574223: Current learning rate: 0.00751
2026-07-01 18:03:18.573302: train_loss -0.3794
2026-07-01 18:03:18.573864: val_loss -0.1141
2026-07-01 18:03:18.574034: Pseudo dice [np.float32(0.6281)]
2026-07-01 18:03:18.574209: Epoch time: 45.0 s
2026-07-01 18:03:20.379254: 
2026-07-01 18:03:20.379706: Epoch 69
2026-07-01 18:03:20.380030: Current learning rate: 0.00748
2026-07-01 18:04:05.315156: train_loss -0.3591
2026-07-01 18:04:05.315560: val_loss -0.3693
2026-07-01 18:04:05.315722: Pseudo dice [np.float32(0.7799)]
2026-07-01 18:04:05.315891: Epoch time: 44.94 s
2026-07-01 18:04:07.437045: 
2026-07-01 18:04:07.437633: Epoch 70
2026-07-01 18:04:07.437956: Current learning rate: 0.00744
2026-07-01 18:04:52.271487: train_loss -0.3644
2026-07-01 18:04:52.272042: val_loss -0.1504
2026-07-01 18:04:52.272211: Pseudo dice [np.float32(0.6538)]
2026-07-01 18:04:52.272384: Epoch time: 44.84 s
2026-07-01 18:04:54.043099: 
2026-07-01 18:04:54.043746: Epoch 71
2026-07-01 18:04:54.044039: Current learning rate: 0.0074
2026-07-01 18:05:38.962440: train_loss -0.371
2026-07-01 18:05:38.963004: val_loss -0.2559
2026-07-01 18:05:38.963163: Pseudo dice [np.float32(0.7155)]
2026-07-01 18:05:38.963369: Epoch time: 44.92 s
2026-07-01 18:05:40.726700: 
2026-07-01 18:05:40.727270: Epoch 72
2026-07-01 18:05:40.727450: Current learning rate: 0.00737
2026-07-01 18:06:25.699893: train_loss -0.3717
2026-07-01 18:06:25.700536: val_loss -0.3037
2026-07-01 18:06:25.700711: Pseudo dice [np.float32(0.7471)]
2026-07-01 18:06:25.700893: Epoch time: 44.98 s
2026-07-01 18:06:27.462176: 
2026-07-01 18:06:27.462621: Epoch 73
2026-07-01 18:06:27.462821: Current learning rate: 0.00733
2026-07-01 18:07:12.542659: train_loss -0.3736
2026-07-01 18:07:12.543087: val_loss -0.2737
2026-07-01 18:07:12.543232: Pseudo dice [np.float32(0.725)]
2026-07-01 18:07:12.543403: Epoch time: 45.08 s
2026-07-01 18:07:14.313163: 
2026-07-01 18:07:14.313737: Epoch 74
2026-07-01 18:07:14.314055: Current learning rate: 0.00729
2026-07-01 18:07:59.008812: train_loss -0.3677
2026-07-01 18:07:59.009259: val_loss -0.3295
2026-07-01 18:07:59.009408: Pseudo dice [np.float32(0.7451)]
2026-07-01 18:07:59.009590: Epoch time: 44.7 s
2026-07-01 18:08:00.773792: 
2026-07-01 18:08:00.774343: Epoch 75
2026-07-01 18:08:00.774696: Current learning rate: 0.00725
2026-07-01 18:08:45.852005: train_loss -0.3838
2026-07-01 18:08:45.852531: val_loss -0.279
2026-07-01 18:08:45.852704: Pseudo dice [np.float32(0.72)]
2026-07-01 18:08:45.852887: Epoch time: 45.08 s
2026-07-01 18:08:47.628895: 
2026-07-01 18:08:47.629367: Epoch 76
2026-07-01 18:08:47.629556: Current learning rate: 0.00722
2026-07-01 18:09:32.621845: train_loss -0.3806
2026-07-01 18:09:32.622337: val_loss -0.2644
2026-07-01 18:09:32.622490: Pseudo dice [np.float32(0.7107)]
2026-07-01 18:09:32.622674: Epoch time: 45.0 s
2026-07-01 18:09:34.394125: 
2026-07-01 18:09:34.394713: Epoch 77
2026-07-01 18:09:34.395056: Current learning rate: 0.00718
2026-07-01 18:10:19.136312: train_loss -0.4004
2026-07-01 18:10:19.137058: val_loss -0.1921
2026-07-01 18:10:19.137215: Pseudo dice [np.float32(0.6748)]
2026-07-01 18:10:19.137399: Epoch time: 44.75 s
2026-07-01 18:10:20.923164: 
2026-07-01 18:10:20.923739: Epoch 78
2026-07-01 18:10:20.924050: Current learning rate: 0.00714
2026-07-01 18:11:06.010070: train_loss -0.3895
2026-07-01 18:11:06.010628: val_loss -0.2934
2026-07-01 18:11:06.010793: Pseudo dice [np.float32(0.7327)]
2026-07-01 18:11:06.010975: Epoch time: 45.09 s
2026-07-01 18:11:07.803280: 
2026-07-01 18:11:07.803832: Epoch 79
2026-07-01 18:11:07.804138: Current learning rate: 0.0071
2026-07-01 18:11:52.591145: train_loss -0.3781
2026-07-01 18:11:52.591567: val_loss -0.2949
2026-07-01 18:11:52.591958: Pseudo dice [np.float32(0.74)]
2026-07-01 18:11:52.592165: Epoch time: 44.79 s
2026-07-01 18:11:54.379143: 
2026-07-01 18:11:54.379684: Epoch 80
2026-07-01 18:11:54.379879: Current learning rate: 0.00707
2026-07-01 18:12:39.046710: train_loss -0.3728
2026-07-01 18:12:39.047360: val_loss -0.2728
2026-07-01 18:12:39.047508: Pseudo dice [np.float32(0.7285)]
2026-07-01 18:12:39.047691: Epoch time: 44.67 s
2026-07-01 18:12:40.838486: 
2026-07-01 18:12:40.838937: Epoch 81
2026-07-01 18:12:40.839118: Current learning rate: 0.00703
2026-07-01 18:13:25.745888: train_loss -0.3696
2026-07-01 18:13:25.746382: val_loss -0.321
2026-07-01 18:13:25.746532: Pseudo dice [np.float32(0.758)]
2026-07-01 18:13:25.746713: Epoch time: 44.91 s
2026-07-01 18:13:25.746847: Yayy! New best EMA pseudo Dice: 0.7233999967575073
2026-07-01 18:13:28.050168: 
2026-07-01 18:13:28.050644: Epoch 82
2026-07-01 18:13:28.050835: Current learning rate: 0.00699
2026-07-01 18:14:12.866719: train_loss -0.3688
2026-07-01 18:14:12.867386: val_loss -0.167
2026-07-01 18:14:12.867537: Pseudo dice [np.float32(0.6691)]
2026-07-01 18:14:12.867721: Epoch time: 44.82 s
2026-07-01 18:14:14.610399: 
2026-07-01 18:14:14.610923: Epoch 83
2026-07-01 18:14:14.611212: Current learning rate: 0.00696
2026-07-01 18:14:59.558187: train_loss -0.3814
2026-07-01 18:14:59.558607: val_loss -0.278
2026-07-01 18:14:59.558771: Pseudo dice [np.float32(0.7268)]
2026-07-01 18:14:59.558944: Epoch time: 44.95 s
2026-07-01 18:15:01.300617: 
2026-07-01 18:15:01.301102: Epoch 84
2026-07-01 18:15:01.301403: Current learning rate: 0.00692
2026-07-01 18:15:46.132782: train_loss -0.3807
2026-07-01 18:15:46.134090: val_loss -0.3162
2026-07-01 18:15:46.134269: Pseudo dice [np.float32(0.7518)]
2026-07-01 18:15:46.134451: Epoch time: 44.84 s
2026-07-01 18:15:47.881870: 
2026-07-01 18:15:47.882340: Epoch 85
2026-07-01 18:15:47.882602: Current learning rate: 0.00688
2026-07-01 18:16:32.722913: train_loss -0.3821
2026-07-01 18:16:32.723399: val_loss -0.0946
2026-07-01 18:16:32.723556: Pseudo dice [np.float32(0.631)]
2026-07-01 18:16:32.724328: Epoch time: 44.84 s
2026-07-01 18:16:34.452239: 
2026-07-01 18:16:34.452757: Epoch 86
2026-07-01 18:16:34.452951: Current learning rate: 0.00684
2026-07-01 18:17:19.366051: train_loss -0.38
2026-07-01 18:17:19.366663: val_loss -0.2407
2026-07-01 18:17:19.367001: Pseudo dice [np.float32(0.7023)]
2026-07-01 18:17:19.367193: Epoch time: 44.92 s
2026-07-01 18:17:21.471395: 
2026-07-01 18:17:21.471972: Epoch 87
2026-07-01 18:17:21.472175: Current learning rate: 0.0068
2026-07-01 18:18:06.119791: train_loss -0.3767
2026-07-01 18:18:06.120248: val_loss -0.3228
2026-07-01 18:18:06.120399: Pseudo dice [np.float32(0.7529)]
2026-07-01 18:18:06.120569: Epoch time: 44.65 s
2026-07-01 18:18:07.859014: 
2026-07-01 18:18:07.859539: Epoch 88
2026-07-01 18:18:07.859738: Current learning rate: 0.00677
2026-07-01 18:18:52.536418: train_loss -0.3897
2026-07-01 18:18:52.536901: val_loss -0.1855
2026-07-01 18:18:52.537051: Pseudo dice [np.float32(0.6722)]
2026-07-01 18:18:52.537220: Epoch time: 44.68 s
2026-07-01 18:18:54.275939: 
2026-07-01 18:18:54.276466: Epoch 89
2026-07-01 18:18:54.276767: Current learning rate: 0.00673
2026-07-01 18:19:39.114611: train_loss -0.3778
2026-07-01 18:19:39.115225: val_loss -0.1892
2026-07-01 18:19:39.115377: Pseudo dice [np.float32(0.6707)]
2026-07-01 18:19:39.115551: Epoch time: 44.84 s
2026-07-01 18:19:40.863826: 
2026-07-01 18:19:40.864246: Epoch 90
2026-07-01 18:19:40.864534: Current learning rate: 0.00669
2026-07-01 18:20:25.482376: train_loss -0.3892
2026-07-01 18:20:25.485937: val_loss -0.3461
2026-07-01 18:20:25.486092: Pseudo dice [np.float32(0.7594)]
2026-07-01 18:20:25.486270: Epoch time: 44.62 s
2026-07-01 18:20:27.234624: 
2026-07-01 18:20:27.235210: Epoch 91
2026-07-01 18:20:27.235509: Current learning rate: 0.00665
2026-07-01 18:21:11.950353: train_loss -0.3855
2026-07-01 18:21:11.950879: val_loss -0.2663
2026-07-01 18:21:11.951030: Pseudo dice [np.float32(0.7085)]
2026-07-01 18:21:11.951204: Epoch time: 44.72 s
2026-07-01 18:21:13.691533: 
2026-07-01 18:21:13.691916: Epoch 92
2026-07-01 18:21:13.692109: Current learning rate: 0.00662
2026-07-01 18:21:58.451473: train_loss -0.3795
2026-07-01 18:21:58.452301: val_loss -0.2499
2026-07-01 18:21:58.452499: Pseudo dice [np.float32(0.7108)]
2026-07-01 18:21:58.452692: Epoch time: 44.76 s
2026-07-01 18:22:00.215008: 
2026-07-01 18:22:00.215546: Epoch 93
2026-07-01 18:22:00.215779: Current learning rate: 0.00658
2026-07-01 18:22:45.262767: train_loss -0.3687
2026-07-01 18:22:45.263229: val_loss -0.0773
2026-07-01 18:22:45.263378: Pseudo dice [np.float32(0.6306)]
2026-07-01 18:22:45.263549: Epoch time: 45.05 s
2026-07-01 18:22:47.022361: 
2026-07-01 18:22:47.022799: Epoch 94
2026-07-01 18:22:47.023032: Current learning rate: 0.00654
2026-07-01 18:23:31.956446: train_loss -0.3979
2026-07-01 18:23:31.956951: val_loss -0.2897
2026-07-01 18:23:31.957099: Pseudo dice [np.float32(0.7272)]
2026-07-01 18:23:31.957276: Epoch time: 44.94 s
2026-07-01 18:23:33.712706: 
2026-07-01 18:23:33.713203: Epoch 95
2026-07-01 18:23:33.713407: Current learning rate: 0.0065
2026-07-01 18:24:18.458849: train_loss -0.394
2026-07-01 18:24:18.459442: val_loss -0.2729
2026-07-01 18:24:18.459601: Pseudo dice [np.float32(0.736)]
2026-07-01 18:24:18.459783: Epoch time: 44.75 s
2026-07-01 18:24:20.610379: 
2026-07-01 18:24:20.611016: Epoch 96
2026-07-01 18:24:20.611229: Current learning rate: 0.00647
2026-07-01 18:25:05.298238: train_loss -0.404
2026-07-01 18:25:05.298880: val_loss -0.2226
2026-07-01 18:25:05.299035: Pseudo dice [np.float32(0.6866)]
2026-07-01 18:25:05.299216: Epoch time: 44.69 s
2026-07-01 18:25:07.068200: 
2026-07-01 18:25:07.068952: Epoch 97
2026-07-01 18:25:07.069320: Current learning rate: 0.00643
2026-07-01 18:25:51.960616: train_loss -0.3938
2026-07-01 18:25:51.961163: val_loss -0.2489
2026-07-01 18:25:51.961332: Pseudo dice [np.float32(0.6978)]
2026-07-01 18:25:51.961515: Epoch time: 44.9 s
2026-07-01 18:25:53.733580: 
2026-07-01 18:25:53.734158: Epoch 98
2026-07-01 18:25:53.734380: Current learning rate: 0.00639
2026-07-01 18:26:38.517603: train_loss -0.3629
2026-07-01 18:26:38.518044: val_loss -0.2243
2026-07-01 18:26:38.518189: Pseudo dice [np.float32(0.6878)]
2026-07-01 18:26:38.518445: Epoch time: 44.79 s
2026-07-01 18:26:40.285765: 
2026-07-01 18:26:40.286344: Epoch 99
2026-07-01 18:26:40.286633: Current learning rate: 0.00635
2026-07-01 18:27:25.128875: train_loss -0.3893
2026-07-01 18:27:25.129463: val_loss -0.2992
2026-07-01 18:27:25.129616: Pseudo dice [np.float32(0.7359)]
2026-07-01 18:27:25.129797: Epoch time: 44.85 s
2026-07-01 18:27:27.405438: 
2026-07-01 18:27:27.405933: Epoch 100
2026-07-01 18:27:27.406131: Current learning rate: 0.00631
2026-07-01 18:28:12.305316: train_loss -0.3922
2026-07-01 18:28:12.305799: val_loss -0.2473
2026-07-01 18:28:12.305950: Pseudo dice [np.float32(0.7124)]
2026-07-01 18:28:12.306124: Epoch time: 44.9 s
2026-07-01 18:28:14.071389: 
2026-07-01 18:28:14.071957: Epoch 101
2026-07-01 18:28:14.072264: Current learning rate: 0.00628
2026-07-01 18:28:58.951179: train_loss -0.4022
2026-07-01 18:28:58.951717: val_loss -0.1989
2026-07-01 18:28:58.951869: Pseudo dice [np.float32(0.6977)]
2026-07-01 18:28:58.952045: Epoch time: 44.88 s
2026-07-01 18:29:00.727878: 
2026-07-01 18:29:00.728354: Epoch 102
2026-07-01 18:29:00.728683: Current learning rate: 0.00624
2026-07-01 18:29:45.491841: train_loss -0.3936
2026-07-01 18:29:45.492355: val_loss -0.1223
2026-07-01 18:29:45.492503: Pseudo dice [np.float32(0.624)]
2026-07-01 18:29:45.492686: Epoch time: 44.77 s
2026-07-01 18:29:47.271385: 
2026-07-01 18:29:47.271817: Epoch 103
2026-07-01 18:29:47.272068: Current learning rate: 0.0062
2026-07-01 18:30:32.237904: train_loss -0.4041
2026-07-01 18:30:32.238437: val_loss -0.3056
2026-07-01 18:30:32.238586: Pseudo dice [np.float32(0.7322)]
2026-07-01 18:30:32.238764: Epoch time: 44.97 s
2026-07-01 18:30:34.396430: 
2026-07-01 18:30:34.396935: Epoch 104
2026-07-01 18:30:34.397234: Current learning rate: 0.00616
2026-07-01 18:31:19.253740: train_loss -0.3889
2026-07-01 18:31:19.254236: val_loss -0.2283
2026-07-01 18:31:19.254394: Pseudo dice [np.float32(0.674)]
2026-07-01 18:31:19.254564: Epoch time: 44.86 s
2026-07-01 18:31:21.053602: 
2026-07-01 18:31:21.054123: Epoch 105
2026-07-01 18:31:21.054351: Current learning rate: 0.00612
2026-07-01 18:32:05.631255: train_loss -0.3813
2026-07-01 18:32:05.631798: val_loss -0.3258
2026-07-01 18:32:05.631956: Pseudo dice [np.float32(0.7371)]
2026-07-01 18:32:05.632127: Epoch time: 44.58 s
2026-07-01 18:32:07.419735: 
2026-07-01 18:32:07.420300: Epoch 106
2026-07-01 18:32:07.420594: Current learning rate: 0.00609
2026-07-01 18:32:52.130929: train_loss -0.3917
2026-07-01 18:32:52.131563: val_loss -0.2102
2026-07-01 18:32:52.131737: Pseudo dice [np.float32(0.6884)]
2026-07-01 18:32:52.131916: Epoch time: 44.71 s
2026-07-01 18:32:53.926208: 
2026-07-01 18:32:53.926716: Epoch 107
2026-07-01 18:32:53.927003: Current learning rate: 0.00605
2026-07-01 18:33:38.609061: train_loss -0.3926
2026-07-01 18:33:38.609598: val_loss -0.26
2026-07-01 18:33:38.609770: Pseudo dice [np.float32(0.7233)]
2026-07-01 18:33:38.609942: Epoch time: 44.69 s
2026-07-01 18:33:40.391687: 
2026-07-01 18:33:40.392200: Epoch 108
2026-07-01 18:33:40.392498: Current learning rate: 0.00601
2026-07-01 18:34:25.132802: train_loss -0.3916
2026-07-01 18:34:25.133258: val_loss -0.276
2026-07-01 18:34:25.133403: Pseudo dice [np.float32(0.7244)]
2026-07-01 18:34:25.133579: Epoch time: 44.74 s
2026-07-01 18:34:26.926902: 
2026-07-01 18:34:26.927372: Epoch 109
2026-07-01 18:34:26.927667: Current learning rate: 0.00597
2026-07-01 18:35:11.629583: train_loss -0.4089
2026-07-01 18:35:11.630169: val_loss -0.2441
2026-07-01 18:35:11.630316: Pseudo dice [np.float32(0.7144)]
2026-07-01 18:35:11.630484: Epoch time: 44.71 s
2026-07-01 18:35:13.418251: 
2026-07-01 18:35:13.418785: Epoch 110
2026-07-01 18:35:13.419079: Current learning rate: 0.00593
2026-07-01 18:35:58.435517: train_loss -0.3956
2026-07-01 18:35:58.436055: val_loss -0.1669
2026-07-01 18:35:58.436209: Pseudo dice [np.float32(0.6767)]
2026-07-01 18:35:58.437049: Epoch time: 45.02 s
2026-07-01 18:36:00.219327: 
2026-07-01 18:36:00.219775: Epoch 111
2026-07-01 18:36:00.220068: Current learning rate: 0.0059
2026-07-01 18:36:45.220159: train_loss -0.387
2026-07-01 18:36:45.220813: val_loss -0.2649
2026-07-01 18:36:45.220977: Pseudo dice [np.float32(0.7242)]
2026-07-01 18:36:45.221161: Epoch time: 45.0 s
2026-07-01 18:36:46.982742: 
2026-07-01 18:36:46.983133: Epoch 112
2026-07-01 18:36:46.983332: Current learning rate: 0.00586
2026-07-01 18:37:31.838058: train_loss -0.3986
2026-07-01 18:37:31.838521: val_loss -0.2618
2026-07-01 18:37:31.838682: Pseudo dice [np.float32(0.7044)]
2026-07-01 18:37:31.838875: Epoch time: 44.86 s
2026-07-01 18:37:34.004986: 
2026-07-01 18:37:34.005503: Epoch 113
2026-07-01 18:37:34.005833: Current learning rate: 0.00582
2026-07-01 18:38:18.714771: train_loss -0.389
2026-07-01 18:38:18.715246: val_loss -0.3581
2026-07-01 18:38:18.715393: Pseudo dice [np.float32(0.7696)]
2026-07-01 18:38:18.715561: Epoch time: 44.71 s
2026-07-01 18:38:20.482867: 
2026-07-01 18:38:20.483440: Epoch 114
2026-07-01 18:38:20.483762: Current learning rate: 0.00578
2026-07-01 18:39:05.280749: train_loss -0.4078
2026-07-01 18:39:05.281357: val_loss -0.3539
2026-07-01 18:39:05.281513: Pseudo dice [np.float32(0.7611)]
2026-07-01 18:39:05.281697: Epoch time: 44.8 s
2026-07-01 18:39:07.049963: 
2026-07-01 18:39:07.050436: Epoch 115
2026-07-01 18:39:07.050748: Current learning rate: 0.00574
2026-07-01 18:39:51.802786: train_loss -0.3966
2026-07-01 18:39:51.803264: val_loss -0.3267
2026-07-01 18:39:51.803416: Pseudo dice [np.float32(0.7549)]
2026-07-01 18:39:51.803588: Epoch time: 44.76 s
2026-07-01 18:39:53.578169: 
2026-07-01 18:39:53.578611: Epoch 116
2026-07-01 18:39:53.578804: Current learning rate: 0.0057
2026-07-01 18:40:38.430424: train_loss -0.3897
2026-07-01 18:40:38.431028: val_loss -0.2879
2026-07-01 18:40:38.431184: Pseudo dice [np.float32(0.7194)]
2026-07-01 18:40:38.431359: Epoch time: 44.86 s
2026-07-01 18:40:40.212035: 
2026-07-01 18:40:40.212493: Epoch 117
2026-07-01 18:40:40.212675: Current learning rate: 0.00567
2026-07-01 18:41:25.122153: train_loss -0.3986
2026-07-01 18:41:25.122776: val_loss -0.3
2026-07-01 18:41:25.122928: Pseudo dice [np.float32(0.7304)]
2026-07-01 18:41:25.123098: Epoch time: 44.91 s
2026-07-01 18:41:26.908598: 
2026-07-01 18:41:26.909016: Epoch 118
2026-07-01 18:41:26.909333: Current learning rate: 0.00563
2026-07-01 18:42:11.739629: train_loss -0.3967
2026-07-01 18:42:11.740060: val_loss -0.2111
2026-07-01 18:42:11.740203: Pseudo dice [np.float32(0.6918)]
2026-07-01 18:42:11.740377: Epoch time: 44.83 s
2026-07-01 18:42:13.527974: 
2026-07-01 18:42:13.528393: Epoch 119
2026-07-01 18:42:13.528658: Current learning rate: 0.00559
2026-07-01 18:42:58.714856: train_loss -0.4052
2026-07-01 18:42:58.715505: val_loss -0.2888
2026-07-01 18:42:58.715674: Pseudo dice [np.float32(0.7521)]
2026-07-01 18:42:58.715849: Epoch time: 45.19 s
2026-07-01 18:43:00.500302: 
2026-07-01 18:43:00.500813: Epoch 120
2026-07-01 18:43:00.501134: Current learning rate: 0.00555
2026-07-01 18:43:45.356839: train_loss -0.3972
2026-07-01 18:43:45.357630: val_loss -0.0693
2026-07-01 18:43:45.357813: Pseudo dice [np.float32(0.6479)]
2026-07-01 18:43:45.357992: Epoch time: 44.86 s
2026-07-01 18:43:47.143894: 
2026-07-01 18:43:47.144394: Epoch 121
2026-07-01 18:43:47.144707: Current learning rate: 0.00551
2026-07-01 18:44:32.082875: train_loss -0.3782
2026-07-01 18:44:32.083482: val_loss -0.2359
2026-07-01 18:44:32.083631: Pseudo dice [np.float32(0.7097)]
2026-07-01 18:44:32.083825: Epoch time: 44.94 s
2026-07-01 18:44:34.289432: 
2026-07-01 18:44:34.290032: Epoch 122
2026-07-01 18:44:34.290224: Current learning rate: 0.00547
2026-07-01 18:45:19.027602: train_loss -0.3892
2026-07-01 18:45:19.028238: val_loss -0.233
2026-07-01 18:45:19.028397: Pseudo dice [np.float32(0.6863)]
2026-07-01 18:45:19.028600: Epoch time: 44.74 s
2026-07-01 18:45:20.815507: 
2026-07-01 18:45:20.816103: Epoch 123
2026-07-01 18:45:20.816396: Current learning rate: 0.00544
2026-07-01 18:46:05.593465: train_loss -0.3925
2026-07-01 18:46:05.594006: val_loss -0.2554
2026-07-01 18:46:05.594152: Pseudo dice [np.float32(0.7098)]
2026-07-01 18:46:05.594332: Epoch time: 44.78 s
2026-07-01 18:46:07.370015: 
2026-07-01 18:46:07.370479: Epoch 124
2026-07-01 18:46:07.370684: Current learning rate: 0.0054
2026-07-01 18:46:52.093123: train_loss -0.4085
2026-07-01 18:46:52.093891: val_loss -0.3258
2026-07-01 18:46:52.094267: Pseudo dice [np.float32(0.7442)]
2026-07-01 18:46:52.094448: Epoch time: 44.73 s
2026-07-01 18:46:53.890679: 
2026-07-01 18:46:53.891218: Epoch 125
2026-07-01 18:46:53.891448: Current learning rate: 0.00536
2026-07-01 18:47:38.647591: train_loss -0.4024
2026-07-01 18:47:38.648091: val_loss -0.3136
2026-07-01 18:47:38.648243: Pseudo dice [np.float32(0.7351)]
2026-07-01 18:47:38.648412: Epoch time: 44.76 s
2026-07-01 18:47:40.427375: 
2026-07-01 18:47:40.427839: Epoch 126
2026-07-01 18:47:40.428026: Current learning rate: 0.00532
2026-07-01 18:48:25.084024: train_loss -0.4099
2026-07-01 18:48:25.084612: val_loss -0.2743
2026-07-01 18:48:25.084776: Pseudo dice [np.float32(0.7263)]
2026-07-01 18:48:25.084951: Epoch time: 44.66 s
2026-07-01 18:48:26.881991: 
2026-07-01 18:48:26.882524: Epoch 127
2026-07-01 18:48:26.882720: Current learning rate: 0.00528
2026-07-01 18:49:11.636477: train_loss -0.4025
2026-07-01 18:49:11.636964: val_loss -0.2834
2026-07-01 18:49:11.637115: Pseudo dice [np.float32(0.7425)]
2026-07-01 18:49:11.637289: Epoch time: 44.76 s
2026-07-01 18:49:13.437124: 
2026-07-01 18:49:13.437718: Epoch 128
2026-07-01 18:49:13.438030: Current learning rate: 0.00524
2026-07-01 18:49:58.341642: train_loss -0.3992
2026-07-01 18:49:58.342210: val_loss -0.1516
2026-07-01 18:49:58.342381: Pseudo dice [np.float32(0.6779)]
2026-07-01 18:49:58.342563: Epoch time: 44.91 s
2026-07-01 18:50:00.138624: 
2026-07-01 18:50:00.139039: Epoch 129
2026-07-01 18:50:00.139333: Current learning rate: 0.0052
2026-07-01 18:50:44.872013: train_loss -0.3978
2026-07-01 18:50:44.875177: val_loss -0.3465
2026-07-01 18:50:44.875349: Pseudo dice [np.float32(0.7732)]
2026-07-01 18:50:44.875537: Epoch time: 44.74 s
2026-07-01 18:50:47.029223: 
2026-07-01 18:50:47.029825: Epoch 130
2026-07-01 18:50:47.030141: Current learning rate: 0.00517
2026-07-01 18:51:31.914854: train_loss -0.4121
2026-07-01 18:51:31.915349: val_loss -0.2849
2026-07-01 18:51:31.915500: Pseudo dice [np.float32(0.7419)]
2026-07-01 18:51:31.915687: Epoch time: 44.89 s
2026-07-01 18:51:31.915826: Yayy! New best EMA pseudo Dice: 0.7235999703407288
2026-07-01 18:51:34.231656: 
2026-07-01 18:51:34.232257: Epoch 131
2026-07-01 18:51:34.232572: Current learning rate: 0.00513
2026-07-01 18:52:18.981195: train_loss -0.4004
2026-07-01 18:52:18.981714: val_loss -0.1672
2026-07-01 18:52:18.981889: Pseudo dice [np.float32(0.6785)]
2026-07-01 18:52:18.982069: Epoch time: 44.75 s
2026-07-01 18:52:20.956721: 
2026-07-01 18:52:20.957137: Epoch 132
2026-07-01 18:52:20.957347: Current learning rate: 0.00509
2026-07-01 18:53:05.761673: train_loss -0.4097
2026-07-01 18:53:05.762160: val_loss -0.2634
2026-07-01 18:53:05.762309: Pseudo dice [np.float32(0.7175)]
2026-07-01 18:53:05.762485: Epoch time: 44.81 s
2026-07-01 18:53:07.560297: 
2026-07-01 18:53:07.560801: Epoch 133
2026-07-01 18:53:07.561098: Current learning rate: 0.00505
2026-07-01 18:53:52.314986: train_loss -0.4048
2026-07-01 18:53:52.315560: val_loss -0.2002
2026-07-01 18:53:52.315724: Pseudo dice [np.float32(0.6824)]
2026-07-01 18:53:52.315903: Epoch time: 44.76 s
2026-07-01 18:53:54.119889: 
2026-07-01 18:53:54.120400: Epoch 134
2026-07-01 18:53:54.120666: Current learning rate: 0.00501
2026-07-01 18:54:39.001605: train_loss -0.3992
2026-07-01 18:54:39.002049: val_loss -0.2442
2026-07-01 18:54:39.002194: Pseudo dice [np.float32(0.7111)]
2026-07-01 18:54:39.002367: Epoch time: 44.89 s
2026-07-01 18:54:40.816405: 
2026-07-01 18:54:40.816965: Epoch 135
2026-07-01 18:54:40.817258: Current learning rate: 0.00497
2026-07-01 18:55:25.530988: train_loss -0.3878
2026-07-01 18:55:25.531463: val_loss -0.2239
2026-07-01 18:55:25.532249: Pseudo dice [np.float32(0.7012)]
2026-07-01 18:55:25.532444: Epoch time: 44.72 s
2026-07-01 18:55:27.356133: 
2026-07-01 18:55:27.356667: Epoch 136
2026-07-01 18:55:27.356978: Current learning rate: 0.00493
2026-07-01 18:56:12.261914: train_loss -0.3973
2026-07-01 18:56:12.262389: val_loss -0.2458
2026-07-01 18:56:12.262537: Pseudo dice [np.float32(0.7134)]
2026-07-01 18:56:12.262721: Epoch time: 44.91 s
2026-07-01 18:56:14.082984: 
2026-07-01 18:56:14.083544: Epoch 137
2026-07-01 18:56:14.083838: Current learning rate: 0.00489
2026-07-01 18:56:58.748922: train_loss -0.4103
2026-07-01 18:56:58.749463: val_loss -0.241
2026-07-01 18:56:58.749645: Pseudo dice [np.float32(0.7275)]
2026-07-01 18:56:58.749833: Epoch time: 44.67 s
2026-07-01 18:57:00.560330: 
2026-07-01 18:57:00.560870: Epoch 138
2026-07-01 18:57:00.561175: Current learning rate: 0.00485
2026-07-01 18:57:45.280202: train_loss -0.3912
2026-07-01 18:57:45.280759: val_loss -0.3073
2026-07-01 18:57:45.280919: Pseudo dice [np.float32(0.7179)]
2026-07-01 18:57:45.281097: Epoch time: 44.72 s
2026-07-01 18:57:47.471080: 
2026-07-01 18:57:47.471808: Epoch 139
2026-07-01 18:57:47.472120: Current learning rate: 0.00482
2026-07-01 18:58:32.311406: train_loss -0.4165
2026-07-01 18:58:32.312038: val_loss -0.1447
2026-07-01 18:58:32.312215: Pseudo dice [np.float32(0.6738)]
2026-07-01 18:58:32.312407: Epoch time: 44.84 s
2026-07-01 18:58:34.120757: 
2026-07-01 18:58:34.121311: Epoch 140
2026-07-01 18:58:34.121519: Current learning rate: 0.00478
2026-07-01 18:59:19.090398: train_loss -0.4351
2026-07-01 18:59:19.090997: val_loss -0.2262
2026-07-01 18:59:19.091149: Pseudo dice [np.float32(0.701)]
2026-07-01 18:59:19.091328: Epoch time: 44.97 s
2026-07-01 18:59:20.915480: 
2026-07-01 18:59:20.916020: Epoch 141
2026-07-01 18:59:20.916211: Current learning rate: 0.00474
2026-07-01 19:00:05.816686: train_loss -0.4136
2026-07-01 19:00:05.817191: val_loss -0.3027
2026-07-01 19:00:05.817360: Pseudo dice [np.float32(0.7338)]
2026-07-01 19:00:05.817538: Epoch time: 44.9 s
2026-07-01 19:00:07.644254: 
2026-07-01 19:00:07.644774: Epoch 142
2026-07-01 19:00:07.645067: Current learning rate: 0.0047
2026-07-01 19:00:52.320549: train_loss -0.3975
2026-07-01 19:00:52.321025: val_loss -0.3613
2026-07-01 19:00:52.321174: Pseudo dice [np.float32(0.7712)]
2026-07-01 19:00:52.321350: Epoch time: 44.68 s
2026-07-01 19:00:54.153456: 
2026-07-01 19:00:54.153852: Epoch 143
2026-07-01 19:00:54.154049: Current learning rate: 0.00466
2026-07-01 19:01:38.944485: train_loss -0.4133
2026-07-01 19:01:38.945169: val_loss -0.1459
2026-07-01 19:01:38.945338: Pseudo dice [np.float32(0.664)]
2026-07-01 19:01:38.945510: Epoch time: 44.79 s
2026-07-01 19:01:40.762367: 
2026-07-01 19:01:40.763082: Epoch 144
2026-07-01 19:01:40.763277: Current learning rate: 0.00462
2026-07-01 19:02:25.579376: train_loss -0.4081
2026-07-01 19:02:25.579821: val_loss -0.2561
2026-07-01 19:02:25.579974: Pseudo dice [np.float32(0.7132)]
2026-07-01 19:02:25.580143: Epoch time: 44.82 s
2026-07-01 19:02:27.411609: 
2026-07-01 19:02:27.412132: Epoch 145
2026-07-01 19:02:27.412326: Current learning rate: 0.00458
2026-07-01 19:03:12.072827: train_loss -0.4067
2026-07-01 19:03:12.073299: val_loss -0.2967
2026-07-01 19:03:12.073448: Pseudo dice [np.float32(0.7386)]
2026-07-01 19:03:12.073616: Epoch time: 44.66 s
2026-07-01 19:03:13.905924: 
2026-07-01 19:03:13.906420: Epoch 146
2026-07-01 19:03:13.906674: Current learning rate: 0.00454
2026-07-01 19:03:58.673069: train_loss -0.3947
2026-07-01 19:03:58.673644: val_loss -0.2448
2026-07-01 19:03:58.673804: Pseudo dice [np.float32(0.7105)]
2026-07-01 19:03:58.673976: Epoch time: 44.77 s
2026-07-01 19:04:00.889773: 
2026-07-01 19:04:00.890497: Epoch 147
2026-07-01 19:04:00.890936: Current learning rate: 0.0045
2026-07-01 19:04:45.715878: train_loss -0.4039
2026-07-01 19:04:45.716352: val_loss -0.3404
2026-07-01 19:04:45.716510: Pseudo dice [np.float32(0.7482)]
2026-07-01 19:04:45.716696: Epoch time: 44.83 s
2026-07-01 19:04:47.545310: 
2026-07-01 19:04:47.545755: Epoch 148
2026-07-01 19:04:47.546045: Current learning rate: 0.00446
2026-07-01 19:05:32.242712: train_loss -0.4061
2026-07-01 19:05:32.243194: val_loss -0.2845
2026-07-01 19:05:32.243335: Pseudo dice [np.float32(0.7429)]
2026-07-01 19:05:32.243512: Epoch time: 44.7 s
2026-07-01 19:05:34.073531: 
2026-07-01 19:05:34.073966: Epoch 149
2026-07-01 19:05:34.074173: Current learning rate: 0.00442
2026-07-01 19:06:18.866937: train_loss -0.4053
2026-07-01 19:06:18.867507: val_loss -0.3064
2026-07-01 19:06:18.867661: Pseudo dice [np.float32(0.7443)]
2026-07-01 19:06:18.867837: Epoch time: 44.8 s
2026-07-01 19:06:21.197382: 
2026-07-01 19:06:21.197945: Epoch 150
2026-07-01 19:06:21.198151: Current learning rate: 0.00438
2026-07-01 19:07:05.898997: train_loss -0.4228
2026-07-01 19:07:05.899527: val_loss -0.2274
2026-07-01 19:07:05.899692: Pseudo dice [np.float32(0.7007)]
2026-07-01 19:07:05.899864: Epoch time: 44.7 s
2026-07-01 19:07:07.721244: 
2026-07-01 19:07:07.721674: Epoch 151
2026-07-01 19:07:07.721858: Current learning rate: 0.00434
2026-07-01 19:07:52.834451: train_loss -0.4244
2026-07-01 19:07:52.835011: val_loss -0.2588
2026-07-01 19:07:52.835159: Pseudo dice [np.float32(0.722)]
2026-07-01 19:07:52.835346: Epoch time: 45.12 s
2026-07-01 19:07:54.652564: 
2026-07-01 19:07:54.652964: Epoch 152
2026-07-01 19:07:54.653162: Current learning rate: 0.0043
2026-07-01 19:08:39.477803: train_loss -0.4051
2026-07-01 19:08:39.478276: val_loss -0.2123
2026-07-01 19:08:39.478426: Pseudo dice [np.float32(0.6918)]
2026-07-01 19:08:39.478601: Epoch time: 44.83 s
2026-07-01 19:08:41.315028: 
2026-07-01 19:08:41.315552: Epoch 153
2026-07-01 19:08:41.315882: Current learning rate: 0.00427
2026-07-01 19:09:26.039149: train_loss -0.4221
2026-07-01 19:09:26.039625: val_loss -0.2969
2026-07-01 19:09:26.039783: Pseudo dice [np.float32(0.7484)]
2026-07-01 19:09:26.039954: Epoch time: 44.73 s
2026-07-01 19:09:27.895474: 
2026-07-01 19:09:27.895980: Epoch 154
2026-07-01 19:09:27.896224: Current learning rate: 0.00423
2026-07-01 19:10:12.740481: train_loss -0.4082
2026-07-01 19:10:12.741235: val_loss -0.1527
2026-07-01 19:10:12.741427: Pseudo dice [np.float32(0.6624)]
2026-07-01 19:10:12.741654: Epoch time: 44.85 s
2026-07-01 19:10:14.582912: 
2026-07-01 19:10:14.583411: Epoch 155
2026-07-01 19:10:14.583598: Current learning rate: 0.00419
2026-07-01 19:10:59.442551: train_loss -0.4157
2026-07-01 19:10:59.443375: val_loss -0.2879
2026-07-01 19:10:59.443550: Pseudo dice [np.float32(0.7264)]
2026-07-01 19:10:59.443788: Epoch time: 44.86 s
2026-07-01 19:11:01.684047: 
2026-07-01 19:11:01.684608: Epoch 156
2026-07-01 19:11:01.684829: Current learning rate: 0.00415
2026-07-01 19:11:46.439399: train_loss -0.4253
2026-07-01 19:11:46.439849: val_loss -0.2108
2026-07-01 19:11:46.439996: Pseudo dice [np.float32(0.7107)]
2026-07-01 19:11:46.440209: Epoch time: 44.76 s
2026-07-01 19:11:48.291319: 
2026-07-01 19:11:48.291808: Epoch 157
2026-07-01 19:11:48.292129: Current learning rate: 0.00411
2026-07-01 19:12:33.020524: train_loss -0.4239
2026-07-01 19:12:33.021154: val_loss -0.2003
2026-07-01 19:12:33.021307: Pseudo dice [np.float32(0.6973)]
2026-07-01 19:12:33.021478: Epoch time: 44.73 s
2026-07-01 19:12:34.881132: 
2026-07-01 19:12:34.881768: Epoch 158
2026-07-01 19:12:34.882065: Current learning rate: 0.00407
2026-07-01 19:13:19.546875: train_loss -0.4137
2026-07-01 19:13:19.547485: val_loss -0.3113
2026-07-01 19:13:19.547635: Pseudo dice [np.float32(0.744)]
2026-07-01 19:13:19.547819: Epoch time: 44.67 s
2026-07-01 19:13:21.404843: 
2026-07-01 19:13:21.405368: Epoch 159
2026-07-01 19:13:21.405555: Current learning rate: 0.00403
2026-07-01 19:14:06.231483: train_loss -0.409
2026-07-01 19:14:06.232056: val_loss -0.2559
2026-07-01 19:14:06.232211: Pseudo dice [np.float32(0.7425)]
2026-07-01 19:14:06.232387: Epoch time: 44.83 s
2026-07-01 19:14:08.091821: 
2026-07-01 19:14:08.092359: Epoch 160
2026-07-01 19:14:08.092558: Current learning rate: 0.00399
2026-07-01 19:14:53.008891: train_loss -0.4124
2026-07-01 19:14:53.009723: val_loss -0.1893
2026-07-01 19:14:53.009875: Pseudo dice [np.float32(0.683)]
2026-07-01 19:14:53.010704: Epoch time: 44.92 s
2026-07-01 19:14:54.868695: 
2026-07-01 19:14:54.869250: Epoch 161
2026-07-01 19:14:54.869444: Current learning rate: 0.00395
2026-07-01 19:15:39.723026: train_loss -0.4062
2026-07-01 19:15:39.723597: val_loss -0.321
2026-07-01 19:15:39.723764: Pseudo dice [np.float32(0.7502)]
2026-07-01 19:15:39.723951: Epoch time: 44.86 s
2026-07-01 19:15:41.573861: 
2026-07-01 19:15:41.574366: Epoch 162
2026-07-01 19:15:41.574564: Current learning rate: 0.00391
2026-07-01 19:16:26.463655: train_loss -0.4081
2026-07-01 19:16:26.464256: val_loss -0.2333
2026-07-01 19:16:26.464416: Pseudo dice [np.float32(0.706)]
2026-07-01 19:16:26.464590: Epoch time: 44.89 s
2026-07-01 19:16:28.312594: 
2026-07-01 19:16:28.312973: Epoch 163
2026-07-01 19:16:28.313261: Current learning rate: 0.00387
2026-07-01 19:17:13.240258: train_loss -0.4132
2026-07-01 19:17:13.240732: val_loss -0.293
2026-07-01 19:17:13.240886: Pseudo dice [np.float32(0.7346)]
2026-07-01 19:17:13.241067: Epoch time: 44.93 s
2026-07-01 19:17:15.480696: 
2026-07-01 19:17:15.481299: Epoch 164
2026-07-01 19:17:15.481523: Current learning rate: 0.00383
2026-07-01 19:18:00.550279: train_loss -0.3982
2026-07-01 19:18:00.550787: val_loss -0.2957
2026-07-01 19:18:00.550942: Pseudo dice [np.float32(0.7445)]
2026-07-01 19:18:00.551122: Epoch time: 45.07 s
2026-07-01 19:18:02.394717: 
2026-07-01 19:18:02.395335: Epoch 165
2026-07-01 19:18:02.395656: Current learning rate: 0.00379
2026-07-01 19:18:47.116472: train_loss -0.4135
2026-07-01 19:18:47.116898: val_loss -0.2037
2026-07-01 19:18:47.117041: Pseudo dice [np.float32(0.6854)]
2026-07-01 19:18:47.117225: Epoch time: 44.73 s
2026-07-01 19:18:48.944821: 
2026-07-01 19:18:48.945292: Epoch 166
2026-07-01 19:18:48.945490: Current learning rate: 0.00375
2026-07-01 19:19:33.536038: train_loss -0.407
2026-07-01 19:19:33.536945: val_loss -0.2988
2026-07-01 19:19:33.537106: Pseudo dice [np.float32(0.7383)]
2026-07-01 19:19:33.537281: Epoch time: 44.59 s
2026-07-01 19:19:35.364611: 
2026-07-01 19:19:35.365077: Epoch 167
2026-07-01 19:19:35.365269: Current learning rate: 0.00371
2026-07-01 19:20:20.100163: train_loss -0.4063
2026-07-01 19:20:20.100696: val_loss -0.2784
2026-07-01 19:20:20.100868: Pseudo dice [np.float32(0.7392)]
2026-07-01 19:20:20.101050: Epoch time: 44.74 s
2026-07-01 19:20:21.946939: 
2026-07-01 19:20:21.947471: Epoch 168
2026-07-01 19:20:21.947772: Current learning rate: 0.00367
2026-07-01 19:21:06.859142: train_loss -0.4183
2026-07-01 19:21:06.859632: val_loss -0.1248
2026-07-01 19:21:06.859795: Pseudo dice [np.float32(0.6611)]
2026-07-01 19:21:06.859965: Epoch time: 44.92 s
2026-07-01 19:21:08.700010: 
2026-07-01 19:21:08.700622: Epoch 169
2026-07-01 19:21:08.700948: Current learning rate: 0.00363
2026-07-01 19:21:53.272648: train_loss -0.4218
2026-07-01 19:21:53.273123: val_loss -0.2648
2026-07-01 19:21:53.273273: Pseudo dice [np.float32(0.7191)]
2026-07-01 19:21:53.273618: Epoch time: 44.58 s
2026-07-01 19:21:55.115449: 
2026-07-01 19:21:55.115744: Epoch 170
2026-07-01 19:21:55.115927: Current learning rate: 0.00359
2026-07-01 19:22:39.780738: train_loss -0.4262
2026-07-01 19:22:39.781332: val_loss -0.377
2026-07-01 19:22:39.781496: Pseudo dice [np.float32(0.7774)]
2026-07-01 19:22:39.781680: Epoch time: 44.67 s
2026-07-01 19:22:41.633183: 
2026-07-01 19:22:41.633621: Epoch 171
2026-07-01 19:22:41.633818: Current learning rate: 0.00355
2026-07-01 19:23:26.447778: train_loss -0.4315
2026-07-01 19:23:26.448291: val_loss -0.2809
2026-07-01 19:23:26.448455: Pseudo dice [np.float32(0.7156)]
2026-07-01 19:23:26.448631: Epoch time: 44.82 s
2026-07-01 19:23:28.679552: 
2026-07-01 19:23:28.679937: Epoch 172
2026-07-01 19:23:28.680147: Current learning rate: 0.00351
2026-07-01 19:24:13.510704: train_loss -0.4245
2026-07-01 19:24:13.511132: val_loss -0.2297
2026-07-01 19:24:13.511297: Pseudo dice [np.float32(0.6999)]
2026-07-01 19:24:13.511478: Epoch time: 44.83 s
2026-07-01 19:24:15.364882: 
2026-07-01 19:24:15.365403: Epoch 173
2026-07-01 19:24:15.365604: Current learning rate: 0.00346
2026-07-01 19:25:00.276379: train_loss -0.4345
2026-07-01 19:25:00.276845: val_loss -0.2105
2026-07-01 19:25:00.276989: Pseudo dice [np.float32(0.6953)]
2026-07-01 19:25:00.277164: Epoch time: 44.91 s
2026-07-01 19:25:02.126426: 
2026-07-01 19:25:02.127010: Epoch 174
2026-07-01 19:25:02.127308: Current learning rate: 0.00342
2026-07-01 19:25:46.998807: train_loss -0.4437
2026-07-01 19:25:46.999469: val_loss -0.2742
2026-07-01 19:25:46.999625: Pseudo dice [np.float32(0.7228)]
2026-07-01 19:25:46.999809: Epoch time: 44.88 s
2026-07-01 19:25:48.844299: 
2026-07-01 19:25:48.844793: Epoch 175
2026-07-01 19:25:48.844990: Current learning rate: 0.00338
2026-07-01 19:26:33.574540: train_loss -0.4307
2026-07-01 19:26:33.574986: val_loss -0.3271
2026-07-01 19:26:33.575131: Pseudo dice [np.float32(0.7517)]
2026-07-01 19:26:33.575306: Epoch time: 44.73 s
2026-07-01 19:26:35.433211: 
2026-07-01 19:26:35.433735: Epoch 176
2026-07-01 19:26:35.434023: Current learning rate: 0.00334
2026-07-01 19:27:20.327034: train_loss -0.4367
2026-07-01 19:27:20.327543: val_loss -0.2136
2026-07-01 19:27:20.327696: Pseudo dice [np.float32(0.6951)]
2026-07-01 19:27:20.327873: Epoch time: 44.9 s
2026-07-01 19:27:22.181869: 
2026-07-01 19:27:22.182420: Epoch 177
2026-07-01 19:27:22.182716: Current learning rate: 0.0033
2026-07-01 19:28:07.148270: train_loss -0.4205
2026-07-01 19:28:07.148771: val_loss -0.1783
2026-07-01 19:28:07.148923: Pseudo dice [np.float32(0.7058)]
2026-07-01 19:28:07.149100: Epoch time: 44.97 s
2026-07-01 19:28:09.000776: 
2026-07-01 19:28:09.001187: Epoch 178
2026-07-01 19:28:09.001379: Current learning rate: 0.00326
2026-07-01 19:28:53.966885: train_loss -0.4217
2026-07-01 19:28:53.967399: val_loss -0.253
2026-07-01 19:28:53.967549: Pseudo dice [np.float32(0.7088)]
2026-07-01 19:28:53.967742: Epoch time: 44.97 s
2026-07-01 19:28:55.832189: 
2026-07-01 19:28:55.832705: Epoch 179
2026-07-01 19:28:55.832915: Current learning rate: 0.00322
2026-07-01 19:29:40.749299: train_loss -0.4152
2026-07-01 19:29:40.749859: val_loss -0.3158
2026-07-01 19:29:40.750030: Pseudo dice [np.float32(0.7433)]
2026-07-01 19:29:40.752730: Epoch time: 44.92 s
2026-07-01 19:29:42.978938: 
2026-07-01 19:29:42.979405: Epoch 180
2026-07-01 19:29:42.979808: Current learning rate: 0.00318
2026-07-01 19:30:27.757253: train_loss -0.4349
2026-07-01 19:30:27.757793: val_loss -0.2349
2026-07-01 19:30:27.757951: Pseudo dice [np.float32(0.7019)]
2026-07-01 19:30:27.758122: Epoch time: 44.78 s
2026-07-01 19:30:29.619189: 
2026-07-01 19:30:29.619704: Epoch 181
2026-07-01 19:30:29.620048: Current learning rate: 0.00314
2026-07-01 19:31:14.476514: train_loss -0.4089
2026-07-01 19:31:14.476958: val_loss -0.2347
2026-07-01 19:31:14.477100: Pseudo dice [np.float32(0.7256)]
2026-07-01 19:31:14.477276: Epoch time: 44.86 s
2026-07-01 19:31:16.325629: 
2026-07-01 19:31:16.326007: Epoch 182
2026-07-01 19:31:16.326191: Current learning rate: 0.0031
2026-07-01 19:32:01.057660: train_loss -0.4203
2026-07-01 19:32:01.058159: val_loss -0.3266
2026-07-01 19:32:01.058308: Pseudo dice [np.float32(0.7401)]
2026-07-01 19:32:01.058481: Epoch time: 44.74 s
2026-07-01 19:32:02.919816: 
2026-07-01 19:32:02.920457: Epoch 183
2026-07-01 19:32:02.920767: Current learning rate: 0.00306
2026-07-01 19:32:48.002275: train_loss -0.4191
2026-07-01 19:32:48.002849: val_loss -0.2208
2026-07-01 19:32:48.003002: Pseudo dice [np.float32(0.7022)]
2026-07-01 19:32:48.003181: Epoch time: 45.09 s
2026-07-01 19:32:49.865733: 
2026-07-01 19:32:49.866302: Epoch 184
2026-07-01 19:32:49.866610: Current learning rate: 0.00302
2026-07-01 19:33:34.753431: train_loss -0.4308
2026-07-01 19:33:34.753928: val_loss -0.2753
2026-07-01 19:33:34.754097: Pseudo dice [np.float32(0.7263)]
2026-07-01 19:33:34.754282: Epoch time: 44.89 s
2026-07-01 19:33:36.605832: 
2026-07-01 19:33:36.606454: Epoch 185
2026-07-01 19:33:36.606775: Current learning rate: 0.00297
2026-07-01 19:34:21.401685: train_loss -0.4361
2026-07-01 19:34:21.402155: val_loss -0.2123
2026-07-01 19:34:21.402324: Pseudo dice [np.float32(0.704)]
2026-07-01 19:34:21.403173: Epoch time: 44.8 s
2026-07-01 19:34:23.263823: 
2026-07-01 19:34:23.264377: Epoch 186
2026-07-01 19:34:23.264698: Current learning rate: 0.00293
2026-07-01 19:35:08.007526: train_loss -0.4376
2026-07-01 19:35:08.007978: val_loss -0.1856
2026-07-01 19:35:08.008128: Pseudo dice [np.float32(0.6867)]
2026-07-01 19:35:08.008303: Epoch time: 44.75 s
2026-07-01 19:35:09.869060: 
2026-07-01 19:35:09.869565: Epoch 187
2026-07-01 19:35:09.869935: Current learning rate: 0.00289
2026-07-01 19:35:54.795959: train_loss -0.4271
2026-07-01 19:35:54.796593: val_loss -0.244
2026-07-01 19:35:54.796754: Pseudo dice [np.float32(0.7273)]
2026-07-01 19:35:54.796940: Epoch time: 44.93 s
2026-07-01 19:35:56.662004: 
2026-07-01 19:35:56.662428: Epoch 188
2026-07-01 19:35:56.662745: Current learning rate: 0.00285
2026-07-01 19:36:41.437773: train_loss -0.4377
2026-07-01 19:36:41.438420: val_loss -0.2607
2026-07-01 19:36:41.438569: Pseudo dice [np.float32(0.7282)]
2026-07-01 19:36:41.438761: Epoch time: 44.78 s
2026-07-01 19:36:43.712163: 
2026-07-01 19:36:43.712683: Epoch 189
2026-07-01 19:36:43.712998: Current learning rate: 0.00281
2026-07-01 19:37:28.897831: train_loss -0.4349
2026-07-01 19:37:28.898345: val_loss -0.2832
2026-07-01 19:37:28.898523: Pseudo dice [np.float32(0.732)]
2026-07-01 19:37:28.898712: Epoch time: 45.19 s
2026-07-01 19:37:30.768541: 
2026-07-01 19:37:30.769142: Epoch 190
2026-07-01 19:37:30.769360: Current learning rate: 0.00277
2026-07-01 19:38:15.501849: train_loss -0.4358
2026-07-01 19:38:15.502289: val_loss -0.2134
2026-07-01 19:38:15.502433: Pseudo dice [np.float32(0.6903)]
2026-07-01 19:38:15.502612: Epoch time: 44.74 s
2026-07-01 19:38:17.361091: 
2026-07-01 19:38:17.361751: Epoch 191
2026-07-01 19:38:17.362057: Current learning rate: 0.00273
2026-07-01 19:39:02.267521: train_loss -0.4175
2026-07-01 19:39:02.268009: val_loss -0.1812
2026-07-01 19:39:02.268297: Pseudo dice [np.float32(0.7064)]
2026-07-01 19:39:02.268486: Epoch time: 44.91 s
2026-07-01 19:39:04.134578: 
2026-07-01 19:39:04.135136: Epoch 192
2026-07-01 19:39:04.135439: Current learning rate: 0.00268
2026-07-01 19:39:48.892843: train_loss -0.435
2026-07-01 19:39:48.893279: val_loss -0.4213
2026-07-01 19:39:48.893427: Pseudo dice [np.float32(0.8017)]
2026-07-01 19:39:48.893597: Epoch time: 44.76 s
2026-07-01 19:39:48.893745: Yayy! New best EMA pseudo Dice: 0.7235999703407288
2026-07-01 19:39:51.259496: 
2026-07-01 19:39:51.260047: Epoch 193
2026-07-01 19:39:51.260364: Current learning rate: 0.00264
2026-07-01 19:40:36.076744: train_loss -0.4213
2026-07-01 19:40:36.077303: val_loss -0.2504
2026-07-01 19:40:36.077458: Pseudo dice [np.float32(0.7181)]
2026-07-01 19:40:36.077658: Epoch time: 44.82 s
2026-07-01 19:40:37.935249: 
2026-07-01 19:40:37.935835: Epoch 194
2026-07-01 19:40:37.936130: Current learning rate: 0.0026
2026-07-01 19:41:22.731751: train_loss -0.4264
2026-07-01 19:41:22.732563: val_loss -0.0868
2026-07-01 19:41:22.732764: Pseudo dice [np.float32(0.6617)]
2026-07-01 19:41:22.732953: Epoch time: 44.8 s
2026-07-01 19:41:24.646889: 
2026-07-01 19:41:24.647436: Epoch 195
2026-07-01 19:41:24.647774: Current learning rate: 0.00256
2026-07-01 19:42:09.716484: train_loss -0.4395
2026-07-01 19:42:09.716962: val_loss -0.2647
2026-07-01 19:42:09.717112: Pseudo dice [np.float32(0.684)]
2026-07-01 19:42:09.717286: Epoch time: 45.07 s
2026-07-01 19:42:12.014270: 
2026-07-01 19:42:12.014772: Epoch 196
2026-07-01 19:42:12.014980: Current learning rate: 0.00252
2026-07-01 19:42:57.120720: train_loss -0.4221
2026-07-01 19:42:57.121159: val_loss -0.2311
2026-07-01 19:42:57.121302: Pseudo dice [np.float32(0.7022)]
2026-07-01 19:42:57.121475: Epoch time: 45.11 s
2026-07-01 19:42:58.989041: 
2026-07-01 19:42:58.989588: Epoch 197
2026-07-01 19:42:58.989803: Current learning rate: 0.00248
2026-07-01 19:43:43.634056: train_loss -0.4198
2026-07-01 19:43:43.634895: val_loss -0.2275
2026-07-01 19:43:43.635087: Pseudo dice [np.float32(0.7185)]
2026-07-01 19:43:43.635281: Epoch time: 44.65 s
2026-07-01 19:43:45.504620: 
2026-07-01 19:43:45.505112: Epoch 198
2026-07-01 19:43:45.505422: Current learning rate: 0.00243
2026-07-01 19:44:30.649555: train_loss -0.4141
2026-07-01 19:44:30.650083: val_loss -0.1076
2026-07-01 19:44:30.650253: Pseudo dice [np.float32(0.6687)]
2026-07-01 19:44:30.650440: Epoch time: 45.15 s
2026-07-01 19:44:32.522373: 
2026-07-01 19:44:32.522952: Epoch 199
2026-07-01 19:44:32.523304: Current learning rate: 0.00239
2026-07-01 19:45:17.538960: train_loss -0.4361
2026-07-01 19:45:17.540191: val_loss -0.2272
2026-07-01 19:45:17.540344: Pseudo dice [np.float32(0.7124)]
2026-07-01 19:45:17.540523: Epoch time: 45.02 s
2026-07-01 19:45:19.915321: 
2026-07-01 19:45:19.915838: Epoch 200
2026-07-01 19:45:19.916148: Current learning rate: 0.00235
2026-07-01 19:46:04.769189: train_loss -0.4302
2026-07-01 19:46:04.769561: val_loss -0.246
2026-07-01 19:46:04.769721: Pseudo dice [np.float32(0.7044)]
2026-07-01 19:46:04.769896: Epoch time: 44.86 s
2026-07-01 19:46:06.635784: 
2026-07-01 19:46:06.636148: Epoch 201
2026-07-01 19:46:06.636321: Current learning rate: 0.00231
2026-07-01 19:46:51.607987: train_loss -0.4196
2026-07-01 19:46:51.608618: val_loss -0.1557
2026-07-01 19:46:51.608809: Pseudo dice [np.float32(0.6747)]
2026-07-01 19:46:51.608997: Epoch time: 44.98 s
2026-07-01 19:46:53.536529: 
2026-07-01 19:46:53.537061: Epoch 202
2026-07-01 19:46:53.537338: Current learning rate: 0.00226
2026-07-01 19:47:38.372950: train_loss -0.4217
2026-07-01 19:47:38.376214: val_loss -0.1895
2026-07-01 19:47:38.376380: Pseudo dice [np.float32(0.6726)]
2026-07-01 19:47:38.376620: Epoch time: 44.84 s
2026-07-01 19:47:40.268108: 
2026-07-01 19:47:40.268461: Epoch 203
2026-07-01 19:47:40.268699: Current learning rate: 0.00222
2026-07-01 19:48:25.204978: train_loss -0.43
2026-07-01 19:48:25.205731: val_loss -0.2935
2026-07-01 19:48:25.206056: Pseudo dice [np.float32(0.7524)]
2026-07-01 19:48:25.206498: Epoch time: 44.94 s
2026-07-01 19:48:27.087634: 
2026-07-01 19:48:27.088112: Epoch 204
2026-07-01 19:48:27.088436: Current learning rate: 0.00218
2026-07-01 19:49:11.993190: train_loss -0.4425
2026-07-01 19:49:11.993689: val_loss -0.3753
2026-07-01 19:49:11.993844: Pseudo dice [np.float32(0.7737)]
2026-07-01 19:49:11.994016: Epoch time: 44.91 s
2026-07-01 19:49:14.312373: 
2026-07-01 19:49:14.312726: Epoch 205
2026-07-01 19:49:14.312903: Current learning rate: 0.00214
2026-07-01 19:49:59.038739: train_loss -0.4366
2026-07-01 19:49:59.041972: val_loss -0.2727
2026-07-01 19:49:59.042145: Pseudo dice [np.float32(0.7406)]
2026-07-01 19:49:59.042327: Epoch time: 44.73 s
2026-07-01 19:50:00.863813: 
2026-07-01 19:50:00.864400: Epoch 206
2026-07-01 19:50:00.864600: Current learning rate: 0.00209
2026-07-01 19:50:45.575272: train_loss -0.439
2026-07-01 19:50:45.575812: val_loss -0.2047
2026-07-01 19:50:45.575962: Pseudo dice [np.float32(0.6893)]
2026-07-01 19:50:45.576134: Epoch time: 44.71 s
2026-07-01 19:50:47.397100: 
2026-07-01 19:50:47.397572: Epoch 207
2026-07-01 19:50:47.397779: Current learning rate: 0.00205
2026-07-01 19:51:32.323073: train_loss -0.4429
2026-07-01 19:51:32.323764: val_loss -0.2475
2026-07-01 19:51:32.323915: Pseudo dice [np.float32(0.7184)]
2026-07-01 19:51:32.324089: Epoch time: 44.93 s
2026-07-01 19:51:34.151244: 
2026-07-01 19:51:34.151700: Epoch 208
2026-07-01 19:51:34.151935: Current learning rate: 0.00201
2026-07-01 19:52:19.080067: train_loss -0.4361
2026-07-01 19:52:19.080514: val_loss -0.1999
2026-07-01 19:52:19.080668: Pseudo dice [np.float32(0.6875)]
2026-07-01 19:52:19.080838: Epoch time: 44.93 s
2026-07-01 19:52:20.891041: 
2026-07-01 19:52:20.891566: Epoch 209
2026-07-01 19:52:20.891773: Current learning rate: 0.00196
2026-07-01 19:53:05.795684: train_loss -0.4361
2026-07-01 19:53:05.796298: val_loss -0.2629
2026-07-01 19:53:05.796458: Pseudo dice [np.float32(0.7302)]
2026-07-01 19:53:05.796627: Epoch time: 44.91 s
2026-07-01 19:53:07.617058: 
2026-07-01 19:53:07.617607: Epoch 210
2026-07-01 19:53:07.617875: Current learning rate: 0.00192
2026-07-01 19:53:52.569963: train_loss -0.4288
2026-07-01 19:53:52.570528: val_loss -0.2393
2026-07-01 19:53:52.571309: Pseudo dice [np.float32(0.7314)]
2026-07-01 19:53:52.571501: Epoch time: 44.96 s
2026-07-01 19:53:54.383053: 
2026-07-01 19:53:54.383546: Epoch 211
2026-07-01 19:53:54.383857: Current learning rate: 0.00188
2026-07-01 19:54:39.124081: train_loss -0.4389
2026-07-01 19:54:39.124544: val_loss -0.2076
2026-07-01 19:54:39.124704: Pseudo dice [np.float32(0.6837)]
2026-07-01 19:54:39.124875: Epoch time: 44.74 s
2026-07-01 19:54:40.946955: 
2026-07-01 19:54:40.947527: Epoch 212
2026-07-01 19:54:40.947840: Current learning rate: 0.00184
2026-07-01 19:55:25.780997: train_loss -0.4539
2026-07-01 19:55:25.781677: val_loss -0.2235
2026-07-01 19:55:25.781834: Pseudo dice [np.float32(0.7024)]
2026-07-01 19:55:25.782021: Epoch time: 44.84 s
2026-07-01 19:55:27.980417: 
2026-07-01 19:55:27.981094: Epoch 213
2026-07-01 19:55:27.981421: Current learning rate: 0.00179
2026-07-01 19:56:12.970957: train_loss -0.4544
2026-07-01 19:56:12.971453: val_loss -0.2838
2026-07-01 19:56:12.971605: Pseudo dice [np.float32(0.7326)]
2026-07-01 19:56:12.971846: Epoch time: 44.99 s
2026-07-01 19:56:14.768193: 
2026-07-01 19:56:14.768763: Epoch 214
2026-07-01 19:56:14.769081: Current learning rate: 0.00175
2026-07-01 19:56:59.944566: train_loss -0.4344
2026-07-01 19:56:59.945185: val_loss -0.212
2026-07-01 19:56:59.945336: Pseudo dice [np.float32(0.6855)]
2026-07-01 19:56:59.945512: Epoch time: 45.18 s
2026-07-01 19:57:01.741549: 
2026-07-01 19:57:01.742236: Epoch 215
2026-07-01 19:57:01.742576: Current learning rate: 0.0017
2026-07-01 19:57:46.715432: train_loss -0.4397
2026-07-01 19:57:46.715992: val_loss -0.1567
2026-07-01 19:57:46.716172: Pseudo dice [np.float32(0.6687)]
2026-07-01 19:57:46.716347: Epoch time: 44.98 s
2026-07-01 19:57:48.506746: 
2026-07-01 19:57:48.507388: Epoch 216
2026-07-01 19:57:48.507770: Current learning rate: 0.00166
2026-07-01 19:58:33.231318: train_loss -0.4415
2026-07-01 19:58:33.231863: val_loss -0.2907
2026-07-01 19:58:33.232011: Pseudo dice [np.float32(0.7412)]
2026-07-01 19:58:33.232182: Epoch time: 44.73 s
2026-07-01 19:58:35.029694: 
2026-07-01 19:58:35.030185: Epoch 217
2026-07-01 19:58:35.030558: Current learning rate: 0.00162
2026-07-01 19:59:19.936796: train_loss -0.4308
2026-07-01 19:59:19.937273: val_loss -0.1975
2026-07-01 19:59:19.937421: Pseudo dice [np.float32(0.6997)]
2026-07-01 19:59:19.937615: Epoch time: 44.91 s
2026-07-01 19:59:21.729968: 
2026-07-01 19:59:21.730571: Epoch 218
2026-07-01 19:59:21.730808: Current learning rate: 0.00157
2026-07-01 20:00:06.467079: train_loss -0.4398
2026-07-01 20:00:06.467783: val_loss -0.3023
2026-07-01 20:00:06.467927: Pseudo dice [np.float32(0.7353)]
2026-07-01 20:00:06.468097: Epoch time: 44.74 s
2026-07-01 20:00:08.263012: 
2026-07-01 20:00:08.263473: Epoch 219
2026-07-01 20:00:08.263791: Current learning rate: 0.00153
2026-07-01 20:00:53.301016: train_loss -0.4632
2026-07-01 20:00:53.301603: val_loss -0.2669
2026-07-01 20:00:53.301854: Pseudo dice [np.float32(0.7267)]
2026-07-01 20:00:53.302032: Epoch time: 45.04 s
2026-07-01 20:00:55.110844: 
2026-07-01 20:00:55.111271: Epoch 220
2026-07-01 20:00:55.111513: Current learning rate: 0.00148
2026-07-01 20:01:40.237292: train_loss -0.4466
2026-07-01 20:01:40.237859: val_loss -0.1833
2026-07-01 20:01:40.238062: Pseudo dice [np.float32(0.6979)]
2026-07-01 20:01:40.238244: Epoch time: 45.13 s
2026-07-01 20:01:42.046218: 
2026-07-01 20:01:42.046612: Epoch 221
2026-07-01 20:01:42.046940: Current learning rate: 0.00144
2026-07-01 20:02:27.081091: train_loss -0.443
2026-07-01 20:02:27.081502: val_loss -0.1526
2026-07-01 20:02:27.081654: Pseudo dice [np.float32(0.6823)]
2026-07-01 20:02:27.081826: Epoch time: 45.04 s
2026-07-01 20:02:29.265253: 
2026-07-01 20:02:29.265808: Epoch 222
2026-07-01 20:02:29.266065: Current learning rate: 0.00139
2026-07-01 20:03:14.347680: train_loss -0.4401
2026-07-01 20:03:14.348342: val_loss -0.234
2026-07-01 20:03:14.348486: Pseudo dice [np.float32(0.7148)]
2026-07-01 20:03:14.348672: Epoch time: 45.09 s
2026-07-01 20:03:16.160350: 
2026-07-01 20:03:16.160936: Epoch 223
2026-07-01 20:03:16.161220: Current learning rate: 0.00135
2026-07-01 20:04:01.125220: train_loss -0.456
2026-07-01 20:04:01.125685: val_loss -0.2742
2026-07-01 20:04:01.125832: Pseudo dice [np.float32(0.7278)]
2026-07-01 20:04:01.126009: Epoch time: 44.97 s
2026-07-01 20:04:02.943530: 
2026-07-01 20:04:02.944150: Epoch 224
2026-07-01 20:04:02.944350: Current learning rate: 0.0013
2026-07-01 20:04:47.865178: train_loss -0.4389
2026-07-01 20:04:47.865613: val_loss -0.2971
2026-07-01 20:04:47.865924: Pseudo dice [np.float32(0.7294)]
2026-07-01 20:04:47.866112: Epoch time: 44.93 s
2026-07-01 20:04:49.672436: 
2026-07-01 20:04:49.672935: Epoch 225
2026-07-01 20:04:49.673126: Current learning rate: 0.00126
2026-07-01 20:05:34.809819: train_loss -0.4495
2026-07-01 20:05:34.810293: val_loss -0.2949
2026-07-01 20:05:34.810433: Pseudo dice [np.float32(0.7378)]
2026-07-01 20:05:34.810619: Epoch time: 45.14 s
2026-07-01 20:05:36.623575: 
2026-07-01 20:05:36.624200: Epoch 226
2026-07-01 20:05:36.624511: Current learning rate: 0.00121
2026-07-01 20:06:21.407635: train_loss -0.4458
2026-07-01 20:06:21.408490: val_loss -0.2688
2026-07-01 20:06:21.408709: Pseudo dice [np.float32(0.732)]
2026-07-01 20:06:21.408904: Epoch time: 44.79 s
2026-07-01 20:06:23.219510: 
2026-07-01 20:06:23.220175: Epoch 227
2026-07-01 20:06:23.220497: Current learning rate: 0.00117
2026-07-01 20:07:08.047345: train_loss -0.4437
2026-07-01 20:07:08.047850: val_loss -0.2885
2026-07-01 20:07:08.047998: Pseudo dice [np.float32(0.7392)]
2026-07-01 20:07:08.048176: Epoch time: 44.83 s
2026-07-01 20:07:09.846172: 
2026-07-01 20:07:09.846581: Epoch 228
2026-07-01 20:07:09.846795: Current learning rate: 0.00112
2026-07-01 20:07:54.770543: train_loss -0.4462
2026-07-01 20:07:54.771043: val_loss -0.2188
2026-07-01 20:07:54.771199: Pseudo dice [np.float32(0.7167)]
2026-07-01 20:07:54.771374: Epoch time: 44.93 s
2026-07-01 20:07:56.572633: 
2026-07-01 20:07:56.573030: Epoch 229
2026-07-01 20:07:56.573231: Current learning rate: 0.00108
2026-07-01 20:08:41.475587: train_loss -0.4722
2026-07-01 20:08:41.476124: val_loss -0.2645
2026-07-01 20:08:41.476278: Pseudo dice [np.float32(0.7278)]
2026-07-01 20:08:41.476457: Epoch time: 44.91 s
2026-07-01 20:08:43.288788: 
2026-07-01 20:08:43.289344: Epoch 230
2026-07-01 20:08:43.289590: Current learning rate: 0.00103
2026-07-01 20:09:28.334688: train_loss -0.4517
2026-07-01 20:09:28.335182: val_loss -0.2903
2026-07-01 20:09:28.335346: Pseudo dice [np.float32(0.7352)]
2026-07-01 20:09:28.335520: Epoch time: 45.05 s
2026-07-01 20:09:30.565807: 
2026-07-01 20:09:30.566259: Epoch 231
2026-07-01 20:09:30.566447: Current learning rate: 0.00098
2026-07-01 20:10:15.600949: train_loss -0.4488
2026-07-01 20:10:15.601527: val_loss -0.2755
2026-07-01 20:10:15.601688: Pseudo dice [np.float32(0.7346)]
2026-07-01 20:10:15.601869: Epoch time: 45.04 s
2026-07-01 20:10:17.412145: 
2026-07-01 20:10:17.412829: Epoch 232
2026-07-01 20:10:17.413135: Current learning rate: 0.00094
2026-07-01 20:11:02.133561: train_loss -0.4555
2026-07-01 20:11:02.134005: val_loss -0.2126
2026-07-01 20:11:02.134151: Pseudo dice [np.float32(0.7074)]
2026-07-01 20:11:02.134322: Epoch time: 44.72 s
2026-07-01 20:11:03.944806: 
2026-07-01 20:11:03.945455: Epoch 233
2026-07-01 20:11:03.945669: Current learning rate: 0.00089
2026-07-01 20:11:48.839828: train_loss -0.4603
2026-07-01 20:11:48.840981: val_loss -0.2322
2026-07-01 20:11:48.841152: Pseudo dice [np.float32(0.7028)]
2026-07-01 20:11:48.841336: Epoch time: 44.9 s
2026-07-01 20:11:50.682500: 
2026-07-01 20:11:50.682913: Epoch 234
2026-07-01 20:11:50.683114: Current learning rate: 0.00084
2026-07-01 20:12:35.674761: train_loss -0.4297
2026-07-01 20:12:35.675369: val_loss -0.2323
2026-07-01 20:12:35.675535: Pseudo dice [np.float32(0.7116)]
2026-07-01 20:12:35.675721: Epoch time: 45.0 s
2026-07-01 20:12:37.484601: 
2026-07-01 20:12:37.485138: Epoch 235
2026-07-01 20:12:37.485440: Current learning rate: 0.00079
2026-07-01 20:13:22.214848: train_loss -0.4493
2026-07-01 20:13:22.215464: val_loss -0.2168
2026-07-01 20:13:22.216301: Pseudo dice [np.float32(0.7078)]
2026-07-01 20:13:22.216494: Epoch time: 44.73 s
2026-07-01 20:13:24.016778: 
2026-07-01 20:13:24.017458: Epoch 236
2026-07-01 20:13:24.017674: Current learning rate: 0.00075
2026-07-01 20:14:08.989442: train_loss -0.4432
2026-07-01 20:14:08.989933: val_loss -0.2272
2026-07-01 20:14:08.990088: Pseudo dice [np.float32(0.7088)]
2026-07-01 20:14:08.990409: Epoch time: 44.98 s
2026-07-01 20:14:10.792131: 
2026-07-01 20:14:10.792520: Epoch 237
2026-07-01 20:14:10.792712: Current learning rate: 0.0007
2026-07-01 20:14:55.638718: train_loss -0.4426
2026-07-01 20:14:55.639177: val_loss -0.3097
2026-07-01 20:14:55.639323: Pseudo dice [np.float32(0.7516)]
2026-07-01 20:14:55.639512: Epoch time: 44.85 s
2026-07-01 20:14:57.447946: 
2026-07-01 20:14:57.448731: Epoch 238
2026-07-01 20:14:57.449127: Current learning rate: 0.00065
2026-07-01 20:15:42.282657: train_loss -0.4401
2026-07-01 20:15:42.283162: val_loss -0.2376
2026-07-01 20:15:42.283312: Pseudo dice [np.float32(0.7218)]
2026-07-01 20:15:42.283487: Epoch time: 44.84 s
2026-07-01 20:15:44.083055: 
2026-07-01 20:15:44.083394: Epoch 239
2026-07-01 20:15:44.083634: Current learning rate: 0.0006
2026-07-01 20:16:28.986965: train_loss -0.452
2026-07-01 20:16:28.987579: val_loss -0.1769
2026-07-01 20:16:28.987747: Pseudo dice [np.float32(0.7001)]
2026-07-01 20:16:28.987924: Epoch time: 44.91 s
2026-07-01 20:16:31.202277: 
2026-07-01 20:16:31.202757: Epoch 240
2026-07-01 20:16:31.203011: Current learning rate: 0.00055
2026-07-01 20:17:16.236310: train_loss -0.4417
2026-07-01 20:17:16.237152: val_loss -0.1567
2026-07-01 20:17:16.237355: Pseudo dice [np.float32(0.6932)]
2026-07-01 20:17:16.237547: Epoch time: 45.04 s
2026-07-01 20:17:18.075289: 
2026-07-01 20:17:18.075892: Epoch 241
2026-07-01 20:17:18.076206: Current learning rate: 0.0005
2026-07-01 20:18:02.856435: train_loss -0.4426
2026-07-01 20:18:02.857048: val_loss -0.1325
2026-07-01 20:18:02.857210: Pseudo dice [np.float32(0.6965)]
2026-07-01 20:18:02.857381: Epoch time: 44.78 s
2026-07-01 20:18:04.679519: 
2026-07-01 20:18:04.680121: Epoch 242
2026-07-01 20:18:04.680453: Current learning rate: 0.00045
2026-07-01 20:18:49.603560: train_loss -0.4572
2026-07-01 20:18:49.604169: val_loss -0.2605
2026-07-01 20:18:49.604353: Pseudo dice [np.float32(0.7343)]
2026-07-01 20:18:49.604549: Epoch time: 44.93 s
2026-07-01 20:18:51.445023: 
2026-07-01 20:18:51.445411: Epoch 243
2026-07-01 20:18:51.445649: Current learning rate: 0.0004
2026-07-01 20:19:36.419136: train_loss -0.4561
2026-07-01 20:19:36.419757: val_loss -0.1932
2026-07-01 20:19:36.419944: Pseudo dice [np.float32(0.7048)]
2026-07-01 20:19:36.420124: Epoch time: 44.98 s
2026-07-01 20:19:38.251085: 
2026-07-01 20:19:38.251621: Epoch 244
2026-07-01 20:19:38.251953: Current learning rate: 0.00035
2026-07-01 20:20:23.000235: train_loss -0.445
2026-07-01 20:20:23.001737: val_loss -0.2396
2026-07-01 20:20:23.001900: Pseudo dice [np.float32(0.7244)]
2026-07-01 20:20:23.002071: Epoch time: 44.75 s
2026-07-01 20:20:24.827964: 
2026-07-01 20:20:24.828547: Epoch 245
2026-07-01 20:20:24.828894: Current learning rate: 0.0003
2026-07-01 20:21:09.878720: train_loss -0.4499
2026-07-01 20:21:09.879272: val_loss -0.1646
2026-07-01 20:21:09.879422: Pseudo dice [np.float32(0.6919)]
2026-07-01 20:21:09.879602: Epoch time: 45.05 s
2026-07-01 20:21:11.718129: 
2026-07-01 20:21:11.718719: Epoch 246
2026-07-01 20:21:11.719029: Current learning rate: 0.00024
2026-07-01 20:21:56.812490: train_loss -0.4377
2026-07-01 20:21:56.812994: val_loss -0.2452
2026-07-01 20:21:56.813143: Pseudo dice [np.float32(0.7203)]
2026-07-01 20:21:56.813317: Epoch time: 45.1 s
2026-07-01 20:21:58.643300: 
2026-07-01 20:21:58.643710: Epoch 247
2026-07-01 20:21:58.644034: Current learning rate: 0.00019
2026-07-01 20:22:44.029476: train_loss -0.4406
2026-07-01 20:22:44.030005: val_loss -0.2614
2026-07-01 20:22:44.030166: Pseudo dice [np.float32(0.728)]
2026-07-01 20:22:44.030339: Epoch time: 45.39 s
2026-07-01 20:22:45.860214: 
2026-07-01 20:22:45.860660: Epoch 248
2026-07-01 20:22:45.860916: Current learning rate: 0.00013
2026-07-01 20:23:31.031095: train_loss -0.4551
2026-07-01 20:23:31.031621: val_loss -0.2053
2026-07-01 20:23:31.031781: Pseudo dice [np.float32(0.7009)]
2026-07-01 20:23:31.031950: Epoch time: 45.17 s
2026-07-01 20:23:33.301181: 
2026-07-01 20:23:33.301706: Epoch 249
2026-07-01 20:23:33.301902: Current learning rate: 7e-05
2026-07-01 20:24:18.198863: train_loss -0.4329
2026-07-01 20:24:18.199347: val_loss -0.1974
2026-07-01 20:24:18.199497: Pseudo dice [np.float32(0.705)]
2026-07-01 20:24:18.199681: Epoch time: 44.9 s
2026-07-01 20:24:20.657811: Training done.
2026-07-01 20:24:20.862519: Using splits from existing split file: /gpfs/data/ravenlab/micmac/nnUNet_preprocessed/Dataset005_BinaryTask/splits_final.json
2026-07-01 20:24:20.862883: The split file contains 5 splits.
2026-07-01 20:24:20.862985: Desired fold for training: 2
2026-07-01 20:24:20.863071: This split has 18 training and 5 validation cases.
2026-07-01 20:24:20.863263: predicting 41759_46bundle
2026-07-01 20:24:20.899570: 41759_46bundle, shape torch.Size([1, 1, 2240, 2125]), rank 0
2026-07-01 20:24:27.823808: predicting 41759_61_claus
2026-07-01 20:24:27.859644: 41759_61_claus, shape torch.Size([1, 1, 2077, 2024]), rank 0
2026-07-01 20:24:29.422899: predicting 41759_64_claus
2026-07-01 20:24:29.464262: 41759_64_claus, shape torch.Size([1, 1, 2112, 2100]), rank 0
2026-07-01 20:24:30.880084: predicting 41759_G_110_slice_2_0
2026-07-01 20:24:30.944940: 41759_G_110_slice_2_0, shape torch.Size([1, 1, 3036, 4119]), rank 0
2026-07-01 20:24:34.536415: predicting 41759_G_130_slice_1_2
2026-07-01 20:24:35.381019: 41759_G_130_slice_1_2, shape torch.Size([1, 1, 10000, 10000]), rank 0
2026-07-01 20:26:30.192952: Validation complete
2026-07-01 20:26:30.193145: Mean Validation Dice:  0.6923404262922415
