Loading cuda/12.9
  Module ERROR: couldn't create error file for command: I/O error
    In '/cm/shared/modulefiles/cuda/12.9'
    Please contact <root@localhost>

Loading python/gpu/3.10.6-cuda12.9
  ERROR: Load of requirement cuda/12.9 failed
Launching parallel training for 2D config, Fold 4 using 250-epoch trainer preset...

############################
INFO: You are using the old nnU-Net default plans. We have updated our recommendations. Please consider using those instead! Read more here: https://github.com/MIC-DKFZ/nnUNet/blob/master/documentation/resenc_presets.md
############################

Using device: cuda:0

#######################################################################
Please cite the following paper when using nnU-Net:
Isensee, F., Jaeger, P. F., Kohl, S. A., Petersen, J., & Maier-Hein, K. H. (2021). nnU-Net: a self-configuring method for deep learning-based biomedical image segmentation. Nature methods, 18(2), 203-211.
#######################################################################

2026-07-01 17:12:02.612473: do_dummy_2d_data_aug: False
2026-07-01 17:12:02.613053: Using splits from existing split file: /gpfs/data/ravenlab/micmac/nnUNet_preprocessed/Dataset005_BinaryTask/splits_final.json
2026-07-01 17:12:02.614122: The split file contains 5 splits.
2026-07-01 17:12:02.614223: Desired fold for training: 4
2026-07-01 17:12:02.614311: This split has 19 training and 4 validation cases.
using pin_memory on device 0
using pin_memory on device 0

This is the configuration used by this training:
Configuration name: 2d
 {'data_identifier': 'nnUNetPlans_2d', 'preprocessor_name': 'DefaultPreprocessor', 'batch_size': 2, 'patch_size': [1024, 1280], 'median_image_size_in_voxels': [2077.0, 2251.0], 'spacing': [1.0, 1.0], 'normalization_schemes': ['ZScoreNormalization'], 'use_mask_for_norm': [False], 'resampling_fn_data': 'resample_data_or_seg_to_shape', 'resampling_fn_seg': 'resample_data_or_seg_to_shape', 'resampling_fn_data_kwargs': {'is_seg': False, 'order': 3, 'order_z': 0, 'force_separate_z': None}, 'resampling_fn_seg_kwargs': {'is_seg': True, 'order': 1, 'order_z': 0, 'force_separate_z': None}, 'resampling_fn_probabilities': 'resample_data_or_seg_to_shape', 'resampling_fn_probabilities_kwargs': {'is_seg': False, 'order': 1, 'order_z': 0, 'force_separate_z': None}, 'architecture': {'network_class_name': 'dynamic_network_architectures.architectures.unet.PlainConvUNet', 'arch_kwargs': {'n_stages': 9, 'features_per_stage': [32, 64, 128, 256, 512, 512, 512, 512, 512], 'conv_op': 'torch.nn.modules.conv.Conv2d', 'kernel_sizes': [[3, 3], [3, 3], [3, 3], [3, 3], [3, 3], [3, 3], [3, 3], [3, 3], [3, 3]], 'strides': [[1, 1], [2, 2], [2, 2], [2, 2], [2, 2], [2, 2], [2, 2], [2, 2], [2, 2]], 'n_conv_per_stage': [2, 2, 2, 2, 2, 2, 2, 2, 2], 'n_conv_per_stage_decoder': [2, 2, 2, 2, 2, 2, 2, 2], 'conv_bias': True, 'norm_op': 'torch.nn.modules.instancenorm.InstanceNorm2d', 'norm_op_kwargs': {'eps': 1e-05, 'affine': True}, 'dropout_op': None, 'dropout_op_kwargs': None, 'nonlin': 'torch.nn.LeakyReLU', 'nonlin_kwargs': {'inplace': True}}, '_kw_requires_import': ['conv_op', 'norm_op', 'dropout_op', 'nonlin']}, 'batch_dice': True} 

These are the global plan.json settings:
 {'dataset_name': 'Dataset005_BinaryTask', 'plans_name': 'nnUNetPlans', 'original_median_spacing_after_transp': [999.0, 1.0, 1.0], 'original_median_shape_after_transp': [1, 2077, 2251], 'image_reader_writer': 'NaturalImage2DIO', 'transpose_forward': [0, 1, 2], 'transpose_backward': [0, 1, 2], 'experiment_planner_used': 'ExperimentPlanner', 'label_manager': 'LabelManager', 'foreground_intensity_properties_per_channel': {'0': {'max': 250.0, 'mean': 136.68589782714844, 'median': 136.0, 'min': 5.0, 'percentile_00_5': 53.0, 'percentile_99_5': 222.0, 'std': 37.201812744140625}}} 

2026-07-01 17:12:07.548176: Unable to plot network architecture:
2026-07-01 17:12:07.548331: No module named 'hiddenlayer'
2026-07-01 17:12:07.714369: 
2026-07-01 17:12:07.714604: Epoch 0
2026-07-01 17:12:07.715025: Current learning rate: 0.01
2026-07-01 17:14:13.290429: train_loss -0.0959
2026-07-01 17:14:13.291042: val_loss -0.1437
2026-07-01 17:14:13.291183: Pseudo dice [np.float32(0.6739)]
2026-07-01 17:14:13.291384: Epoch time: 125.58 s
2026-07-01 17:14:13.291512: Yayy! New best EMA pseudo Dice: 0.6739000082015991
2026-07-01 17:14:15.715530: 
2026-07-01 17:14:15.715905: Epoch 1
2026-07-01 17:14:15.716095: Current learning rate: 0.00996
2026-07-01 17:15:00.952516: train_loss -0.2049
2026-07-01 17:15:00.953203: val_loss -0.1389
2026-07-01 17:15:00.953357: Pseudo dice [np.float32(0.6477)]
2026-07-01 17:15:00.953530: Epoch time: 45.24 s
2026-07-01 17:15:02.662908: 
2026-07-01 17:15:02.663326: Epoch 2
2026-07-01 17:15:02.663531: Current learning rate: 0.00993
2026-07-01 17:15:47.455218: train_loss -0.2413
2026-07-01 17:15:47.455742: val_loss -0.2202
2026-07-01 17:15:47.455908: Pseudo dice [np.float32(0.6839)]
2026-07-01 17:15:47.456082: Epoch time: 44.8 s
2026-07-01 17:15:49.239603: 
2026-07-01 17:15:49.240063: Epoch 3
2026-07-01 17:15:49.240253: Current learning rate: 0.00989
2026-07-01 17:16:33.811430: train_loss -0.2709
2026-07-01 17:16:33.811905: val_loss -0.1657
2026-07-01 17:16:33.812058: Pseudo dice [np.float32(0.6613)]
2026-07-01 17:16:33.812230: Epoch time: 44.58 s
2026-07-01 17:16:35.556323: 
2026-07-01 17:16:35.556782: Epoch 4
2026-07-01 17:16:35.557010: Current learning rate: 0.00986
2026-07-01 17:17:19.970490: train_loss -0.2823
2026-07-01 17:17:19.971012: val_loss -0.1691
2026-07-01 17:17:19.971165: Pseudo dice [np.float32(0.6714)]
2026-07-01 17:17:19.971338: Epoch time: 44.42 s
2026-07-01 17:17:21.753481: 
2026-07-01 17:17:21.753955: Epoch 5
2026-07-01 17:17:21.754153: Current learning rate: 0.00982
2026-07-01 17:18:06.431679: train_loss -0.2747
2026-07-01 17:18:06.432259: val_loss -0.1952
2026-07-01 17:18:06.432411: Pseudo dice [np.float32(0.6881)]
2026-07-01 17:18:06.432581: Epoch time: 44.68 s
2026-07-01 17:18:08.171387: 
2026-07-01 17:18:08.171811: Epoch 6
2026-07-01 17:18:08.172012: Current learning rate: 0.00978
2026-07-01 17:18:52.736311: train_loss -0.2904
2026-07-01 17:18:52.736873: val_loss -0.1557
2026-07-01 17:18:52.737029: Pseudo dice [np.float32(0.6654)]
2026-07-01 17:18:52.737196: Epoch time: 44.57 s
2026-07-01 17:18:54.488267: 
2026-07-01 17:18:54.488633: Epoch 7
2026-07-01 17:18:54.488824: Current learning rate: 0.00975
2026-07-01 17:19:39.097311: train_loss -0.2849
2026-07-01 17:19:39.097909: val_loss -0.1586
2026-07-01 17:19:39.098065: Pseudo dice [np.float32(0.6734)]
2026-07-01 17:19:39.098234: Epoch time: 44.61 s
2026-07-01 17:19:40.866008: 
2026-07-01 17:19:40.866543: Epoch 8
2026-07-01 17:19:40.866859: Current learning rate: 0.00971
2026-07-01 17:20:25.454627: train_loss -0.2919
2026-07-01 17:20:25.455257: val_loss -0.1385
2026-07-01 17:20:25.455422: Pseudo dice [np.float32(0.6401)]
2026-07-01 17:20:25.455598: Epoch time: 44.59 s
2026-07-01 17:20:27.599513: 
2026-07-01 17:20:27.599893: Epoch 9
2026-07-01 17:20:27.600097: Current learning rate: 0.00968
2026-07-01 17:21:12.249871: train_loss -0.3032
2026-07-01 17:21:12.250398: val_loss -0.1831
2026-07-01 17:21:12.250560: Pseudo dice [np.float32(0.6674)]
2026-07-01 17:21:12.250743: Epoch time: 44.65 s
2026-07-01 17:21:13.939339: 
2026-07-01 17:21:13.939951: Epoch 10
2026-07-01 17:21:13.940314: Current learning rate: 0.00964
2026-07-01 17:21:58.415722: train_loss -0.3203
2026-07-01 17:21:58.416341: val_loss -0.1202
2026-07-01 17:21:58.416492: Pseudo dice [np.float32(0.6533)]
2026-07-01 17:21:58.416671: Epoch time: 44.48 s
2026-07-01 17:22:00.121978: 
2026-07-01 17:22:00.122437: Epoch 11
2026-07-01 17:22:00.122684: Current learning rate: 0.0096
2026-07-01 17:22:44.503828: train_loss -0.3085
2026-07-01 17:22:44.504393: val_loss -0.149
2026-07-01 17:22:44.504562: Pseudo dice [np.float32(0.6439)]
2026-07-01 17:22:44.504748: Epoch time: 44.38 s
2026-07-01 17:22:46.237994: 
2026-07-01 17:22:46.238403: Epoch 12
2026-07-01 17:22:46.238595: Current learning rate: 0.00957
2026-07-01 17:23:31.021002: train_loss -0.3092
2026-07-01 17:23:31.021448: val_loss -0.1997
2026-07-01 17:23:31.021601: Pseudo dice [np.float32(0.6614)]
2026-07-01 17:23:31.021785: Epoch time: 44.79 s
2026-07-01 17:23:32.742935: 
2026-07-01 17:23:32.743382: Epoch 13
2026-07-01 17:23:32.743682: Current learning rate: 0.00953
2026-07-01 17:24:17.592350: train_loss -0.2858
2026-07-01 17:24:17.592907: val_loss -0.1716
2026-07-01 17:24:17.593062: Pseudo dice [np.float32(0.6795)]
2026-07-01 17:24:17.593233: Epoch time: 44.85 s
2026-07-01 17:24:19.306992: 
2026-07-01 17:24:19.307530: Epoch 14
2026-07-01 17:24:19.307838: Current learning rate: 0.00949
2026-07-01 17:25:03.828347: train_loss -0.296
2026-07-01 17:25:03.829065: val_loss -0.1683
2026-07-01 17:25:03.829236: Pseudo dice [np.float32(0.6877)]
2026-07-01 17:25:03.829422: Epoch time: 44.52 s
2026-07-01 17:25:05.564441: 
2026-07-01 17:25:05.564975: Epoch 15
2026-07-01 17:25:05.565313: Current learning rate: 0.00946
2026-07-01 17:25:50.145071: train_loss -0.3092
2026-07-01 17:25:50.145691: val_loss -0.1632
2026-07-01 17:25:50.145848: Pseudo dice [np.float32(0.6584)]
2026-07-01 17:25:50.146015: Epoch time: 44.58 s
2026-07-01 17:25:51.876579: 
2026-07-01 17:25:51.877141: Epoch 16
2026-07-01 17:25:51.877450: Current learning rate: 0.00942
2026-07-01 17:26:36.411495: train_loss -0.3184
2026-07-01 17:26:36.412075: val_loss -0.1999
2026-07-01 17:26:36.412232: Pseudo dice [np.float32(0.6632)]
2026-07-01 17:26:36.412400: Epoch time: 44.54 s
2026-07-01 17:26:38.177295: 
2026-07-01 17:26:38.177812: Epoch 17
2026-07-01 17:26:38.178116: Current learning rate: 0.00939
2026-07-01 17:27:22.791230: train_loss -0.3179
2026-07-01 17:27:22.792042: val_loss -0.1534
2026-07-01 17:27:22.792197: Pseudo dice [np.float32(0.6502)]
2026-07-01 17:27:22.792365: Epoch time: 44.62 s
2026-07-01 17:27:24.913477: 
2026-07-01 17:27:24.914013: Epoch 18
2026-07-01 17:27:24.914337: Current learning rate: 0.00935
2026-07-01 17:28:09.493832: train_loss -0.2939
2026-07-01 17:28:09.494459: val_loss -0.177
2026-07-01 17:28:09.494618: Pseudo dice [np.float32(0.6684)]
2026-07-01 17:28:09.494810: Epoch time: 44.58 s
2026-07-01 17:28:11.248080: 
2026-07-01 17:28:11.248675: Epoch 19
2026-07-01 17:28:11.249134: Current learning rate: 0.00931
2026-07-01 17:28:55.907417: train_loss -0.3105
2026-07-01 17:28:55.908041: val_loss -0.1372
2026-07-01 17:28:55.908201: Pseudo dice [np.float32(0.628)]
2026-07-01 17:28:55.908392: Epoch time: 44.66 s
2026-07-01 17:28:57.664158: 
2026-07-01 17:28:57.664595: Epoch 20
2026-07-01 17:28:57.664786: Current learning rate: 0.00928
2026-07-01 17:29:42.154490: train_loss -0.3248
2026-07-01 17:29:42.154942: val_loss -0.221
2026-07-01 17:29:42.155090: Pseudo dice [np.float32(0.6852)]
2026-07-01 17:29:42.155261: Epoch time: 44.49 s
2026-07-01 17:29:43.945220: 
2026-07-01 17:29:43.945663: Epoch 21
2026-07-01 17:29:43.945868: Current learning rate: 0.00924
2026-07-01 17:30:28.740591: train_loss -0.3129
2026-07-01 17:30:28.741102: val_loss -0.1573
2026-07-01 17:30:28.741261: Pseudo dice [np.float32(0.6521)]
2026-07-01 17:30:28.741441: Epoch time: 44.8 s
2026-07-01 17:30:30.462207: 
2026-07-01 17:30:30.462741: Epoch 22
2026-07-01 17:30:30.462933: Current learning rate: 0.0092
2026-07-01 17:31:15.044610: train_loss -0.3349
2026-07-01 17:31:15.045095: val_loss -0.2026
2026-07-01 17:31:15.045293: Pseudo dice [np.float32(0.6591)]
2026-07-01 17:31:15.045472: Epoch time: 44.59 s
2026-07-01 17:31:16.766838: 
2026-07-01 17:31:16.767357: Epoch 23
2026-07-01 17:31:16.767682: Current learning rate: 0.00917
2026-07-01 17:32:01.200291: train_loss -0.3283
2026-07-01 17:32:01.200846: val_loss -0.1509
2026-07-01 17:32:01.201030: Pseudo dice [np.float32(0.6382)]
2026-07-01 17:32:01.201203: Epoch time: 44.44 s
2026-07-01 17:32:02.893098: 
2026-07-01 17:32:02.893578: Epoch 24
2026-07-01 17:32:02.893903: Current learning rate: 0.00913
2026-07-01 17:32:47.611079: train_loss -0.3348
2026-07-01 17:32:47.611819: val_loss -0.2191
2026-07-01 17:32:47.612025: Pseudo dice [np.float32(0.688)]
2026-07-01 17:32:47.612212: Epoch time: 44.72 s
2026-07-01 17:32:49.347819: 
2026-07-01 17:32:49.348273: Epoch 25
2026-07-01 17:32:49.348460: Current learning rate: 0.0091
2026-07-01 17:33:34.026692: train_loss -0.3473
2026-07-01 17:33:34.027195: val_loss -0.2127
2026-07-01 17:33:34.027364: Pseudo dice [np.float32(0.6965)]
2026-07-01 17:33:34.027568: Epoch time: 44.68 s
2026-07-01 17:33:35.740511: 
2026-07-01 17:33:35.741130: Epoch 26
2026-07-01 17:33:35.741338: Current learning rate: 0.00906
2026-07-01 17:34:20.357712: train_loss -0.3273
2026-07-01 17:34:20.358301: val_loss -0.1762
2026-07-01 17:34:20.358502: Pseudo dice [np.float32(0.6779)]
2026-07-01 17:34:20.358693: Epoch time: 44.62 s
2026-07-01 17:34:22.431546: 
2026-07-01 17:34:22.432079: Epoch 27
2026-07-01 17:34:22.432395: Current learning rate: 0.00902
2026-07-01 17:35:07.136733: train_loss -0.3307
2026-07-01 17:35:07.137259: val_loss -0.1293
2026-07-01 17:35:07.137422: Pseudo dice [np.float32(0.6406)]
2026-07-01 17:35:07.137596: Epoch time: 44.71 s
2026-07-01 17:35:08.869004: 
2026-07-01 17:35:08.869660: Epoch 28
2026-07-01 17:35:08.869974: Current learning rate: 0.00899
2026-07-01 17:35:53.514750: train_loss -0.3378
2026-07-01 17:35:53.515301: val_loss -0.2071
2026-07-01 17:35:53.515462: Pseudo dice [np.float32(0.6903)]
2026-07-01 17:35:53.515630: Epoch time: 44.65 s
2026-07-01 17:35:55.246816: 
2026-07-01 17:35:55.247300: Epoch 29
2026-07-01 17:35:55.247500: Current learning rate: 0.00895
2026-07-01 17:36:39.909663: train_loss -0.3486
2026-07-01 17:36:39.910360: val_loss -0.18
2026-07-01 17:36:39.910506: Pseudo dice [np.float32(0.6702)]
2026-07-01 17:36:39.910684: Epoch time: 44.67 s
2026-07-01 17:36:41.652776: 
2026-07-01 17:36:41.653304: Epoch 30
2026-07-01 17:36:41.653605: Current learning rate: 0.00891
2026-07-01 17:37:26.288878: train_loss -0.324
2026-07-01 17:37:26.289388: val_loss -0.2009
2026-07-01 17:37:26.289598: Pseudo dice [np.float32(0.6672)]
2026-07-01 17:37:26.289789: Epoch time: 44.64 s
2026-07-01 17:37:28.032208: 
2026-07-01 17:37:28.032737: Epoch 31
2026-07-01 17:37:28.033039: Current learning rate: 0.00888
2026-07-01 17:38:12.638329: train_loss -0.3301
2026-07-01 17:38:12.638859: val_loss -0.2094
2026-07-01 17:38:12.639023: Pseudo dice [np.float32(0.6596)]
2026-07-01 17:38:12.639208: Epoch time: 44.61 s
2026-07-01 17:38:14.373195: 
2026-07-01 17:38:14.373668: Epoch 32
2026-07-01 17:38:14.373863: Current learning rate: 0.00884
2026-07-01 17:38:59.130827: train_loss -0.3442
2026-07-01 17:38:59.131437: val_loss -0.2009
2026-07-01 17:38:59.131609: Pseudo dice [np.float32(0.6808)]
2026-07-01 17:38:59.131846: Epoch time: 44.76 s
2026-07-01 17:39:00.884760: 
2026-07-01 17:39:00.885195: Epoch 33
2026-07-01 17:39:00.885413: Current learning rate: 0.0088
2026-07-01 17:39:45.501938: train_loss -0.3417
2026-07-01 17:39:45.502463: val_loss -0.1766
2026-07-01 17:39:45.502611: Pseudo dice [np.float32(0.6413)]
2026-07-01 17:39:45.502786: Epoch time: 44.62 s
2026-07-01 17:39:47.258231: 
2026-07-01 17:39:47.258682: Epoch 34
2026-07-01 17:39:47.259014: Current learning rate: 0.00877
2026-07-01 17:40:31.886920: train_loss -0.3431
2026-07-01 17:40:31.887378: val_loss -0.193
2026-07-01 17:40:31.887533: Pseudo dice [np.float32(0.6814)]
2026-07-01 17:40:31.887728: Epoch time: 44.63 s
2026-07-01 17:40:33.648709: 
2026-07-01 17:40:33.649242: Epoch 35
2026-07-01 17:40:33.649577: Current learning rate: 0.00873
2026-07-01 17:41:18.217625: train_loss -0.3531
2026-07-01 17:41:18.218099: val_loss -0.2231
2026-07-01 17:41:18.218246: Pseudo dice [np.float32(0.6856)]
2026-07-01 17:41:18.218412: Epoch time: 44.57 s
2026-07-01 17:41:20.333531: 
2026-07-01 17:41:20.334117: Epoch 36
2026-07-01 17:41:20.334421: Current learning rate: 0.00869
2026-07-01 17:42:04.916898: train_loss -0.349
2026-07-01 17:42:04.917522: val_loss -0.217
2026-07-01 17:42:04.917678: Pseudo dice [np.float32(0.6681)]
2026-07-01 17:42:04.917854: Epoch time: 44.59 s
2026-07-01 17:42:06.674911: 
2026-07-01 17:42:06.675340: Epoch 37
2026-07-01 17:42:06.675550: Current learning rate: 0.00866
2026-07-01 17:42:51.386113: train_loss -0.351
2026-07-01 17:42:51.386939: val_loss -0.2036
2026-07-01 17:42:51.387094: Pseudo dice [np.float32(0.6563)]
2026-07-01 17:42:51.387267: Epoch time: 44.71 s
2026-07-01 17:42:53.156686: 
2026-07-01 17:42:53.157187: Epoch 38
2026-07-01 17:42:53.157491: Current learning rate: 0.00862
2026-07-01 17:43:37.974960: train_loss -0.3527
2026-07-01 17:43:37.975757: val_loss -0.211
2026-07-01 17:43:37.975943: Pseudo dice [np.float32(0.6751)]
2026-07-01 17:43:37.976128: Epoch time: 44.82 s
2026-07-01 17:43:39.759145: 
2026-07-01 17:43:39.759585: Epoch 39
2026-07-01 17:43:39.759791: Current learning rate: 0.00858
2026-07-01 17:44:24.353928: train_loss -0.3401
2026-07-01 17:44:24.354448: val_loss -0.2011
2026-07-01 17:44:24.354649: Pseudo dice [np.float32(0.6681)]
2026-07-01 17:44:24.354844: Epoch time: 44.6 s
2026-07-01 17:44:26.128268: 
2026-07-01 17:44:26.128691: Epoch 40
2026-07-01 17:44:26.128887: Current learning rate: 0.00855
2026-07-01 17:45:10.730367: train_loss -0.35
2026-07-01 17:45:10.730956: val_loss -0.2067
2026-07-01 17:45:10.731114: Pseudo dice [np.float32(0.6665)]
2026-07-01 17:45:10.731287: Epoch time: 44.61 s
2026-07-01 17:45:12.519895: 
2026-07-01 17:45:12.520381: Epoch 41
2026-07-01 17:45:12.520715: Current learning rate: 0.00851
2026-07-01 17:45:57.279784: train_loss -0.3546
2026-07-01 17:45:57.280421: val_loss -0.2002
2026-07-01 17:45:57.280576: Pseudo dice [np.float32(0.6821)]
2026-07-01 17:45:57.280760: Epoch time: 44.76 s
2026-07-01 17:45:58.995448: 
2026-07-01 17:45:58.995851: Epoch 42
2026-07-01 17:45:58.996062: Current learning rate: 0.00847
2026-07-01 17:46:43.567253: train_loss -0.3519
2026-07-01 17:46:43.568528: val_loss -0.2352
2026-07-01 17:46:43.568702: Pseudo dice [np.float32(0.6773)]
2026-07-01 17:46:43.568877: Epoch time: 44.57 s
2026-07-01 17:46:45.308422: 
2026-07-01 17:46:45.308863: Epoch 43
2026-07-01 17:46:45.309070: Current learning rate: 0.00844
2026-07-01 17:47:30.135859: train_loss -0.3488
2026-07-01 17:47:30.136578: val_loss -0.2107
2026-07-01 17:47:30.136756: Pseudo dice [np.float32(0.6736)]
2026-07-01 17:47:30.136932: Epoch time: 44.83 s
2026-07-01 17:47:31.867437: 
2026-07-01 17:47:31.867846: Epoch 44
2026-07-01 17:47:31.868056: Current learning rate: 0.0084
2026-07-01 17:48:16.379078: train_loss -0.3553
2026-07-01 17:48:16.379631: val_loss -0.2165
2026-07-01 17:48:16.379813: Pseudo dice [np.float32(0.6877)]
2026-07-01 17:48:16.379991: Epoch time: 44.51 s
2026-07-01 17:48:18.517590: 
2026-07-01 17:48:18.518177: Epoch 45
2026-07-01 17:48:18.518496: Current learning rate: 0.00836
2026-07-01 17:49:03.256018: train_loss -0.3565
2026-07-01 17:49:03.256567: val_loss -0.189
2026-07-01 17:49:03.256731: Pseudo dice [np.float32(0.6619)]
2026-07-01 17:49:03.256905: Epoch time: 44.74 s
2026-07-01 17:49:04.986482: 
2026-07-01 17:49:04.987016: Epoch 46
2026-07-01 17:49:04.987216: Current learning rate: 0.00833
2026-07-01 17:49:49.874560: train_loss -0.3584
2026-07-01 17:49:49.875123: val_loss -0.2303
2026-07-01 17:49:49.875274: Pseudo dice [np.float32(0.6877)]
2026-07-01 17:49:49.875450: Epoch time: 44.89 s
2026-07-01 17:49:51.616661: 
2026-07-01 17:49:51.617284: Epoch 47
2026-07-01 17:49:51.617502: Current learning rate: 0.00829
2026-07-01 17:50:36.505957: train_loss -0.3707
2026-07-01 17:50:36.506424: val_loss -0.2232
2026-07-01 17:50:36.506574: Pseudo dice [np.float32(0.6717)]
2026-07-01 17:50:36.506761: Epoch time: 44.89 s
2026-07-01 17:50:38.243099: 
2026-07-01 17:50:38.243677: Epoch 48
2026-07-01 17:50:38.243999: Current learning rate: 0.00825
2026-07-01 17:51:23.156016: train_loss -0.3632
2026-07-01 17:51:23.156647: val_loss -0.155
2026-07-01 17:51:23.156802: Pseudo dice [np.float32(0.6723)]
2026-07-01 17:51:23.156971: Epoch time: 44.92 s
2026-07-01 17:51:24.900813: 
2026-07-01 17:51:24.901248: Epoch 49
2026-07-01 17:51:24.901459: Current learning rate: 0.00822
2026-07-01 17:52:09.425169: train_loss -0.3625
2026-07-01 17:52:09.425678: val_loss -0.1696
2026-07-01 17:52:09.425838: Pseudo dice [np.float32(0.6822)]
2026-07-01 17:52:09.426011: Epoch time: 44.53 s
2026-07-01 17:52:11.759711: 
2026-07-01 17:52:11.760042: Epoch 50
2026-07-01 17:52:11.760227: Current learning rate: 0.00818
2026-07-01 17:52:56.363633: train_loss -0.3679
2026-07-01 17:52:56.364126: val_loss -0.1608
2026-07-01 17:52:56.364292: Pseudo dice [np.float32(0.6451)]
2026-07-01 17:52:56.364508: Epoch time: 44.61 s
2026-07-01 17:52:58.109680: 
2026-07-01 17:52:58.110178: Epoch 51
2026-07-01 17:52:58.110473: Current learning rate: 0.00814
2026-07-01 17:53:42.768077: train_loss -0.3739
2026-07-01 17:53:42.768535: val_loss -0.213
2026-07-01 17:53:42.768692: Pseudo dice [np.float32(0.6908)]
2026-07-01 17:53:42.768863: Epoch time: 44.66 s
2026-07-01 17:53:44.525681: 
2026-07-01 17:53:44.526163: Epoch 52
2026-07-01 17:53:44.526464: Current learning rate: 0.00811
2026-07-01 17:54:29.166004: train_loss -0.3669
2026-07-01 17:54:29.166502: val_loss -0.1745
2026-07-01 17:54:29.166655: Pseudo dice [np.float32(0.6831)]
2026-07-01 17:54:29.166826: Epoch time: 44.64 s
2026-07-01 17:54:31.297218: 
2026-07-01 17:54:31.297643: Epoch 53
2026-07-01 17:54:31.297864: Current learning rate: 0.00807
2026-07-01 17:55:15.977670: train_loss -0.3608
2026-07-01 17:55:15.978176: val_loss -0.1834
2026-07-01 17:55:15.978327: Pseudo dice [np.float32(0.6688)]
2026-07-01 17:55:15.978499: Epoch time: 44.68 s
2026-07-01 17:55:17.732050: 
2026-07-01 17:55:17.732725: Epoch 54
2026-07-01 17:55:17.733081: Current learning rate: 0.00803
2026-07-01 17:56:02.242462: train_loss -0.3672
2026-07-01 17:56:02.243292: val_loss -0.2138
2026-07-01 17:56:02.243440: Pseudo dice [np.float32(0.6922)]
2026-07-01 17:56:02.243617: Epoch time: 44.51 s
2026-07-01 17:56:02.243752: Yayy! New best EMA pseudo Dice: 0.6751999855041504
2026-07-01 17:56:04.508682: 
2026-07-01 17:56:04.509169: Epoch 55
2026-07-01 17:56:04.509355: Current learning rate: 0.008
2026-07-01 17:56:48.898034: train_loss -0.3741
2026-07-01 17:56:48.898583: val_loss -0.1592
2026-07-01 17:56:48.898742: Pseudo dice [np.float32(0.6855)]
2026-07-01 17:56:48.898919: Epoch time: 44.39 s
2026-07-01 17:56:48.899052: Yayy! New best EMA pseudo Dice: 0.6762999892234802
2026-07-01 17:56:51.152135: 
2026-07-01 17:56:51.152716: Epoch 56
2026-07-01 17:56:51.153024: Current learning rate: 0.00796
2026-07-01 17:57:35.786159: train_loss -0.3702
2026-07-01 17:57:35.786687: val_loss -0.1962
2026-07-01 17:57:35.786843: Pseudo dice [np.float32(0.6604)]
2026-07-01 17:57:35.787022: Epoch time: 44.64 s
2026-07-01 17:57:37.533414: 
2026-07-01 17:57:37.533864: Epoch 57
2026-07-01 17:57:37.534053: Current learning rate: 0.00792
2026-07-01 17:58:22.101670: train_loss -0.3592
2026-07-01 17:58:22.102410: val_loss -0.2348
2026-07-01 17:58:22.102560: Pseudo dice [np.float32(0.6762)]
2026-07-01 17:58:22.102771: Epoch time: 44.57 s
2026-07-01 17:58:23.833313: 
2026-07-01 17:58:23.833787: Epoch 58
2026-07-01 17:58:23.833976: Current learning rate: 0.00789
2026-07-01 17:59:08.601659: train_loss -0.3821
2026-07-01 17:59:08.602298: val_loss -0.2164
2026-07-01 17:59:08.602445: Pseudo dice [np.float32(0.6723)]
2026-07-01 17:59:08.602623: Epoch time: 44.77 s
2026-07-01 17:59:10.360005: 
2026-07-01 17:59:10.360515: Epoch 59
2026-07-01 17:59:10.360796: Current learning rate: 0.00785
2026-07-01 17:59:54.919156: train_loss -0.3764
2026-07-01 17:59:54.919701: val_loss -0.263
2026-07-01 17:59:54.919878: Pseudo dice [np.float32(0.7114)]
2026-07-01 17:59:54.920057: Epoch time: 44.56 s
2026-07-01 17:59:54.920294: Yayy! New best EMA pseudo Dice: 0.6783000230789185
2026-07-01 17:59:57.165422: 
2026-07-01 17:59:57.165906: Epoch 60
2026-07-01 17:59:57.166190: Current learning rate: 0.00781
2026-07-01 18:00:41.623626: train_loss -0.3593
2026-07-01 18:00:41.624223: val_loss -0.2593
2026-07-01 18:00:41.624377: Pseudo dice [np.float32(0.6987)]
2026-07-01 18:00:41.624551: Epoch time: 44.46 s
2026-07-01 18:00:41.624684: Yayy! New best EMA pseudo Dice: 0.6802999973297119
2026-07-01 18:00:43.842878: 
2026-07-01 18:00:43.843342: Epoch 61
2026-07-01 18:00:43.843706: Current learning rate: 0.00777
2026-07-01 18:01:28.489951: train_loss -0.3746
2026-07-01 18:01:28.490592: val_loss -0.1764
2026-07-01 18:01:28.490765: Pseudo dice [np.float32(0.6753)]
2026-07-01 18:01:28.490951: Epoch time: 44.65 s
2026-07-01 18:01:30.597631: 
2026-07-01 18:01:30.598058: Epoch 62
2026-07-01 18:01:30.598250: Current learning rate: 0.00774
2026-07-01 18:02:15.236643: train_loss -0.3734
2026-07-01 18:02:15.237347: val_loss -0.1921
2026-07-01 18:02:15.237496: Pseudo dice [np.float32(0.6773)]
2026-07-01 18:02:15.237685: Epoch time: 44.64 s
2026-07-01 18:02:17.003988: 
2026-07-01 18:02:17.004497: Epoch 63
2026-07-01 18:02:17.004707: Current learning rate: 0.0077
2026-07-01 18:03:01.648532: train_loss -0.368
2026-07-01 18:03:01.649216: val_loss -0.1743
2026-07-01 18:03:01.649404: Pseudo dice [np.float32(0.6554)]
2026-07-01 18:03:01.649577: Epoch time: 44.65 s
2026-07-01 18:03:03.390471: 
2026-07-01 18:03:03.391035: Epoch 64
2026-07-01 18:03:03.391229: Current learning rate: 0.00766
2026-07-01 18:03:48.063929: train_loss -0.3732
2026-07-01 18:03:48.064480: val_loss -0.1261
2026-07-01 18:03:48.064646: Pseudo dice [np.float32(0.6181)]
2026-07-01 18:03:48.064825: Epoch time: 44.68 s
2026-07-01 18:03:49.809405: 
2026-07-01 18:03:49.810016: Epoch 65
2026-07-01 18:03:49.810310: Current learning rate: 0.00763
2026-07-01 18:04:34.414880: train_loss -0.3726
2026-07-01 18:04:34.415387: val_loss -0.1868
2026-07-01 18:04:34.415572: Pseudo dice [np.float32(0.6524)]
2026-07-01 18:04:34.415753: Epoch time: 44.61 s
2026-07-01 18:04:36.143948: 
2026-07-01 18:04:36.144432: Epoch 66
2026-07-01 18:04:36.144633: Current learning rate: 0.00759
2026-07-01 18:05:20.758982: train_loss -0.3586
2026-07-01 18:05:20.759487: val_loss -0.1948
2026-07-01 18:05:20.760619: Pseudo dice [np.float32(0.675)]
2026-07-01 18:05:20.760986: Epoch time: 44.62 s
2026-07-01 18:05:22.499052: 
2026-07-01 18:05:22.499483: Epoch 67
2026-07-01 18:05:22.499703: Current learning rate: 0.00755
2026-07-01 18:06:07.217533: train_loss -0.3792
2026-07-01 18:06:07.218177: val_loss -0.1805
2026-07-01 18:06:07.218334: Pseudo dice [np.float32(0.6865)]
2026-07-01 18:06:07.218512: Epoch time: 44.72 s
2026-07-01 18:06:09.007680: 
2026-07-01 18:06:09.008131: Epoch 68
2026-07-01 18:06:09.008323: Current learning rate: 0.00751
2026-07-01 18:06:53.580030: train_loss -0.401
2026-07-01 18:06:53.580659: val_loss -0.1982
2026-07-01 18:06:53.580827: Pseudo dice [np.float32(0.6723)]
2026-07-01 18:06:53.581033: Epoch time: 44.58 s
2026-07-01 18:06:55.334246: 
2026-07-01 18:06:55.334544: Epoch 69
2026-07-01 18:06:55.334766: Current learning rate: 0.00748
2026-07-01 18:07:40.101082: train_loss -0.3811
2026-07-01 18:07:40.101686: val_loss -0.2294
2026-07-01 18:07:40.101843: Pseudo dice [np.float32(0.6931)]
2026-07-01 18:07:40.102078: Epoch time: 44.77 s
2026-07-01 18:07:41.856856: 
2026-07-01 18:07:41.857285: Epoch 70
2026-07-01 18:07:41.857480: Current learning rate: 0.00744
2026-07-01 18:08:26.464370: train_loss -0.3817
2026-07-01 18:08:26.465044: val_loss -0.1803
2026-07-01 18:08:26.465202: Pseudo dice [np.float32(0.6701)]
2026-07-01 18:08:26.465384: Epoch time: 44.61 s
2026-07-01 18:08:28.625502: 
2026-07-01 18:08:28.626117: Epoch 71
2026-07-01 18:08:28.626440: Current learning rate: 0.0074
2026-07-01 18:09:13.181842: train_loss -0.3753
2026-07-01 18:09:13.182386: val_loss -0.203
2026-07-01 18:09:13.182535: Pseudo dice [np.float32(0.6683)]
2026-07-01 18:09:13.182722: Epoch time: 44.56 s
2026-07-01 18:09:14.936803: 
2026-07-01 18:09:14.937346: Epoch 72
2026-07-01 18:09:14.937667: Current learning rate: 0.00737
2026-07-01 18:09:59.500504: train_loss -0.3791
2026-07-01 18:09:59.501367: val_loss -0.1586
2026-07-01 18:09:59.501521: Pseudo dice [np.float32(0.6321)]
2026-07-01 18:09:59.501709: Epoch time: 44.57 s
2026-07-01 18:10:01.267559: 
2026-07-01 18:10:01.268106: Epoch 73
2026-07-01 18:10:01.268408: Current learning rate: 0.00733
2026-07-01 18:10:45.738561: train_loss -0.3607
2026-07-01 18:10:45.741762: val_loss -0.2025
2026-07-01 18:10:45.741930: Pseudo dice [np.float32(0.6778)]
2026-07-01 18:10:45.742105: Epoch time: 44.47 s
2026-07-01 18:10:47.496901: 
2026-07-01 18:10:47.497401: Epoch 74
2026-07-01 18:10:47.497780: Current learning rate: 0.00729
2026-07-01 18:11:31.994535: train_loss -0.386
2026-07-01 18:11:31.995209: val_loss -0.1788
2026-07-01 18:11:31.995364: Pseudo dice [np.float32(0.6585)]
2026-07-01 18:11:31.995542: Epoch time: 44.5 s
2026-07-01 18:11:33.746945: 
2026-07-01 18:11:33.747342: Epoch 75
2026-07-01 18:11:33.747550: Current learning rate: 0.00725
2026-07-01 18:12:18.405265: train_loss -0.3604
2026-07-01 18:12:18.405827: val_loss -0.2013
2026-07-01 18:12:18.405988: Pseudo dice [np.float32(0.6716)]
2026-07-01 18:12:18.406176: Epoch time: 44.66 s
2026-07-01 18:12:20.154411: 
2026-07-01 18:12:20.155020: Epoch 76
2026-07-01 18:12:20.155419: Current learning rate: 0.00722
2026-07-01 18:13:04.959145: train_loss -0.3708
2026-07-01 18:13:04.959856: val_loss -0.2226
2026-07-01 18:13:04.960031: Pseudo dice [np.float32(0.6869)]
2026-07-01 18:13:04.960206: Epoch time: 44.81 s
2026-07-01 18:13:06.728399: 
2026-07-01 18:13:06.728890: Epoch 77
2026-07-01 18:13:06.729196: Current learning rate: 0.00718
2026-07-01 18:13:51.268466: train_loss -0.3813
2026-07-01 18:13:51.269064: val_loss -0.1962
2026-07-01 18:13:51.269230: Pseudo dice [np.float32(0.6836)]
2026-07-01 18:13:51.269407: Epoch time: 44.54 s
2026-07-01 18:13:53.048613: 
2026-07-01 18:13:53.049095: Epoch 78
2026-07-01 18:13:53.049397: Current learning rate: 0.00714
2026-07-01 18:14:37.757046: train_loss -0.3881
2026-07-01 18:14:37.757586: val_loss -0.2121
2026-07-01 18:14:37.757751: Pseudo dice [np.float32(0.6713)]
2026-07-01 18:14:37.757925: Epoch time: 44.71 s
2026-07-01 18:14:39.906095: 
2026-07-01 18:14:39.906636: Epoch 79
2026-07-01 18:14:39.906871: Current learning rate: 0.0071
2026-07-01 18:15:24.477156: train_loss -0.3947
2026-07-01 18:15:24.477729: val_loss -0.1747
2026-07-01 18:15:24.477895: Pseudo dice [np.float32(0.6846)]
2026-07-01 18:15:24.478091: Epoch time: 44.57 s
2026-07-01 18:15:26.257242: 
2026-07-01 18:15:26.257795: Epoch 80
2026-07-01 18:15:26.258148: Current learning rate: 0.00707
2026-07-01 18:16:10.908518: train_loss -0.3653
2026-07-01 18:16:10.908988: val_loss -0.1599
2026-07-01 18:16:10.909132: Pseudo dice [np.float32(0.6515)]
2026-07-01 18:16:10.909303: Epoch time: 44.65 s
2026-07-01 18:16:12.693715: 
2026-07-01 18:16:12.694266: Epoch 81
2026-07-01 18:16:12.694516: Current learning rate: 0.00703
2026-07-01 18:16:57.642712: train_loss -0.3777
2026-07-01 18:16:57.643327: val_loss -0.2023
2026-07-01 18:16:57.643479: Pseudo dice [np.float32(0.6796)]
2026-07-01 18:16:57.643665: Epoch time: 44.95 s
2026-07-01 18:16:59.421073: 
2026-07-01 18:16:59.421463: Epoch 82
2026-07-01 18:16:59.421700: Current learning rate: 0.00699
2026-07-01 18:17:43.926150: train_loss -0.379
2026-07-01 18:17:43.926685: val_loss -0.188
2026-07-01 18:17:43.926844: Pseudo dice [np.float32(0.6633)]
2026-07-01 18:17:43.927016: Epoch time: 44.51 s
2026-07-01 18:17:45.648898: 
2026-07-01 18:17:45.649386: Epoch 83
2026-07-01 18:17:45.649575: Current learning rate: 0.00696
2026-07-01 18:18:30.324192: train_loss -0.398
2026-07-01 18:18:30.324745: val_loss -0.162
2026-07-01 18:18:30.324908: Pseudo dice [np.float32(0.6572)]
2026-07-01 18:18:30.325080: Epoch time: 44.68 s
2026-07-01 18:18:32.056344: 
2026-07-01 18:18:32.056895: Epoch 84
2026-07-01 18:18:32.057376: Current learning rate: 0.00692
2026-07-01 18:19:16.652041: train_loss -0.408
2026-07-01 18:19:16.652622: val_loss -0.2053
2026-07-01 18:19:16.652794: Pseudo dice [np.float32(0.6818)]
2026-07-01 18:19:16.652969: Epoch time: 44.6 s
2026-07-01 18:19:18.373270: 
2026-07-01 18:19:18.373720: Epoch 85
2026-07-01 18:19:18.373926: Current learning rate: 0.00688
2026-07-01 18:20:03.200001: train_loss -0.4039
2026-07-01 18:20:03.200658: val_loss -0.1998
2026-07-01 18:20:03.200832: Pseudo dice [np.float32(0.6696)]
2026-07-01 18:20:03.201005: Epoch time: 44.83 s
2026-07-01 18:20:04.925336: 
2026-07-01 18:20:04.925879: Epoch 86
2026-07-01 18:20:04.926182: Current learning rate: 0.00684
2026-07-01 18:20:49.649274: train_loss -0.3998
2026-07-01 18:20:49.649830: val_loss -0.157
2026-07-01 18:20:49.649986: Pseudo dice [np.float32(0.647)]
2026-07-01 18:20:49.650156: Epoch time: 44.73 s
2026-07-01 18:20:51.372179: 
2026-07-01 18:20:51.372668: Epoch 87
2026-07-01 18:20:51.372988: Current learning rate: 0.0068
2026-07-01 18:21:36.200391: train_loss -0.3845
2026-07-01 18:21:36.201051: val_loss -0.2135
2026-07-01 18:21:36.201200: Pseudo dice [np.float32(0.6767)]
2026-07-01 18:21:36.201373: Epoch time: 44.83 s
2026-07-01 18:21:38.316354: 
2026-07-01 18:21:38.316942: Epoch 88
2026-07-01 18:21:38.317257: Current learning rate: 0.00677
2026-07-01 18:22:23.360689: train_loss -0.3873
2026-07-01 18:22:23.361274: val_loss -0.1868
2026-07-01 18:22:23.361423: Pseudo dice [np.float32(0.6391)]
2026-07-01 18:22:23.361593: Epoch time: 45.05 s
2026-07-01 18:22:25.083454: 
2026-07-01 18:22:25.083949: Epoch 89
2026-07-01 18:22:25.084186: Current learning rate: 0.00673
2026-07-01 18:23:10.098661: train_loss -0.3704
2026-07-01 18:23:10.099190: val_loss -0.2175
2026-07-01 18:23:10.099360: Pseudo dice [np.float32(0.691)]
2026-07-01 18:23:10.099551: Epoch time: 45.02 s
2026-07-01 18:23:11.830518: 
2026-07-01 18:23:11.831031: Epoch 90
2026-07-01 18:23:11.831241: Current learning rate: 0.00669
2026-07-01 18:23:56.567028: train_loss -0.3782
2026-07-01 18:23:56.567743: val_loss -0.2225
2026-07-01 18:23:56.567904: Pseudo dice [np.float32(0.6823)]
2026-07-01 18:23:56.568086: Epoch time: 44.74 s
2026-07-01 18:23:58.292488: 
2026-07-01 18:23:58.292886: Epoch 91
2026-07-01 18:23:58.293080: Current learning rate: 0.00665
2026-07-01 18:24:42.990558: train_loss -0.3999
2026-07-01 18:24:42.991075: val_loss -0.2147
2026-07-01 18:24:42.991235: Pseudo dice [np.float32(0.6861)]
2026-07-01 18:24:42.992065: Epoch time: 44.7 s
2026-07-01 18:24:44.729027: 
2026-07-01 18:24:44.729685: Epoch 92
2026-07-01 18:24:44.729999: Current learning rate: 0.00662
2026-07-01 18:25:29.541100: train_loss -0.3753
2026-07-01 18:25:29.541703: val_loss -0.1824
2026-07-01 18:25:29.541873: Pseudo dice [np.float32(0.6353)]
2026-07-01 18:25:29.542048: Epoch time: 44.82 s
2026-07-01 18:25:31.281371: 
2026-07-01 18:25:31.281865: Epoch 93
2026-07-01 18:25:31.282195: Current learning rate: 0.00658
2026-07-01 18:26:16.149437: train_loss -0.3862
2026-07-01 18:26:16.150094: val_loss -0.1754
2026-07-01 18:26:16.150284: Pseudo dice [np.float32(0.6616)]
2026-07-01 18:26:16.150483: Epoch time: 44.87 s
2026-07-01 18:26:17.891193: 
2026-07-01 18:26:17.891676: Epoch 94
2026-07-01 18:26:17.891984: Current learning rate: 0.00654
2026-07-01 18:27:02.599217: train_loss -0.3928
2026-07-01 18:27:02.599804: val_loss -0.1757
2026-07-01 18:27:02.599953: Pseudo dice [np.float32(0.6554)]
2026-07-01 18:27:02.600123: Epoch time: 44.71 s
2026-07-01 18:27:04.331063: 
2026-07-01 18:27:04.331568: Epoch 95
2026-07-01 18:27:04.331767: Current learning rate: 0.0065
2026-07-01 18:27:49.176216: train_loss -0.4078
2026-07-01 18:27:49.176721: val_loss -0.1755
2026-07-01 18:27:49.176871: Pseudo dice [np.float32(0.6637)]
2026-07-01 18:27:49.177042: Epoch time: 44.85 s
2026-07-01 18:27:50.921374: 
2026-07-01 18:27:50.921937: Epoch 96
2026-07-01 18:27:50.922269: Current learning rate: 0.00647
2026-07-01 18:28:35.747156: train_loss -0.3921
2026-07-01 18:28:35.747657: val_loss -0.2035
2026-07-01 18:28:35.747811: Pseudo dice [np.float32(0.6596)]
2026-07-01 18:28:35.747983: Epoch time: 44.83 s
2026-07-01 18:28:37.873860: 
2026-07-01 18:28:37.874433: Epoch 97
2026-07-01 18:28:37.874744: Current learning rate: 0.00643
2026-07-01 18:29:22.642570: train_loss -0.391
2026-07-01 18:29:22.643231: val_loss -0.2127
2026-07-01 18:29:22.643383: Pseudo dice [np.float32(0.6754)]
2026-07-01 18:29:22.643566: Epoch time: 44.77 s
2026-07-01 18:29:24.389166: 
2026-07-01 18:29:24.389658: Epoch 98
2026-07-01 18:29:24.389842: Current learning rate: 0.00639
2026-07-01 18:30:08.982286: train_loss -0.3977
2026-07-01 18:30:08.982787: val_loss -0.2134
2026-07-01 18:30:08.982944: Pseudo dice [np.float32(0.6796)]
2026-07-01 18:30:08.983122: Epoch time: 44.6 s
2026-07-01 18:30:10.724927: 
2026-07-01 18:30:10.725330: Epoch 99
2026-07-01 18:30:10.725507: Current learning rate: 0.00635
2026-07-01 18:30:55.538656: train_loss -0.3832
2026-07-01 18:30:55.539125: val_loss -0.192
2026-07-01 18:30:55.539280: Pseudo dice [np.float32(0.6653)]
2026-07-01 18:30:55.539455: Epoch time: 44.82 s
2026-07-01 18:30:57.787653: 
2026-07-01 18:30:57.788207: Epoch 100
2026-07-01 18:30:57.788454: Current learning rate: 0.00631
2026-07-01 18:31:42.606715: train_loss -0.4052
2026-07-01 18:31:42.607279: val_loss -0.1747
2026-07-01 18:31:42.607437: Pseudo dice [np.float32(0.6643)]
2026-07-01 18:31:42.607610: Epoch time: 44.82 s
2026-07-01 18:31:44.357913: 
2026-07-01 18:31:44.358458: Epoch 101
2026-07-01 18:31:44.358656: Current learning rate: 0.00628
2026-07-01 18:32:28.954727: train_loss -0.3937
2026-07-01 18:32:28.955324: val_loss -0.2362
2026-07-01 18:32:28.955494: Pseudo dice [np.float32(0.6812)]
2026-07-01 18:32:28.955679: Epoch time: 44.6 s
2026-07-01 18:32:30.708027: 
2026-07-01 18:32:30.708500: Epoch 102
2026-07-01 18:32:30.708696: Current learning rate: 0.00624
2026-07-01 18:33:15.531679: train_loss -0.4131
2026-07-01 18:33:15.532321: val_loss -0.192
2026-07-01 18:33:15.532475: Pseudo dice [np.float32(0.6616)]
2026-07-01 18:33:15.532657: Epoch time: 44.83 s
2026-07-01 18:33:17.283384: 
2026-07-01 18:33:17.283900: Epoch 103
2026-07-01 18:33:17.284215: Current learning rate: 0.0062
2026-07-01 18:34:02.018676: train_loss -0.4159
2026-07-01 18:34:02.019298: val_loss -0.2386
2026-07-01 18:34:02.019460: Pseudo dice [np.float32(0.6757)]
2026-07-01 18:34:02.019649: Epoch time: 44.74 s
2026-07-01 18:34:03.782455: 
2026-07-01 18:34:03.782878: Epoch 104
2026-07-01 18:34:03.783062: Current learning rate: 0.00616
2026-07-01 18:34:48.712234: train_loss -0.3978
2026-07-01 18:34:48.712902: val_loss -0.2342
2026-07-01 18:34:48.713234: Pseudo dice [np.float32(0.6974)]
2026-07-01 18:34:48.713511: Epoch time: 44.93 s
2026-07-01 18:34:50.480347: 
2026-07-01 18:34:50.480897: Epoch 105
2026-07-01 18:34:50.481232: Current learning rate: 0.00612
2026-07-01 18:35:35.107892: train_loss -0.4065
2026-07-01 18:35:35.108397: val_loss -0.2305
2026-07-01 18:35:35.108550: Pseudo dice [np.float32(0.6932)]
2026-07-01 18:35:35.108733: Epoch time: 44.63 s
2026-07-01 18:35:37.278860: 
2026-07-01 18:35:37.279402: Epoch 106
2026-07-01 18:35:37.279695: Current learning rate: 0.00609
2026-07-01 18:36:21.915715: train_loss -0.401
2026-07-01 18:36:21.916149: val_loss -0.1734
2026-07-01 18:36:21.916297: Pseudo dice [np.float32(0.6569)]
2026-07-01 18:36:21.916468: Epoch time: 44.64 s
2026-07-01 18:36:23.673417: 
2026-07-01 18:36:23.673931: Epoch 107
2026-07-01 18:36:23.674124: Current learning rate: 0.00605
2026-07-01 18:37:08.313202: train_loss -0.3998
2026-07-01 18:37:08.313750: val_loss -0.2331
2026-07-01 18:37:08.313906: Pseudo dice [np.float32(0.6825)]
2026-07-01 18:37:08.314080: Epoch time: 44.64 s
2026-07-01 18:37:10.067574: 
2026-07-01 18:37:10.067979: Epoch 108
2026-07-01 18:37:10.068264: Current learning rate: 0.00601
2026-07-01 18:37:54.679972: train_loss -0.4063
2026-07-01 18:37:54.680432: val_loss -0.2133
2026-07-01 18:37:54.680584: Pseudo dice [np.float32(0.6733)]
2026-07-01 18:37:54.680768: Epoch time: 44.62 s
2026-07-01 18:37:56.487474: 
2026-07-01 18:37:56.488392: Epoch 109
2026-07-01 18:37:56.489085: Current learning rate: 0.00597
2026-07-01 18:38:41.281082: train_loss -0.3885
2026-07-01 18:38:41.281867: val_loss -0.19
2026-07-01 18:38:41.282034: Pseudo dice [np.float32(0.6762)]
2026-07-01 18:38:41.282234: Epoch time: 44.8 s
2026-07-01 18:38:43.065780: 
2026-07-01 18:38:43.066669: Epoch 110
2026-07-01 18:38:43.066916: Current learning rate: 0.00593
2026-07-01 18:39:27.764770: train_loss -0.406
2026-07-01 18:39:27.765321: val_loss -0.2507
2026-07-01 18:39:27.765471: Pseudo dice [np.float32(0.7008)]
2026-07-01 18:39:27.765654: Epoch time: 44.7 s
2026-07-01 18:39:29.527053: 
2026-07-01 18:39:29.527572: Epoch 111
2026-07-01 18:39:29.527852: Current learning rate: 0.0059
2026-07-01 18:40:14.346084: train_loss -0.4041
2026-07-01 18:40:14.346649: val_loss -0.2031
2026-07-01 18:40:14.346817: Pseudo dice [np.float32(0.6662)]
2026-07-01 18:40:14.347001: Epoch time: 44.82 s
2026-07-01 18:40:16.082804: 
2026-07-01 18:40:16.083346: Epoch 112
2026-07-01 18:40:16.083664: Current learning rate: 0.00586
2026-07-01 18:41:00.739565: train_loss -0.3888
2026-07-01 18:41:00.740158: val_loss -0.2158
2026-07-01 18:41:00.740311: Pseudo dice [np.float32(0.6861)]
2026-07-01 18:41:00.740485: Epoch time: 44.66 s
2026-07-01 18:41:02.475684: 
2026-07-01 18:41:02.476139: Epoch 113
2026-07-01 18:41:02.476448: Current learning rate: 0.00582
2026-07-01 18:41:47.120806: train_loss -0.3943
2026-07-01 18:41:47.121398: val_loss -0.2043
2026-07-01 18:41:47.121561: Pseudo dice [np.float32(0.6663)]
2026-07-01 18:41:47.121745: Epoch time: 44.65 s
2026-07-01 18:41:48.858075: 
2026-07-01 18:41:48.858544: Epoch 114
2026-07-01 18:41:48.858883: Current learning rate: 0.00578
2026-07-01 18:42:33.619005: train_loss -0.3907
2026-07-01 18:42:33.619748: val_loss -0.2222
2026-07-01 18:42:33.619914: Pseudo dice [np.float32(0.6704)]
2026-07-01 18:42:33.620087: Epoch time: 44.76 s
2026-07-01 18:42:35.732772: 
2026-07-01 18:42:35.733213: Epoch 115
2026-07-01 18:42:35.733517: Current learning rate: 0.00574
2026-07-01 18:43:20.578548: train_loss -0.3975
2026-07-01 18:43:20.579191: val_loss -0.1935
2026-07-01 18:43:20.579346: Pseudo dice [np.float32(0.6625)]
2026-07-01 18:43:20.579520: Epoch time: 44.85 s
2026-07-01 18:43:22.333668: 
2026-07-01 18:43:22.334253: Epoch 116
2026-07-01 18:43:22.334556: Current learning rate: 0.0057
2026-07-01 18:44:07.223112: train_loss -0.4031
2026-07-01 18:44:07.223681: val_loss -0.1912
2026-07-01 18:44:07.223835: Pseudo dice [np.float32(0.6628)]
2026-07-01 18:44:07.224008: Epoch time: 44.89 s
2026-07-01 18:44:08.970616: 
2026-07-01 18:44:08.971202: Epoch 117
2026-07-01 18:44:08.971426: Current learning rate: 0.00567
2026-07-01 18:44:53.701435: train_loss -0.4113
2026-07-01 18:44:53.702080: val_loss -0.2345
2026-07-01 18:44:53.702231: Pseudo dice [np.float32(0.6826)]
2026-07-01 18:44:53.702400: Epoch time: 44.73 s
2026-07-01 18:44:55.461924: 
2026-07-01 18:44:55.462490: Epoch 118
2026-07-01 18:44:55.462806: Current learning rate: 0.00563
2026-07-01 18:45:40.462352: train_loss -0.4087
2026-07-01 18:45:40.465631: val_loss -0.173
2026-07-01 18:45:40.465815: Pseudo dice [np.float32(0.6658)]
2026-07-01 18:45:40.465991: Epoch time: 45.0 s
2026-07-01 18:45:42.214042: 
2026-07-01 18:45:42.214592: Epoch 119
2026-07-01 18:45:42.214904: Current learning rate: 0.00559
2026-07-01 18:46:27.154571: train_loss -0.3928
2026-07-01 18:46:27.155089: val_loss -0.1886
2026-07-01 18:46:27.155239: Pseudo dice [np.float32(0.6664)]
2026-07-01 18:46:27.155412: Epoch time: 44.94 s
2026-07-01 18:46:28.911339: 
2026-07-01 18:46:28.911753: Epoch 120
2026-07-01 18:46:28.911941: Current learning rate: 0.00555
2026-07-01 18:47:13.723021: train_loss -0.4078
2026-07-01 18:47:13.723691: val_loss -0.1627
2026-07-01 18:47:13.723952: Pseudo dice [np.float32(0.6711)]
2026-07-01 18:47:13.724204: Epoch time: 44.81 s
2026-07-01 18:47:15.477501: 
2026-07-01 18:47:15.478051: Epoch 121
2026-07-01 18:47:15.478363: Current learning rate: 0.00551
2026-07-01 18:48:00.329002: train_loss -0.4113
2026-07-01 18:48:00.329476: val_loss -0.1972
2026-07-01 18:48:00.329626: Pseudo dice [np.float32(0.6618)]
2026-07-01 18:48:00.329818: Epoch time: 44.85 s
2026-07-01 18:48:02.077184: 
2026-07-01 18:48:02.077447: Epoch 122
2026-07-01 18:48:02.077632: Current learning rate: 0.00547
2026-07-01 18:48:46.976921: train_loss -0.4031
2026-07-01 18:48:46.977403: val_loss -0.2081
2026-07-01 18:48:46.977552: Pseudo dice [np.float32(0.6807)]
2026-07-01 18:48:46.977741: Epoch time: 44.9 s
2026-07-01 18:48:48.726663: 
2026-07-01 18:48:48.727025: Epoch 123
2026-07-01 18:48:48.727201: Current learning rate: 0.00544
2026-07-01 18:49:33.456528: train_loss -0.3938
2026-07-01 18:49:33.457158: val_loss -0.206
2026-07-01 18:49:33.457310: Pseudo dice [np.float32(0.6586)]
2026-07-01 18:49:33.457485: Epoch time: 44.73 s
2026-07-01 18:49:35.602480: 
2026-07-01 18:49:35.603075: Epoch 124
2026-07-01 18:49:35.603315: Current learning rate: 0.0054
2026-07-01 18:50:20.242816: train_loss -0.3857
2026-07-01 18:50:20.243334: val_loss -0.2245
2026-07-01 18:50:20.243485: Pseudo dice [np.float32(0.6783)]
2026-07-01 18:50:20.243683: Epoch time: 44.64 s
2026-07-01 18:50:21.998510: 
2026-07-01 18:50:21.999072: Epoch 125
2026-07-01 18:50:21.999288: Current learning rate: 0.00536
2026-07-01 18:51:06.694128: train_loss -0.4164
2026-07-01 18:51:06.694571: val_loss -0.223
2026-07-01 18:51:06.694728: Pseudo dice [np.float32(0.6759)]
2026-07-01 18:51:06.694909: Epoch time: 44.7 s
2026-07-01 18:51:08.456626: 
2026-07-01 18:51:08.457003: Epoch 126
2026-07-01 18:51:08.457363: Current learning rate: 0.00532
2026-07-01 18:51:53.145965: train_loss -0.4172
2026-07-01 18:51:53.146509: val_loss -0.2083
2026-07-01 18:51:53.146704: Pseudo dice [np.float32(0.6839)]
2026-07-01 18:51:53.146928: Epoch time: 44.69 s
2026-07-01 18:51:54.893835: 
2026-07-01 18:51:54.894380: Epoch 127
2026-07-01 18:51:54.894691: Current learning rate: 0.00528
2026-07-01 18:52:39.602951: train_loss -0.4256
2026-07-01 18:52:39.606076: val_loss -0.2051
2026-07-01 18:52:39.606236: Pseudo dice [np.float32(0.6711)]
2026-07-01 18:52:39.606425: Epoch time: 44.71 s
2026-07-01 18:52:41.352044: 
2026-07-01 18:52:41.352468: Epoch 128
2026-07-01 18:52:41.352781: Current learning rate: 0.00524
2026-07-01 18:53:26.117408: train_loss -0.4018
2026-07-01 18:53:26.118023: val_loss -0.161
2026-07-01 18:53:26.118176: Pseudo dice [np.float32(0.6659)]
2026-07-01 18:53:26.118347: Epoch time: 44.77 s
2026-07-01 18:53:27.866724: 
2026-07-01 18:53:27.867314: Epoch 129
2026-07-01 18:53:27.867625: Current learning rate: 0.0052
2026-07-01 18:54:12.563474: train_loss -0.4158
2026-07-01 18:54:12.564130: val_loss -0.1675
2026-07-01 18:54:12.564322: Pseudo dice [np.float32(0.6499)]
2026-07-01 18:54:12.564503: Epoch time: 44.7 s
2026-07-01 18:54:14.332962: 
2026-07-01 18:54:14.333511: Epoch 130
2026-07-01 18:54:14.333812: Current learning rate: 0.00517
2026-07-01 18:54:58.979411: train_loss -0.4344
2026-07-01 18:54:58.980012: val_loss -0.1808
2026-07-01 18:54:58.980167: Pseudo dice [np.float32(0.6752)]
2026-07-01 18:54:58.980337: Epoch time: 44.65 s
2026-07-01 18:55:00.754229: 
2026-07-01 18:55:00.754689: Epoch 131
2026-07-01 18:55:00.754884: Current learning rate: 0.00513
2026-07-01 18:55:45.500677: train_loss -0.4035
2026-07-01 18:55:45.501115: val_loss -0.2242
2026-07-01 18:55:45.501261: Pseudo dice [np.float32(0.6991)]
2026-07-01 18:55:45.501433: Epoch time: 44.75 s
2026-07-01 18:55:47.275230: 
2026-07-01 18:55:47.275654: Epoch 132
2026-07-01 18:55:47.275981: Current learning rate: 0.00509
2026-07-01 18:56:32.059319: train_loss -0.4043
2026-07-01 18:56:32.060028: val_loss -0.2115
2026-07-01 18:56:32.060225: Pseudo dice [np.float32(0.6776)]
2026-07-01 18:56:32.060457: Epoch time: 44.79 s
2026-07-01 18:56:34.259580: 
2026-07-01 18:56:34.260164: Epoch 133
2026-07-01 18:56:34.260531: Current learning rate: 0.00505
2026-07-01 18:57:18.944437: train_loss -0.4028
2026-07-01 18:57:18.945127: val_loss -0.1975
2026-07-01 18:57:18.945287: Pseudo dice [np.float32(0.6827)]
2026-07-01 18:57:18.945461: Epoch time: 44.69 s
2026-07-01 18:57:20.708274: 
2026-07-01 18:57:20.708848: Epoch 134
2026-07-01 18:57:20.709100: Current learning rate: 0.00501
2026-07-01 18:58:05.299392: train_loss -0.4184
2026-07-01 18:58:05.299864: val_loss -0.1506
2026-07-01 18:58:05.300010: Pseudo dice [np.float32(0.6427)]
2026-07-01 18:58:05.300184: Epoch time: 44.59 s
2026-07-01 18:58:07.080986: 
2026-07-01 18:58:07.081628: Epoch 135
2026-07-01 18:58:07.081944: Current learning rate: 0.00497
2026-07-01 18:58:51.644734: train_loss -0.3998
2026-07-01 18:58:51.645181: val_loss -0.2013
2026-07-01 18:58:51.645326: Pseudo dice [np.float32(0.6587)]
2026-07-01 18:58:51.645497: Epoch time: 44.57 s
2026-07-01 18:58:53.440028: 
2026-07-01 18:58:53.440544: Epoch 136
2026-07-01 18:58:53.440751: Current learning rate: 0.00493
2026-07-01 18:59:38.109959: train_loss -0.4128
2026-07-01 18:59:38.110480: val_loss -0.1981
2026-07-01 18:59:38.110654: Pseudo dice [np.float32(0.67)]
2026-07-01 18:59:38.110834: Epoch time: 44.67 s
2026-07-01 18:59:39.897393: 
2026-07-01 18:59:39.898786: Epoch 137
2026-07-01 18:59:39.899109: Current learning rate: 0.00489
2026-07-01 19:00:24.559317: train_loss -0.4279
2026-07-01 19:00:24.559963: val_loss -0.2129
2026-07-01 19:00:24.560118: Pseudo dice [np.float32(0.6825)]
2026-07-01 19:00:24.560293: Epoch time: 44.67 s
2026-07-01 19:00:26.335685: 
2026-07-01 19:00:26.336302: Epoch 138
2026-07-01 19:00:26.336654: Current learning rate: 0.00485
2026-07-01 19:01:11.005070: train_loss -0.4261
2026-07-01 19:01:11.005541: val_loss -0.2124
2026-07-01 19:01:11.005696: Pseudo dice [np.float32(0.6784)]
2026-07-01 19:01:11.005873: Epoch time: 44.67 s
2026-07-01 19:01:12.800764: 
2026-07-01 19:01:12.801183: Epoch 139
2026-07-01 19:01:12.801491: Current learning rate: 0.00482
2026-07-01 19:01:57.455945: train_loss -0.4363
2026-07-01 19:01:57.456580: val_loss -0.207
2026-07-01 19:01:57.456745: Pseudo dice [np.float32(0.6721)]
2026-07-01 19:01:57.456919: Epoch time: 44.66 s
2026-07-01 19:01:59.231465: 
2026-07-01 19:01:59.231885: Epoch 140
2026-07-01 19:01:59.232069: Current learning rate: 0.00478
2026-07-01 19:02:43.773082: train_loss -0.4233
2026-07-01 19:02:43.773573: val_loss -0.2038
2026-07-01 19:02:43.773771: Pseudo dice [np.float32(0.6726)]
2026-07-01 19:02:43.773943: Epoch time: 44.54 s
2026-07-01 19:02:45.549721: 
2026-07-01 19:02:45.550142: Epoch 141
2026-07-01 19:02:45.550337: Current learning rate: 0.00474
2026-07-01 19:03:30.285146: train_loss -0.4186
2026-07-01 19:03:30.285695: val_loss -0.2054
2026-07-01 19:03:30.285874: Pseudo dice [np.float32(0.6749)]
2026-07-01 19:03:30.286054: Epoch time: 44.74 s
2026-07-01 19:03:32.460544: 
2026-07-01 19:03:32.461089: Epoch 142
2026-07-01 19:03:32.461367: Current learning rate: 0.0047
2026-07-01 19:04:17.367261: train_loss -0.4045
2026-07-01 19:04:17.367876: val_loss -0.1693
2026-07-01 19:04:17.368056: Pseudo dice [np.float32(0.6553)]
2026-07-01 19:04:17.368233: Epoch time: 44.91 s
2026-07-01 19:04:19.150508: 
2026-07-01 19:04:19.151006: Epoch 143
2026-07-01 19:04:19.151292: Current learning rate: 0.00466
2026-07-01 19:05:03.761199: train_loss -0.4061
2026-07-01 19:05:03.761861: val_loss -0.226
2026-07-01 19:05:03.762028: Pseudo dice [np.float32(0.6683)]
2026-07-01 19:05:03.762202: Epoch time: 44.61 s
2026-07-01 19:05:05.545849: 
2026-07-01 19:05:05.546301: Epoch 144
2026-07-01 19:05:05.546485: Current learning rate: 0.00462
2026-07-01 19:05:50.175775: train_loss -0.4267
2026-07-01 19:05:50.176742: val_loss -0.2193
2026-07-01 19:05:50.176936: Pseudo dice [np.float32(0.6874)]
2026-07-01 19:05:50.177131: Epoch time: 44.63 s
2026-07-01 19:05:51.993966: 
2026-07-01 19:05:51.994560: Epoch 145
2026-07-01 19:05:51.995226: Current learning rate: 0.00458
2026-07-01 19:06:36.845244: train_loss -0.3994
2026-07-01 19:06:36.845787: val_loss -0.182
2026-07-01 19:06:36.845940: Pseudo dice [np.float32(0.6775)]
2026-07-01 19:06:36.846118: Epoch time: 44.85 s
2026-07-01 19:06:38.631079: 
2026-07-01 19:06:38.631524: Epoch 146
2026-07-01 19:06:38.631721: Current learning rate: 0.00454
2026-07-01 19:07:23.590125: train_loss -0.4358
2026-07-01 19:07:23.590776: val_loss -0.1737
2026-07-01 19:07:23.590933: Pseudo dice [np.float32(0.6695)]
2026-07-01 19:07:23.591109: Epoch time: 44.96 s
2026-07-01 19:07:25.380871: 
2026-07-01 19:07:25.381334: Epoch 147
2026-07-01 19:07:25.381578: Current learning rate: 0.0045
2026-07-01 19:08:10.032676: train_loss -0.4226
2026-07-01 19:08:10.033158: val_loss -0.1864
2026-07-01 19:08:10.033307: Pseudo dice [np.float32(0.6796)]
2026-07-01 19:08:10.033481: Epoch time: 44.66 s
2026-07-01 19:08:11.814895: 
2026-07-01 19:08:11.815377: Epoch 148
2026-07-01 19:08:11.815691: Current learning rate: 0.00446
2026-07-01 19:08:56.809937: train_loss -0.421
2026-07-01 19:08:56.810387: val_loss -0.2081
2026-07-01 19:08:56.810536: Pseudo dice [np.float32(0.6939)]
2026-07-01 19:08:56.810717: Epoch time: 45.0 s
2026-07-01 19:08:58.628324: 
2026-07-01 19:08:58.628750: Epoch 149
2026-07-01 19:08:58.629079: Current learning rate: 0.00442
2026-07-01 19:09:43.327239: train_loss -0.4247
2026-07-01 19:09:43.327720: val_loss -0.1935
2026-07-01 19:09:43.327866: Pseudo dice [np.float32(0.6706)]
2026-07-01 19:09:43.328038: Epoch time: 44.7 s
2026-07-01 19:09:46.037057: 
2026-07-01 19:09:46.037685: Epoch 150
2026-07-01 19:09:46.037940: Current learning rate: 0.00438
2026-07-01 19:10:30.736866: train_loss -0.4134
2026-07-01 19:10:30.737376: val_loss -0.2017
2026-07-01 19:10:30.737531: Pseudo dice [np.float32(0.6694)]
2026-07-01 19:10:30.737719: Epoch time: 44.7 s
2026-07-01 19:10:32.524258: 
2026-07-01 19:10:32.524786: Epoch 151
2026-07-01 19:10:32.524975: Current learning rate: 0.00434
2026-07-01 19:11:17.054645: train_loss -0.4242
2026-07-01 19:11:17.055185: val_loss -0.1839
2026-07-01 19:11:17.055330: Pseudo dice [np.float32(0.6808)]
2026-07-01 19:11:17.055498: Epoch time: 44.53 s
2026-07-01 19:11:18.843058: 
2026-07-01 19:11:18.843583: Epoch 152
2026-07-01 19:11:18.843902: Current learning rate: 0.0043
2026-07-01 19:12:03.342803: train_loss -0.4227
2026-07-01 19:12:03.343302: val_loss -0.2259
2026-07-01 19:12:03.343452: Pseudo dice [np.float32(0.6966)]
2026-07-01 19:12:03.343621: Epoch time: 44.5 s
2026-07-01 19:12:05.174595: 
2026-07-01 19:12:05.175111: Epoch 153
2026-07-01 19:12:05.175431: Current learning rate: 0.00427
2026-07-01 19:12:49.945842: train_loss -0.4281
2026-07-01 19:12:49.946298: val_loss -0.2169
2026-07-01 19:12:49.946446: Pseudo dice [np.float32(0.6797)]
2026-07-01 19:12:49.946620: Epoch time: 44.77 s
2026-07-01 19:12:51.757174: 
2026-07-01 19:12:51.758271: Epoch 154
2026-07-01 19:12:51.758483: Current learning rate: 0.00423
2026-07-01 19:13:36.477288: train_loss -0.4193
2026-07-01 19:13:36.477771: val_loss -0.1871
2026-07-01 19:13:36.477924: Pseudo dice [np.float32(0.6614)]
2026-07-01 19:13:36.478096: Epoch time: 44.72 s
2026-07-01 19:13:38.281616: 
2026-07-01 19:13:38.281961: Epoch 155
2026-07-01 19:13:38.282197: Current learning rate: 0.00419
2026-07-01 19:14:22.969409: train_loss -0.4085
2026-07-01 19:14:22.969923: val_loss -0.2053
2026-07-01 19:14:22.970071: Pseudo dice [np.float32(0.6787)]
2026-07-01 19:14:22.970241: Epoch time: 44.69 s
2026-07-01 19:14:24.780074: 
2026-07-01 19:14:24.780533: Epoch 156
2026-07-01 19:14:24.780751: Current learning rate: 0.00415
2026-07-01 19:15:09.659749: train_loss -0.415
2026-07-01 19:15:09.660393: val_loss -0.2376
2026-07-01 19:15:09.660546: Pseudo dice [np.float32(0.6906)]
2026-07-01 19:15:09.660740: Epoch time: 44.88 s
2026-07-01 19:15:11.471754: 
2026-07-01 19:15:11.472207: Epoch 157
2026-07-01 19:15:11.472498: Current learning rate: 0.00411
2026-07-01 19:15:56.393772: train_loss -0.4242
2026-07-01 19:15:56.394388: val_loss -0.2206
2026-07-01 19:15:56.394586: Pseudo dice [np.float32(0.6797)]
2026-07-01 19:15:56.394774: Epoch time: 44.93 s
2026-07-01 19:15:58.586967: 
2026-07-01 19:15:58.587479: Epoch 158
2026-07-01 19:15:58.587672: Current learning rate: 0.00407
2026-07-01 19:16:43.322119: train_loss -0.4318
2026-07-01 19:16:43.322657: val_loss -0.2
2026-07-01 19:16:43.322811: Pseudo dice [np.float32(0.66)]
2026-07-01 19:16:43.322981: Epoch time: 44.74 s
2026-07-01 19:16:45.137013: 
2026-07-01 19:16:45.137505: Epoch 159
2026-07-01 19:16:45.137738: Current learning rate: 0.00403
2026-07-01 19:17:29.746810: train_loss -0.4333
2026-07-01 19:17:29.747343: val_loss -0.185
2026-07-01 19:17:29.747497: Pseudo dice [np.float32(0.6531)]
2026-07-01 19:17:29.747686: Epoch time: 44.61 s
2026-07-01 19:17:31.549908: 
2026-07-01 19:17:31.550428: Epoch 160
2026-07-01 19:17:31.550747: Current learning rate: 0.00399
2026-07-01 19:18:16.337887: train_loss -0.428
2026-07-01 19:18:16.338651: val_loss -0.2176
2026-07-01 19:18:16.338804: Pseudo dice [np.float32(0.6785)]
2026-07-01 19:18:16.338981: Epoch time: 44.79 s
2026-07-01 19:18:18.155015: 
2026-07-01 19:18:18.155523: Epoch 161
2026-07-01 19:18:18.155725: Current learning rate: 0.00395
2026-07-01 19:19:03.099615: train_loss -0.4361
2026-07-01 19:19:03.100123: val_loss -0.1809
2026-07-01 19:19:03.100271: Pseudo dice [np.float32(0.6738)]
2026-07-01 19:19:03.100448: Epoch time: 44.95 s
2026-07-01 19:19:04.917929: 
2026-07-01 19:19:04.918359: Epoch 162
2026-07-01 19:19:04.918550: Current learning rate: 0.00391
2026-07-01 19:19:49.711157: train_loss -0.4073
2026-07-01 19:19:49.711656: val_loss -0.1959
2026-07-01 19:19:49.711807: Pseudo dice [np.float32(0.657)]
2026-07-01 19:19:49.711988: Epoch time: 44.8 s
2026-07-01 19:19:51.521836: 
2026-07-01 19:19:51.522277: Epoch 163
2026-07-01 19:19:51.522531: Current learning rate: 0.00387
2026-07-01 19:20:36.208302: train_loss -0.4157
2026-07-01 19:20:36.208724: val_loss -0.1867
2026-07-01 19:20:36.208869: Pseudo dice [np.float32(0.6698)]
2026-07-01 19:20:36.209042: Epoch time: 44.69 s
2026-07-01 19:20:38.018671: 
2026-07-01 19:20:38.019125: Epoch 164
2026-07-01 19:20:38.019342: Current learning rate: 0.00383
2026-07-01 19:21:22.563946: train_loss -0.4281
2026-07-01 19:21:22.564497: val_loss -0.2052
2026-07-01 19:21:22.564662: Pseudo dice [np.float32(0.6843)]
2026-07-01 19:21:22.564837: Epoch time: 44.55 s
2026-07-01 19:21:24.346355: 
2026-07-01 19:21:24.346824: Epoch 165
2026-07-01 19:21:24.347137: Current learning rate: 0.00379
2026-07-01 19:22:09.079536: train_loss -0.4407
2026-07-01 19:22:09.080015: val_loss -0.1961
2026-07-01 19:22:09.080163: Pseudo dice [np.float32(0.6689)]
2026-07-01 19:22:09.080339: Epoch time: 44.74 s
2026-07-01 19:22:10.869926: 
2026-07-01 19:22:10.870406: Epoch 166
2026-07-01 19:22:10.870704: Current learning rate: 0.00375
2026-07-01 19:22:55.548994: train_loss -0.4251
2026-07-01 19:22:55.549703: val_loss -0.1839
2026-07-01 19:22:55.549860: Pseudo dice [np.float32(0.6729)]
2026-07-01 19:22:55.550040: Epoch time: 44.68 s
2026-07-01 19:22:57.762339: 
2026-07-01 19:22:57.762930: Epoch 167
2026-07-01 19:22:57.763136: Current learning rate: 0.00371
2026-07-01 19:23:42.660234: train_loss -0.4128
2026-07-01 19:23:42.660912: val_loss -0.1995
2026-07-01 19:23:42.661061: Pseudo dice [np.float32(0.6682)]
2026-07-01 19:23:42.661234: Epoch time: 44.9 s
2026-07-01 19:23:44.465549: 
2026-07-01 19:23:44.466143: Epoch 168
2026-07-01 19:23:44.466492: Current learning rate: 0.00367
2026-07-01 19:24:29.276581: train_loss -0.4166
2026-07-01 19:24:29.277119: val_loss -0.2203
2026-07-01 19:24:29.277266: Pseudo dice [np.float32(0.6808)]
2026-07-01 19:24:29.277446: Epoch time: 44.81 s
2026-07-01 19:24:31.076693: 
2026-07-01 19:24:31.077255: Epoch 169
2026-07-01 19:24:31.077539: Current learning rate: 0.00363
2026-07-01 19:25:15.972390: train_loss -0.453
2026-07-01 19:25:15.972919: val_loss -0.1836
2026-07-01 19:25:15.973104: Pseudo dice [np.float32(0.667)]
2026-07-01 19:25:15.973299: Epoch time: 44.9 s
2026-07-01 19:25:17.766008: 
2026-07-01 19:25:17.766438: Epoch 170
2026-07-01 19:25:17.766630: Current learning rate: 0.00359
2026-07-01 19:26:02.517589: train_loss -0.4371
2026-07-01 19:26:02.518070: val_loss -0.2183
2026-07-01 19:26:02.518222: Pseudo dice [np.float32(0.6894)]
2026-07-01 19:26:02.518406: Epoch time: 44.75 s
2026-07-01 19:26:04.302842: 
2026-07-01 19:26:04.303192: Epoch 171
2026-07-01 19:26:04.303384: Current learning rate: 0.00355
2026-07-01 19:26:48.946784: train_loss -0.4243
2026-07-01 19:26:48.947398: val_loss -0.2202
2026-07-01 19:26:48.947545: Pseudo dice [np.float32(0.6904)]
2026-07-01 19:26:48.947731: Epoch time: 44.65 s
2026-07-01 19:26:50.743817: 
2026-07-01 19:26:50.744329: Epoch 172
2026-07-01 19:26:50.744528: Current learning rate: 0.00351
2026-07-01 19:27:35.423710: train_loss -0.4415
2026-07-01 19:27:35.424098: val_loss -0.1656
2026-07-01 19:27:35.424239: Pseudo dice [np.float32(0.6284)]
2026-07-01 19:27:35.424414: Epoch time: 44.68 s
2026-07-01 19:27:37.224988: 
2026-07-01 19:27:37.225421: Epoch 173
2026-07-01 19:27:37.225613: Current learning rate: 0.00346
2026-07-01 19:28:22.113866: train_loss -0.4328
2026-07-01 19:28:22.114511: val_loss -0.1905
2026-07-01 19:28:22.114670: Pseudo dice [np.float32(0.6753)]
2026-07-01 19:28:22.114849: Epoch time: 44.89 s
2026-07-01 19:28:23.915409: 
2026-07-01 19:28:23.915957: Epoch 174
2026-07-01 19:28:23.916269: Current learning rate: 0.00342
2026-07-01 19:29:08.720654: train_loss -0.4408
2026-07-01 19:29:08.721318: val_loss -0.1911
2026-07-01 19:29:08.721465: Pseudo dice [np.float32(0.6734)]
2026-07-01 19:29:08.721647: Epoch time: 44.81 s
2026-07-01 19:29:10.951024: 
2026-07-01 19:29:10.951557: Epoch 175
2026-07-01 19:29:10.951899: Current learning rate: 0.00338
2026-07-01 19:29:55.756833: train_loss -0.4408
2026-07-01 19:29:55.757271: val_loss -0.2231
2026-07-01 19:29:55.757413: Pseudo dice [np.float32(0.6921)]
2026-07-01 19:29:55.757583: Epoch time: 44.81 s
2026-07-01 19:29:57.568510: 
2026-07-01 19:29:57.569065: Epoch 176
2026-07-01 19:29:57.569384: Current learning rate: 0.00334
2026-07-01 19:30:42.497399: train_loss -0.4406
2026-07-01 19:30:42.497921: val_loss -0.1719
2026-07-01 19:30:42.498073: Pseudo dice [np.float32(0.6596)]
2026-07-01 19:30:42.498247: Epoch time: 44.93 s
2026-07-01 19:30:44.294921: 
2026-07-01 19:30:44.295379: Epoch 177
2026-07-01 19:30:44.295595: Current learning rate: 0.0033
2026-07-01 19:31:28.991400: train_loss -0.4409
2026-07-01 19:31:28.992176: val_loss -0.1756
2026-07-01 19:31:28.992376: Pseudo dice [np.float32(0.6643)]
2026-07-01 19:31:28.992570: Epoch time: 44.7 s
2026-07-01 19:31:30.799321: 
2026-07-01 19:31:30.799839: Epoch 178
2026-07-01 19:31:30.800057: Current learning rate: 0.00326
2026-07-01 19:32:15.488322: train_loss -0.4293
2026-07-01 19:32:15.488791: val_loss -0.1351
2026-07-01 19:32:15.488942: Pseudo dice [np.float32(0.6407)]
2026-07-01 19:32:15.489120: Epoch time: 44.69 s
2026-07-01 19:32:17.287466: 
2026-07-01 19:32:17.287896: Epoch 179
2026-07-01 19:32:17.288086: Current learning rate: 0.00322
2026-07-01 19:33:02.050892: train_loss -0.4393
2026-07-01 19:33:02.051741: val_loss -0.1877
2026-07-01 19:33:02.051909: Pseudo dice [np.float32(0.6525)]
2026-07-01 19:33:02.052081: Epoch time: 44.77 s
2026-07-01 19:33:03.901393: 
2026-07-01 19:33:03.901892: Epoch 180
2026-07-01 19:33:03.902111: Current learning rate: 0.00318
2026-07-01 19:33:48.721079: train_loss -0.4279
2026-07-01 19:33:48.721653: val_loss -0.1931
2026-07-01 19:33:48.721814: Pseudo dice [np.float32(0.6643)]
2026-07-01 19:33:48.721991: Epoch time: 44.82 s
2026-07-01 19:33:50.543238: 
2026-07-01 19:33:50.543748: Epoch 181
2026-07-01 19:33:50.544107: Current learning rate: 0.00314
2026-07-01 19:34:35.351189: train_loss -0.44
2026-07-01 19:34:35.351691: val_loss -0.219
2026-07-01 19:34:35.351847: Pseudo dice [np.float32(0.6736)]
2026-07-01 19:34:35.352021: Epoch time: 44.81 s
2026-07-01 19:34:37.171593: 
2026-07-01 19:34:37.172072: Epoch 182
2026-07-01 19:34:37.172266: Current learning rate: 0.0031
2026-07-01 19:35:22.121022: train_loss -0.4458
2026-07-01 19:35:22.121493: val_loss -0.1838
2026-07-01 19:35:22.121656: Pseudo dice [np.float32(0.6452)]
2026-07-01 19:35:22.121834: Epoch time: 44.95 s
2026-07-01 19:35:23.938526: 
2026-07-01 19:35:23.939112: Epoch 183
2026-07-01 19:35:23.939405: Current learning rate: 0.00306
2026-07-01 19:36:08.539306: train_loss -0.4333
2026-07-01 19:36:08.539936: val_loss -0.2021
2026-07-01 19:36:08.540089: Pseudo dice [np.float32(0.6637)]
2026-07-01 19:36:08.540271: Epoch time: 44.6 s
2026-07-01 19:36:10.761431: 
2026-07-01 19:36:10.762075: Epoch 184
2026-07-01 19:36:10.762384: Current learning rate: 0.00302
2026-07-01 19:36:55.360543: train_loss -0.4298
2026-07-01 19:36:55.364032: val_loss -0.1851
2026-07-01 19:36:55.364197: Pseudo dice [np.float32(0.6707)]
2026-07-01 19:36:55.364379: Epoch time: 44.6 s
2026-07-01 19:36:57.175081: 
2026-07-01 19:36:57.175522: Epoch 185
2026-07-01 19:36:57.175721: Current learning rate: 0.00297
2026-07-01 19:37:41.770138: train_loss -0.4224
2026-07-01 19:37:41.770688: val_loss -0.1956
2026-07-01 19:37:41.770849: Pseudo dice [np.float32(0.6756)]
2026-07-01 19:37:41.771021: Epoch time: 44.6 s
2026-07-01 19:37:43.584744: 
2026-07-01 19:37:43.585228: Epoch 186
2026-07-01 19:37:43.585422: Current learning rate: 0.00293
2026-07-01 19:38:28.365921: train_loss -0.4515
2026-07-01 19:38:28.366354: val_loss -0.1958
2026-07-01 19:38:28.366497: Pseudo dice [np.float32(0.6598)]
2026-07-01 19:38:28.366682: Epoch time: 44.78 s
2026-07-01 19:38:30.188866: 
2026-07-01 19:38:30.189440: Epoch 187
2026-07-01 19:38:30.189632: Current learning rate: 0.00289
2026-07-01 19:39:14.723697: train_loss -0.4382
2026-07-01 19:39:14.724144: val_loss -0.2448
2026-07-01 19:39:14.724290: Pseudo dice [np.float32(0.6996)]
2026-07-01 19:39:14.724462: Epoch time: 44.54 s
2026-07-01 19:39:16.535563: 
2026-07-01 19:39:16.535884: Epoch 188
2026-07-01 19:39:16.536127: Current learning rate: 0.00285
2026-07-01 19:40:01.252054: train_loss -0.4392
2026-07-01 19:40:01.252535: val_loss -0.136
2026-07-01 19:40:01.252698: Pseudo dice [np.float32(0.6535)]
2026-07-01 19:40:01.252876: Epoch time: 44.72 s
2026-07-01 19:40:03.077609: 
2026-07-01 19:40:03.078090: Epoch 189
2026-07-01 19:40:03.078287: Current learning rate: 0.00281
2026-07-01 19:40:47.633542: train_loss -0.4307
2026-07-01 19:40:47.634047: val_loss -0.1917
2026-07-01 19:40:47.634196: Pseudo dice [np.float32(0.6762)]
2026-07-01 19:40:47.634368: Epoch time: 44.56 s
2026-07-01 19:40:49.446344: 
2026-07-01 19:40:49.446879: Epoch 190
2026-07-01 19:40:49.447096: Current learning rate: 0.00277
2026-07-01 19:41:34.066712: train_loss -0.4396
2026-07-01 19:41:34.067292: val_loss -0.1538
2026-07-01 19:41:34.067443: Pseudo dice [np.float32(0.6364)]
2026-07-01 19:41:34.067617: Epoch time: 44.62 s
2026-07-01 19:41:35.882454: 
2026-07-01 19:41:35.882998: Epoch 191
2026-07-01 19:41:35.883311: Current learning rate: 0.00273
2026-07-01 19:42:20.476079: train_loss -0.4483
2026-07-01 19:42:20.476737: val_loss -0.1996
2026-07-01 19:42:20.476891: Pseudo dice [np.float32(0.6716)]
2026-07-01 19:42:20.477067: Epoch time: 44.6 s
2026-07-01 19:42:22.691885: 
2026-07-01 19:42:22.692358: Epoch 192
2026-07-01 19:42:22.693472: Current learning rate: 0.00268
2026-07-01 19:43:07.534648: train_loss -0.4424
2026-07-01 19:43:07.535110: val_loss -0.1906
2026-07-01 19:43:07.535264: Pseudo dice [np.float32(0.6713)]
2026-07-01 19:43:07.535446: Epoch time: 44.85 s
2026-07-01 19:43:09.368520: 
2026-07-01 19:43:09.369066: Epoch 193
2026-07-01 19:43:09.369365: Current learning rate: 0.00264
2026-07-01 19:43:54.127911: train_loss -0.4405
2026-07-01 19:43:54.128546: val_loss -0.1845
2026-07-01 19:43:54.128703: Pseudo dice [np.float32(0.6623)]
2026-07-01 19:43:54.128883: Epoch time: 44.76 s
2026-07-01 19:43:55.952807: 
2026-07-01 19:43:55.953449: Epoch 194
2026-07-01 19:43:55.953683: Current learning rate: 0.0026
2026-07-01 19:44:40.657970: train_loss -0.4504
2026-07-01 19:44:40.658600: val_loss -0.1773
2026-07-01 19:44:40.658784: Pseudo dice [np.float32(0.6538)]
2026-07-01 19:44:40.658965: Epoch time: 44.71 s
2026-07-01 19:44:42.477738: 
2026-07-01 19:44:42.478192: Epoch 195
2026-07-01 19:44:42.478406: Current learning rate: 0.00256
2026-07-01 19:45:27.153830: train_loss -0.4341
2026-07-01 19:45:27.154311: val_loss -0.1981
2026-07-01 19:45:27.154461: Pseudo dice [np.float32(0.6661)]
2026-07-01 19:45:27.154633: Epoch time: 44.68 s
2026-07-01 19:45:28.972356: 
2026-07-01 19:45:28.972688: Epoch 196
2026-07-01 19:45:28.972883: Current learning rate: 0.00252
2026-07-01 19:46:13.803739: train_loss -0.4439
2026-07-01 19:46:13.804293: val_loss -0.1808
2026-07-01 19:46:13.804451: Pseudo dice [np.float32(0.6537)]
2026-07-01 19:46:13.804621: Epoch time: 44.83 s
2026-07-01 19:46:15.633755: 
2026-07-01 19:46:15.634323: Epoch 197
2026-07-01 19:46:15.634653: Current learning rate: 0.00248
2026-07-01 19:47:00.532291: train_loss -0.4611
2026-07-01 19:47:00.532834: val_loss -0.1741
2026-07-01 19:47:00.532984: Pseudo dice [np.float32(0.663)]
2026-07-01 19:47:00.533155: Epoch time: 44.9 s
2026-07-01 19:47:02.366393: 
2026-07-01 19:47:02.366997: Epoch 198
2026-07-01 19:47:02.367347: Current learning rate: 0.00243
2026-07-01 19:47:47.054260: train_loss -0.4507
2026-07-01 19:47:47.054748: val_loss -0.19
2026-07-01 19:47:47.054921: Pseudo dice [np.float32(0.6812)]
2026-07-01 19:47:47.055110: Epoch time: 44.69 s
2026-07-01 19:47:48.879276: 
2026-07-01 19:47:48.879737: Epoch 199
2026-07-01 19:47:48.880048: Current learning rate: 0.00239
2026-07-01 19:48:33.621993: train_loss -0.4489
2026-07-01 19:48:33.622551: val_loss -0.2172
2026-07-01 19:48:33.622715: Pseudo dice [np.float32(0.7013)]
2026-07-01 19:48:33.622891: Epoch time: 44.75 s
2026-07-01 19:48:35.964338: 
2026-07-01 19:48:35.964885: Epoch 200
2026-07-01 19:48:35.965205: Current learning rate: 0.00235
2026-07-01 19:49:20.916167: train_loss -0.4457
2026-07-01 19:49:20.916669: val_loss -0.1712
2026-07-01 19:49:20.916818: Pseudo dice [np.float32(0.6519)]
2026-07-01 19:49:20.916986: Epoch time: 44.96 s
2026-07-01 19:49:23.112267: 
2026-07-01 19:49:23.112707: Epoch 201
2026-07-01 19:49:23.112905: Current learning rate: 0.00231
2026-07-01 19:50:08.093742: train_loss -0.4559
2026-07-01 19:50:08.094221: val_loss -0.205
2026-07-01 19:50:08.094374: Pseudo dice [np.float32(0.6693)]
2026-07-01 19:50:08.094547: Epoch time: 44.98 s
2026-07-01 19:50:09.923736: 
2026-07-01 19:50:09.924171: Epoch 202
2026-07-01 19:50:09.924359: Current learning rate: 0.00226
2026-07-01 19:50:55.326070: train_loss -0.4475
2026-07-01 19:50:55.326757: val_loss -0.2117
2026-07-01 19:50:55.326919: Pseudo dice [np.float32(0.6685)]
2026-07-01 19:50:55.327091: Epoch time: 45.41 s
2026-07-01 19:50:57.160933: 
2026-07-01 19:50:57.161470: Epoch 203
2026-07-01 19:50:57.161781: Current learning rate: 0.00222
2026-07-01 19:51:42.038689: train_loss -0.4456
2026-07-01 19:51:42.039288: val_loss -0.2004
2026-07-01 19:51:42.039463: Pseudo dice [np.float32(0.6776)]
2026-07-01 19:51:42.039650: Epoch time: 44.88 s
2026-07-01 19:51:43.874204: 
2026-07-01 19:51:43.874688: Epoch 204
2026-07-01 19:51:43.875005: Current learning rate: 0.00218
2026-07-01 19:52:28.663978: train_loss -0.4578
2026-07-01 19:52:28.664532: val_loss -0.2055
2026-07-01 19:52:28.664694: Pseudo dice [np.float32(0.6835)]
2026-07-01 19:52:28.664867: Epoch time: 44.79 s
2026-07-01 19:52:30.495607: 
2026-07-01 19:52:30.496064: Epoch 205
2026-07-01 19:52:30.496256: Current learning rate: 0.00214
2026-07-01 19:53:15.729428: train_loss -0.4386
2026-07-01 19:53:15.729894: val_loss -0.2062
2026-07-01 19:53:15.730046: Pseudo dice [np.float32(0.6946)]
2026-07-01 19:53:15.730281: Epoch time: 45.24 s
2026-07-01 19:53:17.510225: 
2026-07-01 19:53:17.510651: Epoch 206
2026-07-01 19:53:17.510836: Current learning rate: 0.00209
2026-07-01 19:54:02.376412: train_loss -0.4623
2026-07-01 19:54:02.377604: val_loss -0.1759
2026-07-01 19:54:02.377810: Pseudo dice [np.float32(0.6627)]
2026-07-01 19:54:02.377994: Epoch time: 44.87 s
2026-07-01 19:54:04.166284: 
2026-07-01 19:54:04.166771: Epoch 207
2026-07-01 19:54:04.166986: Current learning rate: 0.00205
2026-07-01 19:54:49.121885: train_loss -0.4432
2026-07-01 19:54:49.122462: val_loss -0.1642
2026-07-01 19:54:49.122651: Pseudo dice [np.float32(0.6437)]
2026-07-01 19:54:49.122827: Epoch time: 44.96 s
2026-07-01 19:54:50.898021: 
2026-07-01 19:54:50.898482: Epoch 208
2026-07-01 19:54:50.898706: Current learning rate: 0.00201
2026-07-01 19:55:35.649898: train_loss -0.4463
2026-07-01 19:55:35.651014: val_loss -0.1687
2026-07-01 19:55:35.651165: Pseudo dice [np.float32(0.6619)]
2026-07-01 19:55:35.651337: Epoch time: 44.76 s
2026-07-01 19:55:37.845928: 
2026-07-01 19:55:37.846643: Epoch 209
2026-07-01 19:55:37.846957: Current learning rate: 0.00196
2026-07-01 19:56:22.615259: train_loss -0.4486
2026-07-01 19:56:22.618584: val_loss -0.195
2026-07-01 19:56:22.618747: Pseudo dice [np.float32(0.6677)]
2026-07-01 19:56:22.618922: Epoch time: 44.77 s
2026-07-01 19:56:24.398370: 
2026-07-01 19:56:24.398999: Epoch 210
2026-07-01 19:56:24.399311: Current learning rate: 0.00192
2026-07-01 19:57:09.483149: train_loss -0.4575
2026-07-01 19:57:09.483801: val_loss -0.1747
2026-07-01 19:57:09.483954: Pseudo dice [np.float32(0.6593)]
2026-07-01 19:57:09.484129: Epoch time: 45.09 s
2026-07-01 19:57:11.256868: 
2026-07-01 19:57:11.257466: Epoch 211
2026-07-01 19:57:11.257792: Current learning rate: 0.00188
2026-07-01 19:57:56.030000: train_loss -0.4523
2026-07-01 19:57:56.030545: val_loss -0.1706
2026-07-01 19:57:56.030707: Pseudo dice [np.float32(0.6552)]
2026-07-01 19:57:56.030884: Epoch time: 44.78 s
2026-07-01 19:57:57.816194: 
2026-07-01 19:57:57.816572: Epoch 212
2026-07-01 19:57:57.816778: Current learning rate: 0.00184
2026-07-01 19:58:42.535463: train_loss -0.4478
2026-07-01 19:58:42.536079: val_loss -0.1847
2026-07-01 19:58:42.536225: Pseudo dice [np.float32(0.6679)]
2026-07-01 19:58:42.536393: Epoch time: 44.72 s
2026-07-01 19:58:44.315837: 
2026-07-01 19:58:44.316290: Epoch 213
2026-07-01 19:58:44.316483: Current learning rate: 0.00179
2026-07-01 19:59:29.013950: train_loss -0.4449
2026-07-01 19:59:29.014549: val_loss -0.2093
2026-07-01 19:59:29.014733: Pseudo dice [np.float32(0.6754)]
2026-07-01 19:59:29.014912: Epoch time: 44.7 s
2026-07-01 19:59:30.777495: 
2026-07-01 19:59:30.778024: Epoch 214
2026-07-01 19:59:30.778331: Current learning rate: 0.00175
2026-07-01 20:00:15.538832: train_loss -0.4536
2026-07-01 20:00:15.539457: val_loss -0.1868
2026-07-01 20:00:15.539611: Pseudo dice [np.float32(0.6828)]
2026-07-01 20:00:15.539796: Epoch time: 44.76 s
2026-07-01 20:00:17.303921: 
2026-07-01 20:00:17.304444: Epoch 215
2026-07-01 20:00:17.304760: Current learning rate: 0.0017
2026-07-01 20:01:02.340630: train_loss -0.4518
2026-07-01 20:01:02.341261: val_loss -0.1995
2026-07-01 20:01:02.341436: Pseudo dice [np.float32(0.6808)]
2026-07-01 20:01:02.341620: Epoch time: 45.04 s
2026-07-01 20:01:04.100210: 
2026-07-01 20:01:04.100683: Epoch 216
2026-07-01 20:01:04.100991: Current learning rate: 0.00166
2026-07-01 20:01:49.185136: train_loss -0.4445
2026-07-01 20:01:49.185601: val_loss -0.1754
2026-07-01 20:01:49.185765: Pseudo dice [np.float32(0.6742)]
2026-07-01 20:01:49.185936: Epoch time: 45.09 s
2026-07-01 20:01:50.934519: 
2026-07-01 20:01:50.934918: Epoch 217
2026-07-01 20:01:50.935454: Current learning rate: 0.00162
2026-07-01 20:02:35.668387: train_loss -0.4572
2026-07-01 20:02:35.668950: val_loss -0.1617
2026-07-01 20:02:35.669109: Pseudo dice [np.float32(0.6535)]
2026-07-01 20:02:35.669284: Epoch time: 44.74 s
2026-07-01 20:02:37.414143: 
2026-07-01 20:02:37.414586: Epoch 218
2026-07-01 20:02:37.414903: Current learning rate: 0.00157
2026-07-01 20:03:22.599086: train_loss -0.4642
2026-07-01 20:03:22.602114: val_loss -0.1941
2026-07-01 20:03:22.602264: Pseudo dice [np.float32(0.679)]
2026-07-01 20:03:22.602442: Epoch time: 45.19 s
2026-07-01 20:03:24.359258: 
2026-07-01 20:03:24.359834: Epoch 219
2026-07-01 20:03:24.360032: Current learning rate: 0.00153
2026-07-01 20:04:09.075707: train_loss -0.4599
2026-07-01 20:04:09.076247: val_loss -0.1636
2026-07-01 20:04:09.076459: Pseudo dice [np.float32(0.6701)]
2026-07-01 20:04:09.076653: Epoch time: 44.72 s
2026-07-01 20:04:10.834517: 
2026-07-01 20:04:10.835106: Epoch 220
2026-07-01 20:04:10.835429: Current learning rate: 0.00148
2026-07-01 20:04:55.872482: train_loss -0.4584
2026-07-01 20:04:55.873054: val_loss -0.1424
2026-07-01 20:04:55.873200: Pseudo dice [np.float32(0.6403)]
2026-07-01 20:04:55.873367: Epoch time: 45.04 s
2026-07-01 20:04:57.626155: 
2026-07-01 20:04:57.626710: Epoch 221
2026-07-01 20:04:57.627018: Current learning rate: 0.00144
2026-07-01 20:05:42.411530: train_loss -0.4422
2026-07-01 20:05:42.412329: val_loss -0.1734
2026-07-01 20:05:42.412508: Pseudo dice [np.float32(0.6485)]
2026-07-01 20:05:42.412707: Epoch time: 44.79 s
2026-07-01 20:05:44.179339: 
2026-07-01 20:05:44.179740: Epoch 222
2026-07-01 20:05:44.180054: Current learning rate: 0.00139
2026-07-01 20:06:28.951082: train_loss -0.4668
2026-07-01 20:06:28.951862: val_loss -0.1272
2026-07-01 20:06:28.952019: Pseudo dice [np.float32(0.6312)]
2026-07-01 20:06:28.952191: Epoch time: 44.78 s
2026-07-01 20:06:30.716353: 
2026-07-01 20:06:30.716904: Epoch 223
2026-07-01 20:06:30.717135: Current learning rate: 0.00135
2026-07-01 20:07:15.558393: train_loss -0.4597
2026-07-01 20:07:15.558933: val_loss -0.1683
2026-07-01 20:07:15.559102: Pseudo dice [np.float32(0.6717)]
2026-07-01 20:07:15.559273: Epoch time: 44.85 s
2026-07-01 20:07:17.313352: 
2026-07-01 20:07:17.313723: Epoch 224
2026-07-01 20:07:17.313914: Current learning rate: 0.0013
2026-07-01 20:08:02.304161: train_loss -0.4524
2026-07-01 20:08:02.304657: val_loss -0.1684
2026-07-01 20:08:02.304808: Pseudo dice [np.float32(0.6556)]
2026-07-01 20:08:02.304981: Epoch time: 44.99 s
2026-07-01 20:08:04.058628: 
2026-07-01 20:08:04.059087: Epoch 225
2026-07-01 20:08:04.059332: Current learning rate: 0.00126
2026-07-01 20:08:49.211558: train_loss -0.4505
2026-07-01 20:08:49.212109: val_loss -0.195
2026-07-01 20:08:49.212280: Pseudo dice [np.float32(0.6575)]
2026-07-01 20:08:49.212458: Epoch time: 45.16 s
2026-07-01 20:08:50.973021: 
2026-07-01 20:08:50.973668: Epoch 226
2026-07-01 20:08:50.973892: Current learning rate: 0.00121
2026-07-01 20:09:35.739038: train_loss -0.46
2026-07-01 20:09:35.739531: val_loss -0.2082
2026-07-01 20:09:35.739744: Pseudo dice [np.float32(0.6631)]
2026-07-01 20:09:35.739919: Epoch time: 44.77 s
2026-07-01 20:09:37.505109: 
2026-07-01 20:09:37.505626: Epoch 227
2026-07-01 20:09:37.505944: Current learning rate: 0.00117
2026-07-01 20:10:22.482574: train_loss -0.4781
2026-07-01 20:10:22.483198: val_loss -0.1696
2026-07-01 20:10:22.483365: Pseudo dice [np.float32(0.6587)]
2026-07-01 20:10:22.483537: Epoch time: 44.98 s
2026-07-01 20:10:24.593252: 
2026-07-01 20:10:24.593680: Epoch 228
2026-07-01 20:10:24.593868: Current learning rate: 0.00112
2026-07-01 20:11:09.740180: train_loss -0.4553
2026-07-01 20:11:09.740892: val_loss -0.1894
2026-07-01 20:11:09.741046: Pseudo dice [np.float32(0.6709)]
2026-07-01 20:11:09.741218: Epoch time: 45.15 s
2026-07-01 20:11:11.506660: 
2026-07-01 20:11:11.507167: Epoch 229
2026-07-01 20:11:11.507522: Current learning rate: 0.00108
2026-07-01 20:11:56.788994: train_loss -0.4632
2026-07-01 20:11:56.789579: val_loss -0.1692
2026-07-01 20:11:56.789764: Pseudo dice [np.float32(0.6533)]
2026-07-01 20:11:56.789944: Epoch time: 45.29 s
2026-07-01 20:11:58.546709: 
2026-07-01 20:11:58.547310: Epoch 230
2026-07-01 20:11:58.547629: Current learning rate: 0.00103
2026-07-01 20:12:43.325255: train_loss -0.4715
2026-07-01 20:12:43.326030: val_loss -0.1842
2026-07-01 20:12:43.326183: Pseudo dice [np.float32(0.6716)]
2026-07-01 20:12:43.326353: Epoch time: 44.78 s
2026-07-01 20:12:45.100783: 
2026-07-01 20:12:45.101286: Epoch 231
2026-07-01 20:12:45.101487: Current learning rate: 0.00098
2026-07-01 20:13:29.871756: train_loss -0.4612
2026-07-01 20:13:29.872294: val_loss -0.178
2026-07-01 20:13:29.872443: Pseudo dice [np.float32(0.662)]
2026-07-01 20:13:29.872618: Epoch time: 44.77 s
2026-07-01 20:13:31.641207: 
2026-07-01 20:13:31.641689: Epoch 232
2026-07-01 20:13:31.641990: Current learning rate: 0.00094
2026-07-01 20:14:16.360695: train_loss -0.4647
2026-07-01 20:14:16.361250: val_loss -0.1654
2026-07-01 20:14:16.361400: Pseudo dice [np.float32(0.6619)]
2026-07-01 20:14:16.361572: Epoch time: 44.72 s
2026-07-01 20:14:18.110974: 
2026-07-01 20:14:18.111313: Epoch 233
2026-07-01 20:14:18.111499: Current learning rate: 0.00089
2026-07-01 20:15:02.862262: train_loss -0.4644
2026-07-01 20:15:02.862723: val_loss -0.1974
2026-07-01 20:15:02.862880: Pseudo dice [np.float32(0.6738)]
2026-07-01 20:15:02.863054: Epoch time: 44.75 s
2026-07-01 20:15:04.621574: 
2026-07-01 20:15:04.621946: Epoch 234
2026-07-01 20:15:04.622158: Current learning rate: 0.00084
2026-07-01 20:15:49.485866: train_loss -0.4615
2026-07-01 20:15:49.486519: val_loss -0.1836
2026-07-01 20:15:49.486692: Pseudo dice [np.float32(0.6661)]
2026-07-01 20:15:49.486874: Epoch time: 44.87 s
2026-07-01 20:15:51.251926: 
2026-07-01 20:15:51.252406: Epoch 235
2026-07-01 20:15:51.252766: Current learning rate: 0.00079
2026-07-01 20:16:35.952173: train_loss -0.476
2026-07-01 20:16:35.952596: val_loss -0.1254
2026-07-01 20:16:35.952750: Pseudo dice [np.float32(0.6486)]
2026-07-01 20:16:35.953101: Epoch time: 44.7 s
2026-07-01 20:16:37.711532: 
2026-07-01 20:16:37.711914: Epoch 236
2026-07-01 20:16:37.712087: Current learning rate: 0.00075
2026-07-01 20:17:22.470615: train_loss -0.4703
2026-07-01 20:17:22.471176: val_loss -0.1519
2026-07-01 20:17:22.471329: Pseudo dice [np.float32(0.6413)]
2026-07-01 20:17:22.471505: Epoch time: 44.76 s
2026-07-01 20:17:24.716232: 
2026-07-01 20:17:24.716813: Epoch 237
2026-07-01 20:17:24.717010: Current learning rate: 0.0007
2026-07-01 20:18:09.559581: train_loss -0.4594
2026-07-01 20:18:09.560179: val_loss -0.1581
2026-07-01 20:18:09.560338: Pseudo dice [np.float32(0.6575)]
2026-07-01 20:18:09.560519: Epoch time: 44.85 s
2026-07-01 20:18:11.331505: 
2026-07-01 20:18:11.331967: Epoch 238
2026-07-01 20:18:11.332162: Current learning rate: 0.00065
2026-07-01 20:18:56.323884: train_loss -0.4714
2026-07-01 20:18:56.324497: val_loss -0.2011
2026-07-01 20:18:56.324658: Pseudo dice [np.float32(0.6705)]
2026-07-01 20:18:56.324830: Epoch time: 45.0 s
2026-07-01 20:18:58.081186: 
2026-07-01 20:18:58.081580: Epoch 239
2026-07-01 20:18:58.081773: Current learning rate: 0.0006
2026-07-01 20:19:42.845058: train_loss -0.453
2026-07-01 20:19:42.845514: val_loss -0.182
2026-07-01 20:19:42.845667: Pseudo dice [np.float32(0.6703)]
2026-07-01 20:19:42.845839: Epoch time: 44.77 s
2026-07-01 20:19:44.617347: 
2026-07-01 20:19:44.617738: Epoch 240
2026-07-01 20:19:44.617941: Current learning rate: 0.00055
2026-07-01 20:20:29.401931: train_loss -0.468
2026-07-01 20:20:29.402606: val_loss -0.1588
2026-07-01 20:20:29.402761: Pseudo dice [np.float32(0.6446)]
2026-07-01 20:20:29.402931: Epoch time: 44.79 s
2026-07-01 20:20:31.178951: 
2026-07-01 20:20:31.179498: Epoch 241
2026-07-01 20:20:31.179779: Current learning rate: 0.0005
2026-07-01 20:21:15.818379: train_loss -0.4817
2026-07-01 20:21:15.818845: val_loss -0.2159
2026-07-01 20:21:15.818999: Pseudo dice [np.float32(0.6753)]
2026-07-01 20:21:15.819172: Epoch time: 44.64 s
2026-07-01 20:21:17.605771: 
2026-07-01 20:21:17.606268: Epoch 242
2026-07-01 20:21:17.607386: Current learning rate: 0.00045
2026-07-01 20:22:02.354333: train_loss -0.469
2026-07-01 20:22:02.354944: val_loss -0.2019
2026-07-01 20:22:02.355095: Pseudo dice [np.float32(0.6727)]
2026-07-01 20:22:02.355277: Epoch time: 44.75 s
2026-07-01 20:22:04.152338: 
2026-07-01 20:22:04.152887: Epoch 243
2026-07-01 20:22:04.153203: Current learning rate: 0.0004
2026-07-01 20:22:48.839848: train_loss -0.4536
2026-07-01 20:22:48.840450: val_loss -0.1717
2026-07-01 20:22:48.840598: Pseudo dice [np.float32(0.6646)]
2026-07-01 20:22:48.840782: Epoch time: 44.69 s
2026-07-01 20:22:50.624824: 
2026-07-01 20:22:50.625237: Epoch 244
2026-07-01 20:22:50.625421: Current learning rate: 0.00035
2026-07-01 20:23:35.359915: train_loss -0.4764
2026-07-01 20:23:35.360371: val_loss -0.1661
2026-07-01 20:23:35.360518: Pseudo dice [np.float32(0.661)]
2026-07-01 20:23:35.360707: Epoch time: 44.74 s
2026-07-01 20:23:37.147740: 
2026-07-01 20:23:37.148196: Epoch 245
2026-07-01 20:23:37.148538: Current learning rate: 0.0003
2026-07-01 20:24:22.215477: train_loss -0.4664
2026-07-01 20:24:22.215941: val_loss -0.1824
2026-07-01 20:24:22.216089: Pseudo dice [np.float32(0.6571)]
2026-07-01 20:24:22.216264: Epoch time: 45.07 s
2026-07-01 20:24:24.407432: 
2026-07-01 20:24:24.407955: Epoch 246
2026-07-01 20:24:24.408175: Current learning rate: 0.00024
2026-07-01 20:25:09.022047: train_loss -0.4824
2026-07-01 20:25:09.022541: val_loss -0.1852
2026-07-01 20:25:09.022698: Pseudo dice [np.float32(0.664)]
2026-07-01 20:25:09.022880: Epoch time: 44.62 s
2026-07-01 20:25:10.813891: 
2026-07-01 20:25:10.814472: Epoch 247
2026-07-01 20:25:10.814797: Current learning rate: 0.00019
2026-07-01 20:25:55.776561: train_loss -0.4681
2026-07-01 20:25:55.777000: val_loss -0.1649
2026-07-01 20:25:55.777143: Pseudo dice [np.float32(0.6642)]
2026-07-01 20:25:55.777316: Epoch time: 44.97 s
2026-07-01 20:25:57.558272: 
2026-07-01 20:25:57.558907: Epoch 248
2026-07-01 20:25:57.559278: Current learning rate: 0.00013
2026-07-01 20:26:42.354221: train_loss -0.4759
2026-07-01 20:26:42.354761: val_loss -0.1832
2026-07-01 20:26:42.354939: Pseudo dice [np.float32(0.6598)]
2026-07-01 20:26:42.355131: Epoch time: 44.8 s
2026-07-01 20:26:44.132934: 
2026-07-01 20:26:44.133408: Epoch 249
2026-07-01 20:26:44.133605: Current learning rate: 7e-05
2026-07-01 20:27:28.976590: train_loss -0.4702
2026-07-01 20:27:28.977159: val_loss -0.1887
2026-07-01 20:27:28.977323: Pseudo dice [np.float32(0.6663)]
2026-07-01 20:27:28.977501: Epoch time: 44.85 s
2026-07-01 20:27:31.415859: Training done.
2026-07-01 20:27:31.669364: Using splits from existing split file: /gpfs/data/ravenlab/micmac/nnUNet_preprocessed/Dataset005_BinaryTask/splits_final.json
2026-07-01 20:27:31.669742: The split file contains 5 splits.
2026-07-01 20:27:31.669849: Desired fold for training: 4
2026-07-01 20:27:31.669940: This split has 19 training and 4 validation cases.
2026-07-01 20:27:31.670145: predicting 41759_14left
2026-07-01 20:27:31.690784: 41759_14left, shape torch.Size([1, 1, 1120, 1796]), rank 0
2026-07-01 20:27:36.910042: predicting 41759_22left
2026-07-01 20:27:36.954832: 41759_22left, shape torch.Size([1, 1, 1980, 2353]), rank 0
2026-07-01 20:27:38.050623: predicting 41759_42
2026-07-01 20:27:38.084828: 41759_42, shape torch.Size([1, 1, 1723, 2049]), rank 0
2026-07-01 20:27:39.167242: predicting 41759_45_caudate
2026-07-01 20:27:39.191466: 41759_45_caudate, shape torch.Size([1, 1, 1824, 1543]), rank 0
2026-07-01 20:27:58.579424: Validation complete
2026-07-01 20:27:58.579628: Mean Validation Dice:  0.6556811931291041
