Loading python/gpu/3.10.6-cuda12.9
  Loading requirement: cuda/12.9
Launching parallel training for 2D config, Fold 0 using 250-epoch trainer preset...

############################
INFO: You are using the old nnU-Net default plans. We have updated our recommendations. Please consider using those instead! Read more here: https://github.com/MIC-DKFZ/nnUNet/blob/master/documentation/resenc_presets.md
############################

Using device: cuda:0

#######################################################################
Please cite the following paper when using nnU-Net:
Isensee, F., Jaeger, P. F., Kohl, S. A., Petersen, J., & Maier-Hein, K. H. (2021). nnU-Net: a self-configuring method for deep learning-based biomedical image segmentation. Nature methods, 18(2), 203-211.
#######################################################################

2026-07-01 17:07:50.027101: do_dummy_2d_data_aug: False
2026-07-01 17:07:50.028647: Using splits from existing split file: /gpfs/data/ravenlab/micmac/nnUNet_preprocessed/Dataset005_BinaryTask/splits_final.json
2026-07-01 17:07:50.029203: The split file contains 5 splits.
2026-07-01 17:07:50.029311: Desired fold for training: 0
2026-07-01 17:07:50.029415: This split has 18 training and 5 validation cases.
using pin_memory on device 0
using pin_memory on device 0

This is the configuration used by this training:
Configuration name: 2d
 {'data_identifier': 'nnUNetPlans_2d', 'preprocessor_name': 'DefaultPreprocessor', 'batch_size': 2, 'patch_size': [1024, 1280], 'median_image_size_in_voxels': [2077.0, 2251.0], 'spacing': [1.0, 1.0], 'normalization_schemes': ['ZScoreNormalization'], 'use_mask_for_norm': [False], 'resampling_fn_data': 'resample_data_or_seg_to_shape', 'resampling_fn_seg': 'resample_data_or_seg_to_shape', 'resampling_fn_data_kwargs': {'is_seg': False, 'order': 3, 'order_z': 0, 'force_separate_z': None}, 'resampling_fn_seg_kwargs': {'is_seg': True, 'order': 1, 'order_z': 0, 'force_separate_z': None}, 'resampling_fn_probabilities': 'resample_data_or_seg_to_shape', 'resampling_fn_probabilities_kwargs': {'is_seg': False, 'order': 1, 'order_z': 0, 'force_separate_z': None}, 'architecture': {'network_class_name': 'dynamic_network_architectures.architectures.unet.PlainConvUNet', 'arch_kwargs': {'n_stages': 9, 'features_per_stage': [32, 64, 128, 256, 512, 512, 512, 512, 512], 'conv_op': 'torch.nn.modules.conv.Conv2d', 'kernel_sizes': [[3, 3], [3, 3], [3, 3], [3, 3], [3, 3], [3, 3], [3, 3], [3, 3], [3, 3]], 'strides': [[1, 1], [2, 2], [2, 2], [2, 2], [2, 2], [2, 2], [2, 2], [2, 2], [2, 2]], 'n_conv_per_stage': [2, 2, 2, 2, 2, 2, 2, 2, 2], 'n_conv_per_stage_decoder': [2, 2, 2, 2, 2, 2, 2, 2], 'conv_bias': True, 'norm_op': 'torch.nn.modules.instancenorm.InstanceNorm2d', 'norm_op_kwargs': {'eps': 1e-05, 'affine': True}, 'dropout_op': None, 'dropout_op_kwargs': None, 'nonlin': 'torch.nn.LeakyReLU', 'nonlin_kwargs': {'inplace': True}}, '_kw_requires_import': ['conv_op', 'norm_op', 'dropout_op', 'nonlin']}, 'batch_dice': True} 

These are the global plan.json settings:
 {'dataset_name': 'Dataset005_BinaryTask', 'plans_name': 'nnUNetPlans', 'original_median_spacing_after_transp': [999.0, 1.0, 1.0], 'original_median_shape_after_transp': [1, 2077, 2251], 'image_reader_writer': 'NaturalImage2DIO', 'transpose_forward': [0, 1, 2], 'transpose_backward': [0, 1, 2], 'experiment_planner_used': 'ExperimentPlanner', 'label_manager': 'LabelManager', 'foreground_intensity_properties_per_channel': {'0': {'max': 250.0, 'mean': 136.68589782714844, 'median': 136.0, 'min': 5.0, 'percentile_00_5': 53.0, 'percentile_99_5': 222.0, 'std': 37.201812744140625}}} 

2026-07-01 17:07:52.606260: Unable to plot network architecture:
2026-07-01 17:07:52.606462: No module named 'hiddenlayer'
2026-07-01 17:07:52.809169: 
2026-07-01 17:07:52.809351: Epoch 0
2026-07-01 17:07:52.809698: Current learning rate: 0.01
2026-07-01 17:09:59.838022: train_loss -0.0882
2026-07-01 17:09:59.841547: val_loss -0.15
2026-07-01 17:09:59.841701: Pseudo dice [np.float32(0.6829)]
2026-07-01 17:09:59.841902: Epoch time: 127.03 s
2026-07-01 17:09:59.842034: Yayy! New best EMA pseudo Dice: 0.6829000115394592
2026-07-01 17:10:02.614860: 
2026-07-01 17:10:02.615164: Epoch 1
2026-07-01 17:10:02.615343: Current learning rate: 0.00996
2026-07-01 17:10:48.280196: train_loss -0.1947
2026-07-01 17:10:48.280985: val_loss -0.1718
2026-07-01 17:10:48.281137: Pseudo dice [np.float32(0.6818)]
2026-07-01 17:10:48.281353: Epoch time: 45.67 s
2026-07-01 17:10:49.999367: 
2026-07-01 17:10:49.999907: Epoch 2
2026-07-01 17:10:50.000232: Current learning rate: 0.00993
2026-07-01 17:11:34.729306: train_loss -0.2242
2026-07-01 17:11:34.729945: val_loss -0.2048
2026-07-01 17:11:34.730096: Pseudo dice [np.float32(0.6707)]
2026-07-01 17:11:34.730290: Epoch time: 44.73 s
2026-07-01 17:11:36.488746: 
2026-07-01 17:11:36.489108: Epoch 3
2026-07-01 17:11:36.489422: Current learning rate: 0.00989
2026-07-01 17:12:21.318546: train_loss -0.2518
2026-07-01 17:12:21.319888: val_loss -0.1672
2026-07-01 17:12:21.320031: Pseudo dice [np.float32(0.6876)]
2026-07-01 17:12:21.320194: Epoch time: 44.83 s
2026-07-01 17:12:23.042213: 
2026-07-01 17:12:23.042691: Epoch 4
2026-07-01 17:12:23.042965: Current learning rate: 0.00986
2026-07-01 17:13:07.898053: train_loss -0.2498
2026-07-01 17:13:07.898829: val_loss -0.2158
2026-07-01 17:13:07.899164: Pseudo dice [np.float32(0.6886)]
2026-07-01 17:13:07.899349: Epoch time: 44.86 s
2026-07-01 17:13:09.683143: 
2026-07-01 17:13:09.683666: Epoch 5
2026-07-01 17:13:09.683987: Current learning rate: 0.00982
2026-07-01 17:13:54.646410: train_loss -0.2558
2026-07-01 17:13:54.646830: val_loss -0.2486
2026-07-01 17:13:54.646972: Pseudo dice [np.float32(0.7055)]
2026-07-01 17:13:54.647146: Epoch time: 44.97 s
2026-07-01 17:13:54.647277: Yayy! New best EMA pseudo Dice: 0.6851000189781189
2026-07-01 17:13:56.953290: 
2026-07-01 17:13:56.953626: Epoch 6
2026-07-01 17:13:56.953871: Current learning rate: 0.00978
2026-07-01 17:14:41.825433: train_loss -0.2638
2026-07-01 17:14:41.825969: val_loss -0.2439
2026-07-01 17:14:41.826141: Pseudo dice [np.float32(0.6933)]
2026-07-01 17:14:41.826318: Epoch time: 44.88 s
2026-07-01 17:14:41.826461: Yayy! New best EMA pseudo Dice: 0.6858999729156494
2026-07-01 17:14:44.022533: 
2026-07-01 17:14:44.022846: Epoch 7
2026-07-01 17:14:44.023055: Current learning rate: 0.00975
2026-07-01 17:15:28.700288: train_loss -0.2526
2026-07-01 17:15:28.700761: val_loss -0.2494
2026-07-01 17:15:28.700909: Pseudo dice [np.float32(0.6938)]
2026-07-01 17:15:28.701075: Epoch time: 44.68 s
2026-07-01 17:15:28.701201: Yayy! New best EMA pseudo Dice: 0.6866999864578247
2026-07-01 17:15:30.930259: 
2026-07-01 17:15:30.930578: Epoch 8
2026-07-01 17:15:30.930768: Current learning rate: 0.00971
2026-07-01 17:16:15.856836: train_loss -0.2557
2026-07-01 17:16:15.857394: val_loss -0.2889
2026-07-01 17:16:15.857543: Pseudo dice [np.float32(0.7291)]
2026-07-01 17:16:15.857712: Epoch time: 44.93 s
2026-07-01 17:16:15.857839: Yayy! New best EMA pseudo Dice: 0.6909000277519226
2026-07-01 17:16:18.515726: 
2026-07-01 17:16:18.516033: Epoch 9
2026-07-01 17:16:18.516215: Current learning rate: 0.00968
2026-07-01 17:17:03.452224: train_loss -0.2643
2026-07-01 17:17:03.452820: val_loss -0.2944
2026-07-01 17:17:03.452961: Pseudo dice [np.float32(0.7308)]
2026-07-01 17:17:03.453129: Epoch time: 44.94 s
2026-07-01 17:17:03.453259: Yayy! New best EMA pseudo Dice: 0.6948999762535095
2026-07-01 17:17:05.617618: 
2026-07-01 17:17:05.617976: Epoch 10
2026-07-01 17:17:05.618172: Current learning rate: 0.00964
2026-07-01 17:17:50.813988: train_loss -0.2553
2026-07-01 17:17:50.814677: val_loss -0.2644
2026-07-01 17:17:50.814859: Pseudo dice [np.float32(0.6885)]
2026-07-01 17:17:50.815037: Epoch time: 45.2 s
2026-07-01 17:17:52.519524: 
2026-07-01 17:17:52.519830: Epoch 11
2026-07-01 17:17:52.519987: Current learning rate: 0.0096
2026-07-01 17:18:37.448696: train_loss -0.2671
2026-07-01 17:18:37.449406: val_loss -0.2269
2026-07-01 17:18:37.449557: Pseudo dice [np.float32(0.7161)]
2026-07-01 17:18:37.449726: Epoch time: 44.93 s
2026-07-01 17:18:37.449855: Yayy! New best EMA pseudo Dice: 0.6965000033378601
2026-07-01 17:18:39.642972: 
2026-07-01 17:18:39.643352: Epoch 12
2026-07-01 17:18:39.643538: Current learning rate: 0.00957
2026-07-01 17:19:24.465722: train_loss -0.2619
2026-07-01 17:19:24.466288: val_loss -0.2045
2026-07-01 17:19:24.466452: Pseudo dice [np.float32(0.6633)]
2026-07-01 17:19:24.466629: Epoch time: 44.83 s
2026-07-01 17:19:26.160800: 
2026-07-01 17:19:26.161200: Epoch 13
2026-07-01 17:19:26.161369: Current learning rate: 0.00953
2026-07-01 17:20:10.970886: train_loss -0.2741
2026-07-01 17:20:10.971361: val_loss -0.2876
2026-07-01 17:20:10.971512: Pseudo dice [np.float32(0.7129)]
2026-07-01 17:20:10.971687: Epoch time: 44.81 s
2026-07-01 17:20:12.682642: 
2026-07-01 17:20:12.683140: Epoch 14
2026-07-01 17:20:12.683426: Current learning rate: 0.00949
2026-07-01 17:20:58.209140: train_loss -0.2641
2026-07-01 17:20:58.209697: val_loss -0.2682
2026-07-01 17:20:58.209864: Pseudo dice [np.float32(0.7045)]
2026-07-01 17:20:58.210041: Epoch time: 45.53 s
2026-07-01 17:20:59.940902: 
2026-07-01 17:20:59.941338: Epoch 15
2026-07-01 17:20:59.941630: Current learning rate: 0.00946
2026-07-01 17:21:44.826476: train_loss -0.2834
2026-07-01 17:21:44.827051: val_loss -0.3024
2026-07-01 17:21:44.827195: Pseudo dice [np.float32(0.7184)]
2026-07-01 17:21:44.827366: Epoch time: 44.89 s
2026-07-01 17:21:44.827811: Yayy! New best EMA pseudo Dice: 0.6983000040054321
2026-07-01 17:21:47.036316: 
2026-07-01 17:21:47.036683: Epoch 16
2026-07-01 17:21:47.036907: Current learning rate: 0.00942
2026-07-01 17:22:32.101674: train_loss -0.2954
2026-07-01 17:22:32.102150: val_loss -0.2929
2026-07-01 17:22:32.102302: Pseudo dice [np.float32(0.7143)]
2026-07-01 17:22:32.102483: Epoch time: 45.07 s
2026-07-01 17:22:32.102621: Yayy! New best EMA pseudo Dice: 0.6998999714851379
2026-07-01 17:22:34.339919: 
2026-07-01 17:22:34.340466: Epoch 17
2026-07-01 17:22:34.340770: Current learning rate: 0.00939
2026-07-01 17:23:19.370284: train_loss -0.2902
2026-07-01 17:23:19.370926: val_loss -0.2703
2026-07-01 17:23:19.371082: Pseudo dice [np.float32(0.7173)]
2026-07-01 17:23:19.371257: Epoch time: 45.03 s
2026-07-01 17:23:19.371401: Yayy! New best EMA pseudo Dice: 0.7016000151634216
2026-07-01 17:23:22.060924: 
2026-07-01 17:23:22.061341: Epoch 18
2026-07-01 17:23:22.061614: Current learning rate: 0.00935
2026-07-01 17:24:07.119197: train_loss -0.2907
2026-07-01 17:24:07.119759: val_loss -0.3029
2026-07-01 17:24:07.119902: Pseudo dice [np.float32(0.7328)]
2026-07-01 17:24:07.120076: Epoch time: 45.06 s
2026-07-01 17:24:07.120201: Yayy! New best EMA pseudo Dice: 0.704800009727478
2026-07-01 17:24:09.360399: 
2026-07-01 17:24:09.360878: Epoch 19
2026-07-01 17:24:09.361172: Current learning rate: 0.00931
2026-07-01 17:24:54.427965: train_loss -0.303
2026-07-01 17:24:54.428491: val_loss -0.3225
2026-07-01 17:24:54.428638: Pseudo dice [np.float32(0.7328)]
2026-07-01 17:24:54.428830: Epoch time: 45.07 s
2026-07-01 17:24:54.428957: Yayy! New best EMA pseudo Dice: 0.7075999975204468
2026-07-01 17:24:56.652011: 
2026-07-01 17:24:56.652431: Epoch 20
2026-07-01 17:24:56.652745: Current learning rate: 0.00928
2026-07-01 17:25:41.682701: train_loss -0.2777
2026-07-01 17:25:41.683155: val_loss -0.246
2026-07-01 17:25:41.683302: Pseudo dice [np.float32(0.7013)]
2026-07-01 17:25:41.683489: Epoch time: 45.03 s
2026-07-01 17:25:43.447918: 
2026-07-01 17:25:43.448367: Epoch 21
2026-07-01 17:25:43.448656: Current learning rate: 0.00924
2026-07-01 17:26:28.410819: train_loss -0.2855
2026-07-01 17:26:28.411246: val_loss -0.2519
2026-07-01 17:26:28.411402: Pseudo dice [np.float32(0.7287)]
2026-07-01 17:26:28.411587: Epoch time: 44.97 s
2026-07-01 17:26:28.411718: Yayy! New best EMA pseudo Dice: 0.7091000080108643
2026-07-01 17:26:30.586585: 
2026-07-01 17:26:30.586955: Epoch 22
2026-07-01 17:26:30.587221: Current learning rate: 0.0092
2026-07-01 17:27:15.922725: train_loss -0.2745
2026-07-01 17:27:15.923244: val_loss -0.2134
2026-07-01 17:27:15.923398: Pseudo dice [np.float32(0.6793)]
2026-07-01 17:27:15.923567: Epoch time: 45.34 s
2026-07-01 17:27:17.638442: 
2026-07-01 17:27:17.638785: Epoch 23
2026-07-01 17:27:17.639053: Current learning rate: 0.00917
2026-07-01 17:28:02.730390: train_loss -0.2893
2026-07-01 17:28:02.730976: val_loss -0.2833
2026-07-01 17:28:02.731130: Pseudo dice [np.float32(0.7134)]
2026-07-01 17:28:02.731307: Epoch time: 45.1 s
2026-07-01 17:28:04.411559: 
2026-07-01 17:28:04.411969: Epoch 24
2026-07-01 17:28:04.412227: Current learning rate: 0.00913
2026-07-01 17:28:49.635655: train_loss -0.3048
2026-07-01 17:28:49.636197: val_loss -0.2428
2026-07-01 17:28:49.636361: Pseudo dice [np.float32(0.703)]
2026-07-01 17:28:49.636553: Epoch time: 45.23 s
2026-07-01 17:28:51.352697: 
2026-07-01 17:28:51.353003: Epoch 25
2026-07-01 17:28:51.353155: Current learning rate: 0.0091
2026-07-01 17:29:36.553414: train_loss -0.2993
2026-07-01 17:29:36.553906: val_loss -0.3582
2026-07-01 17:29:36.554050: Pseudo dice [np.float32(0.7652)]
2026-07-01 17:29:36.554241: Epoch time: 45.2 s
2026-07-01 17:29:36.554375: Yayy! New best EMA pseudo Dice: 0.7123000025749207
2026-07-01 17:29:39.042898: 
2026-07-01 17:29:39.043438: Epoch 26
2026-07-01 17:29:39.043721: Current learning rate: 0.00906
2026-07-01 17:30:24.513168: train_loss -0.2992
2026-07-01 17:30:24.513680: val_loss -0.2877
2026-07-01 17:30:24.513819: Pseudo dice [np.float32(0.719)]
2026-07-01 17:30:24.513990: Epoch time: 45.47 s
2026-07-01 17:30:24.514141: Yayy! New best EMA pseudo Dice: 0.7129999995231628
2026-07-01 17:30:26.777527: 
2026-07-01 17:30:26.777920: Epoch 27
2026-07-01 17:30:26.778243: Current learning rate: 0.00902
2026-07-01 17:31:11.942951: train_loss -0.296
2026-07-01 17:31:11.943471: val_loss -0.2549
2026-07-01 17:31:11.943614: Pseudo dice [np.float32(0.7021)]
2026-07-01 17:31:11.943784: Epoch time: 45.17 s
2026-07-01 17:31:13.640875: 
2026-07-01 17:31:13.641290: Epoch 28
2026-07-01 17:31:13.641552: Current learning rate: 0.00899
2026-07-01 17:31:58.653984: train_loss -0.301
2026-07-01 17:31:58.654472: val_loss -0.309
2026-07-01 17:31:58.654620: Pseudo dice [np.float32(0.7158)]
2026-07-01 17:31:58.654789: Epoch time: 45.02 s
2026-07-01 17:32:00.353326: 
2026-07-01 17:32:00.353703: Epoch 29
2026-07-01 17:32:00.354020: Current learning rate: 0.00895
2026-07-01 17:32:45.641866: train_loss -0.2966
2026-07-01 17:32:45.642260: val_loss -0.2888
2026-07-01 17:32:45.642407: Pseudo dice [np.float32(0.7238)]
2026-07-01 17:32:45.642574: Epoch time: 45.29 s
2026-07-01 17:32:45.642705: Yayy! New best EMA pseudo Dice: 0.7135000228881836
2026-07-01 17:32:47.840954: 
2026-07-01 17:32:47.841481: Epoch 30
2026-07-01 17:32:47.841775: Current learning rate: 0.00891
2026-07-01 17:33:32.717594: train_loss -0.3162
2026-07-01 17:33:32.718233: val_loss -0.2892
2026-07-01 17:33:32.718375: Pseudo dice [np.float32(0.7148)]
2026-07-01 17:33:32.718555: Epoch time: 44.88 s
2026-07-01 17:33:32.718683: Yayy! New best EMA pseudo Dice: 0.7135999798774719
2026-07-01 17:33:34.931755: 
2026-07-01 17:33:34.932110: Epoch 31
2026-07-01 17:33:34.932372: Current learning rate: 0.00888
2026-07-01 17:34:20.055901: train_loss -0.316
2026-07-01 17:34:20.056400: val_loss -0.3877
2026-07-01 17:34:20.056548: Pseudo dice [np.float32(0.7779)]
2026-07-01 17:34:20.056715: Epoch time: 45.13 s
2026-07-01 17:34:20.056847: Yayy! New best EMA pseudo Dice: 0.7200000286102295
2026-07-01 17:34:22.294337: 
2026-07-01 17:34:22.294720: Epoch 32
2026-07-01 17:34:22.295019: Current learning rate: 0.00884
2026-07-01 17:35:07.423391: train_loss -0.3
2026-07-01 17:35:07.423883: val_loss -0.3725
2026-07-01 17:35:07.424044: Pseudo dice [np.float32(0.7725)]
2026-07-01 17:35:07.424215: Epoch time: 45.13 s
2026-07-01 17:35:07.424341: Yayy! New best EMA pseudo Dice: 0.7253000140190125
2026-07-01 17:35:09.647635: 
2026-07-01 17:35:09.648015: Epoch 33
2026-07-01 17:35:09.648279: Current learning rate: 0.0088
2026-07-01 17:35:54.849595: train_loss -0.3024
2026-07-01 17:35:54.850028: val_loss -0.3088
2026-07-01 17:35:54.850173: Pseudo dice [np.float32(0.7393)]
2026-07-01 17:35:54.850343: Epoch time: 45.21 s
2026-07-01 17:35:54.850479: Yayy! New best EMA pseudo Dice: 0.7267000079154968
2026-07-01 17:35:57.430731: 
2026-07-01 17:35:57.431148: Epoch 34
2026-07-01 17:35:57.431342: Current learning rate: 0.00877
2026-07-01 17:36:42.715562: train_loss -0.303
2026-07-01 17:36:42.715980: val_loss -0.291
2026-07-01 17:36:42.716115: Pseudo dice [np.float32(0.7331)]
2026-07-01 17:36:42.716281: Epoch time: 45.29 s
2026-07-01 17:36:42.716459: Yayy! New best EMA pseudo Dice: 0.7272999882698059
2026-07-01 17:36:45.015418: 
2026-07-01 17:36:45.015744: Epoch 35
2026-07-01 17:36:45.015896: Current learning rate: 0.00873
2026-07-01 17:37:29.900825: train_loss -0.3101
2026-07-01 17:37:29.901397: val_loss -0.2533
2026-07-01 17:37:29.901550: Pseudo dice [np.float32(0.707)]
2026-07-01 17:37:29.901726: Epoch time: 44.89 s
2026-07-01 17:37:31.659626: 
2026-07-01 17:37:31.660070: Epoch 36
2026-07-01 17:37:31.660346: Current learning rate: 0.00869
2026-07-01 17:38:16.933059: train_loss -0.3234
2026-07-01 17:38:16.933681: val_loss -0.3005
2026-07-01 17:38:16.933842: Pseudo dice [np.float32(0.7379)]
2026-07-01 17:38:16.934010: Epoch time: 45.28 s
2026-07-01 17:38:18.680102: 
2026-07-01 17:38:18.680567: Epoch 37
2026-07-01 17:38:18.680861: Current learning rate: 0.00866
2026-07-01 17:39:04.079088: train_loss -0.3128
2026-07-01 17:39:04.079503: val_loss -0.3091
2026-07-01 17:39:04.080260: Pseudo dice [np.float32(0.7262)]
2026-07-01 17:39:04.080456: Epoch time: 45.4 s
2026-07-01 17:39:05.834767: 
2026-07-01 17:39:05.835166: Epoch 38
2026-07-01 17:39:05.835489: Current learning rate: 0.00862
2026-07-01 17:39:51.333610: train_loss -0.3203
2026-07-01 17:39:51.334034: val_loss -0.2693
2026-07-01 17:39:51.334185: Pseudo dice [np.float32(0.7239)]
2026-07-01 17:39:51.334351: Epoch time: 45.5 s
2026-07-01 17:39:53.087273: 
2026-07-01 17:39:53.087776: Epoch 39
2026-07-01 17:39:53.088100: Current learning rate: 0.00858
2026-07-01 17:40:38.296238: train_loss -0.3234
2026-07-01 17:40:38.299387: val_loss -0.2339
2026-07-01 17:40:38.299540: Pseudo dice [np.float32(0.7012)]
2026-07-01 17:40:38.299703: Epoch time: 45.21 s
2026-07-01 17:40:40.067234: 
2026-07-01 17:40:40.067710: Epoch 40
2026-07-01 17:40:40.068021: Current learning rate: 0.00855
2026-07-01 17:41:24.929017: train_loss -0.3239
2026-07-01 17:41:24.929420: val_loss -0.34
2026-07-01 17:41:24.929559: Pseudo dice [np.float32(0.7529)]
2026-07-01 17:41:24.929729: Epoch time: 44.87 s
2026-07-01 17:41:26.692527: 
2026-07-01 17:41:26.692963: Epoch 41
2026-07-01 17:41:26.693144: Current learning rate: 0.00851
2026-07-01 17:42:11.886772: train_loss -0.3159
2026-07-01 17:42:11.887228: val_loss -0.3245
2026-07-01 17:42:11.887371: Pseudo dice [np.float32(0.7513)]
2026-07-01 17:42:11.887547: Epoch time: 45.2 s
2026-07-01 17:42:11.887674: Yayy! New best EMA pseudo Dice: 0.7290999889373779
2026-07-01 17:42:14.416710: 
2026-07-01 17:42:14.417172: Epoch 42
2026-07-01 17:42:14.417447: Current learning rate: 0.00847
2026-07-01 17:42:59.308207: train_loss -0.3026
2026-07-01 17:42:59.308902: val_loss -0.2879
2026-07-01 17:42:59.309388: Pseudo dice [np.float32(0.72)]
2026-07-01 17:42:59.309736: Epoch time: 44.89 s
2026-07-01 17:43:01.032474: 
2026-07-01 17:43:01.032996: Epoch 43
2026-07-01 17:43:01.033262: Current learning rate: 0.00844
2026-07-01 17:43:46.040586: train_loss -0.3164
2026-07-01 17:43:46.041062: val_loss -0.3353
2026-07-01 17:43:46.041211: Pseudo dice [np.float32(0.7488)]
2026-07-01 17:43:46.041376: Epoch time: 45.01 s
2026-07-01 17:43:46.041519: Yayy! New best EMA pseudo Dice: 0.7303000092506409
2026-07-01 17:43:48.263781: 
2026-07-01 17:43:48.264136: Epoch 44
2026-07-01 17:43:48.264472: Current learning rate: 0.0084
2026-07-01 17:44:33.140860: train_loss -0.3338
2026-07-01 17:44:33.141529: val_loss -0.2427
2026-07-01 17:44:33.141674: Pseudo dice [np.float32(0.7005)]
2026-07-01 17:44:33.141844: Epoch time: 44.88 s
2026-07-01 17:44:34.870929: 
2026-07-01 17:44:34.871375: Epoch 45
2026-07-01 17:44:34.871737: Current learning rate: 0.00836
2026-07-01 17:45:19.572711: train_loss -0.3224
2026-07-01 17:45:19.573183: val_loss -0.3111
2026-07-01 17:45:19.573328: Pseudo dice [np.float32(0.7063)]
2026-07-01 17:45:19.573513: Epoch time: 44.71 s
2026-07-01 17:45:21.315143: 
2026-07-01 17:45:21.315561: Epoch 46
2026-07-01 17:45:21.315833: Current learning rate: 0.00833
2026-07-01 17:46:05.851772: train_loss -0.3269
2026-07-01 17:46:05.852272: val_loss -0.3282
2026-07-01 17:46:05.852440: Pseudo dice [np.float32(0.7499)]
2026-07-01 17:46:05.852611: Epoch time: 44.54 s
2026-07-01 17:46:07.578379: 
2026-07-01 17:46:07.578892: Epoch 47
2026-07-01 17:46:07.579081: Current learning rate: 0.00829
2026-07-01 17:46:52.261679: train_loss -0.3315
2026-07-01 17:46:52.262139: val_loss -0.2877
2026-07-01 17:46:52.262279: Pseudo dice [np.float32(0.7355)]
2026-07-01 17:46:52.262473: Epoch time: 44.69 s
2026-07-01 17:46:53.993900: 
2026-07-01 17:46:53.994258: Epoch 48
2026-07-01 17:46:53.994532: Current learning rate: 0.00825
2026-07-01 17:47:38.614215: train_loss -0.3409
2026-07-01 17:47:38.614726: val_loss -0.2657
2026-07-01 17:47:38.614874: Pseudo dice [np.float32(0.7106)]
2026-07-01 17:47:38.615052: Epoch time: 44.62 s
2026-07-01 17:47:40.344776: 
2026-07-01 17:47:40.345132: Epoch 49
2026-07-01 17:47:40.345416: Current learning rate: 0.00822
2026-07-01 17:48:24.973126: train_loss -0.3326
2026-07-01 17:48:24.973575: val_loss -0.2587
2026-07-01 17:48:24.973718: Pseudo dice [np.float32(0.7078)]
2026-07-01 17:48:24.973891: Epoch time: 44.63 s
2026-07-01 17:48:27.285849: 
2026-07-01 17:48:27.286259: Epoch 50
2026-07-01 17:48:27.286600: Current learning rate: 0.00818
2026-07-01 17:49:11.883062: train_loss -0.3271
2026-07-01 17:49:11.883603: val_loss -0.318
2026-07-01 17:49:11.883741: Pseudo dice [np.float32(0.7443)]
2026-07-01 17:49:11.883913: Epoch time: 44.6 s
2026-07-01 17:49:13.975562: 
2026-07-01 17:49:13.976004: Epoch 51
2026-07-01 17:49:13.976289: Current learning rate: 0.00814
2026-07-01 17:49:58.551616: train_loss -0.3032
2026-07-01 17:49:58.552153: val_loss -0.2127
2026-07-01 17:49:58.552296: Pseudo dice [np.float32(0.6779)]
2026-07-01 17:49:58.552482: Epoch time: 44.58 s
2026-07-01 17:50:00.289943: 
2026-07-01 17:50:00.290383: Epoch 52
2026-07-01 17:50:00.290699: Current learning rate: 0.00811
2026-07-01 17:50:44.962435: train_loss -0.3098
2026-07-01 17:50:44.962838: val_loss -0.3284
2026-07-01 17:50:44.962975: Pseudo dice [np.float32(0.7511)]
2026-07-01 17:50:44.963153: Epoch time: 44.68 s
2026-07-01 17:50:46.696812: 
2026-07-01 17:50:46.697226: Epoch 53
2026-07-01 17:50:46.697526: Current learning rate: 0.00807
2026-07-01 17:51:31.491183: train_loss -0.3472
2026-07-01 17:51:31.491634: val_loss -0.3403
2026-07-01 17:51:31.491780: Pseudo dice [np.float32(0.7444)]
2026-07-01 17:51:31.491966: Epoch time: 44.8 s
2026-07-01 17:51:33.295513: 
2026-07-01 17:51:33.295916: Epoch 54
2026-07-01 17:51:33.296210: Current learning rate: 0.00803
2026-07-01 17:52:17.797698: train_loss -0.3295
2026-07-01 17:52:17.798141: val_loss -0.2826
2026-07-01 17:52:17.798279: Pseudo dice [np.float32(0.7394)]
2026-07-01 17:52:17.798462: Epoch time: 44.51 s
2026-07-01 17:52:19.540209: 
2026-07-01 17:52:19.540674: Epoch 55
2026-07-01 17:52:19.540968: Current learning rate: 0.008
2026-07-01 17:53:04.159108: train_loss -0.3436
2026-07-01 17:53:04.159550: val_loss -0.2652
2026-07-01 17:53:04.159691: Pseudo dice [np.float32(0.7105)]
2026-07-01 17:53:04.159860: Epoch time: 44.62 s
2026-07-01 17:53:05.910748: 
2026-07-01 17:53:05.911216: Epoch 56
2026-07-01 17:53:05.911506: Current learning rate: 0.00796
2026-07-01 17:53:50.551255: train_loss -0.3266
2026-07-01 17:53:50.551767: val_loss -0.2996
2026-07-01 17:53:50.551910: Pseudo dice [np.float32(0.7316)]
2026-07-01 17:53:50.552085: Epoch time: 44.64 s
2026-07-01 17:53:52.302491: 
2026-07-01 17:53:52.302968: Epoch 57
2026-07-01 17:53:52.303237: Current learning rate: 0.00792
2026-07-01 17:54:36.828267: train_loss -0.3405
2026-07-01 17:54:36.828736: val_loss -0.2485
2026-07-01 17:54:36.828882: Pseudo dice [np.float32(0.688)]
2026-07-01 17:54:36.829057: Epoch time: 44.53 s
2026-07-01 17:54:38.555149: 
2026-07-01 17:54:38.555574: Epoch 58
2026-07-01 17:54:38.555855: Current learning rate: 0.00789
2026-07-01 17:55:23.094093: train_loss -0.342
2026-07-01 17:55:23.094566: val_loss -0.2446
2026-07-01 17:55:23.094704: Pseudo dice [np.float32(0.6787)]
2026-07-01 17:55:23.094872: Epoch time: 44.54 s
2026-07-01 17:55:24.825542: 
2026-07-01 17:55:24.825969: Epoch 59
2026-07-01 17:55:24.826169: Current learning rate: 0.00785
2026-07-01 17:56:09.354773: train_loss -0.3429
2026-07-01 17:56:09.355228: val_loss -0.3175
2026-07-01 17:56:09.355373: Pseudo dice [np.float32(0.7484)]
2026-07-01 17:56:09.355569: Epoch time: 44.53 s
2026-07-01 17:56:11.431123: 
2026-07-01 17:56:11.431591: Epoch 60
2026-07-01 17:56:11.431841: Current learning rate: 0.00781
2026-07-01 17:56:55.931126: train_loss -0.3448
2026-07-01 17:56:55.931803: val_loss -0.2345
2026-07-01 17:56:55.932030: Pseudo dice [np.float32(0.6937)]
2026-07-01 17:56:55.932273: Epoch time: 44.5 s
2026-07-01 17:56:57.676012: 
2026-07-01 17:56:57.676440: Epoch 61
2026-07-01 17:56:57.676604: Current learning rate: 0.00777
2026-07-01 17:57:42.189444: train_loss -0.3367
2026-07-01 17:57:42.190006: val_loss -0.1993
2026-07-01 17:57:42.190170: Pseudo dice [np.float32(0.6627)]
2026-07-01 17:57:42.190349: Epoch time: 44.52 s
2026-07-01 17:57:43.920762: 
2026-07-01 17:57:43.921261: Epoch 62
2026-07-01 17:57:43.921474: Current learning rate: 0.00774
2026-07-01 17:58:28.457489: train_loss -0.3381
2026-07-01 17:58:28.458157: val_loss -0.3258
2026-07-01 17:58:28.458353: Pseudo dice [np.float32(0.7542)]
2026-07-01 17:58:28.458557: Epoch time: 44.54 s
2026-07-01 17:58:30.218810: 
2026-07-01 17:58:30.219147: Epoch 63
2026-07-01 17:58:30.219332: Current learning rate: 0.0077
2026-07-01 17:59:14.773748: train_loss -0.3402
2026-07-01 17:59:14.774294: val_loss -0.2935
2026-07-01 17:59:14.774443: Pseudo dice [np.float32(0.721)]
2026-07-01 17:59:14.774614: Epoch time: 44.56 s
2026-07-01 17:59:16.513704: 
2026-07-01 17:59:16.514230: Epoch 64
2026-07-01 17:59:16.514631: Current learning rate: 0.00766
2026-07-01 18:00:01.063739: train_loss -0.3337
2026-07-01 18:00:01.064155: val_loss -0.1873
2026-07-01 18:00:01.064297: Pseudo dice [np.float32(0.6822)]
2026-07-01 18:00:01.064476: Epoch time: 44.55 s
2026-07-01 18:00:02.802318: 
2026-07-01 18:00:02.802735: Epoch 65
2026-07-01 18:00:02.802915: Current learning rate: 0.00763
2026-07-01 18:00:47.426621: train_loss -0.3522
2026-07-01 18:00:47.427001: val_loss -0.2812
2026-07-01 18:00:47.427141: Pseudo dice [np.float32(0.7162)]
2026-07-01 18:00:47.427310: Epoch time: 44.63 s
2026-07-01 18:00:49.162504: 
2026-07-01 18:00:49.162928: Epoch 66
2026-07-01 18:00:49.163106: Current learning rate: 0.00759
2026-07-01 18:01:33.729297: train_loss -0.3348
2026-07-01 18:01:33.729791: val_loss -0.1528
2026-07-01 18:01:33.729945: Pseudo dice [np.float32(0.6501)]
2026-07-01 18:01:33.730113: Epoch time: 44.57 s
2026-07-01 18:01:35.474728: 
2026-07-01 18:01:35.475157: Epoch 67
2026-07-01 18:01:35.475467: Current learning rate: 0.00755
2026-07-01 18:02:20.064375: train_loss -0.3527
2026-07-01 18:02:20.064935: val_loss -0.2992
2026-07-01 18:02:20.065081: Pseudo dice [np.float32(0.7314)]
2026-07-01 18:02:20.065251: Epoch time: 44.59 s
2026-07-01 18:02:21.820855: 
2026-07-01 18:02:21.821272: Epoch 68
2026-07-01 18:02:21.821584: Current learning rate: 0.00751
2026-07-01 18:03:06.854645: train_loss -0.3453
2026-07-01 18:03:06.855186: val_loss -0.3248
2026-07-01 18:03:06.855328: Pseudo dice [np.float32(0.7345)]
2026-07-01 18:03:06.855505: Epoch time: 45.04 s
2026-07-01 18:03:08.616626: 
2026-07-01 18:03:08.617168: Epoch 69
2026-07-01 18:03:08.617373: Current learning rate: 0.00748
2026-07-01 18:03:53.326243: train_loss -0.3447
2026-07-01 18:03:53.326703: val_loss -0.2516
2026-07-01 18:03:53.326849: Pseudo dice [np.float32(0.6984)]
2026-07-01 18:03:53.327015: Epoch time: 44.71 s
2026-07-01 18:03:55.082860: 
2026-07-01 18:03:55.083388: Epoch 70
2026-07-01 18:03:55.083691: Current learning rate: 0.00744
2026-07-01 18:04:39.596353: train_loss -0.3334
2026-07-01 18:04:39.596787: val_loss -0.1924
2026-07-01 18:04:39.596931: Pseudo dice [np.float32(0.6709)]
2026-07-01 18:04:39.597100: Epoch time: 44.52 s
2026-07-01 18:04:41.358965: 
2026-07-01 18:04:41.359429: Epoch 71
2026-07-01 18:04:41.359720: Current learning rate: 0.0074
2026-07-01 18:05:25.878119: train_loss -0.3397
2026-07-01 18:05:25.878624: val_loss -0.2345
2026-07-01 18:05:25.878770: Pseudo dice [np.float32(0.6925)]
2026-07-01 18:05:25.878935: Epoch time: 44.52 s
2026-07-01 18:05:27.635546: 
2026-07-01 18:05:27.636035: Epoch 72
2026-07-01 18:05:27.636313: Current learning rate: 0.00737
2026-07-01 18:06:12.097106: train_loss -0.3431
2026-07-01 18:06:12.097764: val_loss -0.2286
2026-07-01 18:06:12.097911: Pseudo dice [np.float32(0.6932)]
2026-07-01 18:06:12.098083: Epoch time: 44.46 s
2026-07-01 18:06:13.867226: 
2026-07-01 18:06:13.867682: Epoch 73
2026-07-01 18:06:13.867970: Current learning rate: 0.00733
2026-07-01 18:06:58.405715: train_loss -0.3541
2026-07-01 18:06:58.406358: val_loss -0.238
2026-07-01 18:06:58.406529: Pseudo dice [np.float32(0.6905)]
2026-07-01 18:06:58.406707: Epoch time: 44.54 s
2026-07-01 18:07:00.176583: 
2026-07-01 18:07:00.176917: Epoch 74
2026-07-01 18:07:00.177082: Current learning rate: 0.00729
2026-07-01 18:07:44.688075: train_loss -0.354
2026-07-01 18:07:44.688649: val_loss -0.2319
2026-07-01 18:07:44.688791: Pseudo dice [np.float32(0.722)]
2026-07-01 18:07:44.688957: Epoch time: 44.51 s
2026-07-01 18:07:46.456148: 
2026-07-01 18:07:46.456616: Epoch 75
2026-07-01 18:07:46.456803: Current learning rate: 0.00725
2026-07-01 18:08:30.959583: train_loss -0.3528
2026-07-01 18:08:30.960040: val_loss -0.268
2026-07-01 18:08:30.960186: Pseudo dice [np.float32(0.7317)]
2026-07-01 18:08:30.960356: Epoch time: 44.51 s
2026-07-01 18:08:32.723069: 
2026-07-01 18:08:32.723533: Epoch 76
2026-07-01 18:08:32.723749: Current learning rate: 0.00722
2026-07-01 18:09:17.380180: train_loss -0.3452
2026-07-01 18:09:17.380720: val_loss -0.2799
2026-07-01 18:09:17.380869: Pseudo dice [np.float32(0.7094)]
2026-07-01 18:09:17.381039: Epoch time: 44.66 s
2026-07-01 18:09:19.489568: 
2026-07-01 18:09:19.490075: Epoch 77
2026-07-01 18:09:19.491244: Current learning rate: 0.00718
2026-07-01 18:10:04.026247: train_loss -0.3532
2026-07-01 18:10:04.028798: val_loss -0.3838
2026-07-01 18:10:04.028951: Pseudo dice [np.float32(0.7891)]
2026-07-01 18:10:04.029117: Epoch time: 44.54 s
2026-07-01 18:10:05.794993: 
2026-07-01 18:10:05.795568: Epoch 78
2026-07-01 18:10:05.795876: Current learning rate: 0.00714
2026-07-01 18:10:50.293585: train_loss -0.348
2026-07-01 18:10:50.294062: val_loss -0.3322
2026-07-01 18:10:50.294202: Pseudo dice [np.float32(0.7593)]
2026-07-01 18:10:50.294379: Epoch time: 44.5 s
2026-07-01 18:10:52.065670: 
2026-07-01 18:10:52.066056: Epoch 79
2026-07-01 18:10:52.066228: Current learning rate: 0.0071
2026-07-01 18:11:36.536810: train_loss -0.351
2026-07-01 18:11:36.537345: val_loss -0.2435
2026-07-01 18:11:36.537498: Pseudo dice [np.float32(0.7117)]
2026-07-01 18:11:36.537678: Epoch time: 44.47 s
2026-07-01 18:11:38.332626: 
2026-07-01 18:11:38.333166: Epoch 80
2026-07-01 18:11:38.333426: Current learning rate: 0.00707
2026-07-01 18:12:22.883049: train_loss -0.361
2026-07-01 18:12:22.883627: val_loss -0.2293
2026-07-01 18:12:22.883768: Pseudo dice [np.float32(0.6812)]
2026-07-01 18:12:22.883939: Epoch time: 44.55 s
2026-07-01 18:12:24.666157: 
2026-07-01 18:12:24.666595: Epoch 81
2026-07-01 18:12:24.666836: Current learning rate: 0.00703
2026-07-01 18:13:09.291563: train_loss -0.3624
2026-07-01 18:13:09.292109: val_loss -0.2554
2026-07-01 18:13:09.292249: Pseudo dice [np.float32(0.6977)]
2026-07-01 18:13:09.292424: Epoch time: 44.63 s
2026-07-01 18:13:11.068896: 
2026-07-01 18:13:11.069273: Epoch 82
2026-07-01 18:13:11.069539: Current learning rate: 0.00699
2026-07-01 18:13:55.895354: train_loss -0.3597
2026-07-01 18:13:55.895898: val_loss -0.2846
2026-07-01 18:13:55.896072: Pseudo dice [np.float32(0.7153)]
2026-07-01 18:13:55.896241: Epoch time: 44.83 s
2026-07-01 18:13:57.614518: 
2026-07-01 18:13:57.614961: Epoch 83
2026-07-01 18:13:57.615238: Current learning rate: 0.00696
2026-07-01 18:14:42.419991: train_loss -0.3665
2026-07-01 18:14:42.420571: val_loss -0.1535
2026-07-01 18:14:42.420717: Pseudo dice [np.float32(0.6567)]
2026-07-01 18:14:42.420886: Epoch time: 44.81 s
2026-07-01 18:14:44.154260: 
2026-07-01 18:14:44.154673: Epoch 84
2026-07-01 18:14:44.154971: Current learning rate: 0.00692
2026-07-01 18:15:29.086439: train_loss -0.346
2026-07-01 18:15:29.086883: val_loss -0.3125
2026-07-01 18:15:29.087044: Pseudo dice [np.float32(0.7127)]
2026-07-01 18:15:29.087216: Epoch time: 44.94 s
2026-07-01 18:15:30.811572: 
2026-07-01 18:15:30.811918: Epoch 85
2026-07-01 18:15:30.812186: Current learning rate: 0.00688
2026-07-01 18:16:15.545538: train_loss -0.3675
2026-07-01 18:16:15.546057: val_loss -0.3088
2026-07-01 18:16:15.546196: Pseudo dice [np.float32(0.7403)]
2026-07-01 18:16:15.546371: Epoch time: 44.74 s
2026-07-01 18:16:17.932822: 
2026-07-01 18:16:17.933259: Epoch 86
2026-07-01 18:16:17.933533: Current learning rate: 0.00684
2026-07-01 18:17:02.632799: train_loss -0.3703
2026-07-01 18:17:02.633432: val_loss -0.2721
2026-07-01 18:17:02.633579: Pseudo dice [np.float32(0.7293)]
2026-07-01 18:17:02.633746: Epoch time: 44.7 s
2026-07-01 18:17:04.372842: 
2026-07-01 18:17:04.373390: Epoch 87
2026-07-01 18:17:04.373744: Current learning rate: 0.0068
2026-07-01 18:17:49.172389: train_loss -0.3727
2026-07-01 18:17:49.173953: val_loss -0.3131
2026-07-01 18:17:49.174134: Pseudo dice [np.float32(0.7428)]
2026-07-01 18:17:49.174307: Epoch time: 44.8 s
2026-07-01 18:17:50.910742: 
2026-07-01 18:17:50.911221: Epoch 88
2026-07-01 18:17:50.911524: Current learning rate: 0.00677
2026-07-01 18:18:35.475577: train_loss -0.3557
2026-07-01 18:18:35.476089: val_loss -0.2997
2026-07-01 18:18:35.476237: Pseudo dice [np.float32(0.7289)]
2026-07-01 18:18:35.476413: Epoch time: 44.57 s
2026-07-01 18:18:37.205274: 
2026-07-01 18:18:37.205693: Epoch 89
2026-07-01 18:18:37.205878: Current learning rate: 0.00673
2026-07-01 18:19:21.849911: train_loss -0.3649
2026-07-01 18:19:21.850457: val_loss -0.2386
2026-07-01 18:19:21.850602: Pseudo dice [np.float32(0.6954)]
2026-07-01 18:19:21.850768: Epoch time: 44.65 s
2026-07-01 18:19:23.574114: 
2026-07-01 18:19:23.574437: Epoch 90
2026-07-01 18:19:23.574604: Current learning rate: 0.00669
2026-07-01 18:20:08.717333: train_loss -0.3522
2026-07-01 18:20:08.717739: val_loss -0.3145
2026-07-01 18:20:08.717885: Pseudo dice [np.float32(0.7478)]
2026-07-01 18:20:08.718049: Epoch time: 45.15 s
2026-07-01 18:20:10.442194: 
2026-07-01 18:20:10.442587: Epoch 91
2026-07-01 18:20:10.442884: Current learning rate: 0.00665
2026-07-01 18:20:55.300121: train_loss -0.3656
2026-07-01 18:20:55.300678: val_loss -0.2277
2026-07-01 18:20:55.300826: Pseudo dice [np.float32(0.6982)]
2026-07-01 18:20:55.300997: Epoch time: 44.86 s
2026-07-01 18:20:57.031893: 
2026-07-01 18:20:57.032219: Epoch 92
2026-07-01 18:20:57.032427: Current learning rate: 0.00662
2026-07-01 18:21:41.758403: train_loss -0.3552
2026-07-01 18:21:41.758960: val_loss -0.2614
2026-07-01 18:21:41.759108: Pseudo dice [np.float32(0.7237)]
2026-07-01 18:21:41.759272: Epoch time: 44.73 s
2026-07-01 18:21:43.499045: 
2026-07-01 18:21:43.499318: Epoch 93
2026-07-01 18:21:43.499530: Current learning rate: 0.00658
2026-07-01 18:22:28.230138: train_loss -0.353
2026-07-01 18:22:28.230709: val_loss -0.2167
2026-07-01 18:22:28.230857: Pseudo dice [np.float32(0.6769)]
2026-07-01 18:22:28.231033: Epoch time: 44.73 s
2026-07-01 18:22:29.983914: 
2026-07-01 18:22:29.984426: Epoch 94
2026-07-01 18:22:29.984725: Current learning rate: 0.00654
2026-07-01 18:23:14.932734: train_loss -0.367
2026-07-01 18:23:14.933341: val_loss -0.2931
2026-07-01 18:23:14.933491: Pseudo dice [np.float32(0.7351)]
2026-07-01 18:23:14.933661: Epoch time: 44.95 s
2026-07-01 18:23:17.081917: 
2026-07-01 18:23:17.082432: Epoch 95
2026-07-01 18:23:17.082676: Current learning rate: 0.0065
2026-07-01 18:24:01.855011: train_loss -0.3817
2026-07-01 18:24:01.855475: val_loss -0.2773
2026-07-01 18:24:01.855626: Pseudo dice [np.float32(0.7273)]
2026-07-01 18:24:01.855800: Epoch time: 44.78 s
2026-07-01 18:24:03.586608: 
2026-07-01 18:24:03.586996: Epoch 96
2026-07-01 18:24:03.587292: Current learning rate: 0.00647
2026-07-01 18:24:48.376271: train_loss -0.3657
2026-07-01 18:24:48.376861: val_loss -0.2456
2026-07-01 18:24:48.377006: Pseudo dice [np.float32(0.7032)]
2026-07-01 18:24:48.377179: Epoch time: 44.79 s
2026-07-01 18:24:50.130204: 
2026-07-01 18:24:50.130814: Epoch 97
2026-07-01 18:24:50.131089: Current learning rate: 0.00643
2026-07-01 18:25:34.853837: train_loss -0.3705
2026-07-01 18:25:34.854289: val_loss -0.1673
2026-07-01 18:25:34.854447: Pseudo dice [np.float32(0.6711)]
2026-07-01 18:25:34.854624: Epoch time: 44.73 s
2026-07-01 18:25:36.609113: 
2026-07-01 18:25:36.609528: Epoch 98
2026-07-01 18:25:36.609740: Current learning rate: 0.00639
2026-07-01 18:26:21.499930: train_loss -0.3553
2026-07-01 18:26:21.501437: val_loss -0.2725
2026-07-01 18:26:21.501604: Pseudo dice [np.float32(0.6889)]
2026-07-01 18:26:21.501843: Epoch time: 44.89 s
2026-07-01 18:26:23.264652: 
2026-07-01 18:26:23.265049: Epoch 99
2026-07-01 18:26:23.265315: Current learning rate: 0.00635
2026-07-01 18:27:08.115509: train_loss -0.3765
2026-07-01 18:27:08.115995: val_loss -0.329
2026-07-01 18:27:08.116167: Pseudo dice [np.float32(0.7521)]
2026-07-01 18:27:08.116349: Epoch time: 44.85 s
2026-07-01 18:27:10.451269: 
2026-07-01 18:27:10.451607: Epoch 100
2026-07-01 18:27:10.451787: Current learning rate: 0.00631
2026-07-01 18:27:55.267630: train_loss -0.3957
2026-07-01 18:27:55.268040: val_loss -0.2762
2026-07-01 18:27:55.268184: Pseudo dice [np.float32(0.7276)]
2026-07-01 18:27:55.268348: Epoch time: 44.82 s
2026-07-01 18:27:57.022421: 
2026-07-01 18:27:57.022706: Epoch 101
2026-07-01 18:27:57.022896: Current learning rate: 0.00628
2026-07-01 18:28:41.685003: train_loss -0.3778
2026-07-01 18:28:41.685438: val_loss -0.1801
2026-07-01 18:28:41.685581: Pseudo dice [np.float32(0.7033)]
2026-07-01 18:28:41.685750: Epoch time: 44.67 s
2026-07-01 18:28:43.447953: 
2026-07-01 18:28:43.448392: Epoch 102
2026-07-01 18:28:43.448606: Current learning rate: 0.00624
2026-07-01 18:29:28.362261: train_loss -0.3662
2026-07-01 18:29:28.362684: val_loss -0.302
2026-07-01 18:29:28.362833: Pseudo dice [np.float32(0.7348)]
2026-07-01 18:29:28.362998: Epoch time: 44.92 s
2026-07-01 18:29:30.591228: 
2026-07-01 18:29:30.591786: Epoch 103
2026-07-01 18:29:30.592599: Current learning rate: 0.0062
2026-07-01 18:30:15.518793: train_loss -0.3676
2026-07-01 18:30:15.519336: val_loss -0.2882
2026-07-01 18:30:15.519501: Pseudo dice [np.float32(0.7222)]
2026-07-01 18:30:15.519676: Epoch time: 44.93 s
2026-07-01 18:30:17.269600: 
2026-07-01 18:30:17.269984: Epoch 104
2026-07-01 18:30:17.270190: Current learning rate: 0.00616
2026-07-01 18:31:01.884154: train_loss -0.3706
2026-07-01 18:31:01.884705: val_loss -0.1941
2026-07-01 18:31:01.884863: Pseudo dice [np.float32(0.6643)]
2026-07-01 18:31:01.885064: Epoch time: 44.62 s
2026-07-01 18:31:03.649781: 
2026-07-01 18:31:03.650240: Epoch 105
2026-07-01 18:31:03.650426: Current learning rate: 0.00612
2026-07-01 18:31:48.215442: train_loss -0.3765
2026-07-01 18:31:48.215955: val_loss -0.235
2026-07-01 18:31:48.216099: Pseudo dice [np.float32(0.7046)]
2026-07-01 18:31:48.216273: Epoch time: 44.57 s
2026-07-01 18:31:49.972805: 
2026-07-01 18:31:49.973236: Epoch 106
2026-07-01 18:31:49.973404: Current learning rate: 0.00609
2026-07-01 18:32:34.650463: train_loss -0.3782
2026-07-01 18:32:34.651010: val_loss -0.1022
2026-07-01 18:32:34.651172: Pseudo dice [np.float32(0.6286)]
2026-07-01 18:32:34.651350: Epoch time: 44.68 s
2026-07-01 18:32:36.416734: 
2026-07-01 18:32:36.417116: Epoch 107
2026-07-01 18:32:36.417293: Current learning rate: 0.00605
2026-07-01 18:33:20.974893: train_loss -0.3748
2026-07-01 18:33:20.975297: val_loss -0.3011
2026-07-01 18:33:20.975443: Pseudo dice [np.float32(0.7438)]
2026-07-01 18:33:20.975612: Epoch time: 44.56 s
2026-07-01 18:33:22.750702: 
2026-07-01 18:33:22.751247: Epoch 108
2026-07-01 18:33:22.751557: Current learning rate: 0.00601
2026-07-01 18:34:07.258974: train_loss -0.3811
2026-07-01 18:34:07.259362: val_loss -0.2846
2026-07-01 18:34:07.259513: Pseudo dice [np.float32(0.7379)]
2026-07-01 18:34:07.259679: Epoch time: 44.51 s
2026-07-01 18:34:09.037375: 
2026-07-01 18:34:09.037899: Epoch 109
2026-07-01 18:34:09.038121: Current learning rate: 0.00597
2026-07-01 18:34:53.624699: train_loss -0.3833
2026-07-01 18:34:53.625148: val_loss -0.1896
2026-07-01 18:34:53.625291: Pseudo dice [np.float32(0.7021)]
2026-07-01 18:34:53.625477: Epoch time: 44.59 s
2026-07-01 18:34:55.389951: 
2026-07-01 18:34:55.390336: Epoch 110
2026-07-01 18:34:55.391129: Current learning rate: 0.00593
2026-07-01 18:35:39.933745: train_loss -0.3736
2026-07-01 18:35:39.934286: val_loss -0.2875
2026-07-01 18:35:39.934434: Pseudo dice [np.float32(0.7218)]
2026-07-01 18:35:39.934605: Epoch time: 44.55 s
2026-07-01 18:35:41.698842: 
2026-07-01 18:35:41.699116: Epoch 111
2026-07-01 18:35:41.699303: Current learning rate: 0.0059
2026-07-01 18:36:26.180288: train_loss -0.3837
2026-07-01 18:36:26.180800: val_loss -0.2471
2026-07-01 18:36:26.180963: Pseudo dice [np.float32(0.6968)]
2026-07-01 18:36:26.181139: Epoch time: 44.48 s
2026-07-01 18:36:28.260682: 
2026-07-01 18:36:28.261111: Epoch 112
2026-07-01 18:36:28.261273: Current learning rate: 0.00586
2026-07-01 18:37:12.667915: train_loss -0.3771
2026-07-01 18:37:12.669133: val_loss -0.2961
2026-07-01 18:37:12.669331: Pseudo dice [np.float32(0.7554)]
2026-07-01 18:37:12.669514: Epoch time: 44.41 s
2026-07-01 18:37:14.412295: 
2026-07-01 18:37:14.412627: Epoch 113
2026-07-01 18:37:14.412843: Current learning rate: 0.00582
2026-07-01 18:37:58.840785: train_loss -0.3773
2026-07-01 18:37:58.841214: val_loss -0.2271
2026-07-01 18:37:58.841357: Pseudo dice [np.float32(0.6873)]
2026-07-01 18:37:58.841534: Epoch time: 44.43 s
2026-07-01 18:38:00.588049: 
2026-07-01 18:38:00.588500: Epoch 114
2026-07-01 18:38:00.588684: Current learning rate: 0.00578
2026-07-01 18:38:45.126460: train_loss -0.3725
2026-07-01 18:38:45.126911: val_loss -0.1752
2026-07-01 18:38:45.127054: Pseudo dice [np.float32(0.6713)]
2026-07-01 18:38:45.127227: Epoch time: 44.54 s
2026-07-01 18:38:46.877388: 
2026-07-01 18:38:46.877801: Epoch 115
2026-07-01 18:38:46.878071: Current learning rate: 0.00574
2026-07-01 18:39:31.439845: train_loss -0.378
2026-07-01 18:39:31.440330: val_loss -0.293
2026-07-01 18:39:31.440506: Pseudo dice [np.float32(0.7254)]
2026-07-01 18:39:31.440678: Epoch time: 44.57 s
2026-07-01 18:39:33.194623: 
2026-07-01 18:39:33.195076: Epoch 116
2026-07-01 18:39:33.195266: Current learning rate: 0.0057
2026-07-01 18:40:17.809950: train_loss -0.3933
2026-07-01 18:40:17.810449: val_loss -0.2524
2026-07-01 18:40:17.810598: Pseudo dice [np.float32(0.7133)]
2026-07-01 18:40:17.810778: Epoch time: 44.62 s
2026-07-01 18:40:19.571248: 
2026-07-01 18:40:19.571681: Epoch 117
2026-07-01 18:40:19.571865: Current learning rate: 0.00567
2026-07-01 18:41:04.006655: train_loss -0.4015
2026-07-01 18:41:04.007155: val_loss -0.2841
2026-07-01 18:41:04.007297: Pseudo dice [np.float32(0.747)]
2026-07-01 18:41:04.007474: Epoch time: 44.44 s
2026-07-01 18:41:05.768349: 
2026-07-01 18:41:05.768695: Epoch 118
2026-07-01 18:41:05.768971: Current learning rate: 0.00563
2026-07-01 18:41:50.437503: train_loss -0.3651
2026-07-01 18:41:50.438074: val_loss -0.1897
2026-07-01 18:41:50.438221: Pseudo dice [np.float32(0.6684)]
2026-07-01 18:41:50.438399: Epoch time: 44.67 s
2026-07-01 18:41:52.205182: 
2026-07-01 18:41:52.205626: Epoch 119
2026-07-01 18:41:52.205952: Current learning rate: 0.00559
2026-07-01 18:42:37.076393: train_loss -0.3915
2026-07-01 18:42:37.076913: val_loss -0.1492
2026-07-01 18:42:37.077070: Pseudo dice [np.float32(0.6483)]
2026-07-01 18:42:37.077239: Epoch time: 44.87 s
2026-07-01 18:42:38.830684: 
2026-07-01 18:42:38.831069: Epoch 120
2026-07-01 18:42:38.831278: Current learning rate: 0.00555
2026-07-01 18:43:23.681942: train_loss -0.3866
2026-07-01 18:43:23.682486: val_loss -0.2266
2026-07-01 18:43:23.682642: Pseudo dice [np.float32(0.7017)]
2026-07-01 18:43:23.682817: Epoch time: 44.85 s
2026-07-01 18:43:25.794803: 
2026-07-01 18:43:25.795281: Epoch 121
2026-07-01 18:43:25.795561: Current learning rate: 0.00551
2026-07-01 18:44:10.775012: train_loss -0.3817
2026-07-01 18:44:10.775523: val_loss -0.2413
2026-07-01 18:44:10.775666: Pseudo dice [np.float32(0.7069)]
2026-07-01 18:44:10.775831: Epoch time: 44.98 s
2026-07-01 18:44:12.533633: 
2026-07-01 18:44:12.534058: Epoch 122
2026-07-01 18:44:12.534439: Current learning rate: 0.00547
2026-07-01 18:44:57.468322: train_loss -0.3961
2026-07-01 18:44:57.468902: val_loss -0.1645
2026-07-01 18:44:57.469045: Pseudo dice [np.float32(0.67)]
2026-07-01 18:44:57.469218: Epoch time: 44.94 s
2026-07-01 18:44:59.234609: 
2026-07-01 18:44:59.234991: Epoch 123
2026-07-01 18:44:59.235180: Current learning rate: 0.00544
2026-07-01 18:45:44.205548: train_loss -0.3976
2026-07-01 18:45:44.206083: val_loss -0.1525
2026-07-01 18:45:44.206240: Pseudo dice [np.float32(0.6818)]
2026-07-01 18:45:44.206417: Epoch time: 44.97 s
2026-07-01 18:45:45.969266: 
2026-07-01 18:45:45.969824: Epoch 124
2026-07-01 18:45:45.970015: Current learning rate: 0.0054
2026-07-01 18:46:30.917774: train_loss -0.4076
2026-07-01 18:46:30.918349: val_loss -0.234
2026-07-01 18:46:30.918499: Pseudo dice [np.float32(0.7144)]
2026-07-01 18:46:30.918665: Epoch time: 44.95 s
2026-07-01 18:46:32.691523: 
2026-07-01 18:46:32.692005: Epoch 125
2026-07-01 18:46:32.692296: Current learning rate: 0.00536
2026-07-01 18:47:17.489418: train_loss -0.3707
2026-07-01 18:47:17.489958: val_loss -0.1895
2026-07-01 18:47:17.490117: Pseudo dice [np.float32(0.67)]
2026-07-01 18:47:17.490294: Epoch time: 44.8 s
2026-07-01 18:47:19.250614: 
2026-07-01 18:47:19.251162: Epoch 126
2026-07-01 18:47:19.251511: Current learning rate: 0.00532
2026-07-01 18:48:03.974806: train_loss -0.3659
2026-07-01 18:48:03.975638: val_loss -0.2354
2026-07-01 18:48:03.975895: Pseudo dice [np.float32(0.7004)]
2026-07-01 18:48:03.976189: Epoch time: 44.73 s
2026-07-01 18:48:05.743455: 
2026-07-01 18:48:05.744105: Epoch 127
2026-07-01 18:48:05.744432: Current learning rate: 0.00528
2026-07-01 18:48:50.704371: train_loss -0.3902
2026-07-01 18:48:50.704892: val_loss -0.301
2026-07-01 18:48:50.705044: Pseudo dice [np.float32(0.7364)]
2026-07-01 18:48:50.705215: Epoch time: 44.96 s
2026-07-01 18:48:52.475816: 
2026-07-01 18:48:52.476201: Epoch 128
2026-07-01 18:48:52.476479: Current learning rate: 0.00524
2026-07-01 18:49:37.423623: train_loss -0.3788
2026-07-01 18:49:37.423973: val_loss -0.2942
2026-07-01 18:49:37.424114: Pseudo dice [np.float32(0.7139)]
2026-07-01 18:49:37.424281: Epoch time: 44.95 s
2026-07-01 18:49:39.184806: 
2026-07-01 18:49:39.185236: Epoch 129
2026-07-01 18:49:39.185462: Current learning rate: 0.0052
2026-07-01 18:50:23.954190: train_loss -0.3818
2026-07-01 18:50:23.954653: val_loss -0.2774
2026-07-01 18:50:23.954814: Pseudo dice [np.float32(0.7233)]
2026-07-01 18:50:23.954984: Epoch time: 44.77 s
2026-07-01 18:50:26.060249: 
2026-07-01 18:50:26.060770: Epoch 130
2026-07-01 18:50:26.060944: Current learning rate: 0.00517
2026-07-01 18:51:10.730301: train_loss -0.3855
2026-07-01 18:51:10.730918: val_loss -0.358
2026-07-01 18:51:10.731072: Pseudo dice [np.float32(0.7669)]
2026-07-01 18:51:10.731242: Epoch time: 44.67 s
2026-07-01 18:51:12.516494: 
2026-07-01 18:51:12.516973: Epoch 131
2026-07-01 18:51:12.517159: Current learning rate: 0.00513
2026-07-01 18:51:57.076669: train_loss -0.4067
2026-07-01 18:51:57.077121: val_loss -0.1827
2026-07-01 18:51:57.077269: Pseudo dice [np.float32(0.679)]
2026-07-01 18:51:57.077443: Epoch time: 44.56 s
2026-07-01 18:51:58.846318: 
2026-07-01 18:51:58.846741: Epoch 132
2026-07-01 18:51:58.847025: Current learning rate: 0.00509
2026-07-01 18:52:43.452857: train_loss -0.3698
2026-07-01 18:52:43.453358: val_loss -0.1605
2026-07-01 18:52:43.453509: Pseudo dice [np.float32(0.6741)]
2026-07-01 18:52:43.453676: Epoch time: 44.61 s
2026-07-01 18:52:45.232563: 
2026-07-01 18:52:45.233072: Epoch 133
2026-07-01 18:52:45.233343: Current learning rate: 0.00505
2026-07-01 18:53:29.886779: train_loss -0.3921
2026-07-01 18:53:29.887316: val_loss -0.2316
2026-07-01 18:53:29.887479: Pseudo dice [np.float32(0.7104)]
2026-07-01 18:53:29.887655: Epoch time: 44.66 s
2026-07-01 18:53:31.672327: 
2026-07-01 18:53:31.672748: Epoch 134
2026-07-01 18:53:31.673020: Current learning rate: 0.00501
2026-07-01 18:54:16.396523: train_loss -0.3833
2026-07-01 18:54:16.396919: val_loss -0.1501
2026-07-01 18:54:16.397071: Pseudo dice [np.float32(0.6771)]
2026-07-01 18:54:16.397244: Epoch time: 44.73 s
2026-07-01 18:54:18.180608: 
2026-07-01 18:54:18.181184: Epoch 135
2026-07-01 18:54:18.181499: Current learning rate: 0.00497
2026-07-01 18:55:02.796240: train_loss -0.3968
2026-07-01 18:55:02.796787: val_loss -0.21
2026-07-01 18:55:02.796932: Pseudo dice [np.float32(0.713)]
2026-07-01 18:55:02.797106: Epoch time: 44.62 s
2026-07-01 18:55:04.577970: 
2026-07-01 18:55:04.578364: Epoch 136
2026-07-01 18:55:04.578571: Current learning rate: 0.00493
2026-07-01 18:55:49.200405: train_loss -0.3901
2026-07-01 18:55:49.200865: val_loss -0.106
2026-07-01 18:55:49.201008: Pseudo dice [np.float32(0.6415)]
2026-07-01 18:55:49.201177: Epoch time: 44.63 s
2026-07-01 18:55:50.983530: 
2026-07-01 18:55:50.983971: Epoch 137
2026-07-01 18:55:50.984159: Current learning rate: 0.00489
2026-07-01 18:56:35.487875: train_loss -0.3881
2026-07-01 18:56:35.488331: val_loss -0.2011
2026-07-01 18:56:35.489069: Pseudo dice [np.float32(0.7098)]
2026-07-01 18:56:35.489248: Epoch time: 44.51 s
2026-07-01 18:56:37.632463: 
2026-07-01 18:56:37.632873: Epoch 138
2026-07-01 18:56:37.633062: Current learning rate: 0.00485
2026-07-01 18:57:22.234748: train_loss -0.3887
2026-07-01 18:57:22.235261: val_loss -0.2877
2026-07-01 18:57:22.235424: Pseudo dice [np.float32(0.7521)]
2026-07-01 18:57:22.235592: Epoch time: 44.61 s
2026-07-01 18:57:24.026640: 
2026-07-01 18:57:24.027109: Epoch 139
2026-07-01 18:57:24.027434: Current learning rate: 0.00482
2026-07-01 18:58:08.567800: train_loss -0.3863
2026-07-01 18:58:08.568353: val_loss -0.2964
2026-07-01 18:58:08.568518: Pseudo dice [np.float32(0.7481)]
2026-07-01 18:58:08.568691: Epoch time: 44.54 s
2026-07-01 18:58:10.365603: 
2026-07-01 18:58:10.366165: Epoch 140
2026-07-01 18:58:10.366467: Current learning rate: 0.00478
2026-07-01 18:58:54.893888: train_loss -0.3915
2026-07-01 18:58:54.894619: val_loss -0.2703
2026-07-01 18:58:54.894789: Pseudo dice [np.float32(0.7293)]
2026-07-01 18:58:54.894970: Epoch time: 44.53 s
2026-07-01 18:58:56.720976: 
2026-07-01 18:58:56.721452: Epoch 141
2026-07-01 18:58:56.721622: Current learning rate: 0.00474
2026-07-01 18:59:41.354229: train_loss -0.394
2026-07-01 18:59:41.354801: val_loss -0.2008
2026-07-01 18:59:41.354939: Pseudo dice [np.float32(0.6819)]
2026-07-01 18:59:41.355117: Epoch time: 44.64 s
2026-07-01 18:59:43.143579: 
2026-07-01 18:59:43.144017: Epoch 142
2026-07-01 18:59:43.144307: Current learning rate: 0.0047
2026-07-01 19:00:27.814376: train_loss -0.3986
2026-07-01 19:00:27.814854: val_loss -0.2654
2026-07-01 19:00:27.814997: Pseudo dice [np.float32(0.7267)]
2026-07-01 19:00:27.815406: Epoch time: 44.67 s
2026-07-01 19:00:29.621880: 
2026-07-01 19:00:29.622407: Epoch 143
2026-07-01 19:00:29.622727: Current learning rate: 0.00466
2026-07-01 19:01:14.198250: train_loss -0.3991
2026-07-01 19:01:14.198750: val_loss -0.2341
2026-07-01 19:01:14.198906: Pseudo dice [np.float32(0.7091)]
2026-07-01 19:01:14.199077: Epoch time: 44.58 s
2026-07-01 19:01:15.990196: 
2026-07-01 19:01:15.990744: Epoch 144
2026-07-01 19:01:15.991060: Current learning rate: 0.00462
2026-07-01 19:02:00.766662: train_loss -0.3979
2026-07-01 19:02:00.767074: val_loss -0.3437
2026-07-01 19:02:00.767209: Pseudo dice [np.float32(0.7544)]
2026-07-01 19:02:00.767375: Epoch time: 44.78 s
2026-07-01 19:02:02.566002: 
2026-07-01 19:02:02.566548: Epoch 145
2026-07-01 19:02:02.566833: Current learning rate: 0.00458
2026-07-01 19:02:47.088967: train_loss -0.3978
2026-07-01 19:02:47.089473: val_loss -0.2154
2026-07-01 19:02:47.089636: Pseudo dice [np.float32(0.7125)]
2026-07-01 19:02:47.089810: Epoch time: 44.53 s
2026-07-01 19:02:48.871758: 
2026-07-01 19:02:48.872062: Epoch 146
2026-07-01 19:02:48.872235: Current learning rate: 0.00454
2026-07-01 19:03:33.373119: train_loss -0.4147
2026-07-01 19:03:33.373658: val_loss -0.324
2026-07-01 19:03:33.373801: Pseudo dice [np.float32(0.7329)]
2026-07-01 19:03:33.373968: Epoch time: 44.5 s
2026-07-01 19:03:35.520420: 
2026-07-01 19:03:35.520829: Epoch 147
2026-07-01 19:03:35.521004: Current learning rate: 0.0045
2026-07-01 19:04:20.027691: train_loss -0.3939
2026-07-01 19:04:20.028179: val_loss -0.2109
2026-07-01 19:04:20.028337: Pseudo dice [np.float32(0.701)]
2026-07-01 19:04:20.028518: Epoch time: 44.51 s
2026-07-01 19:04:21.819853: 
2026-07-01 19:04:21.820285: Epoch 148
2026-07-01 19:04:21.820467: Current learning rate: 0.00446
2026-07-01 19:05:06.451090: train_loss -0.4082
2026-07-01 19:05:06.451502: val_loss -0.3426
2026-07-01 19:05:06.451642: Pseudo dice [np.float32(0.7624)]
2026-07-01 19:05:06.451810: Epoch time: 44.63 s
2026-07-01 19:05:08.250878: 
2026-07-01 19:05:08.251819: Epoch 149
2026-07-01 19:05:08.252136: Current learning rate: 0.00442
2026-07-01 19:05:52.789992: train_loss -0.4025
2026-07-01 19:05:52.790454: val_loss -0.2777
2026-07-01 19:05:52.790595: Pseudo dice [np.float32(0.7487)]
2026-07-01 19:05:52.790767: Epoch time: 44.54 s
2026-07-01 19:05:55.089893: 
2026-07-01 19:05:55.090309: Epoch 150
2026-07-01 19:05:55.090501: Current learning rate: 0.00438
2026-07-01 19:06:39.644085: train_loss -0.4072
2026-07-01 19:06:39.644659: val_loss -0.2282
2026-07-01 19:06:39.644804: Pseudo dice [np.float32(0.7158)]
2026-07-01 19:06:39.644975: Epoch time: 44.56 s
2026-07-01 19:06:41.448142: 
2026-07-01 19:06:41.449006: Epoch 151
2026-07-01 19:06:41.449395: Current learning rate: 0.00434
2026-07-01 19:07:26.143513: train_loss -0.4003
2026-07-01 19:07:26.144137: val_loss -0.1629
2026-07-01 19:07:26.144295: Pseudo dice [np.float32(0.6774)]
2026-07-01 19:07:26.144477: Epoch time: 44.7 s
2026-07-01 19:07:27.941250: 
2026-07-01 19:07:27.941628: Epoch 152
2026-07-01 19:07:27.941806: Current learning rate: 0.0043
2026-07-01 19:08:12.639234: train_loss -0.4017
2026-07-01 19:08:12.639682: val_loss -0.2135
2026-07-01 19:08:12.639829: Pseudo dice [np.float32(0.701)]
2026-07-01 19:08:12.639998: Epoch time: 44.7 s
2026-07-01 19:08:14.439427: 
2026-07-01 19:08:14.439836: Epoch 153
2026-07-01 19:08:14.440099: Current learning rate: 0.00427
2026-07-01 19:08:59.003591: train_loss -0.4012
2026-07-01 19:08:59.004038: val_loss -0.2804
2026-07-01 19:08:59.004180: Pseudo dice [np.float32(0.7423)]
2026-07-01 19:08:59.004346: Epoch time: 44.57 s
2026-07-01 19:09:00.816068: 
2026-07-01 19:09:00.816487: Epoch 154
2026-07-01 19:09:00.816674: Current learning rate: 0.00423
2026-07-01 19:09:45.421823: train_loss -0.4054
2026-07-01 19:09:45.422307: val_loss -0.2156
2026-07-01 19:09:45.422458: Pseudo dice [np.float32(0.706)]
2026-07-01 19:09:45.422629: Epoch time: 44.61 s
2026-07-01 19:09:47.581090: 
2026-07-01 19:09:47.581501: Epoch 155
2026-07-01 19:09:47.581663: Current learning rate: 0.00419
2026-07-01 19:10:32.095546: train_loss -0.3996
2026-07-01 19:10:32.096007: val_loss -0.2577
2026-07-01 19:10:32.096155: Pseudo dice [np.float32(0.73)]
2026-07-01 19:10:32.096342: Epoch time: 44.52 s
2026-07-01 19:10:33.918578: 
2026-07-01 19:10:33.918986: Epoch 156
2026-07-01 19:10:33.919293: Current learning rate: 0.00415
2026-07-01 19:11:18.503892: train_loss -0.4066
2026-07-01 19:11:18.504423: val_loss -0.381
2026-07-01 19:11:18.504573: Pseudo dice [np.float32(0.7764)]
2026-07-01 19:11:18.504746: Epoch time: 44.59 s
2026-07-01 19:11:20.338516: 
2026-07-01 19:11:20.338922: Epoch 157
2026-07-01 19:11:20.339209: Current learning rate: 0.00411
2026-07-01 19:12:05.007378: train_loss -0.3922
2026-07-01 19:12:05.007838: val_loss -0.2224
2026-07-01 19:12:05.008001: Pseudo dice [np.float32(0.7188)]
2026-07-01 19:12:05.008173: Epoch time: 44.67 s
2026-07-01 19:12:06.821136: 
2026-07-01 19:12:06.821559: Epoch 158
2026-07-01 19:12:06.821749: Current learning rate: 0.00407
2026-07-01 19:12:51.420502: train_loss -0.3954
2026-07-01 19:12:51.421038: val_loss -0.1948
2026-07-01 19:12:51.421178: Pseudo dice [np.float32(0.6662)]
2026-07-01 19:12:51.421342: Epoch time: 44.6 s
2026-07-01 19:12:53.242903: 
2026-07-01 19:12:53.243318: Epoch 159
2026-07-01 19:12:53.243501: Current learning rate: 0.00403
2026-07-01 19:13:37.744128: train_loss -0.4029
2026-07-01 19:13:37.744540: val_loss -0.2391
2026-07-01 19:13:37.744679: Pseudo dice [np.float32(0.7374)]
2026-07-01 19:13:37.744842: Epoch time: 44.5 s
2026-07-01 19:13:39.558212: 
2026-07-01 19:13:39.558534: Epoch 160
2026-07-01 19:13:39.558721: Current learning rate: 0.00399
2026-07-01 19:14:24.192792: train_loss -0.3858
2026-07-01 19:14:24.193365: val_loss -0.2374
2026-07-01 19:14:24.193529: Pseudo dice [np.float32(0.7108)]
2026-07-01 19:14:24.193709: Epoch time: 44.64 s
2026-07-01 19:14:26.014668: 
2026-07-01 19:14:26.015103: Epoch 161
2026-07-01 19:14:26.015308: Current learning rate: 0.00395
2026-07-01 19:15:10.608881: train_loss -0.3927
2026-07-01 19:15:10.609460: val_loss -0.3005
2026-07-01 19:15:10.609606: Pseudo dice [np.float32(0.7461)]
2026-07-01 19:15:10.609775: Epoch time: 44.6 s
2026-07-01 19:15:12.426598: 
2026-07-01 19:15:12.426980: Epoch 162
2026-07-01 19:15:12.427274: Current learning rate: 0.00391
2026-07-01 19:15:56.996268: train_loss -0.401
2026-07-01 19:15:56.996809: val_loss -0.2764
2026-07-01 19:15:56.996946: Pseudo dice [np.float32(0.7471)]
2026-07-01 19:15:56.997662: Epoch time: 44.57 s
2026-07-01 19:15:59.192307: 
2026-07-01 19:15:59.192951: Epoch 163
2026-07-01 19:15:59.193237: Current learning rate: 0.00387
2026-07-01 19:16:43.734971: train_loss -0.3824
2026-07-01 19:16:43.735575: val_loss -0.1299
2026-07-01 19:16:43.735734: Pseudo dice [np.float32(0.6431)]
2026-07-01 19:16:43.735919: Epoch time: 44.55 s
2026-07-01 19:16:45.560323: 
2026-07-01 19:16:45.560742: Epoch 164
2026-07-01 19:16:45.561001: Current learning rate: 0.00383
2026-07-01 19:17:30.226079: train_loss -0.4122
2026-07-01 19:17:30.226517: val_loss -0.0806
2026-07-01 19:17:30.226656: Pseudo dice [np.float32(0.6481)]
2026-07-01 19:17:30.226832: Epoch time: 44.67 s
2026-07-01 19:17:32.025363: 
2026-07-01 19:17:32.025805: Epoch 165
2026-07-01 19:17:32.026054: Current learning rate: 0.00379
2026-07-01 19:18:16.606244: train_loss -0.391
2026-07-01 19:18:16.606735: val_loss -0.2466
2026-07-01 19:18:16.606892: Pseudo dice [np.float32(0.7214)]
2026-07-01 19:18:16.607061: Epoch time: 44.58 s
2026-07-01 19:18:18.407187: 
2026-07-01 19:18:18.407598: Epoch 166
2026-07-01 19:18:18.407763: Current learning rate: 0.00375
2026-07-01 19:19:02.982229: train_loss -0.4109
2026-07-01 19:19:02.982636: val_loss -0.223
2026-07-01 19:19:02.982775: Pseudo dice [np.float32(0.6941)]
2026-07-01 19:19:02.982941: Epoch time: 44.58 s
2026-07-01 19:19:04.780384: 
2026-07-01 19:19:04.780724: Epoch 167
2026-07-01 19:19:04.780964: Current learning rate: 0.00371
2026-07-01 19:19:49.448141: train_loss -0.3998
2026-07-01 19:19:49.448739: val_loss -0.3235
2026-07-01 19:19:49.448889: Pseudo dice [np.float32(0.748)]
2026-07-01 19:19:49.449064: Epoch time: 44.67 s
2026-07-01 19:19:51.260225: 
2026-07-01 19:19:51.260683: Epoch 168
2026-07-01 19:19:51.260923: Current learning rate: 0.00367
2026-07-01 19:20:35.761700: train_loss -0.4104
2026-07-01 19:20:35.762303: val_loss -0.2325
2026-07-01 19:20:35.762454: Pseudo dice [np.float32(0.7383)]
2026-07-01 19:20:35.762629: Epoch time: 44.5 s
2026-07-01 19:20:37.573171: 
2026-07-01 19:20:37.573684: Epoch 169
2026-07-01 19:20:37.574004: Current learning rate: 0.00363
2026-07-01 19:21:22.162475: train_loss -0.4074
2026-07-01 19:21:22.163052: val_loss -0.2072
2026-07-01 19:21:22.163239: Pseudo dice [np.float32(0.7234)]
2026-07-01 19:21:22.163427: Epoch time: 44.59 s
2026-07-01 19:21:24.003496: 
2026-07-01 19:21:24.003986: Epoch 170
2026-07-01 19:21:24.004289: Current learning rate: 0.00359
2026-07-01 19:22:08.616123: train_loss -0.4205
2026-07-01 19:22:08.616609: val_loss -0.3096
2026-07-01 19:22:08.616752: Pseudo dice [np.float32(0.7367)]
2026-07-01 19:22:08.616919: Epoch time: 44.62 s
2026-07-01 19:22:10.430084: 
2026-07-01 19:22:10.430464: Epoch 171
2026-07-01 19:22:10.430745: Current learning rate: 0.00355
2026-07-01 19:22:55.275455: train_loss -0.3919
2026-07-01 19:22:55.275928: val_loss -0.3807
2026-07-01 19:22:55.276069: Pseudo dice [np.float32(0.7887)]
2026-07-01 19:22:55.276240: Epoch time: 44.85 s
2026-07-01 19:22:57.446698: 
2026-07-01 19:22:57.447180: Epoch 172
2026-07-01 19:22:57.447407: Current learning rate: 0.00351
2026-07-01 19:23:41.978586: train_loss -0.4095
2026-07-01 19:23:41.979294: val_loss -0.2235
2026-07-01 19:23:41.979441: Pseudo dice [np.float32(0.7093)]
2026-07-01 19:23:41.979618: Epoch time: 44.54 s
2026-07-01 19:23:43.794126: 
2026-07-01 19:23:43.794769: Epoch 173
2026-07-01 19:23:43.795100: Current learning rate: 0.00346
2026-07-01 19:24:28.346677: train_loss -0.4251
2026-07-01 19:24:28.347096: val_loss -0.3527
2026-07-01 19:24:28.347233: Pseudo dice [np.float32(0.7696)]
2026-07-01 19:24:28.347406: Epoch time: 44.56 s
2026-07-01 19:24:30.168299: 
2026-07-01 19:24:30.168710: Epoch 174
2026-07-01 19:24:30.169000: Current learning rate: 0.00342
2026-07-01 19:25:14.954891: train_loss -0.4066
2026-07-01 19:25:14.955301: val_loss -0.2862
2026-07-01 19:25:14.955456: Pseudo dice [np.float32(0.7276)]
2026-07-01 19:25:14.955622: Epoch time: 44.79 s
2026-07-01 19:25:16.767166: 
2026-07-01 19:25:16.767738: Epoch 175
2026-07-01 19:25:16.768028: Current learning rate: 0.00338
2026-07-01 19:26:01.322775: train_loss -0.409
2026-07-01 19:26:01.323525: val_loss -0.2238
2026-07-01 19:26:01.323933: Pseudo dice [np.float32(0.7055)]
2026-07-01 19:26:01.324211: Epoch time: 44.56 s
2026-07-01 19:26:03.142053: 
2026-07-01 19:26:03.142512: Epoch 176
2026-07-01 19:26:03.142795: Current learning rate: 0.00334
2026-07-01 19:26:47.779219: train_loss -0.3846
2026-07-01 19:26:47.779615: val_loss -0.4109
2026-07-01 19:26:47.779760: Pseudo dice [np.float32(0.788)]
2026-07-01 19:26:47.779927: Epoch time: 44.64 s
2026-07-01 19:26:47.780055: Yayy! New best EMA pseudo Dice: 0.7321000099182129
2026-07-01 19:26:50.128897: 
2026-07-01 19:26:50.129313: Epoch 177
2026-07-01 19:26:50.129489: Current learning rate: 0.0033
2026-07-01 19:27:34.676548: train_loss -0.3895
2026-07-01 19:27:34.676948: val_loss -0.2561
2026-07-01 19:27:34.677082: Pseudo dice [np.float32(0.7246)]
2026-07-01 19:27:34.677246: Epoch time: 44.55 s
2026-07-01 19:27:36.512041: 
2026-07-01 19:27:36.512469: Epoch 178
2026-07-01 19:27:36.512737: Current learning rate: 0.00326
2026-07-01 19:28:21.166731: train_loss -0.4019
2026-07-01 19:28:21.167218: val_loss -0.1981
2026-07-01 19:28:21.167369: Pseudo dice [np.float32(0.7108)]
2026-07-01 19:28:21.167562: Epoch time: 44.66 s
2026-07-01 19:28:22.994205: 
2026-07-01 19:28:22.994650: Epoch 179
2026-07-01 19:28:22.994931: Current learning rate: 0.00322
2026-07-01 19:29:07.466486: train_loss -0.405
2026-07-01 19:29:07.466910: val_loss -0.198
2026-07-01 19:29:07.467052: Pseudo dice [np.float32(0.7094)]
2026-07-01 19:29:07.467218: Epoch time: 44.48 s
2026-07-01 19:29:09.626575: 
2026-07-01 19:29:09.626996: Epoch 180
2026-07-01 19:29:09.627166: Current learning rate: 0.00318
2026-07-01 19:29:54.201823: train_loss -0.4094
2026-07-01 19:29:54.202320: val_loss -0.3513
2026-07-01 19:29:54.202487: Pseudo dice [np.float32(0.7679)]
2026-07-01 19:29:54.202657: Epoch time: 44.58 s
2026-07-01 19:29:56.025105: 
2026-07-01 19:29:56.025664: Epoch 181
2026-07-01 19:29:56.025964: Current learning rate: 0.00314
2026-07-01 19:30:40.653235: train_loss -0.42
2026-07-01 19:30:40.653646: val_loss -0.1934
2026-07-01 19:30:40.653881: Pseudo dice [np.float32(0.6876)]
2026-07-01 19:30:40.654060: Epoch time: 44.63 s
2026-07-01 19:30:42.486625: 
2026-07-01 19:30:42.486966: Epoch 182
2026-07-01 19:30:42.487245: Current learning rate: 0.0031
2026-07-01 19:31:27.179363: train_loss -0.4279
2026-07-01 19:31:27.179904: val_loss -0.2577
2026-07-01 19:31:27.180069: Pseudo dice [np.float32(0.7158)]
2026-07-01 19:31:27.180250: Epoch time: 44.7 s
2026-07-01 19:31:29.007757: 
2026-07-01 19:31:29.008301: Epoch 183
2026-07-01 19:31:29.008620: Current learning rate: 0.00306
2026-07-01 19:32:13.690523: train_loss -0.4123
2026-07-01 19:32:13.691019: val_loss -0.2078
2026-07-01 19:32:13.691199: Pseudo dice [np.float32(0.708)]
2026-07-01 19:32:13.691375: Epoch time: 44.69 s
2026-07-01 19:32:15.514757: 
2026-07-01 19:32:15.515055: Epoch 184
2026-07-01 19:32:15.515236: Current learning rate: 0.00302
2026-07-01 19:33:00.085343: train_loss -0.4159
2026-07-01 19:33:00.085945: val_loss -0.269
2026-07-01 19:33:00.086085: Pseudo dice [np.float32(0.7447)]
2026-07-01 19:33:00.086252: Epoch time: 44.57 s
2026-07-01 19:33:01.911158: 
2026-07-01 19:33:01.911599: Epoch 185
2026-07-01 19:33:01.911855: Current learning rate: 0.00297
2026-07-01 19:33:46.523216: train_loss -0.4151
2026-07-01 19:33:46.523750: val_loss -0.1439
2026-07-01 19:33:46.523917: Pseudo dice [np.float32(0.6858)]
2026-07-01 19:33:46.524093: Epoch time: 44.62 s
2026-07-01 19:33:48.374236: 
2026-07-01 19:33:48.374648: Epoch 186
2026-07-01 19:33:48.374862: Current learning rate: 0.00293
2026-07-01 19:34:32.902940: train_loss -0.4268
2026-07-01 19:34:32.903431: val_loss -0.2862
2026-07-01 19:34:32.903584: Pseudo dice [np.float32(0.756)]
2026-07-01 19:34:32.903752: Epoch time: 44.53 s
2026-07-01 19:34:34.727279: 
2026-07-01 19:34:34.727762: Epoch 187
2026-07-01 19:34:34.728047: Current learning rate: 0.00289
2026-07-01 19:35:19.247449: train_loss -0.424
2026-07-01 19:35:19.248547: val_loss -0.3541
2026-07-01 19:35:19.248709: Pseudo dice [np.float32(0.763)]
2026-07-01 19:35:19.248879: Epoch time: 44.52 s
2026-07-01 19:35:21.411608: 
2026-07-01 19:35:21.412122: Epoch 188
2026-07-01 19:35:21.412403: Current learning rate: 0.00285
2026-07-01 19:36:05.832857: train_loss -0.4191
2026-07-01 19:36:05.833442: val_loss -0.3643
2026-07-01 19:36:05.833589: Pseudo dice [np.float32(0.7761)]
2026-07-01 19:36:05.833755: Epoch time: 44.42 s
2026-07-01 19:36:05.833888: Yayy! New best EMA pseudo Dice: 0.7339000105857849
2026-07-01 19:36:08.162549: 
2026-07-01 19:36:08.162980: Epoch 189
2026-07-01 19:36:08.163229: Current learning rate: 0.00281
2026-07-01 19:36:52.672931: train_loss -0.3962
2026-07-01 19:36:52.673481: val_loss -0.3339
2026-07-01 19:36:52.673628: Pseudo dice [np.float32(0.762)]
2026-07-01 19:36:52.673797: Epoch time: 44.51 s
2026-07-01 19:36:52.673923: Yayy! New best EMA pseudo Dice: 0.7366999983787537
2026-07-01 19:36:54.993856: 
2026-07-01 19:36:54.994306: Epoch 190
2026-07-01 19:36:54.994605: Current learning rate: 0.00277
2026-07-01 19:37:39.456149: train_loss -0.4192
2026-07-01 19:37:39.456694: val_loss -0.3455
2026-07-01 19:37:39.457009: Pseudo dice [np.float32(0.7659)]
2026-07-01 19:37:39.457181: Epoch time: 44.47 s
2026-07-01 19:37:39.457311: Yayy! New best EMA pseudo Dice: 0.7397000193595886
2026-07-01 19:37:41.780809: 
2026-07-01 19:37:41.781144: Epoch 191
2026-07-01 19:37:41.781396: Current learning rate: 0.00273
2026-07-01 19:38:26.335773: train_loss -0.4191
2026-07-01 19:38:26.336215: val_loss -0.3498
2026-07-01 19:38:26.336359: Pseudo dice [np.float32(0.7706)]
2026-07-01 19:38:26.336540: Epoch time: 44.56 s
2026-07-01 19:38:26.336664: Yayy! New best EMA pseudo Dice: 0.7427999973297119
2026-07-01 19:38:28.776592: 
2026-07-01 19:38:28.777013: Epoch 192
2026-07-01 19:38:28.777180: Current learning rate: 0.00268
2026-07-01 19:39:13.393985: train_loss -0.4131
2026-07-01 19:39:13.394585: val_loss -0.2697
2026-07-01 19:39:13.394724: Pseudo dice [np.float32(0.744)]
2026-07-01 19:39:13.394895: Epoch time: 44.62 s
2026-07-01 19:39:13.395023: Yayy! New best EMA pseudo Dice: 0.742900013923645
2026-07-01 19:39:15.844007: 
2026-07-01 19:39:15.844535: Epoch 193
2026-07-01 19:39:15.844809: Current learning rate: 0.00264
2026-07-01 19:40:00.405755: train_loss -0.421
2026-07-01 19:40:00.406308: val_loss -0.282
2026-07-01 19:40:00.406476: Pseudo dice [np.float32(0.7459)]
2026-07-01 19:40:00.406656: Epoch time: 44.57 s
2026-07-01 19:40:00.406785: Yayy! New best EMA pseudo Dice: 0.7432000041007996
2026-07-01 19:40:02.831175: 
2026-07-01 19:40:02.831703: Epoch 194
2026-07-01 19:40:02.831977: Current learning rate: 0.0026
2026-07-01 19:40:47.319670: train_loss -0.4238
2026-07-01 19:40:47.320217: val_loss -0.2173
2026-07-01 19:40:47.320358: Pseudo dice [np.float32(0.6992)]
2026-07-01 19:40:47.320544: Epoch time: 44.49 s
2026-07-01 19:40:49.168018: 
2026-07-01 19:40:49.168365: Epoch 195
2026-07-01 19:40:49.168564: Current learning rate: 0.00256
2026-07-01 19:41:33.601238: train_loss -0.4132
2026-07-01 19:41:33.601656: val_loss -0.1965
2026-07-01 19:41:33.601800: Pseudo dice [np.float32(0.6919)]
2026-07-01 19:41:33.601962: Epoch time: 44.44 s
2026-07-01 19:41:35.790149: 
2026-07-01 19:41:35.790590: Epoch 196
2026-07-01 19:41:35.790776: Current learning rate: 0.00252
2026-07-01 19:42:20.342374: train_loss -0.4046
2026-07-01 19:42:20.342795: val_loss -0.1753
2026-07-01 19:42:20.342937: Pseudo dice [np.float32(0.7016)]
2026-07-01 19:42:20.343155: Epoch time: 44.56 s
2026-07-01 19:42:22.192694: 
2026-07-01 19:42:22.193067: Epoch 197
2026-07-01 19:42:22.193329: Current learning rate: 0.00248
2026-07-01 19:43:06.708791: train_loss -0.4223
2026-07-01 19:43:06.709292: val_loss -0.2806
2026-07-01 19:43:06.709449: Pseudo dice [np.float32(0.7205)]
2026-07-01 19:43:06.709617: Epoch time: 44.52 s
2026-07-01 19:43:08.557520: 
2026-07-01 19:43:08.557942: Epoch 198
2026-07-01 19:43:08.558208: Current learning rate: 0.00243
2026-07-01 19:43:53.030856: train_loss -0.4183
2026-07-01 19:43:53.031284: val_loss -0.1759
2026-07-01 19:43:53.031432: Pseudo dice [np.float32(0.6774)]
2026-07-01 19:43:53.031605: Epoch time: 44.48 s
2026-07-01 19:43:54.868878: 
2026-07-01 19:43:54.869236: Epoch 199
2026-07-01 19:43:54.869410: Current learning rate: 0.00239
2026-07-01 19:44:39.403316: train_loss -0.4277
2026-07-01 19:44:39.403789: val_loss -0.2474
2026-07-01 19:44:39.403931: Pseudo dice [np.float32(0.7242)]
2026-07-01 19:44:39.404098: Epoch time: 44.54 s
2026-07-01 19:44:41.754331: 
2026-07-01 19:44:41.754783: Epoch 200
2026-07-01 19:44:41.755091: Current learning rate: 0.00235
2026-07-01 19:45:26.205693: train_loss -0.4388
2026-07-01 19:45:26.206201: val_loss -0.2694
2026-07-01 19:45:26.206334: Pseudo dice [np.float32(0.7128)]
2026-07-01 19:45:26.206514: Epoch time: 44.45 s
2026-07-01 19:45:28.069510: 
2026-07-01 19:45:28.069977: Epoch 201
2026-07-01 19:45:28.070211: Current learning rate: 0.00231
2026-07-01 19:46:12.491088: train_loss -0.4239
2026-07-01 19:46:12.491584: val_loss -0.3566
2026-07-01 19:46:12.491750: Pseudo dice [np.float32(0.7691)]
2026-07-01 19:46:12.491920: Epoch time: 44.42 s
2026-07-01 19:46:14.357647: 
2026-07-01 19:46:14.358068: Epoch 202
2026-07-01 19:46:14.358267: Current learning rate: 0.00226
2026-07-01 19:46:58.851732: train_loss -0.4146
2026-07-01 19:46:58.852252: val_loss -0.3923
2026-07-01 19:46:58.852404: Pseudo dice [np.float32(0.7642)]
2026-07-01 19:46:58.852578: Epoch time: 44.5 s
2026-07-01 19:47:01.045571: 
2026-07-01 19:47:01.045898: Epoch 203
2026-07-01 19:47:01.046082: Current learning rate: 0.00222
2026-07-01 19:47:45.715393: train_loss -0.4282
2026-07-01 19:47:45.715961: val_loss -0.1151
2026-07-01 19:47:45.716118: Pseudo dice [np.float32(0.6842)]
2026-07-01 19:47:45.716292: Epoch time: 44.67 s
2026-07-01 19:47:47.582802: 
2026-07-01 19:47:47.583234: Epoch 204
2026-07-01 19:47:47.583487: Current learning rate: 0.00218
2026-07-01 19:48:32.175019: train_loss -0.4138
2026-07-01 19:48:32.175505: val_loss -0.2213
2026-07-01 19:48:32.175653: Pseudo dice [np.float32(0.6952)]
2026-07-01 19:48:32.175822: Epoch time: 44.6 s
2026-07-01 19:48:34.052834: 
2026-07-01 19:48:34.053312: Epoch 205
2026-07-01 19:48:34.053647: Current learning rate: 0.00214
2026-07-01 19:49:18.773500: train_loss -0.4347
2026-07-01 19:49:18.774032: val_loss -0.1988
2026-07-01 19:49:18.774178: Pseudo dice [np.float32(0.7072)]
2026-07-01 19:49:18.774345: Epoch time: 44.72 s
2026-07-01 19:49:20.574962: 
2026-07-01 19:49:20.575340: Epoch 206
2026-07-01 19:49:20.575543: Current learning rate: 0.00209
2026-07-01 19:50:05.327354: train_loss -0.4246
2026-07-01 19:50:05.327816: val_loss -0.1967
2026-07-01 19:50:05.327991: Pseudo dice [np.float32(0.6993)]
2026-07-01 19:50:05.328162: Epoch time: 44.76 s
2026-07-01 19:50:07.144737: 
2026-07-01 19:50:07.145167: Epoch 207
2026-07-01 19:50:07.145449: Current learning rate: 0.00205
2026-07-01 19:50:51.749603: train_loss -0.4237
2026-07-01 19:50:51.750075: val_loss -0.2961
2026-07-01 19:50:51.750217: Pseudo dice [np.float32(0.7396)]
2026-07-01 19:50:51.750389: Epoch time: 44.61 s
2026-07-01 19:50:53.567602: 
2026-07-01 19:50:53.568008: Epoch 208
2026-07-01 19:50:53.568303: Current learning rate: 0.00201
2026-07-01 19:51:38.236835: train_loss -0.4278
2026-07-01 19:51:38.237307: val_loss -0.2846
2026-07-01 19:51:38.237471: Pseudo dice [np.float32(0.7368)]
2026-07-01 19:51:38.237642: Epoch time: 44.67 s
2026-07-01 19:51:40.051390: 
2026-07-01 19:51:40.051828: Epoch 209
2026-07-01 19:51:40.051994: Current learning rate: 0.00196
2026-07-01 19:52:24.574814: train_loss -0.4206
2026-07-01 19:52:24.575237: val_loss -0.2212
2026-07-01 19:52:24.575375: Pseudo dice [np.float32(0.7084)]
2026-07-01 19:52:24.575551: Epoch time: 44.53 s
2026-07-01 19:52:26.385165: 
2026-07-01 19:52:26.385584: Epoch 210
2026-07-01 19:52:26.385768: Current learning rate: 0.00192
2026-07-01 19:53:11.153304: train_loss -0.4365
2026-07-01 19:53:11.153821: val_loss -0.2192
2026-07-01 19:53:11.153960: Pseudo dice [np.float32(0.7259)]
2026-07-01 19:53:11.154129: Epoch time: 44.77 s
2026-07-01 19:53:12.972558: 
2026-07-01 19:53:12.973029: Epoch 211
2026-07-01 19:53:12.973726: Current learning rate: 0.00188
2026-07-01 19:53:57.690086: train_loss -0.4297
2026-07-01 19:53:57.690523: val_loss -0.3347
2026-07-01 19:53:57.690670: Pseudo dice [np.float32(0.7654)]
2026-07-01 19:53:57.690837: Epoch time: 44.72 s
2026-07-01 19:53:59.843032: 
2026-07-01 19:53:59.843512: Epoch 212
2026-07-01 19:53:59.843790: Current learning rate: 0.00184
2026-07-01 19:54:44.513652: train_loss -0.4327
2026-07-01 19:54:44.514976: val_loss -0.2875
2026-07-01 19:54:44.515119: Pseudo dice [np.float32(0.7263)]
2026-07-01 19:54:44.515290: Epoch time: 44.67 s
2026-07-01 19:54:46.328231: 
2026-07-01 19:54:46.328712: Epoch 213
2026-07-01 19:54:46.329044: Current learning rate: 0.00179
2026-07-01 19:55:31.002218: train_loss -0.4289
2026-07-01 19:55:31.002683: val_loss -0.2705
2026-07-01 19:55:31.002827: Pseudo dice [np.float32(0.7359)]
2026-07-01 19:55:31.002998: Epoch time: 44.68 s
2026-07-01 19:55:32.803051: 
2026-07-01 19:55:32.803439: Epoch 214
2026-07-01 19:55:32.803660: Current learning rate: 0.00175
2026-07-01 19:56:17.737526: train_loss -0.4262
2026-07-01 19:56:17.737977: val_loss -0.1978
2026-07-01 19:56:17.738130: Pseudo dice [np.float32(0.7203)]
2026-07-01 19:56:17.738305: Epoch time: 44.94 s
2026-07-01 19:56:19.520315: 
2026-07-01 19:56:19.520591: Epoch 215
2026-07-01 19:56:19.520765: Current learning rate: 0.0017
2026-07-01 19:57:04.245373: train_loss -0.4392
2026-07-01 19:57:04.245842: val_loss -0.2383
2026-07-01 19:57:04.245980: Pseudo dice [np.float32(0.7099)]
2026-07-01 19:57:04.246143: Epoch time: 44.73 s
2026-07-01 19:57:06.043946: 
2026-07-01 19:57:06.044343: Epoch 216
2026-07-01 19:57:06.044616: Current learning rate: 0.00166
2026-07-01 19:57:50.972152: train_loss -0.428
2026-07-01 19:57:50.972627: val_loss -0.2544
2026-07-01 19:57:50.972772: Pseudo dice [np.float32(0.7281)]
2026-07-01 19:57:50.972940: Epoch time: 44.93 s
2026-07-01 19:57:52.756249: 
2026-07-01 19:57:52.756814: Epoch 217
2026-07-01 19:57:52.757112: Current learning rate: 0.00162
2026-07-01 19:58:37.528499: train_loss -0.4437
2026-07-01 19:58:37.528977: val_loss -0.3455
2026-07-01 19:58:37.529151: Pseudo dice [np.float32(0.7702)]
2026-07-01 19:58:37.529328: Epoch time: 44.78 s
2026-07-01 19:58:39.318857: 
2026-07-01 19:58:39.319260: Epoch 218
2026-07-01 19:58:39.319599: Current learning rate: 0.00157
2026-07-01 19:59:24.283788: train_loss -0.4323
2026-07-01 19:59:24.284326: val_loss -0.3079
2026-07-01 19:59:24.284474: Pseudo dice [np.float32(0.7468)]
2026-07-01 19:59:24.284641: Epoch time: 44.97 s
2026-07-01 19:59:26.084090: 
2026-07-01 19:59:26.084368: Epoch 219
2026-07-01 19:59:26.084593: Current learning rate: 0.00153
2026-07-01 20:00:11.058024: train_loss -0.4269
2026-07-01 20:00:11.058620: val_loss -0.3475
2026-07-01 20:00:11.058783: Pseudo dice [np.float32(0.7596)]
2026-07-01 20:00:11.058961: Epoch time: 44.98 s
2026-07-01 20:00:12.858541: 
2026-07-01 20:00:12.859060: Epoch 220
2026-07-01 20:00:12.859350: Current learning rate: 0.00148
2026-07-01 20:00:57.661318: train_loss -0.4379
2026-07-01 20:00:57.661842: val_loss -0.1486
2026-07-01 20:00:57.661986: Pseudo dice [np.float32(0.679)]
2026-07-01 20:00:57.662158: Epoch time: 44.81 s
2026-07-01 20:00:59.800160: 
2026-07-01 20:00:59.800665: Epoch 221
2026-07-01 20:00:59.800872: Current learning rate: 0.00144
2026-07-01 20:01:44.452660: train_loss -0.4309
2026-07-01 20:01:44.453067: val_loss -0.3403
2026-07-01 20:01:44.453204: Pseudo dice [np.float32(0.7658)]
2026-07-01 20:01:44.453370: Epoch time: 44.66 s
2026-07-01 20:01:46.259812: 
2026-07-01 20:01:46.260253: Epoch 222
2026-07-01 20:01:46.260537: Current learning rate: 0.00139
2026-07-01 20:02:31.001063: train_loss -0.4382
2026-07-01 20:02:31.001499: val_loss -0.2644
2026-07-01 20:02:31.001634: Pseudo dice [np.float32(0.7348)]
2026-07-01 20:02:31.001796: Epoch time: 44.75 s
2026-07-01 20:02:32.805927: 
2026-07-01 20:02:32.806298: Epoch 223
2026-07-01 20:02:32.806506: Current learning rate: 0.00135
2026-07-01 20:03:17.519437: train_loss -0.4323
2026-07-01 20:03:17.519878: val_loss -0.1906
2026-07-01 20:03:17.520020: Pseudo dice [np.float32(0.7042)]
2026-07-01 20:03:17.520182: Epoch time: 44.72 s
2026-07-01 20:03:19.312403: 
2026-07-01 20:03:19.312911: Epoch 224
2026-07-01 20:03:19.313160: Current learning rate: 0.0013
2026-07-01 20:04:03.937462: train_loss -0.4237
2026-07-01 20:04:03.937887: val_loss -0.2741
2026-07-01 20:04:03.938040: Pseudo dice [np.float32(0.7298)]
2026-07-01 20:04:03.938211: Epoch time: 44.63 s
2026-07-01 20:04:05.733638: 
2026-07-01 20:04:05.734048: Epoch 225
2026-07-01 20:04:05.734235: Current learning rate: 0.00126
2026-07-01 20:04:50.160481: train_loss -0.4274
2026-07-01 20:04:50.161096: val_loss -0.1865
2026-07-01 20:04:50.161569: Pseudo dice [np.float32(0.7078)]
2026-07-01 20:04:50.161938: Epoch time: 44.43 s
2026-07-01 20:04:51.959118: 
2026-07-01 20:04:51.959743: Epoch 226
2026-07-01 20:04:51.960075: Current learning rate: 0.00121
2026-07-01 20:05:36.421440: train_loss -0.4432
2026-07-01 20:05:36.421950: val_loss -0.3524
2026-07-01 20:05:36.422092: Pseudo dice [np.float32(0.7491)]
2026-07-01 20:05:36.422261: Epoch time: 44.47 s
2026-07-01 20:05:38.216734: 
2026-07-01 20:05:38.217247: Epoch 227
2026-07-01 20:05:38.217627: Current learning rate: 0.00117
2026-07-01 20:06:22.717773: train_loss -0.4407
2026-07-01 20:06:22.718201: val_loss -0.2534
2026-07-01 20:06:22.718340: Pseudo dice [np.float32(0.7172)]
2026-07-01 20:06:22.718513: Epoch time: 44.5 s
2026-07-01 20:06:24.517018: 
2026-07-01 20:06:24.517430: Epoch 228
2026-07-01 20:06:24.517601: Current learning rate: 0.00112
2026-07-01 20:07:09.215485: train_loss -0.4354
2026-07-01 20:07:09.216068: val_loss -0.2105
2026-07-01 20:07:09.216229: Pseudo dice [np.float32(0.7083)]
2026-07-01 20:07:09.216424: Epoch time: 44.7 s
2026-07-01 20:07:11.004878: 
2026-07-01 20:07:11.005141: Epoch 229
2026-07-01 20:07:11.005331: Current learning rate: 0.00108
2026-07-01 20:07:55.465416: train_loss -0.4371
2026-07-01 20:07:55.465904: val_loss -0.2975
2026-07-01 20:07:55.466065: Pseudo dice [np.float32(0.7394)]
2026-07-01 20:07:55.466238: Epoch time: 44.46 s
2026-07-01 20:07:57.623090: 
2026-07-01 20:07:57.623548: Epoch 230
2026-07-01 20:07:57.623723: Current learning rate: 0.00103
2026-07-01 20:08:42.203476: train_loss -0.4333
2026-07-01 20:08:42.203932: val_loss -0.283
2026-07-01 20:08:42.204077: Pseudo dice [np.float32(0.7267)]
2026-07-01 20:08:42.204241: Epoch time: 44.58 s
2026-07-01 20:08:44.004492: 
2026-07-01 20:08:44.004986: Epoch 231
2026-07-01 20:08:44.005289: Current learning rate: 0.00098
2026-07-01 20:09:28.629732: train_loss -0.4432
2026-07-01 20:09:28.630258: val_loss -0.2584
2026-07-01 20:09:28.630403: Pseudo dice [np.float32(0.7439)]
2026-07-01 20:09:28.630572: Epoch time: 44.63 s
2026-07-01 20:09:30.420079: 
2026-07-01 20:09:30.420419: Epoch 232
2026-07-01 20:09:30.420606: Current learning rate: 0.00094
2026-07-01 20:10:14.999682: train_loss -0.4377
2026-07-01 20:10:15.000053: val_loss -0.2233
2026-07-01 20:10:15.000191: Pseudo dice [np.float32(0.7081)]
2026-07-01 20:10:15.000360: Epoch time: 44.58 s
2026-07-01 20:10:16.794257: 
2026-07-01 20:10:16.794647: Epoch 233
2026-07-01 20:10:16.794970: Current learning rate: 0.00089
2026-07-01 20:11:01.381968: train_loss -0.436
2026-07-01 20:11:01.382360: val_loss -0.2391
2026-07-01 20:11:01.382505: Pseudo dice [np.float32(0.7253)]
2026-07-01 20:11:01.382672: Epoch time: 44.59 s
2026-07-01 20:11:03.171792: 
2026-07-01 20:11:03.172202: Epoch 234
2026-07-01 20:11:03.172370: Current learning rate: 0.00084
2026-07-01 20:11:47.735671: train_loss -0.4373
2026-07-01 20:11:47.736099: val_loss -0.2097
2026-07-01 20:11:47.736241: Pseudo dice [np.float32(0.7096)]
2026-07-01 20:11:47.736428: Epoch time: 44.57 s
2026-07-01 20:11:49.525465: 
2026-07-01 20:11:49.525900: Epoch 235
2026-07-01 20:11:49.526072: Current learning rate: 0.00079
2026-07-01 20:12:34.168142: train_loss -0.4226
2026-07-01 20:12:34.168567: val_loss -0.2606
2026-07-01 20:12:34.168712: Pseudo dice [np.float32(0.7185)]
2026-07-01 20:12:34.168886: Epoch time: 44.65 s
2026-07-01 20:12:35.957152: 
2026-07-01 20:12:35.957531: Epoch 236
2026-07-01 20:12:35.958065: Current learning rate: 0.00075
2026-07-01 20:13:20.712517: train_loss -0.4341
2026-07-01 20:13:20.713032: val_loss -0.3053
2026-07-01 20:13:20.713191: Pseudo dice [np.float32(0.747)]
2026-07-01 20:13:20.713368: Epoch time: 44.76 s
2026-07-01 20:13:22.511170: 
2026-07-01 20:13:22.511719: Epoch 237
2026-07-01 20:13:22.511980: Current learning rate: 0.0007
2026-07-01 20:14:07.159550: train_loss -0.4443
2026-07-01 20:14:07.160184: val_loss -0.1865
2026-07-01 20:14:07.160325: Pseudo dice [np.float32(0.6927)]
2026-07-01 20:14:07.160506: Epoch time: 44.65 s
2026-07-01 20:14:08.958536: 
2026-07-01 20:14:08.958944: Epoch 238
2026-07-01 20:14:08.959174: Current learning rate: 0.00065
2026-07-01 20:14:53.810847: train_loss -0.426
2026-07-01 20:14:53.811368: val_loss -0.2101
2026-07-01 20:14:53.811525: Pseudo dice [np.float32(0.7022)]
2026-07-01 20:14:53.811699: Epoch time: 44.86 s
2026-07-01 20:14:55.952721: 
2026-07-01 20:14:55.953201: Epoch 239
2026-07-01 20:14:55.953501: Current learning rate: 0.0006
2026-07-01 20:15:40.750535: train_loss -0.4359
2026-07-01 20:15:40.750974: val_loss -0.2425
2026-07-01 20:15:40.751112: Pseudo dice [np.float32(0.714)]
2026-07-01 20:15:40.751320: Epoch time: 44.8 s
2026-07-01 20:15:42.559908: 
2026-07-01 20:15:42.560293: Epoch 240
2026-07-01 20:15:42.560599: Current learning rate: 0.00055
2026-07-01 20:16:27.141090: train_loss -0.4319
2026-07-01 20:16:27.141511: val_loss -0.1276
2026-07-01 20:16:27.141653: Pseudo dice [np.float32(0.6966)]
2026-07-01 20:16:27.141820: Epoch time: 44.58 s
2026-07-01 20:16:28.950605: 
2026-07-01 20:16:28.950946: Epoch 241
2026-07-01 20:16:28.951120: Current learning rate: 0.0005
2026-07-01 20:17:13.728006: train_loss -0.4392
2026-07-01 20:17:13.728562: val_loss -0.1744
2026-07-01 20:17:13.728711: Pseudo dice [np.float32(0.7096)]
2026-07-01 20:17:13.728883: Epoch time: 44.78 s
2026-07-01 20:17:15.545308: 
2026-07-01 20:17:15.545676: Epoch 242
2026-07-01 20:17:15.545913: Current learning rate: 0.00045
2026-07-01 20:18:00.472342: train_loss -0.4464
2026-07-01 20:18:00.472891: val_loss -0.2293
2026-07-01 20:18:00.473036: Pseudo dice [np.float32(0.7285)]
2026-07-01 20:18:00.473207: Epoch time: 44.93 s
2026-07-01 20:18:02.295066: 
2026-07-01 20:18:02.295471: Epoch 243
2026-07-01 20:18:02.295656: Current learning rate: 0.0004
2026-07-01 20:18:47.122919: train_loss -0.4431
2026-07-01 20:18:47.123503: val_loss -0.2685
2026-07-01 20:18:47.123668: Pseudo dice [np.float32(0.7359)]
2026-07-01 20:18:47.123842: Epoch time: 44.83 s
2026-07-01 20:18:48.951163: 
2026-07-01 20:18:48.951706: Epoch 244
2026-07-01 20:18:48.952018: Current learning rate: 0.00035
2026-07-01 20:19:33.807678: train_loss -0.4429
2026-07-01 20:19:33.808224: val_loss -0.1954
2026-07-01 20:19:33.808373: Pseudo dice [np.float32(0.7026)]
2026-07-01 20:19:33.808558: Epoch time: 44.86 s
2026-07-01 20:19:35.738880: 
2026-07-01 20:19:35.739413: Epoch 245
2026-07-01 20:19:35.739779: Current learning rate: 0.0003
2026-07-01 20:20:20.690856: train_loss -0.4294
2026-07-01 20:20:20.691433: val_loss -0.3169
2026-07-01 20:20:20.691582: Pseudo dice [np.float32(0.7469)]
2026-07-01 20:20:20.691757: Epoch time: 44.96 s
2026-07-01 20:20:22.524706: 
2026-07-01 20:20:22.525102: Epoch 246
2026-07-01 20:20:22.525439: Current learning rate: 0.00024
2026-07-01 20:21:07.416420: train_loss -0.4248
2026-07-01 20:21:07.416960: val_loss -0.2531
2026-07-01 20:21:07.417104: Pseudo dice [np.float32(0.714)]
2026-07-01 20:21:07.417271: Epoch time: 44.9 s
2026-07-01 20:21:09.240545: 
2026-07-01 20:21:09.240926: Epoch 247
2026-07-01 20:21:09.241191: Current learning rate: 0.00019
2026-07-01 20:21:54.009942: train_loss -0.4343
2026-07-01 20:21:54.010423: val_loss -0.2827
2026-07-01 20:21:54.010564: Pseudo dice [np.float32(0.7453)]
2026-07-01 20:21:54.010735: Epoch time: 44.77 s
2026-07-01 20:21:56.213828: 
2026-07-01 20:21:56.214261: Epoch 248
2026-07-01 20:21:56.214454: Current learning rate: 0.00013
2026-07-01 20:22:41.091616: train_loss -0.4311
2026-07-01 20:22:41.092191: val_loss -0.2364
2026-07-01 20:22:41.092334: Pseudo dice [np.float32(0.7066)]
2026-07-01 20:22:41.092516: Epoch time: 44.88 s
2026-07-01 20:22:42.915482: 
2026-07-01 20:22:42.915890: Epoch 249
2026-07-01 20:22:42.916073: Current learning rate: 7e-05
2026-07-01 20:23:27.741344: train_loss -0.4518
2026-07-01 20:23:27.741884: val_loss -0.2209
2026-07-01 20:23:27.742052: Pseudo dice [np.float32(0.7179)]
2026-07-01 20:23:27.742224: Epoch time: 44.83 s
2026-07-01 20:23:30.093220: Training done.
2026-07-01 20:23:30.311614: Using splits from existing split file: /gpfs/data/ravenlab/micmac/nnUNet_preprocessed/Dataset005_BinaryTask/splits_final.json
2026-07-01 20:23:30.312350: The split file contains 5 splits.
2026-07-01 20:23:30.312472: Desired fold for training: 0
2026-07-01 20:23:30.312559: This split has 18 training and 5 validation cases.
2026-07-01 20:23:30.312734: predicting 41759_34right
2026-07-01 20:23:30.345899: 41759_34right, shape torch.Size([1, 1, 2077, 2302]), rank 0
2026-07-01 20:23:36.823685: predicting 41759_48left
2026-07-01 20:23:36.862787: 41759_48left, shape torch.Size([1, 1, 1920, 2251]), rank 0
2026-07-01 20:23:37.927478: predicting 41759_51
2026-07-01 20:23:37.972274: 41759_51, shape torch.Size([1, 1, 2176, 2201]), rank 0
2026-07-01 20:23:39.379626: predicting 41759_G_100_slice_2_2
2026-07-01 20:23:39.579624: 41759_G_100_slice_2_2, shape torch.Size([1, 1, 4818, 8533]), rank 0
2026-07-01 20:23:53.263244: predicting 41759_G_120_slice_0_2
2026-07-01 20:23:53.345685: 41759_G_120_slice_0_2, shape torch.Size([1, 1, 1263, 6741]), rank 0
2026-07-01 20:25:03.010717: Validation complete
2026-07-01 20:25:03.011849: Mean Validation Dice:  0.7050055140720313
