Loading python/gpu/3.10.6-cuda12.9
  Loading requirement: cuda/12.9
Launching parallel training for 2D config, Fold 3 using 250-epoch trainer preset...

############################
INFO: You are using the old nnU-Net default plans. We have updated our recommendations. Please consider using those instead! Read more here: https://github.com/MIC-DKFZ/nnUNet/blob/master/documentation/resenc_presets.md
############################

Using device: cuda:0

#######################################################################
Please cite the following paper when using nnU-Net:
Isensee, F., Jaeger, P. F., Kohl, S. A., Petersen, J., & Maier-Hein, K. H. (2021). nnU-Net: a self-configuring method for deep learning-based biomedical image segmentation. Nature methods, 18(2), 203-211.
#######################################################################

2026-07-01 17:08:27.971657: do_dummy_2d_data_aug: False
2026-07-01 17:08:27.973064: Using splits from existing split file: /gpfs/data/ravenlab/micmac/nnUNet_preprocessed/Dataset005_BinaryTask/splits_final.json
2026-07-01 17:08:27.973603: The split file contains 5 splits.
2026-07-01 17:08:27.973718: Desired fold for training: 3
2026-07-01 17:08:27.973805: This split has 19 training and 4 validation cases.
using pin_memory on device 0
using pin_memory on device 0

This is the configuration used by this training:
Configuration name: 2d
 {'data_identifier': 'nnUNetPlans_2d', 'preprocessor_name': 'DefaultPreprocessor', 'batch_size': 2, 'patch_size': [1024, 1280], 'median_image_size_in_voxels': [2077.0, 2251.0], 'spacing': [1.0, 1.0], 'normalization_schemes': ['ZScoreNormalization'], 'use_mask_for_norm': [False], 'resampling_fn_data': 'resample_data_or_seg_to_shape', 'resampling_fn_seg': 'resample_data_or_seg_to_shape', 'resampling_fn_data_kwargs': {'is_seg': False, 'order': 3, 'order_z': 0, 'force_separate_z': None}, 'resampling_fn_seg_kwargs': {'is_seg': True, 'order': 1, 'order_z': 0, 'force_separate_z': None}, 'resampling_fn_probabilities': 'resample_data_or_seg_to_shape', 'resampling_fn_probabilities_kwargs': {'is_seg': False, 'order': 1, 'order_z': 0, 'force_separate_z': None}, 'architecture': {'network_class_name': 'dynamic_network_architectures.architectures.unet.PlainConvUNet', 'arch_kwargs': {'n_stages': 9, 'features_per_stage': [32, 64, 128, 256, 512, 512, 512, 512, 512], 'conv_op': 'torch.nn.modules.conv.Conv2d', 'kernel_sizes': [[3, 3], [3, 3], [3, 3], [3, 3], [3, 3], [3, 3], [3, 3], [3, 3], [3, 3]], 'strides': [[1, 1], [2, 2], [2, 2], [2, 2], [2, 2], [2, 2], [2, 2], [2, 2], [2, 2]], 'n_conv_per_stage': [2, 2, 2, 2, 2, 2, 2, 2, 2], 'n_conv_per_stage_decoder': [2, 2, 2, 2, 2, 2, 2, 2], 'conv_bias': True, 'norm_op': 'torch.nn.modules.instancenorm.InstanceNorm2d', 'norm_op_kwargs': {'eps': 1e-05, 'affine': True}, 'dropout_op': None, 'dropout_op_kwargs': None, 'nonlin': 'torch.nn.LeakyReLU', 'nonlin_kwargs': {'inplace': True}}, '_kw_requires_import': ['conv_op', 'norm_op', 'dropout_op', 'nonlin']}, 'batch_dice': True} 

These are the global plan.json settings:
 {'dataset_name': 'Dataset005_BinaryTask', 'plans_name': 'nnUNetPlans', 'original_median_spacing_after_transp': [999.0, 1.0, 1.0], 'original_median_shape_after_transp': [1, 2077, 2251], 'image_reader_writer': 'NaturalImage2DIO', 'transpose_forward': [0, 1, 2], 'transpose_backward': [0, 1, 2], 'experiment_planner_used': 'ExperimentPlanner', 'label_manager': 'LabelManager', 'foreground_intensity_properties_per_channel': {'0': {'max': 250.0, 'mean': 136.68589782714844, 'median': 136.0, 'min': 5.0, 'percentile_00_5': 53.0, 'percentile_99_5': 222.0, 'std': 37.201812744140625}}} 

2026-07-01 17:08:30.658494: Unable to plot network architecture:
2026-07-01 17:08:30.658693: No module named 'hiddenlayer'
2026-07-01 17:08:30.899512: 
2026-07-01 17:08:30.899710: Epoch 0
2026-07-01 17:08:30.900012: Current learning rate: 0.01
2026-07-01 17:10:36.453332: train_loss -0.068
2026-07-01 17:10:36.454646: val_loss -0.2298
2026-07-01 17:10:36.454800: Pseudo dice [np.float32(0.6906)]
2026-07-01 17:10:36.455049: Epoch time: 125.56 s
2026-07-01 17:10:36.455187: Yayy! New best EMA pseudo Dice: 0.6905999779701233
2026-07-01 17:10:38.956797: 
2026-07-01 17:10:38.957319: Epoch 1
2026-07-01 17:10:38.957535: Current learning rate: 0.00996
2026-07-01 17:11:24.053813: train_loss -0.2003
2026-07-01 17:11:24.054553: val_loss -0.2628
2026-07-01 17:11:24.054708: Pseudo dice [np.float32(0.7136)]
2026-07-01 17:11:24.054899: Epoch time: 45.1 s
2026-07-01 17:11:24.056539: Yayy! New best EMA pseudo Dice: 0.6929000020027161
2026-07-01 17:11:26.211179: 
2026-07-01 17:11:26.211638: Epoch 2
2026-07-01 17:11:26.211829: Current learning rate: 0.00993
2026-07-01 17:12:11.309584: train_loss -0.2242
2026-07-01 17:12:11.317320: val_loss -0.3065
2026-07-01 17:12:11.317472: Pseudo dice [np.float32(0.7234)]
2026-07-01 17:12:11.317675: Epoch time: 45.1 s
2026-07-01 17:12:11.317807: Yayy! New best EMA pseudo Dice: 0.695900022983551
2026-07-01 17:12:13.507562: 
2026-07-01 17:12:13.507971: Epoch 3
2026-07-01 17:12:13.508180: Current learning rate: 0.00989
2026-07-01 17:12:58.679434: train_loss -0.2352
2026-07-01 17:12:58.679912: val_loss -0.3096
2026-07-01 17:12:58.680074: Pseudo dice [np.float32(0.7198)]
2026-07-01 17:12:58.680236: Epoch time: 45.18 s
2026-07-01 17:12:58.680370: Yayy! New best EMA pseudo Dice: 0.6983000040054321
2026-07-01 17:13:00.825718: 
2026-07-01 17:13:00.826153: Epoch 4
2026-07-01 17:13:00.826374: Current learning rate: 0.00986
2026-07-01 17:13:46.025531: train_loss -0.238
2026-07-01 17:13:46.026590: val_loss -0.3259
2026-07-01 17:13:46.026754: Pseudo dice [np.float32(0.7258)]
2026-07-01 17:13:46.026959: Epoch time: 45.2 s
2026-07-01 17:13:46.027093: Yayy! New best EMA pseudo Dice: 0.7010999917984009
2026-07-01 17:13:48.309587: 
2026-07-01 17:13:48.310098: Epoch 5
2026-07-01 17:13:48.310390: Current learning rate: 0.00982
2026-07-01 17:14:33.364217: train_loss -0.253
2026-07-01 17:14:33.365424: val_loss -0.3251
2026-07-01 17:14:33.365568: Pseudo dice [np.float32(0.7317)]
2026-07-01 17:14:33.365741: Epoch time: 45.06 s
2026-07-01 17:14:33.365875: Yayy! New best EMA pseudo Dice: 0.7041000127792358
2026-07-01 17:14:35.515730: 
2026-07-01 17:14:35.516199: Epoch 6
2026-07-01 17:14:35.516470: Current learning rate: 0.00978
2026-07-01 17:15:20.330680: train_loss -0.2553
2026-07-01 17:15:20.331289: val_loss -0.2951
2026-07-01 17:15:20.331433: Pseudo dice [np.float32(0.7218)]
2026-07-01 17:15:20.331597: Epoch time: 44.82 s
2026-07-01 17:15:20.331730: Yayy! New best EMA pseudo Dice: 0.7059000134468079
2026-07-01 17:15:22.449876: 
2026-07-01 17:15:22.450302: Epoch 7
2026-07-01 17:15:22.450555: Current learning rate: 0.00975
2026-07-01 17:16:07.655444: train_loss -0.267
2026-07-01 17:16:07.660755: val_loss -0.2908
2026-07-01 17:16:07.660918: Pseudo dice [np.float32(0.7099)]
2026-07-01 17:16:07.661092: Epoch time: 45.21 s
2026-07-01 17:16:07.661217: Yayy! New best EMA pseudo Dice: 0.7063000202178955
2026-07-01 17:16:09.897764: 
2026-07-01 17:16:09.898194: Epoch 8
2026-07-01 17:16:09.898376: Current learning rate: 0.00971
2026-07-01 17:16:54.793482: train_loss -0.2707
2026-07-01 17:16:54.793929: val_loss -0.3107
2026-07-01 17:16:54.794078: Pseudo dice [np.float32(0.7261)]
2026-07-01 17:16:54.794250: Epoch time: 44.9 s
2026-07-01 17:16:54.794376: Yayy! New best EMA pseudo Dice: 0.708299994468689
2026-07-01 17:16:57.599044: 
2026-07-01 17:16:57.599600: Epoch 9
2026-07-01 17:16:57.599885: Current learning rate: 0.00968
2026-07-01 17:17:42.399849: train_loss -0.2782
2026-07-01 17:17:42.401007: val_loss -0.2917
2026-07-01 17:17:42.401155: Pseudo dice [np.float32(0.7162)]
2026-07-01 17:17:42.401323: Epoch time: 44.8 s
2026-07-01 17:17:42.401455: Yayy! New best EMA pseudo Dice: 0.7091000080108643
2026-07-01 17:17:44.523980: 
2026-07-01 17:17:44.524376: Epoch 10
2026-07-01 17:17:44.524669: Current learning rate: 0.00964
2026-07-01 17:18:29.336609: train_loss -0.2693
2026-07-01 17:18:29.337411: val_loss -0.2768
2026-07-01 17:18:29.337554: Pseudo dice [np.float32(0.7126)]
2026-07-01 17:18:29.337726: Epoch time: 44.82 s
2026-07-01 17:18:29.337854: Yayy! New best EMA pseudo Dice: 0.7093999981880188
2026-07-01 17:18:31.470345: 
2026-07-01 17:18:31.470847: Epoch 11
2026-07-01 17:18:31.471033: Current learning rate: 0.0096
2026-07-01 17:19:16.483728: train_loss -0.2794
2026-07-01 17:19:16.484285: val_loss -0.2957
2026-07-01 17:19:16.484429: Pseudo dice [np.float32(0.6973)]
2026-07-01 17:19:16.484597: Epoch time: 45.02 s
2026-07-01 17:19:18.183059: 
2026-07-01 17:19:18.183578: Epoch 12
2026-07-01 17:19:18.183882: Current learning rate: 0.00957
2026-07-01 17:20:03.050809: train_loss -0.2616
2026-07-01 17:20:03.051248: val_loss -0.2801
2026-07-01 17:20:03.051396: Pseudo dice [np.float32(0.6888)]
2026-07-01 17:20:03.051560: Epoch time: 44.87 s
2026-07-01 17:20:04.861660: 
2026-07-01 17:20:04.862118: Epoch 13
2026-07-01 17:20:04.862304: Current learning rate: 0.00953
2026-07-01 17:20:49.620178: train_loss -0.2751
2026-07-01 17:20:49.620672: val_loss -0.2621
2026-07-01 17:20:49.620855: Pseudo dice [np.float32(0.6773)]
2026-07-01 17:20:49.621035: Epoch time: 44.76 s
2026-07-01 17:20:51.301429: 
2026-07-01 17:20:51.301833: Epoch 14
2026-07-01 17:20:51.302015: Current learning rate: 0.00949
2026-07-01 17:21:36.234942: train_loss -0.2867
2026-07-01 17:21:36.235682: val_loss -0.3139
2026-07-01 17:21:36.235834: Pseudo dice [np.float32(0.7081)]
2026-07-01 17:21:36.235997: Epoch time: 44.94 s
2026-07-01 17:21:37.948192: 
2026-07-01 17:21:37.948613: Epoch 15
2026-07-01 17:21:37.948825: Current learning rate: 0.00946
2026-07-01 17:22:23.091916: train_loss -0.2821
2026-07-01 17:22:23.095207: val_loss -0.2953
2026-07-01 17:22:23.095365: Pseudo dice [np.float32(0.7098)]
2026-07-01 17:22:23.095558: Epoch time: 45.15 s
2026-07-01 17:22:24.807653: 
2026-07-01 17:22:24.808358: Epoch 16
2026-07-01 17:22:24.808647: Current learning rate: 0.00942
2026-07-01 17:23:09.695068: train_loss -0.2983
2026-07-01 17:23:09.696078: val_loss -0.3115
2026-07-01 17:23:09.696235: Pseudo dice [np.float32(0.7267)]
2026-07-01 17:23:09.696427: Epoch time: 44.89 s
2026-07-01 17:23:11.420271: 
2026-07-01 17:23:11.420811: Epoch 17
2026-07-01 17:23:11.420992: Current learning rate: 0.00939
2026-07-01 17:23:56.560736: train_loss -0.2892
2026-07-01 17:23:56.561332: val_loss -0.2933
2026-07-01 17:23:56.561485: Pseudo dice [np.float32(0.7225)]
2026-07-01 17:23:56.561690: Epoch time: 45.14 s
2026-07-01 17:23:58.290681: 
2026-07-01 17:23:58.291056: Epoch 18
2026-07-01 17:23:58.291272: Current learning rate: 0.00935
2026-07-01 17:24:43.224578: train_loss -0.2855
2026-07-01 17:24:43.225677: val_loss -0.2578
2026-07-01 17:24:43.225818: Pseudo dice [np.float32(0.6772)]
2026-07-01 17:24:43.225985: Epoch time: 44.94 s
2026-07-01 17:24:44.966753: 
2026-07-01 17:24:44.967198: Epoch 19
2026-07-01 17:24:44.967469: Current learning rate: 0.00931
2026-07-01 17:25:30.095749: train_loss -0.3049
2026-07-01 17:25:30.097099: val_loss -0.2224
2026-07-01 17:25:30.097249: Pseudo dice [np.float32(0.6977)]
2026-07-01 17:25:30.097425: Epoch time: 45.13 s
2026-07-01 17:25:31.837750: 
2026-07-01 17:25:31.838221: Epoch 20
2026-07-01 17:25:31.838428: Current learning rate: 0.00928
2026-07-01 17:26:16.890783: train_loss -0.3021
2026-07-01 17:26:16.892006: val_loss -0.274
2026-07-01 17:26:16.892156: Pseudo dice [np.float32(0.69)]
2026-07-01 17:26:16.892325: Epoch time: 45.06 s
2026-07-01 17:26:18.660919: 
2026-07-01 17:26:18.661299: Epoch 21
2026-07-01 17:26:18.661589: Current learning rate: 0.00924
2026-07-01 17:27:03.977042: train_loss -0.3098
2026-07-01 17:27:03.977823: val_loss -0.2742
2026-07-01 17:27:03.978196: Pseudo dice [np.float32(0.6964)]
2026-07-01 17:27:03.978526: Epoch time: 45.32 s
2026-07-01 17:27:05.685450: 
2026-07-01 17:27:05.685980: Epoch 22
2026-07-01 17:27:05.686267: Current learning rate: 0.0092
2026-07-01 17:27:50.773191: train_loss -0.3218
2026-07-01 17:27:50.773642: val_loss -0.2811
2026-07-01 17:27:50.773786: Pseudo dice [np.float32(0.7043)]
2026-07-01 17:27:50.773950: Epoch time: 45.09 s
2026-07-01 17:27:52.471514: 
2026-07-01 17:27:52.472098: Epoch 23
2026-07-01 17:27:52.472380: Current learning rate: 0.00917
2026-07-01 17:28:37.601214: train_loss -0.3242
2026-07-01 17:28:37.601594: val_loss -0.2467
2026-07-01 17:28:37.601746: Pseudo dice [np.float32(0.6682)]
2026-07-01 17:28:37.601906: Epoch time: 45.13 s
2026-07-01 17:28:39.269156: 
2026-07-01 17:28:39.269616: Epoch 24
2026-07-01 17:28:39.269867: Current learning rate: 0.00913
2026-07-01 17:29:24.686722: train_loss -0.3419
2026-07-01 17:29:24.687252: val_loss -0.2791
2026-07-01 17:29:24.688101: Pseudo dice [np.float32(0.7009)]
2026-07-01 17:29:24.688277: Epoch time: 45.42 s
2026-07-01 17:29:26.383410: 
2026-07-01 17:29:26.383914: Epoch 25
2026-07-01 17:29:26.384255: Current learning rate: 0.0091
2026-07-01 17:30:11.494155: train_loss -0.3323
2026-07-01 17:30:11.495240: val_loss -0.2155
2026-07-01 17:30:11.495384: Pseudo dice [np.float32(0.6856)]
2026-07-01 17:30:11.495550: Epoch time: 45.11 s
2026-07-01 17:30:13.534911: 
2026-07-01 17:30:13.535222: Epoch 26
2026-07-01 17:30:13.535396: Current learning rate: 0.00906
2026-07-01 17:30:58.566523: train_loss -0.3158
2026-07-01 17:30:58.566953: val_loss -0.2616
2026-07-01 17:30:58.567089: Pseudo dice [np.float32(0.7102)]
2026-07-01 17:30:58.567255: Epoch time: 45.03 s
2026-07-01 17:31:00.261242: 
2026-07-01 17:31:00.261697: Epoch 27
2026-07-01 17:31:00.262023: Current learning rate: 0.00902
2026-07-01 17:31:45.398535: train_loss -0.3304
2026-07-01 17:31:45.399715: val_loss -0.3135
2026-07-01 17:31:45.399878: Pseudo dice [np.float32(0.7203)]
2026-07-01 17:31:45.400049: Epoch time: 45.14 s
2026-07-01 17:31:47.108521: 
2026-07-01 17:31:47.108901: Epoch 28
2026-07-01 17:31:47.109097: Current learning rate: 0.00899
2026-07-01 17:32:31.953405: train_loss -0.3407
2026-07-01 17:32:31.953846: val_loss -0.2396
2026-07-01 17:32:31.953991: Pseudo dice [np.float32(0.6842)]
2026-07-01 17:32:31.954153: Epoch time: 44.85 s
2026-07-01 17:32:33.662941: 
2026-07-01 17:32:33.663392: Epoch 29
2026-07-01 17:32:33.663574: Current learning rate: 0.00895
2026-07-01 17:33:18.565847: train_loss -0.3399
2026-07-01 17:33:18.567093: val_loss -0.2001
2026-07-01 17:33:18.567245: Pseudo dice [np.float32(0.6624)]
2026-07-01 17:33:18.567409: Epoch time: 44.91 s
2026-07-01 17:33:20.287728: 
2026-07-01 17:33:20.288123: Epoch 30
2026-07-01 17:33:20.288296: Current learning rate: 0.00891
2026-07-01 17:34:05.312684: train_loss -0.3441
2026-07-01 17:34:05.313198: val_loss -0.2249
2026-07-01 17:34:05.313340: Pseudo dice [np.float32(0.6655)]
2026-07-01 17:34:05.313498: Epoch time: 45.03 s
2026-07-01 17:34:07.039588: 
2026-07-01 17:34:07.040115: Epoch 31
2026-07-01 17:34:07.040394: Current learning rate: 0.00888
2026-07-01 17:34:52.005931: train_loss -0.3574
2026-07-01 17:34:52.006367: val_loss -0.2623
2026-07-01 17:34:52.006502: Pseudo dice [np.float32(0.6928)]
2026-07-01 17:34:52.006673: Epoch time: 44.97 s
2026-07-01 17:34:53.732611: 
2026-07-01 17:34:53.733169: Epoch 32
2026-07-01 17:34:53.733464: Current learning rate: 0.00884
2026-07-01 17:35:38.696868: train_loss -0.328
2026-07-01 17:35:38.698152: val_loss -0.2886
2026-07-01 17:35:38.698306: Pseudo dice [np.float32(0.7205)]
2026-07-01 17:35:38.698471: Epoch time: 44.97 s
2026-07-01 17:35:40.430792: 
2026-07-01 17:35:40.431233: Epoch 33
2026-07-01 17:35:40.431510: Current learning rate: 0.0088
2026-07-01 17:36:25.224945: train_loss -0.3309
2026-07-01 17:36:25.225405: val_loss -0.2685
2026-07-01 17:36:25.225546: Pseudo dice [np.float32(0.6903)]
2026-07-01 17:36:25.225763: Epoch time: 44.8 s
2026-07-01 17:36:26.956094: 
2026-07-01 17:36:26.956498: Epoch 34
2026-07-01 17:36:26.956687: Current learning rate: 0.00877
2026-07-01 17:37:12.061500: train_loss -0.3351
2026-07-01 17:37:12.062721: val_loss -0.235
2026-07-01 17:37:12.062875: Pseudo dice [np.float32(0.6924)]
2026-07-01 17:37:12.063055: Epoch time: 45.11 s
2026-07-01 17:37:14.165226: 
2026-07-01 17:37:14.165695: Epoch 35
2026-07-01 17:37:14.165875: Current learning rate: 0.00873
2026-07-01 17:37:59.068818: train_loss -0.3268
2026-07-01 17:37:59.069268: val_loss -0.2456
2026-07-01 17:37:59.069411: Pseudo dice [np.float32(0.6887)]
2026-07-01 17:37:59.069582: Epoch time: 44.91 s
2026-07-01 17:38:00.821983: 
2026-07-01 17:38:00.822509: Epoch 36
2026-07-01 17:38:00.822802: Current learning rate: 0.00869
2026-07-01 17:38:46.118597: train_loss -0.3457
2026-07-01 17:38:46.119450: val_loss -0.2324
2026-07-01 17:38:46.119596: Pseudo dice [np.float32(0.6681)]
2026-07-01 17:38:46.119768: Epoch time: 45.3 s
2026-07-01 17:38:47.863719: 
2026-07-01 17:38:47.864069: Epoch 37
2026-07-01 17:38:47.864242: Current learning rate: 0.00866
2026-07-01 17:39:33.080444: train_loss -0.3586
2026-07-01 17:39:33.081651: val_loss -0.2471
2026-07-01 17:39:33.081802: Pseudo dice [np.float32(0.6903)]
2026-07-01 17:39:33.081977: Epoch time: 45.22 s
2026-07-01 17:39:34.859671: 
2026-07-01 17:39:34.860129: Epoch 38
2026-07-01 17:39:34.860316: Current learning rate: 0.00862
2026-07-01 17:40:19.687363: train_loss -0.3468
2026-07-01 17:40:19.688386: val_loss -0.2747
2026-07-01 17:40:19.688527: Pseudo dice [np.float32(0.6908)]
2026-07-01 17:40:19.688705: Epoch time: 44.83 s
2026-07-01 17:40:21.561445: 
2026-07-01 17:40:21.561969: Epoch 39
2026-07-01 17:40:21.562265: Current learning rate: 0.00858
2026-07-01 17:41:06.443767: train_loss -0.3504
2026-07-01 17:41:06.444328: val_loss -0.2241
2026-07-01 17:41:06.444475: Pseudo dice [np.float32(0.6783)]
2026-07-01 17:41:06.444652: Epoch time: 44.89 s
2026-07-01 17:41:08.206680: 
2026-07-01 17:41:08.207124: Epoch 40
2026-07-01 17:41:08.207695: Current learning rate: 0.00855
2026-07-01 17:41:53.123041: train_loss -0.3565
2026-07-01 17:41:53.123455: val_loss -0.293
2026-07-01 17:41:53.123600: Pseudo dice [np.float32(0.7074)]
2026-07-01 17:41:53.123776: Epoch time: 44.92 s
2026-07-01 17:41:54.880756: 
2026-07-01 17:41:54.881175: Epoch 41
2026-07-01 17:41:54.881412: Current learning rate: 0.00851
2026-07-01 17:42:39.817989: train_loss -0.3477
2026-07-01 17:42:39.818844: val_loss -0.2647
2026-07-01 17:42:39.818987: Pseudo dice [np.float32(0.6857)]
2026-07-01 17:42:39.819150: Epoch time: 44.94 s
2026-07-01 17:42:41.532971: 
2026-07-01 17:42:41.533459: Epoch 42
2026-07-01 17:42:41.533654: Current learning rate: 0.00847
2026-07-01 17:43:26.269194: train_loss -0.346
2026-07-01 17:43:26.269657: val_loss -0.2839
2026-07-01 17:43:26.269809: Pseudo dice [np.float32(0.7109)]
2026-07-01 17:43:26.269970: Epoch time: 44.74 s
2026-07-01 17:43:28.350882: 
2026-07-01 17:43:28.351353: Epoch 43
2026-07-01 17:43:28.351643: Current learning rate: 0.00844
2026-07-01 17:44:13.363876: train_loss -0.3478
2026-07-01 17:44:13.364339: val_loss -0.2537
2026-07-01 17:44:13.364477: Pseudo dice [np.float32(0.7032)]
2026-07-01 17:44:13.364652: Epoch time: 45.02 s
2026-07-01 17:44:15.098063: 
2026-07-01 17:44:15.098485: Epoch 44
2026-07-01 17:44:15.098668: Current learning rate: 0.0084
2026-07-01 17:44:59.894372: train_loss -0.3732
2026-07-01 17:44:59.894908: val_loss -0.2002
2026-07-01 17:44:59.895054: Pseudo dice [np.float32(0.6731)]
2026-07-01 17:44:59.895223: Epoch time: 44.8 s
2026-07-01 17:45:01.626272: 
2026-07-01 17:45:01.626729: Epoch 45
2026-07-01 17:45:01.626918: Current learning rate: 0.00836
2026-07-01 17:45:46.574032: train_loss -0.3545
2026-07-01 17:45:46.575300: val_loss -0.2448
2026-07-01 17:45:46.575455: Pseudo dice [np.float32(0.6849)]
2026-07-01 17:45:46.575671: Epoch time: 44.95 s
2026-07-01 17:45:48.303571: 
2026-07-01 17:45:48.304015: Epoch 46
2026-07-01 17:45:48.304205: Current learning rate: 0.00833
2026-07-01 17:46:33.038306: train_loss -0.3584
2026-07-01 17:46:33.038816: val_loss -0.2451
2026-07-01 17:46:33.038976: Pseudo dice [np.float32(0.673)]
2026-07-01 17:46:33.039149: Epoch time: 44.74 s
2026-07-01 17:46:34.753320: 
2026-07-01 17:46:34.753723: Epoch 47
2026-07-01 17:46:34.753900: Current learning rate: 0.00829
2026-07-01 17:47:19.506102: train_loss -0.3549
2026-07-01 17:47:19.507441: val_loss -0.2741
2026-07-01 17:47:19.507592: Pseudo dice [np.float32(0.7016)]
2026-07-01 17:47:19.507771: Epoch time: 44.76 s
2026-07-01 17:47:21.244714: 
2026-07-01 17:47:21.245637: Epoch 48
2026-07-01 17:47:21.246346: Current learning rate: 0.00825
2026-07-01 17:48:06.050914: train_loss -0.3605
2026-07-01 17:48:06.051357: val_loss -0.2369
2026-07-01 17:48:06.051498: Pseudo dice [np.float32(0.6705)]
2026-07-01 17:48:06.051691: Epoch time: 44.81 s
2026-07-01 17:48:07.800821: 
2026-07-01 17:48:07.801450: Epoch 49
2026-07-01 17:48:07.802504: Current learning rate: 0.00822
2026-07-01 17:48:52.452003: train_loss -0.3756
2026-07-01 17:48:52.453334: val_loss -0.2048
2026-07-01 17:48:52.453483: Pseudo dice [np.float32(0.6705)]
2026-07-01 17:48:52.453662: Epoch time: 44.65 s
2026-07-01 17:48:54.645237: 
2026-07-01 17:48:54.645621: Epoch 50
2026-07-01 17:48:54.645985: Current learning rate: 0.00818
2026-07-01 17:49:39.490570: train_loss -0.3517
2026-07-01 17:49:39.491420: val_loss -0.2449
2026-07-01 17:49:39.491574: Pseudo dice [np.float32(0.7011)]
2026-07-01 17:49:39.491744: Epoch time: 44.85 s
2026-07-01 17:49:41.222121: 
2026-07-01 17:49:41.222513: Epoch 51
2026-07-01 17:49:41.222692: Current learning rate: 0.00814
2026-07-01 17:50:26.110766: train_loss -0.359
2026-07-01 17:50:26.111987: val_loss -0.2284
2026-07-01 17:50:26.112131: Pseudo dice [np.float32(0.6869)]
2026-07-01 17:50:26.112296: Epoch time: 44.89 s
2026-07-01 17:50:28.269931: 
2026-07-01 17:50:28.270394: Epoch 52
2026-07-01 17:50:28.270575: Current learning rate: 0.00811
2026-07-01 17:51:13.171081: train_loss -0.3577
2026-07-01 17:51:13.172151: val_loss -0.2178
2026-07-01 17:51:13.172288: Pseudo dice [np.float32(0.6722)]
2026-07-01 17:51:13.172457: Epoch time: 44.9 s
2026-07-01 17:51:14.902766: 
2026-07-01 17:51:14.903172: Epoch 53
2026-07-01 17:51:14.903352: Current learning rate: 0.00807
2026-07-01 17:51:59.702496: train_loss -0.359
2026-07-01 17:51:59.702948: val_loss -0.1832
2026-07-01 17:51:59.703097: Pseudo dice [np.float32(0.6881)]
2026-07-01 17:51:59.703263: Epoch time: 44.8 s
2026-07-01 17:52:01.458893: 
2026-07-01 17:52:01.459355: Epoch 54
2026-07-01 17:52:01.459706: Current learning rate: 0.00803
2026-07-01 17:52:46.184725: train_loss -0.3674
2026-07-01 17:52:46.185989: val_loss -0.2209
2026-07-01 17:52:46.186153: Pseudo dice [np.float32(0.6857)]
2026-07-01 17:52:46.186324: Epoch time: 44.73 s
2026-07-01 17:52:47.946754: 
2026-07-01 17:52:47.947531: Epoch 55
2026-07-01 17:52:47.948225: Current learning rate: 0.008
2026-07-01 17:53:32.865901: train_loss -0.3624
2026-07-01 17:53:32.866477: val_loss -0.2106
2026-07-01 17:53:32.866642: Pseudo dice [np.float32(0.6694)]
2026-07-01 17:53:32.866858: Epoch time: 44.92 s
2026-07-01 17:53:34.607713: 
2026-07-01 17:53:34.608300: Epoch 56
2026-07-01 17:53:34.608580: Current learning rate: 0.00796
2026-07-01 17:54:19.357280: train_loss -0.3688
2026-07-01 17:54:19.358728: val_loss -0.1831
2026-07-01 17:54:19.358891: Pseudo dice [np.float32(0.6884)]
2026-07-01 17:54:19.359111: Epoch time: 44.75 s
2026-07-01 17:54:21.098956: 
2026-07-01 17:54:21.099363: Epoch 57
2026-07-01 17:54:21.099544: Current learning rate: 0.00792
2026-07-01 17:55:06.002058: train_loss -0.3714
2026-07-01 17:55:06.002579: val_loss -0.2406
2026-07-01 17:55:06.002740: Pseudo dice [np.float32(0.6889)]
2026-07-01 17:55:06.002901: Epoch time: 44.91 s
2026-07-01 17:55:07.726159: 
2026-07-01 17:55:07.726647: Epoch 58
2026-07-01 17:55:07.727486: Current learning rate: 0.00789
2026-07-01 17:55:52.573119: train_loss -0.3621
2026-07-01 17:55:52.573833: val_loss -0.2478
2026-07-01 17:55:52.574017: Pseudo dice [np.float32(0.6823)]
2026-07-01 17:55:52.574185: Epoch time: 44.85 s
2026-07-01 17:55:54.306592: 
2026-07-01 17:55:54.307101: Epoch 59
2026-07-01 17:55:54.307288: Current learning rate: 0.00785
2026-07-01 17:56:38.982661: train_loss -0.3522
2026-07-01 17:56:38.983855: val_loss -0.2983
2026-07-01 17:56:38.983999: Pseudo dice [np.float32(0.7136)]
2026-07-01 17:56:38.984163: Epoch time: 44.68 s
2026-07-01 17:56:40.714978: 
2026-07-01 17:56:40.715382: Epoch 60
2026-07-01 17:56:40.715574: Current learning rate: 0.00781
2026-07-01 17:57:25.894717: train_loss -0.3564
2026-07-01 17:57:25.895188: val_loss -0.2667
2026-07-01 17:57:25.895331: Pseudo dice [np.float32(0.6747)]
2026-07-01 17:57:25.895496: Epoch time: 45.18 s
2026-07-01 17:57:27.625499: 
2026-07-01 17:57:27.626135: Epoch 61
2026-07-01 17:57:27.626425: Current learning rate: 0.00777
2026-07-01 17:58:12.494931: train_loss -0.3633
2026-07-01 17:58:12.496366: val_loss -0.2228
2026-07-01 17:58:12.496513: Pseudo dice [np.float32(0.6799)]
2026-07-01 17:58:12.496682: Epoch time: 44.87 s
2026-07-01 17:58:14.242270: 
2026-07-01 17:58:14.242725: Epoch 62
2026-07-01 17:58:14.243027: Current learning rate: 0.00774
2026-07-01 17:58:59.080362: train_loss -0.3857
2026-07-01 17:58:59.080971: val_loss -0.1876
2026-07-01 17:58:59.081117: Pseudo dice [np.float32(0.6679)]
2026-07-01 17:58:59.081296: Epoch time: 44.84 s
2026-07-01 17:59:00.821514: 
2026-07-01 17:59:00.822037: Epoch 63
2026-07-01 17:59:00.822248: Current learning rate: 0.0077
2026-07-01 17:59:45.645310: train_loss -0.3821
2026-07-01 17:59:45.645857: val_loss -0.2903
2026-07-01 17:59:45.646005: Pseudo dice [np.float32(0.6998)]
2026-07-01 17:59:45.646173: Epoch time: 44.83 s
2026-07-01 17:59:47.383952: 
2026-07-01 17:59:47.384394: Epoch 64
2026-07-01 17:59:47.384574: Current learning rate: 0.00766
2026-07-01 18:00:32.368939: train_loss -0.3814
2026-07-01 18:00:32.369435: val_loss -0.1552
2026-07-01 18:00:32.369596: Pseudo dice [np.float32(0.6803)]
2026-07-01 18:00:32.369762: Epoch time: 44.99 s
2026-07-01 18:00:34.104862: 
2026-07-01 18:00:34.105424: Epoch 65
2026-07-01 18:00:34.105713: Current learning rate: 0.00763
2026-07-01 18:01:18.901096: train_loss -0.3683
2026-07-01 18:01:18.902340: val_loss -0.2615
2026-07-01 18:01:18.902490: Pseudo dice [np.float32(0.6986)]
2026-07-01 18:01:18.902660: Epoch time: 44.8 s
2026-07-01 18:01:20.635117: 
2026-07-01 18:01:20.635507: Epoch 66
2026-07-01 18:01:20.635681: Current learning rate: 0.00759
2026-07-01 18:02:05.473415: train_loss -0.3755
2026-07-01 18:02:05.473984: val_loss -0.2166
2026-07-01 18:02:05.474127: Pseudo dice [np.float32(0.6843)]
2026-07-01 18:02:05.474285: Epoch time: 44.84 s
2026-07-01 18:02:07.219817: 
2026-07-01 18:02:07.220332: Epoch 67
2026-07-01 18:02:07.220619: Current learning rate: 0.00755
2026-07-01 18:02:51.831379: train_loss -0.3661
2026-07-01 18:02:51.831793: val_loss -0.2285
2026-07-01 18:02:51.831938: Pseudo dice [np.float32(0.6813)]
2026-07-01 18:02:51.832101: Epoch time: 44.61 s
2026-07-01 18:02:53.588081: 
2026-07-01 18:02:53.588567: Epoch 68
2026-07-01 18:02:53.588862: Current learning rate: 0.00751
2026-07-01 18:03:38.358693: train_loss -0.3836
2026-07-01 18:03:38.359892: val_loss -0.2028
2026-07-01 18:03:38.360036: Pseudo dice [np.float32(0.6698)]
2026-07-01 18:03:38.360199: Epoch time: 44.77 s
2026-07-01 18:03:40.484446: 
2026-07-01 18:03:40.484917: Epoch 69
2026-07-01 18:03:40.485084: Current learning rate: 0.00748
2026-07-01 18:04:25.191471: train_loss -0.3787
2026-07-01 18:04:25.191897: val_loss -0.3223
2026-07-01 18:04:25.192044: Pseudo dice [np.float32(0.7161)]
2026-07-01 18:04:25.192217: Epoch time: 44.71 s
2026-07-01 18:04:26.944353: 
2026-07-01 18:04:26.944764: Epoch 70
2026-07-01 18:04:26.944940: Current learning rate: 0.00744
2026-07-01 18:05:11.798362: train_loss -0.3731
2026-07-01 18:05:11.799546: val_loss -0.2568
2026-07-01 18:05:11.799704: Pseudo dice [np.float32(0.6926)]
2026-07-01 18:05:11.799875: Epoch time: 44.86 s
2026-07-01 18:05:13.586238: 
2026-07-01 18:05:13.587175: Epoch 71
2026-07-01 18:05:13.589448: Current learning rate: 0.0074
2026-07-01 18:05:58.439612: train_loss -0.3735
2026-07-01 18:05:58.443079: val_loss -0.2603
2026-07-01 18:05:58.443286: Pseudo dice [np.float32(0.6909)]
2026-07-01 18:05:58.443522: Epoch time: 44.86 s
2026-07-01 18:06:00.221970: 
2026-07-01 18:06:00.222485: Epoch 72
2026-07-01 18:06:00.223194: Current learning rate: 0.00737
2026-07-01 18:06:45.119067: train_loss -0.3735
2026-07-01 18:06:45.119685: val_loss -0.1426
2026-07-01 18:06:45.119832: Pseudo dice [np.float32(0.6796)]
2026-07-01 18:06:45.120016: Epoch time: 44.9 s
2026-07-01 18:06:46.896493: 
2026-07-01 18:06:46.897156: Epoch 73
2026-07-01 18:06:46.897707: Current learning rate: 0.00733
2026-07-01 18:07:32.011746: train_loss -0.3785
2026-07-01 18:07:32.012311: val_loss -0.2392
2026-07-01 18:07:32.012474: Pseudo dice [np.float32(0.6894)]
2026-07-01 18:07:32.030438: Epoch time: 45.12 s
2026-07-01 18:07:33.809496: 
2026-07-01 18:07:33.809943: Epoch 74
2026-07-01 18:07:33.810121: Current learning rate: 0.00729
2026-07-01 18:08:19.335681: train_loss -0.3831
2026-07-01 18:08:19.336127: val_loss -0.2571
2026-07-01 18:08:19.336266: Pseudo dice [np.float32(0.6824)]
2026-07-01 18:08:19.336423: Epoch time: 45.53 s
2026-07-01 18:08:21.092699: 
2026-07-01 18:08:21.093142: Epoch 75
2026-07-01 18:08:21.093376: Current learning rate: 0.00725
2026-07-01 18:09:06.331598: train_loss -0.3705
2026-07-01 18:09:06.332103: val_loss -0.2134
2026-07-01 18:09:06.332242: Pseudo dice [np.float32(0.6581)]
2026-07-01 18:09:06.332403: Epoch time: 45.24 s
2026-07-01 18:09:08.081709: 
2026-07-01 18:09:08.082022: Epoch 76
2026-07-01 18:09:08.082196: Current learning rate: 0.00722
2026-07-01 18:09:53.239150: train_loss -0.3917
2026-07-01 18:09:53.245218: val_loss -0.1837
2026-07-01 18:09:53.245372: Pseudo dice [np.float32(0.6757)]
2026-07-01 18:09:53.245544: Epoch time: 45.16 s
2026-07-01 18:09:55.022932: 
2026-07-01 18:09:55.023484: Epoch 77
2026-07-01 18:09:55.023838: Current learning rate: 0.00718
2026-07-01 18:10:40.504197: train_loss -0.3853
2026-07-01 18:10:40.505385: val_loss -0.1221
2026-07-01 18:10:40.505534: Pseudo dice [np.float32(0.6616)]
2026-07-01 18:10:40.505709: Epoch time: 45.48 s
2026-07-01 18:10:42.284374: 
2026-07-01 18:10:42.284871: Epoch 78
2026-07-01 18:10:42.285135: Current learning rate: 0.00714
2026-07-01 18:11:27.097013: train_loss -0.3694
2026-07-01 18:11:27.097459: val_loss -0.162
2026-07-01 18:11:27.097601: Pseudo dice [np.float32(0.6469)]
2026-07-01 18:11:27.097781: Epoch time: 44.82 s
2026-07-01 18:11:28.877359: 
2026-07-01 18:11:28.877924: Epoch 79
2026-07-01 18:11:28.878611: Current learning rate: 0.0071
2026-07-01 18:12:13.765450: train_loss -0.3768
2026-07-01 18:12:13.766593: val_loss -0.172
2026-07-01 18:12:13.766777: Pseudo dice [np.float32(0.654)]
2026-07-01 18:12:13.766939: Epoch time: 44.89 s
2026-07-01 18:12:15.527042: 
2026-07-01 18:12:15.527488: Epoch 80
2026-07-01 18:12:15.527793: Current learning rate: 0.00707
2026-07-01 18:13:00.424946: train_loss -0.3733
2026-07-01 18:13:00.425387: val_loss -0.1999
2026-07-01 18:13:00.425537: Pseudo dice [np.float32(0.6736)]
2026-07-01 18:13:00.425714: Epoch time: 44.9 s
2026-07-01 18:13:02.187701: 
2026-07-01 18:13:02.188242: Epoch 81
2026-07-01 18:13:02.188445: Current learning rate: 0.00703
2026-07-01 18:13:47.065037: train_loss -0.3797
2026-07-01 18:13:47.065596: val_loss -0.187
2026-07-01 18:13:47.065754: Pseudo dice [np.float32(0.6551)]
2026-07-01 18:13:47.065916: Epoch time: 44.88 s
2026-07-01 18:13:48.834714: 
2026-07-01 18:13:48.835210: Epoch 82
2026-07-01 18:13:48.835908: Current learning rate: 0.00699
2026-07-01 18:14:33.698456: train_loss -0.3724
2026-07-01 18:14:33.698920: val_loss -0.2081
2026-07-01 18:14:33.699069: Pseudo dice [np.float32(0.6851)]
2026-07-01 18:14:33.699230: Epoch time: 44.87 s
2026-07-01 18:14:35.398329: 
2026-07-01 18:14:35.398735: Epoch 83
2026-07-01 18:14:35.398904: Current learning rate: 0.00696
2026-07-01 18:15:20.070745: train_loss -0.3833
2026-07-01 18:15:20.071150: val_loss -0.2497
2026-07-01 18:15:20.071289: Pseudo dice [np.float32(0.6738)]
2026-07-01 18:15:20.071444: Epoch time: 44.68 s
2026-07-01 18:15:21.768760: 
2026-07-01 18:15:21.769134: Epoch 84
2026-07-01 18:15:21.769811: Current learning rate: 0.00692
2026-07-01 18:16:06.598045: train_loss -0.3762
2026-07-01 18:16:06.598533: val_loss -0.2216
2026-07-01 18:16:06.598686: Pseudo dice [np.float32(0.6925)]
2026-07-01 18:16:06.598851: Epoch time: 44.83 s
2026-07-01 18:16:08.290856: 
2026-07-01 18:16:08.291195: Epoch 85
2026-07-01 18:16:08.291374: Current learning rate: 0.00688
2026-07-01 18:16:53.152885: train_loss -0.3761
2026-07-01 18:16:53.153368: val_loss -0.1881
2026-07-01 18:16:53.153537: Pseudo dice [np.float32(0.671)]
2026-07-01 18:16:53.153705: Epoch time: 44.86 s
2026-07-01 18:16:55.214880: 
2026-07-01 18:16:55.215328: Epoch 86
2026-07-01 18:16:55.216192: Current learning rate: 0.00684
2026-07-01 18:17:40.099611: train_loss -0.3884
2026-07-01 18:17:40.100046: val_loss -0.1294
2026-07-01 18:17:40.100189: Pseudo dice [np.float32(0.6469)]
2026-07-01 18:17:40.100351: Epoch time: 44.89 s
2026-07-01 18:17:41.810034: 
2026-07-01 18:17:41.810720: Epoch 87
2026-07-01 18:17:41.811014: Current learning rate: 0.0068
2026-07-01 18:18:26.744151: train_loss -0.3708
2026-07-01 18:18:26.744620: val_loss -0.2167
2026-07-01 18:18:26.744786: Pseudo dice [np.float32(0.6854)]
2026-07-01 18:18:26.744951: Epoch time: 44.94 s
2026-07-01 18:18:28.447318: 
2026-07-01 18:18:28.447740: Epoch 88
2026-07-01 18:18:28.447988: Current learning rate: 0.00677
2026-07-01 18:19:13.292284: train_loss -0.4014
2026-07-01 18:19:13.292702: val_loss -0.1422
2026-07-01 18:19:13.292842: Pseudo dice [np.float32(0.6385)]
2026-07-01 18:19:13.293003: Epoch time: 44.85 s
2026-07-01 18:19:14.998573: 
2026-07-01 18:19:14.999099: Epoch 89
2026-07-01 18:19:14.999345: Current learning rate: 0.00673
2026-07-01 18:19:59.753968: train_loss -0.3739
2026-07-01 18:19:59.754600: val_loss -0.2005
2026-07-01 18:19:59.754749: Pseudo dice [np.float32(0.6789)]
2026-07-01 18:19:59.754910: Epoch time: 44.76 s
2026-07-01 18:20:01.471424: 
2026-07-01 18:20:01.471964: Epoch 90
2026-07-01 18:20:01.472227: Current learning rate: 0.00669
2026-07-01 18:20:46.233658: train_loss -0.3894
2026-07-01 18:20:46.236759: val_loss -0.2297
2026-07-01 18:20:46.236918: Pseudo dice [np.float32(0.6823)]
2026-07-01 18:20:46.237093: Epoch time: 44.77 s
2026-07-01 18:20:47.960620: 
2026-07-01 18:20:47.961096: Epoch 91
2026-07-01 18:20:47.961323: Current learning rate: 0.00665
2026-07-01 18:21:32.933522: train_loss -0.3997
2026-07-01 18:21:32.934125: val_loss -0.1787
2026-07-01 18:21:32.934270: Pseudo dice [np.float32(0.6499)]
2026-07-01 18:21:32.934428: Epoch time: 44.98 s
2026-07-01 18:21:34.647567: 
2026-07-01 18:21:34.648072: Epoch 92
2026-07-01 18:21:34.648353: Current learning rate: 0.00662
2026-07-01 18:22:19.558467: train_loss -0.3844
2026-07-01 18:22:19.558955: val_loss -0.2823
2026-07-01 18:22:19.559118: Pseudo dice [np.float32(0.7118)]
2026-07-01 18:22:19.559281: Epoch time: 44.91 s
2026-07-01 18:22:21.266940: 
2026-07-01 18:22:21.267384: Epoch 93
2026-07-01 18:22:21.267562: Current learning rate: 0.00658
2026-07-01 18:23:06.136243: train_loss -0.3828
2026-07-01 18:23:06.136784: val_loss -0.1765
2026-07-01 18:23:06.136939: Pseudo dice [np.float32(0.6541)]
2026-07-01 18:23:06.137104: Epoch time: 44.87 s
2026-07-01 18:23:07.911729: 
2026-07-01 18:23:07.912329: Epoch 94
2026-07-01 18:23:07.912869: Current learning rate: 0.00654
2026-07-01 18:23:52.827347: train_loss -0.3852
2026-07-01 18:23:52.827839: val_loss -0.1706
2026-07-01 18:23:52.828030: Pseudo dice [np.float32(0.6555)]
2026-07-01 18:23:52.828198: Epoch time: 44.92 s
2026-07-01 18:23:54.564190: 
2026-07-01 18:23:54.564759: Epoch 95
2026-07-01 18:23:54.565058: Current learning rate: 0.0065
2026-07-01 18:24:39.710817: train_loss -0.3973
2026-07-01 18:24:39.711377: val_loss -0.2155
2026-07-01 18:24:39.711525: Pseudo dice [np.float32(0.6766)]
2026-07-01 18:24:39.711706: Epoch time: 45.15 s
2026-07-01 18:24:41.443877: 
2026-07-01 18:24:41.444440: Epoch 96
2026-07-01 18:24:41.444912: Current learning rate: 0.00647
2026-07-01 18:25:26.240178: train_loss -0.3807
2026-07-01 18:25:26.240722: val_loss -0.2363
2026-07-01 18:25:26.240865: Pseudo dice [np.float32(0.6989)]
2026-07-01 18:25:26.241030: Epoch time: 44.8 s
2026-07-01 18:25:27.971004: 
2026-07-01 18:25:27.971486: Epoch 97
2026-07-01 18:25:27.971769: Current learning rate: 0.00643
2026-07-01 18:26:12.959658: train_loss -0.3974
2026-07-01 18:26:12.960104: val_loss -0.1894
2026-07-01 18:26:12.960246: Pseudo dice [np.float32(0.6887)]
2026-07-01 18:26:12.960411: Epoch time: 44.99 s
2026-07-01 18:26:14.689424: 
2026-07-01 18:26:14.689858: Epoch 98
2026-07-01 18:26:14.690025: Current learning rate: 0.00639
2026-07-01 18:26:59.641802: train_loss -0.3931
2026-07-01 18:26:59.643001: val_loss -0.2035
2026-07-01 18:26:59.643157: Pseudo dice [np.float32(0.6735)]
2026-07-01 18:26:59.643323: Epoch time: 44.96 s
2026-07-01 18:27:01.371929: 
2026-07-01 18:27:01.372252: Epoch 99
2026-07-01 18:27:01.372410: Current learning rate: 0.00635
2026-07-01 18:27:46.443209: train_loss -0.4014
2026-07-01 18:27:46.443667: val_loss -0.1829
2026-07-01 18:27:46.443813: Pseudo dice [np.float32(0.6437)]
2026-07-01 18:27:46.443974: Epoch time: 45.07 s
2026-07-01 18:27:48.646276: 
2026-07-01 18:27:48.646639: Epoch 100
2026-07-01 18:27:48.646870: Current learning rate: 0.00631
2026-07-01 18:28:33.608827: train_loss -0.3731
2026-07-01 18:28:33.609428: val_loss -0.252
2026-07-01 18:28:33.609591: Pseudo dice [np.float32(0.7008)]
2026-07-01 18:28:33.609763: Epoch time: 44.97 s
2026-07-01 18:28:35.355881: 
2026-07-01 18:28:35.356341: Epoch 101
2026-07-01 18:28:35.357135: Current learning rate: 0.00628
2026-07-01 18:29:20.981877: train_loss -0.3875
2026-07-01 18:29:20.982481: val_loss -0.1356
2026-07-01 18:29:20.982649: Pseudo dice [np.float32(0.6669)]
2026-07-01 18:29:20.982825: Epoch time: 45.63 s
2026-07-01 18:29:22.721567: 
2026-07-01 18:29:22.722376: Epoch 102
2026-07-01 18:29:22.722688: Current learning rate: 0.00624
2026-07-01 18:30:07.969511: train_loss -0.3962
2026-07-01 18:30:07.969981: val_loss -0.3172
2026-07-01 18:30:07.970123: Pseudo dice [np.float32(0.7253)]
2026-07-01 18:30:07.970293: Epoch time: 45.25 s
2026-07-01 18:30:09.697219: 
2026-07-01 18:30:09.697598: Epoch 103
2026-07-01 18:30:09.697775: Current learning rate: 0.0062
2026-07-01 18:30:55.172485: train_loss -0.3987
2026-07-01 18:30:55.173402: val_loss -0.0964
2026-07-01 18:30:55.173557: Pseudo dice [np.float32(0.6455)]
2026-07-01 18:30:55.173734: Epoch time: 45.48 s
2026-07-01 18:30:57.272916: 
2026-07-01 18:30:57.273451: Epoch 104
2026-07-01 18:30:57.274269: Current learning rate: 0.00616
2026-07-01 18:31:42.218526: train_loss -0.4017
2026-07-01 18:31:42.219107: val_loss -0.1666
2026-07-01 18:31:42.219265: Pseudo dice [np.float32(0.6669)]
2026-07-01 18:31:42.219427: Epoch time: 44.95 s
2026-07-01 18:31:43.961560: 
2026-07-01 18:31:43.962036: Epoch 105
2026-07-01 18:31:43.962201: Current learning rate: 0.00612
2026-07-01 18:32:29.292172: train_loss -0.3824
2026-07-01 18:32:29.295170: val_loss -0.1904
2026-07-01 18:32:29.295359: Pseudo dice [np.float32(0.6717)]
2026-07-01 18:32:29.295544: Epoch time: 45.33 s
2026-07-01 18:32:31.061615: 
2026-07-01 18:32:31.061995: Epoch 106
2026-07-01 18:32:31.062685: Current learning rate: 0.00609
2026-07-01 18:33:16.010515: train_loss -0.3916
2026-07-01 18:33:16.011134: val_loss -0.1605
2026-07-01 18:33:16.011279: Pseudo dice [np.float32(0.6601)]
2026-07-01 18:33:16.011482: Epoch time: 44.95 s
2026-07-01 18:33:17.761160: 
2026-07-01 18:33:17.761593: Epoch 107
2026-07-01 18:33:17.761803: Current learning rate: 0.00605
2026-07-01 18:34:02.636448: train_loss -0.3852
2026-07-01 18:34:02.636969: val_loss -0.2193
2026-07-01 18:34:02.637125: Pseudo dice [np.float32(0.6634)]
2026-07-01 18:34:02.637349: Epoch time: 44.88 s
2026-07-01 18:34:04.380668: 
2026-07-01 18:34:04.381097: Epoch 108
2026-07-01 18:34:04.381265: Current learning rate: 0.00601
2026-07-01 18:34:49.121693: train_loss -0.404
2026-07-01 18:34:49.122088: val_loss -0.2037
2026-07-01 18:34:49.122236: Pseudo dice [np.float32(0.6853)]
2026-07-01 18:34:49.122400: Epoch time: 44.74 s
2026-07-01 18:34:50.864352: 
2026-07-01 18:34:50.864852: Epoch 109
2026-07-01 18:34:50.865655: Current learning rate: 0.00597
2026-07-01 18:35:35.624501: train_loss -0.3842
2026-07-01 18:35:35.625059: val_loss -0.1498
2026-07-01 18:35:35.625206: Pseudo dice [np.float32(0.6586)]
2026-07-01 18:35:35.625373: Epoch time: 44.76 s
2026-07-01 18:35:37.389903: 
2026-07-01 18:35:37.390467: Epoch 110
2026-07-01 18:35:37.390790: Current learning rate: 0.00593
2026-07-01 18:36:22.172922: train_loss -0.3856
2026-07-01 18:36:22.173518: val_loss -0.2162
2026-07-01 18:36:22.173670: Pseudo dice [np.float32(0.6972)]
2026-07-01 18:36:22.174621: Epoch time: 44.79 s
2026-07-01 18:36:23.927775: 
2026-07-01 18:36:23.928225: Epoch 111
2026-07-01 18:36:23.928515: Current learning rate: 0.0059
2026-07-01 18:37:08.816114: train_loss -0.3878
2026-07-01 18:37:08.816761: val_loss -0.1375
2026-07-01 18:37:08.816928: Pseudo dice [np.float32(0.6432)]
2026-07-01 18:37:08.817124: Epoch time: 44.89 s
2026-07-01 18:37:10.545777: 
2026-07-01 18:37:10.546197: Epoch 112
2026-07-01 18:37:10.546385: Current learning rate: 0.00586
2026-07-01 18:37:55.423497: train_loss -0.3928
2026-07-01 18:37:55.424002: val_loss -0.2828
2026-07-01 18:37:55.424152: Pseudo dice [np.float32(0.6996)]
2026-07-01 18:37:55.424316: Epoch time: 44.88 s
2026-07-01 18:37:57.502766: 
2026-07-01 18:37:57.503346: Epoch 113
2026-07-01 18:37:57.503649: Current learning rate: 0.00582
2026-07-01 18:38:42.276663: train_loss -0.4064
2026-07-01 18:38:42.277341: val_loss -0.153
2026-07-01 18:38:42.277478: Pseudo dice [np.float32(0.6642)]
2026-07-01 18:38:42.277640: Epoch time: 44.78 s
2026-07-01 18:38:43.997139: 
2026-07-01 18:38:43.997674: Epoch 114
2026-07-01 18:38:43.998353: Current learning rate: 0.00578
2026-07-01 18:39:28.856151: train_loss -0.4008
2026-07-01 18:39:28.856684: val_loss -0.1862
2026-07-01 18:39:28.856835: Pseudo dice [np.float32(0.6672)]
2026-07-01 18:39:28.857002: Epoch time: 44.86 s
2026-07-01 18:39:30.582752: 
2026-07-01 18:39:30.583098: Epoch 115
2026-07-01 18:39:30.583304: Current learning rate: 0.00574
2026-07-01 18:40:15.453374: train_loss -0.4042
2026-07-01 18:40:15.454589: val_loss -0.1843
2026-07-01 18:40:15.454773: Pseudo dice [np.float32(0.6662)]
2026-07-01 18:40:15.454943: Epoch time: 44.87 s
2026-07-01 18:40:17.200544: 
2026-07-01 18:40:17.201000: Epoch 116
2026-07-01 18:40:17.201441: Current learning rate: 0.0057
2026-07-01 18:41:02.205115: train_loss -0.4071
2026-07-01 18:41:02.205521: val_loss -0.2161
2026-07-01 18:41:02.205679: Pseudo dice [np.float32(0.6708)]
2026-07-01 18:41:02.205863: Epoch time: 45.01 s
2026-07-01 18:41:03.939644: 
2026-07-01 18:41:03.940059: Epoch 117
2026-07-01 18:41:03.940241: Current learning rate: 0.00567
2026-07-01 18:41:48.714501: train_loss -0.4013
2026-07-01 18:41:48.714972: val_loss -0.2074
2026-07-01 18:41:48.715118: Pseudo dice [np.float32(0.6839)]
2026-07-01 18:41:48.715283: Epoch time: 44.78 s
2026-07-01 18:41:50.475766: 
2026-07-01 18:41:50.476323: Epoch 118
2026-07-01 18:41:50.476609: Current learning rate: 0.00563
2026-07-01 18:42:35.533018: train_loss -0.3919
2026-07-01 18:42:35.534217: val_loss -0.2712
2026-07-01 18:42:35.534371: Pseudo dice [np.float32(0.7078)]
2026-07-01 18:42:35.534535: Epoch time: 45.06 s
2026-07-01 18:42:37.267870: 
2026-07-01 18:42:37.268203: Epoch 119
2026-07-01 18:42:37.268883: Current learning rate: 0.00559
2026-07-01 18:43:22.252999: train_loss -0.3923
2026-07-01 18:43:22.253463: val_loss -0.1291
2026-07-01 18:43:22.253601: Pseudo dice [np.float32(0.6586)]
2026-07-01 18:43:22.253776: Epoch time: 44.99 s
2026-07-01 18:43:23.998104: 
2026-07-01 18:43:23.998453: Epoch 120
2026-07-01 18:43:23.998644: Current learning rate: 0.00555
2026-07-01 18:44:09.472320: train_loss -0.3701
2026-07-01 18:44:09.472805: val_loss -0.2341
2026-07-01 18:44:09.472952: Pseudo dice [np.float32(0.7025)]
2026-07-01 18:44:09.473118: Epoch time: 45.48 s
2026-07-01 18:44:11.209585: 
2026-07-01 18:44:11.210029: Epoch 121
2026-07-01 18:44:11.210228: Current learning rate: 0.00551
2026-07-01 18:44:56.193009: train_loss -0.3845
2026-07-01 18:44:56.193577: val_loss -0.273
2026-07-01 18:44:56.193816: Pseudo dice [np.float32(0.705)]
2026-07-01 18:44:56.194001: Epoch time: 44.99 s
2026-07-01 18:44:58.306088: 
2026-07-01 18:44:58.306751: Epoch 122
2026-07-01 18:44:58.307114: Current learning rate: 0.00547
2026-07-01 18:45:43.177171: train_loss -0.3975
2026-07-01 18:45:43.177735: val_loss -0.2167
2026-07-01 18:45:43.177890: Pseudo dice [np.float32(0.6818)]
2026-07-01 18:45:43.178060: Epoch time: 44.87 s
2026-07-01 18:45:44.949515: 
2026-07-01 18:45:44.950075: Epoch 123
2026-07-01 18:45:44.950297: Current learning rate: 0.00544
2026-07-01 18:46:29.868407: train_loss -0.3825
2026-07-01 18:46:29.868823: val_loss -0.2217
2026-07-01 18:46:29.868966: Pseudo dice [np.float32(0.6802)]
2026-07-01 18:46:29.869127: Epoch time: 44.92 s
2026-07-01 18:46:31.609048: 
2026-07-01 18:46:31.609519: Epoch 124
2026-07-01 18:46:31.609713: Current learning rate: 0.0054
2026-07-01 18:47:16.399561: train_loss -0.3938
2026-07-01 18:47:16.400092: val_loss -0.2793
2026-07-01 18:47:16.400247: Pseudo dice [np.float32(0.6987)]
2026-07-01 18:47:16.400409: Epoch time: 44.79 s
2026-07-01 18:47:18.165189: 
2026-07-01 18:47:18.165696: Epoch 125
2026-07-01 18:47:18.166005: Current learning rate: 0.00536
2026-07-01 18:48:02.779121: train_loss -0.4054
2026-07-01 18:48:02.779558: val_loss -0.1563
2026-07-01 18:48:02.779702: Pseudo dice [np.float32(0.6682)]
2026-07-01 18:48:02.779865: Epoch time: 44.62 s
2026-07-01 18:48:04.521739: 
2026-07-01 18:48:04.522296: Epoch 126
2026-07-01 18:48:04.522580: Current learning rate: 0.00532
2026-07-01 18:48:49.352510: train_loss -0.3955
2026-07-01 18:48:49.352926: val_loss -0.2512
2026-07-01 18:48:49.353074: Pseudo dice [np.float32(0.6886)]
2026-07-01 18:48:49.353243: Epoch time: 44.83 s
2026-07-01 18:48:51.099324: 
2026-07-01 18:48:51.099764: Epoch 127
2026-07-01 18:48:51.099976: Current learning rate: 0.00528
2026-07-01 18:49:35.837943: train_loss -0.4057
2026-07-01 18:49:35.838476: val_loss -0.1979
2026-07-01 18:49:35.838670: Pseudo dice [np.float32(0.6679)]
2026-07-01 18:49:35.838839: Epoch time: 44.74 s
2026-07-01 18:49:37.693932: 
2026-07-01 18:49:37.694385: Epoch 128
2026-07-01 18:49:37.694571: Current learning rate: 0.00524
2026-07-01 18:50:22.386837: train_loss -0.4193
2026-07-01 18:50:22.387177: val_loss -0.2181
2026-07-01 18:50:22.387319: Pseudo dice [np.float32(0.6741)]
2026-07-01 18:50:22.387484: Epoch time: 44.7 s
2026-07-01 18:50:24.138237: 
2026-07-01 18:50:24.138673: Epoch 129
2026-07-01 18:50:24.138895: Current learning rate: 0.0052
2026-07-01 18:51:08.708994: train_loss -0.4085
2026-07-01 18:51:08.709440: val_loss -0.2476
2026-07-01 18:51:08.709583: Pseudo dice [np.float32(0.6941)]
2026-07-01 18:51:08.709758: Epoch time: 44.57 s
2026-07-01 18:51:10.469123: 
2026-07-01 18:51:10.469495: Epoch 130
2026-07-01 18:51:10.469816: Current learning rate: 0.00517
2026-07-01 18:51:55.098117: train_loss -0.4011
2026-07-01 18:51:55.098662: val_loss -0.132
2026-07-01 18:51:55.098808: Pseudo dice [np.float32(0.6685)]
2026-07-01 18:51:55.098968: Epoch time: 44.63 s
2026-07-01 18:51:57.194480: 
2026-07-01 18:51:57.194941: Epoch 131
2026-07-01 18:51:57.195130: Current learning rate: 0.00513
2026-07-01 18:52:41.875565: train_loss -0.3916
2026-07-01 18:52:41.876081: val_loss -0.1799
2026-07-01 18:52:41.876240: Pseudo dice [np.float32(0.6725)]
2026-07-01 18:52:41.876407: Epoch time: 44.68 s
2026-07-01 18:52:43.632115: 
2026-07-01 18:52:43.632659: Epoch 132
2026-07-01 18:52:43.633424: Current learning rate: 0.00509
2026-07-01 18:53:28.355690: train_loss -0.4026
2026-07-01 18:53:28.356180: val_loss -0.1313
2026-07-01 18:53:28.356330: Pseudo dice [np.float32(0.661)]
2026-07-01 18:53:28.356496: Epoch time: 44.73 s
2026-07-01 18:53:30.108668: 
2026-07-01 18:53:30.109236: Epoch 133
2026-07-01 18:53:30.109527: Current learning rate: 0.00505
2026-07-01 18:54:14.815980: train_loss -0.3886
2026-07-01 18:54:14.816561: val_loss -0.2433
2026-07-01 18:54:14.816726: Pseudo dice [np.float32(0.6945)]
2026-07-01 18:54:14.816889: Epoch time: 44.71 s
2026-07-01 18:54:16.574625: 
2026-07-01 18:54:16.575234: Epoch 134
2026-07-01 18:54:16.575509: Current learning rate: 0.00501
2026-07-01 18:55:01.652526: train_loss -0.3988
2026-07-01 18:55:01.653151: val_loss -0.1647
2026-07-01 18:55:01.653310: Pseudo dice [np.float32(0.6718)]
2026-07-01 18:55:01.653480: Epoch time: 45.08 s
2026-07-01 18:55:03.428151: 
2026-07-01 18:55:03.428588: Epoch 135
2026-07-01 18:55:03.428890: Current learning rate: 0.00497
2026-07-01 18:55:48.218431: train_loss -0.4164
2026-07-01 18:55:48.218939: val_loss -0.2078
2026-07-01 18:55:48.219085: Pseudo dice [np.float32(0.6754)]
2026-07-01 18:55:48.219249: Epoch time: 44.79 s
2026-07-01 18:55:49.980226: 
2026-07-01 18:55:49.980624: Epoch 136
2026-07-01 18:55:49.980802: Current learning rate: 0.00493
2026-07-01 18:56:34.877213: train_loss -0.4169
2026-07-01 18:56:34.877867: val_loss -0.0964
2026-07-01 18:56:34.878008: Pseudo dice [np.float32(0.6388)]
2026-07-01 18:56:34.878176: Epoch time: 44.9 s
2026-07-01 18:56:36.640271: 
2026-07-01 18:56:36.640568: Epoch 137
2026-07-01 18:56:36.640730: Current learning rate: 0.00489
2026-07-01 18:57:21.846587: train_loss -0.4075
2026-07-01 18:57:21.847039: val_loss -0.2046
2026-07-01 18:57:21.847198: Pseudo dice [np.float32(0.673)]
2026-07-01 18:57:21.847372: Epoch time: 45.21 s
2026-07-01 18:57:23.619769: 
2026-07-01 18:57:23.620171: Epoch 138
2026-07-01 18:57:23.620348: Current learning rate: 0.00485
2026-07-01 18:58:08.356735: train_loss -0.3961
2026-07-01 18:58:08.357189: val_loss -0.1978
2026-07-01 18:58:08.357325: Pseudo dice [np.float32(0.6968)]
2026-07-01 18:58:08.357483: Epoch time: 44.74 s
2026-07-01 18:58:10.117403: 
2026-07-01 18:58:10.117803: Epoch 139
2026-07-01 18:58:10.117973: Current learning rate: 0.00482
2026-07-01 18:58:54.887909: train_loss -0.4134
2026-07-01 18:58:54.888391: val_loss -0.1139
2026-07-01 18:58:54.888537: Pseudo dice [np.float32(0.6299)]
2026-07-01 18:58:54.888715: Epoch time: 44.77 s
2026-07-01 18:58:57.011994: 
2026-07-01 18:58:57.012411: Epoch 140
2026-07-01 18:58:57.012582: Current learning rate: 0.00478
2026-07-01 18:59:41.771932: train_loss -0.4049
2026-07-01 18:59:41.773312: val_loss -0.157
2026-07-01 18:59:41.773482: Pseudo dice [np.float32(0.6512)]
2026-07-01 18:59:41.773666: Epoch time: 44.76 s
2026-07-01 18:59:43.542082: 
2026-07-01 18:59:43.542615: Epoch 141
2026-07-01 18:59:43.542908: Current learning rate: 0.00474
2026-07-01 19:00:28.157573: train_loss -0.4162
2026-07-01 19:00:28.158040: val_loss -0.1409
2026-07-01 19:00:28.158188: Pseudo dice [np.float32(0.6651)]
2026-07-01 19:00:28.158354: Epoch time: 44.62 s
2026-07-01 19:00:29.920377: 
2026-07-01 19:00:29.920910: Epoch 142
2026-07-01 19:00:29.921178: Current learning rate: 0.0047
2026-07-01 19:01:14.560427: train_loss -0.3966
2026-07-01 19:01:14.561013: val_loss -0.2347
2026-07-01 19:01:14.561159: Pseudo dice [np.float32(0.6815)]
2026-07-01 19:01:14.561332: Epoch time: 44.64 s
2026-07-01 19:01:16.353835: 
2026-07-01 19:01:16.354794: Epoch 143
2026-07-01 19:01:16.355524: Current learning rate: 0.00466
2026-07-01 19:02:00.990780: train_loss -0.4111
2026-07-01 19:02:00.991398: val_loss -0.1742
2026-07-01 19:02:00.991556: Pseudo dice [np.float32(0.6678)]
2026-07-01 19:02:00.991767: Epoch time: 44.64 s
2026-07-01 19:02:02.800832: 
2026-07-01 19:02:02.801212: Epoch 144
2026-07-01 19:02:02.802522: Current learning rate: 0.00462
2026-07-01 19:02:47.539318: train_loss -0.4013
2026-07-01 19:02:47.539786: val_loss -0.1426
2026-07-01 19:02:47.539931: Pseudo dice [np.float32(0.6528)]
2026-07-01 19:02:47.540117: Epoch time: 44.74 s
2026-07-01 19:02:49.324444: 
2026-07-01 19:02:49.325212: Epoch 145
2026-07-01 19:02:49.325718: Current learning rate: 0.00458
2026-07-01 19:03:33.818550: train_loss -0.4175
2026-07-01 19:03:33.822379: val_loss -0.1821
2026-07-01 19:03:33.822544: Pseudo dice [np.float32(0.6618)]
2026-07-01 19:03:33.822742: Epoch time: 44.5 s
2026-07-01 19:03:35.619992: 
2026-07-01 19:03:35.620561: Epoch 146
2026-07-01 19:03:35.620771: Current learning rate: 0.00454
2026-07-01 19:04:20.328200: train_loss -0.4061
2026-07-01 19:04:20.328731: val_loss -0.2567
2026-07-01 19:04:20.328880: Pseudo dice [np.float32(0.7001)]
2026-07-01 19:04:20.329049: Epoch time: 44.71 s
2026-07-01 19:04:22.100947: 
2026-07-01 19:04:22.101321: Epoch 147
2026-07-01 19:04:22.101586: Current learning rate: 0.0045
2026-07-01 19:05:06.874658: train_loss -0.3905
2026-07-01 19:05:06.875124: val_loss -0.1446
2026-07-01 19:05:06.875696: Pseudo dice [np.float32(0.6708)]
2026-07-01 19:05:06.875869: Epoch time: 44.78 s
2026-07-01 19:05:08.996493: 
2026-07-01 19:05:08.996956: Epoch 148
2026-07-01 19:05:08.997197: Current learning rate: 0.00446
2026-07-01 19:05:53.847164: train_loss -0.4092
2026-07-01 19:05:53.847666: val_loss -0.2894
2026-07-01 19:05:53.847821: Pseudo dice [np.float32(0.7065)]
2026-07-01 19:05:53.847991: Epoch time: 44.85 s
2026-07-01 19:05:55.611461: 
2026-07-01 19:05:55.611872: Epoch 149
2026-07-01 19:05:55.612535: Current learning rate: 0.00442
2026-07-01 19:06:40.440399: train_loss -0.4081
2026-07-01 19:06:40.440844: val_loss -0.0975
2026-07-01 19:06:40.441045: Pseudo dice [np.float32(0.6484)]
2026-07-01 19:06:40.441215: Epoch time: 44.83 s
2026-07-01 19:06:42.642303: 
2026-07-01 19:06:42.642681: Epoch 150
2026-07-01 19:06:42.642867: Current learning rate: 0.00438
2026-07-01 19:07:27.482169: train_loss -0.4124
2026-07-01 19:07:27.482775: val_loss -0.2668
2026-07-01 19:07:27.482917: Pseudo dice [np.float32(0.7013)]
2026-07-01 19:07:27.483085: Epoch time: 44.84 s
2026-07-01 19:07:29.249546: 
2026-07-01 19:07:29.249940: Epoch 151
2026-07-01 19:07:29.250213: Current learning rate: 0.00434
2026-07-01 19:08:14.252146: train_loss -0.3965
2026-07-01 19:08:14.252545: val_loss -0.224
2026-07-01 19:08:14.252698: Pseudo dice [np.float32(0.6834)]
2026-07-01 19:08:14.252866: Epoch time: 45.01 s
2026-07-01 19:08:16.029624: 
2026-07-01 19:08:16.030115: Epoch 152
2026-07-01 19:08:16.030414: Current learning rate: 0.0043
2026-07-01 19:09:01.287830: train_loss -0.4171
2026-07-01 19:09:01.288355: val_loss -0.1864
2026-07-01 19:09:01.288515: Pseudo dice [np.float32(0.6804)]
2026-07-01 19:09:01.288697: Epoch time: 45.26 s
2026-07-01 19:09:03.086269: 
2026-07-01 19:09:03.086763: Epoch 153
2026-07-01 19:09:03.086939: Current learning rate: 0.00427
2026-07-01 19:09:47.956143: train_loss -0.4164
2026-07-01 19:09:47.956709: val_loss -0.2432
2026-07-01 19:09:47.956849: Pseudo dice [np.float32(0.7064)]
2026-07-01 19:09:47.957011: Epoch time: 44.87 s
2026-07-01 19:09:49.759815: 
2026-07-01 19:09:49.760317: Epoch 154
2026-07-01 19:09:49.760513: Current learning rate: 0.00423
2026-07-01 19:10:34.594034: train_loss -0.4079
2026-07-01 19:10:34.594550: val_loss -0.2636
2026-07-01 19:10:34.594702: Pseudo dice [np.float32(0.7109)]
2026-07-01 19:10:34.594868: Epoch time: 44.84 s
2026-07-01 19:10:36.379546: 
2026-07-01 19:10:36.379872: Epoch 155
2026-07-01 19:10:36.380065: Current learning rate: 0.00419
2026-07-01 19:11:21.220425: train_loss -0.4084
2026-07-01 19:11:21.220985: val_loss -0.1988
2026-07-01 19:11:21.221148: Pseudo dice [np.float32(0.673)]
2026-07-01 19:11:21.221312: Epoch time: 44.84 s
2026-07-01 19:11:23.021200: 
2026-07-01 19:11:23.021536: Epoch 156
2026-07-01 19:11:23.021719: Current learning rate: 0.00415
2026-07-01 19:12:07.637086: train_loss -0.4152
2026-07-01 19:12:07.637636: val_loss -0.1861
2026-07-01 19:12:07.637787: Pseudo dice [np.float32(0.6681)]
2026-07-01 19:12:07.637950: Epoch time: 44.62 s
2026-07-01 19:12:09.794151: 
2026-07-01 19:12:09.794741: Epoch 157
2026-07-01 19:12:09.795015: Current learning rate: 0.00411
2026-07-01 19:12:54.582741: train_loss -0.4131
2026-07-01 19:12:54.583272: val_loss -0.1912
2026-07-01 19:12:54.583422: Pseudo dice [np.float32(0.6643)]
2026-07-01 19:12:54.583612: Epoch time: 44.79 s
2026-07-01 19:12:56.380198: 
2026-07-01 19:12:56.380814: Epoch 158
2026-07-01 19:12:56.381109: Current learning rate: 0.00407
2026-07-01 19:13:41.065536: train_loss -0.4159
2026-07-01 19:13:41.065980: val_loss -0.1762
2026-07-01 19:13:41.066124: Pseudo dice [np.float32(0.6744)]
2026-07-01 19:13:41.066281: Epoch time: 44.69 s
2026-07-01 19:13:42.852495: 
2026-07-01 19:13:42.852887: Epoch 159
2026-07-01 19:13:42.853055: Current learning rate: 0.00403
2026-07-01 19:14:27.757557: train_loss -0.4097
2026-07-01 19:14:27.758147: val_loss -0.236
2026-07-01 19:14:27.758290: Pseudo dice [np.float32(0.6895)]
2026-07-01 19:14:27.759160: Epoch time: 44.91 s
2026-07-01 19:14:29.550861: 
2026-07-01 19:14:29.551314: Epoch 160
2026-07-01 19:14:29.551600: Current learning rate: 0.00399
2026-07-01 19:15:14.200272: train_loss -0.4196
2026-07-01 19:15:14.200668: val_loss -0.0993
2026-07-01 19:15:14.200804: Pseudo dice [np.float32(0.6728)]
2026-07-01 19:15:14.200969: Epoch time: 44.65 s
2026-07-01 19:15:16.003472: 
2026-07-01 19:15:16.003937: Epoch 161
2026-07-01 19:15:16.004193: Current learning rate: 0.00395
2026-07-01 19:16:00.890230: train_loss -0.4044
2026-07-01 19:16:00.890692: val_loss -0.1768
2026-07-01 19:16:00.890838: Pseudo dice [np.float32(0.6593)]
2026-07-01 19:16:00.891000: Epoch time: 44.89 s
2026-07-01 19:16:02.692687: 
2026-07-01 19:16:02.693122: Epoch 162
2026-07-01 19:16:02.693877: Current learning rate: 0.00391
2026-07-01 19:16:47.231783: train_loss -0.4229
2026-07-01 19:16:47.232174: val_loss -0.1941
2026-07-01 19:16:47.232316: Pseudo dice [np.float32(0.6754)]
2026-07-01 19:16:47.232490: Epoch time: 44.54 s
2026-07-01 19:16:49.019920: 
2026-07-01 19:16:49.020355: Epoch 163
2026-07-01 19:16:49.020537: Current learning rate: 0.00387
2026-07-01 19:17:33.694439: train_loss -0.4035
2026-07-01 19:17:33.694915: val_loss -0.1978
2026-07-01 19:17:33.695049: Pseudo dice [np.float32(0.6831)]
2026-07-01 19:17:33.695213: Epoch time: 44.68 s
2026-07-01 19:17:35.493106: 
2026-07-01 19:17:35.493491: Epoch 164
2026-07-01 19:17:35.493670: Current learning rate: 0.00383
2026-07-01 19:18:20.218684: train_loss -0.4241
2026-07-01 19:18:20.219163: val_loss -0.1489
2026-07-01 19:18:20.219302: Pseudo dice [np.float32(0.6708)]
2026-07-01 19:18:20.219462: Epoch time: 44.73 s
2026-07-01 19:18:21.990378: 
2026-07-01 19:18:21.990785: Epoch 165
2026-07-01 19:18:21.991047: Current learning rate: 0.00379
2026-07-01 19:19:06.675359: train_loss -0.4186
2026-07-01 19:19:06.675775: val_loss -0.1658
2026-07-01 19:19:06.676548: Pseudo dice [np.float32(0.6614)]
2026-07-01 19:19:06.676733: Epoch time: 44.69 s
2026-07-01 19:19:08.796338: 
2026-07-01 19:19:08.796775: Epoch 166
2026-07-01 19:19:08.796942: Current learning rate: 0.00375
2026-07-01 19:19:53.478814: train_loss -0.4171
2026-07-01 19:19:53.479486: val_loss -0.1697
2026-07-01 19:19:53.479642: Pseudo dice [np.float32(0.6686)]
2026-07-01 19:19:53.479817: Epoch time: 44.69 s
2026-07-01 19:19:55.256227: 
2026-07-01 19:19:55.256731: Epoch 167
2026-07-01 19:19:55.256901: Current learning rate: 0.00371
2026-07-01 19:20:39.942690: train_loss -0.4095
2026-07-01 19:20:39.943217: val_loss -0.1576
2026-07-01 19:20:39.943359: Pseudo dice [np.float32(0.6694)]
2026-07-01 19:20:39.943527: Epoch time: 44.69 s
2026-07-01 19:20:41.725111: 
2026-07-01 19:20:41.725616: Epoch 168
2026-07-01 19:20:41.726306: Current learning rate: 0.00367
2026-07-01 19:21:26.723645: train_loss -0.4231
2026-07-01 19:21:26.727069: val_loss -0.3247
2026-07-01 19:21:26.727215: Pseudo dice [np.float32(0.7267)]
2026-07-01 19:21:26.727383: Epoch time: 45.0 s
2026-07-01 19:21:28.521457: 
2026-07-01 19:21:28.522026: Epoch 169
2026-07-01 19:21:28.522312: Current learning rate: 0.00363
2026-07-01 19:22:13.480422: train_loss -0.4001
2026-07-01 19:22:13.480927: val_loss -0.1616
2026-07-01 19:22:13.481068: Pseudo dice [np.float32(0.6733)]
2026-07-01 19:22:13.481236: Epoch time: 44.96 s
2026-07-01 19:22:15.273310: 
2026-07-01 19:22:15.273859: Epoch 170
2026-07-01 19:22:15.274138: Current learning rate: 0.00359
2026-07-01 19:23:01.007533: train_loss -0.4137
2026-07-01 19:23:01.007934: val_loss -0.218
2026-07-01 19:23:01.008071: Pseudo dice [np.float32(0.6885)]
2026-07-01 19:23:01.008239: Epoch time: 45.74 s
2026-07-01 19:23:02.796153: 
2026-07-01 19:23:02.796622: Epoch 171
2026-07-01 19:23:02.796910: Current learning rate: 0.00355
2026-07-01 19:23:47.715859: train_loss -0.4135
2026-07-01 19:23:47.716332: val_loss -0.1258
2026-07-01 19:23:47.716494: Pseudo dice [np.float32(0.6536)]
2026-07-01 19:23:47.716666: Epoch time: 44.92 s
2026-07-01 19:23:49.616790: 
2026-07-01 19:23:49.617242: Epoch 172
2026-07-01 19:23:49.627848: Current learning rate: 0.00351
2026-07-01 19:24:34.465638: train_loss -0.4021
2026-07-01 19:24:34.466105: val_loss -0.2437
2026-07-01 19:24:34.466243: Pseudo dice [np.float32(0.6926)]
2026-07-01 19:24:34.466402: Epoch time: 44.85 s
2026-07-01 19:24:36.252582: 
2026-07-01 19:24:36.253150: Epoch 173
2026-07-01 19:24:36.253472: Current learning rate: 0.00346
2026-07-01 19:25:21.489786: train_loss -0.4112
2026-07-01 19:25:21.490251: val_loss -0.1921
2026-07-01 19:25:21.490419: Pseudo dice [np.float32(0.6765)]
2026-07-01 19:25:21.490590: Epoch time: 45.24 s
2026-07-01 19:25:23.626107: 
2026-07-01 19:25:23.626853: Epoch 174
2026-07-01 19:25:23.627132: Current learning rate: 0.00342
2026-07-01 19:26:08.494227: train_loss -0.4149
2026-07-01 19:26:08.494851: val_loss -0.2464
2026-07-01 19:26:08.495011: Pseudo dice [np.float32(0.7059)]
2026-07-01 19:26:08.495206: Epoch time: 44.87 s
2026-07-01 19:26:10.286069: 
2026-07-01 19:26:10.286535: Epoch 175
2026-07-01 19:26:10.286710: Current learning rate: 0.00338
2026-07-01 19:26:55.185689: train_loss -0.4066
2026-07-01 19:26:55.186223: val_loss -0.1291
2026-07-01 19:26:55.186364: Pseudo dice [np.float32(0.6498)]
2026-07-01 19:26:55.186526: Epoch time: 44.9 s
2026-07-01 19:26:56.974894: 
2026-07-01 19:26:56.975427: Epoch 176
2026-07-01 19:26:56.975709: Current learning rate: 0.00334
2026-07-01 19:27:41.896454: train_loss -0.4023
2026-07-01 19:27:41.897301: val_loss -0.2418
2026-07-01 19:27:41.897456: Pseudo dice [np.float32(0.6987)]
2026-07-01 19:27:41.897617: Epoch time: 44.92 s
2026-07-01 19:27:43.691077: 
2026-07-01 19:27:43.691542: Epoch 177
2026-07-01 19:27:43.691717: Current learning rate: 0.0033
2026-07-01 19:28:28.629936: train_loss -0.4093
2026-07-01 19:28:28.630329: val_loss -0.1696
2026-07-01 19:28:28.630469: Pseudo dice [np.float32(0.6634)]
2026-07-01 19:28:28.630637: Epoch time: 44.94 s
2026-07-01 19:28:30.428789: 
2026-07-01 19:28:30.429161: Epoch 178
2026-07-01 19:28:30.429454: Current learning rate: 0.00326
2026-07-01 19:29:15.405030: train_loss -0.4108
2026-07-01 19:29:15.405438: val_loss -0.2839
2026-07-01 19:29:15.405578: Pseudo dice [np.float32(0.7159)]
2026-07-01 19:29:15.405748: Epoch time: 44.98 s
2026-07-01 19:29:17.215582: 
2026-07-01 19:29:17.216316: Epoch 179
2026-07-01 19:29:17.216597: Current learning rate: 0.00322
2026-07-01 19:30:01.889860: train_loss -0.4127
2026-07-01 19:30:01.890406: val_loss -0.1723
2026-07-01 19:30:01.890548: Pseudo dice [np.float32(0.6712)]
2026-07-01 19:30:01.890719: Epoch time: 44.68 s
2026-07-01 19:30:03.695338: 
2026-07-01 19:30:03.695804: Epoch 180
2026-07-01 19:30:03.695971: Current learning rate: 0.00318
2026-07-01 19:30:48.521501: train_loss -0.4216
2026-07-01 19:30:48.521962: val_loss -0.1653
2026-07-01 19:30:48.522106: Pseudo dice [np.float32(0.6852)]
2026-07-01 19:30:48.522273: Epoch time: 44.83 s
2026-07-01 19:30:50.322638: 
2026-07-01 19:30:50.323142: Epoch 181
2026-07-01 19:30:50.323421: Current learning rate: 0.00314
2026-07-01 19:31:35.061420: train_loss -0.4191
2026-07-01 19:31:35.061893: val_loss -0.2353
2026-07-01 19:31:35.062051: Pseudo dice [np.float32(0.6963)]
2026-07-01 19:31:35.062222: Epoch time: 44.74 s
2026-07-01 19:31:36.861284: 
2026-07-01 19:31:36.861745: Epoch 182
2026-07-01 19:31:36.862017: Current learning rate: 0.0031
2026-07-01 19:32:21.583792: train_loss -0.4307
2026-07-01 19:32:21.584243: val_loss -0.1359
2026-07-01 19:32:21.584382: Pseudo dice [np.float32(0.6575)]
2026-07-01 19:32:21.584540: Epoch time: 44.73 s
2026-07-01 19:32:23.740431: 
2026-07-01 19:32:23.740920: Epoch 183
2026-07-01 19:32:23.741165: Current learning rate: 0.00306
2026-07-01 19:33:08.359837: train_loss -0.4233
2026-07-01 19:33:08.360390: val_loss -0.1998
2026-07-01 19:33:08.360532: Pseudo dice [np.float32(0.6793)]
2026-07-01 19:33:08.360707: Epoch time: 44.62 s
2026-07-01 19:33:10.164952: 
2026-07-01 19:33:10.165561: Epoch 184
2026-07-01 19:33:10.165762: Current learning rate: 0.00302
2026-07-01 19:33:55.107281: train_loss -0.4309
2026-07-01 19:33:55.107810: val_loss -0.2101
2026-07-01 19:33:55.107949: Pseudo dice [np.float32(0.6961)]
2026-07-01 19:33:55.108110: Epoch time: 44.95 s
2026-07-01 19:33:56.929173: 
2026-07-01 19:33:56.929677: Epoch 185
2026-07-01 19:33:56.929865: Current learning rate: 0.00297
2026-07-01 19:34:41.916793: train_loss -0.4341
2026-07-01 19:34:41.917283: val_loss -0.2115
2026-07-01 19:34:41.917422: Pseudo dice [np.float32(0.6724)]
2026-07-01 19:34:41.917579: Epoch time: 44.99 s
2026-07-01 19:34:43.736300: 
2026-07-01 19:34:43.736712: Epoch 186
2026-07-01 19:34:43.737381: Current learning rate: 0.00293
2026-07-01 19:35:29.257714: train_loss -0.4313
2026-07-01 19:35:29.258448: val_loss -0.207
2026-07-01 19:35:29.258723: Pseudo dice [np.float32(0.6849)]
2026-07-01 19:35:29.258966: Epoch time: 45.52 s
2026-07-01 19:35:31.088849: 
2026-07-01 19:35:31.089343: Epoch 187
2026-07-01 19:35:31.089520: Current learning rate: 0.00289
2026-07-01 19:36:16.369590: train_loss -0.4282
2026-07-01 19:36:16.370035: val_loss -0.1517
2026-07-01 19:36:16.370181: Pseudo dice [np.float32(0.6669)]
2026-07-01 19:36:16.370351: Epoch time: 45.28 s
2026-07-01 19:36:18.193710: 
2026-07-01 19:36:18.194212: Epoch 188
2026-07-01 19:36:18.194411: Current learning rate: 0.00285
2026-07-01 19:37:03.387299: train_loss -0.409
2026-07-01 19:37:03.387834: val_loss -0.2206
2026-07-01 19:37:03.388004: Pseudo dice [np.float32(0.6843)]
2026-07-01 19:37:03.388184: Epoch time: 45.2 s
2026-07-01 19:37:05.209253: 
2026-07-01 19:37:05.209726: Epoch 189
2026-07-01 19:37:05.209984: Current learning rate: 0.00281
2026-07-01 19:37:50.290210: train_loss -0.4186
2026-07-01 19:37:50.290747: val_loss -0.198
2026-07-01 19:37:50.290934: Pseudo dice [np.float32(0.6916)]
2026-07-01 19:37:50.291095: Epoch time: 45.08 s
2026-07-01 19:37:52.112807: 
2026-07-01 19:37:52.113281: Epoch 190
2026-07-01 19:37:52.114108: Current learning rate: 0.00277
2026-07-01 19:38:37.331580: train_loss -0.4242
2026-07-01 19:38:37.332093: val_loss -0.177
2026-07-01 19:38:37.332905: Pseudo dice [np.float32(0.6882)]
2026-07-01 19:38:37.333087: Epoch time: 45.22 s
2026-07-01 19:38:39.489610: 
2026-07-01 19:38:39.490160: Epoch 191
2026-07-01 19:38:39.490419: Current learning rate: 0.00273
2026-07-01 19:39:24.444184: train_loss -0.4403
2026-07-01 19:39:24.444957: val_loss -0.1786
2026-07-01 19:39:24.445211: Pseudo dice [np.float32(0.6946)]
2026-07-01 19:39:24.445389: Epoch time: 44.96 s
2026-07-01 19:39:26.271000: 
2026-07-01 19:39:26.271569: Epoch 192
2026-07-01 19:39:26.271841: Current learning rate: 0.00268
2026-07-01 19:40:11.197576: train_loss -0.4209
2026-07-01 19:40:11.198115: val_loss -0.1277
2026-07-01 19:40:11.198251: Pseudo dice [np.float32(0.6424)]
2026-07-01 19:40:11.198411: Epoch time: 44.93 s
2026-07-01 19:40:13.034732: 
2026-07-01 19:40:13.035264: Epoch 193
2026-07-01 19:40:13.035465: Current learning rate: 0.00264
2026-07-01 19:40:57.827072: train_loss -0.4353
2026-07-01 19:40:57.827602: val_loss -0.2443
2026-07-01 19:40:57.827776: Pseudo dice [np.float32(0.697)]
2026-07-01 19:40:57.827944: Epoch time: 44.8 s
2026-07-01 19:40:59.659639: 
2026-07-01 19:40:59.660141: Epoch 194
2026-07-01 19:40:59.660421: Current learning rate: 0.0026
2026-07-01 19:41:44.621967: train_loss -0.4273
2026-07-01 19:41:44.622415: val_loss -0.2669
2026-07-01 19:41:44.622562: Pseudo dice [np.float32(0.7096)]
2026-07-01 19:41:44.622730: Epoch time: 44.97 s
2026-07-01 19:41:46.454466: 
2026-07-01 19:41:46.454803: Epoch 195
2026-07-01 19:41:46.455472: Current learning rate: 0.00256
2026-07-01 19:42:31.313771: train_loss -0.4252
2026-07-01 19:42:31.314193: val_loss -0.2008
2026-07-01 19:42:31.314337: Pseudo dice [np.float32(0.6898)]
2026-07-01 19:42:31.314502: Epoch time: 44.86 s
2026-07-01 19:42:33.147730: 
2026-07-01 19:42:33.148235: Epoch 196
2026-07-01 19:42:33.148508: Current learning rate: 0.00252
2026-07-01 19:43:17.923120: train_loss -0.4322
2026-07-01 19:43:17.923582: val_loss -0.1238
2026-07-01 19:43:17.923742: Pseudo dice [np.float32(0.6602)]
2026-07-01 19:43:17.923910: Epoch time: 44.78 s
2026-07-01 19:43:19.765290: 
2026-07-01 19:43:19.765711: Epoch 197
2026-07-01 19:43:19.765973: Current learning rate: 0.00248
2026-07-01 19:44:04.757495: train_loss -0.4054
2026-07-01 19:44:04.757995: val_loss -0.1474
2026-07-01 19:44:04.758144: Pseudo dice [np.float32(0.654)]
2026-07-01 19:44:04.758312: Epoch time: 45.0 s
2026-07-01 19:44:06.597527: 
2026-07-01 19:44:06.597995: Epoch 198
2026-07-01 19:44:06.598302: Current learning rate: 0.00243
2026-07-01 19:44:51.363981: train_loss -0.4337
2026-07-01 19:44:51.364448: val_loss -0.1571
2026-07-01 19:44:51.364583: Pseudo dice [np.float32(0.6717)]
2026-07-01 19:44:51.364753: Epoch time: 44.77 s
2026-07-01 19:44:53.588585: 
2026-07-01 19:44:53.589179: Epoch 199
2026-07-01 19:44:53.589497: Current learning rate: 0.00239
2026-07-01 19:45:38.302378: train_loss -0.4317
2026-07-01 19:45:38.302817: val_loss -0.1286
2026-07-01 19:45:38.302964: Pseudo dice [np.float32(0.6521)]
2026-07-01 19:45:38.303134: Epoch time: 44.72 s
2026-07-01 19:45:40.581667: 
2026-07-01 19:45:40.582081: Epoch 200
2026-07-01 19:45:40.582245: Current learning rate: 0.00235
2026-07-01 19:46:25.333127: train_loss -0.4289
2026-07-01 19:46:25.333568: val_loss -0.1844
2026-07-01 19:46:25.333721: Pseudo dice [np.float32(0.6774)]
2026-07-01 19:46:25.333890: Epoch time: 44.75 s
2026-07-01 19:46:27.175406: 
2026-07-01 19:46:27.175847: Epoch 201
2026-07-01 19:46:27.176007: Current learning rate: 0.00231
2026-07-01 19:47:12.076666: train_loss -0.4319
2026-07-01 19:47:12.077149: val_loss -0.1979
2026-07-01 19:47:12.077311: Pseudo dice [np.float32(0.6857)]
2026-07-01 19:47:12.077474: Epoch time: 44.9 s
2026-07-01 19:47:13.927910: 
2026-07-01 19:47:13.928352: Epoch 202
2026-07-01 19:47:13.928524: Current learning rate: 0.00226
2026-07-01 19:47:58.725341: train_loss -0.4327
2026-07-01 19:47:58.728886: val_loss -0.1848
2026-07-01 19:47:58.729073: Pseudo dice [np.float32(0.6721)]
2026-07-01 19:47:58.729251: Epoch time: 44.8 s
2026-07-01 19:48:00.579895: 
2026-07-01 19:48:00.580394: Epoch 203
2026-07-01 19:48:00.580606: Current learning rate: 0.00222
2026-07-01 19:48:45.584002: train_loss -0.4439
2026-07-01 19:48:45.584417: val_loss -0.128
2026-07-01 19:48:45.584560: Pseudo dice [np.float32(0.6699)]
2026-07-01 19:48:45.584730: Epoch time: 45.01 s
2026-07-01 19:48:47.417692: 
2026-07-01 19:48:47.418122: Epoch 204
2026-07-01 19:48:47.418307: Current learning rate: 0.00218
2026-07-01 19:49:32.598107: train_loss -0.4293
2026-07-01 19:49:32.598593: val_loss -0.2117
2026-07-01 19:49:32.598748: Pseudo dice [np.float32(0.681)]
2026-07-01 19:49:32.598912: Epoch time: 45.18 s
2026-07-01 19:49:34.573379: 
2026-07-01 19:49:34.573917: Epoch 205
2026-07-01 19:49:34.574242: Current learning rate: 0.00214
2026-07-01 19:50:19.837339: train_loss -0.4173
2026-07-01 19:50:19.837848: val_loss -0.1503
2026-07-01 19:50:19.837987: Pseudo dice [np.float32(0.6735)]
2026-07-01 19:50:19.838155: Epoch time: 45.27 s
2026-07-01 19:50:21.619682: 
2026-07-01 19:50:21.620003: Epoch 206
2026-07-01 19:50:21.620175: Current learning rate: 0.00209
2026-07-01 19:51:06.553844: train_loss -0.4415
2026-07-01 19:51:06.554352: val_loss -0.1366
2026-07-01 19:51:06.554493: Pseudo dice [np.float32(0.6705)]
2026-07-01 19:51:06.554658: Epoch time: 44.94 s
2026-07-01 19:51:08.358075: 
2026-07-01 19:51:08.358441: Epoch 207
2026-07-01 19:51:08.358736: Current learning rate: 0.00205
2026-07-01 19:51:53.279272: train_loss -0.4253
2026-07-01 19:51:53.279636: val_loss -0.2466
2026-07-01 19:51:53.279775: Pseudo dice [np.float32(0.6906)]
2026-07-01 19:51:53.279936: Epoch time: 44.93 s
2026-07-01 19:51:55.547470: 
2026-07-01 19:51:55.548035: Epoch 208
2026-07-01 19:51:55.548341: Current learning rate: 0.00201
2026-07-01 19:52:40.569512: train_loss -0.4367
2026-07-01 19:52:40.570098: val_loss -0.2062
2026-07-01 19:52:40.570237: Pseudo dice [np.float32(0.7034)]
2026-07-01 19:52:40.570399: Epoch time: 45.03 s
2026-07-01 19:52:42.366034: 
2026-07-01 19:52:42.366498: Epoch 209
2026-07-01 19:52:42.366758: Current learning rate: 0.00196
2026-07-01 19:53:27.735554: train_loss -0.4276
2026-07-01 19:53:27.735990: val_loss -0.2098
2026-07-01 19:53:27.736138: Pseudo dice [np.float32(0.6946)]
2026-07-01 19:53:27.736295: Epoch time: 45.37 s
2026-07-01 19:53:29.518633: 
2026-07-01 19:53:29.519043: Epoch 210
2026-07-01 19:53:29.519216: Current learning rate: 0.00192
2026-07-01 19:54:14.480455: train_loss -0.426
2026-07-01 19:54:14.480904: val_loss -0.1692
2026-07-01 19:54:14.481046: Pseudo dice [np.float32(0.6847)]
2026-07-01 19:54:14.481209: Epoch time: 44.96 s
2026-07-01 19:54:16.266336: 
2026-07-01 19:54:16.266731: Epoch 211
2026-07-01 19:54:16.266893: Current learning rate: 0.00188
2026-07-01 19:55:00.992439: train_loss -0.4301
2026-07-01 19:55:00.992892: val_loss -0.13
2026-07-01 19:55:00.993033: Pseudo dice [np.float32(0.666)]
2026-07-01 19:55:00.993197: Epoch time: 44.73 s
2026-07-01 19:55:02.779363: 
2026-07-01 19:55:02.779834: Epoch 212
2026-07-01 19:55:02.780023: Current learning rate: 0.00184
2026-07-01 19:55:47.514958: train_loss -0.4533
2026-07-01 19:55:47.515392: val_loss -0.1581
2026-07-01 19:55:47.515529: Pseudo dice [np.float32(0.6614)]
2026-07-01 19:55:47.515697: Epoch time: 44.74 s
2026-07-01 19:55:49.292430: 
2026-07-01 19:55:49.292907: Epoch 213
2026-07-01 19:55:49.293221: Current learning rate: 0.00179
2026-07-01 19:56:33.886077: train_loss -0.4552
2026-07-01 19:56:33.886547: val_loss -0.1811
2026-07-01 19:56:33.886702: Pseudo dice [np.float32(0.687)]
2026-07-01 19:56:33.886867: Epoch time: 44.6 s
2026-07-01 19:56:35.643224: 
2026-07-01 19:56:35.643599: Epoch 214
2026-07-01 19:56:35.643776: Current learning rate: 0.00175
2026-07-01 19:57:20.345965: train_loss -0.4406
2026-07-01 19:57:20.346548: val_loss -0.2191
2026-07-01 19:57:20.346703: Pseudo dice [np.float32(0.6959)]
2026-07-01 19:57:20.346861: Epoch time: 44.71 s
2026-07-01 19:57:22.110052: 
2026-07-01 19:57:22.110431: Epoch 215
2026-07-01 19:57:22.110726: Current learning rate: 0.0017
2026-07-01 19:58:06.729319: train_loss -0.4203
2026-07-01 19:58:06.729806: val_loss -0.1368
2026-07-01 19:58:06.730651: Pseudo dice [np.float32(0.6827)]
2026-07-01 19:58:06.730827: Epoch time: 44.62 s
2026-07-01 19:58:08.489002: 
2026-07-01 19:58:08.489366: Epoch 216
2026-07-01 19:58:08.489518: Current learning rate: 0.00166
2026-07-01 19:58:53.181452: train_loss -0.4255
2026-07-01 19:58:53.181938: val_loss -0.1832
2026-07-01 19:58:53.182094: Pseudo dice [np.float32(0.68)]
2026-07-01 19:58:53.182260: Epoch time: 44.7 s
2026-07-01 19:58:55.293417: 
2026-07-01 19:58:55.294047: Epoch 217
2026-07-01 19:58:55.294371: Current learning rate: 0.00162
2026-07-01 19:59:39.807832: train_loss -0.4313
2026-07-01 19:59:39.808419: val_loss -0.1679
2026-07-01 19:59:39.808564: Pseudo dice [np.float32(0.6863)]
2026-07-01 19:59:39.808743: Epoch time: 44.52 s
2026-07-01 19:59:41.574655: 
2026-07-01 19:59:41.575150: Epoch 218
2026-07-01 19:59:41.575423: Current learning rate: 0.00157
2026-07-01 20:00:26.187939: train_loss -0.4275
2026-07-01 20:00:26.188493: val_loss -0.2094
2026-07-01 20:00:26.188639: Pseudo dice [np.float32(0.6837)]
2026-07-01 20:00:26.188808: Epoch time: 44.62 s
2026-07-01 20:00:27.959769: 
2026-07-01 20:00:27.960192: Epoch 219
2026-07-01 20:00:27.960445: Current learning rate: 0.00153
2026-07-01 20:01:12.694004: train_loss -0.4258
2026-07-01 20:01:12.694454: val_loss -0.2285
2026-07-01 20:01:12.694595: Pseudo dice [np.float32(0.6895)]
2026-07-01 20:01:12.694770: Epoch time: 44.74 s
2026-07-01 20:01:14.460623: 
2026-07-01 20:01:14.461039: Epoch 220
2026-07-01 20:01:14.461196: Current learning rate: 0.00148
2026-07-01 20:01:59.003546: train_loss -0.4337
2026-07-01 20:01:59.004004: val_loss -0.1658
2026-07-01 20:01:59.004160: Pseudo dice [np.float32(0.6816)]
2026-07-01 20:01:59.004325: Epoch time: 44.55 s
2026-07-01 20:02:00.769895: 
2026-07-01 20:02:00.770321: Epoch 221
2026-07-01 20:02:00.770625: Current learning rate: 0.00144
2026-07-01 20:02:45.550302: train_loss -0.451
2026-07-01 20:02:45.550808: val_loss -0.1456
2026-07-01 20:02:45.550960: Pseudo dice [np.float32(0.6732)]
2026-07-01 20:02:45.551129: Epoch time: 44.78 s
2026-07-01 20:02:47.312778: 
2026-07-01 20:02:47.313233: Epoch 222
2026-07-01 20:02:47.313502: Current learning rate: 0.00139
2026-07-01 20:03:31.984967: train_loss -0.4388
2026-07-01 20:03:31.985449: val_loss -0.1707
2026-07-01 20:03:31.985612: Pseudo dice [np.float32(0.6816)]
2026-07-01 20:03:31.985869: Epoch time: 44.68 s
2026-07-01 20:03:33.742399: 
2026-07-01 20:03:33.742792: Epoch 223
2026-07-01 20:03:33.743477: Current learning rate: 0.00135
2026-07-01 20:04:18.811843: train_loss -0.4278
2026-07-01 20:04:18.812314: val_loss -0.1977
2026-07-01 20:04:18.812460: Pseudo dice [np.float32(0.6874)]
2026-07-01 20:04:18.812627: Epoch time: 45.07 s
2026-07-01 20:04:20.584932: 
2026-07-01 20:04:20.585481: Epoch 224
2026-07-01 20:04:20.585771: Current learning rate: 0.0013
2026-07-01 20:05:05.439869: train_loss -0.4354
2026-07-01 20:05:05.440352: val_loss -0.2361
2026-07-01 20:05:05.440504: Pseudo dice [np.float32(0.6992)]
2026-07-01 20:05:05.440677: Epoch time: 44.86 s
2026-07-01 20:05:07.213971: 
2026-07-01 20:05:07.214540: Epoch 225
2026-07-01 20:05:07.214876: Current learning rate: 0.00126
2026-07-01 20:05:52.014000: train_loss -0.4433
2026-07-01 20:05:52.014478: val_loss -0.213
2026-07-01 20:05:52.014644: Pseudo dice [np.float32(0.7008)]
2026-07-01 20:05:52.014812: Epoch time: 44.8 s
2026-07-01 20:05:54.130393: 
2026-07-01 20:05:54.130833: Epoch 226
2026-07-01 20:05:54.131105: Current learning rate: 0.00121
2026-07-01 20:06:39.070344: train_loss -0.4538
2026-07-01 20:06:39.070770: val_loss -0.1484
2026-07-01 20:06:39.070907: Pseudo dice [np.float32(0.6681)]
2026-07-01 20:06:39.071073: Epoch time: 44.94 s
2026-07-01 20:06:40.844661: 
2026-07-01 20:06:40.845184: Epoch 227
2026-07-01 20:06:40.845461: Current learning rate: 0.00117
2026-07-01 20:07:25.825436: train_loss -0.4365
2026-07-01 20:07:25.825912: val_loss -0.1543
2026-07-01 20:07:25.826052: Pseudo dice [np.float32(0.6669)]
2026-07-01 20:07:25.826213: Epoch time: 44.98 s
2026-07-01 20:07:27.601901: 
2026-07-01 20:07:27.602309: Epoch 228
2026-07-01 20:07:27.602572: Current learning rate: 0.00112
2026-07-01 20:08:12.416784: train_loss -0.437
2026-07-01 20:08:12.417194: val_loss -0.2473
2026-07-01 20:08:12.417336: Pseudo dice [np.float32(0.6926)]
2026-07-01 20:08:12.417494: Epoch time: 44.82 s
2026-07-01 20:08:14.190684: 
2026-07-01 20:08:14.191187: Epoch 229
2026-07-01 20:08:14.191863: Current learning rate: 0.00108
2026-07-01 20:08:58.943583: train_loss -0.4456
2026-07-01 20:08:58.944047: val_loss -0.1947
2026-07-01 20:08:58.944205: Pseudo dice [np.float32(0.665)]
2026-07-01 20:08:58.944372: Epoch time: 44.76 s
2026-07-01 20:09:00.719703: 
2026-07-01 20:09:00.720305: Epoch 230
2026-07-01 20:09:00.721066: Current learning rate: 0.00103
2026-07-01 20:09:45.662655: train_loss -0.4447
2026-07-01 20:09:45.663110: val_loss -0.192
2026-07-01 20:09:45.663249: Pseudo dice [np.float32(0.6829)]
2026-07-01 20:09:45.663408: Epoch time: 44.95 s
2026-07-01 20:09:47.440101: 
2026-07-01 20:09:47.440582: Epoch 231
2026-07-01 20:09:47.440841: Current learning rate: 0.00098
2026-07-01 20:10:32.536616: train_loss -0.4483
2026-07-01 20:10:32.537194: val_loss -0.1459
2026-07-01 20:10:32.537335: Pseudo dice [np.float32(0.6725)]
2026-07-01 20:10:32.537494: Epoch time: 45.1 s
2026-07-01 20:10:34.308892: 
2026-07-01 20:10:34.309202: Epoch 232
2026-07-01 20:10:34.309462: Current learning rate: 0.00094
2026-07-01 20:11:19.370741: train_loss -0.4421
2026-07-01 20:11:19.371068: val_loss -0.1572
2026-07-01 20:11:19.371209: Pseudo dice [np.float32(0.6644)]
2026-07-01 20:11:19.371377: Epoch time: 45.07 s
2026-07-01 20:11:21.141389: 
2026-07-01 20:11:21.141769: Epoch 233
2026-07-01 20:11:21.141994: Current learning rate: 0.00089
2026-07-01 20:12:06.099780: train_loss -0.4424
2026-07-01 20:12:06.100144: val_loss -0.1591
2026-07-01 20:12:06.100282: Pseudo dice [np.float32(0.6656)]
2026-07-01 20:12:06.100441: Epoch time: 44.96 s
2026-07-01 20:12:07.876668: 
2026-07-01 20:12:07.877062: Epoch 234
2026-07-01 20:12:07.877276: Current learning rate: 0.00084
2026-07-01 20:12:52.810091: train_loss -0.455
2026-07-01 20:12:52.810625: val_loss -0.1779
2026-07-01 20:12:52.810782: Pseudo dice [np.float32(0.6691)]
2026-07-01 20:12:52.810946: Epoch time: 44.94 s
2026-07-01 20:12:54.912984: 
2026-07-01 20:12:54.913391: Epoch 235
2026-07-01 20:12:54.913541: Current learning rate: 0.00079
2026-07-01 20:13:39.847323: train_loss -0.4373
2026-07-01 20:13:39.847738: val_loss -0.1543
2026-07-01 20:13:39.847906: Pseudo dice [np.float32(0.6759)]
2026-07-01 20:13:39.848075: Epoch time: 44.94 s
2026-07-01 20:13:41.619702: 
2026-07-01 20:13:41.620151: Epoch 236
2026-07-01 20:13:41.620426: Current learning rate: 0.00075
2026-07-01 20:14:26.353015: train_loss -0.4429
2026-07-01 20:14:26.353516: val_loss -0.1811
2026-07-01 20:14:26.353686: Pseudo dice [np.float32(0.6825)]
2026-07-01 20:14:26.353850: Epoch time: 44.74 s
2026-07-01 20:14:28.119917: 
2026-07-01 20:14:28.120474: Epoch 237
2026-07-01 20:14:28.120767: Current learning rate: 0.0007
2026-07-01 20:15:12.755849: train_loss -0.4526
2026-07-01 20:15:12.756322: val_loss -0.2382
2026-07-01 20:15:12.756465: Pseudo dice [np.float32(0.7031)]
2026-07-01 20:15:12.756623: Epoch time: 44.64 s
2026-07-01 20:15:14.526387: 
2026-07-01 20:15:14.526867: Epoch 238
2026-07-01 20:15:14.527173: Current learning rate: 0.00065
2026-07-01 20:15:59.328778: train_loss -0.4552
2026-07-01 20:15:59.329248: val_loss -0.2528
2026-07-01 20:15:59.329388: Pseudo dice [np.float32(0.7043)]
2026-07-01 20:15:59.329560: Epoch time: 44.81 s
2026-07-01 20:16:01.093001: 
2026-07-01 20:16:01.093390: Epoch 239
2026-07-01 20:16:01.093584: Current learning rate: 0.0006
2026-07-01 20:16:46.068677: train_loss -0.4564
2026-07-01 20:16:46.069132: val_loss -0.2334
2026-07-01 20:16:46.069284: Pseudo dice [np.float32(0.7016)]
2026-07-01 20:16:46.069463: Epoch time: 44.98 s
2026-07-01 20:16:47.861697: 
2026-07-01 20:16:47.862094: Epoch 240
2026-07-01 20:16:47.862321: Current learning rate: 0.00055
2026-07-01 20:17:32.608022: train_loss -0.4484
2026-07-01 20:17:32.608406: val_loss -0.1947
2026-07-01 20:17:32.608549: Pseudo dice [np.float32(0.692)]
2026-07-01 20:17:32.609275: Epoch time: 44.75 s
2026-07-01 20:17:34.392320: 
2026-07-01 20:17:34.392823: Epoch 241
2026-07-01 20:17:34.393114: Current learning rate: 0.0005
2026-07-01 20:18:19.150362: train_loss -0.4585
2026-07-01 20:18:19.150889: val_loss -0.1744
2026-07-01 20:18:19.151030: Pseudo dice [np.float32(0.6796)]
2026-07-01 20:18:19.151194: Epoch time: 44.76 s
2026-07-01 20:18:20.939469: 
2026-07-01 20:18:20.939907: Epoch 242
2026-07-01 20:18:20.940182: Current learning rate: 0.00045
2026-07-01 20:19:05.664999: train_loss -0.4449
2026-07-01 20:19:05.665475: val_loss -0.2313
2026-07-01 20:19:05.665616: Pseudo dice [np.float32(0.7038)]
2026-07-01 20:19:05.665786: Epoch time: 44.73 s
2026-07-01 20:19:07.452165: 
2026-07-01 20:19:07.452556: Epoch 243
2026-07-01 20:19:07.452765: Current learning rate: 0.0004
2026-07-01 20:19:52.607147: train_loss -0.4393
2026-07-01 20:19:52.607767: val_loss -0.2296
2026-07-01 20:19:52.607908: Pseudo dice [np.float32(0.7004)]
2026-07-01 20:19:52.608063: Epoch time: 45.16 s
2026-07-01 20:19:54.747762: 
2026-07-01 20:19:54.748310: Epoch 244
2026-07-01 20:19:54.748594: Current learning rate: 0.00035
2026-07-01 20:20:39.625866: train_loss -0.4352
2026-07-01 20:20:39.626272: val_loss -0.1538
2026-07-01 20:20:39.626416: Pseudo dice [np.float32(0.661)]
2026-07-01 20:20:39.626585: Epoch time: 44.88 s
2026-07-01 20:20:41.418522: 
2026-07-01 20:20:41.419158: Epoch 245
2026-07-01 20:20:41.419453: Current learning rate: 0.0003
2026-07-01 20:21:26.451491: train_loss -0.45
2026-07-01 20:21:26.451909: val_loss -0.1934
2026-07-01 20:21:26.452714: Pseudo dice [np.float32(0.688)]
2026-07-01 20:21:26.452890: Epoch time: 45.04 s
2026-07-01 20:21:28.250914: 
2026-07-01 20:21:28.251375: Epoch 246
2026-07-01 20:21:28.251540: Current learning rate: 0.00024
2026-07-01 20:22:13.222397: train_loss -0.4486
2026-07-01 20:22:13.222812: val_loss -0.2206
2026-07-01 20:22:13.222949: Pseudo dice [np.float32(0.6991)]
2026-07-01 20:22:13.223120: Epoch time: 44.97 s
2026-07-01 20:22:15.121471: 
2026-07-01 20:22:15.121874: Epoch 247
2026-07-01 20:22:15.122078: Current learning rate: 0.00019
2026-07-01 20:22:59.837372: train_loss -0.4407
2026-07-01 20:22:59.837802: val_loss -0.1704
2026-07-01 20:22:59.837952: Pseudo dice [np.float32(0.682)]
2026-07-01 20:22:59.838115: Epoch time: 44.72 s
2026-07-01 20:23:01.630139: 
2026-07-01 20:23:01.630587: Epoch 248
2026-07-01 20:23:01.630864: Current learning rate: 0.00013
2026-07-01 20:23:46.608390: train_loss -0.4562
2026-07-01 20:23:46.609012: val_loss -0.2161
2026-07-01 20:23:46.609154: Pseudo dice [np.float32(0.696)]
2026-07-01 20:23:46.609342: Epoch time: 44.98 s
2026-07-01 20:23:48.412508: 
2026-07-01 20:23:48.412988: Epoch 249
2026-07-01 20:23:48.413288: Current learning rate: 7e-05
2026-07-01 20:24:33.474285: train_loss -0.4448
2026-07-01 20:24:33.474746: val_loss -0.1644
2026-07-01 20:24:33.474887: Pseudo dice [np.float32(0.6699)]
2026-07-01 20:24:33.475049: Epoch time: 45.07 s
2026-07-01 20:24:35.751766: Training done.
2026-07-01 20:24:36.156118: Using splits from existing split file: /gpfs/data/ravenlab/micmac/nnUNet_preprocessed/Dataset005_BinaryTask/splits_final.json
2026-07-01 20:24:36.157675: The split file contains 5 splits.
2026-07-01 20:24:36.157883: Desired fold for training: 3
2026-07-01 20:24:36.157980: This split has 19 training and 4 validation cases.
2026-07-01 20:24:36.158238: predicting 41759_49left
2026-07-01 20:24:36.192544: 41759_49left, shape torch.Size([1, 1, 2208, 2074]), rank 0
2026-07-01 20:24:42.685396: predicting 41759_63_claus
2026-07-01 20:24:42.735115: 41759_63_claus, shape torch.Size([1, 1, 2112, 2226]), rank 0
2026-07-01 20:24:44.367779: predicting 41759_G_140_slice_0_0
2026-07-01 20:24:44.428574: 41759_G_140_slice_0_0, shape torch.Size([1, 1, 1658, 6027]), rank 0
2026-07-01 20:24:47.582020: predicting 41759_G_160_slice_0_1
2026-07-01 20:24:47.684338: 41759_G_160_slice_0_1, shape torch.Size([1, 1, 1721, 3311]), rank 0
2026-07-01 20:25:20.084249: Validation complete
2026-07-01 20:25:20.084476: Mean Validation Dice:  0.6846208629038454
