Loading python/gpu/3.10.6-cuda12.9
  Loading requirement: cuda/12.9
Launching parallel training for 2D config, Fold 1 using 250-epoch trainer preset...

############################
INFO: You are using the old nnU-Net default plans. We have updated our recommendations. Please consider using those instead! Read more here: https://github.com/MIC-DKFZ/nnUNet/blob/master/documentation/resenc_presets.md
############################

Using device: cuda:0

#######################################################################
Please cite the following paper when using nnU-Net:
Isensee, F., Jaeger, P. F., Kohl, S. A., Petersen, J., & Maier-Hein, K. H. (2021). nnU-Net: a self-configuring method for deep learning-based biomedical image segmentation. Nature methods, 18(2), 203-211.
#######################################################################

2026-07-01 17:07:50.019482: do_dummy_2d_data_aug: False
2026-07-01 17:07:50.022377: Using splits from existing split file: /gpfs/data/ravenlab/micmac/nnUNet_preprocessed/Dataset005_BinaryTask/splits_final.json
2026-07-01 17:07:50.022979: The split file contains 5 splits.
2026-07-01 17:07:50.023089: Desired fold for training: 1
2026-07-01 17:07:50.023183: This split has 18 training and 5 validation cases.
using pin_memory on device 0
using pin_memory on device 0

This is the configuration used by this training:
Configuration name: 2d
 {'data_identifier': 'nnUNetPlans_2d', 'preprocessor_name': 'DefaultPreprocessor', 'batch_size': 2, 'patch_size': [1024, 1280], 'median_image_size_in_voxels': [2077.0, 2251.0], 'spacing': [1.0, 1.0], 'normalization_schemes': ['ZScoreNormalization'], 'use_mask_for_norm': [False], 'resampling_fn_data': 'resample_data_or_seg_to_shape', 'resampling_fn_seg': 'resample_data_or_seg_to_shape', 'resampling_fn_data_kwargs': {'is_seg': False, 'order': 3, 'order_z': 0, 'force_separate_z': None}, 'resampling_fn_seg_kwargs': {'is_seg': True, 'order': 1, 'order_z': 0, 'force_separate_z': None}, 'resampling_fn_probabilities': 'resample_data_or_seg_to_shape', 'resampling_fn_probabilities_kwargs': {'is_seg': False, 'order': 1, 'order_z': 0, 'force_separate_z': None}, 'architecture': {'network_class_name': 'dynamic_network_architectures.architectures.unet.PlainConvUNet', 'arch_kwargs': {'n_stages': 9, 'features_per_stage': [32, 64, 128, 256, 512, 512, 512, 512, 512], 'conv_op': 'torch.nn.modules.conv.Conv2d', 'kernel_sizes': [[3, 3], [3, 3], [3, 3], [3, 3], [3, 3], [3, 3], [3, 3], [3, 3], [3, 3]], 'strides': [[1, 1], [2, 2], [2, 2], [2, 2], [2, 2], [2, 2], [2, 2], [2, 2], [2, 2]], 'n_conv_per_stage': [2, 2, 2, 2, 2, 2, 2, 2, 2], 'n_conv_per_stage_decoder': [2, 2, 2, 2, 2, 2, 2, 2], 'conv_bias': True, 'norm_op': 'torch.nn.modules.instancenorm.InstanceNorm2d', 'norm_op_kwargs': {'eps': 1e-05, 'affine': True}, 'dropout_op': None, 'dropout_op_kwargs': None, 'nonlin': 'torch.nn.LeakyReLU', 'nonlin_kwargs': {'inplace': True}}, '_kw_requires_import': ['conv_op', 'norm_op', 'dropout_op', 'nonlin']}, 'batch_dice': True} 

These are the global plan.json settings:
 {'dataset_name': 'Dataset005_BinaryTask', 'plans_name': 'nnUNetPlans', 'original_median_spacing_after_transp': [999.0, 1.0, 1.0], 'original_median_shape_after_transp': [1, 2077, 2251], 'image_reader_writer': 'NaturalImage2DIO', 'transpose_forward': [0, 1, 2], 'transpose_backward': [0, 1, 2], 'experiment_planner_used': 'ExperimentPlanner', 'label_manager': 'LabelManager', 'foreground_intensity_properties_per_channel': {'0': {'max': 250.0, 'mean': 136.68589782714844, 'median': 136.0, 'min': 5.0, 'percentile_00_5': 53.0, 'percentile_99_5': 222.0, 'std': 37.201812744140625}}} 

2026-07-01 17:07:55.990861: Unable to plot network architecture:
2026-07-01 17:07:55.991042: No module named 'hiddenlayer'
2026-07-01 17:07:56.205081: 
2026-07-01 17:07:56.205324: Epoch 0
2026-07-01 17:07:56.205624: Current learning rate: 0.01
2026-07-01 17:10:00.362229: train_loss -0.1017
2026-07-01 17:10:00.363193: val_loss -0.1632
2026-07-01 17:10:00.363375: Pseudo dice [np.float32(0.6646)]
2026-07-01 17:10:00.363544: Epoch time: 124.16 s
2026-07-01 17:10:00.363681: Yayy! New best EMA pseudo Dice: 0.6646000146865845
2026-07-01 17:10:02.697180: 
2026-07-01 17:10:02.697635: Epoch 1
2026-07-01 17:10:02.697894: Current learning rate: 0.00996
2026-07-01 17:10:47.407350: train_loss -0.2221
2026-07-01 17:10:47.408166: val_loss -0.197
2026-07-01 17:10:47.408327: Pseudo dice [np.float32(0.6624)]
2026-07-01 17:10:47.408584: Epoch time: 44.71 s
2026-07-01 17:10:49.112562: 
2026-07-01 17:10:49.112967: Epoch 2
2026-07-01 17:10:49.113149: Current learning rate: 0.00993
2026-07-01 17:11:33.850614: train_loss -0.2477
2026-07-01 17:11:33.851122: val_loss -0.2019
2026-07-01 17:11:33.851284: Pseudo dice [np.float32(0.6806)]
2026-07-01 17:11:33.851456: Epoch time: 44.74 s
2026-07-01 17:11:33.851597: Yayy! New best EMA pseudo Dice: 0.6660000085830688
2026-07-01 17:11:36.152233: 
2026-07-01 17:11:36.152694: Epoch 3
2026-07-01 17:11:36.152981: Current learning rate: 0.00989
2026-07-01 17:12:21.072108: train_loss -0.2582
2026-07-01 17:12:21.073748: val_loss -0.1949
2026-07-01 17:12:21.073902: Pseudo dice [np.float32(0.6647)]
2026-07-01 17:12:21.074068: Epoch time: 44.92 s
2026-07-01 17:12:22.809106: 
2026-07-01 17:12:22.809563: Epoch 4
2026-07-01 17:12:22.809745: Current learning rate: 0.00986
2026-07-01 17:13:07.870615: train_loss -0.2805
2026-07-01 17:13:07.871201: val_loss -0.2012
2026-07-01 17:13:07.871368: Pseudo dice [np.float32(0.6683)]
2026-07-01 17:13:07.871552: Epoch time: 45.06 s
2026-07-01 17:13:07.871690: Yayy! New best EMA pseudo Dice: 0.666100025177002
2026-07-01 17:13:10.282729: 
2026-07-01 17:13:10.283353: Epoch 5
2026-07-01 17:13:10.283659: Current learning rate: 0.00982
2026-07-01 17:13:55.556612: train_loss -0.2819
2026-07-01 17:13:55.557341: val_loss -0.228
2026-07-01 17:13:55.557513: Pseudo dice [np.float32(0.6876)]
2026-07-01 17:13:55.557701: Epoch time: 45.28 s
2026-07-01 17:13:55.557840: Yayy! New best EMA pseudo Dice: 0.6682999730110168
2026-07-01 17:13:57.816432: 
2026-07-01 17:13:57.816816: Epoch 6
2026-07-01 17:13:57.817004: Current learning rate: 0.00978
2026-07-01 17:14:42.708544: train_loss -0.2945
2026-07-01 17:14:42.709108: val_loss -0.1758
2026-07-01 17:14:42.709255: Pseudo dice [np.float32(0.6675)]
2026-07-01 17:14:42.709431: Epoch time: 44.9 s
2026-07-01 17:14:44.431340: 
2026-07-01 17:14:44.431784: Epoch 7
2026-07-01 17:14:44.431966: Current learning rate: 0.00975
2026-07-01 17:15:29.256083: train_loss -0.2888
2026-07-01 17:15:29.256613: val_loss -0.2338
2026-07-01 17:15:29.256757: Pseudo dice [np.float32(0.68)]
2026-07-01 17:15:29.256933: Epoch time: 44.83 s
2026-07-01 17:15:29.257057: Yayy! New best EMA pseudo Dice: 0.6693999767303467
2026-07-01 17:15:31.486885: 
2026-07-01 17:15:31.487424: Epoch 8
2026-07-01 17:15:31.487682: Current learning rate: 0.00971
2026-07-01 17:16:16.249446: train_loss -0.2956
2026-07-01 17:16:16.249902: val_loss -0.2015
2026-07-01 17:16:16.250051: Pseudo dice [np.float32(0.6703)]
2026-07-01 17:16:16.250219: Epoch time: 44.77 s
2026-07-01 17:16:16.250355: Yayy! New best EMA pseudo Dice: 0.6694999933242798
2026-07-01 17:16:18.907452: 
2026-07-01 17:16:18.907915: Epoch 9
2026-07-01 17:16:18.908191: Current learning rate: 0.00968
2026-07-01 17:17:03.781641: train_loss -0.3229
2026-07-01 17:17:03.782151: val_loss -0.1081
2026-07-01 17:17:03.782307: Pseudo dice [np.float32(0.6405)]
2026-07-01 17:17:03.782484: Epoch time: 44.88 s
2026-07-01 17:17:05.455824: 
2026-07-01 17:17:05.456271: Epoch 10
2026-07-01 17:17:05.456522: Current learning rate: 0.00964
2026-07-01 17:17:50.368699: train_loss -0.2871
2026-07-01 17:17:50.369167: val_loss -0.0107
2026-07-01 17:17:50.369313: Pseudo dice [np.float32(0.6194)]
2026-07-01 17:17:50.369486: Epoch time: 44.92 s
2026-07-01 17:17:52.094602: 
2026-07-01 17:17:52.095172: Epoch 11
2026-07-01 17:17:52.095463: Current learning rate: 0.0096
2026-07-01 17:18:37.011878: train_loss -0.2976
2026-07-01 17:18:37.012414: val_loss -0.2054
2026-07-01 17:18:37.012557: Pseudo dice [np.float32(0.659)]
2026-07-01 17:18:37.012726: Epoch time: 44.92 s
2026-07-01 17:18:38.749715: 
2026-07-01 17:18:38.750237: Epoch 12
2026-07-01 17:18:38.750576: Current learning rate: 0.00957
2026-07-01 17:19:23.601158: train_loss -0.306
2026-07-01 17:19:23.601700: val_loss -0.2295
2026-07-01 17:19:23.601859: Pseudo dice [np.float32(0.6714)]
2026-07-01 17:19:23.602036: Epoch time: 44.85 s
2026-07-01 17:19:25.319150: 
2026-07-01 17:19:25.319603: Epoch 13
2026-07-01 17:19:25.319888: Current learning rate: 0.00953
2026-07-01 17:20:10.115199: train_loss -0.3187
2026-07-01 17:20:10.115831: val_loss -0.2329
2026-07-01 17:20:10.115974: Pseudo dice [np.float32(0.6867)]
2026-07-01 17:20:10.116160: Epoch time: 44.8 s
2026-07-01 17:20:11.835926: 
2026-07-01 17:20:11.836404: Epoch 14
2026-07-01 17:20:11.836699: Current learning rate: 0.00949
2026-07-01 17:20:56.536495: train_loss -0.3015
2026-07-01 17:20:56.537051: val_loss -0.1804
2026-07-01 17:20:56.537221: Pseudo dice [np.float32(0.6625)]
2026-07-01 17:20:56.537397: Epoch time: 44.7 s
2026-07-01 17:20:58.270170: 
2026-07-01 17:20:58.270638: Epoch 15
2026-07-01 17:20:58.270930: Current learning rate: 0.00946
2026-07-01 17:21:43.015219: train_loss -0.3227
2026-07-01 17:21:43.015798: val_loss -0.1503
2026-07-01 17:21:43.015949: Pseudo dice [np.float32(0.6454)]
2026-07-01 17:21:43.016114: Epoch time: 44.75 s
2026-07-01 17:21:44.753607: 
2026-07-01 17:21:44.754021: Epoch 16
2026-07-01 17:21:44.754841: Current learning rate: 0.00942
2026-07-01 17:22:29.623963: train_loss -0.3223
2026-07-01 17:22:29.624472: val_loss -0.1449
2026-07-01 17:22:29.624647: Pseudo dice [np.float32(0.6493)]
2026-07-01 17:22:29.624907: Epoch time: 44.87 s
2026-07-01 17:22:31.381227: 
2026-07-01 17:22:31.381596: Epoch 17
2026-07-01 17:22:31.381769: Current learning rate: 0.00939
2026-07-01 17:23:16.257627: train_loss -0.3218
2026-07-01 17:23:16.258090: val_loss -0.2138
2026-07-01 17:23:16.258229: Pseudo dice [np.float32(0.6783)]
2026-07-01 17:23:16.258398: Epoch time: 44.88 s
2026-07-01 17:23:18.361277: 
2026-07-01 17:23:18.361613: Epoch 18
2026-07-01 17:23:18.361804: Current learning rate: 0.00935
2026-07-01 17:24:03.221456: train_loss -0.3274
2026-07-01 17:24:03.221910: val_loss -0.13
2026-07-01 17:24:03.222071: Pseudo dice [np.float32(0.6412)]
2026-07-01 17:24:03.222245: Epoch time: 44.86 s
2026-07-01 17:24:04.976264: 
2026-07-01 17:24:04.976784: Epoch 19
2026-07-01 17:24:04.976957: Current learning rate: 0.00931
2026-07-01 17:24:49.780710: train_loss -0.312
2026-07-01 17:24:49.781326: val_loss -0.2392
2026-07-01 17:24:49.781488: Pseudo dice [np.float32(0.6818)]
2026-07-01 17:24:49.781662: Epoch time: 44.81 s
2026-07-01 17:24:51.552002: 
2026-07-01 17:24:51.552643: Epoch 20
2026-07-01 17:24:51.552937: Current learning rate: 0.00928
2026-07-01 17:25:36.451536: train_loss -0.311
2026-07-01 17:25:36.451957: val_loss -0.1022
2026-07-01 17:25:36.452104: Pseudo dice [np.float32(0.622)]
2026-07-01 17:25:36.452276: Epoch time: 44.9 s
2026-07-01 17:25:38.237055: 
2026-07-01 17:25:38.237528: Epoch 21
2026-07-01 17:25:38.237824: Current learning rate: 0.00924
2026-07-01 17:26:23.246391: train_loss -0.335
2026-07-01 17:26:23.246998: val_loss -0.1981
2026-07-01 17:26:23.247145: Pseudo dice [np.float32(0.6615)]
2026-07-01 17:26:23.247319: Epoch time: 45.01 s
2026-07-01 17:26:24.984951: 
2026-07-01 17:26:24.985501: Epoch 22
2026-07-01 17:26:24.985798: Current learning rate: 0.0092
2026-07-01 17:27:09.949600: train_loss -0.344
2026-07-01 17:27:09.950110: val_loss -0.1986
2026-07-01 17:27:09.950252: Pseudo dice [np.float32(0.6684)]
2026-07-01 17:27:09.950423: Epoch time: 44.97 s
2026-07-01 17:27:11.693169: 
2026-07-01 17:27:11.693568: Epoch 23
2026-07-01 17:27:11.693760: Current learning rate: 0.00917
2026-07-01 17:27:56.690025: train_loss -0.3501
2026-07-01 17:27:56.690618: val_loss -0.1583
2026-07-01 17:27:56.690783: Pseudo dice [np.float32(0.6473)]
2026-07-01 17:27:56.690959: Epoch time: 45.0 s
2026-07-01 17:27:58.401667: 
2026-07-01 17:27:58.402199: Epoch 24
2026-07-01 17:27:58.402490: Current learning rate: 0.00913
2026-07-01 17:28:43.351880: train_loss -0.3369
2026-07-01 17:28:43.352403: val_loss -0.2343
2026-07-01 17:28:43.352574: Pseudo dice [np.float32(0.6776)]
2026-07-01 17:28:43.352753: Epoch time: 44.95 s
2026-07-01 17:28:45.072850: 
2026-07-01 17:28:45.073310: Epoch 25
2026-07-01 17:28:45.073498: Current learning rate: 0.0091
2026-07-01 17:29:29.955456: train_loss -0.3391
2026-07-01 17:29:29.955927: val_loss -0.1651
2026-07-01 17:29:29.956072: Pseudo dice [np.float32(0.6466)]
2026-07-01 17:29:29.956243: Epoch time: 44.89 s
2026-07-01 17:29:32.102178: 
2026-07-01 17:29:32.102637: Epoch 26
2026-07-01 17:29:32.102830: Current learning rate: 0.00906
2026-07-01 17:30:17.077320: train_loss -0.3554
2026-07-01 17:30:17.078045: val_loss -0.2176
2026-07-01 17:30:17.078211: Pseudo dice [np.float32(0.6672)]
2026-07-01 17:30:17.078405: Epoch time: 44.98 s
2026-07-01 17:30:18.825738: 
2026-07-01 17:30:18.826441: Epoch 27
2026-07-01 17:30:18.826716: Current learning rate: 0.00902
2026-07-01 17:31:03.921091: train_loss -0.3608
2026-07-01 17:31:03.921644: val_loss -0.13
2026-07-01 17:31:03.921796: Pseudo dice [np.float32(0.6341)]
2026-07-01 17:31:03.921987: Epoch time: 45.1 s
2026-07-01 17:31:05.663275: 
2026-07-01 17:31:05.664067: Epoch 28
2026-07-01 17:31:05.664567: Current learning rate: 0.00899
2026-07-01 17:31:50.653540: train_loss -0.3452
2026-07-01 17:31:50.654091: val_loss -0.2352
2026-07-01 17:31:50.654235: Pseudo dice [np.float32(0.6816)]
2026-07-01 17:31:50.654404: Epoch time: 44.99 s
2026-07-01 17:31:52.397804: 
2026-07-01 17:31:52.398292: Epoch 29
2026-07-01 17:31:52.398582: Current learning rate: 0.00895
2026-07-01 17:32:37.579832: train_loss -0.346
2026-07-01 17:32:37.580292: val_loss -0.0768
2026-07-01 17:32:37.580435: Pseudo dice [np.float32(0.6203)]
2026-07-01 17:32:37.580610: Epoch time: 45.19 s
2026-07-01 17:32:39.330694: 
2026-07-01 17:32:39.331256: Epoch 30
2026-07-01 17:32:39.331482: Current learning rate: 0.00891
2026-07-01 17:33:24.105991: train_loss -0.3629
2026-07-01 17:33:24.106420: val_loss -0.1847
2026-07-01 17:33:24.106557: Pseudo dice [np.float32(0.6573)]
2026-07-01 17:33:24.106728: Epoch time: 44.78 s
2026-07-01 17:33:25.853956: 
2026-07-01 17:33:25.854337: Epoch 31
2026-07-01 17:33:25.854603: Current learning rate: 0.00888
2026-07-01 17:34:10.543283: train_loss -0.342
2026-07-01 17:34:10.543661: val_loss -0.2028
2026-07-01 17:34:10.543811: Pseudo dice [np.float32(0.6645)]
2026-07-01 17:34:10.543978: Epoch time: 44.69 s
2026-07-01 17:34:12.285850: 
2026-07-01 17:34:12.286214: Epoch 32
2026-07-01 17:34:12.286397: Current learning rate: 0.00884
2026-07-01 17:34:57.138592: train_loss -0.3572
2026-07-01 17:34:57.139126: val_loss -0.2309
2026-07-01 17:34:57.139276: Pseudo dice [np.float32(0.677)]
2026-07-01 17:34:57.139449: Epoch time: 44.86 s
2026-07-01 17:34:58.925115: 
2026-07-01 17:34:58.925614: Epoch 33
2026-07-01 17:34:58.925897: Current learning rate: 0.0088
2026-07-01 17:35:43.843431: train_loss -0.3511
2026-07-01 17:35:43.843980: val_loss -0.2208
2026-07-01 17:35:43.844131: Pseudo dice [np.float32(0.6761)]
2026-07-01 17:35:43.844303: Epoch time: 44.92 s
2026-07-01 17:35:46.022904: 
2026-07-01 17:35:46.023376: Epoch 34
2026-07-01 17:35:46.023561: Current learning rate: 0.00877
2026-07-01 17:36:30.942043: train_loss -0.3597
2026-07-01 17:36:30.942518: val_loss -0.1357
2026-07-01 17:36:30.942658: Pseudo dice [np.float32(0.6414)]
2026-07-01 17:36:30.942836: Epoch time: 44.92 s
2026-07-01 17:36:32.720096: 
2026-07-01 17:36:32.720533: Epoch 35
2026-07-01 17:36:32.720707: Current learning rate: 0.00873
2026-07-01 17:37:17.591270: train_loss -0.3747
2026-07-01 17:37:17.591786: val_loss -0.202
2026-07-01 17:37:17.591937: Pseudo dice [np.float32(0.6635)]
2026-07-01 17:37:17.592109: Epoch time: 44.87 s
2026-07-01 17:37:19.384063: 
2026-07-01 17:37:19.384643: Epoch 36
2026-07-01 17:37:19.384943: Current learning rate: 0.00869
2026-07-01 17:38:04.186756: train_loss -0.3768
2026-07-01 17:38:04.187362: val_loss -0.1264
2026-07-01 17:38:04.187509: Pseudo dice [np.float32(0.6332)]
2026-07-01 17:38:04.187680: Epoch time: 44.81 s
2026-07-01 17:38:05.965543: 
2026-07-01 17:38:05.965943: Epoch 37
2026-07-01 17:38:05.966125: Current learning rate: 0.00866
2026-07-01 17:38:50.706956: train_loss -0.3724
2026-07-01 17:38:50.707494: val_loss -0.1186
2026-07-01 17:38:50.707659: Pseudo dice [np.float32(0.641)]
2026-07-01 17:38:50.707839: Epoch time: 44.74 s
2026-07-01 17:38:52.495615: 
2026-07-01 17:38:52.496177: Epoch 38
2026-07-01 17:38:52.496386: Current learning rate: 0.00862
2026-07-01 17:39:37.267221: train_loss -0.382
2026-07-01 17:39:37.267805: val_loss -0.142
2026-07-01 17:39:37.267974: Pseudo dice [np.float32(0.6422)]
2026-07-01 17:39:37.268143: Epoch time: 44.77 s
2026-07-01 17:39:39.046424: 
2026-07-01 17:39:39.046782: Epoch 39
2026-07-01 17:39:39.046961: Current learning rate: 0.00858
2026-07-01 17:40:23.691601: train_loss -0.3862
2026-07-01 17:40:23.692172: val_loss -0.0757
2026-07-01 17:40:23.692341: Pseudo dice [np.float32(0.6464)]
2026-07-01 17:40:23.692524: Epoch time: 44.65 s
2026-07-01 17:40:25.487664: 
2026-07-01 17:40:25.488087: Epoch 40
2026-07-01 17:40:25.488413: Current learning rate: 0.00855
2026-07-01 17:41:10.139794: train_loss -0.3668
2026-07-01 17:41:10.140197: val_loss -0.1776
2026-07-01 17:41:10.140335: Pseudo dice [np.float32(0.6608)]
2026-07-01 17:41:10.140497: Epoch time: 44.66 s
2026-07-01 17:41:11.938726: 
2026-07-01 17:41:11.939224: Epoch 41
2026-07-01 17:41:11.939488: Current learning rate: 0.00851
2026-07-01 17:41:56.721446: train_loss -0.3904
2026-07-01 17:41:56.721968: val_loss -0.1915
2026-07-01 17:41:56.722135: Pseudo dice [np.float32(0.6783)]
2026-07-01 17:41:56.722304: Epoch time: 44.79 s
2026-07-01 17:41:58.833354: 
2026-07-01 17:41:58.833933: Epoch 42
2026-07-01 17:41:58.834114: Current learning rate: 0.00847
2026-07-01 17:42:43.564578: train_loss -0.3838
2026-07-01 17:42:43.565049: val_loss -0.123
2026-07-01 17:42:43.565195: Pseudo dice [np.float32(0.6457)]
2026-07-01 17:42:43.565363: Epoch time: 44.73 s
2026-07-01 17:42:45.313858: 
2026-07-01 17:42:45.314298: Epoch 43
2026-07-01 17:42:45.314482: Current learning rate: 0.00844
2026-07-01 17:43:30.024999: train_loss -0.3727
2026-07-01 17:43:30.025631: val_loss -0.2607
2026-07-01 17:43:30.025795: Pseudo dice [np.float32(0.6912)]
2026-07-01 17:43:30.025976: Epoch time: 44.71 s
2026-07-01 17:43:31.789608: 
2026-07-01 17:43:31.790421: Epoch 44
2026-07-01 17:43:31.791076: Current learning rate: 0.0084
2026-07-01 17:44:16.557861: train_loss -0.3795
2026-07-01 17:44:16.558417: val_loss -0.1928
2026-07-01 17:44:16.558579: Pseudo dice [np.float32(0.66)]
2026-07-01 17:44:16.558757: Epoch time: 44.77 s
2026-07-01 17:44:18.317748: 
2026-07-01 17:44:18.318549: Epoch 45
2026-07-01 17:44:18.319107: Current learning rate: 0.00836
2026-07-01 17:45:03.139018: train_loss -0.3826
2026-07-01 17:45:03.139579: val_loss -0.2199
2026-07-01 17:45:03.139726: Pseudo dice [np.float32(0.6713)]
2026-07-01 17:45:03.139904: Epoch time: 44.82 s
2026-07-01 17:45:04.904978: 
2026-07-01 17:45:04.905638: Epoch 46
2026-07-01 17:45:04.905952: Current learning rate: 0.00833
2026-07-01 17:45:49.559522: train_loss -0.3743
2026-07-01 17:45:49.560273: val_loss -0.0668
2026-07-01 17:45:49.560622: Pseudo dice [np.float32(0.6354)]
2026-07-01 17:45:49.560979: Epoch time: 44.66 s
2026-07-01 17:45:51.329606: 
2026-07-01 17:45:51.330097: Epoch 47
2026-07-01 17:45:51.330347: Current learning rate: 0.00829
2026-07-01 17:46:36.060075: train_loss -0.3721
2026-07-01 17:46:36.060728: val_loss -0.1862
2026-07-01 17:46:36.060960: Pseudo dice [np.float32(0.6605)]
2026-07-01 17:46:36.061160: Epoch time: 44.73 s
2026-07-01 17:46:37.823695: 
2026-07-01 17:46:37.824331: Epoch 48
2026-07-01 17:46:37.824831: Current learning rate: 0.00825
2026-07-01 17:47:22.537967: train_loss -0.3846
2026-07-01 17:47:22.538563: val_loss -0.1864
2026-07-01 17:47:22.538711: Pseudo dice [np.float32(0.6611)]
2026-07-01 17:47:22.538918: Epoch time: 44.72 s
2026-07-01 17:47:24.306241: 
2026-07-01 17:47:24.306737: Epoch 49
2026-07-01 17:47:24.306925: Current learning rate: 0.00822
2026-07-01 17:48:09.146440: train_loss -0.3957
2026-07-01 17:48:09.147078: val_loss -0.0522
2026-07-01 17:48:09.147245: Pseudo dice [np.float32(0.625)]
2026-07-01 17:48:09.147499: Epoch time: 44.84 s
2026-07-01 17:48:11.332640: 
2026-07-01 17:48:11.333272: Epoch 50
2026-07-01 17:48:11.333486: Current learning rate: 0.00818
2026-07-01 17:48:55.950148: train_loss -0.3866
2026-07-01 17:48:55.950622: val_loss -0.1282
2026-07-01 17:48:55.950769: Pseudo dice [np.float32(0.6463)]
2026-07-01 17:48:55.950952: Epoch time: 44.62 s
2026-07-01 17:48:58.097837: 
2026-07-01 17:48:58.098267: Epoch 51
2026-07-01 17:48:58.098463: Current learning rate: 0.00814
2026-07-01 17:49:42.868678: train_loss -0.3821
2026-07-01 17:49:42.869202: val_loss -0.1067
2026-07-01 17:49:42.869381: Pseudo dice [np.float32(0.6589)]
2026-07-01 17:49:42.869558: Epoch time: 44.77 s
2026-07-01 17:49:44.632696: 
2026-07-01 17:49:44.633356: Epoch 52
2026-07-01 17:49:44.633641: Current learning rate: 0.00811
2026-07-01 17:50:29.457674: train_loss -0.373
2026-07-01 17:50:29.458188: val_loss -0.1239
2026-07-01 17:50:29.458341: Pseudo dice [np.float32(0.638)]
2026-07-01 17:50:29.458520: Epoch time: 44.83 s
2026-07-01 17:50:31.227777: 
2026-07-01 17:50:31.228277: Epoch 53
2026-07-01 17:50:31.228567: Current learning rate: 0.00807
2026-07-01 17:51:15.897616: train_loss -0.3895
2026-07-01 17:51:15.898185: val_loss -0.1706
2026-07-01 17:51:15.898335: Pseudo dice [np.float32(0.6737)]
2026-07-01 17:51:15.898507: Epoch time: 44.67 s
2026-07-01 17:51:17.668665: 
2026-07-01 17:51:17.669266: Epoch 54
2026-07-01 17:51:17.669560: Current learning rate: 0.00803
2026-07-01 17:52:02.323709: train_loss -0.3788
2026-07-01 17:52:02.324384: val_loss -0.0715
2026-07-01 17:52:02.324548: Pseudo dice [np.float32(0.6347)]
2026-07-01 17:52:02.324721: Epoch time: 44.66 s
2026-07-01 17:52:04.095335: 
2026-07-01 17:52:04.095901: Epoch 55
2026-07-01 17:52:04.096187: Current learning rate: 0.008
2026-07-01 17:52:48.777349: train_loss -0.3881
2026-07-01 17:52:48.777965: val_loss -0.1879
2026-07-01 17:52:48.778106: Pseudo dice [np.float32(0.664)]
2026-07-01 17:52:48.778282: Epoch time: 44.69 s
2026-07-01 17:52:50.558274: 
2026-07-01 17:52:50.558726: Epoch 56
2026-07-01 17:52:50.558995: Current learning rate: 0.00796
2026-07-01 17:53:35.223460: train_loss -0.3711
2026-07-01 17:53:35.223926: val_loss -0.1271
2026-07-01 17:53:35.224076: Pseudo dice [np.float32(0.6486)]
2026-07-01 17:53:35.224248: Epoch time: 44.67 s
2026-07-01 17:53:36.990570: 
2026-07-01 17:53:36.991148: Epoch 57
2026-07-01 17:53:36.991454: Current learning rate: 0.00792
2026-07-01 17:54:21.688138: train_loss -0.3912
2026-07-01 17:54:21.688693: val_loss -0.1432
2026-07-01 17:54:21.688850: Pseudo dice [np.float32(0.6539)]
2026-07-01 17:54:21.689018: Epoch time: 44.7 s
2026-07-01 17:54:23.427836: 
2026-07-01 17:54:23.428263: Epoch 58
2026-07-01 17:54:23.428519: Current learning rate: 0.00789
2026-07-01 17:55:08.149048: train_loss -0.3802
2026-07-01 17:55:08.149662: val_loss -0.085
2026-07-01 17:55:08.149855: Pseudo dice [np.float32(0.6345)]
2026-07-01 17:55:08.150040: Epoch time: 44.72 s
2026-07-01 17:55:10.290711: 
2026-07-01 17:55:10.291236: Epoch 59
2026-07-01 17:55:10.291533: Current learning rate: 0.00785
2026-07-01 17:55:55.081850: train_loss -0.3962
2026-07-01 17:55:55.082533: val_loss -0.0796
2026-07-01 17:55:55.082677: Pseudo dice [np.float32(0.6467)]
2026-07-01 17:55:55.082861: Epoch time: 44.79 s
2026-07-01 17:55:56.854534: 
2026-07-01 17:55:56.855010: Epoch 60
2026-07-01 17:55:56.855273: Current learning rate: 0.00781
2026-07-01 17:56:41.809677: train_loss -0.4064
2026-07-01 17:56:41.810264: val_loss -0.1841
2026-07-01 17:56:41.810412: Pseudo dice [np.float32(0.6627)]
2026-07-01 17:56:41.810580: Epoch time: 44.96 s
2026-07-01 17:56:43.589257: 
2026-07-01 17:56:43.589785: Epoch 61
2026-07-01 17:56:43.590088: Current learning rate: 0.00777
2026-07-01 17:57:28.437746: train_loss -0.4082
2026-07-01 17:57:28.438410: val_loss -0.162
2026-07-01 17:57:28.438562: Pseudo dice [np.float32(0.663)]
2026-07-01 17:57:28.438734: Epoch time: 44.85 s
2026-07-01 17:57:30.195827: 
2026-07-01 17:57:30.196404: Epoch 62
2026-07-01 17:57:30.196699: Current learning rate: 0.00774
2026-07-01 17:58:14.974400: train_loss -0.401
2026-07-01 17:58:14.974856: val_loss -0.0961
2026-07-01 17:58:14.975012: Pseudo dice [np.float32(0.635)]
2026-07-01 17:58:14.975190: Epoch time: 44.78 s
2026-07-01 17:58:16.732369: 
2026-07-01 17:58:16.732785: Epoch 63
2026-07-01 17:58:16.732968: Current learning rate: 0.0077
2026-07-01 17:59:01.390181: train_loss -0.3994
2026-07-01 17:59:01.390686: val_loss -0.0622
2026-07-01 17:59:01.390841: Pseudo dice [np.float32(0.6342)]
2026-07-01 17:59:01.391016: Epoch time: 44.66 s
2026-07-01 17:59:03.154621: 
2026-07-01 17:59:03.155046: Epoch 64
2026-07-01 17:59:03.155232: Current learning rate: 0.00766
2026-07-01 17:59:47.903005: train_loss -0.3862
2026-07-01 17:59:47.903470: val_loss -0.1752
2026-07-01 17:59:47.903617: Pseudo dice [np.float32(0.6656)]
2026-07-01 17:59:47.903795: Epoch time: 44.75 s
2026-07-01 17:59:49.663172: 
2026-07-01 17:59:49.663608: Epoch 65
2026-07-01 17:59:49.663877: Current learning rate: 0.00763
2026-07-01 18:00:34.405831: train_loss -0.3973
2026-07-01 18:00:34.406321: val_loss -0.1712
2026-07-01 18:00:34.406484: Pseudo dice [np.float32(0.6607)]
2026-07-01 18:00:34.406672: Epoch time: 44.75 s
2026-07-01 18:00:36.161963: 
2026-07-01 18:00:36.162407: Epoch 66
2026-07-01 18:00:36.162598: Current learning rate: 0.00759
2026-07-01 18:01:20.888998: train_loss -0.4068
2026-07-01 18:01:20.890019: val_loss -0.2187
2026-07-01 18:01:20.890175: Pseudo dice [np.float32(0.6723)]
2026-07-01 18:01:20.890348: Epoch time: 44.73 s
2026-07-01 18:01:22.658205: 
2026-07-01 18:01:22.658563: Epoch 67
2026-07-01 18:01:22.658845: Current learning rate: 0.00755
2026-07-01 18:02:07.673959: train_loss -0.4064
2026-07-01 18:02:07.674574: val_loss -0.1315
2026-07-01 18:02:07.674743: Pseudo dice [np.float32(0.6606)]
2026-07-01 18:02:07.674924: Epoch time: 45.02 s
2026-07-01 18:02:09.461829: 
2026-07-01 18:02:09.462422: Epoch 68
2026-07-01 18:02:09.462622: Current learning rate: 0.00751
2026-07-01 18:02:54.277634: train_loss -0.4132
2026-07-01 18:02:54.278146: val_loss -0.196
2026-07-01 18:02:54.278305: Pseudo dice [np.float32(0.6677)]
2026-07-01 18:02:54.278477: Epoch time: 44.82 s
2026-07-01 18:02:56.059132: 
2026-07-01 18:02:56.059596: Epoch 69
2026-07-01 18:02:56.059887: Current learning rate: 0.00748
2026-07-01 18:03:40.799669: train_loss -0.4057
2026-07-01 18:03:40.800306: val_loss -0.1612
2026-07-01 18:03:40.800464: Pseudo dice [np.float32(0.6568)]
2026-07-01 18:03:40.800642: Epoch time: 44.74 s
2026-07-01 18:03:42.595506: 
2026-07-01 18:03:42.596080: Epoch 70
2026-07-01 18:03:42.596361: Current learning rate: 0.00744
2026-07-01 18:04:27.366453: train_loss -0.4167
2026-07-01 18:04:27.367117: val_loss -0.114
2026-07-01 18:04:27.367264: Pseudo dice [np.float32(0.6555)]
2026-07-01 18:04:27.367437: Epoch time: 44.77 s
2026-07-01 18:04:29.151068: 
2026-07-01 18:04:29.151520: Epoch 71
2026-07-01 18:04:29.151814: Current learning rate: 0.0074
2026-07-01 18:05:13.953117: train_loss -0.4104
2026-07-01 18:05:13.953664: val_loss -0.0215
2026-07-01 18:05:13.953830: Pseudo dice [np.float32(0.634)]
2026-07-01 18:05:13.954005: Epoch time: 44.81 s
2026-07-01 18:05:15.732143: 
2026-07-01 18:05:15.732439: Epoch 72
2026-07-01 18:05:15.732640: Current learning rate: 0.00737
2026-07-01 18:06:00.537399: train_loss -0.4123
2026-07-01 18:06:00.538064: val_loss -0.1038
2026-07-01 18:06:00.538217: Pseudo dice [np.float32(0.641)]
2026-07-01 18:06:00.538388: Epoch time: 44.81 s
2026-07-01 18:06:02.325052: 
2026-07-01 18:06:02.325568: Epoch 73
2026-07-01 18:06:02.325859: Current learning rate: 0.00733
2026-07-01 18:06:47.158226: train_loss -0.3979
2026-07-01 18:06:47.158750: val_loss -0.0944
2026-07-01 18:06:47.158917: Pseudo dice [np.float32(0.644)]
2026-07-01 18:06:47.159091: Epoch time: 44.84 s
2026-07-01 18:06:48.947596: 
2026-07-01 18:06:48.948081: Epoch 74
2026-07-01 18:06:48.948349: Current learning rate: 0.00729
2026-07-01 18:07:33.799868: train_loss -0.39
2026-07-01 18:07:33.800728: val_loss -0.1
2026-07-01 18:07:33.800885: Pseudo dice [np.float32(0.6462)]
2026-07-01 18:07:33.801056: Epoch time: 44.86 s
2026-07-01 18:07:35.587098: 
2026-07-01 18:07:35.587561: Epoch 75
2026-07-01 18:07:35.587830: Current learning rate: 0.00725
2026-07-01 18:08:20.517937: train_loss -0.3991
2026-07-01 18:08:20.518518: val_loss -0.1017
2026-07-01 18:08:20.518681: Pseudo dice [np.float32(0.6543)]
2026-07-01 18:08:20.518870: Epoch time: 44.93 s
2026-07-01 18:08:22.737211: 
2026-07-01 18:08:22.737677: Epoch 76
2026-07-01 18:08:22.737954: Current learning rate: 0.00722
2026-07-01 18:09:07.967444: train_loss -0.3952
2026-07-01 18:09:07.968062: val_loss -0.1077
2026-07-01 18:09:07.968230: Pseudo dice [np.float32(0.6472)]
2026-07-01 18:09:07.968412: Epoch time: 45.23 s
2026-07-01 18:09:09.763516: 
2026-07-01 18:09:09.764065: Epoch 77
2026-07-01 18:09:09.764351: Current learning rate: 0.00718
2026-07-01 18:09:54.657625: train_loss -0.3996
2026-07-01 18:09:54.659893: val_loss -0.1101
2026-07-01 18:09:54.660219: Pseudo dice [np.float32(0.6554)]
2026-07-01 18:09:54.660400: Epoch time: 44.9 s
2026-07-01 18:09:56.472590: 
2026-07-01 18:09:56.473102: Epoch 78
2026-07-01 18:09:56.473398: Current learning rate: 0.00714
2026-07-01 18:10:41.499060: train_loss -0.4019
2026-07-01 18:10:41.499680: val_loss -0.146
2026-07-01 18:10:41.499834: Pseudo dice [np.float32(0.6449)]
2026-07-01 18:10:41.500004: Epoch time: 45.03 s
2026-07-01 18:10:43.314058: 
2026-07-01 18:10:43.314512: Epoch 79
2026-07-01 18:10:43.314715: Current learning rate: 0.0071
2026-07-01 18:11:28.135803: train_loss -0.4138
2026-07-01 18:11:28.139211: val_loss -0.154
2026-07-01 18:11:28.139397: Pseudo dice [np.float32(0.6525)]
2026-07-01 18:11:28.139579: Epoch time: 44.83 s
2026-07-01 18:11:29.945015: 
2026-07-01 18:11:29.945570: Epoch 80
2026-07-01 18:11:29.945886: Current learning rate: 0.00707
2026-07-01 18:12:14.763747: train_loss -0.4074
2026-07-01 18:12:14.764284: val_loss -0.1915
2026-07-01 18:12:14.764433: Pseudo dice [np.float32(0.6664)]
2026-07-01 18:12:14.764611: Epoch time: 44.82 s
2026-07-01 18:12:16.575897: 
2026-07-01 18:12:16.576374: Epoch 81
2026-07-01 18:12:16.576557: Current learning rate: 0.00703
2026-07-01 18:13:01.475816: train_loss -0.402
2026-07-01 18:13:01.476549: val_loss -0.0761
2026-07-01 18:13:01.476696: Pseudo dice [np.float32(0.6469)]
2026-07-01 18:13:01.476883: Epoch time: 44.9 s
2026-07-01 18:13:03.278020: 
2026-07-01 18:13:03.278513: Epoch 82
2026-07-01 18:13:03.278814: Current learning rate: 0.00699
2026-07-01 18:13:48.265083: train_loss -0.4021
2026-07-01 18:13:48.265558: val_loss -0.0516
2026-07-01 18:13:48.265711: Pseudo dice [np.float32(0.6432)]
2026-07-01 18:13:48.265890: Epoch time: 44.99 s
2026-07-01 18:13:50.020172: 
2026-07-01 18:13:50.020676: Epoch 83
2026-07-01 18:13:50.021000: Current learning rate: 0.00696
2026-07-01 18:14:34.933733: train_loss -0.4229
2026-07-01 18:14:34.934305: val_loss -0.0602
2026-07-01 18:14:34.934455: Pseudo dice [np.float32(0.6472)]
2026-07-01 18:14:34.934629: Epoch time: 44.92 s
2026-07-01 18:14:37.024103: 
2026-07-01 18:14:37.024608: Epoch 84
2026-07-01 18:14:37.024794: Current learning rate: 0.00692
2026-07-01 18:15:21.886849: train_loss -0.402
2026-07-01 18:15:21.887525: val_loss -0.1708
2026-07-01 18:15:21.887678: Pseudo dice [np.float32(0.6657)]
2026-07-01 18:15:21.887862: Epoch time: 44.87 s
2026-07-01 18:15:23.620120: 
2026-07-01 18:15:23.620660: Epoch 85
2026-07-01 18:15:23.620871: Current learning rate: 0.00688
2026-07-01 18:16:08.534043: train_loss -0.4098
2026-07-01 18:16:08.534580: val_loss -0.1612
2026-07-01 18:16:08.534766: Pseudo dice [np.float32(0.6442)]
2026-07-01 18:16:08.534956: Epoch time: 44.92 s
2026-07-01 18:16:10.268483: 
2026-07-01 18:16:10.268968: Epoch 86
2026-07-01 18:16:10.269222: Current learning rate: 0.00684
2026-07-01 18:16:55.130864: train_loss -0.4163
2026-07-01 18:16:55.131511: val_loss -0.1663
2026-07-01 18:16:55.131658: Pseudo dice [np.float32(0.6662)]
2026-07-01 18:16:55.131843: Epoch time: 44.87 s
2026-07-01 18:16:56.875523: 
2026-07-01 18:16:56.876456: Epoch 87
2026-07-01 18:16:56.877039: Current learning rate: 0.0068
2026-07-01 18:17:41.958886: train_loss -0.4133
2026-07-01 18:17:41.959614: val_loss -0.121
2026-07-01 18:17:41.959765: Pseudo dice [np.float32(0.6527)]
2026-07-01 18:17:41.959991: Epoch time: 45.09 s
2026-07-01 18:17:43.711536: 
2026-07-01 18:17:43.712036: Epoch 88
2026-07-01 18:17:43.712332: Current learning rate: 0.00677
2026-07-01 18:18:28.652085: train_loss -0.4169
2026-07-01 18:18:28.652636: val_loss 0.0162
2026-07-01 18:18:28.652825: Pseudo dice [np.float32(0.6232)]
2026-07-01 18:18:28.653000: Epoch time: 44.94 s
2026-07-01 18:18:30.381746: 
2026-07-01 18:18:30.382116: Epoch 89
2026-07-01 18:18:30.382385: Current learning rate: 0.00673
2026-07-01 18:19:15.100501: train_loss -0.4136
2026-07-01 18:19:15.101067: val_loss -0.1619
2026-07-01 18:19:15.101211: Pseudo dice [np.float32(0.661)]
2026-07-01 18:19:15.101393: Epoch time: 44.72 s
2026-07-01 18:19:16.825228: 
2026-07-01 18:19:16.825736: Epoch 90
2026-07-01 18:19:16.825963: Current learning rate: 0.00669
2026-07-01 18:20:01.796378: train_loss -0.4224
2026-07-01 18:20:01.796809: val_loss -0.1884
2026-07-01 18:20:01.796953: Pseudo dice [np.float32(0.683)]
2026-07-01 18:20:01.797128: Epoch time: 44.97 s
2026-07-01 18:20:03.515268: 
2026-07-01 18:20:03.515628: Epoch 91
2026-07-01 18:20:03.515803: Current learning rate: 0.00665
2026-07-01 18:20:48.527152: train_loss -0.4107
2026-07-01 18:20:48.527700: val_loss -0.0511
2026-07-01 18:20:48.528589: Pseudo dice [np.float32(0.6365)]
2026-07-01 18:20:48.528841: Epoch time: 45.01 s
2026-07-01 18:20:50.269778: 
2026-07-01 18:20:50.270255: Epoch 92
2026-07-01 18:20:50.270546: Current learning rate: 0.00662
2026-07-01 18:21:35.254650: train_loss -0.4058
2026-07-01 18:21:35.255230: val_loss -0.0586
2026-07-01 18:21:35.255372: Pseudo dice [np.float32(0.6483)]
2026-07-01 18:21:35.255539: Epoch time: 44.99 s
2026-07-01 18:21:37.436140: 
2026-07-01 18:21:37.436798: Epoch 93
2026-07-01 18:21:37.437099: Current learning rate: 0.00658
2026-07-01 18:22:22.061946: train_loss -0.4181
2026-07-01 18:22:22.062506: val_loss -0.1693
2026-07-01 18:22:22.062655: Pseudo dice [np.float32(0.6683)]
2026-07-01 18:22:22.062840: Epoch time: 44.63 s
2026-07-01 18:22:23.803642: 
2026-07-01 18:22:23.804100: Epoch 94
2026-07-01 18:22:23.804288: Current learning rate: 0.00654
2026-07-01 18:23:08.806198: train_loss -0.4317
2026-07-01 18:23:08.806842: val_loss -0.1816
2026-07-01 18:23:08.806992: Pseudo dice [np.float32(0.6674)]
2026-07-01 18:23:08.807163: Epoch time: 45.01 s
2026-07-01 18:23:10.538537: 
2026-07-01 18:23:10.538916: Epoch 95
2026-07-01 18:23:10.539076: Current learning rate: 0.0065
2026-07-01 18:23:55.481441: train_loss -0.407
2026-07-01 18:23:55.481938: val_loss -0.2286
2026-07-01 18:23:55.482091: Pseudo dice [np.float32(0.6798)]
2026-07-01 18:23:55.482265: Epoch time: 44.95 s
2026-07-01 18:23:57.210206: 
2026-07-01 18:23:57.210717: Epoch 96
2026-07-01 18:23:57.210986: Current learning rate: 0.00647
2026-07-01 18:24:42.226506: train_loss -0.4069
2026-07-01 18:24:42.227074: val_loss -0.0139
2026-07-01 18:24:42.227221: Pseudo dice [np.float32(0.6207)]
2026-07-01 18:24:42.227391: Epoch time: 45.02 s
2026-07-01 18:24:43.974255: 
2026-07-01 18:24:43.974700: Epoch 97
2026-07-01 18:24:43.975036: Current learning rate: 0.00643
2026-07-01 18:25:28.694056: train_loss -0.3962
2026-07-01 18:25:28.694664: val_loss -0.1253
2026-07-01 18:25:28.694816: Pseudo dice [np.float32(0.6471)]
2026-07-01 18:25:28.694988: Epoch time: 44.72 s
2026-07-01 18:25:30.443551: 
2026-07-01 18:25:30.443995: Epoch 98
2026-07-01 18:25:30.444183: Current learning rate: 0.00639
2026-07-01 18:26:15.331283: train_loss -0.4133
2026-07-01 18:26:15.331866: val_loss -0.0262
2026-07-01 18:26:15.332017: Pseudo dice [np.float32(0.6393)]
2026-07-01 18:26:15.332187: Epoch time: 44.89 s
2026-07-01 18:26:17.084925: 
2026-07-01 18:26:17.085402: Epoch 99
2026-07-01 18:26:17.085762: Current learning rate: 0.00635
2026-07-01 18:27:01.832181: train_loss -0.4391
2026-07-01 18:27:01.832745: val_loss -0.2222
2026-07-01 18:27:01.832906: Pseudo dice [np.float32(0.6751)]
2026-07-01 18:27:01.833085: Epoch time: 44.75 s
2026-07-01 18:27:04.178119: 
2026-07-01 18:27:04.178636: Epoch 100
2026-07-01 18:27:04.178898: Current learning rate: 0.00631
2026-07-01 18:27:49.238820: train_loss -0.423
2026-07-01 18:27:49.239434: val_loss -0.081
2026-07-01 18:27:49.239591: Pseudo dice [np.float32(0.6519)]
2026-07-01 18:27:49.239764: Epoch time: 45.06 s
2026-07-01 18:27:50.996471: 
2026-07-01 18:27:50.996927: Epoch 101
2026-07-01 18:27:50.997092: Current learning rate: 0.00628
2026-07-01 18:28:35.794409: train_loss -0.4054
2026-07-01 18:28:35.794903: val_loss -0.1485
2026-07-01 18:28:35.795053: Pseudo dice [np.float32(0.6753)]
2026-07-01 18:28:35.795223: Epoch time: 44.8 s
2026-07-01 18:28:38.100303: 
2026-07-01 18:28:38.100842: Epoch 102
2026-07-01 18:28:38.101109: Current learning rate: 0.00624
2026-07-01 18:29:23.036132: train_loss -0.4369
2026-07-01 18:29:23.039519: val_loss -0.0628
2026-07-01 18:29:23.039701: Pseudo dice [np.float32(0.6444)]
2026-07-01 18:29:23.041548: Epoch time: 44.94 s
2026-07-01 18:29:24.811784: 
2026-07-01 18:29:24.812447: Epoch 103
2026-07-01 18:29:24.812735: Current learning rate: 0.0062
2026-07-01 18:30:09.619092: train_loss -0.4325
2026-07-01 18:30:09.619586: val_loss -0.2015
2026-07-01 18:30:09.619728: Pseudo dice [np.float32(0.684)]
2026-07-01 18:30:09.619919: Epoch time: 44.81 s
2026-07-01 18:30:11.390418: 
2026-07-01 18:30:11.391041: Epoch 104
2026-07-01 18:30:11.391342: Current learning rate: 0.00616
2026-07-01 18:30:56.198987: train_loss -0.4283
2026-07-01 18:30:56.199718: val_loss -0.0446
2026-07-01 18:30:56.199917: Pseudo dice [np.float32(0.655)]
2026-07-01 18:30:56.200102: Epoch time: 44.81 s
2026-07-01 18:30:57.979418: 
2026-07-01 18:30:57.979877: Epoch 105
2026-07-01 18:30:57.980260: Current learning rate: 0.00612
2026-07-01 18:31:42.915680: train_loss -0.426
2026-07-01 18:31:42.916322: val_loss -0.1049
2026-07-01 18:31:42.916482: Pseudo dice [np.float32(0.6406)]
2026-07-01 18:31:42.916654: Epoch time: 44.94 s
2026-07-01 18:31:44.678027: 
2026-07-01 18:31:44.678485: Epoch 106
2026-07-01 18:31:44.678817: Current learning rate: 0.00609
2026-07-01 18:32:29.493432: train_loss -0.4224
2026-07-01 18:32:29.493935: val_loss -0.0765
2026-07-01 18:32:29.494085: Pseudo dice [np.float32(0.6433)]
2026-07-01 18:32:29.494264: Epoch time: 44.82 s
2026-07-01 18:32:31.259026: 
2026-07-01 18:32:31.259583: Epoch 107
2026-07-01 18:32:31.259881: Current learning rate: 0.00605
2026-07-01 18:33:16.099887: train_loss -0.4373
2026-07-01 18:33:16.100384: val_loss -0.045
2026-07-01 18:33:16.100532: Pseudo dice [np.float32(0.6373)]
2026-07-01 18:33:16.100703: Epoch time: 44.84 s
2026-07-01 18:33:17.874957: 
2026-07-01 18:33:17.875304: Epoch 108
2026-07-01 18:33:17.875466: Current learning rate: 0.00601
2026-07-01 18:34:02.663895: train_loss -0.4096
2026-07-01 18:34:02.664426: val_loss -0.0844
2026-07-01 18:34:02.664567: Pseudo dice [np.float32(0.6509)]
2026-07-01 18:34:02.664732: Epoch time: 44.79 s
2026-07-01 18:34:04.423892: 
2026-07-01 18:34:04.424286: Epoch 109
2026-07-01 18:34:04.424458: Current learning rate: 0.00597
2026-07-01 18:34:49.229800: train_loss -0.4239
2026-07-01 18:34:49.230300: val_loss -0.0558
2026-07-01 18:34:49.230444: Pseudo dice [np.float32(0.639)]
2026-07-01 18:34:49.230615: Epoch time: 44.81 s
2026-07-01 18:34:50.987836: 
2026-07-01 18:34:50.988246: Epoch 110
2026-07-01 18:34:50.988516: Current learning rate: 0.00593
2026-07-01 18:35:35.753329: train_loss -0.4202
2026-07-01 18:35:35.753859: val_loss -0.0946
2026-07-01 18:35:35.754001: Pseudo dice [np.float32(0.6528)]
2026-07-01 18:35:35.754178: Epoch time: 44.77 s
2026-07-01 18:35:37.924854: 
2026-07-01 18:35:37.925266: Epoch 111
2026-07-01 18:35:37.925530: Current learning rate: 0.0059
2026-07-01 18:36:22.697040: train_loss -0.4195
2026-07-01 18:36:22.700055: val_loss -0.1253
2026-07-01 18:36:22.700206: Pseudo dice [np.float32(0.6579)]
2026-07-01 18:36:22.700381: Epoch time: 44.78 s
2026-07-01 18:36:24.447051: 
2026-07-01 18:36:24.447597: Epoch 112
2026-07-01 18:36:24.447875: Current learning rate: 0.00586
2026-07-01 18:37:09.304525: train_loss -0.4172
2026-07-01 18:37:09.305071: val_loss -0.1237
2026-07-01 18:37:09.305217: Pseudo dice [np.float32(0.6475)]
2026-07-01 18:37:09.305387: Epoch time: 44.86 s
2026-07-01 18:37:11.045029: 
2026-07-01 18:37:11.045560: Epoch 113
2026-07-01 18:37:11.045839: Current learning rate: 0.00582
2026-07-01 18:37:55.910337: train_loss -0.4385
2026-07-01 18:37:55.910771: val_loss -0.0493
2026-07-01 18:37:55.910918: Pseudo dice [np.float32(0.6344)]
2026-07-01 18:37:55.911088: Epoch time: 44.87 s
2026-07-01 18:37:57.644576: 
2026-07-01 18:37:57.644940: Epoch 114
2026-07-01 18:37:57.645103: Current learning rate: 0.00578
2026-07-01 18:38:42.519877: train_loss -0.4235
2026-07-01 18:38:42.520392: val_loss -0.1261
2026-07-01 18:38:42.520551: Pseudo dice [np.float32(0.6565)]
2026-07-01 18:38:42.520720: Epoch time: 44.88 s
2026-07-01 18:38:44.259818: 
2026-07-01 18:38:44.260278: Epoch 115
2026-07-01 18:38:44.260448: Current learning rate: 0.00574
2026-07-01 18:39:29.051766: train_loss -0.4283
2026-07-01 18:39:29.052301: val_loss -0.0749
2026-07-01 18:39:29.052443: Pseudo dice [np.float32(0.6513)]
2026-07-01 18:39:29.052611: Epoch time: 44.8 s
2026-07-01 18:39:30.807676: 
2026-07-01 18:39:30.808142: Epoch 116
2026-07-01 18:39:30.808324: Current learning rate: 0.0057
2026-07-01 18:40:15.600398: train_loss -0.4272
2026-07-01 18:40:15.601075: val_loss -0.0469
2026-07-01 18:40:15.601245: Pseudo dice [np.float32(0.6451)]
2026-07-01 18:40:15.602096: Epoch time: 44.8 s
2026-07-01 18:40:17.352208: 
2026-07-01 18:40:17.352612: Epoch 117
2026-07-01 18:40:17.352782: Current learning rate: 0.00567
2026-07-01 18:41:02.340219: train_loss -0.429
2026-07-01 18:41:02.340636: val_loss -0.1306
2026-07-01 18:41:02.340788: Pseudo dice [np.float32(0.6504)]
2026-07-01 18:41:02.340956: Epoch time: 44.99 s
2026-07-01 18:41:04.092196: 
2026-07-01 18:41:04.092677: Epoch 118
2026-07-01 18:41:04.093024: Current learning rate: 0.00563
2026-07-01 18:41:49.056259: train_loss -0.448
2026-07-01 18:41:49.057038: val_loss -0.1928
2026-07-01 18:41:49.057217: Pseudo dice [np.float32(0.6767)]
2026-07-01 18:41:49.057399: Epoch time: 44.97 s
2026-07-01 18:41:50.822925: 
2026-07-01 18:41:50.823498: Epoch 119
2026-07-01 18:41:50.823870: Current learning rate: 0.00559
2026-07-01 18:42:36.372229: train_loss -0.418
2026-07-01 18:42:36.372723: val_loss -0.0609
2026-07-01 18:42:36.372887: Pseudo dice [np.float32(0.6509)]
2026-07-01 18:42:36.373069: Epoch time: 45.55 s
2026-07-01 18:42:38.144714: 
2026-07-01 18:42:38.145189: Epoch 120
2026-07-01 18:42:38.145378: Current learning rate: 0.00555
2026-07-01 18:43:23.034472: train_loss -0.4414
2026-07-01 18:43:23.035217: val_loss -0.1147
2026-07-01 18:43:23.035395: Pseudo dice [np.float32(0.6576)]
2026-07-01 18:43:23.035656: Epoch time: 44.89 s
2026-07-01 18:43:24.813002: 
2026-07-01 18:43:24.813564: Epoch 121
2026-07-01 18:43:24.813784: Current learning rate: 0.00551
2026-07-01 18:44:09.708743: train_loss -0.4291
2026-07-01 18:44:09.709435: val_loss -0.1099
2026-07-01 18:44:09.709583: Pseudo dice [np.float32(0.6447)]
2026-07-01 18:44:09.709757: Epoch time: 44.9 s
2026-07-01 18:44:11.471456: 
2026-07-01 18:44:11.471960: Epoch 122
2026-07-01 18:44:11.472239: Current learning rate: 0.00547
2026-07-01 18:44:56.174883: train_loss -0.4357
2026-07-01 18:44:56.175317: val_loss -0.1306
2026-07-01 18:44:56.175462: Pseudo dice [np.float32(0.6533)]
2026-07-01 18:44:56.175632: Epoch time: 44.71 s
2026-07-01 18:44:57.934108: 
2026-07-01 18:44:57.934588: Epoch 123
2026-07-01 18:44:57.934878: Current learning rate: 0.00544
2026-07-01 18:45:42.625095: train_loss -0.4191
2026-07-01 18:45:42.625572: val_loss -0.1066
2026-07-01 18:45:42.625713: Pseudo dice [np.float32(0.6457)]
2026-07-01 18:45:42.625885: Epoch time: 44.69 s
2026-07-01 18:45:44.384936: 
2026-07-01 18:45:44.385413: Epoch 124
2026-07-01 18:45:44.385696: Current learning rate: 0.0054
2026-07-01 18:46:29.203361: train_loss -0.4067
2026-07-01 18:46:29.203832: val_loss -0.041
2026-07-01 18:46:29.203976: Pseudo dice [np.float32(0.6453)]
2026-07-01 18:46:29.204146: Epoch time: 44.82 s
2026-07-01 18:46:30.957815: 
2026-07-01 18:46:30.958319: Epoch 125
2026-07-01 18:46:30.958627: Current learning rate: 0.00536
2026-07-01 18:47:15.636956: train_loss -0.4275
2026-07-01 18:47:15.637502: val_loss -0.1259
2026-07-01 18:47:15.637659: Pseudo dice [np.float32(0.6481)]
2026-07-01 18:47:15.637876: Epoch time: 44.68 s
2026-07-01 18:47:17.405958: 
2026-07-01 18:47:17.406419: Epoch 126
2026-07-01 18:47:17.406597: Current learning rate: 0.00532
2026-07-01 18:48:02.047892: train_loss -0.4406
2026-07-01 18:48:02.048463: val_loss -0.1284
2026-07-01 18:48:02.048601: Pseudo dice [np.float32(0.6526)]
2026-07-01 18:48:02.048771: Epoch time: 44.65 s
2026-07-01 18:48:03.802647: 
2026-07-01 18:48:03.803047: Epoch 127
2026-07-01 18:48:03.803236: Current learning rate: 0.00528
2026-07-01 18:48:48.523474: train_loss -0.4462
2026-07-01 18:48:48.524113: val_loss 0.0024
2026-07-01 18:48:48.524269: Pseudo dice [np.float32(0.6339)]
2026-07-01 18:48:48.524454: Epoch time: 44.72 s
2026-07-01 18:48:50.713223: 
2026-07-01 18:48:50.713752: Epoch 128
2026-07-01 18:48:50.714033: Current learning rate: 0.00524
2026-07-01 18:49:35.416241: train_loss -0.4347
2026-07-01 18:49:35.416702: val_loss -0.0638
2026-07-01 18:49:35.416856: Pseudo dice [np.float32(0.6439)]
2026-07-01 18:49:35.417028: Epoch time: 44.71 s
2026-07-01 18:49:37.174729: 
2026-07-01 18:49:37.175255: Epoch 129
2026-07-01 18:49:37.175450: Current learning rate: 0.0052
2026-07-01 18:50:21.828161: train_loss -0.4373
2026-07-01 18:50:21.828704: val_loss -0.0794
2026-07-01 18:50:21.828887: Pseudo dice [np.float32(0.6498)]
2026-07-01 18:50:21.829065: Epoch time: 44.66 s
2026-07-01 18:50:23.602233: 
2026-07-01 18:50:23.602695: Epoch 130
2026-07-01 18:50:23.602948: Current learning rate: 0.00517
2026-07-01 18:51:08.264184: train_loss -0.45
2026-07-01 18:51:08.264746: val_loss -0.1158
2026-07-01 18:51:08.264939: Pseudo dice [np.float32(0.6508)]
2026-07-01 18:51:08.265120: Epoch time: 44.67 s
2026-07-01 18:51:10.035581: 
2026-07-01 18:51:10.036063: Epoch 131
2026-07-01 18:51:10.036348: Current learning rate: 0.00513
2026-07-01 18:51:54.842361: train_loss -0.4245
2026-07-01 18:51:54.842955: val_loss -0.0576
2026-07-01 18:51:54.843103: Pseudo dice [np.float32(0.6469)]
2026-07-01 18:51:54.843282: Epoch time: 44.81 s
2026-07-01 18:51:56.623833: 
2026-07-01 18:51:56.624700: Epoch 132
2026-07-01 18:51:56.625298: Current learning rate: 0.00509
2026-07-01 18:52:41.343644: train_loss -0.4354
2026-07-01 18:52:41.344455: val_loss -0.0562
2026-07-01 18:52:41.344601: Pseudo dice [np.float32(0.629)]
2026-07-01 18:52:41.344814: Epoch time: 44.72 s
2026-07-01 18:52:43.122970: 
2026-07-01 18:52:43.123875: Epoch 133
2026-07-01 18:52:43.124397: Current learning rate: 0.00505
2026-07-01 18:53:27.951266: train_loss -0.4407
2026-07-01 18:53:27.951734: val_loss -0.1099
2026-07-01 18:53:27.951890: Pseudo dice [np.float32(0.6598)]
2026-07-01 18:53:27.952061: Epoch time: 44.83 s
2026-07-01 18:53:29.731221: 
2026-07-01 18:53:29.731837: Epoch 134
2026-07-01 18:53:29.732146: Current learning rate: 0.00501
2026-07-01 18:54:14.493984: train_loss -0.4389
2026-07-01 18:54:14.494449: val_loss -0.0463
2026-07-01 18:54:14.494613: Pseudo dice [np.float32(0.6502)]
2026-07-01 18:54:14.494805: Epoch time: 44.77 s
2026-07-01 18:54:16.278125: 
2026-07-01 18:54:16.278691: Epoch 135
2026-07-01 18:54:16.278975: Current learning rate: 0.00497
2026-07-01 18:55:01.078658: train_loss -0.4368
2026-07-01 18:55:01.079180: val_loss -0.0762
2026-07-01 18:55:01.079325: Pseudo dice [np.float32(0.6458)]
2026-07-01 18:55:01.079499: Epoch time: 44.8 s
2026-07-01 18:55:02.856576: 
2026-07-01 18:55:02.856982: Epoch 136
2026-07-01 18:55:02.857177: Current learning rate: 0.00493
2026-07-01 18:55:47.755221: train_loss -0.4342
2026-07-01 18:55:47.755720: val_loss -0.1167
2026-07-01 18:55:47.755903: Pseudo dice [np.float32(0.6514)]
2026-07-01 18:55:47.756199: Epoch time: 44.9 s
2026-07-01 18:55:50.001267: 
2026-07-01 18:55:50.001762: Epoch 137
2026-07-01 18:55:50.001966: Current learning rate: 0.00489
2026-07-01 18:56:34.883678: train_loss -0.4344
2026-07-01 18:56:34.884379: val_loss -0.0795
2026-07-01 18:56:34.884570: Pseudo dice [np.float32(0.6418)]
2026-07-01 18:56:34.884750: Epoch time: 44.89 s
2026-07-01 18:56:36.697814: 
2026-07-01 18:56:36.698560: Epoch 138
2026-07-01 18:56:36.698876: Current learning rate: 0.00485
2026-07-01 18:57:21.564327: train_loss -0.4346
2026-07-01 18:57:21.564908: val_loss -0.0655
2026-07-01 18:57:21.565054: Pseudo dice [np.float32(0.6486)]
2026-07-01 18:57:21.565224: Epoch time: 44.87 s
2026-07-01 18:57:23.347378: 
2026-07-01 18:57:23.348001: Epoch 139
2026-07-01 18:57:23.348195: Current learning rate: 0.00482
2026-07-01 18:58:08.008894: train_loss -0.4318
2026-07-01 18:58:08.009691: val_loss -0.0727
2026-07-01 18:58:08.009885: Pseudo dice [np.float32(0.6495)]
2026-07-01 18:58:08.010060: Epoch time: 44.66 s
2026-07-01 18:58:09.789571: 
2026-07-01 18:58:09.789993: Epoch 140
2026-07-01 18:58:09.790261: Current learning rate: 0.00478
2026-07-01 18:58:54.532727: train_loss -0.443
2026-07-01 18:58:54.533160: val_loss 0.0128
2026-07-01 18:58:54.533307: Pseudo dice [np.float32(0.6115)]
2026-07-01 18:58:54.533475: Epoch time: 44.75 s
2026-07-01 18:58:56.314538: 
2026-07-01 18:58:56.315115: Epoch 141
2026-07-01 18:58:56.315402: Current learning rate: 0.00474
2026-07-01 18:59:41.049511: train_loss -0.428
2026-07-01 18:59:41.050115: val_loss -0.037
2026-07-01 18:59:41.050260: Pseudo dice [np.float32(0.6353)]
2026-07-01 18:59:41.050439: Epoch time: 44.74 s
2026-07-01 18:59:42.829138: 
2026-07-01 18:59:42.829597: Epoch 142
2026-07-01 18:59:42.829790: Current learning rate: 0.0047
2026-07-01 19:00:27.500389: train_loss -0.43
2026-07-01 19:00:27.501040: val_loss -0.1285
2026-07-01 19:00:27.501191: Pseudo dice [np.float32(0.6512)]
2026-07-01 19:00:27.501364: Epoch time: 44.67 s
2026-07-01 19:00:29.288743: 
2026-07-01 19:00:29.289107: Epoch 143
2026-07-01 19:00:29.289492: Current learning rate: 0.00466
2026-07-01 19:01:14.098781: train_loss -0.4525
2026-07-01 19:01:14.099260: val_loss -0.1369
2026-07-01 19:01:14.099401: Pseudo dice [np.float32(0.6649)]
2026-07-01 19:01:14.099578: Epoch time: 44.81 s
2026-07-01 19:01:15.891153: 
2026-07-01 19:01:15.891611: Epoch 144
2026-07-01 19:01:15.892021: Current learning rate: 0.00462
2026-07-01 19:02:00.519244: train_loss -0.4297
2026-07-01 19:02:00.519710: val_loss -0.2227
2026-07-01 19:02:00.519872: Pseudo dice [np.float32(0.6843)]
2026-07-01 19:02:00.520045: Epoch time: 44.63 s
2026-07-01 19:02:02.658613: 
2026-07-01 19:02:02.659190: Epoch 145
2026-07-01 19:02:02.659491: Current learning rate: 0.00458
2026-07-01 19:02:47.396286: train_loss -0.4154
2026-07-01 19:02:47.396760: val_loss -0.1366
2026-07-01 19:02:47.396919: Pseudo dice [np.float32(0.6574)]
2026-07-01 19:02:47.397096: Epoch time: 44.74 s
2026-07-01 19:02:49.178644: 
2026-07-01 19:02:49.179031: Epoch 146
2026-07-01 19:02:49.179248: Current learning rate: 0.00454
2026-07-01 19:03:33.835696: train_loss -0.4397
2026-07-01 19:03:33.836239: val_loss -0.0945
2026-07-01 19:03:33.836384: Pseudo dice [np.float32(0.645)]
2026-07-01 19:03:33.836547: Epoch time: 44.66 s
2026-07-01 19:03:35.628242: 
2026-07-01 19:03:35.628730: Epoch 147
2026-07-01 19:03:35.629005: Current learning rate: 0.0045
2026-07-01 19:04:20.442787: train_loss -0.4271
2026-07-01 19:04:20.443237: val_loss -0.0189
2026-07-01 19:04:20.443383: Pseudo dice [np.float32(0.6383)]
2026-07-01 19:04:20.443560: Epoch time: 44.82 s
2026-07-01 19:04:22.235270: 
2026-07-01 19:04:22.235682: Epoch 148
2026-07-01 19:04:22.235867: Current learning rate: 0.00446
2026-07-01 19:05:06.894418: train_loss -0.4222
2026-07-01 19:05:06.894812: val_loss -0.0951
2026-07-01 19:05:06.894951: Pseudo dice [np.float32(0.6387)]
2026-07-01 19:05:06.895118: Epoch time: 44.66 s
2026-07-01 19:05:08.676492: 
2026-07-01 19:05:08.676873: Epoch 149
2026-07-01 19:05:08.677061: Current learning rate: 0.00442
2026-07-01 19:05:53.529855: train_loss -0.4411
2026-07-01 19:05:53.530387: val_loss -0.0815
2026-07-01 19:05:53.530565: Pseudo dice [np.float32(0.6535)]
2026-07-01 19:05:53.530757: Epoch time: 44.86 s
2026-07-01 19:05:55.828290: 
2026-07-01 19:05:55.828756: Epoch 150
2026-07-01 19:05:55.829111: Current learning rate: 0.00438
2026-07-01 19:06:40.590089: train_loss -0.4418
2026-07-01 19:06:40.590585: val_loss -0.0807
2026-07-01 19:06:40.590737: Pseudo dice [np.float32(0.631)]
2026-07-01 19:06:40.590920: Epoch time: 44.77 s
2026-07-01 19:06:42.370282: 
2026-07-01 19:06:42.370841: Epoch 151
2026-07-01 19:06:42.371159: Current learning rate: 0.00434
2026-07-01 19:07:27.147004: train_loss -0.4429
2026-07-01 19:07:27.147507: val_loss -0.0232
2026-07-01 19:07:27.147660: Pseudo dice [np.float32(0.6274)]
2026-07-01 19:07:27.147840: Epoch time: 44.78 s
2026-07-01 19:07:28.930124: 
2026-07-01 19:07:28.930636: Epoch 152
2026-07-01 19:07:28.930913: Current learning rate: 0.0043
2026-07-01 19:08:13.852819: train_loss -0.4381
2026-07-01 19:08:13.853400: val_loss -0.0046
2026-07-01 19:08:13.853545: Pseudo dice [np.float32(0.6317)]
2026-07-01 19:08:13.853718: Epoch time: 44.93 s
2026-07-01 19:08:15.651718: 
2026-07-01 19:08:15.652295: Epoch 153
2026-07-01 19:08:15.652605: Current learning rate: 0.00427
2026-07-01 19:09:00.622227: train_loss -0.4398
2026-07-01 19:09:00.622789: val_loss -0.0854
2026-07-01 19:09:00.622941: Pseudo dice [np.float32(0.6533)]
2026-07-01 19:09:00.623112: Epoch time: 44.97 s
2026-07-01 19:09:02.845650: 
2026-07-01 19:09:02.846133: Epoch 154
2026-07-01 19:09:02.846324: Current learning rate: 0.00423
2026-07-01 19:09:47.866680: train_loss -0.4389
2026-07-01 19:09:47.867300: val_loss -0.106
2026-07-01 19:09:47.867445: Pseudo dice [np.float32(0.663)]
2026-07-01 19:09:47.867617: Epoch time: 45.02 s
2026-07-01 19:09:49.689835: 
2026-07-01 19:09:49.690302: Epoch 155
2026-07-01 19:09:49.690492: Current learning rate: 0.00419
2026-07-01 19:10:34.512781: train_loss -0.4401
2026-07-01 19:10:34.513371: val_loss -0.0458
2026-07-01 19:10:34.513591: Pseudo dice [np.float32(0.6296)]
2026-07-01 19:10:34.513937: Epoch time: 44.83 s
2026-07-01 19:10:36.333636: 
2026-07-01 19:10:36.334086: Epoch 156
2026-07-01 19:10:36.334393: Current learning rate: 0.00415
2026-07-01 19:11:21.096034: train_loss -0.4391
2026-07-01 19:11:21.096597: val_loss -0.1344
2026-07-01 19:11:21.096748: Pseudo dice [np.float32(0.6684)]
2026-07-01 19:11:21.096939: Epoch time: 44.77 s
2026-07-01 19:11:22.914319: 
2026-07-01 19:11:22.914809: Epoch 157
2026-07-01 19:11:22.915055: Current learning rate: 0.00411
2026-07-01 19:12:07.673595: train_loss -0.4454
2026-07-01 19:12:07.674127: val_loss -0.0005
2026-07-01 19:12:07.674294: Pseudo dice [np.float32(0.6348)]
2026-07-01 19:12:07.674471: Epoch time: 44.76 s
2026-07-01 19:12:09.482515: 
2026-07-01 19:12:09.482938: Epoch 158
2026-07-01 19:12:09.483124: Current learning rate: 0.00407
2026-07-01 19:12:54.284116: train_loss -0.4499
2026-07-01 19:12:54.284554: val_loss -0.0497
2026-07-01 19:12:54.284692: Pseudo dice [np.float32(0.6346)]
2026-07-01 19:12:54.284869: Epoch time: 44.8 s
2026-07-01 19:12:56.095961: 
2026-07-01 19:12:56.096511: Epoch 159
2026-07-01 19:12:56.096739: Current learning rate: 0.00403
2026-07-01 19:13:40.909028: train_loss -0.4534
2026-07-01 19:13:40.909545: val_loss -0.0409
2026-07-01 19:13:40.909696: Pseudo dice [np.float32(0.6408)]
2026-07-01 19:13:40.909877: Epoch time: 44.82 s
2026-07-01 19:13:42.730128: 
2026-07-01 19:13:42.730604: Epoch 160
2026-07-01 19:13:42.730894: Current learning rate: 0.00399
2026-07-01 19:14:27.507924: train_loss -0.4502
2026-07-01 19:14:27.508631: val_loss -0.0515
2026-07-01 19:14:27.508783: Pseudo dice [np.float32(0.6427)]
2026-07-01 19:14:27.508955: Epoch time: 44.78 s
2026-07-01 19:14:29.322339: 
2026-07-01 19:14:29.322827: Epoch 161
2026-07-01 19:14:29.323125: Current learning rate: 0.00395
2026-07-01 19:15:14.097745: train_loss -0.45
2026-07-01 19:15:14.098276: val_loss -0.0809
2026-07-01 19:15:14.098423: Pseudo dice [np.float32(0.6551)]
2026-07-01 19:15:14.098593: Epoch time: 44.78 s
2026-07-01 19:15:16.264756: 
2026-07-01 19:15:16.265207: Epoch 162
2026-07-01 19:15:16.265385: Current learning rate: 0.00391
2026-07-01 19:16:01.117686: train_loss -0.4415
2026-07-01 19:16:01.118351: val_loss -0.0807
2026-07-01 19:16:01.118503: Pseudo dice [np.float32(0.6478)]
2026-07-01 19:16:01.118685: Epoch time: 44.86 s
2026-07-01 19:16:02.927342: 
2026-07-01 19:16:02.927850: Epoch 163
2026-07-01 19:16:02.928051: Current learning rate: 0.00387
2026-07-01 19:16:47.715945: train_loss -0.4502
2026-07-01 19:16:47.716471: val_loss -0.0723
2026-07-01 19:16:47.716619: Pseudo dice [np.float32(0.6561)]
2026-07-01 19:16:47.716798: Epoch time: 44.79 s
2026-07-01 19:16:49.525236: 
2026-07-01 19:16:49.525681: Epoch 164
2026-07-01 19:16:49.526015: Current learning rate: 0.00383
2026-07-01 19:17:34.265501: train_loss -0.4308
2026-07-01 19:17:34.266120: val_loss -0.0356
2026-07-01 19:17:34.266258: Pseudo dice [np.float32(0.6313)]
2026-07-01 19:17:34.266425: Epoch time: 44.74 s
2026-07-01 19:17:36.053976: 
2026-07-01 19:17:36.054437: Epoch 165
2026-07-01 19:17:36.054718: Current learning rate: 0.00379
2026-07-01 19:18:20.730067: train_loss -0.4437
2026-07-01 19:18:20.730523: val_loss -0.0359
2026-07-01 19:18:20.730673: Pseudo dice [np.float32(0.6347)]
2026-07-01 19:18:20.730863: Epoch time: 44.68 s
2026-07-01 19:18:22.519012: 
2026-07-01 19:18:22.519467: Epoch 166
2026-07-01 19:18:22.519795: Current learning rate: 0.00375
2026-07-01 19:19:07.375220: train_loss -0.454
2026-07-01 19:19:07.375760: val_loss -0.0592
2026-07-01 19:19:07.375920: Pseudo dice [np.float32(0.6427)]
2026-07-01 19:19:07.376092: Epoch time: 44.86 s
2026-07-01 19:19:09.191240: 
2026-07-01 19:19:09.191721: Epoch 167
2026-07-01 19:19:09.192029: Current learning rate: 0.00371
2026-07-01 19:19:53.961545: train_loss -0.4508
2026-07-01 19:19:53.962121: val_loss -0.1073
2026-07-01 19:19:53.962265: Pseudo dice [np.float32(0.662)]
2026-07-01 19:19:53.962435: Epoch time: 44.77 s
2026-07-01 19:19:55.766963: 
2026-07-01 19:19:55.767295: Epoch 168
2026-07-01 19:19:55.767477: Current learning rate: 0.00367
2026-07-01 19:20:40.513510: train_loss -0.4658
2026-07-01 19:20:40.513998: val_loss -0.025
2026-07-01 19:20:40.514142: Pseudo dice [np.float32(0.6391)]
2026-07-01 19:20:40.514342: Epoch time: 44.75 s
2026-07-01 19:20:42.333464: 
2026-07-01 19:20:42.333874: Epoch 169
2026-07-01 19:20:42.334069: Current learning rate: 0.00363
2026-07-01 19:21:27.110952: train_loss -0.447
2026-07-01 19:21:27.111423: val_loss -0.0852
2026-07-01 19:21:27.111575: Pseudo dice [np.float32(0.641)]
2026-07-01 19:21:27.111750: Epoch time: 44.78 s
2026-07-01 19:21:28.920415: 
2026-07-01 19:21:28.920837: Epoch 170
2026-07-01 19:21:28.921065: Current learning rate: 0.00359
2026-07-01 19:22:13.825397: train_loss -0.455
2026-07-01 19:22:13.826074: val_loss -0.0173
2026-07-01 19:22:13.826228: Pseudo dice [np.float32(0.623)]
2026-07-01 19:22:13.826405: Epoch time: 44.91 s
2026-07-01 19:22:16.043467: 
2026-07-01 19:22:16.044065: Epoch 171
2026-07-01 19:22:16.044372: Current learning rate: 0.00355
2026-07-01 19:23:00.793581: train_loss -0.4361
2026-07-01 19:23:00.794212: val_loss -0.0946
2026-07-01 19:23:00.794362: Pseudo dice [np.float32(0.6685)]
2026-07-01 19:23:00.794532: Epoch time: 44.75 s
2026-07-01 19:23:02.597579: 
2026-07-01 19:23:02.598002: Epoch 172
2026-07-01 19:23:02.598183: Current learning rate: 0.00351
2026-07-01 19:23:47.325654: train_loss -0.4431
2026-07-01 19:23:47.326054: val_loss 0.0178
2026-07-01 19:23:47.326195: Pseudo dice [np.float32(0.6073)]
2026-07-01 19:23:47.326363: Epoch time: 44.73 s
2026-07-01 19:23:49.089803: 
2026-07-01 19:23:49.090201: Epoch 173
2026-07-01 19:23:49.090384: Current learning rate: 0.00346
2026-07-01 19:24:33.775288: train_loss -0.4549
2026-07-01 19:24:33.775713: val_loss -0.0628
2026-07-01 19:24:33.775863: Pseudo dice [np.float32(0.648)]
2026-07-01 19:24:33.776037: Epoch time: 44.69 s
2026-07-01 19:24:35.542019: 
2026-07-01 19:24:35.542541: Epoch 174
2026-07-01 19:24:35.542839: Current learning rate: 0.00342
2026-07-01 19:25:20.205479: train_loss -0.4452
2026-07-01 19:25:20.205981: val_loss -0.0396
2026-07-01 19:25:20.206140: Pseudo dice [np.float32(0.6254)]
2026-07-01 19:25:20.206319: Epoch time: 44.67 s
2026-07-01 19:25:21.971548: 
2026-07-01 19:25:21.971928: Epoch 175
2026-07-01 19:25:21.972121: Current learning rate: 0.00338
2026-07-01 19:26:06.691350: train_loss -0.4482
2026-07-01 19:26:06.694623: val_loss -0.0413
2026-07-01 19:26:06.694798: Pseudo dice [np.float32(0.6448)]
2026-07-01 19:26:06.694970: Epoch time: 44.72 s
2026-07-01 19:26:08.467190: 
2026-07-01 19:26:08.467743: Epoch 176
2026-07-01 19:26:08.468095: Current learning rate: 0.00334
2026-07-01 19:26:53.253939: train_loss -0.4396
2026-07-01 19:26:53.254404: val_loss -0.0591
2026-07-01 19:26:53.254567: Pseudo dice [np.float32(0.6577)]
2026-07-01 19:26:53.254739: Epoch time: 44.79 s
2026-07-01 19:26:55.032386: 
2026-07-01 19:26:55.032841: Epoch 177
2026-07-01 19:26:55.033032: Current learning rate: 0.0033
2026-07-01 19:27:39.699578: train_loss -0.4465
2026-07-01 19:27:39.700135: val_loss -0.0535
2026-07-01 19:27:39.700281: Pseudo dice [np.float32(0.6553)]
2026-07-01 19:27:39.700443: Epoch time: 44.67 s
2026-07-01 19:27:41.475451: 
2026-07-01 19:27:41.475829: Epoch 178
2026-07-01 19:27:41.476006: Current learning rate: 0.00326
2026-07-01 19:28:26.299872: train_loss -0.4489
2026-07-01 19:28:26.300341: val_loss 0.0334
2026-07-01 19:28:26.300489: Pseudo dice [np.float32(0.6332)]
2026-07-01 19:28:26.300662: Epoch time: 44.83 s
2026-07-01 19:28:28.081593: 
2026-07-01 19:28:28.082170: Epoch 179
2026-07-01 19:28:28.082447: Current learning rate: 0.00322
2026-07-01 19:29:13.065409: train_loss -0.4112
2026-07-01 19:29:13.065965: val_loss 0.0781
2026-07-01 19:29:13.066107: Pseudo dice [np.float32(0.606)]
2026-07-01 19:29:13.066283: Epoch time: 44.99 s
2026-07-01 19:29:14.849237: 
2026-07-01 19:29:14.849659: Epoch 180
2026-07-01 19:29:14.849843: Current learning rate: 0.00318
2026-07-01 19:29:59.576111: train_loss -0.4384
2026-07-01 19:29:59.576739: val_loss -0.0946
2026-07-01 19:29:59.576893: Pseudo dice [np.float32(0.6514)]
2026-07-01 19:29:59.577061: Epoch time: 44.73 s
2026-07-01 19:30:01.370583: 
2026-07-01 19:30:01.370994: Epoch 181
2026-07-01 19:30:01.371273: Current learning rate: 0.00314
2026-07-01 19:30:46.115945: train_loss -0.4475
2026-07-01 19:30:46.116614: val_loss -0.063
2026-07-01 19:30:46.116762: Pseudo dice [np.float32(0.6461)]
2026-07-01 19:30:46.116949: Epoch time: 44.75 s
2026-07-01 19:30:47.921553: 
2026-07-01 19:30:47.922323: Epoch 182
2026-07-01 19:30:47.922986: Current learning rate: 0.0031
2026-07-01 19:31:32.725354: train_loss -0.4398
2026-07-01 19:31:32.726107: val_loss 0.0246
2026-07-01 19:31:32.726263: Pseudo dice [np.float32(0.6158)]
2026-07-01 19:31:32.726469: Epoch time: 44.81 s
2026-07-01 19:31:34.562683: 
2026-07-01 19:31:34.563197: Epoch 183
2026-07-01 19:31:34.563408: Current learning rate: 0.00306
2026-07-01 19:32:19.449552: train_loss -0.4451
2026-07-01 19:32:19.450027: val_loss -0.0663
2026-07-01 19:32:19.450181: Pseudo dice [np.float32(0.6362)]
2026-07-01 19:32:19.450392: Epoch time: 44.89 s
2026-07-01 19:32:21.253026: 
2026-07-01 19:32:21.253832: Epoch 184
2026-07-01 19:32:21.254397: Current learning rate: 0.00302
2026-07-01 19:33:05.881650: train_loss -0.4627
2026-07-01 19:33:05.882382: val_loss -0.0071
2026-07-01 19:33:05.882543: Pseudo dice [np.float32(0.6282)]
2026-07-01 19:33:05.882752: Epoch time: 44.63 s
2026-07-01 19:33:07.690625: 
2026-07-01 19:33:07.691103: Epoch 185
2026-07-01 19:33:07.691297: Current learning rate: 0.00297
2026-07-01 19:33:52.587760: train_loss -0.459
2026-07-01 19:33:52.588406: val_loss 0.008
2026-07-01 19:33:52.588551: Pseudo dice [np.float32(0.6299)]
2026-07-01 19:33:52.591305: Epoch time: 44.9 s
2026-07-01 19:33:54.420950: 
2026-07-01 19:33:54.421783: Epoch 186
2026-07-01 19:33:54.422435: Current learning rate: 0.00293
2026-07-01 19:34:39.315081: train_loss -0.4462
2026-07-01 19:34:39.318400: val_loss 0.0963
2026-07-01 19:34:39.318560: Pseudo dice [np.float32(0.6146)]
2026-07-01 19:34:39.318785: Epoch time: 44.9 s
2026-07-01 19:34:41.122673: 
2026-07-01 19:34:41.123466: Epoch 187
2026-07-01 19:34:41.124042: Current learning rate: 0.00289
2026-07-01 19:35:26.110282: train_loss -0.4398
2026-07-01 19:35:26.110792: val_loss -0.0294
2026-07-01 19:35:26.110938: Pseudo dice [np.float32(0.6305)]
2026-07-01 19:35:26.111114: Epoch time: 44.99 s
2026-07-01 19:35:28.291105: 
2026-07-01 19:35:28.291588: Epoch 188
2026-07-01 19:35:28.291779: Current learning rate: 0.00285
2026-07-01 19:36:12.976410: train_loss -0.4436
2026-07-01 19:36:12.977196: val_loss -0.0783
2026-07-01 19:36:12.977346: Pseudo dice [np.float32(0.6466)]
2026-07-01 19:36:12.977514: Epoch time: 44.69 s
2026-07-01 19:36:14.770032: 
2026-07-01 19:36:14.770540: Epoch 189
2026-07-01 19:36:14.770810: Current learning rate: 0.00281
2026-07-01 19:36:59.419101: train_loss -0.4557
2026-07-01 19:36:59.419593: val_loss -0.0158
2026-07-01 19:36:59.419739: Pseudo dice [np.float32(0.6456)]
2026-07-01 19:36:59.419924: Epoch time: 44.65 s
2026-07-01 19:37:01.198837: 
2026-07-01 19:37:01.199226: Epoch 190
2026-07-01 19:37:01.199452: Current learning rate: 0.00277
2026-07-01 19:37:45.900014: train_loss -0.4544
2026-07-01 19:37:45.900519: val_loss -0.0318
2026-07-01 19:37:45.900669: Pseudo dice [np.float32(0.643)]
2026-07-01 19:37:45.900848: Epoch time: 44.7 s
2026-07-01 19:37:47.690803: 
2026-07-01 19:37:47.691295: Epoch 191
2026-07-01 19:37:47.691493: Current learning rate: 0.00273
2026-07-01 19:38:32.661503: train_loss -0.4485
2026-07-01 19:38:32.662178: val_loss -0.0181
2026-07-01 19:38:32.662324: Pseudo dice [np.float32(0.6345)]
2026-07-01 19:38:32.662499: Epoch time: 44.97 s
2026-07-01 19:38:34.491096: 
2026-07-01 19:38:34.492231: Epoch 192
2026-07-01 19:38:34.492456: Current learning rate: 0.00268
2026-07-01 19:39:19.486396: train_loss -0.4629
2026-07-01 19:39:19.489537: val_loss -0.0203
2026-07-01 19:39:19.489690: Pseudo dice [np.float32(0.6365)]
2026-07-01 19:39:19.489865: Epoch time: 45.0 s
2026-07-01 19:39:21.303594: 
2026-07-01 19:39:21.304201: Epoch 193
2026-07-01 19:39:21.304567: Current learning rate: 0.00264
2026-07-01 19:40:06.154048: train_loss -0.4493
2026-07-01 19:40:06.154555: val_loss -0.0025
2026-07-01 19:40:06.154714: Pseudo dice [np.float32(0.6307)]
2026-07-01 19:40:06.154923: Epoch time: 44.85 s
2026-07-01 19:40:07.949248: 
2026-07-01 19:40:07.949610: Epoch 194
2026-07-01 19:40:07.949803: Current learning rate: 0.0026
2026-07-01 19:40:52.695927: train_loss -0.4669
2026-07-01 19:40:52.696567: val_loss -0.0178
2026-07-01 19:40:52.696707: Pseudo dice [np.float32(0.6354)]
2026-07-01 19:40:52.696889: Epoch time: 44.75 s
2026-07-01 19:40:54.501510: 
2026-07-01 19:40:54.501915: Epoch 195
2026-07-01 19:40:54.502103: Current learning rate: 0.00256
2026-07-01 19:41:39.416111: train_loss -0.4673
2026-07-01 19:41:39.416697: val_loss -0.0765
2026-07-01 19:41:39.416867: Pseudo dice [np.float32(0.6471)]
2026-07-01 19:41:39.417053: Epoch time: 44.92 s
2026-07-01 19:41:41.233375: 
2026-07-01 19:41:41.233990: Epoch 196
2026-07-01 19:41:41.234284: Current learning rate: 0.00252
2026-07-01 19:42:26.155644: train_loss -0.4681
2026-07-01 19:42:26.156094: val_loss 0.0425
2026-07-01 19:42:26.156243: Pseudo dice [np.float32(0.6306)]
2026-07-01 19:42:26.156413: Epoch time: 44.93 s
2026-07-01 19:42:28.323952: 
2026-07-01 19:42:28.324500: Epoch 197
2026-07-01 19:42:28.324790: Current learning rate: 0.00248
2026-07-01 19:43:13.056495: train_loss -0.4615
2026-07-01 19:43:13.057043: val_loss -0.0522
2026-07-01 19:43:13.057187: Pseudo dice [np.float32(0.6543)]
2026-07-01 19:43:13.057361: Epoch time: 44.74 s
2026-07-01 19:43:14.864485: 
2026-07-01 19:43:14.864955: Epoch 198
2026-07-01 19:43:14.865126: Current learning rate: 0.00243
2026-07-01 19:43:59.578465: train_loss -0.4406
2026-07-01 19:43:59.578982: val_loss -0.0305
2026-07-01 19:43:59.579123: Pseudo dice [np.float32(0.6391)]
2026-07-01 19:43:59.579300: Epoch time: 44.72 s
2026-07-01 19:44:01.388359: 
2026-07-01 19:44:01.388869: Epoch 199
2026-07-01 19:44:01.389102: Current learning rate: 0.00239
2026-07-01 19:44:46.116481: train_loss -0.4535
2026-07-01 19:44:46.117118: val_loss -0.0788
2026-07-01 19:44:46.117272: Pseudo dice [np.float32(0.6466)]
2026-07-01 19:44:46.117441: Epoch time: 44.73 s
2026-07-01 19:44:48.503739: 
2026-07-01 19:44:48.504225: Epoch 200
2026-07-01 19:44:48.504417: Current learning rate: 0.00235
2026-07-01 19:45:33.227060: train_loss -0.4515
2026-07-01 19:45:33.227557: val_loss -0.0817
2026-07-01 19:45:33.227694: Pseudo dice [np.float32(0.6552)]
2026-07-01 19:45:33.227872: Epoch time: 44.73 s
2026-07-01 19:45:35.031029: 
2026-07-01 19:45:35.031415: Epoch 201
2026-07-01 19:45:35.031681: Current learning rate: 0.00231
2026-07-01 19:46:19.790898: train_loss -0.4644
2026-07-01 19:46:19.791479: val_loss -0.063
2026-07-01 19:46:19.791622: Pseudo dice [np.float32(0.6463)]
2026-07-01 19:46:19.791802: Epoch time: 44.76 s
2026-07-01 19:46:21.596747: 
2026-07-01 19:46:21.597228: Epoch 202
2026-07-01 19:46:21.597404: Current learning rate: 0.00226
2026-07-01 19:47:06.428575: train_loss -0.4586
2026-07-01 19:47:06.429357: val_loss -0.0309
2026-07-01 19:47:06.429516: Pseudo dice [np.float32(0.6393)]
2026-07-01 19:47:06.429692: Epoch time: 44.83 s
2026-07-01 19:47:08.235454: 
2026-07-01 19:47:08.235944: Epoch 203
2026-07-01 19:47:08.236241: Current learning rate: 0.00222
2026-07-01 19:47:52.972728: train_loss -0.4638
2026-07-01 19:47:52.973366: val_loss -0.0336
2026-07-01 19:47:52.973511: Pseudo dice [np.float32(0.6366)]
2026-07-01 19:47:52.973687: Epoch time: 44.74 s
2026-07-01 19:47:54.781152: 
2026-07-01 19:47:54.781534: Epoch 204
2026-07-01 19:47:54.781698: Current learning rate: 0.00218
2026-07-01 19:48:39.444168: train_loss -0.4694
2026-07-01 19:48:39.444921: val_loss -0.0424
2026-07-01 19:48:39.445097: Pseudo dice [np.float32(0.649)]
2026-07-01 19:48:39.445281: Epoch time: 44.67 s
2026-07-01 19:48:41.642661: 
2026-07-01 19:48:41.643205: Epoch 205
2026-07-01 19:48:41.643513: Current learning rate: 0.00214
2026-07-01 19:49:26.452900: train_loss -0.4597
2026-07-01 19:49:26.453436: val_loss -0.0487
2026-07-01 19:49:26.453588: Pseudo dice [np.float32(0.648)]
2026-07-01 19:49:26.453759: Epoch time: 44.81 s
2026-07-01 19:49:28.201458: 
2026-07-01 19:49:28.201965: Epoch 206
2026-07-01 19:49:28.202237: Current learning rate: 0.00209
2026-07-01 19:50:13.037529: train_loss -0.4606
2026-07-01 19:50:13.038043: val_loss -0.04
2026-07-01 19:50:13.038186: Pseudo dice [np.float32(0.6379)]
2026-07-01 19:50:13.038358: Epoch time: 44.84 s
2026-07-01 19:50:14.793296: 
2026-07-01 19:50:14.793711: Epoch 207
2026-07-01 19:50:14.793892: Current learning rate: 0.00205
2026-07-01 19:50:59.469790: train_loss -0.4575
2026-07-01 19:50:59.470257: val_loss -0.009
2026-07-01 19:50:59.470400: Pseudo dice [np.float32(0.6293)]
2026-07-01 19:50:59.470571: Epoch time: 44.68 s
2026-07-01 19:51:01.219300: 
2026-07-01 19:51:01.219666: Epoch 208
2026-07-01 19:51:01.219872: Current learning rate: 0.00201
2026-07-01 19:51:46.189305: train_loss -0.4553
2026-07-01 19:51:46.189840: val_loss -0.0577
2026-07-01 19:51:46.189984: Pseudo dice [np.float32(0.6417)]
2026-07-01 19:51:46.190156: Epoch time: 44.97 s
2026-07-01 19:51:47.941596: 
2026-07-01 19:51:47.941992: Epoch 209
2026-07-01 19:51:47.942264: Current learning rate: 0.00196
2026-07-01 19:52:32.699170: train_loss -0.4475
2026-07-01 19:52:32.699629: val_loss -0.0245
2026-07-01 19:52:32.699794: Pseudo dice [np.float32(0.6424)]
2026-07-01 19:52:32.699968: Epoch time: 44.76 s
2026-07-01 19:52:34.450779: 
2026-07-01 19:52:34.451254: Epoch 210
2026-07-01 19:52:34.451445: Current learning rate: 0.00192
2026-07-01 19:53:19.156576: train_loss -0.4759
2026-07-01 19:53:19.157175: val_loss -0.0442
2026-07-01 19:53:19.157342: Pseudo dice [np.float32(0.6481)]
2026-07-01 19:53:19.157521: Epoch time: 44.71 s
2026-07-01 19:53:20.916698: 
2026-07-01 19:53:20.917186: Epoch 211
2026-07-01 19:53:20.917472: Current learning rate: 0.00188
2026-07-01 19:54:05.900271: train_loss -0.4533
2026-07-01 19:54:05.900713: val_loss -0.0218
2026-07-01 19:54:05.900867: Pseudo dice [np.float32(0.6259)]
2026-07-01 19:54:05.901040: Epoch time: 44.99 s
2026-07-01 19:54:07.656918: 
2026-07-01 19:54:07.657348: Epoch 212
2026-07-01 19:54:07.657563: Current learning rate: 0.00184
2026-07-01 19:54:52.725219: train_loss -0.4763
2026-07-01 19:54:52.725713: val_loss -0.0274
2026-07-01 19:54:52.725863: Pseudo dice [np.float32(0.6454)]
2026-07-01 19:54:52.726039: Epoch time: 45.07 s
2026-07-01 19:54:54.493851: 
2026-07-01 19:54:54.494231: Epoch 213
2026-07-01 19:54:54.494412: Current learning rate: 0.00179
2026-07-01 19:55:39.378875: train_loss -0.4582
2026-07-01 19:55:39.379562: val_loss -0.0849
2026-07-01 19:55:39.379709: Pseudo dice [np.float32(0.6511)]
2026-07-01 19:55:39.379887: Epoch time: 44.89 s
2026-07-01 19:55:41.522945: 
2026-07-01 19:55:41.523669: Epoch 214
2026-07-01 19:55:41.524011: Current learning rate: 0.00175
2026-07-01 19:56:26.289834: train_loss -0.4543
2026-07-01 19:56:26.290315: val_loss -0.0621
2026-07-01 19:56:26.290456: Pseudo dice [np.float32(0.6439)]
2026-07-01 19:56:26.290624: Epoch time: 44.77 s
2026-07-01 19:56:28.024482: 
2026-07-01 19:56:28.025054: Epoch 215
2026-07-01 19:56:28.025349: Current learning rate: 0.0017
2026-07-01 19:57:12.831967: train_loss -0.474
2026-07-01 19:57:12.832375: val_loss -0.0203
2026-07-01 19:57:12.832519: Pseudo dice [np.float32(0.6369)]
2026-07-01 19:57:12.832691: Epoch time: 44.81 s
2026-07-01 19:57:14.571084: 
2026-07-01 19:57:14.571406: Epoch 216
2026-07-01 19:57:14.571574: Current learning rate: 0.00166
2026-07-01 19:57:59.425569: train_loss -0.4683
2026-07-01 19:57:59.426219: val_loss -0.0091
2026-07-01 19:57:59.426376: Pseudo dice [np.float32(0.6361)]
2026-07-01 19:57:59.426545: Epoch time: 44.86 s
2026-07-01 19:58:01.159280: 
2026-07-01 19:58:01.160392: Epoch 217
2026-07-01 19:58:01.160618: Current learning rate: 0.00162
2026-07-01 19:58:45.977737: train_loss -0.4551
2026-07-01 19:58:45.978255: val_loss 0.0194
2026-07-01 19:58:45.978414: Pseudo dice [np.float32(0.6242)]
2026-07-01 19:58:45.978586: Epoch time: 44.82 s
2026-07-01 19:58:47.710610: 
2026-07-01 19:58:47.710974: Epoch 218
2026-07-01 19:58:47.711149: Current learning rate: 0.00157
2026-07-01 19:59:32.460748: train_loss -0.4756
2026-07-01 19:59:32.461354: val_loss -0.0176
2026-07-01 19:59:32.461495: Pseudo dice [np.float32(0.65)]
2026-07-01 19:59:32.461668: Epoch time: 44.75 s
2026-07-01 19:59:34.198050: 
2026-07-01 19:59:34.198530: Epoch 219
2026-07-01 19:59:34.198731: Current learning rate: 0.00153
2026-07-01 20:00:19.042978: train_loss -0.4698
2026-07-01 20:00:19.043502: val_loss -0.0474
2026-07-01 20:00:19.043648: Pseudo dice [np.float32(0.6375)]
2026-07-01 20:00:19.043828: Epoch time: 44.85 s
2026-07-01 20:00:20.777801: 
2026-07-01 20:00:20.778202: Epoch 220
2026-07-01 20:00:20.778367: Current learning rate: 0.00148
2026-07-01 20:01:05.647338: train_loss -0.4649
2026-07-01 20:01:05.647907: val_loss -0.0894
2026-07-01 20:01:05.648051: Pseudo dice [np.float32(0.6442)]
2026-07-01 20:01:05.648216: Epoch time: 44.87 s
2026-07-01 20:01:07.389455: 
2026-07-01 20:01:07.389838: Epoch 221
2026-07-01 20:01:07.390253: Current learning rate: 0.00144
2026-07-01 20:01:52.178917: train_loss -0.4655
2026-07-01 20:01:52.179368: val_loss -0.06
2026-07-01 20:01:52.179515: Pseudo dice [np.float32(0.6501)]
2026-07-01 20:01:52.179699: Epoch time: 44.79 s
2026-07-01 20:01:53.915357: 
2026-07-01 20:01:53.915898: Epoch 222
2026-07-01 20:01:53.916172: Current learning rate: 0.00139
2026-07-01 20:02:38.682127: train_loss -0.4659
2026-07-01 20:02:38.682557: val_loss -0.0489
2026-07-01 20:02:38.682702: Pseudo dice [np.float32(0.6478)]
2026-07-01 20:02:38.682882: Epoch time: 44.77 s
2026-07-01 20:02:40.422984: 
2026-07-01 20:02:40.423465: Epoch 223
2026-07-01 20:02:40.423748: Current learning rate: 0.00135
2026-07-01 20:03:25.151222: train_loss -0.4691
2026-07-01 20:03:25.151831: val_loss -0.0483
2026-07-01 20:03:25.151979: Pseudo dice [np.float32(0.6434)]
2026-07-01 20:03:25.152152: Epoch time: 44.73 s
2026-07-01 20:03:27.266140: 
2026-07-01 20:03:27.266669: Epoch 224
2026-07-01 20:03:27.266961: Current learning rate: 0.0013
2026-07-01 20:04:12.098117: train_loss -0.4573
2026-07-01 20:04:12.098581: val_loss -0.0593
2026-07-01 20:04:12.098727: Pseudo dice [np.float32(0.648)]
2026-07-01 20:04:12.098902: Epoch time: 44.84 s
2026-07-01 20:04:13.837548: 
2026-07-01 20:04:13.838093: Epoch 225
2026-07-01 20:04:13.838370: Current learning rate: 0.00126
2026-07-01 20:04:58.685527: train_loss -0.4747
2026-07-01 20:04:58.686012: val_loss -0.0376
2026-07-01 20:04:58.686152: Pseudo dice [np.float32(0.6608)]
2026-07-01 20:04:58.686323: Epoch time: 44.85 s
2026-07-01 20:05:00.423953: 
2026-07-01 20:05:00.424435: Epoch 226
2026-07-01 20:05:00.424675: Current learning rate: 0.00121
2026-07-01 20:05:45.095907: train_loss -0.4543
2026-07-01 20:05:45.096350: val_loss -0.0765
2026-07-01 20:05:45.096485: Pseudo dice [np.float32(0.645)]
2026-07-01 20:05:45.096653: Epoch time: 44.68 s
2026-07-01 20:05:46.837954: 
2026-07-01 20:05:46.838339: Epoch 227
2026-07-01 20:05:46.838612: Current learning rate: 0.00117
2026-07-01 20:06:31.546194: train_loss -0.4527
2026-07-01 20:06:31.546844: val_loss -0.0966
2026-07-01 20:06:31.547014: Pseudo dice [np.float32(0.6621)]
2026-07-01 20:06:31.547193: Epoch time: 44.71 s
2026-07-01 20:06:33.290082: 
2026-07-01 20:06:33.290457: Epoch 228
2026-07-01 20:06:33.290646: Current learning rate: 0.00112
2026-07-01 20:07:17.987307: train_loss -0.4752
2026-07-01 20:07:17.987791: val_loss -0.0468
2026-07-01 20:07:17.987939: Pseudo dice [np.float32(0.6439)]
2026-07-01 20:07:17.988121: Epoch time: 44.7 s
2026-07-01 20:07:19.727276: 
2026-07-01 20:07:19.727882: Epoch 229
2026-07-01 20:07:19.728088: Current learning rate: 0.00108
2026-07-01 20:08:04.469114: train_loss -0.4595
2026-07-01 20:08:04.469731: val_loss -0.0028
2026-07-01 20:08:04.469881: Pseudo dice [np.float32(0.6447)]
2026-07-01 20:08:04.470054: Epoch time: 44.74 s
2026-07-01 20:08:06.227844: 
2026-07-01 20:08:06.228314: Epoch 230
2026-07-01 20:08:06.228516: Current learning rate: 0.00103
2026-07-01 20:08:51.204219: train_loss -0.4704
2026-07-01 20:08:51.204734: val_loss -0.0488
2026-07-01 20:08:51.204889: Pseudo dice [np.float32(0.6441)]
2026-07-01 20:08:51.205064: Epoch time: 44.98 s
2026-07-01 20:08:52.964769: 
2026-07-01 20:08:52.965286: Epoch 231
2026-07-01 20:08:52.965585: Current learning rate: 0.00098
2026-07-01 20:09:37.901025: train_loss -0.4653
2026-07-01 20:09:37.901462: val_loss -0.0242
2026-07-01 20:09:37.901599: Pseudo dice [np.float32(0.6478)]
2026-07-01 20:09:37.901780: Epoch time: 44.94 s
2026-07-01 20:09:39.646533: 
2026-07-01 20:09:39.647030: Epoch 232
2026-07-01 20:09:39.647333: Current learning rate: 0.00094
2026-07-01 20:10:24.492770: train_loss -0.4633
2026-07-01 20:10:24.493435: val_loss -0.0215
2026-07-01 20:10:24.493588: Pseudo dice [np.float32(0.6524)]
2026-07-01 20:10:24.493760: Epoch time: 44.85 s
2026-07-01 20:10:26.605279: 
2026-07-01 20:10:26.605898: Epoch 233
2026-07-01 20:10:26.606208: Current learning rate: 0.00089
2026-07-01 20:11:11.426061: train_loss -0.4614
2026-07-01 20:11:11.426650: val_loss -0.0092
2026-07-01 20:11:11.426808: Pseudo dice [np.float32(0.6508)]
2026-07-01 20:11:11.426990: Epoch time: 44.82 s
2026-07-01 20:11:13.174569: 
2026-07-01 20:11:13.174986: Epoch 234
2026-07-01 20:11:13.175223: Current learning rate: 0.00084
2026-07-01 20:11:58.085567: train_loss -0.4794
2026-07-01 20:11:58.086162: val_loss -0.0009
2026-07-01 20:11:58.086311: Pseudo dice [np.float32(0.6406)]
2026-07-01 20:11:58.086486: Epoch time: 44.91 s
2026-07-01 20:11:59.878399: 
2026-07-01 20:11:59.879044: Epoch 235
2026-07-01 20:11:59.879378: Current learning rate: 0.00079
2026-07-01 20:12:44.905182: train_loss -0.462
2026-07-01 20:12:44.905660: val_loss -0.1085
2026-07-01 20:12:44.905811: Pseudo dice [np.float32(0.6615)]
2026-07-01 20:12:44.905986: Epoch time: 45.03 s
2026-07-01 20:12:46.656460: 
2026-07-01 20:12:46.657017: Epoch 236
2026-07-01 20:12:46.657210: Current learning rate: 0.00075
2026-07-01 20:13:31.290081: train_loss -0.4608
2026-07-01 20:13:31.290510: val_loss -0.1095
2026-07-01 20:13:31.290648: Pseudo dice [np.float32(0.6669)]
2026-07-01 20:13:31.290832: Epoch time: 44.64 s
2026-07-01 20:13:33.029399: 
2026-07-01 20:13:33.029928: Epoch 237
2026-07-01 20:13:33.030193: Current learning rate: 0.0007
2026-07-01 20:14:17.810422: train_loss -0.4549
2026-07-01 20:14:17.810895: val_loss -0.0363
2026-07-01 20:14:17.811036: Pseudo dice [np.float32(0.6302)]
2026-07-01 20:14:17.811206: Epoch time: 44.78 s
2026-07-01 20:14:19.552091: 
2026-07-01 20:14:19.552492: Epoch 238
2026-07-01 20:14:19.552761: Current learning rate: 0.00065
2026-07-01 20:15:04.486100: train_loss -0.4605
2026-07-01 20:15:04.486579: val_loss -0.0317
2026-07-01 20:15:04.486718: Pseudo dice [np.float32(0.6492)]
2026-07-01 20:15:04.486899: Epoch time: 44.94 s
2026-07-01 20:15:06.234853: 
2026-07-01 20:15:06.235331: Epoch 239
2026-07-01 20:15:06.235507: Current learning rate: 0.0006
2026-07-01 20:15:51.236866: train_loss -0.4723
2026-07-01 20:15:51.237461: val_loss -0.0312
2026-07-01 20:15:51.237606: Pseudo dice [np.float32(0.6471)]
2026-07-01 20:15:51.237782: Epoch time: 45.0 s
2026-07-01 20:15:53.014293: 
2026-07-01 20:15:53.014805: Epoch 240
2026-07-01 20:15:53.015000: Current learning rate: 0.00055
2026-07-01 20:16:38.115145: train_loss -0.4754
2026-07-01 20:16:38.115596: val_loss -0.0369
2026-07-01 20:16:38.115759: Pseudo dice [np.float32(0.6567)]
2026-07-01 20:16:38.116037: Epoch time: 45.1 s
2026-07-01 20:16:39.862450: 
2026-07-01 20:16:39.862797: Epoch 241
2026-07-01 20:16:39.862974: Current learning rate: 0.0005
2026-07-01 20:17:24.737863: train_loss -0.4537
2026-07-01 20:17:24.738369: val_loss -0.0873
2026-07-01 20:17:24.738514: Pseudo dice [np.float32(0.6545)]
2026-07-01 20:17:24.738691: Epoch time: 44.88 s
2026-07-01 20:17:26.502040: 
2026-07-01 20:17:26.502482: Epoch 242
2026-07-01 20:17:26.503539: Current learning rate: 0.00045
2026-07-01 20:18:11.829954: train_loss -0.4746
2026-07-01 20:18:11.830465: val_loss -0.0382
2026-07-01 20:18:11.830611: Pseudo dice [np.float32(0.6351)]
2026-07-01 20:18:11.830793: Epoch time: 45.33 s
2026-07-01 20:18:13.632380: 
2026-07-01 20:18:13.632869: Epoch 243
2026-07-01 20:18:13.633221: Current learning rate: 0.0004
2026-07-01 20:18:58.602604: train_loss -0.4674
2026-07-01 20:18:58.603223: val_loss -0.0646
2026-07-01 20:18:58.603398: Pseudo dice [np.float32(0.6397)]
2026-07-01 20:18:58.603601: Epoch time: 44.97 s
2026-07-01 20:19:00.377932: 
2026-07-01 20:19:00.378441: Epoch 244
2026-07-01 20:19:00.378655: Current learning rate: 0.00035
2026-07-01 20:19:45.300840: train_loss -0.4559
2026-07-01 20:19:45.301368: val_loss -0.0498
2026-07-01 20:19:45.301513: Pseudo dice [np.float32(0.6594)]
2026-07-01 20:19:45.301691: Epoch time: 44.93 s
2026-07-01 20:19:47.085794: 
2026-07-01 20:19:47.086320: Epoch 245
2026-07-01 20:19:47.086579: Current learning rate: 0.0003
2026-07-01 20:20:32.003657: train_loss -0.4567
2026-07-01 20:20:32.004179: val_loss -0.0672
2026-07-01 20:20:32.004337: Pseudo dice [np.float32(0.6502)]
2026-07-01 20:20:32.004504: Epoch time: 44.92 s
2026-07-01 20:20:33.766054: 
2026-07-01 20:20:33.766407: Epoch 246
2026-07-01 20:20:33.766602: Current learning rate: 0.00024
2026-07-01 20:21:18.581753: train_loss -0.4731
2026-07-01 20:21:18.582262: val_loss -0.0274
2026-07-01 20:21:18.582408: Pseudo dice [np.float32(0.6335)]
2026-07-01 20:21:18.582576: Epoch time: 44.82 s
2026-07-01 20:21:20.350992: 
2026-07-01 20:21:20.351486: Epoch 247
2026-07-01 20:21:20.351673: Current learning rate: 0.00019
2026-07-01 20:22:05.134569: train_loss -0.4736
2026-07-01 20:22:05.135173: val_loss -0.075
2026-07-01 20:22:05.135317: Pseudo dice [np.float32(0.6479)]
2026-07-01 20:22:05.135494: Epoch time: 44.79 s
2026-07-01 20:22:06.910975: 
2026-07-01 20:22:06.911319: Epoch 248
2026-07-01 20:22:06.911531: Current learning rate: 0.00013
2026-07-01 20:22:51.831499: train_loss -0.4701
2026-07-01 20:22:51.832062: val_loss -0.028
2026-07-01 20:22:51.832203: Pseudo dice [np.float32(0.6502)]
2026-07-01 20:22:51.832370: Epoch time: 44.92 s
2026-07-01 20:22:53.613392: 
2026-07-01 20:22:53.613999: Epoch 249
2026-07-01 20:22:53.614371: Current learning rate: 7e-05
2026-07-01 20:23:38.487803: train_loss -0.4528
2026-07-01 20:23:38.488353: val_loss -0.0657
2026-07-01 20:23:38.488516: Pseudo dice [np.float32(0.6288)]
2026-07-01 20:23:38.488702: Epoch time: 44.88 s
2026-07-01 20:23:41.036893: Training done.
2026-07-01 20:23:41.118742: Using splits from existing split file: /gpfs/data/ravenlab/micmac/nnUNet_preprocessed/Dataset005_BinaryTask/splits_final.json
2026-07-01 20:23:41.119128: The split file contains 5 splits.
2026-07-01 20:23:41.119231: Desired fold for training: 1
2026-07-01 20:23:41.119321: This split has 18 training and 5 validation cases.
2026-07-01 20:23:41.119520: predicting 41759_11right
2026-07-01 20:23:41.133561: 41759_11right, shape torch.Size([1, 1, 1055, 1543]), rank 0
2026-07-01 20:23:46.845838: predicting 41759_47left
2026-07-01 20:23:46.885833: 41759_47left, shape torch.Size([1, 1, 2016, 2201]), rank 0
2026-07-01 20:23:47.953485: predicting 41759_62_claus
2026-07-01 20:23:47.991856: 41759_62_claus, shape torch.Size([1, 1, 2240, 2251]), rank 0
2026-07-01 20:23:49.403654: predicting 41759_G_078_slice_2_1
2026-07-01 20:23:49.726634: 41759_G_078_slice_2_1, shape torch.Size([1, 1, 5346, 10000]), rank 0
2026-07-01 20:24:07.086921: predicting 41759_G_090_slice_1_1
2026-07-01 20:24:07.714124: 41759_G_090_slice_1_1, shape torch.Size([1, 1, 10000, 10000]), rank 0
2026-07-01 20:25:54.398642: Validation complete
2026-07-01 20:25:54.398864: Mean Validation Dice:  0.6251589888461375
